
Note: Compatibility modes selected: hs a


Circuit: * sampler-dff-reset-clocked @ sf_125c_3.63v -- generated by sim/harness, do not edit

Doing analysis at TEMP = 125.000000 and TNOM = 27.000000

Using SPARSE 1.3 as Direct Linear Solver

Initial Transient Solution
--------------------------

Node                                   Voltage
----                                   -------
vdd                                       3.63
rst_n                                        0
clk                                          0
d                                         3.63
xdut.clkb                                 3.63
xdut.m                                    3.63
xdut.mb                                   3.63
xdut.mmid                              3.11378
xdut.mc                            1.11018e-06
xdut.s                                    3.63
q                                  4.52569e-07
xdut.qb                                   3.63
xdut.s2mid                           0.0841204
vth                                      1.815
bvth#branch                                  0
vd#branch                         -9.98465e-11
vclk#branch                                  0
vrst#branch                                  0
vdd#branch                        -2.13317e-10

 Reference value :  0.00000e+00
 Reference value :  1.55728e-07
 Reference value :  3.12028e-07
 Reference value :  4.71628e-07
 Reference value :  6.25927e-07
 Reference value :  7.85327e-07
 Reference value :  9.45927e-07
 Reference value :  1.10433e-06
 Reference value :  1.27063e-06
 Reference value :  1.44233e-06
 Reference value :  1.59843e-06
 Reference value :  1.75463e-06
 Reference value :  1.92013e-06
 Reference value :  2.08393e-06
 Reference value :  2.25063e-06
 Reference value :  2.41293e-06
 Reference value :  2.56753e-06
 Reference value :  2.72583e-06
 Reference value :  2.88283e-06
 Reference value :  3.03953e-06
 Reference value :  3.19533e-06
 Reference value :  3.35433e-06
 Reference value :  3.51133e-06
 Reference value :  3.66946e-06
 Reference value :  3.83176e-06
 Reference value :  3.99376e-06
 Reference value :  4.15482e-06
 Reference value :  4.31522e-06
 Reference value :  4.47692e-06
 Reference value :  4.63020e-06
 Reference value :  4.80770e-06
 Reference value :  5.03265e-06
 Reference value :  5.19345e-06
 Reference value :  5.35265e-06
 Reference value :  5.51344e-06
 Reference value :  5.67724e-06
 Reference value :  5.84294e-06
No. of Data Rows : 60178
q_rst_max           =  1.41932e-01 at=  1.50000e-06
s_rst_min           =  3.08446e+00 at=  1.00000e-06
q_rel               =  2.65258e-06
q_cap               =  3.63001e+00
mb_rst_min          =  3.46960e+00 at=  1.00000e-06
m_q_rst_max_v = 1.4193180000e-01
m_q_rst_max_frac = 3.9099669421e-02
m_s_rst_min_v = 3.0844630000e+00
m_s_rst_dev_frac = 1.5028567493e-01
m_mb_rst_min_v = 3.4696040000e+00
m_q_rel_v = 2.6525800000e-06
m_q_cap_v = 3.6300090000e+00
Note: Simulation executed from .control section 

Warning: m=xx on .subckt line will override multiplier m hierarchy!

