
Note: Compatibility modes selected: hs a


Circuit: * sampler-dff-setup-hold @ fs_-40c_2.97v -- generated by sim/harness, do not edit

Doing analysis at TEMP = -40.000000 and TNOM = 27.000000

Using SPARSE 1.3 as Direct Linear Solver

Initial Transient Solution
--------------------------

Node                                   Voltage
----                                   -------
vdd                                       2.97
rst_n                                        0
clk                                          0
d                                            0
xdut.clkb                                 2.97
xdut.m                             2.70873e-08
xdut.mb                                   2.97
xdut.mmid                           0.00401776
xdut.mc                            2.71096e-08
xdut.s                                    2.97
q                                  1.35548e-08
xdut.qb                                   2.97
xdut.s2mid                          0.00401776
vth                                      1.485
bvth#branch                                  0
vd#branch                          8.91738e-12
vclk#branch                                  0
vrst#branch                                  0
vdd#branch                        -3.86715e-11

 Reference value :  0.00000e+00
 Reference value :  1.52461e-07
 Reference value :  3.08589e-07
 Reference value :  4.77989e-07
 Reference value :  6.49589e-07
 Reference value :  8.09216e-07
 Reference value :  9.78816e-07
 Reference value :  1.14572e-06
 Reference value :  1.30893e-06
 Reference value :  1.44063e-06
 Reference value :  1.57703e-06
 Reference value :  1.73223e-06
 Reference value :  1.89375e-06
 Reference value :  2.05975e-06
 Reference value :  2.23065e-06
 Reference value :  2.38836e-06
 Reference value :  2.55536e-06
 Reference value :  2.71676e-06
 Reference value :  2.88092e-06
 Reference value :  3.04352e-06
 Reference value :  3.20522e-06
 Reference value :  3.37511e-06
 Reference value :  3.54431e-06
 Reference value :  3.71061e-06
 Reference value :  3.87475e-06
 Reference value :  4.04175e-06
 Reference value :  4.21435e-06
 Reference value :  4.36909e-06
 Reference value :  4.53364e-06
 Reference value :  4.69514e-06
 Reference value :  4.86173e-06
 Reference value :  5.02313e-06
 Reference value :  5.18723e-06
 Reference value :  5.34982e-06
 Reference value :  5.51312e-06
 Reference value :  5.68312e-06
 Reference value :  5.85095e-06
 Reference value :  6.01355e-06
 Reference value :  6.17665e-06
 Reference value :  6.33169e-06
No. of Data Rows : 65273
tclk1               =  3.00001e-07
tclk2               =  1.30000e-06
tq_r1               =  3.00100e-07
tq_f1               =  1.30010e-06
q_rst               =  1.35549e-08
q_e1                =  2.97000e+00
q_e2                =  -3.16870e-06
q_e3a               =  -2.91596e-05
q_e3b               =  -3.70607e-07
q_e3c               =  -3.51185e-07
q_e4                =  2.79950e-06
q_e5a               =  2.97008e+00
q_e5b               =  2.96999e+00
q_e5c               =  2.97000e+00
q_e6                =  -3.48434e-06
q_e7a               =  2.97085e+00
q_e7b               =  2.97000e+00
q_e7c               =  2.97000e+00
m_tpd_clk_q_rise_s = 9.9300000000e-11
m_tpd_clk_q_fall_s = 1.0000000000e-10
m_q_rst_v = 1.3554950000e-08
m_q_e1_v = 2.9699990000e+00
m_q_e2_v = -3.168697000e-06
m_q_e4_v = 2.7995030000e-06
m_q_e3_1ns_v = -2.915964000e-05
m_q_e3_10ns_v = -3.706065000e-07
m_q_e3_100ns_v = -3.511845000e-07
m_q_e3_drift_v = 2.8808455500e-05
m_q_e3_rail_dev_v = -3.511844999e-07
m_q_e5_1ns_v = 2.9700800000e+00
m_q_e5_10ns_v = 2.9699940000e+00
m_q_e5_100ns_v = 2.9699990000e+00
m_q_e5_drift_v = -8.100000000e-05
m_q_e5_rail_dev_v = 1.0000010415e-06
m_q_e6_v = -3.484339000e-06
m_q_e7_1ns_v = 2.9708540000e+00
m_q_e7_10ns_v = 2.9700030000e+00
m_q_e7_100ns_v = 2.9699990000e+00
m_q_e7_drift_v = -8.550000000e-04
m_q_e7_rail_dev_v = 1.0000010415e-06
Note: Simulation executed from .control section 

Warning: m=xx on .subckt line will override multiplier m hierarchy!

