
Note: Compatibility modes selected: hs a


Circuit: * ro-inv-05stage-lownoise @ ff_-40c_3.63v -- generated by sim/harness, do not edit

Doing analysis at TEMP = -40.000000 and TNOM = 27.000000

Using SPARSE 1.3 as Direct Linear Solver

Initial Transient Solution
--------------------------

Node                                   Voltage
----                                   -------
vdd                                       3.63
n2                                        3.63
g1                                           0
n3                                 4.95679e-09
g2                                        3.63
n4                                        3.63
g3                                 4.95679e-09
n5                                 4.95679e-09
g4                                        3.63
n1                                           0
g5                                 4.95679e-09
xing                                    -1.815
xs40                                    -1.452
xs60                                    -2.178
bs60#branch                                  0
bs40#branch                                  0
bxing#branch                                 0
vn5#branch                                   0
vn4#branch                                   0
vn3#branch                                   0
vn2#branch                                   0
vn1#branch                                   0
vdd#branch                        -0.000760013

 Reference value :  2.85000e-11
 Reference value :  2.83000e-09
 Reference value :  5.47850e-09
 Reference value :  8.54450e-09
 Reference value :  1.15703e-08
 Reference value :  1.44800e-08
 Reference value :  1.74301e-08
 Reference value :  2.04455e-08
 Reference value :  2.33365e-08
 Reference value :  2.62225e-08
 Reference value :  2.88801e-08
 Reference value :  3.17307e-08
 Reference value :  3.45645e-08
 Reference value :  3.71785e-08
 Reference value :  4.00085e-08
 Reference value :  4.28207e-08
 Reference value :  4.54801e-08
 Reference value :  4.85215e-08
 Reference value :  5.14075e-08
 Reference value :  5.41603e-08
 Reference value :  5.70400e-08
 Reference value :  6.00703e-08
 Reference value :  6.29855e-08
 Reference value :  6.59492e-08
 Reference value :  6.90415e-08
 Reference value :  7.18385e-08
 Reference value :  7.49125e-08
 Reference value :  7.76965e-08
 Reference value :  8.07203e-08
 Reference value :  8.34325e-08
 Reference value :  8.64425e-08
 Reference value :  8.91507e-08
 Reference value :  9.19025e-08
 Reference value :  9.45525e-08
 Reference value :  9.74755e-08
 Reference value :  1.00250e-07
 Reference value :  1.03404e-07
 Reference value :  1.06207e-07
 Reference value :  1.09014e-07
 Reference value :  1.11829e-07
 Reference value :  1.14570e-07
 Reference value :  1.17202e-07
 Reference value :  1.20290e-07
 Reference value :  1.23216e-07
 Reference value :  1.25892e-07
 Reference value :  1.28926e-07
 Reference value :  1.31562e-07
 Reference value :  1.34366e-07
 Reference value :  1.37024e-07
 Reference value :  1.39782e-07
 Reference value :  1.42810e-07
 Reference value :  1.45554e-07
 Reference value :  1.48361e-07
 Reference value :  1.51409e-07
 Reference value :  1.54156e-07
 Reference value :  1.56871e-07
 Reference value :  1.59778e-07
 Reference value :  1.62582e-07
 Reference value :  1.65413e-07
 Reference value :  1.68665e-07
No. of Data Rows : 221009
ts40                =  1.75740e-09
ts60                =  1.77103e-09
tk                  =  4.61217e-10
tk                  =  8.95464e-10
tk                  =  1.32971e-09
tk                  =  1.76395e-09
tk                  =  2.19820e-09
tk                  =  2.63245e-09
tk                  =  3.06671e-09
tk                  =  3.50095e-09
tk                  =  3.93520e-09
tk                  =  4.36944e-09
tk                  =  4.80369e-09
tk                  =  5.23793e-09
tk                  =  5.67218e-09
tk                  =  6.10643e-09
tk                  =  6.54067e-09
tk                  =  6.97492e-09
tk                  =  7.40916e-09
tk                  =  7.84341e-09
tk                  =  8.27766e-09
tk                  =  8.71191e-09
tk                  =  9.14616e-09
tk                  =  9.58041e-09
tk                  =  1.00146e-08
tk                  =  1.04489e-08
tk                  =  1.08831e-08
tk                  =  1.13174e-08
tk                  =  1.17516e-08
tk                  =  1.21859e-08
tk                  =  1.26201e-08
tk                  =  1.30543e-08
tk                  =  1.34886e-08
tk                  =  1.39228e-08
tk                  =  1.43571e-08
tk                  =  1.47913e-08
tk                  =  1.52256e-08
tk                  =  1.56598e-08
tk                  =  1.60941e-08
tk                  =  1.65283e-08
tk                  =  1.69625e-08
tk                  =  1.73968e-08
tk                  =  1.78310e-08
tk                  =  1.82653e-08
tk                  =  1.86995e-08
tk                  =  1.91338e-08
tk                  =  1.95680e-08
tk                  =  2.00023e-08
tk                  =  2.04365e-08
tk                  =  2.08708e-08
tk                  =  2.13050e-08
tk                  =  2.17393e-08
tk                  =  2.21735e-08
tk                  =  2.26078e-08
tk                  =  2.30420e-08
tk                  =  2.34763e-08
tk                  =  2.39105e-08
tk                  =  2.43448e-08
tk                  =  2.47790e-08
tk                  =  2.52133e-08
tk                  =  2.56475e-08
tk                  =  2.60818e-08
tk                  =  2.65160e-08
tk                  =  2.69502e-08
tk                  =  2.73845e-08
tk                  =  2.78187e-08
tk                  =  2.82530e-08
tk                  =  2.86872e-08
tk                  =  2.91215e-08
tk                  =  2.95557e-08
tk                  =  2.99900e-08
tk                  =  3.04242e-08
tk                  =  3.08585e-08
tk                  =  3.12927e-08
tk                  =  3.17269e-08
tk                  =  3.21612e-08
tk                  =  3.25954e-08
tk                  =  3.30297e-08
tk                  =  3.34639e-08
tk                  =  3.38981e-08
tk                  =  3.43324e-08
tk                  =  3.47666e-08
tk                  =  3.52009e-08
tk                  =  3.56351e-08
tk                  =  3.60694e-08
tk                  =  3.65036e-08
tk                  =  3.69379e-08
tk                  =  3.73721e-08
tk                  =  3.78064e-08
tk                  =  3.82406e-08
tk                  =  3.86748e-08
tk                  =  3.91091e-08
tk                  =  3.95433e-08
tk                  =  3.99776e-08
tk                  =  4.04118e-08
tk                  =  4.08461e-08
tk                  =  4.12803e-08
tk                  =  4.17146e-08
tk                  =  4.21488e-08
tk                  =  4.25831e-08
tk                  =  4.30173e-08
tk                  =  4.34515e-08
tk                  =  4.38858e-08
tk                  =  4.43200e-08
tk                  =  4.47543e-08
tk                  =  4.51885e-08
tk                  =  4.56228e-08
tk                  =  4.60570e-08
tk                  =  4.64913e-08
tk                  =  4.69255e-08
tk                  =  4.73598e-08
tk                  =  4.77940e-08
tk                  =  4.82283e-08
tk                  =  4.86625e-08
tk                  =  4.90967e-08
tk                  =  4.95310e-08
tk                  =  4.99652e-08
tk                  =  5.03995e-08
tk                  =  5.08337e-08
tk                  =  5.12680e-08
tk                  =  5.17023e-08
tk                  =  5.21365e-08
tk                  =  5.25707e-08
tk                  =  5.30050e-08
tk                  =  5.34392e-08
tk                  =  5.38735e-08
tk                  =  5.43077e-08
tk                  =  5.47420e-08
tk                  =  5.51762e-08
tk                  =  5.56104e-08
tk                  =  5.60447e-08
m_period = 4.3424580625e-10
m_f_osc = 2.3028431953e+09
m_slew_v_per_s = 5.3241419771e+10
m_sigma_1 = 6.9862829609e-15
m_sigma_2 = 9.5365062072e-15
m_sigma_4 = 1.3305666026e-14
m_sigma_8 = 1.8562122635e-14
m_sigma_16 = 2.6659933621e-14
m_sigma_32 = 3.3055862330e-14
Note: Simulation executed from .control section 

Warning: m=xx on .subckt line will override multiplier m hierarchy!

