
Note: Compatibility modes selected: hs a


Circuit: * cinv-stage-noise @ ss_125c_3.63v -- generated by sim/harness, do not edit

Doing analysis at TEMP = 125.000000 and TNOM = 27.000000

Using SPARSE 1.3 as Direct Linear Solver

No. of Data Rows : 1
Doing analysis at TEMP = 125.000000 and TNOM = 27.000000

Using SPARSE 1.3 as Direct Linear Solver

No. of Data Rows : 81
Doing analysis at TEMP = 125.000000 and TNOM = 27.000000

Using SPARSE 1.3 as Direct Linear Solver

No. of Data Rows : 81

No. of Data Rows : 1
Doing analysis at TEMP = 125.000000 and TNOM = 27.000000

Using SPARSE 1.3 as Direct Linear Solver

No. of Data Rows : 31

No. of Data Rows : 1
m_vtrip = 1.6748149513e+00
m_vbias_n = 2.0051964509e+00
m_vbias_p = 1.0750296338e+00
m_gain_1meg = 2.0396816261e+01
m_gain_100meg = 1.7739728103e+01
m_gain_1g = 3.5659681940e+00
m_inoise_dens_1meg = 4.4423679937e-08
m_inoise_dens_10meg = 1.9335821724e-08
m_inoise_dens_100meg = 1.4057239469e-08
m_inoise_dens_1g = 1.3217988924e-08
m_inoise_dens_10g = 1.1926587574e-08
m_onoise_dens_1meg = 9.0610163732e-07
m_onoise_dens_1g = 4.7134928091e-08
m_onoise_rms_1k_100g = 5.4033491189e-03
m_onoise_rms_100meg_100g = 3.7803146771e-03
Note: Simulation executed from .control section 

Warning: m=xx on .subckt line will override multiplier m hierarchy!

