
Note: Compatibility modes selected: hs a


Circuit: * ro-inv-05stage-power @ tt_-40c_2.97v -- generated by sim/harness, do not edit

Doing analysis at TEMP = -40.000000 and TNOM = 27.000000

Using SPARSE 1.3 as Direct Linear Solver

Initial Transient Solution
--------------------------

Node                                   Voltage
----                                   -------
vdd                                       2.97
n2                                        2.97
n1                                           0
n3                                 4.10252e-09
n4                                        2.97
n5                                 4.10252e-09
q                                  4.59862e-14
xing                                    -1.485
bxing#branch                                 0
vdd#branch                        -0.000459862

 Reference value :  6.28000e-12
 Reference value :  4.10128e-09
 Reference value :  8.20628e-09
 Reference value :  1.21823e-08
 Reference value :  1.63183e-08
 Reference value :  2.02633e-08
 Reference value :  2.42113e-08
 Reference value :  2.82723e-08
 Reference value :  3.20903e-08
 Reference value :  3.59413e-08
 Reference value :  3.97773e-08
 Reference value :  4.36123e-08
No. of Data Rows : 45008
t1                  =  1.22659e-09
t2                  =  1.07486e-08
t3                  =  2.02706e-08
q1                  =  3.74131e-04
q2                  =  3.28163e-03
q3                  =  6.18913e-03
m_period = 5.9512462500e-10
m_f_osc = 1.6803203195e+09
m_i_supply_a = 3.0534587083e-04
m_p_active_w = 9.0687723638e-04
m_e_per_cycle_j = 5.3970497522e-13
m_c_eff_node_f = 1.2236959386e-14
m_i_supply_first16_a = 3.0534580032e-04
m_i_supply_last16_a = 3.0534594134e-04
Note: Simulation executed from .control section 

Warning: m=xx on .subckt line will override multiplier m hierarchy!

