
Note: Compatibility modes selected: hs a


Circuit: * sampler-dff-setup-hold @ sf_125c_2.97v -- generated by sim/harness, do not edit

Doing analysis at TEMP = 125.000000 and TNOM = 27.000000

Using SPARSE 1.3 as Direct Linear Solver

Initial Transient Solution
--------------------------

Node                                   Voltage
----                                   -------
vdd                                       2.97
rst_n                                        0
clk                                          0
d                                            0
xdut.clkb                                 2.97
xdut.m                             5.07817e-08
xdut.mb                                   2.97
xdut.mmid                            0.0715538
xdut.mc                            4.41385e-07
xdut.s                                    2.97
q                                  4.15956e-07
xdut.qb                                   2.97
xdut.s2mid                            0.071554
vth                                      1.485
bvth#branch                                  0
vd#branch                          9.09061e-12
vclk#branch                                  0
vrst#branch                                  0
vdd#branch                        -1.56726e-10

 Reference value :  0.00000e+00
 Reference value :  1.53697e-07
 Reference value :  3.11544e-07
 Reference value :  4.76244e-07
 Reference value :  6.39444e-07
 Reference value :  8.01417e-07
 Reference value :  9.64917e-07
 Reference value :  1.13452e-06
 Reference value :  1.29412e-06
 Reference value :  1.40774e-06
 Reference value :  1.52244e-06
 Reference value :  1.64274e-06
 Reference value :  1.77364e-06
 Reference value :  1.92975e-06
 Reference value :  2.09755e-06
 Reference value :  2.25885e-06
 Reference value :  2.42342e-06
 Reference value :  2.58802e-06
 Reference value :  2.75242e-06
 Reference value :  2.90972e-06
 Reference value :  3.07572e-06
 Reference value :  3.24122e-06
 Reference value :  3.40444e-06
 Reference value :  3.56774e-06
 Reference value :  3.73294e-06
 Reference value :  3.89535e-06
 Reference value :  4.05685e-06
 Reference value :  4.22195e-06
 Reference value :  4.37924e-06
 Reference value :  4.54254e-06
 Reference value :  4.70094e-06
 Reference value :  4.86195e-06
 Reference value :  5.02605e-06
 Reference value :  5.18685e-06
 Reference value :  5.34574e-06
 Reference value :  5.51024e-06
 Reference value :  5.67054e-06
 Reference value :  5.82855e-06
 Reference value :  5.99375e-06
 Reference value :  6.15875e-06
 Reference value :  6.31674e-06
 Reference value :  6.48064e-06
No. of Data Rows : 65269
tclk1               =  3.00001e-07
tclk2               =  1.30000e-06
tq_r1               =  3.00136e-07
tq_f1               =  1.30018e-06
q_rst               =  4.15956e-07
q_e1                =  2.97000e+00
q_e2                =  -2.82381e-07
q_e3a               =  5.71245e-05
q_e3b               =  -3.21397e-06
q_e3c               =  -3.03697e-06
q_e4                =  1.12466e-06
q_e5a               =  2.47111e-06
q_e5b               =  1.66932e-06
q_e5c               =  1.59403e-06
q_e6                =  1.12465e-06
q_e7a               =  2.96972e+00
q_e7b               =  2.97000e+00
q_e7c               =  2.97000e+00
m_tpd_clk_q_rise_s = 1.3540000000e-10
m_tpd_clk_q_fall_s = 1.7400000000e-10
m_q_rst_v = 4.1595620000e-07
m_q_e1_v = 2.9700010000e+00
m_q_e2_v = -2.823813000e-07
m_q_e4_v = 1.1246560000e-06
m_q_e3_1ns_v = 5.7124490000e-05
m_q_e3_10ns_v = -3.213972000e-06
m_q_e3_100ns_v = -3.036967000e-06
m_q_e3_drift_v = -6.016145700e-05
m_q_e3_rail_dev_v = -3.036967000e-06
m_q_e5_1ns_v = 2.4711100000e-06
m_q_e5_10ns_v = 1.6693170000e-06
m_q_e5_100ns_v = 1.5940270000e-06
m_q_e5_drift_v = -8.770830000e-07
m_q_e5_rail_dev_v = 1.5940270000e-06
m_q_e6_v = 1.1246500000e-06
m_q_e7_1ns_v = 2.9697230000e+00
m_q_e7_10ns_v = 2.9700010000e+00
m_q_e7_100ns_v = 2.9700010000e+00
m_q_e7_drift_v = 2.7800000000e-04
m_q_e7_rail_dev_v = -9.999989583e-07
Note: Simulation executed from .control section 

Warning: m=xx on .subckt line will override multiplier m hierarchy!

