
Note: Compatibility modes selected: hs a


Circuit: * sampler-core-idle-leakage @ ff_27c_3.30v -- generated by sim/harness, do not edit

Doing analysis at TEMP = 27.000000 and TNOM = 27.000000

Using SPARSE 1.3 as Direct Linear Solver

Initial Transient Solution
--------------------------

Node                                   Voltage
----                                   -------
vsup                                       3.3
en                                           0
rst_n                                        0
clk0                                         0
clk1                                         0
vdda                                       3.3
vddb                                       3.3
xduta.xdut.xr1.xg.py                       3.3
xduta.xdut.xr1.n1                          3.3
xduta.xdut.ro1                             3.3
xduta.xdut.xr1.xg.nm                   2.84823
xduta.xdut.xr1.xg.ny               1.77621e-07
xduta.xdut.xr1.x1.py                       3.3
xduta.xdut.xr1.n2                  1.17463e-07
xduta.xdut.xr1.x1.ny               9.99479e-08
xduta.xdut.xr1.x2.py                       3.3
xduta.xdut.xr1.n3                          3.3
xduta.xdut.xr1.x2.ny               4.27774e-07
xduta.xdut.xr1.x3.py                       3.3
xduta.xdut.xr1.n4                  1.17463e-07
xduta.xdut.xr1.x3.ny               9.99479e-08
xduta.xdut.xr1.x4.py                       3.3
xduta.xdut.xr1.n5                          3.3
xduta.xdut.xr1.x4.ny               4.27774e-07
xduta.xdut.xr1.x5.py                       3.3
xduta.xdut.xr1.n6                  1.17463e-07
xduta.xdut.xr1.x5.ny               9.99479e-08
xduta.xdut.xr1.x6.py                       3.3
xduta.xdut.xr1.n7                          3.3
xduta.xdut.xr1.x6.ny               4.27774e-07
xduta.xdut.xr1.x7.py                       3.3
xduta.xdut.xr1.n8                  1.17463e-07
xduta.xdut.xr1.x7.ny               9.99479e-08
xduta.xdut.xr1.x8.py                       3.3
xduta.xdut.xr1.n9                          3.3
xduta.xdut.xr1.x8.ny               4.27774e-07
xduta.xdut.xr1.x9.py                       3.3
xduta.xdut.xr1.n10                 1.17463e-07
xduta.xdut.xr1.x9.ny               9.99479e-08
xduta.xdut.xr1.x10.py                      3.3
xduta.xdut.xr1.x10.ny              4.27774e-07
xduta.xdut.xr2.xg.py                       3.3
xduta.xdut.xr2.n1                          3.3
xduta.xdut.ro2                             3.3
xduta.xdut.xr2.xg.nm                   2.84824
xduta.xdut.xr2.xg.ny               1.65604e-07
xduta.xdut.xr2.x1.py                       3.3
xduta.xdut.xr2.n2                    1.107e-07
xduta.xdut.xr2.x1.ny               9.31851e-08
xduta.xdut.xr2.x2.py                       3.3
xduta.xdut.xr2.n3                          3.3
xduta.xdut.xr2.x2.ny               3.98829e-07
xduta.xdut.xr2.x3.py                       3.3
xduta.xdut.xr2.n4                    1.107e-07
xduta.xdut.xr2.x3.ny               9.31851e-08
xduta.xdut.xr2.x4.py                       3.3
xduta.xdut.xr2.n5                          3.3
xduta.xdut.xr2.x4.ny               3.98829e-07
xduta.xdut.xr2.x5.py                       3.3
xduta.xdut.xr2.n6                    1.107e-07
xduta.xdut.xr2.x5.ny               9.31851e-08
xduta.xdut.xr2.x6.py                       3.3
xduta.xdut.xr2.n7                          3.3
xduta.xdut.xr2.x6.ny               3.98829e-07
xduta.xdut.xr2.x7.py                       3.3
xduta.xdut.xr2.n8                    1.107e-07
xduta.xdut.xr2.x7.ny               9.31851e-08
xduta.xdut.xr2.x8.py                       3.3
xduta.xdut.xr2.n9                          3.3
xduta.xdut.xr2.x8.ny               3.98829e-07
xduta.xdut.xr2.x9.py                       3.3
xduta.xdut.xr2.n10                   1.107e-07
xduta.xdut.xr2.x9.ny               9.31851e-08
xduta.xdut.xr2.x10.py                      3.3
xduta.xdut.xr2.x10.ny              3.98829e-07
xduta.xdut.xa1.an                  1.75148e-08
xduta.xdut.xa1.bn                  1.75148e-08
xduta.xdut.xa1.mid                    0.647256
xduta.xo                           1.67908e-07
xduta.xdut.xa1.s1                   8.3954e-08
xduta.xdut.xa1.s2                    7.674e-08
xduta.xsb.clkb                             3.3
xduta.xsb.m                        2.00724e-07
xduta.xsb.mb                               3.3
xduta.xsb.mmid                         0.08105
xduta.xsb.mc                       3.40408e-08
xduta.xsb.s                                3.3
rba                                1.75148e-08
xduta.xsb.qb                               3.3
xduta.xsb.s2mid                      0.0810497
xduta.xsv.clkb                             3.3
xduta.xsv.m                                3.3
xduta.xsv.mb                               3.3
xduta.xsv.mmid                         2.84824
xduta.xsv.mc                       1.09993e-07
xduta.xsv.s                                3.3
rva                                1.75148e-08
xduta.xsv.qb                               3.3
xduta.xsv.s2mid                      0.0810498
xdutb.xdut.xr1.xg.py                       3.3
xdutb.xdut.xr1.n1                          3.3
xdutb.xdut.ro1                             3.3
xdutb.xdut.xr1.xg.nm                   2.84823
xdutb.xdut.xr1.xg.ny               1.77621e-07
xdutb.xdut.xr1.x1.py                       3.3
xdutb.xdut.xr1.n2                  1.17463e-07
xdutb.xdut.xr1.x1.ny               9.99479e-08
xdutb.xdut.xr1.x2.py                       3.3
xdutb.xdut.xr1.n3                          3.3
xdutb.xdut.xr1.x2.ny               4.27774e-07
xdutb.xdut.xr1.x3.py                       3.3
xdutb.xdut.xr1.n4                  1.17463e-07
xdutb.xdut.xr1.x3.ny               9.99479e-08
xdutb.xdut.xr1.x4.py                       3.3
xdutb.xdut.xr1.n5                          3.3
xdutb.xdut.xr1.x4.ny               4.27774e-07
xdutb.xdut.xr1.x5.py                       3.3
xdutb.xdut.xr1.n6                  1.17463e-07
xdutb.xdut.xr1.x5.ny               9.99479e-08
xdutb.xdut.xr1.x6.py                       3.3
xdutb.xdut.xr1.n7                          3.3
xdutb.xdut.xr1.x6.ny               4.27774e-07
xdutb.xdut.xr1.x7.py                       3.3
xdutb.xdut.xr1.n8                  1.17463e-07
xdutb.xdut.xr1.x7.ny               9.99479e-08
xdutb.xdut.xr1.x8.py                       3.3
xdutb.xdut.xr1.n9                          3.3
xdutb.xdut.xr1.x8.ny               4.27774e-07
xdutb.xdut.xr1.x9.py                       3.3
xdutb.xdut.xr1.n10                 1.17463e-07
xdutb.xdut.xr1.x9.ny               9.99479e-08
xdutb.xdut.xr1.x10.py                      3.3
xdutb.xdut.xr1.x10.ny              4.27774e-07
xdutb.xdut.xr2.xg.py                       3.3
xdutb.xdut.xr2.n1                          3.3
xdutb.xdut.ro2                             3.3
xdutb.xdut.xr2.xg.nm                   2.84824
xdutb.xdut.xr2.xg.ny               1.65604e-07
xdutb.xdut.xr2.x1.py                       3.3
xdutb.xdut.xr2.n2                    1.107e-07
xdutb.xdut.xr2.x1.ny               9.31851e-08
xdutb.xdut.xr2.x2.py                       3.3
xdutb.xdut.xr2.n3                          3.3
xdutb.xdut.xr2.x2.ny               3.98829e-07
xdutb.xdut.xr2.x3.py                       3.3
xdutb.xdut.xr2.n4                    1.107e-07
xdutb.xdut.xr2.x3.ny               9.31851e-08
xdutb.xdut.xr2.x4.py                       3.3
xdutb.xdut.xr2.n5                          3.3
xdutb.xdut.xr2.x4.ny               3.98829e-07
xdutb.xdut.xr2.x5.py                       3.3
xdutb.xdut.xr2.n6                    1.107e-07
xdutb.xdut.xr2.x5.ny               9.31851e-08
xdutb.xdut.xr2.x6.py                       3.3
xdutb.xdut.xr2.n7                          3.3
xdutb.xdut.xr2.x6.ny               3.98829e-07
xdutb.xdut.xr2.x7.py                       3.3
xdutb.xdut.xr2.n8                    1.107e-07
xdutb.xdut.xr2.x7.ny               9.31851e-08
xdutb.xdut.xr2.x8.py                       3.3
xdutb.xdut.xr2.n9                          3.3
xdutb.xdut.xr2.x8.ny               3.98829e-07
xdutb.xdut.xr2.x9.py                       3.3
xdutb.xdut.xr2.n10                   1.107e-07
xdutb.xdut.xr2.x9.ny               9.31851e-08
xdutb.xdut.xr2.x10.py                      3.3
xdutb.xdut.xr2.x10.ny              3.98829e-07
xdutb.xdut.xa1.an                  1.75148e-08
xdutb.xdut.xa1.bn                  1.75148e-08
xdutb.xdut.xa1.mid                    0.647256
xdutb.xo                           1.67907e-07
xdutb.xdut.xa1.s1                  8.39533e-08
xdutb.xdut.xa1.s2                  7.67394e-08
xdutb.xsb.clkb                             3.3
xdutb.xsb.m                        2.00723e-07
xdutb.xsb.mb                               3.3
xdutb.xsb.mmid                       0.0810499
xdutb.xsb.mc                       3.40408e-08
xdutb.xsb.s                                3.3
rbb                                1.75148e-08
xdutb.xsb.qb                               3.3
xdutb.xsb.s2mid                      0.0810497
xdutb.xsv.clkb                             3.3
xdutb.xsv.m                                3.3
xdutb.xsv.mb                               3.3
xdutb.xsv.mmid                         2.84824
xdutb.xsv.mc                       1.09993e-07
xdutb.xsv.s                                3.3
rvb                                1.75148e-08
xdutb.xsv.qb                               3.3
xdutb.xsv.s2mid                      0.0810497
qa                                 -4.2798e-20
qb                                -4.27982e-20
vsb#branch                         4.27982e-10
vsa#branch                          4.2798e-10
vclk1#branch                                 0
vclk0#branch                                 0
vrst#branch                                  0
ven#branch                                   0
vsup#branch                       -8.55962e-10

 Reference value :  0.00000e+00
 Reference value :  2.14560e-08
 Reference value :  4.54560e-08
 Reference value :  6.80560e-08
 Reference value :  9.04560e-08
 Reference value :  1.05619e-07
 Reference value :  1.23019e-07
 Reference value :  1.45619e-07
 Reference value :  1.68019e-07
 Reference value :  1.91219e-07
 Reference value :  2.05539e-07
 Reference value :  2.21339e-07
 Reference value :  2.41539e-07
 Reference value :  2.64539e-07
 Reference value :  2.87939e-07
 Reference value :  3.04144e-07
 Reference value :  3.22344e-07
 Reference value :  3.45744e-07
 Reference value :  3.68144e-07
 Reference value :  3.91144e-07
 Reference value :  4.13944e-07
 Reference value :  4.37344e-07
 Reference value :  4.60744e-07
 Reference value :  4.82944e-07
 Reference value :  5.05944e-07
 Reference value :  5.28744e-07
 Reference value :  5.51944e-07
 Reference value :  5.74744e-07
 Reference value :  5.97544e-07
 Reference value :  6.21344e-07
 Reference value :  6.45144e-07
 Reference value :  6.68544e-07
 Reference value :  6.92144e-07
 Reference value :  7.15744e-07
 Reference value :  7.38344e-07
 Reference value :  7.60944e-07
 Reference value :  7.85744e-07
 Reference value :  8.08344e-07
 Reference value :  8.31144e-07
 Reference value :  8.53944e-07
 Reference value :  8.76944e-07
 Reference value :  9.00944e-07
 Reference value :  9.23144e-07
 Reference value :  9.57944e-07
 Reference value :  9.89744e-07
No. of Data Rows : 5059
qax                 =  -2.99268e-05
qa0                 =  -3.00616e-05
qa1                 =  -3.01947e-05
qbx                 =  -1.45298e-05
qb0                 =  -1.46150e-05
qb1                 =  -1.47001e-05
vro1                =  3.30000e+00
vro2                =  3.30000e+00
vxo                 =  5.87607e-07
vn1                 =  3.30000e+00
vn2                 =  1.16085e-07
vrba                =  -7.40208e-06
vrva                =  3.30000e+00
vrbb                =  1.80597e-08
vrvb                =  3.30000e+00
vsupm               =  3.30000e+00
m_i_idle_clklo_a = 6.6535000000e-10
m_i_idle_clkhi_a = 4.2570000000e-10
m_p_idle_clklo_w = 2.1956550000e-09
m_p_idle_clkhi_w = 1.4048100000e-09
m_i_idle_clklo_prev_a = 6.7410000000e-10
m_i_idle_clkhi_prev_a = 4.2575000000e-10
m_i_idle_worst_a = 6.6535000000e-10
m_p_idle_worst_w = 2.1956550000e-09
m_v_ro1_v = 3.2999980000e+00
m_v_ro2_v = 3.2999980000e+00
m_v_xo_v = 5.8760700000e-07
m_v_n1_v = 3.2999980000e+00
m_v_n2_v = 1.1608450000e-07
m_v_rawbit_clklo_v = -7.402083000e-06
m_v_rawvalid_clklo_v = 3.2999980000e+00
m_v_rawbit_clkhi_v = 1.8059670000e-08
m_v_rawvalid_clkhi_v = 3.3000000000e+00
m_v_sup_v = 3.3000000000e+00
Note: Simulation executed from .control section 

Warning: m=xx on .subckt line will override multiplier m hierarchy!

