
Note: Compatibility modes selected: hs a


Circuit: * sampler-dff-reset-current-xsb @ ff_125c_2.97v -- generated by sim/harness, do not edit

Doing analysis at TEMP = 125.000000 and TNOM = 27.000000

Using SPARSE 1.3 as Direct Linear Solver

Initial Transient Solution
--------------------------

Node                                   Voltage
----                                   -------
vdd                                       2.97
rst_n                                        0
clk                                          0
d                                            0
xdut.clkb                              2.96999
xdut.m                             4.07673e-08
xdut.mb                                   2.97
xdut.mmid                            0.0878337
xdut.mc                             6.2799e-07
xdut.s                                    2.97
q                                  6.07578e-07
xdut.qb                                   2.97
xdut.s2mid                           0.0878341
qint                                1.4381e-19
vd#branch                          9.09467e-12
vdd#branch                         -1.4472e-09
vclk#branch                                  0
vrst#branch                                  0

 Reference value :  0.00000e+00
 Reference value :  1.48805e-09
 Reference value :  2.99105e-09
 Reference value :  4.56405e-09
No. of Data Rows : 4720
qint1               =  1.67558e-06
qint2               =  1.75434e-06
qint3               =  1.78140e-06
qout_rst            =  -9.91026e-06
m_i_reset_xsb_a = 2.6454250000e-08
m_p_reset_xsb_w = 7.8569122500e-08
m_i_reset_xsb_first_a = 3.9380500000e-08
m_i_reset_xsb_last_a = 1.3528000000e-08
m_q_v = -9.910258000e-06
Note: Simulation executed from .control section 

Warning: m=xx on .subckt line will override multiplier m hierarchy!

