
Note: No compatibility mode selected!


Circuit: * klt sim -- generated corner deck, do not edit

Doing analysis at TEMP = 27.000000 and TNOM = 27.000000

Using SPARSE 1.3 as Direct Linear Solver

Initial Transient Solution
--------------------------

Node                                   Voltage
----                                   -------
vddr                                      3.63
en                                        3.63
vss                                          0
vsubs                                        0
xdut.\$15                          1.73837e-09
xdut.a|y__t0                                 0
xdut.a|y__t02                             3.63
xdut.vddr__t0                             3.63
xdut.vss__t0                       4.47482e-12
xdut.\$17                          1.24787e-07
xdut.a|y__t32                             3.63
xdut.a|y__t13                      1.46395e-07
xdut.vddr__t18                            3.63
xdut.vss__t18                      2.40556e-10
xdut.\$18                          1.73613e-09
xdut.a|y__t33                       1.4648e-07
xdut.a|y__t14                             3.63
xdut.vddr__t14                            3.63
xdut.vss__t14                      2.22379e-12
xdut.\$20                          1.24626e-07
xdut.a|y__t34                             3.63
xdut.a|y__t15                      1.46234e-07
xdut.vddr__t21                            3.63
xdut.vss__t21                      7.91175e-11
xdut.\$21                          1.73404e-09
xdut.a|y__t35                      1.46318e-07
xdut.a|y__t16                             3.63
xdut.vddr__t13                            3.63
xdut.vss__t13                      1.39325e-13
xdut.\$22                           1.2463e-07
xdut.a|y__t36                             3.63
xdut.a|y__t17                      1.46239e-07
xdut.vddr__t15                            3.63
xdut.vss__t15                       8.3887e-11
xdut.\$24                           1.7362e-09
xdut.a|y__t37                      1.46323e-07
xdut.a|y__t18                             3.63
xdut.vddr__t16                            3.63
xdut.vss__t16                      2.29055e-12
xdut.\$23                          1.24792e-07
xdut.a|y__t38                             3.63
xdut.a|y__t19                        1.464e-07
xdut.vddr__t17                            3.63
xdut.vss__t17                      2.45356e-10
xdut.\$19                          1.73845e-09
xdut.a|y__t39                      1.46485e-07
xdut.a|y__t110                            3.63
xdut.vddr__t19                            3.63
xdut.vss__t19                      4.54168e-12
xdut.\$16                          1.24954e-07
xdut.a|y__t310                            3.63
xdut.a|y__t311                     1.46562e-07
xdut.vddr__t20                            3.63
xdut.vss__t20                      4.07121e-10
xdut.vss__t1                      -1.09087e-40
xdut.vddr__t1                             3.63
xdut.\$14                         -2.01094e-38
xdut.\$13                         -2.07789e-38
xdut.a|y__t011                      1.4666e-07
xdut.a|y__t1                       3.40248e-45
xdut.en__t0                               3.63
xdut.\$27__t1                          1.80074
xdut.vss__t2                                 0
xdut.vddr__t2                           3.6291
xdut.a|y__t3                       0.000164534
xdut.a|y__t111                      1.4666e-07
xdut.\$27__t2                          1.80073
xdut.\$27__t0                          1.80073
xdut.en__t1                               3.63
xdut.a|y__t4                       4.41103e-11
xdut.vddr__t3                             3.63
xdut.vss__t3                                 0
xdut.\$29                                 3.63
xdut.a|y__t2                                 0
xdut.a|y__t12                             3.63
xdut.vddr__t12                            3.63
xdut.vss__t12                                0
xdut.\$31                                 3.63
xdut.a|y__t22                             3.63
xdut.a|y__t03                      1.46564e-07
xdut.vddr__t10                            3.63
xdut.vss__t10                                0
xdut.\$33                                 3.63
xdut.a|y__t23                       1.4648e-07
xdut.a|y__t04                             3.63
xdut.vddr__t9                             3.63
xdut.vss__t9                                 0
xdut.\$35                                 3.63
xdut.a|y__t24                             3.63
xdut.a|y__t05                      1.46403e-07
xdut.vddr__t7                             3.63
xdut.vss__t7                                 0
xdut.\$37                                 3.63
xdut.a|y__t25                      1.46318e-07
xdut.a|y__t06                             3.63
xdut.vddr__t6                             3.63
xdut.vss__t6                                 0
xdut.\$39                                 3.63
xdut.a|y__t26                             3.63
xdut.a|y__t07                      1.46408e-07
xdut.vddr__t4                             3.63
xdut.vss__t4                                 0
xdut.\$41                                 3.63
xdut.a|y__t27                      1.46323e-07
xdut.a|y__t08                             3.63
xdut.vddr__t5                             3.63
xdut.vss__t5                                 0
xdut.\$43                                 3.63
xdut.a|y__t28                             3.63
xdut.a|y__t09                      1.46569e-07
xdut.vddr__t8                             3.63
xdut.vss__t8                                 0
xdut.\$45                                 3.63
xdut.a|y__t29                      1.46485e-07
xdut.a|y__t010                            3.63
xdut.vddr__t11                            3.63
xdut.vss__t11                                0
xdut.\$47                                 3.63
xdut.a|y__t210                            3.63
xdut.a|y__t211                     1.46757e-07
xdut.\$27                              1.80073
n1                                           0
n2                                        3.63
n3                                  1.4648e-07
n4                                        3.63
n5                                 1.46318e-07
n6                                        3.63
n7                                 1.46323e-07
n8                                        3.63
n9                                 1.46485e-07
n10                                       3.63
ro                                  1.4666e-07
ron                                4.04021e-08
bron#branch                                  0
een#branch                                   0
vvsubs#branch                       1.8164e-11
vvss#branch                        1.86588e-11
vsupply#branch                    -9.59669e-06


No. of Data Rows : 130008

  Measurements for Transient Analysis

period_s            =  1.47766e-08 targ=  1.55827e-07 trig=  1.41050e-07
supply_current_avg_a=  -1.64850e-05 from=  3.00000e-07 to=  1.30000e-06
ro_swing_v          =  3.59987e+00 from=  3.00000e-07 to=  1.30000e-06

ngspice-46 done
