
Note: Compatibility modes selected: hs a


Circuit: * sampler-array-digitize-extracted-routed @ ss_-40c_3.63v -- generated by sim/harness, do not edit

Doing analysis at TEMP = -40.000000 and TNOM = 27.000000

Using SPARSE 1.3 as Direct Linear Solver

Initial Transient Solution
--------------------------

Node                                   Voltage
----                                   -------
vsup                                      3.63
en                                        3.63
vddr1                                     3.63
vddr2                                     3.63
vdd                                       3.63
xr1.xcore.\$15                     3.13995e-08
xr1.xcore.a\x7cy__t0                         0
xr1.xcore.a\x7cy__t02                     3.63
vsubs                                 0.549518
xr1.xcore.vddr__t0                        3.63
xr1.xcore.vss__t0                  2.04002e-10
xr1.xcore.\$17                     1.20336e-07
xr1.xcore.a\x7cy__t32                     3.63
xr1.xcore.a\x7cy__t13              1.39539e-07
xr1.xcore.vddr__t21                       3.63
xr1.xcore.vss__t21                 4.09935e-10
xr1.xcore.\$18                     3.12969e-08
xr1.xcore.a\x7cy__t33              1.39611e-07
xr1.xcore.a\x7cy__t14                     3.63
xr1.xcore.vddr__t20                       3.63
xr1.xcore.vss__t20                  1.0138e-10
xr1.xcore.\$20                     1.20061e-07
xr1.xcore.a\x7cy__t34                     3.63
xr1.xcore.a\x7cy__t15              1.39264e-07
xr1.xcore.vddr__t19                       3.63
xr1.xcore.vss__t19                 1.34825e-10
xr1.xcore.\$21                     3.12019e-08
xr1.xcore.a\x7cy__t35              1.39336e-07
xr1.xcore.a\x7cy__t16                     3.63
xr1.xcore.vddr__t18                       3.63
xr1.xcore.vss__t18                 6.35165e-12
xr1.xcore.\$22                     1.20069e-07
xr1.xcore.a\x7cy__t36                     3.63
xr1.xcore.a\x7cy__t17              1.39272e-07
xr1.xcore.vddr__t17                       3.63
xr1.xcore.vss__t17                 1.42953e-10
xr1.xcore.\$24                        3.13e-08
xr1.xcore.a\x7cy__t37              1.39344e-07
xr1.xcore.a\x7cy__t18                     3.63
xr1.xcore.vddr__t16                       3.63
xr1.xcore.vss__t16                 1.04423e-10
xr1.xcore.\$23                     1.20345e-07
xr1.xcore.a\x7cy__t38                     3.63
xr1.xcore.a\x7cy__t19              1.39548e-07
xr1.xcore.vddr__t15                       3.63
xr1.xcore.vss__t15                 4.18115e-10
xr1.xcore.\$19                     3.14026e-08
xr1.xcore.a\x7cy__t39              1.39619e-07
xr1.xcore.a\x7cy__t110                    3.63
xr1.xcore.vddr__t14                       3.63
xr1.xcore.vss__t14                 2.07049e-10
xr1.xcore.\$16                      1.2062e-07
xr1.xcore.a\x7cy__t310                    3.63
xr1.xcore.a\x7cy__t311             1.39823e-07
xr1.xcore.vddr__t13                       3.63
xr1.xcore.vss__t13                  6.9378e-10
xr1.xcore.vss__t1                   4.1855e-10
xr1.xcore.vddr__t1                        3.63
xr1.xcore.\$14                     6.59124e-08
xr1.xcore.\$13                      6.9925e-08
xr1.xcore.a\x7cy__t011             1.39906e-07
xr1.xcore.a\x7cy__t1               1.60325e-11
xr1.xcore.en__t0                          3.63
xr1.xcore.\$27__t1                     1.83795
xr1.xcore.vss__t2                            0
xr1.xcore.vddr__t2                     3.62868
xr1.xcore.\$28                         3.01863
xr1.xcore.a\x7cy__t3               0.000239608
xr1.xcore.a\x7cy__t111             1.39906e-07
xr1.xcore.\$27__t2                     1.83794
xr1.xcore.\$27__t0                     1.83794
xr1.xcore.en__t1                          3.63
xr1.xcore.a\x7cy__t4               3.67125e-11
xr1.xcore.vddr__t3                        3.63
xr1.xcore.vss__t3                            0
xr1.xcore.\$29                            3.63
xr1.xcore.\$30                            3.63
xr1.xcore.a\x7cy__t2                         0
xr1.xcore.a\x7cy__t12                     3.63
xr1.xcore.vddr__t12                       3.63
xr1.xcore.vss__t12                           0
xr1.xcore.\$31                            3.63
xr1.xcore.\$32                         3.06536
xr1.xcore.a\x7cy__t22                     3.63
xr1.xcore.a\x7cy__t03              1.39682e-07
xr1.xcore.vddr__t11                       3.63
xr1.xcore.vss__t11                           0
xr1.xcore.\$33                            3.63
xr1.xcore.\$34                            3.63
xr1.xcore.a\x7cy__t23              1.39611e-07
xr1.xcore.a\x7cy__t04                     3.63
xr1.xcore.vddr__t10                       3.63
xr1.xcore.vss__t10                           0
xr1.xcore.\$35                            3.63
xr1.xcore.\$36                         3.06536
xr1.xcore.a\x7cy__t24                     3.63
xr1.xcore.a\x7cy__t05              1.39407e-07
xr1.xcore.vddr__t9                        3.63
xr1.xcore.vss__t9                            0
xr1.xcore.\$37                            3.63
xr1.xcore.\$38                            3.63
xr1.xcore.a\x7cy__t25              1.39336e-07
xr1.xcore.a\x7cy__t06                     3.63
xr1.xcore.vddr__t8                        3.63
xr1.xcore.vss__t8                            0
xr1.xcore.\$39                            3.63
xr1.xcore.\$40                         3.06536
xr1.xcore.a\x7cy__t26                     3.63
xr1.xcore.a\x7cy__t07              1.39415e-07
xr1.xcore.vddr__t7                        3.63
xr1.xcore.vss__t7                            0
xr1.xcore.\$41                            3.63
xr1.xcore.\$42                            3.63
xr1.xcore.a\x7cy__t27              1.39344e-07
xr1.xcore.a\x7cy__t08                     3.63
xr1.xcore.vddr__t6                        3.63
xr1.xcore.vss__t6                            0
xr1.xcore.\$43                            3.63
xr1.xcore.\$44                         3.06536
xr1.xcore.a\x7cy__t28                     3.63
xr1.xcore.a\x7cy__t09              1.39691e-07
xr1.xcore.vddr__t5                        3.63
xr1.xcore.vss__t5                            0
xr1.xcore.\$45                            3.63
xr1.xcore.\$46                            3.63
xr1.xcore.a\x7cy__t29              1.39619e-07
xr1.xcore.a\x7cy__t010                    3.63
xr1.xcore.vddr__t4                        3.63
xr1.xcore.vss__t4                            0
xr1.xcore.\$47                            3.63
xr1.xcore.\$48                         3.06536
xr1.xcore.a\x7cy__t210                    3.63
xr1.xcore.a\x7cy__t211             1.39988e-07
xr1.xcore.\$27                         1.83794
g11                                          0
n11                                          0
n12                                       3.63
g12                                       3.63
n13                                1.39611e-07
g13                                1.39611e-07
n14                                       3.63
g14                                       3.63
n15                                1.39336e-07
g15                                1.39336e-07
n16                                       3.63
g16                                       3.63
n17                                1.39344e-07
g17                                1.39344e-07
n18                                       3.63
g18                                       3.63
n19                                1.39619e-07
g19                                1.39619e-07
n1a                                       3.63
g1a                                       3.63
g10                                1.39906e-07
ro1                                1.39906e-07
xr2.xcore.vss__t0                  4.22644e-10
xr2.xcore.vddr__t0                        3.63
xr2.xcore.\$15                     6.08881e-08
xr2.xcore.\$14                     6.49006e-08
xr2.xcore.a\x7cy__t2               1.32637e-07
xr2.xcore.a\x7cy__t02              1.60325e-11
xr2.xcore.en__t0                          3.63
xr2.xcore.\$17                     3.08457e-08
xr2.xcore.a\x7cy__t12                        0
xr2.xcore.a\x7cy__t33                     3.63
xr2.xcore.vss__t1                  2.13684e-10
xr2.xcore.vddr__t1                        3.63
xr2.xcore.\$18                     1.13061e-07
xr2.xcore.a\x7cy__t13                     3.63
xr2.xcore.a\x7cy__t34              1.32263e-07
xr2.xcore.vss__t21                 4.20137e-10
xr2.xcore.vddr__t21                       3.63
xr2.xcore.\$20                     3.07382e-08
xr2.xcore.a\x7cy__t14              1.32335e-07
xr2.xcore.a\x7cy__t35                     3.63
xr2.xcore.vss__t20                 1.06191e-10
xr2.xcore.vddr__t20                       3.63
xr2.xcore.\$21                     1.12779e-07
xr2.xcore.a\x7cy__t15                     3.63
xr2.xcore.a\x7cy__t36              1.31981e-07
xr2.xcore.vss__t19                 1.38181e-10
xr2.xcore.vddr__t19                       3.63
xr2.xcore.\$23                     3.06387e-08
xr2.xcore.a\x7cy__t16              1.32053e-07
xr2.xcore.a\x7cy__t37                     3.63
xr2.xcore.vss__t18                 6.65311e-12
xr2.xcore.vddr__t18                       3.63
xr2.xcore.\$24                     1.12788e-07
xr2.xcore.a\x7cy__t17                     3.63
xr2.xcore.a\x7cy__t38               1.3199e-07
xr2.xcore.vss__t17                 1.46511e-10
xr2.xcore.vddr__t17                       3.63
xr2.xcore.\$25                     3.07414e-08
xr2.xcore.a\x7cy__t18              1.32061e-07
xr2.xcore.a\x7cy__t39                     3.63
xr2.xcore.vss__t16                 1.09379e-10
xr2.xcore.vddr__t16                       3.63
xr2.xcore.\$22                      1.1307e-07
xr2.xcore.a\x7cy__t19                     3.63
xr2.xcore.a\x7cy__t310             1.32272e-07
xr2.xcore.vss__t15                  4.2852e-10
xr2.xcore.vddr__t15                       3.63
xr2.xcore.\$19                     3.08489e-08
xr2.xcore.a\x7cy__t110             1.32343e-07
xr2.xcore.a\x7cy__t311                    3.63
xr2.xcore.vss__t14                 2.16876e-10
xr2.xcore.vddr__t14                       3.63
xr2.xcore.\$16                     1.13352e-07
xr2.xcore.a\x7cy__t111                    3.63
xr2.xcore.a\x7cy__t0               1.32554e-07
xr2.xcore.vss__t13                 7.11046e-10
xr2.xcore.vddr__t13                       3.63
xr2.xcore.\$27__t1                     1.85933
xr2.xcore.vss__t2                            0
xr2.xcore.vddr__t2                     3.62859
xr2.xcore.\$28                         3.01851
xr2.xcore.a\x7cy__t32              0.000255033
xr2.xcore.a\x7cy__t3               1.32637e-07
xr2.xcore.\$27__t2                     1.85932
xr2.xcore.\$27__t0                     1.85933
xr2.xcore.en__t1                          3.63
xr2.xcore.a\x7cy__t4                3.6711e-11
xr2.xcore.vddr__t3                        3.63
xr2.xcore.vss__t3                            0
xr2.xcore.\$29                            3.63
xr2.xcore.\$30                            3.63
xr2.xcore.a\x7cy__t22                        0
xr2.xcore.a\x7cy__t23                     3.63
xr2.xcore.vddr__t12                       3.63
xr2.xcore.vss__t12                           0
xr2.xcore.\$31                            3.63
xr2.xcore.\$32                         3.06514
xr2.xcore.a\x7cy__t03                     3.63
xr2.xcore.a\x7cy__t24              1.32406e-07
xr2.xcore.vddr__t11                       3.63
xr2.xcore.vss__t11                           0
xr2.xcore.\$33                            3.63
xr2.xcore.\$34                            3.63
xr2.xcore.a\x7cy__t04              1.32335e-07
xr2.xcore.a\x7cy__t25                     3.63
xr2.xcore.vddr__t10                       3.63
xr2.xcore.vss__t10                           0
xr2.xcore.\$35                            3.63
xr2.xcore.\$36                         3.06514
xr2.xcore.a\x7cy__t05                     3.63
xr2.xcore.a\x7cy__t26              1.32124e-07
xr2.xcore.vddr__t9                        3.63
xr2.xcore.vss__t9                            0
xr2.xcore.\$37                            3.63
xr2.xcore.\$38                            3.63
xr2.xcore.a\x7cy__t06              1.32053e-07
xr2.xcore.a\x7cy__t27                     3.63
xr2.xcore.vddr__t8                        3.63
xr2.xcore.vss__t8                            0
xr2.xcore.\$39                            3.63
xr2.xcore.\$40                         3.06514
xr2.xcore.a\x7cy__t07                     3.63
xr2.xcore.a\x7cy__t28              1.32133e-07
xr2.xcore.vddr__t7                        3.63
xr2.xcore.vss__t7                            0
xr2.xcore.\$41                            3.63
xr2.xcore.\$42                            3.63
xr2.xcore.a\x7cy__t08              1.32061e-07
xr2.xcore.a\x7cy__t29                     3.63
xr2.xcore.vddr__t6                        3.63
xr2.xcore.vss__t6                            0
xr2.xcore.\$43                            3.63
xr2.xcore.\$44                         3.06514
xr2.xcore.a\x7cy__t09                     3.63
xr2.xcore.a\x7cy__t210             1.32415e-07
xr2.xcore.vddr__t5                        3.63
xr2.xcore.vss__t5                            0
xr2.xcore.\$45                            3.63
xr2.xcore.\$46                            3.63
xr2.xcore.a\x7cy__t010             1.32343e-07
xr2.xcore.a\x7cy__t211                    3.63
xr2.xcore.vddr__t4                        3.63
xr2.xcore.vss__t4                            0
xr2.xcore.\$47                            3.63
xr2.xcore.\$48                         3.06514
xr2.xcore.a\x7cy__t011                    3.63
xr2.xcore.a\x7cy__t1               1.32719e-07
xr2.xcore.\$27                         1.85933
ro2                                1.32637e-07
g20                                1.32637e-07
n21                                          0
g21                                          0
g22                                       3.63
n22                                       3.63
g23                                1.32335e-07
n23                                1.32335e-07
g24                                       3.63
n24                                       3.63
g25                                1.32053e-07
n25                                1.32053e-07
g26                                       3.63
n26                                       3.63
g27                                1.32061e-07
n27                                1.32061e-07
g28                                       3.63
n28                                       3.63
g29                                1.32343e-07
n29                                1.32343e-07
g2a                                       3.63
n2a                                       3.63
xa1.\$2__t0                               3.63
xa1.a__t0                          1.39906e-07
xa1.vss__t0                        4.49286e-12
xa1.\$3__t3                               3.63
xa1.b__t1                          1.32637e-07
xa1.vss__t3                        2.49603e-12
xa1.y__t3                          1.21971e-07
xa1.a__t3                          1.39906e-07
xa1.\$4__t1                           0.542076
xa1.\$4__t0                           0.542076
xa1.b__t3                          1.32637e-07
xa1.vss__t1                        1.28958e-12
xa1.y__t2                          1.21914e-07
xa1.\$2__t1                               3.63
xa1.\$6__t1                        6.38614e-08
xa1.\$6__t0                        6.37037e-08
xa1.\$3__t2                               3.63
xa1.vss__t2                        1.12455e-10
xa1.\$2__t2                               3.63
xa1.a__t1                          1.39906e-07
xa1.vdd__t0                               3.63
xa1.\$11                               3.11138
xa1.\$3__t1                               3.63
xa1.b__t0                          1.32637e-07
xa1.vdd__t3                               3.63
xa1.\$8__t3                               3.63
xa1.a__t2                          1.39906e-07
xa1.vdd__t1                               3.63
xa1.\$8__t2                               3.63
xa1.b__t2                          1.32637e-07
xa1.vdd__t2                               3.63
xa1.y__t0                          1.21976e-07
xa1.\$2__t3                               3.63
xa1.\$8__t1                               3.63
xa1.y__t1                          1.21979e-07
xa1.\$3__t0                               3.63
xa1.\$8__t0                               3.63
xa1.\$2                                   3.63
xa1.\$3                                   3.63
xa1.\$4                               0.542076
xa1.\$6                            6.37826e-08
xa1.\$8                                   3.63
xo                                 1.21967e-07
xsb.\$2__t0                               3.63
xsb.clk__t5                                  0
xsb.vss__t0                        6.68731e-12
xsb.d__t1                          1.22017e-07
xsb.\$2__t1                               3.63
xsb.\$3__t5                        1.60972e-07
xsb.\$5__t3                        3.92086e-08
xsb.\$13__t5                              3.63
xsb.vss__t4                        3.23037e-11
xsb.\$5__t2                        3.92584e-08
xsb.clk__t4                                  0
xsb.\$3__t4                        1.61236e-07
xsb.\$13__t6                              3.63
xsb.clk__t3                                  0
xsb.\$6__t5                               3.63
xsb.q__t3                          1.95989e-08
xsb.\$6__t3                               3.63
xsb.vss__t3                         5.1782e-15
xsb.\$8__t4                               3.63
xsb.\$2__t5                               3.63
xsb.\$6__t4                               3.63
xsb.\$13__t0                              3.63
xsb.\$3__t0                        1.61211e-07
xsb.\$9__t1                           0.545792
xsb.\$9__t0                           0.545792
xsb.rst_n__t1                                0
xsb.vss__t1                         3.4551e-12
xsb.\$8__t0                               3.63
xsb.q__t0                          1.97265e-08
xsb.\$10__t1                          0.545797
xsb.\$10__t0                          0.545797
xsb.rst_n__t0                                0
xsb.vss__t2                         5.7585e-12
xsb.\$2__t2                               3.63
xsb.clk__t2                                  0
xsb.vdd__t6                               3.63
xsb.\$15                               3.07573
xsb.d__t0                          1.21983e-07
xsb.clk__t1                                  0
xsb.\$3__t1                        1.61258e-07
xsb.\$13__t4                              3.63
xsb.\$3__t3                        1.61211e-07
xsb.vdd__t5                               3.63
xsb.\$13__t3                              3.63
xsb.rst_n__t3                                0
xsb.vdd__t4                               3.63
xsb.\$5__t1                        3.92695e-08
xsb.\$13__t1                              3.63
xsb.vdd__t3                               3.63
xsb.\$5__t0                        3.92721e-08
xsb.\$2__t3                               3.63
xsb.\$3__t2                        1.61309e-07
xsb.\$13__t2                              3.63
xsb.\$2__t4                               3.63
xsb.\$6__t1                               3.63
xsb.q__t2                          1.98153e-08
xsb.\$6__t2                               3.63
xsb.vdd__t2                               3.63
xsb.\$8__t3                               3.63
xsb.q__t1                          1.97265e-08
xsb.vdd__t1                               3.63
xsb.\$8__t2                               3.63
xsb.rst_n__t2                                0
xsb.vdd__t0                               3.63
xsb.\$8__t1                               3.63
xsb.clk__t0                                  0
xsb.\$6__t0                               3.63
xsb.\$10                              0.545797
xsb.\$13                                  3.63
xsb.\$2                                   3.63
xsb.\$3                            1.61211e-07
xsb.\$5                             3.9253e-08
xsb.\$6                                   3.63
xsb.\$8                                   3.63
xsb.\$9                               0.545792
clk                                          0
raw_bit                            1.97265e-08
rst_n                                        0
xsv.\$2__t0                               3.63
xsv.clk__t5                                  0
xsv.vss__t0                        6.68731e-12
xsv.d__t1                                 3.63
xsv.\$2__t1                               3.63
xsv.\$3__t5                               3.63
xsv.\$5__t3                        4.04773e-08
xsv.\$13__t5                              3.63
xsv.vss__t4                        3.32339e-11
xsv.\$5__t2                        4.05295e-08
xsv.clk__t4                                  0
xsv.\$3__t4                               3.63
xsv.\$13__t6                              3.63
xsv.clk__t3                                  0
xsv.\$6__t5                               3.63
xsv.q__t3                          1.99117e-08
xsv.\$6__t3                               3.63
xsv.vss__t3                        5.24445e-15
xsv.\$8__t4                               3.63
xsv.\$2__t5                               3.63
xsv.\$6__t4                               3.63
xsv.\$13__t0                              3.63
xsv.\$3__t0                               3.63
xsv.\$9__t1                            2.88683
xsv.\$9__t0                            2.88683
xsv.rst_n__t1                                0
xsv.vss__t1                        3.58468e-12
xsv.\$8__t0                               3.63
xsv.q__t0                           2.0042e-08
xsv.\$10__t1                          0.545797
xsv.\$10__t0                          0.545797
xsv.rst_n__t0                                0
xsv.vss__t2                         5.7585e-12
xsv.\$2__t2                               3.63
xsv.clk__t2                                  0
xsv.vdd__t6                               3.63
xsv.\$15                                3.1451
xsv.d__t0                                 3.63
xsv.clk__t1                                  0
xsv.\$3__t1                               3.63
xsv.\$13__t4                              3.63
xsv.\$3__t3                               3.63
xsv.vdd__t5                               3.63
xsv.\$13__t3                              3.63
xsv.rst_n__t3                                0
xsv.vdd__t4                               3.63
xsv.\$5__t1                        4.05402e-08
xsv.\$13__t1                              3.63
xsv.vdd__t3                               3.63
xsv.\$5__t0                        4.05428e-08
xsv.\$2__t3                               3.63
xsv.\$3__t2                               3.63
xsv.\$13__t2                              3.63
xsv.\$2__t4                               3.63
xsv.\$6__t1                               3.63
xsv.q__t2                          2.01326e-08
xsv.\$6__t2                               3.63
xsv.vdd__t2                               3.63
xsv.\$8__t3                               3.63
xsv.q__t1                           2.0042e-08
xsv.vdd__t1                               3.63
xsv.\$8__t2                               3.63
xsv.rst_n__t2                                0
xsv.vdd__t0                               3.63
xsv.\$8__t1                               3.63
xsv.clk__t0                                  0
xsv.\$6__t0                               3.63
xsv.\$10                              0.545797
xsv.\$13                                  3.63
xsv.\$2                                   3.63
xsv.\$3                                   3.63
xsv.\$5                            4.05233e-08
xsv.\$6                                   3.63
xsv.\$8                                   3.63
xsv.\$9                                2.88683
raw_valid                           2.0042e-08
x1                                      -1.815
x2                                      -1.815
vth                                      1.815
tclkv                                    1e-08
btclk#branch                                 0
bvth#branch                                  0
bx2#branch                                   0
bx1#branch                                   0
vclk#branch                                  0
vrst#branch                                  0
vn2a#branch                        2.52009e-17
vn29#branch                        6.40604e-25
vn28#branch                        3.30757e-17
vn27#branch                        2.88116e-24
vn26#branch                       -8.65951e-18
vn25#branch                        1.86208e-24
vn24#branch                        1.17018e-17
vn23#branch                         3.0439e-24
vn22#branch                        7.09124e-17
vn21#branch                                  0
vn20#branch                       -1.07546e-27
vn1a#branch                        1.11071e-17
vn19#branch                        1.99971e-24
vn18#branch                       -1.99166e-17
vn17#branch                        7.97264e-25
vn16#branch                        8.77606e-18
vn15#branch                        3.46474e-24
vn14#branch                        3.14038e-17
vn13#branch                         3.7243e-24
vn12#branch                        2.95369e-17
vn11#branch                                  0
vn10#branch                        1.97625e-26
vtr#branch                         9.85657e-11
vr2#branch                         1.48751e-05
vr1#branch                         1.39754e-05
ven#branch                        -4.92434e-17
vsup#branch                       -2.88506e-05

 Reference value :  0.00000e+00
 Reference value :  3.54118e-10
 Reference value :  7.10588e-10
 Reference value :  1.04059e-09
 Reference value :  1.37412e-09
 Reference value :  1.72000e-09
 Reference value :  2.06706e-09
 Reference value :  2.40706e-09
 Reference value :  2.82059e-09
 Reference value :  3.37176e-09
 Reference value :  3.73000e-09
 Reference value :  4.09000e-09
 Reference value :  4.46000e-09
 Reference value :  4.83059e-09
 Reference value :  5.17000e-09
 Reference value :  5.51059e-09
 Reference value :  5.85176e-09
 Reference value :  6.18176e-09
 Reference value :  6.54176e-09
 Reference value :  6.89412e-09
 Reference value :  7.25706e-09
 Reference value :  7.60412e-09
 Reference value :  7.97412e-09
 Reference value :  8.32176e-09
 Reference value :  8.69176e-09
 Reference value :  9.06176e-09
 Reference value :  9.42412e-09
 Reference value :  9.79412e-09
 Reference value :  1.01671e-08
 Reference value :  1.05371e-08
 Reference value :  1.08841e-08
 Reference value :  1.12618e-08
 Reference value :  1.16018e-08
 Reference value :  1.19406e-08
 Reference value :  1.22800e-08
 Reference value :  1.26218e-08
 Reference value :  1.29706e-08
 Reference value :  1.33371e-08
 Reference value :  1.36918e-08
 Reference value :  1.40641e-08
 Reference value :  1.44300e-08
 Reference value :  1.47706e-08
 Reference value :  1.51306e-08
 Reference value :  1.54906e-08
 Reference value :  1.58518e-08
 Reference value :  1.62271e-08
 Reference value :  1.65941e-08
 Reference value :  1.69600e-08
 Reference value :  1.73106e-08
 Reference value :  1.76718e-08
 Reference value :  1.80541e-08
 Reference value :  1.84106e-08
 Reference value :  1.87700e-08
 Reference value :  1.91241e-08
 Reference value :  1.94871e-08
 Reference value :  1.98500e-08
 Reference value :  2.01047e-08
 Reference value :  2.04441e-08
 Reference value :  2.07871e-08
 Reference value :  2.11406e-08
 Reference value :  2.14841e-08
 Reference value :  2.18318e-08
 Reference value :  2.21918e-08
 Reference value :  2.25341e-08
 Reference value :  2.28841e-08
 Reference value :  2.32306e-08
 Reference value :  2.35806e-08
 Reference value :  2.39306e-08
 Reference value :  2.42841e-08
 Reference value :  2.46200e-08
 Reference value :  2.49606e-08
 Reference value :  2.53100e-08
 Reference value :  2.56506e-08
 Reference value :  2.59918e-08
 Reference value :  2.63618e-08
 Reference value :  2.67000e-08
 Reference value :  2.70571e-08
 Reference value :  2.73900e-08
 Reference value :  2.77341e-08
 Reference value :  2.80618e-08
 Reference value :  2.84041e-08
 Reference value :  2.87371e-08
 Reference value :  2.91118e-08
 Reference value :  2.94741e-08
 Reference value :  2.98371e-08
 Reference value :  3.01500e-08
 Reference value :  3.05006e-08
 Reference value :  3.08518e-08
 Reference value :  3.11541e-08
 Reference value :  3.15271e-08
 Reference value :  3.18600e-08
 Reference value :  3.22218e-08
 Reference value :  3.25741e-08
 Reference value :  3.29306e-08
 Reference value :  3.32818e-08
 Reference value :  3.36506e-08
 Reference value :  3.40071e-08
 Reference value :  3.43641e-08
 Reference value :  3.47200e-08
 Reference value :  3.50118e-08
 Reference value :  3.53900e-08
 Reference value :  3.57441e-08
 Reference value :  3.60506e-08
 Reference value :  3.64341e-08
 Reference value :  3.67906e-08
 Reference value :  3.71541e-08
 Reference value :  3.75118e-08
 Reference value :  3.78571e-08
 Reference value :  3.81818e-08
 Reference value :  3.85400e-08
 Reference value :  3.88900e-08
 Reference value :  3.92700e-08
 Reference value :  3.96200e-08
 Reference value :  3.99471e-08
 Reference value :  4.02500e-08
 Reference value :  4.06118e-08
 Reference value :  4.09606e-08
 Reference value :  4.12471e-08
 Reference value :  4.15971e-08
 Reference value :  4.19600e-08
 Reference value :  4.23018e-08
 Reference value :  4.26500e-08
 Reference value :  4.29918e-08
 Reference value :  4.33406e-08
 Reference value :  4.37000e-08
 Reference value :  4.40906e-08
 Reference value :  4.46118e-08
 Reference value :  4.49500e-08
 Reference value :  4.52500e-08
 Reference value :  4.56271e-08
 Reference value :  4.59918e-08
 Reference value :  4.62900e-08
 Reference value :  4.66471e-08
 Reference value :  4.70018e-08
 Reference value :  4.73606e-08
 Reference value :  4.77371e-08
 Reference value :  4.80841e-08
 Reference value :  4.84406e-08
 Reference value :  4.88018e-08
 Reference value :  4.91571e-08
 Reference value :  4.95118e-08
 Reference value :  4.98806e-08
 Reference value :  5.01900e-08
 Reference value :  5.05571e-08
 Reference value :  5.08941e-08
 Reference value :  5.12100e-08
 Reference value :  5.15341e-08
 Reference value :  5.18741e-08
 Reference value :  5.22200e-08
 Reference value :  5.25706e-08
 Reference value :  5.29341e-08
 Reference value :  5.32906e-08
 Reference value :  5.36541e-08
 Reference value :  5.40018e-08
 Reference value :  5.43918e-08
 Reference value :  5.47541e-08
 Reference value :  5.50706e-08
 Reference value :  5.54318e-08
 Reference value :  5.58618e-08
 Reference value :  5.61700e-08
 Reference value :  5.65071e-08
 Reference value :  5.69500e-08
 Reference value :  5.72918e-08
 Reference value :  5.76906e-08
 Reference value :  5.80400e-08
 Reference value :  5.84400e-08
 Reference value :  5.88106e-08
 Reference value :  5.91500e-08
 Reference value :  5.95071e-08
 Reference value :  5.98971e-08
 Reference value :  6.02106e-08
 Reference value :  6.05706e-08
 Reference value :  6.10001e-08
 Reference value :  6.13418e-08
 Reference value :  6.16900e-08
 Reference value :  6.20641e-08
 Reference value :  6.24171e-08
 Reference value :  6.28441e-08
 Reference value :  6.32000e-08
 Reference value :  6.36306e-08
 Reference value :  6.39706e-08
 Reference value :  6.43241e-08
 Reference value :  6.47541e-08
 Reference value :  6.50706e-08
 Reference value :  6.54241e-08
 Reference value :  6.58041e-08
 Reference value :  6.62571e-08
 Reference value :  6.66171e-08
 Reference value :  6.69518e-08
 Reference value :  6.73871e-08
 Reference value :  6.77606e-08
 Reference value :  6.81241e-08
 Reference value :  6.85200e-08
 Reference value :  6.88941e-08
 Reference value :  6.92471e-08
 Reference value :  6.96818e-08
 Reference value :  7.00571e-08
 Reference value :  7.04771e-08
 Reference value :  7.08871e-08
 Reference value :  7.12718e-08
 Reference value :  7.16206e-08
 Reference value :  7.19700e-08
 Reference value :  7.24100e-08
 Reference value :  7.27406e-08
 Reference value :  7.31006e-08
 Reference value :  7.34818e-08
 Reference value :  7.39200e-08
 Reference value :  7.42718e-08
 Reference value :  7.46441e-08
 Reference value :  7.50841e-08
 Reference value :  7.54300e-08
 Reference value :  7.57800e-08
 Reference value :  7.61371e-08
 Reference value :  7.64771e-08
 Reference value :  7.68341e-08
 Reference value :  7.72718e-08
 Reference value :  7.76241e-08
 Reference value :  7.79818e-08
 Reference value :  7.84006e-08
 Reference value :  7.87641e-08
 Reference value :  7.91141e-08
 Reference value :  7.95006e-08
 Reference value :  7.98741e-08
 Reference value :  8.01906e-08
 Reference value :  8.05406e-08
 Reference value :  8.09971e-08
 Reference value :  8.13206e-08
 Reference value :  8.16906e-08
 Reference value :  8.20806e-08
 Reference value :  8.24706e-08
 Reference value :  8.28341e-08
 Reference value :  8.32300e-08
 Reference value :  8.35841e-08
 Reference value :  8.39906e-08
 Reference value :  8.43400e-08
 Reference value :  8.47106e-08
 Reference value :  8.50419e-08
 Reference value :  8.53841e-08
 Reference value :  8.58018e-08
 Reference value :  8.61741e-08
 Reference value :  8.65200e-08
 Reference value :  8.69206e-08
 Reference value :  8.72671e-08
 Reference value :  8.75971e-08
 Reference value :  8.80071e-08
 Reference value :  8.83618e-08
 Reference value :  8.87406e-08
 Reference value :  8.91018e-08
 Reference value :  8.95300e-08
 Reference value :  8.98741e-08
 Reference value :  9.02071e-08
 Reference value :  9.05606e-08
 Reference value :  9.09371e-08
 Reference value :  9.12800e-08
 Reference value :  9.16271e-08
 Reference value :  9.20271e-08
 Reference value :  9.24241e-08
 Reference value :  9.27641e-08
 Reference value :  9.31400e-08
 Reference value :  9.35918e-08
 Reference value :  9.39706e-08
 Reference value :  9.43371e-08
 Reference value :  9.47071e-08
 Reference value :  9.51141e-08
 Reference value :  9.54806e-08
 Reference value :  9.58400e-08
 Reference value :  9.62141e-08
 Reference value :  9.65600e-08
 Reference value :  9.69418e-08
 Reference value :  9.72971e-08
 Reference value :  9.76300e-08
 Reference value :  9.80106e-08
 Reference value :  9.84441e-08
 Reference value :  9.89900e-08
 Reference value :  9.93671e-08
 Reference value :  9.97641e-08
 Reference value :  1.00162e-07
 Reference value :  1.00512e-07
 Reference value :  1.00892e-07
 Reference value :  1.01230e-07
 Reference value :  1.01767e-07
 Reference value :  1.02231e-07
 Reference value :  1.02624e-07
 Reference value :  1.03034e-07
 Reference value :  1.03407e-07
 Reference value :  1.03750e-07
 Reference value :  1.04112e-07
 Reference value :  1.04460e-07
 Reference value :  1.04830e-07
 Reference value :  1.05137e-07
 Reference value :  1.05491e-07
 Reference value :  1.05847e-07
 Reference value :  1.06162e-07
 Reference value :  1.06501e-07
 Reference value :  1.06850e-07
 Reference value :  1.07200e-07
 Reference value :  1.07550e-07
 Reference value :  1.07901e-07
 Reference value :  1.08224e-07
 Reference value :  1.08601e-07
 Reference value :  1.08950e-07
 Reference value :  1.09304e-07
 Reference value :  1.09654e-07
 Reference value :  1.10000e-07
 Reference value :  1.10322e-07
 Reference value :  1.10671e-07
 Reference value :  1.11000e-07
 Reference value :  1.11341e-07
 Reference value :  1.11677e-07
 Reference value :  1.12031e-07
 Reference value :  1.12362e-07
 Reference value :  1.12732e-07
 Reference value :  1.13080e-07
 Reference value :  1.13414e-07
 Reference value :  1.13754e-07
 Reference value :  1.14087e-07
 Reference value :  1.14437e-07
 Reference value :  1.14771e-07
 Reference value :  1.15074e-07
 Reference value :  1.15404e-07
 Reference value :  1.15752e-07
 Reference value :  1.16047e-07
 Reference value :  1.16394e-07
 Reference value :  1.16741e-07
 Reference value :  1.17102e-07
 Reference value :  1.17450e-07
 Reference value :  1.17832e-07
 Reference value :  1.18191e-07
 Reference value :  1.18542e-07
 Reference value :  1.18922e-07
 Reference value :  1.19277e-07
 Reference value :  1.19634e-07
 Reference value :  1.19977e-07
 Reference value :  1.20291e-07
 Reference value :  1.20630e-07
 Reference value :  1.20990e-07
 Reference value :  1.21290e-07
 Reference value :  1.21657e-07
 Reference value :  1.22002e-07
 Reference value :  1.22360e-07
 Reference value :  1.22694e-07
 Reference value :  1.23074e-07
 Reference value :  1.23452e-07
 Reference value :  1.23834e-07
 Reference value :  1.24170e-07
 Reference value :  1.24521e-07
 Reference value :  1.24860e-07
 Reference value :  1.25170e-07
 Reference value :  1.25541e-07
 Reference value :  1.25884e-07
 Reference value :  1.26194e-07
 Reference value :  1.26554e-07
 Reference value :  1.26920e-07
 Reference value :  1.27277e-07
 Reference value :  1.27637e-07
 Reference value :  1.27990e-07
 Reference value :  1.28367e-07
 Reference value :  1.28720e-07
 Reference value :  1.29057e-07
 Reference value :  1.29397e-07
 Reference value :  1.29757e-07
 Reference value :  1.30082e-07
 Reference value :  1.30450e-07
 Reference value :  1.30784e-07
 Reference value :  1.31112e-07
 Reference value :  1.31450e-07
 Reference value :  1.31802e-07
 Reference value :  1.32191e-07
 Reference value :  1.32554e-07
 Reference value :  1.32917e-07
 Reference value :  1.33281e-07
 Reference value :  1.33630e-07
 Reference value :  1.33972e-07
 Reference value :  1.34320e-07
 Reference value :  1.34640e-07
 Reference value :  1.35000e-07
 Reference value :  1.35317e-07
 Reference value :  1.35690e-07
 Reference value :  1.36000e-07
 Reference value :  1.36341e-07
 Reference value :  1.36690e-07
 Reference value :  1.37050e-07
 Reference value :  1.37417e-07
 Reference value :  1.37742e-07
 Reference value :  1.38121e-07
 Reference value :  1.38472e-07
 Reference value :  1.38811e-07
 Reference value :  1.39170e-07
 Reference value :  1.39512e-07
 Reference value :  1.39871e-07
 Reference value :  1.40162e-07
 Reference value :  1.40522e-07
 Reference value :  1.40854e-07
 Reference value :  1.41161e-07
 Reference value :  1.41497e-07
 Reference value :  1.41854e-07
 Reference value :  1.42210e-07
 Reference value :  1.42621e-07
 Reference value :  1.42994e-07
 Reference value :  1.43357e-07
 Reference value :  1.43722e-07
 Reference value :  1.44061e-07
 Reference value :  1.44424e-07
 Reference value :  1.44742e-07
 Reference value :  1.45062e-07
 Reference value :  1.45400e-07
 Reference value :  1.45747e-07
 Reference value :  1.46050e-07
 Reference value :  1.46414e-07
 Reference value :  1.46761e-07
 Reference value :  1.47117e-07
 Reference value :  1.47474e-07
 Reference value :  1.47840e-07
 Reference value :  1.48207e-07
 Reference value :  1.48574e-07
 Reference value :  1.48934e-07
 Reference value :  1.49302e-07
 Reference value :  1.49652e-07
 Reference value :  1.50000e-07
 Reference value :  1.50344e-07
 Reference value :  1.50710e-07
 Reference value :  1.51017e-07
 Reference value :  1.51401e-07
 Reference value :  1.51731e-07
 Reference value :  1.52101e-07
 Reference value :  1.52452e-07
 Reference value :  1.52812e-07
 Reference value :  1.53181e-07
 Reference value :  1.53554e-07
 Reference value :  1.53911e-07
 Reference value :  1.54280e-07
 Reference value :  1.54630e-07
 Reference value :  1.54961e-07
 Reference value :  1.55287e-07
 Reference value :  1.55644e-07
 Reference value :  1.56000e-07
 Reference value :  1.56310e-07
 Reference value :  1.56677e-07
 Reference value :  1.57022e-07
 Reference value :  1.57382e-07
 Reference value :  1.57721e-07
 Reference value :  1.58084e-07
 Reference value :  1.58421e-07
 Reference value :  1.58757e-07
 Reference value :  1.59102e-07
 Reference value :  1.59440e-07
 Reference value :  1.59790e-07
 Reference value :  1.60101e-07
 Reference value :  1.60437e-07
 Reference value :  1.60790e-07
 Reference value :  1.61090e-07
 Reference value :  1.61461e-07
 Reference value :  1.61794e-07
 Reference value :  1.62151e-07
 Reference value :  1.62487e-07
 Reference value :  1.62860e-07
 Reference value :  1.63204e-07
 Reference value :  1.63584e-07
 Reference value :  1.63951e-07
 Reference value :  1.64304e-07
 Reference value :  1.64651e-07
 Reference value :  1.64997e-07
 Reference value :  1.65312e-07
 Reference value :  1.65671e-07
 Reference value :  1.66000e-07
 Reference value :  1.66367e-07
 Reference value :  1.66714e-07
 Reference value :  1.67062e-07
 Reference value :  1.67457e-07
 Reference value :  1.67791e-07
 Reference value :  1.68154e-07
 Reference value :  1.68492e-07
 Reference value :  1.68854e-07
 Reference value :  1.69200e-07
 Reference value :  1.69560e-07
 Reference value :  1.69891e-07
 Reference value :  1.70197e-07
 Reference value :  1.70544e-07
 Reference value :  1.70922e-07
 Reference value :  1.71261e-07
 Reference value :  1.71634e-07
 Reference value :  1.71994e-07
 Reference value :  1.72351e-07
 Reference value :  1.72732e-07
 Reference value :  1.73094e-07
 Reference value :  1.73464e-07
 Reference value :  1.73832e-07
 Reference value :  1.74171e-07
 Reference value :  1.74532e-07
 Reference value :  1.74881e-07
 Reference value :  1.75201e-07
 Reference value :  1.75604e-07
 Reference value :  1.75977e-07
 Reference value :  1.76304e-07
 Reference value :  1.76687e-07
 Reference value :  1.77037e-07
 Reference value :  1.77401e-07
 Reference value :  1.77764e-07
 Reference value :  1.78144e-07
 Reference value :  1.78507e-07
 Reference value :  1.78870e-07
 Reference value :  1.79220e-07
 Reference value :  1.79587e-07
 Reference value :  1.79934e-07
 Reference value :  1.80247e-07
 Reference value :  1.80604e-07
 Reference value :  1.80974e-07
 Reference value :  1.81284e-07
 Reference value :  1.81654e-07
 Reference value :  1.82044e-07
 Reference value :  1.82437e-07
 Reference value :  1.82797e-07
 Reference value :  1.83164e-07
 Reference value :  1.83564e-07
 Reference value :  1.83971e-07
 Reference value :  1.84322e-07
 Reference value :  1.84707e-07
 Reference value :  1.85011e-07
 Reference value :  1.85367e-07
 Reference value :  1.85734e-07
 Reference value :  1.86061e-07
 Reference value :  1.86430e-07
 Reference value :  1.86814e-07
 Reference value :  1.87211e-07
 Reference value :  1.87580e-07
 Reference value :  1.87950e-07
 Reference value :  1.88292e-07
 Reference value :  1.88650e-07
 Reference value :  1.89012e-07
 Reference value :  1.89367e-07
 Reference value :  1.89771e-07
 Reference value :  1.90087e-07
 Reference value :  1.90470e-07
 Reference value :  1.90802e-07
 Reference value :  1.91114e-07
 Reference value :  1.91467e-07
 Reference value :  1.91840e-07
 Reference value :  1.92180e-07
 Reference value :  1.92534e-07
 Reference value :  1.92907e-07
 Reference value :  1.93281e-07
 Reference value :  1.93624e-07
 Reference value :  1.93991e-07
 Reference value :  1.94332e-07
 Reference value :  1.94657e-07
 Reference value :  1.95000e-07
 Reference value :  1.95310e-07
 Reference value :  1.95654e-07
 Reference value :  1.96000e-07
 Reference value :  1.96311e-07
 Reference value :  1.96664e-07
 Reference value :  1.97014e-07
 Reference value :  1.97390e-07
 Reference value :  1.97737e-07
 Reference value :  1.98091e-07
 Reference value :  1.98424e-07
 Reference value :  1.98754e-07
 Reference value :  1.99084e-07
 Reference value :  1.99431e-07
 Reference value :  1.99754e-07
No. of Data Rows : 101639
rb_rst              =  -4.34194e-05
rv_rst              =  -4.44663e-05
b0                  =  2.18237e-03
b1                  =  -2.73087e-03
b2                  =  -2.53751e-03
b3                  =  -8.38775e-05
b4                  =  3.63032e+00
b5                  =  3.63135e+00
b6                  =  3.63160e+00
b7                  =  3.64906e+00
b8                  =  3.62314e+00
b9                  =  3.63264e+00
v0                  =  3.63199e+00
v9                  =  3.63014e+00
t1a                 =  1.66069e-08
t1b                 =  1.45322e-07
t2a                 =  1.56566e-08
t2b                 =  1.38658e-07
vxhi                =  3.66563e+00 at=  1.00220e-07
vxlo                =  -1.28716e-02 at=  3.50841e-08
vrhi                =  3.37122e+00 at=  3.04200e-08
vrlo                =  -4.26278e-02 at=  3.55600e-08
m_rb_rst_v = -4.341941000e-05
m_rv_rst_v = -4.446633000e-05
m_b0_v = 2.1823670000e-03
m_b1_v = -2.730872000e-03
m_b2_v = -2.537509000e-03
m_b3_v = -8.387747000e-05
m_b4_v = 3.6303240000e+00
m_b5_v = 3.6313490000e+00
m_b6_v = 3.6315970000e+00
m_b7_v = 3.6490600000e+00
m_b8_v = 3.6231420000e+00
m_b9_v = 3.6326440000e+00
m_rv0_v = 3.6319920000e+00
m_rv9_v = 3.6301380000e+00
m_ones_count = 6.0000000000e+00
m_worst_rail_dev_v = 6.8580000036e-03
m_period_r1 = 1.0726228333e-08
m_period_r2 = 1.0250114167e-08
m_f_r1 = 9.3229415683e+07
m_f_r2 = 9.7559888967e+07
m_freq_ratio_r2_r1 = 1.0464496452e+00
m_ring_periods_per_sample = 9.3229415683e-01
m_xo_swing_v = 3.6785026300e+00
m_ring1_swing_v = 3.4138497700e+00
m_xo_trans_per_s = 3.8157860930e+08
Note: Simulation executed from .control section 

Warning: m=xx on .subckt line will override multiplier m hierarchy!

Note: Starting dynamic gmin stepping
Note: Dynamic gmin stepping completed
