
Note: Compatibility modes selected: hs a


Circuit: * sampler-dff-setup-hold @ fs_125c_2.97v -- generated by sim/harness, do not edit

Doing analysis at TEMP = 125.000000 and TNOM = 27.000000

Using SPARSE 1.3 as Direct Linear Solver

Initial Transient Solution
--------------------------

Node                                   Voltage
----                                   -------
vdd                                       2.97
rst_n                                        0
clk                                          0
d                                            0
xdut.clkb                              2.96999
xdut.m                             4.30504e-08
xdut.mb                                   2.97
xdut.mmid                            0.0859614
xdut.mc                            5.11101e-08
xdut.s                                    2.97
q                                  2.95677e-08
xdut.qb                                   2.97
xdut.s2mid                           0.0859614
vth                                      1.485
bvth#branch                                  0
vd#branch                          9.08802e-12
vclk#branch                                  0
vrst#branch                                  0
vdd#branch                        -7.37584e-10

 Reference value :  0.00000e+00
 Reference value :  1.55281e-07
 Reference value :  3.12530e-07
 Reference value :  4.78330e-07
 Reference value :  6.43630e-07
 Reference value :  8.01717e-07
 Reference value :  9.63417e-07
 Reference value :  1.12762e-06
 Reference value :  1.29272e-06
 Reference value :  1.40385e-06
 Reference value :  1.51715e-06
 Reference value :  1.64555e-06
 Reference value :  1.78355e-06
 Reference value :  1.94065e-06
 Reference value :  2.10845e-06
 Reference value :  2.27205e-06
 Reference value :  2.42911e-06
 Reference value :  2.59371e-06
 Reference value :  2.75651e-06
 Reference value :  2.91392e-06
 Reference value :  3.07712e-06
 Reference value :  3.24542e-06
 Reference value :  3.41274e-06
 Reference value :  3.57484e-06
 Reference value :  3.73834e-06
 Reference value :  3.90275e-06
 Reference value :  4.06635e-06
 Reference value :  4.22605e-06
 Reference value :  4.38342e-06
 Reference value :  4.54474e-06
 Reference value :  4.70284e-06
 Reference value :  4.85945e-06
 Reference value :  5.02645e-06
 Reference value :  5.18965e-06
 Reference value :  5.34574e-06
 Reference value :  5.51244e-06
 Reference value :  5.67524e-06
 Reference value :  5.83695e-06
 Reference value :  5.99835e-06
 Reference value :  6.16115e-06
 Reference value :  6.31543e-06
 Reference value :  6.48253e-06
No. of Data Rows : 65269
tclk1               =  3.00001e-07
tclk2               =  1.30000e-06
tq_r1               =  3.00141e-07
tq_f1               =  1.30013e-06
q_rst               =  2.95677e-08
q_e1                =  2.96999e+00
q_e2                =  -9.53551e-07
q_e3a               =  7.93975e-05
q_e3b               =  -3.58306e-06
q_e3c               =  -3.39721e-06
q_e4                =  9.14847e-07
q_e5a               =  8.74540e-05
q_e5b               =  1.96595e-06
q_e5c               =  1.85892e-06
q_e6                =  9.14817e-07
q_e7a               =  2.96970e+00
q_e7b               =  2.96999e+00
q_e7c               =  2.96999e+00
m_tpd_clk_q_rise_s = 1.4000000000e-10
m_tpd_clk_q_fall_s = 1.2900000000e-10
m_q_rst_v = 2.9567710000e-08
m_q_e1_v = 2.9699930000e+00
m_q_e2_v = -9.535511000e-07
m_q_e4_v = 9.1484750000e-07
m_q_e3_1ns_v = 7.9397540000e-05
m_q_e3_10ns_v = -3.583063000e-06
m_q_e3_100ns_v = -3.397208000e-06
m_q_e3_drift_v = -8.279474800e-05
m_q_e3_rail_dev_v = -3.397208000e-06
m_q_e5_1ns_v = 8.7454020000e-05
m_q_e5_10ns_v = 1.9659540000e-06
m_q_e5_100ns_v = 1.8589230000e-06
m_q_e5_drift_v = -8.559509700e-05
m_q_e5_rail_dev_v = 1.8589230000e-06
m_q_e6_v = 9.1481710000e-07
m_q_e7_1ns_v = 2.9696980000e+00
m_q_e7_10ns_v = 2.9699930000e+00
m_q_e7_100ns_v = 2.9699930000e+00
m_q_e7_drift_v = 2.9500000000e-04
m_q_e7_rail_dev_v = 7.0000010415e-06
Note: Simulation executed from .control section 

Warning: m=xx on .subckt line will override multiplier m hierarchy!

