
Note: Compatibility modes selected: hs a


Circuit: * sampler-dff-reset-current-xsb @ tt_27c_3.63v -- generated by sim/harness, do not edit

Doing analysis at TEMP = 27.000000 and TNOM = 27.000000

Using SPARSE 1.3 as Direct Linear Solver

Initial Transient Solution
--------------------------

Node                                   Voltage
----                                   -------
vdd                                       3.63
rst_n                                        0
clk                                          0
d                                            0
xdut.clkb                                 3.63
xdut.rst                                  3.63
xdut.m                             1.45905e-08
xdut.mb                                   3.63
xdut.mc                            3.90167e-08
xdut.s                                    3.63
q                                  1.95319e-08
xdut.qb                                   3.63
qint                               4.88576e-21
vd#branch                          6.41155e-12
vdd#branch                        -5.52691e-11
vclk#branch                                  0
vrst#branch                                  0

 Reference value :  7.66050e-10
 Reference value :  2.88705e-09
No. of Data Rows : 4720
qint1               =  5.82279e-05
qint2               =  2.91146e-04
qint3               =  5.24064e-04
qout_rst            =  2.08822e-09
m_i_reset_xsb_a = 1.1645912500e-04
m_p_reset_xsb_w = 4.2274662375e-04
m_i_reset_xsb_first_a = 1.1645915000e-04
m_i_reset_xsb_last_a = 1.1645910000e-04
m_q_v = 2.0882160000e-09
Note: Simulation executed from .control section 

Warning: m=xx on .subckt line will override multiplier m hierarchy!

