
Note: Compatibility modes selected: hs a


Circuit: * ro-array-core-pvt-q @ ss_-40c_3.63v -- generated by sim/harness, do not edit

Doing analysis at TEMP = -40.000000 and TNOM = 27.000000

Using SPARSE 1.3 as Direct Linear Solver

Initial Transient Solution
--------------------------

Node                                   Voltage
----                                   -------
vsup                                      3.63
en                                        3.63
vddr1                                     3.63
vddr2                                     3.63
vdd                                       3.63
xdut.xr1.xg.py                         1.85958
xdut.xr1.n1                                  0
xdut.rn1                           1.10813e-07
xdut.xr1.xg.nm                               0
xdut.xr1.xg.ny                               0
xdut.xr1.x1.py                            3.63
xdut.xr1.n2                               3.63
xdut.xr1.x1.ny                      1.5106e-12
xdut.xr1.x2.py                            3.63
xdut.xr1.n3                        1.10813e-07
xdut.xr1.x2.ny                     9.28113e-08
xdut.xr1.x3.py                            3.63
xdut.xr1.n4                               3.63
xdut.xr1.x3.ny                     1.51061e-12
xdut.xr1.x4.py                            3.63
xdut.xr1.n5                        1.10813e-07
xdut.xr1.x4.ny                     9.28113e-08
xdut.xr1.x5.py                            3.63
xdut.xr1.n6                               3.63
xdut.xr1.x5.ny                     1.51061e-12
xdut.xr1.x6.py                            3.63
xdut.xr1.n7                        1.10813e-07
xdut.xr1.x6.ny                     9.28113e-08
xdut.xr1.x7.py                            3.63
xdut.xr1.n8                               3.63
xdut.xr1.x7.ny                     1.51061e-12
xdut.xr1.x8.py                            3.63
xdut.xr1.n9                        1.10813e-07
xdut.xr1.x8.ny                     9.28113e-08
xdut.xr1.x9.py                            3.63
xdut.xr1.n10                              3.63
xdut.xr1.x9.ny                     1.51061e-12
xdut.xr1.x10.py                           3.63
xdut.xr1.x10.ny                    9.28113e-08
xdut.xr2.xg.py                         1.87766
xdut.xr2.n1                                  0
xdut.rn2                           1.03873e-07
xdut.xr2.xg.nm                               0
xdut.xr2.xg.ny                               0
xdut.xr2.x1.py                            3.63
xdut.xr2.n2                               3.63
xdut.xr2.x1.ny                     1.39742e-12
xdut.xr2.x2.py                            3.63
xdut.xr2.n3                        1.03873e-07
xdut.xr2.x2.ny                     8.58706e-08
xdut.xr2.x3.py                            3.63
xdut.xr2.n4                               3.63
xdut.xr2.x3.ny                     1.39787e-12
xdut.xr2.x4.py                            3.63
xdut.xr2.n5                        1.03873e-07
xdut.xr2.x4.ny                     8.58706e-08
xdut.xr2.x5.py                            3.63
xdut.xr2.n6                               3.63
xdut.xr2.x5.ny                     1.39787e-12
xdut.xr2.x6.py                            3.63
xdut.xr2.n7                        1.03873e-07
xdut.xr2.x6.ny                     8.58706e-08
xdut.xr2.x7.py                            3.63
xdut.xr2.n8                               3.63
xdut.xr2.x7.ny                     1.39787e-12
xdut.xr2.x8.py                            3.63
xdut.xr2.n9                        1.03873e-07
xdut.xr2.x8.ny                     8.58706e-08
xdut.xr2.x9.py                            3.63
xdut.xr2.n10                              3.63
xdut.xr2.x9.ny                     1.39742e-12
xdut.xr2.x10.py                           3.63
xdut.xr2.x10.ny                    8.58706e-08
ro1                                       3.63
ro2                                       3.63
xdut.xa1.an                        1.80022e-08
xdut.xa1.bn                        1.80022e-08
xdut.xa1.mid                           1.09626
xo                                 1.01837e-07
xdut.xa1.s1                        5.09183e-08
xdut.xa1.s2                        1.33642e-12
q1                                -1.17084e-15
q2                                   -1.24e-15
qt                                -3.20225e-21
vth                                      1.815
bvth#branch                                  0
vtr#branch                         3.20225e-11
vr2#branch                            1.24e-05
vr1#branch                         1.17084e-05
ven#branch                                   0
vsup#branch                       -2.41083e-05

 Reference value :  0.00000e+00
 Reference value :  2.09640e-09
 Reference value :  4.25640e-09
 Reference value :  6.50640e-09
 Reference value :  8.61140e-09
 Reference value :  1.07764e-08
 Reference value :  1.28864e-08
 Reference value :  1.50264e-08
 Reference value :  1.72364e-08
 Reference value :  1.94664e-08
 Reference value :  2.15014e-08
 Reference value :  2.34814e-08
 Reference value :  2.57814e-08
 Reference value :  2.80264e-08
 Reference value :  3.02414e-08
 Reference value :  3.24414e-08
 Reference value :  3.46314e-08
 Reference value :  3.67414e-08
 Reference value :  3.87364e-08
 Reference value :  4.09164e-08
 Reference value :  4.29964e-08
 Reference value :  4.52314e-08
 Reference value :  4.74464e-08
 Reference value :  4.98114e-08
 Reference value :  5.20314e-08
 Reference value :  5.41864e-08
 Reference value :  5.63564e-08
 Reference value :  5.84714e-08
 Reference value :  6.07114e-08
 Reference value :  6.27514e-08
 Reference value :  6.49164e-08
 Reference value :  6.70664e-08
 Reference value :  6.92764e-08
 Reference value :  7.14764e-08
 Reference value :  7.36614e-08
 Reference value :  7.57614e-08
 Reference value :  7.79814e-08
 Reference value :  8.02364e-08
 Reference value :  8.23314e-08
 Reference value :  8.45464e-08
 Reference value :  8.65964e-08
 Reference value :  8.87464e-08
 Reference value :  9.08664e-08
 Reference value :  9.28764e-08
 Reference value :  9.51364e-08
 Reference value :  9.72514e-08
 Reference value :  9.94714e-08
 Reference value :  1.02061e-07
 Reference value :  1.04551e-07
 Reference value :  1.06931e-07
 Reference value :  1.09196e-07
 Reference value :  1.11881e-07
 Reference value :  1.14126e-07
 Reference value :  1.16431e-07
 Reference value :  1.18866e-07
 Reference value :  1.21091e-07
 Reference value :  1.23266e-07
 Reference value :  1.25411e-07
 Reference value :  1.28096e-07
 Reference value :  1.30961e-07
 Reference value :  1.33066e-07
 Reference value :  1.35171e-07
 Reference value :  1.37411e-07
 Reference value :  1.39571e-07
 Reference value :  1.41751e-07
 Reference value :  1.43896e-07
 Reference value :  1.46006e-07
 Reference value :  1.48341e-07
 Reference value :  1.50616e-07
 Reference value :  1.52766e-07
 Reference value :  1.54951e-07
 Reference value :  1.57121e-07
 Reference value :  1.59461e-07
 Reference value :  1.61741e-07
 Reference value :  1.64401e-07
 Reference value :  1.66526e-07
 Reference value :  1.69196e-07
 Reference value :  1.72046e-07
 Reference value :  1.74481e-07
 Reference value :  1.77151e-07
 Reference value :  1.79256e-07
 Reference value :  1.81406e-07
 Reference value :  1.83541e-07
 Reference value :  1.85881e-07
 Reference value :  1.88116e-07
 Reference value :  1.90246e-07
 Reference value :  1.92476e-07
 Reference value :  1.94711e-07
 Reference value :  1.96891e-07
 Reference value :  1.99161e-07
 Reference value :  2.01706e-07
 Reference value :  2.04011e-07
 Reference value :  2.06526e-07
 Reference value :  2.09211e-07
 Reference value :  2.11386e-07
 Reference value :  2.13426e-07
 Reference value :  2.15581e-07
 Reference value :  2.17811e-07
 Reference value :  2.19956e-07
 Reference value :  2.22166e-07
 Reference value :  2.24276e-07
 Reference value :  2.26596e-07
 Reference value :  2.28851e-07
 Reference value :  2.31006e-07
 Reference value :  2.33066e-07
 Reference value :  2.35231e-07
 Reference value :  2.37281e-07
 Reference value :  2.39481e-07
 Reference value :  2.41961e-07
 Reference value :  2.44331e-07
 Reference value :  2.46441e-07
 Reference value :  2.49096e-07
 Reference value :  2.51176e-07
 Reference value :  2.53481e-07
 Reference value :  2.55756e-07
 Reference value :  2.58081e-07
 Reference value :  2.60326e-07
 Reference value :  2.62581e-07
 Reference value :  2.64951e-07
 Reference value :  2.67121e-07
 Reference value :  2.69431e-07
 Reference value :  2.71956e-07
 Reference value :  2.74146e-07
 Reference value :  2.76276e-07
 Reference value :  2.78816e-07
 Reference value :  2.80996e-07
 Reference value :  2.83146e-07
 Reference value :  2.85866e-07
 Reference value :  2.87836e-07
 Reference value :  2.89976e-07
 Reference value :  2.92186e-07
 Reference value :  2.94486e-07
 Reference value :  2.96876e-07
 Reference value :  2.99126e-07
No. of Data Rows : 60008
t1a                 =  1.16097e-08
t1b                 =  3.45847e-08
t2a                 =  1.08790e-08
t2b                 =  3.23743e-08
c1a                 =  -2.53706e-04
c1b                 =  -7.67892e-04
c2a                 =  -2.53046e-04
c2b                 =  -7.65843e-04
cta                 =  -1.91317e-04
ctb                 =  -6.12916e-04
vhi                 =  3.78643e+00 at=  2.61026e-07
vlo                 =  -3.19185e-02 at=  2.18076e-07
vxhi                =  3.75756e+00 at=  2.23371e-07
vxlo                =  -6.22866e-02 at=  2.58111e-07
m_period_r1 = 5.7437450000e-09
m_period_r2 = 5.3738300000e-09
m_f_r1 = 1.7410243665e+08
m_f_r2 = 1.8608701801e+08
m_i_r1_a = -2.238025887e-05
m_i_r2_a = -2.385622080e-05
m_i_tree_a = -1.835032718e-05
m_e_cycle_r1_j = -4.666237950e-13
m_c_eff_node_r1_f = -3.219296268e-15
m_ring_swing_v = 3.8183475300e+00
m_xo_swing_v = 3.8198506000e+00
m_i_total_a = -6.458680685e-05
m_p_rings_w = -1.678384212e-04
m_p_total_w = -2.344501089e-04
m_xo_trans_per_s = 7.2037890932e+08
Note: Simulation executed from .control section 

Warning: m=xx on .subckt line will override multiplier m hierarchy!

