
Note: Compatibility modes selected: hs a


Circuit: * sampler-dff-reset-current-xsb @ tt_125c_2.97v -- generated by sim/harness, do not edit

Doing analysis at TEMP = 125.000000 and TNOM = 27.000000

Using SPARSE 1.3 as Direct Linear Solver

Initial Transient Solution
--------------------------

Node                                   Voltage
----                                   -------
vdd                                       2.97
rst_n                                        0
clk                                          0
d                                            0
xdut.clkb                                 2.97
xdut.m                              4.6706e-08
xdut.mb                                   2.97
xdut.mmid                            0.0792818
xdut.mc                            1.01717e-07
xdut.s                                    2.97
q                                  7.83383e-08
xdut.qb                                   2.97
xdut.s2mid                           0.0792818
qint                                1.7173e-20
vd#branch                          9.08895e-12
vdd#branch                        -1.80819e-10
vclk#branch                                  0
vrst#branch                                  0

 Reference value :  0.00000e+00
 Reference value :  1.59305e-09
 Reference value :  3.13805e-09
No. of Data Rows : 4720
qint1               =  1.56449e-06
qint2               =  1.64618e-06
qint3               =  1.67083e-06
qout_rst            =  -2.03581e-05
m_i_reset_xsb_a = 2.6584750000e-08
m_p_reset_xsb_w = 7.8956707500e-08
m_i_reset_xsb_first_a = 4.0844000000e-08
m_i_reset_xsb_last_a = 1.2325500000e-08
m_q_v = -2.035814000e-05
Note: Simulation executed from .control section 

Warning: m=xx on .subckt line will override multiplier m hierarchy!

