
Note: Compatibility modes selected: hs a


Circuit: * ro-cinv-05stage-jitter @ tt_27c_3.30v -- generated by sim/harness, do not edit

Doing analysis at TEMP = 27.000000 and TNOM = 27.000000

Using SPARSE 1.3 as Direct Linear Solver

Initial Transient Solution
--------------------------

Node                                   Voltage
----                                   -------
vdd                                        3.3
nb                                     1.69667
pb                                     1.06322
x1.ph                                      3.3
n2                                         3.3
g1                                           0
x1.nl                                1.285e-09
x2.ph                                      3.3
n3                                 1.26707e-08
g2                                         3.3
x2.nl                              7.23752e-09
x3.ph                                      3.3
n4                                         3.3
g3                                 1.26707e-08
x3.nl                                1.285e-09
x4.ph                                      3.3
n5                                 1.26706e-08
g4                                         3.3
x4.nl                              7.23742e-09
x5.ph                                  2.38584
n1                                           0
g5                                 1.26706e-08
x5.nl                             -3.50622e-45
xing                                     -1.65
xs40                                     -1.32
xs60                                     -1.98
bs60#branch                                  0
bs40#branch                                  0
bxing#branch                                 0
vn5#branch                                   0
vn4#branch                                   0
vn3#branch                                   0
vn2#branch                                   0
vn1#branch                                   0
vdd#branch                        -0.000371965

 Reference value :  1.43750e-09
 Reference value :  4.30010e-09
 Reference value :  6.37010e-09
 Reference value :  8.33000e-09
 Reference value :  1.05265e-08
 Reference value :  1.24101e-08
 Reference value :  1.52745e-08
 Reference value :  1.81507e-08
 Reference value :  2.04255e-08
 Reference value :  2.19707e-08
 Reference value :  2.33985e-08
 Reference value :  2.48815e-08
 Reference value :  2.77901e-08
 Reference value :  3.07092e-08
 Reference value :  3.28385e-08
 Reference value :  3.43555e-08
 Reference value :  3.62415e-08
 Reference value :  3.90907e-08
 Reference value :  4.13315e-08
 Reference value :  4.29675e-08
 Reference value :  4.48125e-08
 Reference value :  4.63755e-08
 Reference value :  4.79592e-08
 Reference value :  4.98292e-08
 Reference value :  5.16315e-08
 Reference value :  5.32035e-08
 Reference value :  5.48675e-08
 Reference value :  5.72455e-08
 Reference value :  6.01315e-08
 Reference value :  6.22403e-08
 Reference value :  6.39325e-08
 Reference value :  6.54500e-08
 Reference value :  6.79703e-08
 Reference value :  6.98365e-08
 Reference value :  7.13701e-08
 Reference value :  7.28892e-08
 Reference value :  7.51575e-08
 Reference value :  7.67575e-08
 Reference value :  7.83145e-08
 Reference value :  7.97525e-08
 Reference value :  8.14401e-08
 Reference value :  8.30201e-08
 Reference value :  8.44175e-08
 Reference value :  8.60675e-08
 Reference value :  8.76085e-08
 Reference value :  8.91701e-08
 Reference value :  9.06965e-08
 Reference value :  9.22100e-08
 Reference value :  9.36565e-08
 Reference value :  9.51385e-08
 Reference value :  9.65800e-08
 Reference value :  9.80935e-08
 Reference value :  9.95492e-08
 Reference value :  1.01336e-07
 Reference value :  1.02754e-07
 Reference value :  1.04156e-07
 Reference value :  1.05848e-07
 Reference value :  1.07612e-07
 Reference value :  1.09394e-07
 Reference value :  1.11045e-07
 Reference value :  1.12687e-07
 Reference value :  1.14490e-07
 Reference value :  1.15968e-07
 Reference value :  1.17540e-07
 Reference value :  1.19454e-07
 Reference value :  1.20950e-07
 Reference value :  1.22511e-07
 Reference value :  1.23982e-07
 Reference value :  1.25676e-07
 Reference value :  1.27011e-07
 Reference value :  1.28279e-07
 Reference value :  1.29963e-07
 Reference value :  1.31341e-07
 Reference value :  1.32733e-07
 Reference value :  1.33992e-07
 Reference value :  1.35300e-07
 Reference value :  1.37052e-07
 Reference value :  1.38310e-07
 Reference value :  1.39556e-07
 Reference value :  1.40896e-07
 Reference value :  1.42229e-07
 Reference value :  1.43471e-07
 Reference value :  1.44728e-07
 Reference value :  1.46112e-07
 Reference value :  1.47425e-07
 Reference value :  1.48647e-07
 Reference value :  1.49964e-07
 Reference value :  1.51395e-07
 Reference value :  1.52801e-07
 Reference value :  1.54257e-07
 Reference value :  1.55750e-07
 Reference value :  1.57533e-07
 Reference value :  1.59088e-07
 Reference value :  1.60401e-07
 Reference value :  1.61815e-07
 Reference value :  1.63130e-07
 Reference value :  1.64425e-07
 Reference value :  1.66079e-07
 Reference value :  1.67486e-07
 Reference value :  1.68900e-07
 Reference value :  1.70324e-07
 Reference value :  1.71923e-07
 Reference value :  1.73540e-07
 Reference value :  1.74897e-07
 Reference value :  1.76470e-07
 Reference value :  1.77700e-07
 Reference value :  1.79030e-07
 Reference value :  1.80343e-07
 Reference value :  1.81638e-07
 Reference value :  1.83183e-07
 Reference value :  1.84500e-07
 Reference value :  1.85775e-07
 Reference value :  1.87086e-07
 Reference value :  1.88391e-07
 Reference value :  1.89692e-07
 Reference value :  1.90963e-07
 Reference value :  1.93301e-07
 Reference value :  1.94599e-07
 Reference value :  1.95925e-07
 Reference value :  1.97170e-07
 Reference value :  1.98534e-07
 Reference value :  2.00010e-07
 Reference value :  2.01772e-07
 Reference value :  2.03991e-07
 Reference value :  2.05375e-07
 Reference value :  2.06669e-07
 Reference value :  2.07965e-07
 Reference value :  2.09198e-07
 Reference value :  2.10582e-07
 Reference value :  2.11835e-07
 Reference value :  2.13073e-07
 Reference value :  2.14369e-07
 Reference value :  2.15654e-07
 Reference value :  2.16900e-07
 Reference value :  2.18150e-07
 Reference value :  2.19410e-07
 Reference value :  2.20660e-07
 Reference value :  2.21891e-07
 Reference value :  2.23163e-07
 Reference value :  2.24494e-07
 Reference value :  2.25764e-07
 Reference value :  2.26993e-07
 Reference value :  2.28288e-07
 Reference value :  2.29691e-07
 Reference value :  2.30972e-07
 Reference value :  2.32288e-07
 Reference value :  2.33615e-07
 Reference value :  2.34933e-07
 Reference value :  2.36214e-07
 Reference value :  2.37457e-07
 Reference value :  2.38720e-07
 Reference value :  2.40040e-07
 Reference value :  2.41283e-07
 Reference value :  2.42585e-07
 Reference value :  2.43906e-07
 Reference value :  2.45311e-07
 Reference value :  2.46740e-07
 Reference value :  2.47997e-07
 Reference value :  2.49378e-07
 Reference value :  2.50950e-07
 Reference value :  2.52322e-07
 Reference value :  2.53638e-07
 Reference value :  2.54897e-07
 Reference value :  2.56199e-07
 Reference value :  2.57480e-07
 Reference value :  2.58760e-07
 Reference value :  2.60090e-07
 Reference value :  2.61368e-07
 Reference value :  2.62666e-07
 Reference value :  2.64071e-07
 Reference value :  2.65338e-07
 Reference value :  2.67042e-07
 Reference value :  2.69996e-07
 Reference value :  2.72420e-07
 Reference value :  2.73827e-07
 Reference value :  2.75430e-07
 Reference value :  2.78055e-07
 Reference value :  2.79353e-07
 Reference value :  2.80654e-07
 Reference value :  2.81968e-07
 Reference value :  2.83293e-07
 Reference value :  2.84587e-07
 Reference value :  2.85939e-07
 Reference value :  2.87242e-07
 Reference value :  2.88521e-07
 Reference value :  2.89813e-07
 Reference value :  2.91086e-07
 Reference value :  2.92410e-07
 Reference value :  2.93839e-07
 Reference value :  2.95134e-07
 Reference value :  2.96409e-07
 Reference value :  2.97786e-07
 Reference value :  2.99049e-07
 Reference value :  3.00345e-07
 Reference value :  3.01821e-07
 Reference value :  3.03114e-07
 Reference value :  3.04470e-07
 Reference value :  3.05760e-07
 Reference value :  3.07051e-07
 Reference value :  3.08321e-07
 Reference value :  3.09570e-07
 Reference value :  3.10912e-07
 Reference value :  3.12162e-07
 Reference value :  3.13410e-07
 Reference value :  3.14674e-07
 Reference value :  3.16016e-07
 Reference value :  3.17282e-07
 Reference value :  3.18618e-07
 Reference value :  3.19870e-07
 Reference value :  3.21249e-07
 Reference value :  3.22675e-07
 Reference value :  3.23983e-07
 Reference value :  3.25460e-07
 Reference value :  3.26801e-07
 Reference value :  3.28275e-07
 Reference value :  3.29573e-07
No. of Data Rows : 429009
ts40                =  5.08164e-09
ts60                =  5.12639e-09
tk                  =  1.34271e-09
tk                  =  2.59535e-09
tk                  =  3.84842e-09
tk                  =  5.10222e-09
tk                  =  6.35591e-09
tk                  =  7.60982e-09
tk                  =  8.86360e-09
tk                  =  1.01175e-08
tk                  =  1.13717e-08
tk                  =  1.26255e-08
tk                  =  1.38794e-08
tk                  =  1.51331e-08
tk                  =  1.63868e-08
tk                  =  1.76405e-08
tk                  =  1.88942e-08
tk                  =  2.01482e-08
tk                  =  2.14022e-08
tk                  =  2.26561e-08
tk                  =  2.39099e-08
tk                  =  2.51639e-08
tk                  =  2.64179e-08
tk                  =  2.76719e-08
tk                  =  2.89259e-08
tk                  =  3.01800e-08
tk                  =  3.14337e-08
tk                  =  3.26878e-08
tk                  =  3.39419e-08
tk                  =  3.51957e-08
tk                  =  3.64495e-08
tk                  =  3.77037e-08
tk                  =  3.89577e-08
tk                  =  4.02117e-08
tk                  =  4.14658e-08
tk                  =  4.27199e-08
tk                  =  4.39736e-08
tk                  =  4.52276e-08
tk                  =  4.64817e-08
tk                  =  4.77355e-08
tk                  =  4.89893e-08
tk                  =  5.02430e-08
tk                  =  5.14967e-08
tk                  =  5.27505e-08
tk                  =  5.40045e-08
tk                  =  5.52584e-08
tk                  =  5.65121e-08
tk                  =  5.77660e-08
tk                  =  5.90200e-08
tk                  =  6.02738e-08
tk                  =  6.15276e-08
tk                  =  6.27816e-08
tk                  =  6.40355e-08
tk                  =  6.52894e-08
tk                  =  6.65435e-08
tk                  =  6.77973e-08
tk                  =  6.90512e-08
tk                  =  7.03054e-08
tk                  =  7.15591e-08
tk                  =  7.28129e-08
tk                  =  7.40668e-08
tk                  =  7.53206e-08
tk                  =  7.65745e-08
tk                  =  7.78286e-08
tk                  =  7.90824e-08
tk                  =  8.03364e-08
tk                  =  8.15904e-08
tk                  =  8.28443e-08
tk                  =  8.40984e-08
tk                  =  8.53523e-08
tk                  =  8.66063e-08
tk                  =  8.78604e-08
tk                  =  8.91145e-08
tk                  =  9.03683e-08
tk                  =  9.16224e-08
tk                  =  9.28762e-08
tk                  =  9.41299e-08
tk                  =  9.53836e-08
tk                  =  9.66377e-08
tk                  =  9.78916e-08
tk                  =  9.91453e-08
tk                  =  1.00399e-07
tk                  =  1.01653e-07
tk                  =  1.02907e-07
tk                  =  1.04161e-07
tk                  =  1.05414e-07
tk                  =  1.06668e-07
tk                  =  1.07922e-07
tk                  =  1.09175e-07
tk                  =  1.10429e-07
tk                  =  1.11683e-07
tk                  =  1.12937e-07
tk                  =  1.14191e-07
tk                  =  1.15445e-07
tk                  =  1.16699e-07
tk                  =  1.17953e-07
tk                  =  1.19207e-07
tk                  =  1.20461e-07
tk                  =  1.21715e-07
tk                  =  1.22968e-07
tk                  =  1.24222e-07
tk                  =  1.25476e-07
tk                  =  1.26730e-07
tk                  =  1.27984e-07
tk                  =  1.29238e-07
tk                  =  1.30492e-07
tk                  =  1.31746e-07
tk                  =  1.33000e-07
tk                  =  1.34254e-07
tk                  =  1.35507e-07
tk                  =  1.36761e-07
tk                  =  1.38015e-07
tk                  =  1.39269e-07
tk                  =  1.40523e-07
tk                  =  1.41777e-07
tk                  =  1.43031e-07
tk                  =  1.44285e-07
tk                  =  1.45539e-07
tk                  =  1.46793e-07
tk                  =  1.48047e-07
tk                  =  1.49301e-07
tk                  =  1.50555e-07
tk                  =  1.51809e-07
tk                  =  1.53063e-07
tk                  =  1.54317e-07
tk                  =  1.55571e-07
tk                  =  1.56825e-07
tk                  =  1.58079e-07
tk                  =  1.59333e-07
tk                  =  1.60587e-07
tk                  =  1.61841e-07
m_period = 1.2538968047e-09
m_f_osc = 7.9751379560e+08
m_slew_v_per_s = 1.4746626151e+10
m_sigma_1 = 1.9624803760e-13
m_sigma_2 = 3.0094790467e-13
m_sigma_4 = 4.1359864398e-13
m_sigma_8 = 5.9837709190e-13
m_sigma_16 = 8.9774679046e-13
m_sigma_32 = 9.5875409604e-13
Note: Simulation executed from .control section 

Warning: m=xx on .subckt line will override multiplier m hierarchy!

