
Note: Compatibility modes selected: hs a


Circuit: * ro-cinv-05stage-jitter @ tt_27c_3.30v -- generated by sim/harness, do not edit

Doing analysis at TEMP = 27.000000 and TNOM = 27.000000

Using SPARSE 1.3 as Direct Linear Solver

Initial Transient Solution
--------------------------

Node                                   Voltage
----                                   -------
vdd                                        3.3
nb                                     1.69667
pb                                     1.06322
x1.ph                                      3.3
n2                                         3.3
g1                                           0
x1.nl                                1.285e-09
x2.ph                                      3.3
n3                                 1.26707e-08
g2                                         3.3
x2.nl                              7.23752e-09
x3.ph                                      3.3
n4                                         3.3
g3                                 1.26707e-08
x3.nl                                1.285e-09
x4.ph                                      3.3
n5                                 1.26706e-08
g4                                         3.3
x4.nl                              7.23742e-09
x5.ph                                  2.38584
n1                                           0
g5                                 1.26706e-08
x5.nl                             -3.50622e-45
xing                                     -1.65
xs40                                     -1.32
xs60                                     -1.98
bs60#branch                                  0
bs40#branch                                  0
bxing#branch                                 0
vn5#branch                                   0
vn4#branch                                   0
vn3#branch                                   0
vn2#branch                                   0
vn1#branch                                   0
vdd#branch                        -0.000371965

 Reference value :  2.60700e-10
 Reference value :  1.79550e-09
 Reference value :  3.23925e-09
 Reference value :  4.69750e-09
 Reference value :  6.05010e-09
 Reference value :  7.63070e-09
 Reference value :  9.19350e-09
 Reference value :  1.05200e-08
 Reference value :  1.22500e-08
 Reference value :  1.37855e-08
 Reference value :  1.52835e-08
 Reference value :  1.67535e-08
 Reference value :  1.81401e-08
 Reference value :  1.95615e-08
 Reference value :  2.08635e-08
 Reference value :  2.21935e-08
 Reference value :  2.36345e-08
 Reference value :  2.49403e-08
 Reference value :  2.62400e-08
 Reference value :  2.77165e-08
 Reference value :  2.91003e-08
 Reference value :  3.05115e-08
 Reference value :  3.19075e-08
 Reference value :  3.32815e-08
 Reference value :  3.48201e-08
 Reference value :  3.67001e-08
 Reference value :  3.82385e-08
 Reference value :  3.98025e-08
 Reference value :  4.11715e-08
 Reference value :  4.25755e-08
 Reference value :  4.44285e-08
 Reference value :  4.67692e-08
 Reference value :  4.85075e-08
 Reference value :  4.98355e-08
 Reference value :  5.14475e-08
 Reference value :  5.27635e-08
 Reference value :  5.42301e-08
 Reference value :  5.56707e-08
 Reference value :  5.70925e-08
 Reference value :  5.85003e-08
 Reference value :  5.99200e-08
 Reference value :  6.12965e-08
 Reference value :  6.27055e-08
 Reference value :  6.42985e-08
 Reference value :  6.58035e-08
 Reference value :  6.71845e-08
 Reference value :  6.86855e-08
 Reference value :  7.00675e-08
 Reference value :  7.15045e-08
 Reference value :  7.29915e-08
 Reference value :  7.48365e-08
 Reference value :  7.64455e-08
 Reference value :  7.78075e-08
 Reference value :  7.93215e-08
 Reference value :  8.06892e-08
 Reference value :  8.20565e-08
 Reference value :  8.35701e-08
 Reference value :  8.50585e-08
 Reference value :  8.67225e-08
 Reference value :  8.81335e-08
 Reference value :  8.95092e-08
 Reference value :  9.09955e-08
 Reference value :  9.24107e-08
 Reference value :  9.37115e-08
 Reference value :  9.51192e-08
 Reference value :  9.64815e-08
 Reference value :  9.78515e-08
 Reference value :  9.91735e-08
 Reference value :  1.00814e-07
 Reference value :  1.02233e-07
 Reference value :  1.03690e-07
 Reference value :  1.05144e-07
 Reference value :  1.06422e-07
 Reference value :  1.07856e-07
 Reference value :  1.09274e-07
 Reference value :  1.10619e-07
 Reference value :  1.11964e-07
 Reference value :  1.13360e-07
 Reference value :  1.14721e-07
 Reference value :  1.16121e-07
 Reference value :  1.17617e-07
 Reference value :  1.19139e-07
 Reference value :  1.20534e-07
 Reference value :  1.21921e-07
 Reference value :  1.23448e-07
 Reference value :  1.25020e-07
 Reference value :  1.26622e-07
 Reference value :  1.28029e-07
 Reference value :  1.29512e-07
 Reference value :  1.30979e-07
 Reference value :  1.32422e-07
 Reference value :  1.33796e-07
 Reference value :  1.35121e-07
 Reference value :  1.36430e-07
 Reference value :  1.37727e-07
 Reference value :  1.39194e-07
 Reference value :  1.40634e-07
 Reference value :  1.42061e-07
 Reference value :  1.43476e-07
 Reference value :  1.44936e-07
 Reference value :  1.46356e-07
 Reference value :  1.47692e-07
 Reference value :  1.49210e-07
 Reference value :  1.50594e-07
 Reference value :  1.52096e-07
 Reference value :  1.53519e-07
 Reference value :  1.55038e-07
 Reference value :  1.56554e-07
 Reference value :  1.57914e-07
 Reference value :  1.59151e-07
 Reference value :  1.60410e-07
 Reference value :  1.61817e-07
 Reference value :  1.63341e-07
 Reference value :  1.64830e-07
 Reference value :  1.66265e-07
 Reference value :  1.67758e-07
 Reference value :  1.69290e-07
 Reference value :  1.70826e-07
 Reference value :  1.72273e-07
 Reference value :  1.73670e-07
 Reference value :  1.75281e-07
 Reference value :  1.77002e-07
 Reference value :  1.78580e-07
 Reference value :  1.80213e-07
 Reference value :  1.81626e-07
 Reference value :  1.83734e-07
 Reference value :  1.85420e-07
 Reference value :  1.88352e-07
 Reference value :  1.91280e-07
 Reference value :  1.94150e-07
 Reference value :  1.95567e-07
 Reference value :  1.97019e-07
 Reference value :  1.98492e-07
 Reference value :  1.99794e-07
 Reference value :  2.01288e-07
 Reference value :  2.02827e-07
 Reference value :  2.04330e-07
 Reference value :  2.05830e-07
 Reference value :  2.07181e-07
 Reference value :  2.08708e-07
 Reference value :  2.10130e-07
 Reference value :  2.11817e-07
 Reference value :  2.13478e-07
 Reference value :  2.15077e-07
 Reference value :  2.16541e-07
 Reference value :  2.17886e-07
 Reference value :  2.19420e-07
 Reference value :  2.21435e-07
 Reference value :  2.23803e-07
 Reference value :  2.25910e-07
 Reference value :  2.27761e-07
 Reference value :  2.29194e-07
 Reference value :  2.30539e-07
 Reference value :  2.31861e-07
 Reference value :  2.33472e-07
 Reference value :  2.34934e-07
 Reference value :  2.36346e-07
 Reference value :  2.37750e-07
 Reference value :  2.39280e-07
 Reference value :  2.40515e-07
 Reference value :  2.41948e-07
 Reference value :  2.43410e-07
 Reference value :  2.44987e-07
 Reference value :  2.46394e-07
 Reference value :  2.47852e-07
 Reference value :  2.49427e-07
 Reference value :  2.51920e-07
 Reference value :  2.53313e-07
 Reference value :  2.54667e-07
 Reference value :  2.56150e-07
 Reference value :  2.57672e-07
 Reference value :  2.59171e-07
 Reference value :  2.60613e-07
 Reference value :  2.62061e-07
 Reference value :  2.63500e-07
 Reference value :  2.64781e-07
 Reference value :  2.66290e-07
 Reference value :  2.67775e-07
 Reference value :  2.69180e-07
 Reference value :  2.70515e-07
 Reference value :  2.72204e-07
 Reference value :  2.73664e-07
 Reference value :  2.75030e-07
 Reference value :  2.76380e-07
 Reference value :  2.77899e-07
 Reference value :  2.79454e-07
 Reference value :  2.80938e-07
 Reference value :  2.82605e-07
 Reference value :  2.83981e-07
 Reference value :  2.85351e-07
 Reference value :  2.86761e-07
 Reference value :  2.88681e-07
 Reference value :  2.90090e-07
 Reference value :  2.91536e-07
 Reference value :  2.93130e-07
 Reference value :  2.94797e-07
 Reference value :  2.96211e-07
 Reference value :  2.97592e-07
 Reference value :  2.99077e-07
 Reference value :  3.00850e-07
 Reference value :  3.02470e-07
 Reference value :  3.03948e-07
 Reference value :  3.06435e-07
 Reference value :  3.09296e-07
 Reference value :  3.11721e-07
 Reference value :  3.13370e-07
 Reference value :  3.14844e-07
 Reference value :  3.16340e-07
 Reference value :  3.18088e-07
 Reference value :  3.20968e-07
 Reference value :  3.23870e-07
 Reference value :  3.25850e-07
 Reference value :  3.27778e-07
 Reference value :  3.29218e-07
No. of Data Rows : 429009
ts40                =  5.08166e-09
ts60                =  5.12646e-09
tk                  =  1.34275e-09
tk                  =  2.59506e-09
tk                  =  3.84847e-09
tk                  =  5.10221e-09
tk                  =  6.35606e-09
tk                  =  7.60996e-09
tk                  =  8.86385e-09
tk                  =  1.01176e-08
tk                  =  1.13715e-08
tk                  =  1.26254e-08
tk                  =  1.38795e-08
tk                  =  1.51333e-08
tk                  =  1.63872e-08
tk                  =  1.76410e-08
tk                  =  1.88948e-08
tk                  =  2.01489e-08
tk                  =  2.14030e-08
tk                  =  2.26570e-08
tk                  =  2.39107e-08
tk                  =  2.51646e-08
tk                  =  2.64183e-08
tk                  =  2.76722e-08
tk                  =  2.89260e-08
tk                  =  3.01799e-08
tk                  =  3.14340e-08
tk                  =  3.26880e-08
tk                  =  3.39417e-08
tk                  =  3.51955e-08
tk                  =  3.64492e-08
tk                  =  3.77029e-08
tk                  =  3.89568e-08
tk                  =  4.02106e-08
tk                  =  4.14645e-08
tk                  =  4.27183e-08
tk                  =  4.39720e-08
tk                  =  4.52261e-08
tk                  =  4.64799e-08
tk                  =  4.77339e-08
tk                  =  4.89881e-08
tk                  =  5.02419e-08
tk                  =  5.14959e-08
tk                  =  5.27497e-08
tk                  =  5.40037e-08
tk                  =  5.52574e-08
tk                  =  5.65114e-08
tk                  =  5.77655e-08
tk                  =  5.90193e-08
tk                  =  6.02733e-08
tk                  =  6.15272e-08
tk                  =  6.27811e-08
tk                  =  6.40350e-08
tk                  =  6.52889e-08
tk                  =  6.65429e-08
tk                  =  6.77968e-08
tk                  =  6.90506e-08
tk                  =  7.03044e-08
tk                  =  7.15585e-08
tk                  =  7.28122e-08
tk                  =  7.40660e-08
tk                  =  7.53202e-08
tk                  =  7.65743e-08
tk                  =  7.78282e-08
tk                  =  7.90822e-08
tk                  =  8.03362e-08
tk                  =  8.15900e-08
tk                  =  8.28439e-08
tk                  =  8.40979e-08
tk                  =  8.53517e-08
tk                  =  8.66057e-08
tk                  =  8.78596e-08
tk                  =  8.91135e-08
tk                  =  9.03674e-08
tk                  =  9.16214e-08
tk                  =  9.28751e-08
tk                  =  9.41292e-08
tk                  =  9.53830e-08
tk                  =  9.66367e-08
tk                  =  9.78905e-08
tk                  =  9.91446e-08
tk                  =  1.00399e-07
tk                  =  1.01652e-07
tk                  =  1.02906e-07
tk                  =  1.04160e-07
tk                  =  1.05414e-07
tk                  =  1.06668e-07
tk                  =  1.07922e-07
tk                  =  1.09176e-07
tk                  =  1.10430e-07
tk                  =  1.11684e-07
tk                  =  1.12938e-07
tk                  =  1.14191e-07
tk                  =  1.15445e-07
tk                  =  1.16699e-07
tk                  =  1.17953e-07
tk                  =  1.19207e-07
tk                  =  1.20461e-07
tk                  =  1.21715e-07
tk                  =  1.22969e-07
tk                  =  1.24223e-07
tk                  =  1.25477e-07
tk                  =  1.26731e-07
tk                  =  1.27984e-07
tk                  =  1.29238e-07
tk                  =  1.30493e-07
tk                  =  1.31746e-07
tk                  =  1.33000e-07
tk                  =  1.34254e-07
tk                  =  1.35508e-07
tk                  =  1.36762e-07
tk                  =  1.38016e-07
tk                  =  1.39270e-07
tk                  =  1.40524e-07
tk                  =  1.41777e-07
tk                  =  1.43031e-07
tk                  =  1.44285e-07
tk                  =  1.45539e-07
tk                  =  1.46793e-07
tk                  =  1.48047e-07
tk                  =  1.49301e-07
tk                  =  1.50554e-07
tk                  =  1.51808e-07
tk                  =  1.53062e-07
tk                  =  1.54316e-07
tk                  =  1.55570e-07
tk                  =  1.56824e-07
tk                  =  1.58078e-07
tk                  =  1.59332e-07
tk                  =  1.60585e-07
tk                  =  1.61840e-07
m_period = 1.2538816797e-09
m_f_osc = 7.9752341565e+08
m_slew_v_per_s = 1.4734116176e+10
m_sigma_1 = 1.9084713484e-13
m_sigma_2 = 2.5815542642e-13
m_sigma_4 = 3.1729619841e-13
m_sigma_8 = 3.9146720170e-13
m_sigma_16 = 5.5391886489e-13
m_sigma_32 = 1.0068452794e-12
Note: Simulation executed from .control section 

Warning: m=xx on .subckt line will override multiplier m hierarchy!

