
Note: Compatibility modes selected: hs a


Circuit: * ro-array-core-pvt-q @ ff_-40c_3.63v -- generated by sim/harness, do not edit

Doing analysis at TEMP = -40.000000 and TNOM = 27.000000

Using SPARSE 1.3 as Direct Linear Solver

Initial Transient Solution
--------------------------

Node                                   Voltage
----                                   -------
vsup                                      3.63
en                                        3.63
vddr1                                     3.63
vddr2                                     3.63
vdd                                       3.63
xdut.xr1.xg.py                         1.62993
xdut.xr1.n1                                  0
xdut.rn1                             9.098e-08
xdut.xr1.xg.nm                    4.37345e-317
xdut.xr1.xg.ny                    4.03889e-317
xdut.xr1.x1.py                            3.63
xdut.xr1.n2                               3.63
xdut.xr1.x1.ny                     2.30658e-09
xdut.xr1.x2.py                            3.63
xdut.xr1.n3                          9.098e-08
xdut.xr1.x2.ny                     7.58087e-08
xdut.xr1.x3.py                            3.63
xdut.xr1.n4                               3.63
xdut.xr1.x3.ny                     2.30659e-09
xdut.xr1.x4.py                            3.63
xdut.xr1.n5                          9.098e-08
xdut.xr1.x4.ny                     7.58087e-08
xdut.xr1.x5.py                            3.63
xdut.xr1.n6                               3.63
xdut.xr1.x5.ny                     2.30659e-09
xdut.xr1.x6.py                            3.63
xdut.xr1.n7                          9.098e-08
xdut.xr1.x6.ny                     7.58087e-08
xdut.xr1.x7.py                            3.63
xdut.xr1.n8                               3.63
xdut.xr1.x7.ny                     2.30659e-09
xdut.xr1.x8.py                            3.63
xdut.xr1.n9                          9.098e-08
xdut.xr1.x8.ny                     7.58087e-08
xdut.xr1.x9.py                            3.63
xdut.xr1.n10                              3.63
xdut.xr1.x9.ny                     2.30659e-09
xdut.xr1.x10.py                           3.63
xdut.xr1.x10.ny                    7.58087e-08
xdut.xr2.xg.py                         1.64778
xdut.xr2.n1                                  0
xdut.rn2                           8.58704e-08
xdut.xr2.xg.nm                               0
xdut.xr2.xg.ny                               0
xdut.xr2.x1.py                            3.63
xdut.xr2.n2                               3.63
xdut.xr2.x1.ny                     2.15112e-09
xdut.xr2.x2.py                            3.63
xdut.xr2.n3                        8.58704e-08
xdut.xr2.x2.ny                     7.06991e-08
xdut.xr2.x3.py                            3.63
xdut.xr2.n4                               3.63
xdut.xr2.x3.ny                     2.15112e-09
xdut.xr2.x4.py                            3.63
xdut.xr2.n5                        8.58704e-08
xdut.xr2.x4.ny                     7.06991e-08
xdut.xr2.x5.py                            3.63
xdut.xr2.n6                               3.63
xdut.xr2.x5.ny                     2.15112e-09
xdut.xr2.x6.py                            3.63
xdut.xr2.n7                        8.58704e-08
xdut.xr2.x6.ny                     7.06991e-08
xdut.xr2.x7.py                            3.63
xdut.xr2.n8                               3.63
xdut.xr2.x7.ny                     2.15112e-09
xdut.xr2.x8.py                            3.63
xdut.xr2.n9                        8.58704e-08
xdut.xr2.x8.ny                     7.06991e-08
xdut.xr2.x9.py                            3.63
xdut.xr2.n10                              3.63
xdut.xr2.x9.ny                     2.15112e-09
xdut.xr2.x10.py                           3.63
xdut.xr2.x10.ny                    7.06991e-08
ro1                                       3.63
ro2                                       3.63
xdut.xa1.an                        1.51713e-08
xdut.xa1.bn                        1.51713e-08
xdut.xa1.mid                          0.817191
xo                                 9.15202e-08
xdut.xa1.s1                        4.57601e-08
xdut.xa1.s2                        9.38544e-10
q1                                -1.71469e-15
q2                                -1.80436e-15
qt                                -3.35918e-21
vth                                      1.815
bvth#branch                                  0
vtr#branch                         3.35918e-11
vr2#branch                         1.80436e-05
vr1#branch                         1.71469e-05
ven#branch                                   0
vsup#branch                       -3.51905e-05

 Reference value :  0.00000e+00
 Reference value :  1.76140e-09
 Reference value :  4.42640e-09
 Reference value :  6.09640e-09
 Reference value :  7.76140e-09
 Reference value :  9.44640e-09
 Reference value :  1.12714e-08
 Reference value :  1.31614e-08
 Reference value :  1.47964e-08
 Reference value :  1.64714e-08
 Reference value :  1.90464e-08
 Reference value :  2.08964e-08
 Reference value :  2.26964e-08
 Reference value :  2.43614e-08
 Reference value :  2.60164e-08
 Reference value :  2.79114e-08
 Reference value :  2.96764e-08
 Reference value :  3.14614e-08
 Reference value :  3.31364e-08
 Reference value :  3.48414e-08
 Reference value :  3.70864e-08
 Reference value :  3.88964e-08
 Reference value :  4.05964e-08
 Reference value :  4.22614e-08
 Reference value :  4.39914e-08
 Reference value :  4.63714e-08
 Reference value :  4.81264e-08
 Reference value :  4.98014e-08
 Reference value :  5.15864e-08
 Reference value :  5.32764e-08
 Reference value :  5.50414e-08
 Reference value :  5.66614e-08
 Reference value :  5.85664e-08
 Reference value :  6.03414e-08
 Reference value :  6.28164e-08
 Reference value :  6.45914e-08
 Reference value :  6.65614e-08
 Reference value :  6.82714e-08
 Reference value :  6.99464e-08
 Reference value :  7.16464e-08
 Reference value :  7.33264e-08
 Reference value :  7.50114e-08
 Reference value :  7.66364e-08
 Reference value :  7.83814e-08
 Reference value :  8.02164e-08
 Reference value :  8.27214e-08
 Reference value :  8.43764e-08
 Reference value :  8.59764e-08
 Reference value :  8.76014e-08
 Reference value :  8.92964e-08
 Reference value :  9.10014e-08
 Reference value :  9.28714e-08
 Reference value :  9.48914e-08
 Reference value :  9.66564e-08
 Reference value :  9.86464e-08
 Reference value :  1.00411e-07
 Reference value :  1.02026e-07
 Reference value :  1.04321e-07
 Reference value :  1.06121e-07
 Reference value :  1.08521e-07
 Reference value :  1.10646e-07
 Reference value :  1.12566e-07
 Reference value :  1.14216e-07
 Reference value :  1.15936e-07
 Reference value :  1.17526e-07
 Reference value :  1.19201e-07
 Reference value :  1.21536e-07
 Reference value :  1.23261e-07
 Reference value :  1.24881e-07
 Reference value :  1.26601e-07
 Reference value :  1.28241e-07
 Reference value :  1.30306e-07
 Reference value :  1.32181e-07
 Reference value :  1.33881e-07
 Reference value :  1.36031e-07
 Reference value :  1.37726e-07
 Reference value :  1.39861e-07
 Reference value :  1.41951e-07
 Reference value :  1.43531e-07
 Reference value :  1.45296e-07
 Reference value :  1.46991e-07
 Reference value :  1.48651e-07
 Reference value :  1.50451e-07
 Reference value :  1.52156e-07
 Reference value :  1.53826e-07
 Reference value :  1.55496e-07
 Reference value :  1.57241e-07
 Reference value :  1.58921e-07
 Reference value :  1.60616e-07
 Reference value :  1.62301e-07
 Reference value :  1.63971e-07
 Reference value :  1.65541e-07
 Reference value :  1.67181e-07
 Reference value :  1.68841e-07
 Reference value :  1.70496e-07
 Reference value :  1.72246e-07
 Reference value :  1.73956e-07
 Reference value :  1.75616e-07
 Reference value :  1.77186e-07
 Reference value :  1.78881e-07
 Reference value :  1.80591e-07
 Reference value :  1.82231e-07
 Reference value :  1.83891e-07
 Reference value :  1.85496e-07
 Reference value :  1.87161e-07
 Reference value :  1.88866e-07
 Reference value :  1.90556e-07
 Reference value :  1.92201e-07
 Reference value :  1.93766e-07
 Reference value :  1.95411e-07
 Reference value :  1.97026e-07
 Reference value :  1.98901e-07
 Reference value :  2.00771e-07
 Reference value :  2.02511e-07
 Reference value :  2.04116e-07
 Reference value :  2.05911e-07
 Reference value :  2.07611e-07
 Reference value :  2.09281e-07
 Reference value :  2.11626e-07
 Reference value :  2.13766e-07
 Reference value :  2.15371e-07
 Reference value :  2.17496e-07
 Reference value :  2.19166e-07
 Reference value :  2.21521e-07
 Reference value :  2.23361e-07
 Reference value :  2.25876e-07
 Reference value :  2.27826e-07
 Reference value :  2.29541e-07
 Reference value :  2.32001e-07
 Reference value :  2.33746e-07
 Reference value :  2.35531e-07
 Reference value :  2.37486e-07
 Reference value :  2.39756e-07
 Reference value :  2.41876e-07
 Reference value :  2.44096e-07
 Reference value :  2.46271e-07
 Reference value :  2.48321e-07
 Reference value :  2.50451e-07
 Reference value :  2.52731e-07
 Reference value :  2.55006e-07
 Reference value :  2.57051e-07
 Reference value :  2.59251e-07
 Reference value :  2.61446e-07
 Reference value :  2.63661e-07
 Reference value :  2.65746e-07
 Reference value :  2.68181e-07
 Reference value :  2.70356e-07
 Reference value :  2.72641e-07
 Reference value :  2.74936e-07
 Reference value :  2.77066e-07
 Reference value :  2.79126e-07
 Reference value :  2.81236e-07
 Reference value :  2.83391e-07
 Reference value :  2.85771e-07
 Reference value :  2.87716e-07
 Reference value :  2.89936e-07
 Reference value :  2.92276e-07
 Reference value :  2.94266e-07
 Reference value :  2.96721e-07
 Reference value :  2.98716e-07
No. of Data Rows : 60008
t1a                 =  8.12204e-09
t1b                 =  2.41849e-08
t2a                 =  7.64469e-09
t2b                 =  2.27375e-08
c1a                 =  -2.88725e-04
c1b                 =  -8.74975e-04
c2a                 =  -2.87977e-04
c2b                 =  -8.72731e-04
cta                 =  -2.43956e-04
ctb                 =  -7.75105e-04
vhi                 =  3.77612e+00 at=  2.58741e-07
vlo                 =  -3.27392e-02 at=  2.56726e-07
vxhi                =  3.72443e+00 at=  2.85121e-07
vxlo                =  -4.44944e-02 at=  2.11411e-07
m_period_r1 = 4.0157132500e-09
m_period_r2 = 3.7732127500e-09
m_f_r1 = 2.4902176469e+08
m_f_r2 = 2.6502613721e+08
m_i_r1_a = -3.649722126e-05
m_i_r2_a = -3.874380659e-05
m_i_tree_a = -3.306691532e-05
m_e_cycle_r1_j = -5.320214213e-13
m_c_eff_node_r1_f = -3.670482720e-15
m_ring_swing_v = 3.8088622000e+00
m_xo_swing_v = 3.7689214100e+00
m_i_total_a = -1.083079432e-04
m_p_rings_w = -2.731249311e-04
m_p_total_w = -3.931578337e-04
m_xo_trans_per_s = 1.0280958038e+09
Note: Simulation executed from .control section 

Warning: m=xx on .subckt line will override multiplier m hierarchy!

