
Note: Compatibility modes selected: hs a


Circuit: * ro-array-core-pvt-q @ ff_125c_2.97v -- generated by sim/harness, do not edit

Doing analysis at TEMP = 125.000000 and TNOM = 27.000000

Using SPARSE 1.3 as Direct Linear Solver

Initial Transient Solution
--------------------------

Node                                   Voltage
----                                   -------
vsup                                      2.97
en                                        2.97
vddr1                                     2.97
vddr2                                     2.97
vdd                                       2.97
xdut.xr1.xg.py                         1.27984
xdut.xr1.n1                                  0
xdut.ro1                           4.47943e-06
xdut.xr1.xg.nm                    -1.0442e-183
xdut.xr1.xg.ny                   -9.81073e-184
xdut.xr1.x1.py                         2.96986
xdut.xr1.n2                            2.96985
xdut.xr1.x1.ny                     4.46596e-05
xdut.xr1.x2.py                         2.96999
xdut.xr1.n3                        4.47943e-06
xdut.xr1.x2.ny                     3.87022e-06
xdut.xr1.x3.py                         2.96986
xdut.xr1.n4                            2.96985
xdut.xr1.x3.ny                     4.46637e-05
xdut.xr1.x4.py                         2.96999
xdut.xr1.n5                        4.47943e-06
xdut.xr1.x4.ny                     3.87022e-06
xdut.xr1.x5.py                         2.96986
xdut.xr1.n6                            2.96985
xdut.xr1.x5.ny                     4.46637e-05
xdut.xr1.x6.py                         2.96999
xdut.xr1.n7                        4.47943e-06
xdut.xr1.x6.ny                     3.87022e-06
xdut.xr1.x7.py                         2.96986
xdut.xr1.n8                            2.96985
xdut.xr1.x7.ny                     4.46637e-05
xdut.xr1.x8.py                         2.96999
xdut.xr1.n9                        4.47943e-06
xdut.xr1.x8.ny                     3.87022e-06
xdut.xr1.x9.py                         2.96986
xdut.xr1.n10                           2.96985
xdut.xr1.x9.ny                     4.46637e-05
xdut.xr1.x10.py                        2.96999
xdut.xr1.x10.ny                    3.87022e-06
xdut.xr2.xg.py                         1.29565
xdut.xr2.n1                                  0
xdut.ro2                           4.21597e-06
xdut.xr2.xg.nm                    7.04034e-185
xdut.xr2.xg.ny                    6.58536e-185
xdut.xr2.x1.py                         2.96987
xdut.xr2.n2                            2.96986
xdut.xr2.x1.ny                       4.163e-05
xdut.xr2.x2.py                         2.96999
xdut.xr2.n3                        4.21597e-06
xdut.xr2.x2.ny                     3.60685e-06
xdut.xr2.x3.py                         2.96987
xdut.xr2.n4                            2.96986
xdut.xr2.x3.ny                     4.16336e-05
xdut.xr2.x4.py                         2.96999
xdut.xr2.n5                        4.21597e-06
xdut.xr2.x4.ny                     3.60685e-06
xdut.xr2.x5.py                         2.96987
xdut.xr2.n6                            2.96986
xdut.xr2.x5.ny                     4.16336e-05
xdut.xr2.x6.py                         2.96999
xdut.xr2.n7                        4.21597e-06
xdut.xr2.x6.ny                     3.60685e-06
xdut.xr2.x7.py                         2.96987
xdut.xr2.n8                            2.96986
xdut.xr2.x7.ny                     4.16336e-05
xdut.xr2.x8.py                         2.96999
xdut.xr2.n9                        4.21597e-06
xdut.xr2.x8.ny                     3.60685e-06
xdut.xr2.x9.py                         2.96987
xdut.xr2.n10                           2.96986
xdut.xr2.x9.ny                     4.16336e-05
xdut.xr2.x10.py                        2.96999
xdut.xr2.x10.ny                    3.60685e-06
xdut.xa1.an                            2.96999
xdut.xa1.bn                            2.96999
xdut.xa1.mid                              2.97
xo                                 2.08791e-06
xdut.xa1.s1                        1.04274e-06
xdut.xa1.s2                        1.04396e-06
q1                                -7.07433e-16
q2                                -7.51206e-16
qt                                 -2.3828e-19
vth                                      1.485
bvth#branch                                  0
vtr#branch                          2.3828e-09
vr2#branch                         7.51206e-06
vr1#branch                         7.07433e-06
ven#branch                                   0
vsup#branch                       -1.45888e-05

 Reference value :  0.00000e+00
 Reference value :  1.88140e-09
 Reference value :  3.58140e-09
 Reference value :  5.27140e-09
 Reference value :  6.92640e-09
 Reference value :  8.66640e-09
 Reference value :  1.03714e-08
 Reference value :  1.21114e-08
 Reference value :  1.38464e-08
 Reference value :  1.55564e-08
 Reference value :  1.72564e-08
 Reference value :  1.89314e-08
 Reference value :  2.06014e-08
 Reference value :  2.23114e-08
 Reference value :  2.39964e-08
 Reference value :  2.56664e-08
 Reference value :  2.73414e-08
 Reference value :  2.90414e-08
 Reference value :  3.08014e-08
 Reference value :  3.25364e-08
 Reference value :  3.41864e-08
 Reference value :  3.58364e-08
 Reference value :  3.75414e-08
 Reference value :  3.92514e-08
 Reference value :  4.08964e-08
 Reference value :  4.25614e-08
 Reference value :  4.42864e-08
 Reference value :  4.59564e-08
 Reference value :  4.76014e-08
 Reference value :  4.93114e-08
 Reference value :  5.10264e-08
 Reference value :  5.27264e-08
 Reference value :  5.44114e-08
 Reference value :  5.60864e-08
 Reference value :  5.78364e-08
 Reference value :  5.95114e-08
 Reference value :  6.12164e-08
 Reference value :  6.28964e-08
 Reference value :  6.45814e-08
 Reference value :  6.63064e-08
 Reference value :  6.79664e-08
 Reference value :  6.96864e-08
 Reference value :  7.13564e-08
 Reference value :  7.34014e-08
 Reference value :  7.52664e-08
 Reference value :  7.69214e-08
 Reference value :  7.86064e-08
 Reference value :  8.03514e-08
 Reference value :  8.20414e-08
 Reference value :  8.36964e-08
 Reference value :  8.53864e-08
 Reference value :  8.70564e-08
 Reference value :  8.87264e-08
 Reference value :  9.03764e-08
 Reference value :  9.20314e-08
 Reference value :  9.36814e-08
 Reference value :  9.53664e-08
 Reference value :  9.70364e-08
 Reference value :  9.87064e-08
 Reference value :  1.00366e-07
 Reference value :  1.02021e-07
 Reference value :  1.03701e-07
 Reference value :  1.05371e-07
 Reference value :  1.07016e-07
 Reference value :  1.08721e-07
 Reference value :  1.10386e-07
 Reference value :  1.12051e-07
 Reference value :  1.13671e-07
 Reference value :  1.15411e-07
 Reference value :  1.17111e-07
 Reference value :  1.18751e-07
 Reference value :  1.20501e-07
 Reference value :  1.22161e-07
 Reference value :  1.23821e-07
 Reference value :  1.25536e-07
 Reference value :  1.27196e-07
 Reference value :  1.28851e-07
 Reference value :  1.30581e-07
 Reference value :  1.32226e-07
 Reference value :  1.33906e-07
 Reference value :  1.35596e-07
 Reference value :  1.37281e-07
 Reference value :  1.38961e-07
 Reference value :  1.40641e-07
 Reference value :  1.42346e-07
 Reference value :  1.44026e-07
 Reference value :  1.45751e-07
 Reference value :  1.47446e-07
 Reference value :  1.49101e-07
 Reference value :  1.50786e-07
 Reference value :  1.52491e-07
 Reference value :  1.54361e-07
 Reference value :  1.56526e-07
 Reference value :  1.58246e-07
 Reference value :  1.59876e-07
 Reference value :  1.61446e-07
 Reference value :  1.63121e-07
 Reference value :  1.64736e-07
 Reference value :  1.66366e-07
 Reference value :  1.67981e-07
 Reference value :  1.69566e-07
 Reference value :  1.71561e-07
 Reference value :  1.73426e-07
 Reference value :  1.74976e-07
 Reference value :  1.76566e-07
 Reference value :  1.78171e-07
 Reference value :  1.79741e-07
 Reference value :  1.81291e-07
 Reference value :  1.82896e-07
 Reference value :  1.84431e-07
 Reference value :  1.85966e-07
 Reference value :  1.87496e-07
 Reference value :  1.89151e-07
 Reference value :  1.90721e-07
 Reference value :  1.92281e-07
 Reference value :  1.93906e-07
 Reference value :  1.95466e-07
 Reference value :  1.97031e-07
 Reference value :  1.98561e-07
 Reference value :  2.00161e-07
 Reference value :  2.01761e-07
 Reference value :  2.03331e-07
 Reference value :  2.04896e-07
 Reference value :  2.06436e-07
 Reference value :  2.08056e-07
 Reference value :  2.09606e-07
 Reference value :  2.11171e-07
 Reference value :  2.12721e-07
 Reference value :  2.14271e-07
 Reference value :  2.15841e-07
 Reference value :  2.17371e-07
 Reference value :  2.18931e-07
 Reference value :  2.20481e-07
 Reference value :  2.22061e-07
 Reference value :  2.23651e-07
 Reference value :  2.25256e-07
 Reference value :  2.26816e-07
 Reference value :  2.28381e-07
 Reference value :  2.29966e-07
 Reference value :  2.31506e-07
 Reference value :  2.33106e-07
 Reference value :  2.34651e-07
 Reference value :  2.36241e-07
 Reference value :  2.37861e-07
 Reference value :  2.39421e-07
 Reference value :  2.40951e-07
 Reference value :  2.42501e-07
 Reference value :  2.44096e-07
 Reference value :  2.45671e-07
 Reference value :  2.47216e-07
 Reference value :  2.48751e-07
 Reference value :  2.50331e-07
 Reference value :  2.51921e-07
 Reference value :  2.53471e-07
 Reference value :  2.55036e-07
 Reference value :  2.56616e-07
 Reference value :  2.58196e-07
 Reference value :  2.59816e-07
 Reference value :  2.61356e-07
 Reference value :  2.62901e-07
 Reference value :  2.64496e-07
 Reference value :  2.66016e-07
 Reference value :  2.67591e-07
 Reference value :  2.69151e-07
 Reference value :  2.70711e-07
 Reference value :  2.72311e-07
 Reference value :  2.73926e-07
 Reference value :  2.75546e-07
 Reference value :  2.77126e-07
 Reference value :  2.78731e-07
 Reference value :  2.80386e-07
 Reference value :  2.81921e-07
 Reference value :  2.83501e-07
 Reference value :  2.85111e-07
 Reference value :  2.86676e-07
 Reference value :  2.88266e-07
 Reference value :  2.89881e-07
 Reference value :  2.91491e-07
 Reference value :  2.93056e-07
 Reference value :  2.94601e-07
 Reference value :  2.96221e-07
 Reference value :  2.97801e-07
 Reference value :  2.99341e-07
No. of Data Rows : 60008
t1a                 =  1.37506e-08
t1b                 =  4.92237e-08
t2a                 =  1.29152e-08
t2b                 =  4.62923e-08
c1a                 =  -2.05994e-04
c1b                 =  -7.58474e-04
c2a                 =  -2.06181e-04
c2b                 =  -7.61165e-04
cta                 =  -2.41254e-04
ctb                 =  -9.63342e-04
vhi                 =  2.93749e+00 at=  2.02956e-07
vlo                 =  -3.77408e-02 at=  2.33741e-07
vxhi                =  3.00653e+00 at=  2.25176e-07
vxlo                =  -1.74852e-02 at=  2.83161e-07
m_period_r1 = 8.8682850000e-09
m_period_r2 = 8.3442875000e-09
m_f_r1 = 1.1276137382e+08
m_f_r2 = 1.1984246708e+08
m_i_r1_a = -1.557461223e-05
m_i_r2_a = -1.662767193e-05
m_i_tree_a = -2.035589745e-05
m_e_cycle_r1_j = -4.102166970e-13
m_c_eff_node_r1_f = -4.227734925e-15
m_ring_swing_v = 2.9752327500e+00
m_xo_swing_v = 3.0240132100e+00
m_i_total_a = -5.255818160e-05
m_p_rings_w = -9.564078393e-05
m_p_total_w = -1.560977994e-04
m_xo_trans_per_s = 4.6520768179e+08
Note: Simulation executed from .control section 

Warning: m=xx on .subckt line will override multiplier m hierarchy!

