
Note: Compatibility modes selected: hs a


Circuit: * cinv-stage-noise @ ff_125c_2.97v -- generated by sim/harness, do not edit

Doing analysis at TEMP = 125.000000 and TNOM = 27.000000

Using SPARSE 1.3 as Direct Linear Solver

No. of Data Rows : 1
Doing analysis at TEMP = 125.000000 and TNOM = 27.000000

Using SPARSE 1.3 as Direct Linear Solver

No. of Data Rows : 81
Doing analysis at TEMP = 125.000000 and TNOM = 27.000000

Using SPARSE 1.3 as Direct Linear Solver

No. of Data Rows : 81

No. of Data Rows : 1
Doing analysis at TEMP = 125.000000 and TNOM = 27.000000

Using SPARSE 1.3 as Direct Linear Solver

No. of Data Rows : 31

No. of Data Rows : 1
m_vtrip = 1.3696055168e+00
m_vbias_n = 1.5600634582e+00
m_vbias_p = 9.3392643662e-01
m_gain_1meg = 1.6679314176e+01
m_gain_100meg = 1.5394068264e+01
m_gain_1g = 3.9219754419e+00
m_inoise_dens_1meg = 4.2515567137e-08
m_inoise_dens_10meg = 1.8464568808e-08
m_inoise_dens_100meg = 1.3378239212e-08
m_inoise_dens_1g = 1.2508454935e-08
m_inoise_dens_10g = 1.1311420364e-08
m_onoise_dens_1meg = 7.0913050163e-07
m_onoise_dens_1g = 4.9057853071e-08
m_onoise_rms_1k_100g = 4.7218024774e-03
m_onoise_rms_100meg_100g = 3.6081064989e-03
Note: Simulation executed from .control section 

Warning: m=xx on .subckt line will override multiplier m hierarchy!

