
Note: Compatibility modes selected: hs a


Circuit: * sampler-dff-reset-current-xsb @ ss_27c_3.63v -- generated by sim/harness, do not edit

Doing analysis at TEMP = 27.000000 and TNOM = 27.000000

Using SPARSE 1.3 as Direct Linear Solver

Initial Transient Solution
--------------------------

Node                                   Voltage
----                                   -------
vdd                                       3.63
rst_n                                        0
clk                                          0
d                                            0
xdut.clkb                                 3.63
xdut.m                             4.30034e-08
xdut.mb                                   3.63
xdut.mmid                            0.0109614
xdut.mc                            4.32767e-08
xdut.s                                    3.63
q                                  2.16395e-08
xdut.qb                                   3.63
xdut.s2mid                           0.0109614
qint                               3.65476e-21
vd#branch                          1.09427e-11
vdd#branch                        -4.74903e-11
vclk#branch                                  0
vrst#branch                                  0

 Reference value :  0.00000e+00
 Reference value :  1.48505e-09
 Reference value :  2.98905e-09
 Reference value :  4.53605e-09
No. of Data Rows : 4720
qint1               =  1.82235e-06
qint2               =  1.89321e-06
qint3               =  1.91915e-06
qout_rst            =  -1.11505e-05
m_i_reset_xsb_a = 2.4200750000e-08
m_p_reset_xsb_w = 8.7848722500e-08
m_i_reset_xsb_first_a = 3.5432000000e-08
m_i_reset_xsb_last_a = 1.2969500000e-08
m_q_v = -1.115045000e-05
Note: Simulation executed from .control section 

Warning: m=xx on .subckt line will override multiplier m hierarchy!

