
Note: Compatibility modes selected: hs a


Circuit: * sampler-dff-setup-hold @ ss_-40c_2.97v -- generated by sim/harness, do not edit

Doing analysis at TEMP = -40.000000 and TNOM = 27.000000

Using SPARSE 1.3 as Direct Linear Solver

Initial Transient Solution
--------------------------

Node                                   Voltage
----                                   -------
vdd                                       2.97
rst_n                                        0
clk                                          0
d                                            0
xdut.clkb                                 2.97
xdut.m                             3.23257e-08
xdut.mb                                   2.97
xdut.mmid                          7.63585e-06
xdut.mc                            3.23449e-08
xdut.s                                    2.97
q                                  1.61725e-08
xdut.qb                                   2.97
xdut.s2mid                         7.63584e-06
vth                                      1.485
bvth#branch                                  0
vd#branch                          8.91601e-12
vclk#branch                                  0
vrst#branch                                  0
vdd#branch                        -3.86294e-11

 Reference value :  0.00000e+00
 Reference value :  1.58279e-07
 Reference value :  3.12806e-07
 Reference value :  4.78106e-07
 Reference value :  6.43106e-07
 Reference value :  8.04913e-07
 Reference value :  9.72213e-07
 Reference value :  1.13771e-06
 Reference value :  1.30105e-06
 Reference value :  1.44075e-06
 Reference value :  1.60605e-06
 Reference value :  1.77945e-06
 Reference value :  1.94305e-06
 Reference value :  2.10935e-06
 Reference value :  2.27855e-06
 Reference value :  2.44082e-06
 Reference value :  2.63112e-06
 Reference value :  2.82352e-06
 Reference value :  2.98992e-06
 Reference value :  3.15632e-06
 Reference value :  3.32074e-06
 Reference value :  3.48394e-06
 Reference value :  3.65054e-06
 Reference value :  3.81365e-06
 Reference value :  3.97935e-06
 Reference value :  4.14535e-06
 Reference value :  4.30962e-06
 Reference value :  4.47512e-06
 Reference value :  4.64034e-06
 Reference value :  4.80905e-06
 Reference value :  4.97555e-06
 Reference value :  5.13755e-06
 Reference value :  5.30274e-06
 Reference value :  5.46474e-06
 Reference value :  5.63254e-06
 Reference value :  5.81085e-06
 Reference value :  5.97575e-06
 Reference value :  6.14375e-06
 Reference value :  6.30331e-06
 Reference value :  6.46701e-06
No. of Data Rows : 65269
tclk1               =  3.00001e-07
tclk2               =  1.30000e-06
tq_r1               =  3.00118e-07
tq_f1               =  1.30014e-06
q_rst               =  1.61726e-08
q_e1                =  2.97001e+00
q_e2                =  -1.17764e-06
q_e3a               =  2.66831e-04
q_e3b               =  -2.82761e-06
q_e3c               =  -2.67210e-06
q_e4                =  4.64300e-07
q_e5a               =  2.12711e-04
q_e5b               =  1.79066e-06
q_e5c               =  1.69972e-06
q_e6                =  4.64350e-07
q_e7a               =  2.97196e+00
q_e7b               =  2.97001e+00
q_e7c               =  2.97001e+00
m_tpd_clk_q_rise_s = 1.1760000000e-10
m_tpd_clk_q_fall_s = 1.3800000000e-10
m_q_rst_v = 1.6172610000e-08
m_q_e1_v = 2.9700070000e+00
m_q_e2_v = -1.177640000e-06
m_q_e4_v = 4.6430000000e-07
m_q_e3_1ns_v = 2.6683130000e-04
m_q_e3_10ns_v = -2.827615000e-06
m_q_e3_100ns_v = -2.672102000e-06
m_q_e3_drift_v = -2.695034020e-04
m_q_e3_rail_dev_v = -2.672102000e-06
m_q_e5_1ns_v = 2.1271130000e-04
m_q_e5_10ns_v = 1.7906620000e-06
m_q_e5_100ns_v = 1.6997190000e-06
m_q_e5_drift_v = -2.110115810e-04
m_q_e5_rail_dev_v = 1.6997190000e-06
m_q_e6_v = 4.6435000000e-07
m_q_e7_1ns_v = 2.9719570000e+00
m_q_e7_10ns_v = 2.9700070000e+00
m_q_e7_100ns_v = 2.9700070000e+00
m_q_e7_drift_v = -1.950000000e-03
m_q_e7_rail_dev_v = -6.999998958e-06
Note: Simulation executed from .control section 

Warning: m=xx on .subckt line will override multiplier m hierarchy!

