
Note: Compatibility modes selected: hs a


Circuit: * ro-array-core-pvt-q @ ff_27c_3.63v -- generated by sim/harness, do not edit

Doing analysis at TEMP = 27.000000 and TNOM = 27.000000

Using SPARSE 1.3 as Direct Linear Solver

Initial Transient Solution
--------------------------

Node                                   Voltage
----                                   -------
vsup                                      3.63
en                                        3.63
vddr1                                     3.63
vddr2                                     3.63
vdd                                       3.63
xdut.xr1.xg.py                         1.57163
xdut.xr1.n1                                  0
xdut.ro1                           1.25943e-07
xdut.xr1.xg.nm                    2.12789e-181
xdut.xr1.xg.ny                     1.9825e-181
xdut.xr1.x1.py                            3.63
xdut.xr1.n2                               3.63
xdut.xr1.x1.ny                       5.512e-07
xdut.xr1.x2.py                            3.63
xdut.xr1.n3                        1.25943e-07
xdut.xr1.x2.ny                     1.07085e-07
xdut.xr1.x3.py                            3.63
xdut.xr1.n4                               3.63
xdut.xr1.x3.ny                     5.51202e-07
xdut.xr1.x4.py                            3.63
xdut.xr1.n5                        1.25943e-07
xdut.xr1.x4.ny                     1.07085e-07
xdut.xr1.x5.py                            3.63
xdut.xr1.n6                               3.63
xdut.xr1.x5.ny                     5.51202e-07
xdut.xr1.x6.py                            3.63
xdut.xr1.n7                        1.25943e-07
xdut.xr1.x6.ny                     1.07085e-07
xdut.xr1.x7.py                            3.63
xdut.xr1.n8                               3.63
xdut.xr1.x7.ny                     5.51202e-07
xdut.xr1.x8.py                            3.63
xdut.xr1.n9                        1.25943e-07
xdut.xr1.x8.ny                     1.07085e-07
xdut.xr1.x9.py                            3.63
xdut.xr1.n10                              3.63
xdut.xr1.x9.ny                     5.51202e-07
xdut.xr1.x10.py                           3.63
xdut.xr1.x10.ny                    1.07085e-07
xdut.xr2.xg.py                         1.59027
xdut.xr2.n1                                  0
xdut.ro2                           1.18733e-07
xdut.xr2.xg.nm                    4.28255e-170
xdut.xr2.xg.ny                    3.97011e-170
xdut.xr2.x1.py                            3.63
xdut.xr2.n2                               3.63
xdut.xr2.x1.ny                     5.14088e-07
xdut.xr2.x2.py                            3.63
xdut.xr2.n3                        1.18733e-07
xdut.xr2.x2.ny                     9.98749e-08
xdut.xr2.x3.py                            3.63
xdut.xr2.n4                               3.63
xdut.xr2.x3.ny                      5.1409e-07
xdut.xr2.x4.py                            3.63
xdut.xr2.n5                        1.18733e-07
xdut.xr2.x4.ny                     9.98749e-08
xdut.xr2.x5.py                            3.63
xdut.xr2.n6                               3.63
xdut.xr2.x5.ny                      5.1409e-07
xdut.xr2.x6.py                            3.63
xdut.xr2.n7                        1.18733e-07
xdut.xr2.x6.ny                     9.98749e-08
xdut.xr2.x7.py                            3.63
xdut.xr2.n8                               3.63
xdut.xr2.x7.ny                      5.1409e-07
xdut.xr2.x8.py                            3.63
xdut.xr2.n9                        1.18733e-07
xdut.xr2.x8.ny                     9.98749e-08
xdut.xr2.x9.py                            3.63
xdut.xr2.n10                              3.63
xdut.xr2.x9.ny                      5.1409e-07
xdut.xr2.x10.py                           3.63
xdut.xr2.x10.ny                    9.98749e-08
xdut.xa1.an                               3.63
xdut.xa1.bn                               3.63
xdut.xa1.mid                              3.63
xo                                 4.91347e-08
xdut.xa1.s1                        2.24564e-08
xdut.xa1.s2                        2.45674e-08
q1                                 -1.4088e-15
q2                                -1.48594e-15
qt                                -5.92856e-21
vth                                      1.815
bvth#branch                                  0
vtr#branch                         5.92856e-11
vr2#branch                         1.48594e-05
vr1#branch                          1.4088e-05
ven#branch                                   0
vsup#branch                       -2.89474e-05

 Reference value :  0.00000e+00
 Reference value :  1.66640e-09
 Reference value :  3.41640e-09
 Reference value :  5.06140e-09
 Reference value :  6.79640e-09
 Reference value :  8.73140e-09
 Reference value :  1.04614e-08
 Reference value :  1.22014e-08
 Reference value :  1.39014e-08
 Reference value :  1.56514e-08
 Reference value :  1.73264e-08
 Reference value :  1.90664e-08
 Reference value :  2.08264e-08
 Reference value :  2.24964e-08
 Reference value :  2.42114e-08
 Reference value :  2.58864e-08
 Reference value :  2.76514e-08
 Reference value :  2.93914e-08
 Reference value :  3.10914e-08
 Reference value :  3.28914e-08
 Reference value :  3.46864e-08
 Reference value :  3.64564e-08
 Reference value :  3.81964e-08
 Reference value :  3.99264e-08
 Reference value :  4.16364e-08
 Reference value :  4.33464e-08
 Reference value :  4.50864e-08
 Reference value :  4.68664e-08
 Reference value :  4.85764e-08
 Reference value :  5.03264e-08
 Reference value :  5.20414e-08
 Reference value :  5.37664e-08
 Reference value :  5.54864e-08
 Reference value :  5.71964e-08
 Reference value :  5.89514e-08
 Reference value :  6.06514e-08
 Reference value :  6.23614e-08
 Reference value :  6.41564e-08
 Reference value :  6.59514e-08
 Reference value :  6.76564e-08
 Reference value :  6.94564e-08
 Reference value :  7.11764e-08
 Reference value :  7.29064e-08
 Reference value :  7.46014e-08
 Reference value :  7.63714e-08
 Reference value :  7.81214e-08
 Reference value :  7.98464e-08
 Reference value :  8.16314e-08
 Reference value :  8.34014e-08
 Reference value :  8.51014e-08
 Reference value :  8.68364e-08
 Reference value :  8.86314e-08
 Reference value :  9.03464e-08
 Reference value :  9.20514e-08
 Reference value :  9.37764e-08
 Reference value :  9.55264e-08
 Reference value :  9.72914e-08
 Reference value :  9.89914e-08
 Reference value :  1.00826e-07
 Reference value :  1.02541e-07
 Reference value :  1.04211e-07
 Reference value :  1.05966e-07
 Reference value :  1.07746e-07
 Reference value :  1.09411e-07
 Reference value :  1.11156e-07
 Reference value :  1.12931e-07
 Reference value :  1.14631e-07
 Reference value :  1.16356e-07
 Reference value :  1.18101e-07
 Reference value :  1.19831e-07
 Reference value :  1.21556e-07
 Reference value :  1.23321e-07
 Reference value :  1.25011e-07
 Reference value :  1.26686e-07
 Reference value :  1.28416e-07
 Reference value :  1.30161e-07
 Reference value :  1.31906e-07
 Reference value :  1.33636e-07
 Reference value :  1.35361e-07
 Reference value :  1.37031e-07
 Reference value :  1.38796e-07
 Reference value :  1.40546e-07
 Reference value :  1.42226e-07
 Reference value :  1.43931e-07
 Reference value :  1.45681e-07
 Reference value :  1.47426e-07
 Reference value :  1.49166e-07
 Reference value :  1.50926e-07
 Reference value :  1.52656e-07
 Reference value :  1.54411e-07
 Reference value :  1.56231e-07
 Reference value :  1.57951e-07
 Reference value :  1.59686e-07
 Reference value :  1.61376e-07
 Reference value :  1.63106e-07
 Reference value :  1.64821e-07
 Reference value :  1.66556e-07
 Reference value :  1.68226e-07
 Reference value :  1.70011e-07
 Reference value :  1.71741e-07
 Reference value :  1.73516e-07
 Reference value :  1.75261e-07
 Reference value :  1.76996e-07
 Reference value :  1.78716e-07
 Reference value :  1.80496e-07
 Reference value :  1.82221e-07
 Reference value :  1.84041e-07
 Reference value :  1.85801e-07
 Reference value :  1.87566e-07
 Reference value :  1.89281e-07
 Reference value :  1.91011e-07
 Reference value :  1.92751e-07
 Reference value :  1.94506e-07
 Reference value :  1.96246e-07
 Reference value :  1.97941e-07
 Reference value :  1.99706e-07
 Reference value :  2.01426e-07
 Reference value :  2.03166e-07
 Reference value :  2.04846e-07
 Reference value :  2.06571e-07
 Reference value :  2.08341e-07
 Reference value :  2.10101e-07
 Reference value :  2.11826e-07
 Reference value :  2.13561e-07
 Reference value :  2.15271e-07
 Reference value :  2.16986e-07
 Reference value :  2.18706e-07
 Reference value :  2.20471e-07
 Reference value :  2.22211e-07
 Reference value :  2.23966e-07
 Reference value :  2.25761e-07
 Reference value :  2.27451e-07
 Reference value :  2.29146e-07
 Reference value :  2.30926e-07
 Reference value :  2.32706e-07
 Reference value :  2.34436e-07
 Reference value :  2.36151e-07
 Reference value :  2.37956e-07
 Reference value :  2.39731e-07
 Reference value :  2.42276e-07
 Reference value :  2.45281e-07
 Reference value :  2.46991e-07
 Reference value :  2.48706e-07
 Reference value :  2.50466e-07
 Reference value :  2.53041e-07
 Reference value :  2.54826e-07
 Reference value :  2.56606e-07
 Reference value :  2.58376e-07
 Reference value :  2.60251e-07
 Reference value :  2.62081e-07
 Reference value :  2.63856e-07
 Reference value :  2.65616e-07
 Reference value :  2.67321e-07
 Reference value :  2.69026e-07
 Reference value :  2.70811e-07
 Reference value :  2.72531e-07
 Reference value :  2.74301e-07
 Reference value :  2.76016e-07
 Reference value :  2.77851e-07
 Reference value :  2.79611e-07
 Reference value :  2.81376e-07
 Reference value :  2.83116e-07
 Reference value :  2.84891e-07
 Reference value :  2.86806e-07
 Reference value :  2.88661e-07
 Reference value :  2.90681e-07
 Reference value :  2.92601e-07
 Reference value :  2.94416e-07
 Reference value :  2.96116e-07
 Reference value :  2.97871e-07
 Reference value :  2.99626e-07
No. of Data Rows : 60008
t1a                 =  8.44896e-09
t1b                 =  3.02619e-08
t2a                 =  7.96794e-09
t2b                 =  2.85871e-08
c1a                 =  -2.43200e-04
c1b                 =  -8.95730e-04
c2a                 =  -2.43594e-04
c2b                 =  -8.99597e-04
cta                 =  -2.61858e-04
ctb                 =  -1.05988e-03
vhi                 =  3.78234e+00 at=  2.01086e-07
vlo                 =  -4.67776e-02 at=  2.03801e-07
vxhi                =  3.67443e+00 at=  2.52451e-07
vxlo                =  -2.68405e-02 at=  2.83116e-07
m_period_r1 = 5.4532337500e-09
m_period_r2 = 5.1547900000e-09
m_f_r1 = 1.8337743179e+08
m_f_r2 = 1.9399432373e+08
m_i_r1_a = -2.991483264e-05
m_i_r2_a = -3.181523884e-05
m_i_tree_a = -3.658476496e-05
m_e_cycle_r1_j = -5.921712473e-13
m_c_eff_node_r1_f = -4.085463937e-15
m_ring_swing_v = 3.8291195800e+00
m_xo_swing_v = 3.7012674500e+00
m_i_total_a = -9.831483644e-05
m_p_rings_w = -2.240801595e-04
m_p_total_w = -3.568828563e-04
m_xo_trans_per_s = 7.5474351102e+08
Note: Simulation executed from .control section 

Warning: m=xx on .subckt line will override multiplier m hierarchy!

