
Note: No compatibility mode selected!


Circuit: * ro-array-core-power-extracted @ ff_-40c_3.63v -- generated by sim/harness, do not edit

Doing analysis at TEMP = -40.000000 and TNOM = 27.000000

Using SPARSE 1.3 as Direct Linear Solver

Initial Transient Solution
--------------------------

Node                                   Voltage
----                                   -------
vsup                                      3.63
en                                        3.63
vddr1                                     3.63
vddr2                                     3.63
vdd                                       3.63
xdut.xr1.xg.vss__t0                1.61223e-10
xdut.xr1.xg.vddr__t0                      3.63
xdut.xr1.xg.\$8                    2.68031e-08
vsubs                                 0.351138
xdut.xr1.xg.\$7                    2.84984e-08
xdut.xr1.xg.a__t0                  1.40893e-07
xdut.xr1.xg.y__t0                  1.31124e-13
xdut.xr1.xg.en__t0                        3.63
xdut.xr1.xg.\$5__t1                    1.62244
xdut.xr1.xg.vss__t1                          0
xdut.xr1.xg.vddr__t1                   3.62922
xdut.xr1.xg.\$9                        3.01746
xdut.xr1.xg.y__t1                  4.22848e-06
xdut.xr1.xg.a__t1                  1.40893e-07
xdut.xr1.xg.\$5__t2                    1.62242
xdut.xr1.xg.\$5__t0                    1.62243
xdut.xr1.xg.en__t1                        3.63
xdut.xr1.xg.y__t2                  9.21754e-13
xdut.xr1.xg.\$5                        1.62243
xdut.rn1                           1.40893e-07
xdut.xr1.n1                                  0
xdut.xr1.x1.\$5                     8.2619e-08
xdut.xr1.x1.a__t0                            0
xdut.xr1.x1.y__t0                         3.63
xdut.xr1.x1.vddr__t0                      3.63
xdut.xr1.x1.vss__t0                2.37449e-10
xdut.xr1.x1.vddr__t1                      3.63
xdut.xr1.x1.vss__t1                          0
xdut.xr1.x1.\$6                           3.63
xdut.xr1.x1.\$7                           3.63
xdut.xr1.x1.a__t1                            0
xdut.xr1.x1.y__t1                         3.63
xdut.xr1.n2                               3.63
xdut.xr1.x2.\$5                    1.18951e-07
xdut.xr1.x2.a__t0                         3.63
xdut.xr1.x2.y__t0                  1.40891e-07
xdut.xr1.x2.vddr__t0                      3.63
xdut.xr1.x2.vss__t0                3.34077e-10
xdut.xr1.x2.vddr__t1                      3.63
xdut.xr1.x2.vss__t1                          0
xdut.xr1.x2.\$6                           3.63
xdut.xr1.x2.\$7                        3.06386
xdut.xr1.x2.a__t1                         3.63
xdut.xr1.x2.y__t1                  1.40895e-07
xdut.xr1.n3                        1.40893e-07
xdut.xr1.x3.\$5                    8.26194e-08
xdut.xr1.x3.a__t0                  1.40893e-07
xdut.xr1.x3.y__t0                         3.63
xdut.xr1.x3.vddr__t0                      3.63
xdut.xr1.x3.vss__t0                 2.3745e-10
xdut.xr1.x3.vddr__t1                      3.63
xdut.xr1.x3.vss__t1                          0
xdut.xr1.x3.\$6                           3.63
xdut.xr1.x3.\$7                           3.63
xdut.xr1.x3.a__t1                  1.40893e-07
xdut.xr1.x3.y__t1                         3.63
xdut.xr1.n4                               3.63
xdut.xr1.x4.\$5                    1.18951e-07
xdut.xr1.x4.a__t0                         3.63
xdut.xr1.x4.y__t0                  1.40891e-07
xdut.xr1.x4.vddr__t0                      3.63
xdut.xr1.x4.vss__t0                3.34077e-10
xdut.xr1.x4.vddr__t1                      3.63
xdut.xr1.x4.vss__t1                          0
xdut.xr1.x4.\$6                           3.63
xdut.xr1.x4.\$7                        3.06386
xdut.xr1.x4.a__t1                         3.63
xdut.xr1.x4.y__t1                  1.40895e-07
xdut.xr1.n5                        1.40893e-07
xdut.xr1.x5.\$5                    8.26194e-08
xdut.xr1.x5.a__t0                  1.40893e-07
xdut.xr1.x5.y__t0                         3.63
xdut.xr1.x5.vddr__t0                      3.63
xdut.xr1.x5.vss__t0                 2.3745e-10
xdut.xr1.x5.vddr__t1                      3.63
xdut.xr1.x5.vss__t1                          0
xdut.xr1.x5.\$6                           3.63
xdut.xr1.x5.\$7                           3.63
xdut.xr1.x5.a__t1                  1.40893e-07
xdut.xr1.x5.y__t1                         3.63
xdut.xr1.n6                               3.63
xdut.xr1.x6.\$5                    1.18951e-07
xdut.xr1.x6.a__t0                         3.63
xdut.xr1.x6.y__t0                  1.40891e-07
xdut.xr1.x6.vddr__t0                      3.63
xdut.xr1.x6.vss__t0                3.34077e-10
xdut.xr1.x6.vddr__t1                      3.63
xdut.xr1.x6.vss__t1                          0
xdut.xr1.x6.\$6                           3.63
xdut.xr1.x6.\$7                        3.06386
xdut.xr1.x6.a__t1                         3.63
xdut.xr1.x6.y__t1                  1.40895e-07
xdut.xr1.n7                        1.40893e-07
xdut.xr1.x7.\$5                    8.26194e-08
xdut.xr1.x7.a__t0                  1.40893e-07
xdut.xr1.x7.y__t0                         3.63
xdut.xr1.x7.vddr__t0                      3.63
xdut.xr1.x7.vss__t0                 2.3745e-10
xdut.xr1.x7.vddr__t1                      3.63
xdut.xr1.x7.vss__t1                          0
xdut.xr1.x7.\$6                           3.63
xdut.xr1.x7.\$7                           3.63
xdut.xr1.x7.a__t1                  1.40893e-07
xdut.xr1.x7.y__t1                         3.63
xdut.xr1.n8                               3.63
xdut.xr1.x8.\$5                    1.18951e-07
xdut.xr1.x8.a__t0                         3.63
xdut.xr1.x8.y__t0                  1.40891e-07
xdut.xr1.x8.vddr__t0                      3.63
xdut.xr1.x8.vss__t0                3.34077e-10
xdut.xr1.x8.vddr__t1                      3.63
xdut.xr1.x8.vss__t1                          0
xdut.xr1.x8.\$6                           3.63
xdut.xr1.x8.\$7                        3.06386
xdut.xr1.x8.a__t1                         3.63
xdut.xr1.x8.y__t1                  1.40895e-07
xdut.xr1.n9                        1.40893e-07
xdut.xr1.x9.\$5                    8.26194e-08
xdut.xr1.x9.a__t0                  1.40893e-07
xdut.xr1.x9.y__t0                         3.63
xdut.xr1.x9.vddr__t0                      3.63
xdut.xr1.x9.vss__t0                 2.3745e-10
xdut.xr1.x9.vddr__t1                      3.63
xdut.xr1.x9.vss__t1                          0
xdut.xr1.x9.\$6                           3.63
xdut.xr1.x9.\$7                           3.63
xdut.xr1.x9.a__t1                  1.40893e-07
xdut.xr1.x9.y__t1                         3.63
xdut.xr1.n10                              3.63
xdut.xr1.x10.\$5                   1.18951e-07
xdut.xr1.x10.a__t0                        3.63
xdut.xr1.x10.y__t0                 1.40891e-07
xdut.xr1.x10.vddr__t0                     3.63
xdut.xr1.x10.vss__t0               3.34077e-10
xdut.xr1.x10.vddr__t1                     3.63
xdut.xr1.x10.vss__t1                         0
xdut.xr1.x10.\$6                          3.63
xdut.xr1.x10.\$7                       3.06386
xdut.xr1.x10.a__t1                        3.63
xdut.xr1.x10.y__t1                 1.40895e-07
xdut.xr2.xg.vss__t0                1.68612e-10
xdut.xr2.xg.vddr__t0                      3.63
xdut.xr2.xg.\$8                    2.50024e-08
xdut.xr2.xg.\$7                    2.66977e-08
xdut.xr2.xg.a__t0                  1.33062e-07
xdut.xr2.xg.y__t0                  1.31124e-13
xdut.xr2.xg.en__t0                        3.63
xdut.xr2.xg.\$5__t1                    1.64347
xdut.xr2.xg.vss__t1                          0
xdut.xr2.xg.vddr__t1                   3.62917
xdut.xr2.xg.\$9                        3.01737
xdut.xr2.xg.y__t1                  4.47016e-06
xdut.xr2.xg.a__t1                  1.33062e-07
xdut.xr2.xg.\$5__t2                    1.64346
xdut.xr2.xg.\$5__t0                    1.64346
xdut.xr2.xg.en__t1                        3.63
xdut.xr2.xg.y__t2                  9.21725e-13
xdut.xr2.xg.\$5                        1.64346
xdut.rn2                           1.33062e-07
xdut.xr2.n1                                  0
xdut.xr2.x1.\$5                    7.70308e-08
xdut.xr2.x1.a__t0                            0
xdut.xr2.x1.y__t0                         3.63
xdut.xr2.x1.vss__t0                2.40216e-10
xdut.xr2.x1.vddr__t0                      3.63
xdut.xr2.x1.vddr__t1                      3.63
xdut.xr2.x1.vss__t1                          0
xdut.xr2.x1.\$6                           3.63
xdut.xr2.x1.\$7                           3.63
xdut.xr2.x1.a__t1                            0
xdut.xr2.x1.y__t1                         3.63
xdut.xr2.n2                               3.63
xdut.xr2.x2.\$5                     1.1108e-07
xdut.xr2.x2.a__t0                         3.63
xdut.xr2.x2.y__t0                   1.3306e-07
xdut.xr2.x2.vss__t0                3.38479e-10
xdut.xr2.x2.vddr__t0                      3.63
xdut.xr2.x2.vddr__t1                      3.63
xdut.xr2.x2.vss__t1                          0
xdut.xr2.x2.\$6                           3.63
xdut.xr2.x2.\$7                        3.06364
xdut.xr2.x2.a__t1                         3.63
xdut.xr2.x2.y__t1                  1.33064e-07
xdut.xr2.n3                        1.33062e-07
xdut.xr2.x3.\$5                    7.70311e-08
xdut.xr2.x3.a__t0                  1.33062e-07
xdut.xr2.x3.y__t0                         3.63
xdut.xr2.x3.vss__t0                2.40217e-10
xdut.xr2.x3.vddr__t0                      3.63
xdut.xr2.x3.vddr__t1                      3.63
xdut.xr2.x3.vss__t1                          0
xdut.xr2.x3.\$6                           3.63
xdut.xr2.x3.\$7                           3.63
xdut.xr2.x3.a__t1                  1.33062e-07
xdut.xr2.x3.y__t1                         3.63
xdut.xr2.n4                               3.63
xdut.xr2.x4.\$5                     1.1108e-07
xdut.xr2.x4.a__t0                         3.63
xdut.xr2.x4.y__t0                   1.3306e-07
xdut.xr2.x4.vss__t0                3.38479e-10
xdut.xr2.x4.vddr__t0                      3.63
xdut.xr2.x4.vddr__t1                      3.63
xdut.xr2.x4.vss__t1                          0
xdut.xr2.x4.\$6                           3.63
xdut.xr2.x4.\$7                        3.06364
xdut.xr2.x4.a__t1                         3.63
xdut.xr2.x4.y__t1                  1.33064e-07
xdut.xr2.n5                        1.33062e-07
xdut.xr2.x5.\$5                    7.70311e-08
xdut.xr2.x5.a__t0                  1.33062e-07
xdut.xr2.x5.y__t0                         3.63
xdut.xr2.x5.vss__t0                2.40217e-10
xdut.xr2.x5.vddr__t0                      3.63
xdut.xr2.x5.vddr__t1                      3.63
xdut.xr2.x5.vss__t1                          0
xdut.xr2.x5.\$6                           3.63
xdut.xr2.x5.\$7                           3.63
xdut.xr2.x5.a__t1                  1.33062e-07
xdut.xr2.x5.y__t1                         3.63
xdut.xr2.n6                               3.63
xdut.xr2.x6.\$5                     1.1108e-07
xdut.xr2.x6.a__t0                         3.63
xdut.xr2.x6.y__t0                   1.3306e-07
xdut.xr2.x6.vss__t0                3.38479e-10
xdut.xr2.x6.vddr__t0                      3.63
xdut.xr2.x6.vddr__t1                      3.63
xdut.xr2.x6.vss__t1                          0
xdut.xr2.x6.\$6                           3.63
xdut.xr2.x6.\$7                        3.06364
xdut.xr2.x6.a__t1                         3.63
xdut.xr2.x6.y__t1                  1.33064e-07
xdut.xr2.n7                        1.33062e-07
xdut.xr2.x7.\$5                    7.70311e-08
xdut.xr2.x7.a__t0                  1.33062e-07
xdut.xr2.x7.y__t0                         3.63
xdut.xr2.x7.vss__t0                2.40217e-10
xdut.xr2.x7.vddr__t0                      3.63
xdut.xr2.x7.vddr__t1                      3.63
xdut.xr2.x7.vss__t1                          0
xdut.xr2.x7.\$6                           3.63
xdut.xr2.x7.\$7                           3.63
xdut.xr2.x7.a__t1                  1.33062e-07
xdut.xr2.x7.y__t1                         3.63
xdut.xr2.n8                               3.63
xdut.xr2.x8.\$5                     1.1108e-07
xdut.xr2.x8.a__t0                         3.63
xdut.xr2.x8.y__t0                   1.3306e-07
xdut.xr2.x8.vss__t0                3.38479e-10
xdut.xr2.x8.vddr__t0                      3.63
xdut.xr2.x8.vddr__t1                      3.63
xdut.xr2.x8.vss__t1                          0
xdut.xr2.x8.\$6                           3.63
xdut.xr2.x8.\$7                        3.06364
xdut.xr2.x8.a__t1                         3.63
xdut.xr2.x8.y__t1                  1.33064e-07
xdut.xr2.n9                        1.33062e-07
xdut.xr2.x9.\$5                    7.70311e-08
xdut.xr2.x9.a__t0                  1.33062e-07
xdut.xr2.x9.y__t0                         3.63
xdut.xr2.x9.vss__t0                2.40217e-10
xdut.xr2.x9.vddr__t0                      3.63
xdut.xr2.x9.vddr__t1                      3.63
xdut.xr2.x9.vss__t1                          0
xdut.xr2.x9.\$6                           3.63
xdut.xr2.x9.\$7                           3.63
xdut.xr2.x9.a__t1                  1.33062e-07
xdut.xr2.x9.y__t1                         3.63
xdut.xr2.n10                              3.63
xdut.xr2.x10.\$5                    1.1108e-07
xdut.xr2.x10.a__t0                        3.63
xdut.xr2.x10.y__t0                  1.3306e-07
xdut.xr2.x10.vss__t0               3.38479e-10
xdut.xr2.x10.vddr__t0                     3.63
xdut.xr2.x10.vddr__t1                     3.63
xdut.xr2.x10.vss__t1                         0
xdut.xr2.x10.\$6                          3.63
xdut.xr2.x10.\$7                       3.06364
xdut.xr2.x10.a__t1                        3.63
xdut.xr2.x10.y__t1                 1.33064e-07
xdut.xb1.vss__t0                   3.59294e-13
xdut.xb1.a__t0                     1.40893e-07
xdut.xb1.y__t0                            3.63
xdut.xb1.vdd__t0                          3.63
xdut.xb1.a__t1                     1.40893e-07
xdut.xb1.y__t1                            3.63
xdut.xb1.\$5                              3.63
ro1                                       3.63
xdut.xb2.vss__t0                   3.59294e-13
xdut.xb2.a__t0                     1.33062e-07
xdut.xb2.y__t0                            3.63
xdut.xb2.vdd__t0                          3.63
xdut.xb2.a__t1                     1.33062e-07
xdut.xb2.y__t1                            3.63
xdut.xb2.\$5                              3.63
ro2                                       3.63
xdut.xa1.\$2__t0                    2.8638e-08
xdut.xa1.a__t0                            3.63
xdut.xa1.vss__t0                   2.94401e-11
xdut.xa1.\$3__t3                   2.86249e-08
xdut.xa1.b__t1                            3.63
xdut.xa1.vss__t3                   1.63556e-11
xdut.xa1.y__t3                     1.25061e-07
xdut.xa1.a__t3                            3.63
xdut.xa1.\$4__t1                   6.34843e-08
xdut.xa1.\$4__t0                   6.33069e-08
xdut.xa1.b__t3                            3.63
xdut.xa1.vss__t1                   3.43451e-11
xdut.xa1.y__t2                     1.25172e-07
xdut.xa1.\$2__t1                   2.89708e-08
xdut.xa1.\$6__t1                      0.295116
xdut.xa1.\$6__t0                      0.295116
xdut.xa1.\$3__t2                   2.89598e-08
xdut.xa1.vss__t2                   1.93048e-12
xdut.xa1.\$2__t2                   2.90597e-08
xdut.xa1.a__t1                            3.63
xdut.xa1.vdd__t0                          3.63
xdut.xa1.\$11                          3.03697
xdut.xa1.\$3__t1                   2.90492e-08
xdut.xa1.b__t0                            3.63
xdut.xa1.vdd__t3                          3.63
xdut.xa1.\$8__t3                       0.77366
xdut.xa1.a__t2                            3.63
xdut.xa1.vdd__t1                          3.63
xdut.xa1.\$8__t2                       0.77366
xdut.xa1.b__t2                            3.63
xdut.xa1.vdd__t2                          3.63
xdut.xa1.y__t0                     1.25209e-07
xdut.xa1.\$2__t3                   2.89708e-08
xdut.xa1.\$8__t1                       0.77366
xdut.xa1.y__t1                     1.25219e-07
xdut.xa1.\$3__t0                   2.89598e-08
xdut.xa1.\$8__t0                       0.77366
xdut.xa1.\$2                       2.89708e-08
xdut.xa1.\$3                       2.89598e-08
xdut.xa1.\$4                       6.33956e-08
xdut.xa1.\$6                          0.295116
xdut.xa1.\$8                           0.77366
xo                                 1.25171e-07
q1                                -1.99142e-15
q2                                -2.10524e-15
qt                                -5.27806e-21
vth                                      1.815
bvth#branch                                  0
vtr#branch                         5.27806e-11
vr2#branch                         2.10524e-05
vr1#branch                         1.99142e-05
ven#branch                        -8.32667e-17
vsup#branch                       -4.09666e-05

 Reference value :  0.00000e+00
 Reference value :  1.52280e-10
 Reference value :  3.04280e-10
 Reference value :  4.74280e-10
 Reference value :  6.22280e-10
 Reference value :  7.95280e-10
 Reference value :  9.51280e-10
 Reference value :  1.03128e-09
 Reference value :  1.12728e-09
 Reference value :  1.27328e-09
 Reference value :  1.29828e-09
 Reference value :  1.35328e-09
 Reference value :  1.39328e-09
 Reference value :  1.42328e-09
 Reference value :  1.51628e-09
 Reference value :  1.58628e-09
 Reference value :  1.67528e-09
 Reference value :  1.74728e-09
 Reference value :  1.75028e-09
 Reference value :  1.75428e-09
 Reference value :  1.84228e-09
 Reference value :  2.00228e-09
 Reference value :  2.14828e-09
 Reference value :  2.30828e-09
 Reference value :  2.45528e-09
 Reference value :  2.52928e-09
 Reference value :  2.59328e-09
 Reference value :  2.74828e-09
 Reference value :  2.92128e-09
 Reference value :  3.06028e-09
 Reference value :  3.20228e-09
 Reference value :  3.24228e-09
 Reference value :  3.29528e-09
 Reference value :  3.35228e-09
 Reference value :  3.40628e-09
 Reference value :  3.41728e-09
 Reference value :  3.43228e-09
 Reference value :  3.43528e-09
 Reference value :  3.49428e-09
 Reference value :  3.55628e-09
 Reference value :  3.67728e-09
 Reference value :  3.76228e-09
 Reference value :  3.88028e-09
 Reference value :  3.97228e-09
 Reference value :  4.04028e-09
 Reference value :  4.08828e-09
 Reference value :  4.14228e-09
 Reference value :  4.20328e-09
 Reference value :  4.24728e-09
 Reference value :  4.28628e-09
 Reference value :  4.29028e-09
 Reference value :  4.29428e-09
 Reference value :  4.29828e-09
 Reference value :  4.30528e-09
 Reference value :  4.38928e-09
 Reference value :  4.46428e-09
 Reference value :  4.54728e-09
 Reference value :  4.61928e-09
 Reference value :  4.70528e-09
 Reference value :  4.79728e-09
 Reference value :  4.95328e-09
 Reference value :  5.00128e-09
 Reference value :  5.16728e-09
 Reference value :  5.26828e-09
 Reference value :  5.27128e-09
 Reference value :  5.37528e-09
 Reference value :  5.54428e-09
 Reference value :  5.63628e-09
 Reference value :  5.73928e-09
 Reference value :  5.90628e-09
 Reference value :  6.06028e-09
 Reference value :  6.20128e-09
 Reference value :  6.34728e-09
 Reference value :  6.50728e-09
 Reference value :  6.66228e-09
 Reference value :  6.82328e-09
 Reference value :  6.99328e-09
 Reference value :  7.15128e-09
 Reference value :  7.31328e-09
 Reference value :  7.46528e-09
 Reference value :  7.63328e-09
 Reference value :  7.73028e-09
 Reference value :  7.89928e-09
 Reference value :  8.06928e-09
 Reference value :  8.20228e-09
 Reference value :  8.37028e-09
 Reference value :  8.51628e-09
 Reference value :  8.68328e-09
 Reference value :  8.83328e-09
 Reference value :  8.98828e-09
 Reference value :  9.13328e-09
 Reference value :  9.20428e-09
 Reference value :  9.34328e-09
 Reference value :  9.45628e-09
 Reference value :  9.62528e-09
 Reference value :  9.79528e-09
 Reference value :  9.96628e-09
 Reference value :  1.01333e-08
 Reference value :  1.02863e-08
 Reference value :  1.04603e-08
 Reference value :  1.06223e-08
 Reference value :  1.07743e-08
 Reference value :  1.09423e-08
 Reference value :  1.11043e-08
 Reference value :  1.12553e-08
 Reference value :  1.14073e-08
 Reference value :  1.15723e-08
 Reference value :  1.17093e-08
 Reference value :  1.17153e-08
 Reference value :  1.17673e-08
 Reference value :  1.18313e-08
 Reference value :  1.18733e-08
 Reference value :  1.19013e-08
 Reference value :  1.19613e-08
 Reference value :  1.20373e-08
 Reference value :  1.20413e-08
 Reference value :  1.20533e-08
 Reference value :  1.20773e-08
 Reference value :  1.22243e-08
 Reference value :  1.22783e-08
 Reference value :  1.23173e-08
 Reference value :  1.23333e-08
 Reference value :  1.23373e-08
 Reference value :  1.24033e-08
 Reference value :  1.24903e-08
 Reference value :  1.25633e-08
 Reference value :  1.26233e-08
 Reference value :  1.26643e-08
 Reference value :  1.26953e-08
 Reference value :  1.26993e-08
 Reference value :  1.28553e-08
 Reference value :  1.30203e-08
 Reference value :  1.30883e-08
 Reference value :  1.32343e-08
 Reference value :  1.32853e-08
 Reference value :  1.34493e-08
 Reference value :  1.35903e-08
 Reference value :  1.37543e-08
 Reference value :  1.39183e-08
 Reference value :  1.40153e-08
 Reference value :  1.41583e-08
 Reference value :  1.43093e-08
 Reference value :  1.44813e-08
 Reference value :  1.46393e-08
 Reference value :  1.46893e-08
 Reference value :  1.47173e-08
 Reference value :  1.47873e-08
 Reference value :  1.48033e-08
 Reference value :  1.48073e-08
 Reference value :  1.48113e-08
 Reference value :  1.48143e-08
 Reference value :  1.48183e-08
 Reference value :  1.48223e-08
 Reference value :  1.48663e-08
 Reference value :  1.49243e-08
 Reference value :  1.49273e-08
 Reference value :  1.49343e-08
 Reference value :  1.49763e-08
 Reference value :  1.50373e-08
 Reference value :  1.51083e-08
 Reference value :  1.51753e-08
 Reference value :  1.52753e-08
 Reference value :  1.53003e-08
 Reference value :  1.53163e-08
 Reference value :  1.53193e-08
 Reference value :  1.53223e-08
 Reference value :  1.53303e-08
 Reference value :  1.53783e-08
 Reference value :  1.55413e-08
 Reference value :  1.56863e-08
 Reference value :  1.58613e-08
 Reference value :  1.59463e-08
 Reference value :  1.60003e-08
 Reference value :  1.60383e-08
 Reference value :  1.61723e-08
 Reference value :  1.63423e-08
 Reference value :  1.64913e-08
 Reference value :  1.66323e-08
 Reference value :  1.67803e-08
 Reference value :  1.69373e-08
 Reference value :  1.71073e-08
 Reference value :  1.71303e-08
 Reference value :  1.71853e-08
 Reference value :  1.72453e-08
 Reference value :  1.73143e-08
 Reference value :  1.73573e-08
 Reference value :  1.73903e-08
 Reference value :  1.74543e-08
 Reference value :  1.75323e-08
 Reference value :  1.75903e-08
 Reference value :  1.76443e-08
 Reference value :  1.78173e-08
 Reference value :  1.79643e-08
 Reference value :  1.81383e-08
 Reference value :  1.82953e-08
 Reference value :  1.84673e-08
 Reference value :  1.86413e-08
 Reference value :  1.88043e-08
 Reference value :  1.89733e-08
 Reference value :  1.91303e-08
 Reference value :  1.92993e-08
 Reference value :  1.94523e-08
 Reference value :  1.96263e-08
 Reference value :  1.97933e-08
 Reference value :  1.99413e-08
 Reference value :  2.01083e-08
 Reference value :  2.02413e-08
 Reference value :  2.04133e-08
 Reference value :  2.05833e-08
 Reference value :  2.06863e-08
 Reference value :  2.08313e-08
 Reference value :  2.09833e-08
 Reference value :  2.11523e-08
 Reference value :  2.13053e-08
 Reference value :  2.14773e-08
 Reference value :  2.15443e-08
 Reference value :  2.16753e-08
 Reference value :  2.18243e-08
 Reference value :  2.19413e-08
 Reference value :  2.20903e-08
 Reference value :  2.22273e-08
 Reference value :  2.23923e-08
 Reference value :  2.25433e-08
 Reference value :  2.26883e-08
 Reference value :  2.28573e-08
 Reference value :  2.29963e-08
 Reference value :  2.31573e-08
 Reference value :  2.33093e-08
 Reference value :  2.34813e-08
 Reference value :  2.36383e-08
 Reference value :  2.37793e-08
 Reference value :  2.38943e-08
 Reference value :  2.40483e-08
 Reference value :  2.42013e-08
 Reference value :  2.43543e-08
 Reference value :  2.45263e-08
 Reference value :  2.46963e-08
 Reference value :  2.48233e-08
 Reference value :  2.48703e-08
 Reference value :  2.49353e-08
 Reference value :  2.49693e-08
 Reference value :  2.50583e-08
 Reference value :  2.51423e-08
 Reference value :  2.52133e-08
 Reference value :  2.52993e-08
 Reference value :  2.53073e-08
 Reference value :  2.53613e-08
 Reference value :  2.54213e-08
 Reference value :  2.54293e-08
 Reference value :  2.55123e-08
 Reference value :  2.55933e-08
 Reference value :  2.56593e-08
 Reference value :  2.57373e-08
 Reference value :  2.58273e-08
 Reference value :  2.58783e-08
 Reference value :  2.59063e-08
 Reference value :  2.59333e-08
 Reference value :  2.60723e-08
 Reference value :  2.62423e-08
 Reference value :  2.63953e-08
 Reference value :  2.65523e-08
 Reference value :  2.67203e-08
 Reference value :  2.68223e-08
 Reference value :  2.69933e-08
 Reference value :  2.71453e-08
 Reference value :  2.73223e-08
 Reference value :  2.74933e-08
 Reference value :  2.76053e-08
 Reference value :  2.77353e-08
 Reference value :  2.78823e-08
 Reference value :  2.80443e-08
 Reference value :  2.81843e-08
 Reference value :  2.83033e-08
 Reference value :  2.84573e-08
 Reference value :  2.86213e-08
 Reference value :  2.87603e-08
 Reference value :  2.88363e-08
 Reference value :  2.88593e-08
 Reference value :  2.88993e-08
 Reference value :  2.89923e-08
 Reference value :  2.90583e-08
 Reference value :  2.91583e-08
 Reference value :  2.92473e-08
 Reference value :  2.92613e-08
 Reference value :  2.92653e-08
 Reference value :  2.93783e-08
 Reference value :  2.95473e-08
 Reference value :  2.96973e-08
 Reference value :  2.98683e-08
 Reference value :  2.99853e-08
 Reference value :  2.99903e-08
 Reference value :  3.00143e-08
 Reference value :  3.01193e-08
 Reference value :  3.01653e-08
 Reference value :  3.02553e-08
 Reference value :  3.03413e-08
 Reference value :  3.03903e-08
 Reference value :  3.03943e-08
 Reference value :  3.04273e-08
 Reference value :  3.05303e-08
 Reference value :  3.05703e-08
 Reference value :  3.06983e-08
 Reference value :  3.08093e-08
 Reference value :  3.09013e-08
 Reference value :  3.10673e-08
 Reference value :  3.11573e-08
 Reference value :  3.11933e-08
 Reference value :  3.13153e-08
 Reference value :  3.14883e-08
 Reference value :  3.16053e-08
 Reference value :  3.16553e-08
 Reference value :  3.17403e-08
 Reference value :  3.17753e-08
 Reference value :  3.17873e-08
 Reference value :  3.18273e-08
 Reference value :  3.18493e-08
 Reference value :  3.18553e-08
 Reference value :  3.18603e-08
 Reference value :  3.19133e-08
 Reference value :  3.19273e-08
 Reference value :  3.20503e-08
 Reference value :  3.22183e-08
 Reference value :  3.23623e-08
 Reference value :  3.24223e-08
 Reference value :  3.25253e-08
 Reference value :  3.26723e-08
 Reference value :  3.28263e-08
 Reference value :  3.29843e-08
 Reference value :  3.31273e-08
 Reference value :  3.32513e-08
 Reference value :  3.34003e-08
 Reference value :  3.35133e-08
 Reference value :  3.35993e-08
 Reference value :  3.37283e-08
 Reference value :  3.38193e-08
 Reference value :  3.39123e-08
 Reference value :  3.39973e-08
 Reference value :  3.40783e-08
 Reference value :  3.41683e-08
 Reference value :  3.42363e-08
 Reference value :  3.43323e-08
 Reference value :  3.44743e-08
 Reference value :  3.46293e-08
 Reference value :  3.47603e-08
 Reference value :  3.48003e-08
 Reference value :  3.49693e-08
 Reference value :  3.51053e-08
 Reference value :  3.52683e-08
 Reference value :  3.54183e-08
 Reference value :  3.55863e-08
 Reference value :  3.57263e-08
 Reference value :  3.58913e-08
 Reference value :  3.60573e-08
 Reference value :  3.62133e-08
 Reference value :  3.63783e-08
 Reference value :  3.65363e-08
 Reference value :  3.66913e-08
 Reference value :  3.68433e-08
 Reference value :  3.69983e-08
 Reference value :  3.71583e-08
 Reference value :  3.72923e-08
 Reference value :  3.74483e-08
 Reference value :  3.76013e-08
 Reference value :  3.77473e-08
 Reference value :  3.78963e-08
 Reference value :  3.80643e-08
 Reference value :  3.82323e-08
 Reference value :  3.83623e-08
 Reference value :  3.85273e-08
 Reference value :  3.86343e-08
 Reference value :  3.86813e-08
 Reference value :  3.86973e-08
 Reference value :  3.87793e-08
 Reference value :  3.88263e-08
 Reference value :  3.88503e-08
 Reference value :  3.88543e-08
 Reference value :  3.88823e-08
 Reference value :  3.90483e-08
 Reference value :  3.91923e-08
 Reference value :  3.92213e-08
 Reference value :  3.93773e-08
 Reference value :  3.95413e-08
 Reference value :  3.97043e-08
 Reference value :  3.98523e-08
 Reference value :  4.00063e-08
 Reference value :  4.01633e-08
 Reference value :  4.03353e-08
 Reference value :  4.04903e-08
 Reference value :  4.04963e-08
 Reference value :  4.05003e-08
 Reference value :  4.05683e-08
 Reference value :  4.06303e-08
 Reference value :  4.06913e-08
 Reference value :  4.07363e-08
 Reference value :  4.07533e-08
 Reference value :  4.07673e-08
 Reference value :  4.07713e-08
 Reference value :  4.07873e-08
 Reference value :  4.09463e-08
 Reference value :  4.11053e-08
 Reference value :  4.12773e-08
 Reference value :  4.14243e-08
 Reference value :  4.14323e-08
 Reference value :  4.14813e-08
 Reference value :  4.14923e-08
 Reference value :  4.15353e-08
 Reference value :  4.17013e-08
 Reference value :  4.18603e-08
 Reference value :  4.20003e-08
 Reference value :  4.21553e-08
 Reference value :  4.23053e-08
 Reference value :  4.24753e-08
 Reference value :  4.25383e-08
 Reference value :  4.27143e-08
 Reference value :  4.28733e-08
 Reference value :  4.30103e-08
 Reference value :  4.31103e-08
 Reference value :  4.32093e-08
 Reference value :  4.33853e-08
 Reference value :  4.35543e-08
 Reference value :  4.37113e-08
 Reference value :  4.38583e-08
 Reference value :  4.40113e-08
 Reference value :  4.41833e-08
 Reference value :  4.43093e-08
 Reference value :  4.43743e-08
 Reference value :  4.45353e-08
 Reference value :  4.46983e-08
 Reference value :  4.48733e-08
 Reference value :  4.49843e-08
 Reference value :  4.50123e-08
 Reference value :  4.50713e-08
 Reference value :  4.51693e-08
 Reference value :  4.52513e-08
 Reference value :  4.53393e-08
 Reference value :  4.54323e-08
 Reference value :  4.54613e-08
 Reference value :  4.55943e-08
 Reference value :  4.57333e-08
 Reference value :  4.59063e-08
 Reference value :  4.60723e-08
 Reference value :  4.60933e-08
 Reference value :  4.62553e-08
 Reference value :  4.64043e-08
 Reference value :  4.65643e-08
 Reference value :  4.67173e-08
 Reference value :  4.68973e-08
 Reference value :  4.70663e-08
 Reference value :  4.72173e-08
 Reference value :  4.73903e-08
 Reference value :  4.75493e-08
 Reference value :  4.77173e-08
 Reference value :  4.78213e-08
 Reference value :  4.79873e-08
 Reference value :  4.81543e-08
 Reference value :  4.83163e-08
 Reference value :  4.84923e-08
 Reference value :  4.86293e-08
 Reference value :  4.87963e-08
 Reference value :  4.89573e-08
 Reference value :  4.91333e-08
 Reference value :  4.92973e-08
 Reference value :  4.94593e-08
 Reference value :  4.96273e-08
 Reference value :  4.97083e-08
 Reference value :  4.98283e-08
 Reference value :  4.99843e-08
No. of Data Rows : 50008
t1a                 =  9.97096e-09
t1b                 =  3.01370e-08
t2a                 =  9.40927e-09
t2b                 =  2.84719e-08
c1a                 =  -3.66619e-04
c1b                 =  -1.09510e-03
c2a                 =  -3.67689e-04
c2b                 =  -1.09487e-03
cta                 =  -5.09139e-04
ctb                 =  -1.61810e-03
vhi                 =  3.73726e+00 at=  3.12393e-08
vlo                 =  -1.48753e-02 at=  2.85943e-08
vxhi                =  3.64317e+00 at=  4.74033e-08
vxlo                =  -3.74431e-02 at=  2.85133e-08
m_period_r1 = 5.0414995000e-09
m_period_r2 = 4.7656600000e-09
m_f_r1 = 1.9835368426e+08
m_f_r2 = 2.0983452449e+08
m_i_r1_a = -3.612417794e-05
m_i_r2_a = -3.814699328e-05
m_i_tree_a = -5.499155559e-05
m_e_cycle_r1_j = -6.610956908e-13
m_c_eff_node_r1_f = -4.560982344e-15
m_ring_swing_v = 3.7521323000e+00
m_xo_swing_v = 3.6806171100e+00
m_i_total_a = -1.292627268e-04
m_p_rings_w = -2.696043515e-04
m_p_total_w = -4.692236983e-04
m_xo_trans_per_s = 8.1637641750e+08
Note: Simulation executed from .control section 

Note: Starting dynamic gmin stepping
Note: Dynamic gmin stepping completed
