
Note: Compatibility modes selected: hs a


Circuit: * ro-inv-05stage-jitter @ tt_125c_3.30v -- generated by sim/harness, do not edit

Doing analysis at TEMP = 125.000000 and TNOM = 27.000000

Using SPARSE 1.3 as Direct Linear Solver

Initial Transient Solution
--------------------------

Node                                   Voltage
----                                   -------
vdd                                        3.3
n2                                         3.3
g1                                           0
n3                                 4.61962e-08
g2                                         3.3
n4                                         3.3
g3                                 4.61962e-08
n5                                 4.61962e-08
g4                                         3.3
n1                                           0
g5                                 4.61962e-08
xing                                     -1.65
xs40                                     -1.32
xs60                                     -1.98
bs60#branch                                  0
bs40#branch                                  0
bxing#branch                                 0
vn5#branch                                   0
vn4#branch                                   0
vn3#branch                                   0
vn2#branch                                   0
vn1#branch                                   0
vdd#branch                         -0.00044037

 Reference value :  3.82500e-10
 Reference value :  3.18350e-09
 Reference value :  6.18925e-09
 Reference value :  9.15925e-09
 Reference value :  1.21007e-08
 Reference value :  1.51807e-08
 Reference value :  1.79415e-08
 Reference value :  2.06935e-08
 Reference value :  2.34465e-08
 Reference value :  2.61045e-08
 Reference value :  2.92055e-08
 Reference value :  3.19401e-08
 Reference value :  3.49925e-08
 Reference value :  3.76845e-08
 Reference value :  4.08992e-08
 Reference value :  4.38101e-08
 Reference value :  4.65425e-08
 Reference value :  4.96145e-08
 Reference value :  5.23215e-08
 Reference value :  5.49875e-08
 Reference value :  5.80065e-08
 Reference value :  6.14935e-08
 Reference value :  6.48975e-08
 Reference value :  6.75992e-08
 Reference value :  7.03103e-08
 Reference value :  7.31945e-08
 Reference value :  7.64401e-08
 Reference value :  7.92603e-08
 Reference value :  8.19855e-08
 Reference value :  8.47992e-08
 Reference value :  8.78803e-08
 Reference value :  9.13965e-08
 Reference value :  9.41501e-08
 Reference value :  9.74075e-08
 Reference value :  1.00630e-07
 Reference value :  1.03490e-07
 Reference value :  1.06270e-07
 Reference value :  1.08976e-07
 Reference value :  1.11969e-07
 Reference value :  1.15129e-07
 Reference value :  1.17896e-07
 Reference value :  1.20568e-07
 Reference value :  1.23435e-07
 Reference value :  1.26210e-07
 Reference value :  1.29250e-07
 Reference value :  1.31948e-07
 Reference value :  1.34736e-07
 Reference value :  1.37600e-07
 Reference value :  1.40691e-07
 Reference value :  1.43571e-07
 Reference value :  1.46529e-07
 Reference value :  1.49854e-07
 Reference value :  1.52550e-07
 Reference value :  1.55472e-07
 Reference value :  1.58390e-07
 Reference value :  1.61269e-07
 Reference value :  1.64072e-07
 Reference value :  1.66714e-07
 Reference value :  1.69484e-07
No. of Data Rows : 221009
ts40                =  2.93740e-09
ts60                =  2.95980e-09
tk                  =  7.69692e-10
tk                  =  1.49594e-09
tk                  =  2.22207e-09
tk                  =  2.94814e-09
tk                  =  3.67456e-09
tk                  =  4.40094e-09
tk                  =  5.12711e-09
tk                  =  5.85350e-09
tk                  =  6.57977e-09
tk                  =  7.30589e-09
tk                  =  8.03211e-09
tk                  =  8.75834e-09
tk                  =  9.48444e-09
tk                  =  1.02105e-08
tk                  =  1.09366e-08
tk                  =  1.16628e-08
tk                  =  1.23891e-08
tk                  =  1.31154e-08
tk                  =  1.38415e-08
tk                  =  1.45676e-08
tk                  =  1.52940e-08
tk                  =  1.60203e-08
tk                  =  1.67466e-08
tk                  =  1.74728e-08
tk                  =  1.81990e-08
tk                  =  1.89251e-08
tk                  =  1.96514e-08
tk                  =  2.03777e-08
tk                  =  2.11038e-08
tk                  =  2.18300e-08
tk                  =  2.25562e-08
tk                  =  2.32825e-08
tk                  =  2.40088e-08
tk                  =  2.47349e-08
tk                  =  2.54612e-08
tk                  =  2.61873e-08
tk                  =  2.69136e-08
tk                  =  2.76399e-08
tk                  =  2.83660e-08
tk                  =  2.90920e-08
tk                  =  2.98183e-08
tk                  =  3.05444e-08
tk                  =  3.12705e-08
tk                  =  3.19968e-08
tk                  =  3.27228e-08
tk                  =  3.34490e-08
tk                  =  3.41752e-08
tk                  =  3.49014e-08
tk                  =  3.56276e-08
tk                  =  3.63538e-08
tk                  =  3.70801e-08
tk                  =  3.78062e-08
tk                  =  3.85323e-08
tk                  =  3.92585e-08
tk                  =  3.99848e-08
tk                  =  4.07110e-08
tk                  =  4.14372e-08
tk                  =  4.21633e-08
tk                  =  4.28895e-08
tk                  =  4.36157e-08
tk                  =  4.43419e-08
tk                  =  4.50681e-08
tk                  =  4.57943e-08
tk                  =  4.65204e-08
tk                  =  4.72465e-08
tk                  =  4.79725e-08
tk                  =  4.86987e-08
tk                  =  4.94248e-08
tk                  =  5.01510e-08
tk                  =  5.08771e-08
tk                  =  5.16033e-08
tk                  =  5.23295e-08
tk                  =  5.30557e-08
tk                  =  5.37822e-08
tk                  =  5.45082e-08
tk                  =  5.52345e-08
tk                  =  5.59607e-08
tk                  =  5.66869e-08
tk                  =  5.74132e-08
tk                  =  5.81395e-08
tk                  =  5.88658e-08
tk                  =  5.95919e-08
tk                  =  6.03180e-08
tk                  =  6.10443e-08
tk                  =  6.17706e-08
tk                  =  6.24968e-08
tk                  =  6.32231e-08
tk                  =  6.39493e-08
tk                  =  6.46755e-08
tk                  =  6.54017e-08
tk                  =  6.61279e-08
tk                  =  6.68542e-08
tk                  =  6.75805e-08
tk                  =  6.83067e-08
tk                  =  6.90328e-08
tk                  =  6.97591e-08
tk                  =  7.04852e-08
tk                  =  7.12115e-08
tk                  =  7.19375e-08
tk                  =  7.26637e-08
tk                  =  7.33901e-08
tk                  =  7.41162e-08
tk                  =  7.48425e-08
tk                  =  7.55687e-08
tk                  =  7.62949e-08
tk                  =  7.70210e-08
tk                  =  7.77473e-08
tk                  =  7.84736e-08
tk                  =  7.91998e-08
tk                  =  7.99262e-08
tk                  =  8.06525e-08
tk                  =  8.13789e-08
tk                  =  8.21051e-08
tk                  =  8.28312e-08
tk                  =  8.35574e-08
tk                  =  8.42837e-08
tk                  =  8.50098e-08
tk                  =  8.57359e-08
tk                  =  8.64620e-08
tk                  =  8.71883e-08
tk                  =  8.79145e-08
tk                  =  8.86408e-08
tk                  =  8.93669e-08
tk                  =  9.00932e-08
tk                  =  9.08194e-08
tk                  =  9.15457e-08
tk                  =  9.22720e-08
tk                  =  9.29982e-08
tk                  =  9.37245e-08
m_period = 7.2620959531e-10
m_f_osc = 1.3770129264e+09
m_slew_v_per_s = 2.9461655209e+10
m_sigma_1 = 9.8517893862e-14
m_sigma_2 = 1.3736988651e-13
m_sigma_4 = 1.9401811728e-13
m_sigma_8 = 2.9021341759e-13
m_sigma_16 = 3.9861785325e-13
m_sigma_32 = 6.8222085149e-13
Note: Simulation executed from .control section 

Warning: m=xx on .subckt line will override multiplier m hierarchy!

