
Note: Compatibility modes selected: hs a


Circuit: * ro-inv-05stage-jitter @ tt_125c_3.30v -- generated by sim/harness, do not edit

Doing analysis at TEMP = 125.000000 and TNOM = 27.000000

Using SPARSE 1.3 as Direct Linear Solver

Initial Transient Solution
--------------------------

Node                                   Voltage
----                                   -------
vdd                                        3.3
n2                                         3.3
g1                                           0
n3                                 4.61962e-08
g2                                         3.3
n4                                         3.3
g3                                 4.61962e-08
n5                                 4.61962e-08
g4                                         3.3
n1                                           0
g5                                 4.61962e-08
xing                                     -1.65
xs40                                     -1.32
xs60                                     -1.98
bs60#branch                                  0
bs40#branch                                  0
bxing#branch                                 0
vn5#branch                                   0
vn4#branch                                   0
vn3#branch                                   0
vn2#branch                                   0
vn1#branch                                   0
vdd#branch                         -0.00044037

 Reference value :  2.26500e-10
 Reference value :  3.14850e-09
 Reference value :  6.10850e-09
 Reference value :  9.09030e-09
 Reference value :  1.19855e-08
 Reference value :  1.49907e-08
 Reference value :  1.77107e-08
 Reference value :  2.04603e-08
 Reference value :  2.32103e-08
 Reference value :  2.60701e-08
 Reference value :  2.87355e-08
 Reference value :  3.15955e-08
 Reference value :  3.45435e-08
 Reference value :  3.74700e-08
 Reference value :  4.02800e-08
 Reference value :  4.30485e-08
 Reference value :  4.58700e-08
 Reference value :  4.88825e-08
 Reference value :  5.16301e-08
 Reference value :  5.44465e-08
 Reference value :  5.72755e-08
 Reference value :  6.06207e-08
 Reference value :  6.37885e-08
 Reference value :  6.64685e-08
 Reference value :  6.92375e-08
 Reference value :  7.21885e-08
 Reference value :  7.51801e-08
 Reference value :  7.79892e-08
 Reference value :  8.07165e-08
 Reference value :  8.34415e-08
 Reference value :  8.69955e-08
 Reference value :  9.00025e-08
 Reference value :  9.32715e-08
 Reference value :  9.63403e-08
 Reference value :  9.92025e-08
 Reference value :  1.02061e-07
 Reference value :  1.04830e-07
 Reference value :  1.07827e-07
 Reference value :  1.10992e-07
 Reference value :  1.13673e-07
 Reference value :  1.16482e-07
 Reference value :  1.19297e-07
 Reference value :  1.22150e-07
 Reference value :  1.25041e-07
 Reference value :  1.27818e-07
 Reference value :  1.30657e-07
 Reference value :  1.33321e-07
 Reference value :  1.36354e-07
 Reference value :  1.39198e-07
 Reference value :  1.41957e-07
 Reference value :  1.45107e-07
 Reference value :  1.47984e-07
 Reference value :  1.50882e-07
 Reference value :  1.53948e-07
 Reference value :  1.56661e-07
 Reference value :  1.59430e-07
 Reference value :  1.62181e-07
 Reference value :  1.64919e-07
 Reference value :  1.67710e-07
No. of Data Rows : 221009
ts40                =  2.93780e-09
ts60                =  2.96020e-09
tk                  =  7.69524e-10
tk                  =  1.49587e-09
tk                  =  2.22216e-09
tk                  =  2.94852e-09
tk                  =  3.67477e-09
tk                  =  4.40106e-09
tk                  =  5.12725e-09
tk                  =  5.85351e-09
tk                  =  6.57962e-09
tk                  =  7.30588e-09
tk                  =  8.03211e-09
tk                  =  8.75839e-09
tk                  =  9.48480e-09
tk                  =  1.02111e-08
tk                  =  1.09372e-08
tk                  =  1.16633e-08
tk                  =  1.23894e-08
tk                  =  1.31157e-08
tk                  =  1.38420e-08
tk                  =  1.45680e-08
tk                  =  1.52943e-08
tk                  =  1.60205e-08
tk                  =  1.67466e-08
tk                  =  1.74727e-08
tk                  =  1.81989e-08
tk                  =  1.89252e-08
tk                  =  1.96513e-08
tk                  =  2.03775e-08
tk                  =  2.11037e-08
tk                  =  2.18299e-08
tk                  =  2.25561e-08
tk                  =  2.32825e-08
tk                  =  2.40087e-08
tk                  =  2.47349e-08
tk                  =  2.54610e-08
tk                  =  2.61874e-08
tk                  =  2.69134e-08
tk                  =  2.76396e-08
tk                  =  2.83657e-08
tk                  =  2.90920e-08
tk                  =  2.98183e-08
tk                  =  3.05446e-08
tk                  =  3.12708e-08
tk                  =  3.19971e-08
tk                  =  3.27234e-08
tk                  =  3.34496e-08
tk                  =  3.41759e-08
tk                  =  3.49021e-08
tk                  =  3.56284e-08
tk                  =  3.63545e-08
tk                  =  3.70805e-08
tk                  =  3.78068e-08
tk                  =  3.85330e-08
tk                  =  3.92593e-08
tk                  =  3.99856e-08
tk                  =  4.07117e-08
tk                  =  4.14380e-08
tk                  =  4.21641e-08
tk                  =  4.28904e-08
tk                  =  4.36166e-08
tk                  =  4.43429e-08
tk                  =  4.50691e-08
tk                  =  4.57953e-08
tk                  =  4.65216e-08
tk                  =  4.72479e-08
tk                  =  4.79740e-08
tk                  =  4.87001e-08
tk                  =  4.94264e-08
tk                  =  5.01527e-08
tk                  =  5.08789e-08
tk                  =  5.16051e-08
tk                  =  5.23314e-08
tk                  =  5.30577e-08
tk                  =  5.37839e-08
tk                  =  5.45101e-08
tk                  =  5.52364e-08
tk                  =  5.59626e-08
tk                  =  5.66887e-08
tk                  =  5.74150e-08
tk                  =  5.81413e-08
tk                  =  5.88675e-08
tk                  =  5.95938e-08
tk                  =  6.03199e-08
tk                  =  6.10464e-08
tk                  =  6.17727e-08
tk                  =  6.24988e-08
tk                  =  6.32250e-08
tk                  =  6.39513e-08
tk                  =  6.46774e-08
tk                  =  6.54037e-08
tk                  =  6.61299e-08
tk                  =  6.68560e-08
tk                  =  6.75822e-08
tk                  =  6.83085e-08
tk                  =  6.90346e-08
tk                  =  6.97608e-08
tk                  =  7.04871e-08
tk                  =  7.12133e-08
tk                  =  7.19395e-08
tk                  =  7.26657e-08
tk                  =  7.33919e-08
tk                  =  7.41182e-08
tk                  =  7.48446e-08
tk                  =  7.55707e-08
tk                  =  7.62969e-08
tk                  =  7.70229e-08
tk                  =  7.77492e-08
tk                  =  7.84754e-08
tk                  =  7.92017e-08
tk                  =  7.99280e-08
tk                  =  8.06543e-08
tk                  =  8.13806e-08
tk                  =  8.21068e-08
tk                  =  8.28329e-08
tk                  =  8.35590e-08
tk                  =  8.42852e-08
tk                  =  8.50116e-08
tk                  =  8.57377e-08
tk                  =  8.64639e-08
tk                  =  8.71903e-08
tk                  =  8.79167e-08
tk                  =  8.86428e-08
tk                  =  8.93690e-08
tk                  =  9.00953e-08
tk                  =  9.08214e-08
tk                  =  9.15477e-08
tk                  =  9.22739e-08
tk                  =  9.30002e-08
tk                  =  9.37264e-08
m_period = 7.2622559453e-10
m_f_osc = 1.3769825899e+09
m_slew_v_per_s = 2.9457710333e+10
m_sigma_1 = 8.8705536324e-14
m_sigma_2 = 1.2217830240e-13
m_sigma_4 = 1.5944474348e-13
m_sigma_8 = 1.9445288419e-13
m_sigma_16 = 2.6714139521e-13
m_sigma_32 = 3.4127555586e-13
Note: Simulation executed from .control section 

Warning: m=xx on .subckt line will override multiplier m hierarchy!

