
Note: No compatibility mode selected!


Circuit: * ro-array-core-pvt-q-extracted @ ss_125c_3.63v -- generated by sim/harness, do not edit

Doing analysis at TEMP = 125.000000 and TNOM = 27.000000

Using SPARSE 1.3 as Direct Linear Solver

Initial Transient Solution
--------------------------

Node                                   Voltage
----                                   -------
vsup                                      3.63
en                                        3.63
vddr1                                     3.63
vddr2                                     3.63
vdd                                       3.63
xdut.xr1.xg.vss__t0                  2.407e-10
xdut.xr1.xg.vddr__t0                      3.63
xdut.xr1.xg.\$8                    8.15176e-08
vsubs                                0.0674506
xdut.xr1.xg.\$7                    8.51852e-08
xdut.xr1.xg.a__t0                   3.7102e-07
xdut.xr1.xg.y__t0                  3.06248e-13
xdut.xr1.xg.en__t0                        3.63
xdut.xr1.xg.\$5__t1                    1.71127
xdut.xr1.xg.vss__t1                          0
xdut.xr1.xg.vddr__t1                   3.62969
xdut.xr1.xg.\$9                        3.47743
xdut.xr1.xg.y__t1                  1.70889e-06
xdut.xr1.xg.a__t1                   3.7102e-07
xdut.xr1.xg.\$5__t2                    1.71126
xdut.xr1.xg.\$5__t0                    1.71126
xdut.xr1.xg.en__t1                        3.63
xdut.xr1.xg.y__t2                  1.05181e-12
xdut.xr1.xg.\$5                        1.71126
xdut.rn1                            3.7102e-07
xdut.xr1.n1                                  0
xdut.xr1.x1.\$5                    1.18078e-06
xdut.xr1.x1.a__t0                            0
xdut.xr1.x1.y__t0                         3.63
xdut.xr1.x1.vddr__t0                      3.63
xdut.xr1.x1.vss__t0                1.31171e-09
xdut.xr1.x1.vddr__t1                      3.63
xdut.xr1.x1.vss__t1                          0
xdut.xr1.x1.\$6                           3.63
xdut.xr1.x1.\$7                           3.63
xdut.xr1.x1.a__t1                            0
xdut.xr1.x1.y__t1                         3.63
xdut.xr1.n2                               3.63
xdut.xr1.x2.\$5                    3.22783e-07
xdut.xr1.x2.a__t0                         3.63
xdut.xr1.x2.y__t0                  3.71018e-07
xdut.xr1.x2.vddr__t0                      3.63
xdut.xr1.x2.vss__t0                3.91472e-10
xdut.xr1.x2.vddr__t1                      3.63
xdut.xr1.x2.vss__t1                          0
xdut.xr1.x2.\$6                           3.63
xdut.xr1.x2.\$7                        3.53451
xdut.xr1.x2.a__t1                         3.63
xdut.xr1.x2.y__t1                  3.71022e-07
xdut.xr1.n3                         3.7102e-07
xdut.xr1.x3.\$5                    1.18079e-06
xdut.xr1.x3.a__t0                   3.7102e-07
xdut.xr1.x3.y__t0                         3.63
xdut.xr1.x3.vddr__t0                      3.63
xdut.xr1.x3.vss__t0                1.31172e-09
xdut.xr1.x3.vddr__t1                      3.63
xdut.xr1.x3.vss__t1                          0
xdut.xr1.x3.\$6                           3.63
xdut.xr1.x3.\$7                           3.63
xdut.xr1.x3.a__t1                   3.7102e-07
xdut.xr1.x3.y__t1                         3.63
xdut.xr1.n4                               3.63
xdut.xr1.x4.\$5                    3.22783e-07
xdut.xr1.x4.a__t0                         3.63
xdut.xr1.x4.y__t0                  3.71018e-07
xdut.xr1.x4.vddr__t0                      3.63
xdut.xr1.x4.vss__t0                3.91472e-10
xdut.xr1.x4.vddr__t1                      3.63
xdut.xr1.x4.vss__t1                          0
xdut.xr1.x4.\$6                           3.63
xdut.xr1.x4.\$7                        3.53451
xdut.xr1.x4.a__t1                         3.63
xdut.xr1.x4.y__t1                  3.71022e-07
xdut.xr1.n5                         3.7102e-07
xdut.xr1.x5.\$5                    1.18079e-06
xdut.xr1.x5.a__t0                   3.7102e-07
xdut.xr1.x5.y__t0                         3.63
xdut.xr1.x5.vddr__t0                      3.63
xdut.xr1.x5.vss__t0                1.31172e-09
xdut.xr1.x5.vddr__t1                      3.63
xdut.xr1.x5.vss__t1                          0
xdut.xr1.x5.\$6                           3.63
xdut.xr1.x5.\$7                           3.63
xdut.xr1.x5.a__t1                   3.7102e-07
xdut.xr1.x5.y__t1                         3.63
xdut.xr1.n6                               3.63
xdut.xr1.x6.\$5                    3.22783e-07
xdut.xr1.x6.a__t0                         3.63
xdut.xr1.x6.y__t0                  3.71018e-07
xdut.xr1.x6.vddr__t0                      3.63
xdut.xr1.x6.vss__t0                3.91472e-10
xdut.xr1.x6.vddr__t1                      3.63
xdut.xr1.x6.vss__t1                          0
xdut.xr1.x6.\$6                           3.63
xdut.xr1.x6.\$7                        3.53451
xdut.xr1.x6.a__t1                         3.63
xdut.xr1.x6.y__t1                  3.71022e-07
xdut.xr1.n7                         3.7102e-07
xdut.xr1.x7.\$5                    1.18079e-06
xdut.xr1.x7.a__t0                   3.7102e-07
xdut.xr1.x7.y__t0                         3.63
xdut.xr1.x7.vddr__t0                      3.63
xdut.xr1.x7.vss__t0                1.31172e-09
xdut.xr1.x7.vddr__t1                      3.63
xdut.xr1.x7.vss__t1                          0
xdut.xr1.x7.\$6                           3.63
xdut.xr1.x7.\$7                           3.63
xdut.xr1.x7.a__t1                   3.7102e-07
xdut.xr1.x7.y__t1                         3.63
xdut.xr1.n8                               3.63
xdut.xr1.x8.\$5                    3.22783e-07
xdut.xr1.x8.a__t0                         3.63
xdut.xr1.x8.y__t0                  3.71018e-07
xdut.xr1.x8.vddr__t0                      3.63
xdut.xr1.x8.vss__t0                3.91472e-10
xdut.xr1.x8.vddr__t1                      3.63
xdut.xr1.x8.vss__t1                          0
xdut.xr1.x8.\$6                           3.63
xdut.xr1.x8.\$7                        3.53451
xdut.xr1.x8.a__t1                         3.63
xdut.xr1.x8.y__t1                  3.71022e-07
xdut.xr1.n9                         3.7102e-07
xdut.xr1.x9.\$5                    1.18079e-06
xdut.xr1.x9.a__t0                   3.7102e-07
xdut.xr1.x9.y__t0                         3.63
xdut.xr1.x9.vddr__t0                      3.63
xdut.xr1.x9.vss__t0                1.31172e-09
xdut.xr1.x9.vddr__t1                      3.63
xdut.xr1.x9.vss__t1                          0
xdut.xr1.x9.\$6                           3.63
xdut.xr1.x9.\$7                           3.63
xdut.xr1.x9.a__t1                   3.7102e-07
xdut.xr1.x9.y__t1                         3.63
xdut.xr1.n10                              3.63
xdut.xr1.x10.\$5                   3.22783e-07
xdut.xr1.x10.a__t0                        3.63
xdut.xr1.x10.y__t0                 3.71018e-07
xdut.xr1.x10.vddr__t0                     3.63
xdut.xr1.x10.vss__t0               3.91472e-10
xdut.xr1.x10.vddr__t1                     3.63
xdut.xr1.x10.vss__t1                         0
xdut.xr1.x10.\$6                          3.63
xdut.xr1.x10.\$7                       3.53451
xdut.xr1.x10.a__t1                        3.63
xdut.xr1.x10.y__t1                 3.71022e-07
xdut.xr2.xg.vss__t0                2.50407e-10
xdut.xr2.xg.vddr__t0                      3.63
xdut.xr2.xg.\$8                    7.51195e-08
xdut.xr2.xg.\$7                     7.8787e-08
xdut.xr2.xg.a__t0                  3.54818e-07
xdut.xr2.xg.y__t0                  3.06248e-13
xdut.xr2.xg.en__t0                        3.63
xdut.xr2.xg.\$5__t1                    1.73207
xdut.xr2.xg.vss__t1                          0
xdut.xr2.xg.vddr__t1                   3.62966
xdut.xr2.xg.\$9                        3.47729
xdut.xr2.xg.y__t1                  1.82204e-06
xdut.xr2.xg.a__t1                  3.54818e-07
xdut.xr2.xg.\$5__t2                    1.73207
xdut.xr2.xg.\$5__t0                    1.73207
xdut.xr2.xg.en__t1                        3.63
xdut.xr2.xg.y__t2                  1.05176e-12
xdut.xr2.xg.\$5                        1.73207
xdut.rn2                           3.54818e-07
xdut.xr2.n1                                  0
xdut.xr2.x1.\$5                    1.09991e-06
xdut.xr2.x1.a__t0                            0
xdut.xr2.x1.y__t0                         3.63
xdut.xr2.x1.vss__t0                1.33574e-09
xdut.xr2.x1.vddr__t0                      3.63
xdut.xr2.x1.vddr__t1                      3.63
xdut.xr2.x1.vss__t1                          0
xdut.xr2.x1.\$6                           3.63
xdut.xr2.x1.\$7                           3.63
xdut.xr2.x1.a__t1                            0
xdut.xr2.x1.y__t1                         3.63
xdut.xr2.n2                               3.63
xdut.xr2.x2.\$5                    3.06541e-07
xdut.xr2.x2.a__t0                         3.63
xdut.xr2.x2.y__t0                  3.54816e-07
xdut.xr2.x2.vss__t0                4.05042e-10
xdut.xr2.x2.vddr__t0                      3.63
xdut.xr2.x2.vddr__t1                      3.63
xdut.xr2.x2.vss__t1                          0
xdut.xr2.x2.\$6                           3.63
xdut.xr2.x2.\$7                        3.53415
xdut.xr2.x2.a__t1                         3.63
xdut.xr2.x2.y__t1                   3.5482e-07
xdut.xr2.n3                        3.54818e-07
xdut.xr2.x3.\$5                    1.09992e-06
xdut.xr2.x3.a__t0                  3.54818e-07
xdut.xr2.x3.y__t0                         3.63
xdut.xr2.x3.vss__t0                1.33575e-09
xdut.xr2.x3.vddr__t0                      3.63
xdut.xr2.x3.vddr__t1                      3.63
xdut.xr2.x3.vss__t1                          0
xdut.xr2.x3.\$6                           3.63
xdut.xr2.x3.\$7                           3.63
xdut.xr2.x3.a__t1                  3.54818e-07
xdut.xr2.x3.y__t1                         3.63
xdut.xr2.n4                               3.63
xdut.xr2.x4.\$5                    3.06541e-07
xdut.xr2.x4.a__t0                         3.63
xdut.xr2.x4.y__t0                  3.54816e-07
xdut.xr2.x4.vss__t0                4.05042e-10
xdut.xr2.x4.vddr__t0                      3.63
xdut.xr2.x4.vddr__t1                      3.63
xdut.xr2.x4.vss__t1                          0
xdut.xr2.x4.\$6                           3.63
xdut.xr2.x4.\$7                        3.53415
xdut.xr2.x4.a__t1                         3.63
xdut.xr2.x4.y__t1                   3.5482e-07
xdut.xr2.n5                        3.54818e-07
xdut.xr2.x5.\$5                    1.09992e-06
xdut.xr2.x5.a__t0                  3.54818e-07
xdut.xr2.x5.y__t0                         3.63
xdut.xr2.x5.vss__t0                1.33575e-09
xdut.xr2.x5.vddr__t0                      3.63
xdut.xr2.x5.vddr__t1                      3.63
xdut.xr2.x5.vss__t1                          0
xdut.xr2.x5.\$6                           3.63
xdut.xr2.x5.\$7                           3.63
xdut.xr2.x5.a__t1                  3.54818e-07
xdut.xr2.x5.y__t1                         3.63
xdut.xr2.n6                               3.63
xdut.xr2.x6.\$5                    3.06541e-07
xdut.xr2.x6.a__t0                         3.63
xdut.xr2.x6.y__t0                  3.54816e-07
xdut.xr2.x6.vss__t0                4.05042e-10
xdut.xr2.x6.vddr__t0                      3.63
xdut.xr2.x6.vddr__t1                      3.63
xdut.xr2.x6.vss__t1                          0
xdut.xr2.x6.\$6                           3.63
xdut.xr2.x6.\$7                        3.53415
xdut.xr2.x6.a__t1                         3.63
xdut.xr2.x6.y__t1                   3.5482e-07
xdut.xr2.n7                        3.54818e-07
xdut.xr2.x7.\$5                    1.09992e-06
xdut.xr2.x7.a__t0                  3.54818e-07
xdut.xr2.x7.y__t0                         3.63
xdut.xr2.x7.vss__t0                1.33575e-09
xdut.xr2.x7.vddr__t0                      3.63
xdut.xr2.x7.vddr__t1                      3.63
xdut.xr2.x7.vss__t1                          0
xdut.xr2.x7.\$6                           3.63
xdut.xr2.x7.\$7                           3.63
xdut.xr2.x7.a__t1                  3.54818e-07
xdut.xr2.x7.y__t1                         3.63
xdut.xr2.n8                               3.63
xdut.xr2.x8.\$5                    3.06541e-07
xdut.xr2.x8.a__t0                         3.63
xdut.xr2.x8.y__t0                  3.54816e-07
xdut.xr2.x8.vss__t0                4.05042e-10
xdut.xr2.x8.vddr__t0                      3.63
xdut.xr2.x8.vddr__t1                      3.63
xdut.xr2.x8.vss__t1                          0
xdut.xr2.x8.\$6                           3.63
xdut.xr2.x8.\$7                        3.53415
xdut.xr2.x8.a__t1                         3.63
xdut.xr2.x8.y__t1                   3.5482e-07
xdut.xr2.n9                        3.54818e-07
xdut.xr2.x9.\$5                    1.09992e-06
xdut.xr2.x9.a__t0                  3.54818e-07
xdut.xr2.x9.y__t0                         3.63
xdut.xr2.x9.vss__t0                1.33575e-09
xdut.xr2.x9.vddr__t0                      3.63
xdut.xr2.x9.vddr__t1                      3.63
xdut.xr2.x9.vss__t1                          0
xdut.xr2.x9.\$6                           3.63
xdut.xr2.x9.\$7                           3.63
xdut.xr2.x9.a__t1                  3.54818e-07
xdut.xr2.x9.y__t1                         3.63
xdut.xr2.n10                              3.63
xdut.xr2.x10.\$5                   3.06541e-07
xdut.xr2.x10.a__t0                        3.63
xdut.xr2.x10.y__t0                 3.54816e-07
xdut.xr2.x10.vss__t0               4.05042e-10
xdut.xr2.x10.vddr__t0                     3.63
xdut.xr2.x10.vddr__t1                     3.63
xdut.xr2.x10.vss__t1                         0
xdut.xr2.x10.\$6                          3.63
xdut.xr2.x10.\$7                       3.53415
xdut.xr2.x10.a__t1                        3.63
xdut.xr2.x10.y__t1                  3.5482e-07
xdut.xb1.vss__t0                   2.29351e-12
xdut.xb1.a__t0                      3.7102e-07
xdut.xb1.y__t0                            3.63
xdut.xb1.vdd__t0                          3.63
xdut.xb1.a__t1                      3.7102e-07
xdut.xb1.y__t1                            3.63
xdut.xb1.\$5                              3.63
ro1                                       3.63
xdut.xb2.vss__t0                   2.29351e-12
xdut.xb2.a__t0                     3.54818e-07
xdut.xb2.y__t0                            3.63
xdut.xb2.vdd__t0                          3.63
xdut.xb2.a__t1                     3.54818e-07
xdut.xb2.y__t1                            3.63
xdut.xb2.\$5                              3.63
ro2                                       3.63
xdut.xa1.\$2__t0                   5.31897e-08
xdut.xa1.a__t0                            3.63
xdut.xa1.vss__t0                   3.14016e-11
xdut.xa1.\$3__t3                   5.31758e-08
xdut.xa1.b__t1                            3.63
xdut.xa1.vss__t3                   1.74453e-11
xdut.xa1.y__t3                     2.52638e-07
xdut.xa1.a__t3                            3.63
xdut.xa1.\$4__t1                   1.30767e-07
xdut.xa1.\$4__t0                   1.30572e-07
xdut.xa1.b__t3                            3.63
xdut.xa1.vss__t1                    3.9212e-11
xdut.xa1.y__t2                     2.52757e-07
xdut.xa1.\$2__t1                   5.34794e-08
xdut.xa1.\$6__t1                     0.0126268
xdut.xa1.\$6__t0                     0.0126268
xdut.xa1.\$3__t2                   5.34673e-08
xdut.xa1.vss__t2                   7.64301e-12
xdut.xa1.\$2__t2                   5.35568e-08
xdut.xa1.a__t1                            3.63
xdut.xa1.vdd__t0                          3.63
xdut.xa1.\$11                          3.50702
xdut.xa1.\$3__t1                   5.35452e-08
xdut.xa1.b__t0                            3.63
xdut.xa1.vdd__t3                          3.63
xdut.xa1.\$8__t3                      0.758858
xdut.xa1.a__t2                            3.63
xdut.xa1.vdd__t1                          3.63
xdut.xa1.\$8__t2                      0.758858
xdut.xa1.b__t2                            3.63
xdut.xa1.vdd__t2                          3.63
xdut.xa1.y__t0                     2.52791e-07
xdut.xa1.\$2__t3                   5.34794e-08
xdut.xa1.\$8__t1                      0.758858
xdut.xa1.y__t1                     2.52802e-07
xdut.xa1.\$3__t0                   5.34673e-08
xdut.xa1.\$8__t0                      0.758858
xdut.xa1.\$2                       5.34794e-08
xdut.xa1.\$3                       5.34673e-08
xdut.xa1.\$4                       1.30669e-07
xdut.xa1.\$6                         0.0126268
xdut.xa1.\$8                          0.758858
xo                                 2.52753e-07
q1                                -8.04824e-16
q2                                -8.58112e-16
qt                                -9.58756e-21
vth                                      1.815
bvth#branch                                  0
vtr#branch                         9.58756e-11
vr2#branch                         8.58112e-06
vr1#branch                         8.04824e-06
ven#branch                        -8.32667e-17
vsup#branch                       -1.66295e-05

 Reference value :  3.11400e-10
 Reference value :  1.05140e-09
 Reference value :  1.79640e-09
 Reference value :  2.49140e-09
 Reference value :  2.71640e-09
 Reference value :  3.21640e-09
 Reference value :  3.72640e-09
 Reference value :  4.35640e-09
 Reference value :  5.20640e-09
 Reference value :  6.00640e-09
 Reference value :  6.82640e-09
 Reference value :  7.34640e-09
 Reference value :  7.58640e-09
 Reference value :  8.34640e-09
 Reference value :  9.10640e-09
 Reference value :  9.67640e-09
 Reference value :  1.04264e-08
 Reference value :  1.12964e-08
 Reference value :  1.21514e-08
 Reference value :  1.27264e-08
 Reference value :  1.29914e-08
 Reference value :  1.36214e-08
 Reference value :  1.44864e-08
 Reference value :  1.49764e-08
 Reference value :  1.51764e-08
 Reference value :  1.53814e-08
 Reference value :  1.58214e-08
 Reference value :  1.61464e-08
 Reference value :  1.63714e-08
 Reference value :  1.66164e-08
 Reference value :  1.66364e-08
 Reference value :  1.66864e-08
 Reference value :  1.68614e-08
 Reference value :  1.75814e-08
 Reference value :  1.77564e-08
 Reference value :  1.80714e-08
 Reference value :  1.84014e-08
 Reference value :  1.91814e-08
 Reference value :  1.99714e-08
 Reference value :  2.04914e-08
 Reference value :  2.05814e-08
 Reference value :  2.08114e-08
 Reference value :  2.16814e-08
 Reference value :  2.24514e-08
 Reference value :  2.33214e-08
 Reference value :  2.39964e-08
 Reference value :  2.44514e-08
 Reference value :  2.47214e-08
 Reference value :  2.48164e-08
 Reference value :  2.49864e-08
 Reference value :  2.55414e-08
 Reference value :  2.63864e-08
 Reference value :  2.71314e-08
 Reference value :  2.79514e-08
 Reference value :  2.86864e-08
 Reference value :  2.90114e-08
 Reference value :  2.96814e-08
 Reference value :  3.04514e-08
 Reference value :  3.12664e-08
 Reference value :  3.16864e-08
 Reference value :  3.22314e-08
 Reference value :  3.29664e-08
 Reference value :  3.37864e-08
 Reference value :  3.46514e-08
 Reference value :  3.54464e-08
 Reference value :  3.57514e-08
 Reference value :  3.58464e-08
 Reference value :  3.59064e-08
 Reference value :  3.61664e-08
 Reference value :  3.64214e-08
 Reference value :  3.64964e-08
 Reference value :  3.65864e-08
 Reference value :  3.66114e-08
 Reference value :  3.66314e-08
 Reference value :  3.66464e-08
 Reference value :  3.66664e-08
 Reference value :  3.68314e-08
 Reference value :  3.70514e-08
 Reference value :  3.75464e-08
 Reference value :  3.79464e-08
 Reference value :  3.80514e-08
 Reference value :  3.82314e-08
 Reference value :  3.90214e-08
 Reference value :  3.98814e-08
 Reference value :  4.06714e-08
 Reference value :  4.15214e-08
 Reference value :  4.19914e-08
 Reference value :  4.22814e-08
 Reference value :  4.27664e-08
 Reference value :  4.33214e-08
 Reference value :  4.37814e-08
 Reference value :  4.42214e-08
 Reference value :  4.43364e-08
 Reference value :  4.46514e-08
 Reference value :  4.49514e-08
 Reference value :  4.53614e-08
 Reference value :  4.57964e-08
 Reference value :  4.59514e-08
 Reference value :  4.62364e-08
 Reference value :  4.62564e-08
 Reference value :  4.67014e-08
 Reference value :  4.74464e-08
 Reference value :  4.82314e-08
 Reference value :  4.90614e-08
 Reference value :  4.92314e-08
 Reference value :  4.97114e-08
 Reference value :  5.02564e-08
 Reference value :  5.03814e-08
 Reference value :  5.05764e-08
 Reference value :  5.10814e-08
 Reference value :  5.14614e-08
 Reference value :  5.15814e-08
 Reference value :  5.18264e-08
 Reference value :  5.22064e-08
 Reference value :  5.22914e-08
 Reference value :  5.24014e-08
 Reference value :  5.28364e-08
 Reference value :  5.33464e-08
 Reference value :  5.39964e-08
 Reference value :  5.43314e-08
 Reference value :  5.46614e-08
 Reference value :  5.55264e-08
 Reference value :  5.62764e-08
 Reference value :  5.66714e-08
 Reference value :  5.69764e-08
 Reference value :  5.73164e-08
 Reference value :  5.78614e-08
 Reference value :  5.79764e-08
 Reference value :  5.86514e-08
 Reference value :  5.88464e-08
 Reference value :  5.97114e-08
 Reference value :  6.03814e-08
 Reference value :  6.08764e-08
 Reference value :  6.12014e-08
 Reference value :  6.18414e-08
 Reference value :  6.27114e-08
 Reference value :  6.35514e-08
 Reference value :  6.44114e-08
 Reference value :  6.48014e-08
 Reference value :  6.51014e-08
 Reference value :  6.59964e-08
 Reference value :  6.67164e-08
 Reference value :  6.76114e-08
 Reference value :  6.84814e-08
 Reference value :  6.88214e-08
 Reference value :  6.88414e-08
 Reference value :  6.91814e-08
 Reference value :  7.00414e-08
 Reference value :  7.08164e-08
 Reference value :  7.13614e-08
 Reference value :  7.17814e-08
 Reference value :  7.25214e-08
 Reference value :  7.32914e-08
 Reference value :  7.38214e-08
 Reference value :  7.43964e-08
 Reference value :  7.48514e-08
 Reference value :  7.49714e-08
 Reference value :  7.54164e-08
 Reference value :  7.59614e-08
 Reference value :  7.61914e-08
 Reference value :  7.66914e-08
 Reference value :  7.71414e-08
 Reference value :  7.74214e-08
 Reference value :  7.83164e-08
 Reference value :  7.90714e-08
 Reference value :  7.99464e-08
 Reference value :  8.06714e-08
 Reference value :  8.11464e-08
 Reference value :  8.19214e-08
 Reference value :  8.21164e-08
 Reference value :  8.29864e-08
 Reference value :  8.35864e-08
 Reference value :  8.44264e-08
 Reference value :  8.50464e-08
 Reference value :  8.56064e-08
 Reference value :  8.64664e-08
 Reference value :  8.72314e-08
 Reference value :  8.81064e-08
 Reference value :  8.88564e-08
 Reference value :  8.92564e-08
 Reference value :  8.95864e-08
 Reference value :  8.98964e-08
 Reference value :  9.03164e-08
 Reference value :  9.07914e-08
 Reference value :  9.16714e-08
 Reference value :  9.19414e-08
 Reference value :  9.21214e-08
 Reference value :  9.28214e-08
 Reference value :  9.29314e-08
 Reference value :  9.31364e-08
 Reference value :  9.34214e-08
 Reference value :  9.34664e-08
 Reference value :  9.36364e-08
 Reference value :  9.36564e-08
 Reference value :  9.36764e-08
 Reference value :  9.36964e-08
 Reference value :  9.37164e-08
 Reference value :  9.37614e-08
 Reference value :  9.39464e-08
 Reference value :  9.39964e-08
 Reference value :  9.40414e-08
 Reference value :  9.40614e-08
 Reference value :  9.41864e-08
 Reference value :  9.47064e-08
 Reference value :  9.55264e-08
 Reference value :  9.63614e-08
 Reference value :  9.71114e-08
 Reference value :  9.78514e-08
 Reference value :  9.81664e-08
 Reference value :  9.88364e-08
 Reference value :  9.96964e-08
 Reference value :  1.00441e-07
 Reference value :  1.01331e-07
 Reference value :  1.02081e-07
 Reference value :  1.02686e-07
 Reference value :  1.03046e-07
 Reference value :  1.03616e-07
 Reference value :  1.04471e-07
 Reference value :  1.05271e-07
 Reference value :  1.05966e-07
 Reference value :  1.06086e-07
 Reference value :  1.06961e-07
 Reference value :  1.07671e-07
 Reference value :  1.08481e-07
 Reference value :  1.09246e-07
 Reference value :  1.09991e-07
 Reference value :  1.10266e-07
 Reference value :  1.10816e-07
 Reference value :  1.11676e-07
 Reference value :  1.12491e-07
 Reference value :  1.12996e-07
 Reference value :  1.13326e-07
 Reference value :  1.13931e-07
 Reference value :  1.14711e-07
 Reference value :  1.15501e-07
 Reference value :  1.15701e-07
 Reference value :  1.16001e-07
 Reference value :  1.16021e-07
 Reference value :  1.16576e-07
 Reference value :  1.17451e-07
 Reference value :  1.18236e-07
 Reference value :  1.19091e-07
 Reference value :  1.19646e-07
 Reference value :  1.19761e-07
 Reference value :  1.20101e-07
 Reference value :  1.20906e-07
 Reference value :  1.21611e-07
 Reference value :  1.22036e-07
 Reference value :  1.22401e-07
 Reference value :  1.22676e-07
 Reference value :  1.22856e-07
 Reference value :  1.23101e-07
 Reference value :  1.23366e-07
 Reference value :  1.23601e-07
 Reference value :  1.23896e-07
 Reference value :  1.24396e-07
 Reference value :  1.24491e-07
 Reference value :  1.25016e-07
 Reference value :  1.25281e-07
 Reference value :  1.25626e-07
 Reference value :  1.26396e-07
 Reference value :  1.26636e-07
 Reference value :  1.26791e-07
 Reference value :  1.27081e-07
 Reference value :  1.27166e-07
 Reference value :  1.27371e-07
 Reference value :  1.27391e-07
 Reference value :  1.27411e-07
 Reference value :  1.27431e-07
 Reference value :  1.27446e-07
 Reference value :  1.27466e-07
 Reference value :  1.27601e-07
 Reference value :  1.27621e-07
 Reference value :  1.27636e-07
 Reference value :  1.27651e-07
 Reference value :  1.27666e-07
 Reference value :  1.27681e-07
 Reference value :  1.27701e-07
 Reference value :  1.27781e-07
 Reference value :  1.28016e-07
 Reference value :  1.28176e-07
 Reference value :  1.28191e-07
 Reference value :  1.28211e-07
 Reference value :  1.28231e-07
 Reference value :  1.28246e-07
 Reference value :  1.28261e-07
 Reference value :  1.28281e-07
 Reference value :  1.28296e-07
 Reference value :  1.28316e-07
 Reference value :  1.28491e-07
 Reference value :  1.28796e-07
 Reference value :  1.29271e-07
 Reference value :  1.29286e-07
 Reference value :  1.29306e-07
 Reference value :  1.29376e-07
 Reference value :  1.30221e-07
 Reference value :  1.30356e-07
 Reference value :  1.31221e-07
 Reference value :  1.32106e-07
 Reference value :  1.32806e-07
 Reference value :  1.33666e-07
 Reference value :  1.34426e-07
 Reference value :  1.35276e-07
 Reference value :  1.36116e-07
 Reference value :  1.36981e-07
 Reference value :  1.37876e-07
 Reference value :  1.38546e-07
 Reference value :  1.39436e-07
 Reference value :  1.40166e-07
 Reference value :  1.41031e-07
 Reference value :  1.41916e-07
 Reference value :  1.42691e-07
 Reference value :  1.43066e-07
 Reference value :  1.43686e-07
 Reference value :  1.44101e-07
 Reference value :  1.44601e-07
 Reference value :  1.45486e-07
 Reference value :  1.46076e-07
 Reference value :  1.46636e-07
 Reference value :  1.47121e-07
 Reference value :  1.47681e-07
 Reference value :  1.48236e-07
 Reference value :  1.48731e-07
 Reference value :  1.49031e-07
 Reference value :  1.49121e-07
 Reference value :  1.49141e-07
 Reference value :  1.49156e-07
 Reference value :  1.49176e-07
 Reference value :  1.49191e-07
 Reference value :  1.49206e-07
 Reference value :  1.49221e-07
 Reference value :  1.49241e-07
 Reference value :  1.49261e-07
 Reference value :  1.49281e-07
 Reference value :  1.49296e-07
 Reference value :  1.49316e-07
 Reference value :  1.49336e-07
 Reference value :  1.49356e-07
 Reference value :  1.49376e-07
 Reference value :  1.49396e-07
 Reference value :  1.49416e-07
 Reference value :  1.49436e-07
 Reference value :  1.49461e-07
 Reference value :  1.49486e-07
 Reference value :  1.49511e-07
 Reference value :  1.49536e-07
 Reference value :  1.49556e-07
 Reference value :  1.49576e-07
 Reference value :  1.49801e-07
 Reference value :  1.49821e-07
 Reference value :  1.49946e-07
 Reference value :  1.50041e-07
 Reference value :  1.50061e-07
 Reference value :  1.50081e-07
 Reference value :  1.50101e-07
 Reference value :  1.50446e-07
 Reference value :  1.50951e-07
 Reference value :  1.51646e-07
 Reference value :  1.51736e-07
 Reference value :  1.51756e-07
 Reference value :  1.52121e-07
 Reference value :  1.52911e-07
 Reference value :  1.53696e-07
 Reference value :  1.54336e-07
 Reference value :  1.55156e-07
 Reference value :  1.55916e-07
 Reference value :  1.56256e-07
 Reference value :  1.56816e-07
 Reference value :  1.57691e-07
 Reference value :  1.58396e-07
 Reference value :  1.58996e-07
 Reference value :  1.59891e-07
 Reference value :  1.60686e-07
 Reference value :  1.61526e-07
 Reference value :  1.62016e-07
 Reference value :  1.62416e-07
 Reference value :  1.62571e-07
 Reference value :  1.63071e-07
 Reference value :  1.63401e-07
 Reference value :  1.63451e-07
 Reference value :  1.63811e-07
 Reference value :  1.64101e-07
 Reference value :  1.64566e-07
 Reference value :  1.65006e-07
 Reference value :  1.65496e-07
 Reference value :  1.65811e-07
 Reference value :  1.66076e-07
 Reference value :  1.66126e-07
 Reference value :  1.66231e-07
 Reference value :  1.66281e-07
 Reference value :  1.66301e-07
 Reference value :  1.66316e-07
 Reference value :  1.66331e-07
 Reference value :  1.66346e-07
 Reference value :  1.66361e-07
 Reference value :  1.66376e-07
 Reference value :  1.66391e-07
 Reference value :  1.66406e-07
 Reference value :  1.66426e-07
 Reference value :  1.66501e-07
 Reference value :  1.66646e-07
 Reference value :  1.66666e-07
 Reference value :  1.66681e-07
 Reference value :  1.66701e-07
 Reference value :  1.66721e-07
 Reference value :  1.66736e-07
 Reference value :  1.66846e-07
 Reference value :  1.67026e-07
 Reference value :  1.67041e-07
 Reference value :  1.67056e-07
 Reference value :  1.67071e-07
 Reference value :  1.67116e-07
 Reference value :  1.67506e-07
 Reference value :  1.68136e-07
 Reference value :  1.68586e-07
 Reference value :  1.69171e-07
 Reference value :  1.70066e-07
 Reference value :  1.70856e-07
 Reference value :  1.71576e-07
 Reference value :  1.72346e-07
 Reference value :  1.73186e-07
 Reference value :  1.74036e-07
 Reference value :  1.74701e-07
 Reference value :  1.75521e-07
 Reference value :  1.76106e-07
 Reference value :  1.76331e-07
 Reference value :  1.76706e-07
 Reference value :  1.77271e-07
 Reference value :  1.77641e-07
 Reference value :  1.78121e-07
 Reference value :  1.78491e-07
 Reference value :  1.79101e-07
 Reference value :  1.79946e-07
 Reference value :  1.80731e-07
 Reference value :  1.81486e-07
 Reference value :  1.82171e-07
 Reference value :  1.82576e-07
 Reference value :  1.83036e-07
 Reference value :  1.83371e-07
 Reference value :  1.83931e-07
 Reference value :  1.84336e-07
 Reference value :  1.84781e-07
 Reference value :  1.85181e-07
 Reference value :  1.85451e-07
 Reference value :  1.85831e-07
 Reference value :  1.85851e-07
 Reference value :  1.85871e-07
 Reference value :  1.86146e-07
 Reference value :  1.86171e-07
 Reference value :  1.86191e-07
 Reference value :  1.86241e-07
 Reference value :  1.86566e-07
 Reference value :  1.86836e-07
 Reference value :  1.86921e-07
 Reference value :  1.87631e-07
 Reference value :  1.88416e-07
 Reference value :  1.89306e-07
 Reference value :  1.89711e-07
 Reference value :  1.89966e-07
 Reference value :  1.89986e-07
 Reference value :  1.90006e-07
 Reference value :  1.90146e-07
 Reference value :  1.90576e-07
 Reference value :  1.91036e-07
 Reference value :  1.91391e-07
 Reference value :  1.91526e-07
 Reference value :  1.91651e-07
 Reference value :  1.92366e-07
 Reference value :  1.93161e-07
 Reference value :  1.93991e-07
 Reference value :  1.94531e-07
 Reference value :  1.95241e-07
 Reference value :  1.95481e-07
 Reference value :  1.95876e-07
 Reference value :  1.96611e-07
 Reference value :  1.97451e-07
 Reference value :  1.98216e-07
 Reference value :  1.99096e-07
 Reference value :  1.99861e-07
 Reference value :  2.00731e-07
 Reference value :  2.01546e-07
 Reference value :  2.02266e-07
 Reference value :  2.03126e-07
 Reference value :  2.03676e-07
 Reference value :  2.04061e-07
 Reference value :  2.04876e-07
 Reference value :  2.05036e-07
 Reference value :  2.05276e-07
 Reference value :  2.05731e-07
 Reference value :  2.06196e-07
 Reference value :  2.06321e-07
 Reference value :  2.06476e-07
 Reference value :  2.06846e-07
 Reference value :  2.07076e-07
 Reference value :  2.07311e-07
 Reference value :  2.07526e-07
 Reference value :  2.07591e-07
 Reference value :  2.07741e-07
 Reference value :  2.08516e-07
 Reference value :  2.09301e-07
 Reference value :  2.10141e-07
 Reference value :  2.11001e-07
 Reference value :  2.11801e-07
 Reference value :  2.12526e-07
 Reference value :  2.13066e-07
 Reference value :  2.13086e-07
 Reference value :  2.13176e-07
 Reference value :  2.13446e-07
 Reference value :  2.13876e-07
 Reference value :  2.14276e-07
 Reference value :  2.14776e-07
 Reference value :  2.15171e-07
 Reference value :  2.15601e-07
 Reference value :  2.15941e-07
 Reference value :  2.15966e-07
 Reference value :  2.16386e-07
 Reference value :  2.16956e-07
 Reference value :  2.17051e-07
 Reference value :  2.17626e-07
 Reference value :  2.18476e-07
 Reference value :  2.19311e-07
 Reference value :  2.20116e-07
 Reference value :  2.20611e-07
 Reference value :  2.20736e-07
 Reference value :  2.21011e-07
 Reference value :  2.21851e-07
 Reference value :  2.22636e-07
 Reference value :  2.23456e-07
 Reference value :  2.24301e-07
 Reference value :  2.25101e-07
 Reference value :  2.25826e-07
 Reference value :  2.26441e-07
 Reference value :  2.26761e-07
 Reference value :  2.27566e-07
 Reference value :  2.28391e-07
 Reference value :  2.29236e-07
 Reference value :  2.29811e-07
 Reference value :  2.29996e-07
 Reference value :  2.30681e-07
 Reference value :  2.30971e-07
 Reference value :  2.31296e-07
 Reference value :  2.32181e-07
 Reference value :  2.32841e-07
 Reference value :  2.33496e-07
 Reference value :  2.34376e-07
 Reference value :  2.35101e-07
 Reference value :  2.35971e-07
 Reference value :  2.36741e-07
 Reference value :  2.37596e-07
 Reference value :  2.38426e-07
 Reference value :  2.39216e-07
 Reference value :  2.40076e-07
 Reference value :  2.40511e-07
 Reference value :  2.41241e-07
 Reference value :  2.42026e-07
 Reference value :  2.42726e-07
 Reference value :  2.43566e-07
 Reference value :  2.44356e-07
 Reference value :  2.45181e-07
 Reference value :  2.45831e-07
 Reference value :  2.45896e-07
 Reference value :  2.46011e-07
 Reference value :  2.46091e-07
 Reference value :  2.46236e-07
 Reference value :  2.46256e-07
 Reference value :  2.46316e-07
 Reference value :  2.46541e-07
 Reference value :  2.46681e-07
 Reference value :  2.46836e-07
 Reference value :  2.47261e-07
 Reference value :  2.47546e-07
 Reference value :  2.48056e-07
 Reference value :  2.48871e-07
 Reference value :  2.49671e-07
 Reference value :  2.50551e-07
 Reference value :  2.51066e-07
 Reference value :  2.51401e-07
 Reference value :  2.52086e-07
 Reference value :  2.52931e-07
 Reference value :  2.53261e-07
 Reference value :  2.53336e-07
 Reference value :  2.53791e-07
 Reference value :  2.54286e-07
 Reference value :  2.54801e-07
 Reference value :  2.55191e-07
 Reference value :  2.55511e-07
 Reference value :  2.55726e-07
 Reference value :  2.56156e-07
 Reference value :  2.56416e-07
 Reference value :  2.56886e-07
 Reference value :  2.57246e-07
 Reference value :  2.57621e-07
 Reference value :  2.57646e-07
 Reference value :  2.57666e-07
 Reference value :  2.57686e-07
 Reference value :  2.57701e-07
 Reference value :  2.57721e-07
 Reference value :  2.57741e-07
 Reference value :  2.57761e-07
 Reference value :  2.57781e-07
 Reference value :  2.58231e-07
 Reference value :  2.58536e-07
 Reference value :  2.59036e-07
 Reference value :  2.59781e-07
 Reference value :  2.60566e-07
 Reference value :  2.61421e-07
 Reference value :  2.62046e-07
 Reference value :  2.62166e-07
 Reference value :  2.62461e-07
 Reference value :  2.63331e-07
 Reference value :  2.64071e-07
 Reference value :  2.64096e-07
 Reference value :  2.64116e-07
 Reference value :  2.64926e-07
 Reference value :  2.65766e-07
 Reference value :  2.66146e-07
 Reference value :  2.66656e-07
 Reference value :  2.67311e-07
 Reference value :  2.68196e-07
 Reference value :  2.68921e-07
 Reference value :  2.69716e-07
 Reference value :  2.70571e-07
 Reference value :  2.71341e-07
 Reference value :  2.71446e-07
 Reference value :  2.72206e-07
 Reference value :  2.73031e-07
 Reference value :  2.73851e-07
 Reference value :  2.74581e-07
 Reference value :  2.75446e-07
 Reference value :  2.76211e-07
 Reference value :  2.77056e-07
 Reference value :  2.77871e-07
 Reference value :  2.78406e-07
 Reference value :  2.79216e-07
 Reference value :  2.80021e-07
 Reference value :  2.80906e-07
 Reference value :  2.81686e-07
 Reference value :  2.82506e-07
 Reference value :  2.82676e-07
 Reference value :  2.83231e-07
 Reference value :  2.84031e-07
 Reference value :  2.84791e-07
 Reference value :  2.85556e-07
 Reference value :  2.86231e-07
 Reference value :  2.86676e-07
 Reference value :  2.87541e-07
 Reference value :  2.88361e-07
 Reference value :  2.89121e-07
 Reference value :  2.89891e-07
 Reference value :  2.90716e-07
 Reference value :  2.91166e-07
 Reference value :  2.91206e-07
 Reference value :  2.91226e-07
 Reference value :  2.91311e-07
 Reference value :  2.91426e-07
 Reference value :  2.91456e-07
 Reference value :  2.91476e-07
 Reference value :  2.91496e-07
 Reference value :  2.91751e-07
 Reference value :  2.91986e-07
 Reference value :  2.92666e-07
 Reference value :  2.93406e-07
 Reference value :  2.94176e-07
 Reference value :  2.94906e-07
 Reference value :  2.95716e-07
 Reference value :  2.96576e-07
 Reference value :  2.97011e-07
 Reference value :  2.97831e-07
 Reference value :  2.98631e-07
 Reference value :  2.99481e-07
 Reference value :  2.99886e-07
No. of Data Rows : 60008
t1a                 =  2.45402e-08
t1b                 =  7.39352e-08
t2a                 =  2.29831e-08
t2b                 =  6.92253e-08
c1a                 =  -3.51038e-04
c1b                 =  -1.05096e-03
c2a                 =  -3.52541e-04
c2b                 =  -1.05179e-03
cta                 =  -4.72910e-04
ctb                 =  -1.47302e-03
vhi                 =  3.73204e+00 at=  2.38941e-07
vlo                 =  -1.95186e-02 at=  2.43961e-07
vxhi                =  3.66841e+00 at=  2.66966e-07
vxlo                =  -4.68210e-02 at=  2.44036e-07
m_period_r1 = 1.2348730000e-08
m_period_r2 = 1.1560547500e-08
m_f_r1 = 8.0979987416e+07
m_f_r2 = 8.6501093482e+07
m_i_r1_a = -1.417001991e-05
m_i_r2_a = -1.512143780e-05
m_i_tree_a = -2.024719344e-05
m_e_cycle_r1_j = -6.351837525e-13
m_c_eff_node_r1_f = -4.382212622e-15
m_ring_swing_v = 3.7515596500e+00
m_xo_swing_v = 3.7152289900e+00
m_i_total_a = -4.953865115e-05
m_p_rings_w = -1.063279915e-04
m_p_total_w = -1.798253037e-04
m_xo_trans_per_s = 3.3496216180e+08
Note: Simulation executed from .control section 

