
Note: Compatibility modes selected: hs a


Circuit: * jitter-estimator-calibration @ tt_27c_3.30v -- generated by sim/harness, do not edit

Doing analysis at TEMP = 27.000000 and TNOM = 27.000000

Using SPARSE 1.3 as Direct Linear Solver

Initial Transient Solution
--------------------------

Node                                   Voltage
----                                   -------
nw                                           0
vwhite#branch                                0

 Reference value :  2.08059e-09
 Reference value :  7.48841e-08
 Reference value :  1.46871e-07
 Reference value :  2.17581e-07
 Reference value :  2.90562e-07
 Reference value :  3.62034e-07
 Reference value :  4.33622e-07
 Reference value :  5.05650e-07
 Reference value :  5.79937e-07
 Reference value :  6.54941e-07
 Reference value :  7.28910e-07
 Reference value :  8.02701e-07
 Reference value :  8.75957e-07
 Reference value :  9.49414e-07
 Reference value :  1.02371e-06
 Reference value :  1.09831e-06
 Reference value :  1.16988e-06
 Reference value :  1.24395e-06
 Reference value :  1.31961e-06
 Reference value :  1.39253e-06
 Reference value :  1.46585e-06
 Reference value :  1.54148e-06
 Reference value :  1.61407e-06
 Reference value :  1.68669e-06
 Reference value :  1.76016e-06
 Reference value :  1.83710e-06
 Reference value :  1.91066e-06
 Reference value :  1.98372e-06
 Reference value :  2.05604e-06
 Reference value :  2.13216e-06
 Reference value :  2.20577e-06
 Reference value :  2.28070e-06
 Reference value :  2.35709e-06
 Reference value :  2.43208e-06
 Reference value :  2.50607e-06
 Reference value :  2.58162e-06
 Reference value :  2.65545e-06
 Reference value :  2.72686e-06
 Reference value :  2.79787e-06
 Reference value :  2.87126e-06
 Reference value :  2.94501e-06
 Reference value :  3.01753e-06
 Reference value :  3.08893e-06
 Reference value :  3.16218e-06
 Reference value :  3.23733e-06
 Reference value :  3.30746e-06
 Reference value :  3.38208e-06
 Reference value :  3.45460e-06
 Reference value :  3.52875e-06
 Reference value :  3.60434e-06
 Reference value :  3.67759e-06
 Reference value :  3.75355e-06
 Reference value :  3.82548e-06
 Reference value :  3.89617e-06
 Reference value :  3.96885e-06
No. of Data Rows : 2000008
m_p1_h100 = 5.0018879673e-01
m_p1_h050 = 7.0594972256e-01
m_p1_h010 = 9.3298341339e-01
m_rms_check = 2.2389530691e-03
m_n_samples = 4.0000100000e+05
Note: Simulation executed from .control section 

Warning: m=xx on .subckt line will override multiplier m hierarchy!

