
Note: No compatibility mode selected!


Circuit: * ro-array-core-power @ ff_-40c_3.63v -- generated by sim/harness, do not edit

Doing analysis at TEMP = -40.000000 and TNOM = 27.000000


Initial Transient Solution
--------------------------

Node                                   Voltage
----                                   -------
vsup                                      3.63
en                                        3.63
vddr1                                     3.63
vddr2                                     3.63
vdd                                       3.63
xdut.xr1.xg.py                         1.62993
xdut.xr1.n1                                  0
xdut.ro1                             9.098e-08
xdut.xr1.xg.nm                    4.21859e-154
xdut.xr1.xg.ny                    3.89573e-154
xdut.xr1.x1.py                            3.63
xdut.xr1.n2                               3.63
xdut.xr1.x1.ny                     2.30658e-09
xdut.xr1.x2.py                            3.63
xdut.xr1.n3                          9.098e-08
xdut.xr1.x2.ny                     7.58087e-08
xdut.xr1.x3.py                            3.63
xdut.xr1.n4                               3.63
xdut.xr1.x3.ny                     2.30659e-09
xdut.xr1.x4.py                            3.63
xdut.xr1.n5                          9.098e-08
xdut.xr1.x4.ny                     7.58087e-08
xdut.xr1.x5.py                            3.63
xdut.xr1.n6                               3.63
xdut.xr1.x5.ny                     2.30659e-09
xdut.xr1.x6.py                            3.63
xdut.xr1.n7                          9.098e-08
xdut.xr1.x6.ny                     7.58087e-08
xdut.xr1.x7.py                            3.63
xdut.xr1.n8                               3.63
xdut.xr1.x7.ny                     2.30659e-09
xdut.xr1.x8.py                            3.63
xdut.xr1.n9                          9.098e-08
xdut.xr1.x8.ny                     7.58087e-08
xdut.xr1.x9.py                            3.63
xdut.xr1.n10                              3.63
xdut.xr1.x9.ny                     2.30659e-09
xdut.xr1.x10.py                           3.63
xdut.xr1.x10.ny                    7.58087e-08
xdut.xr2.xg.py                         1.64778
xdut.xr2.n1                                  0
xdut.ro2                           8.58704e-08
xdut.xr2.xg.nm                    3.23747e-227
xdut.xr2.xg.ny                    2.97303e-227
xdut.xr2.x1.py                            3.63
xdut.xr2.n2                               3.63
xdut.xr2.x1.ny                     2.15112e-09
xdut.xr2.x2.py                            3.63
xdut.xr2.n3                        8.58704e-08
xdut.xr2.x2.ny                     7.06991e-08
xdut.xr2.x3.py                            3.63
xdut.xr2.n4                               3.63
xdut.xr2.x3.ny                     2.15112e-09
xdut.xr2.x4.py                            3.63
xdut.xr2.n5                        8.58704e-08
xdut.xr2.x4.ny                     7.06991e-08
xdut.xr2.x5.py                            3.63
xdut.xr2.n6                               3.63
xdut.xr2.x5.ny                     2.15112e-09
xdut.xr2.x6.py                            3.63
xdut.xr2.n7                        8.58704e-08
xdut.xr2.x6.ny                     7.06991e-08
xdut.xr2.x7.py                            3.63
xdut.xr2.n8                               3.63
xdut.xr2.x7.ny                     2.15112e-09
xdut.xr2.x8.py                            3.63
xdut.xr2.n9                        8.58704e-08
xdut.xr2.x8.ny                     7.06991e-08
xdut.xr2.x9.py                            3.63
xdut.xr2.n10                              3.63
xdut.xr2.x9.ny                     2.15112e-09
xdut.xr2.x10.py                           3.63
xdut.xr2.x10.ny                    7.06991e-08
xdut.xa1.an                               3.63
xdut.xa1.bn                               3.63
xdut.xa1.mid                              3.63
xo                                    0.212552
xdut.xa1.s1                             26.752
xdut.xa1.s2                           0.105311
q1                                -1.71469e-15
q2                                -1.80436e-15
qt                                -1.46259e-21
vth                                      1.815
bvth#branch                                  0
vtr#branch                         1.46259e-11
vr2#branch                         1.80436e-05
vr1#branch                         1.71469e-05
ven#branch                                   0
vsup#branch                       -3.51905e-05

 Reference value :  2.02800e-11
 Reference value :  4.12800e-11
 Reference value :  1.06280e-10
 Reference value :  1.50280e-10
 Reference value :  2.18280e-10
 Reference value :  3.49280e-10
 Reference value :  4.27280e-10
 Reference value :  4.82280e-10
 Reference value :  5.46280e-10
 Reference value :  6.63280e-10
 Reference value :  7.04280e-10
 Reference value :  7.25280e-10
 Reference value :  7.90280e-10
 Reference value :  8.26280e-10
 Reference value :  8.47280e-10
 Reference value :  8.96280e-10
 Reference value :  9.29280e-10
 Reference value :  1.01428e-09
 Reference value :  1.04928e-09
 Reference value :  1.08128e-09
 Reference value :  1.14528e-09
 Reference value :  1.22828e-09
 Reference value :  1.44528e-09
 Reference value :  1.47528e-09
 Reference value :  1.56728e-09
 Reference value :  1.64328e-09
 Reference value :  1.67428e-09
 Reference value :  1.72128e-09
 Reference value :  1.75428e-09
 Reference value :  1.80128e-09
 Reference value :  1.85928e-09
 Reference value :  1.93028e-09
 Reference value :  1.97728e-09
 Reference value :  2.05028e-09
 Reference value :  2.12128e-09
 Reference value :  2.25128e-09
 Reference value :  2.31128e-09
 Reference value :  2.38628e-09
 Reference value :  2.44528e-09
 Reference value :  2.51728e-09
 Reference value :  2.60828e-09
 Reference value :  2.70328e-09
 Reference value :  2.84428e-09
 Reference value :  2.88728e-09
 Reference value :  2.99328e-09
 Reference value :  3.07228e-09
 Reference value :  3.10528e-09
 Reference value :  3.12628e-09
 Reference value :  3.20828e-09
 Reference value :  3.30628e-09
 Reference value :  3.34628e-09
 Reference value :  3.40828e-09
 Reference value :  3.49028e-09
 Reference value :  3.51128e-09
 Reference value :  3.53228e-09
 Reference value :  3.56228e-09
 Reference value :  3.61728e-09
 Reference value :  3.68328e-09
 Reference value :  3.74628e-09
 Reference value :  3.77128e-09
 Reference value :  3.95328e-09
 Reference value :  4.02928e-09
 Reference value :  4.07328e-09
 Reference value :  4.11528e-09
 Reference value :  4.15728e-09
 Reference value :  4.17828e-09
 Reference value :  4.23528e-09
 Reference value :  4.30328e-09
 Reference value :  4.36228e-09
 Reference value :  4.40028e-09
 Reference value :  4.47028e-09
 Reference value :  4.49728e-09
 Reference value :  4.53728e-09
 Reference value :  4.61728e-09
 Reference value :  4.65628e-09
 Reference value :  4.73928e-09
 Reference value :  4.76028e-09
 Reference value :  4.82128e-09
 Reference value :  4.85928e-09
 Reference value :  4.90928e-09
 Reference value :  4.96728e-09
 Reference value :  5.06928e-09
 Reference value :  5.16428e-09
 Reference value :  5.24328e-09
 Reference value :  5.26828e-09
 Reference value :  5.32028e-09
 Reference value :  5.40528e-09
 Reference value :  5.45228e-09
 Reference value :  5.47828e-09
 Reference value :  5.56228e-09
 Reference value :  5.58728e-09
 Reference value :  5.79728e-09
 Reference value :  5.90328e-09
 Reference value :  5.94128e-09
 Reference value :  6.01528e-09
 Reference value :  6.13928e-09
 Reference value :  6.19328e-09
 Reference value :  6.31128e-09
 Reference value :  6.35028e-09
 Reference value :  6.42428e-09
 Reference value :  6.46428e-09
 Reference value :  6.53628e-09
 Reference value :  6.61028e-09
 Reference value :  6.68628e-09
 Reference value :  6.75228e-09
 Reference value :  6.79728e-09
 Reference value :  6.83328e-09
 Reference value :  6.91228e-09
 Reference value :  6.95028e-09
 Reference value :  7.01228e-09
 Reference value :  7.04628e-09
 Reference value :  7.07228e-09
 Reference value :  7.09928e-09
 Reference value :  7.16128e-09
 Reference value :  7.24328e-09
 Reference value :  7.33228e-09
 Reference value :  7.43128e-09
 Reference value :  7.45928e-09
 Reference value :  7.49628e-09
 Reference value :  7.56028e-09
 Reference value :  7.63828e-09
 Reference value :  7.67128e-09
 Reference value :  7.78428e-09
 Reference value :  7.86428e-09
 Reference value :  7.92328e-09
 Reference value :  7.98028e-09
 Reference value :  8.06328e-09
 Reference value :  8.20728e-09
 Reference value :  8.27228e-09
 Reference value :  8.34028e-09
 Reference value :  8.39528e-09
 Reference value :  8.49828e-09
 Reference value :  8.53828e-09
 Reference value :  8.64828e-09
 Reference value :  8.68728e-09
 Reference value :  8.76228e-09
 Reference value :  8.83528e-09
 Reference value :  8.94628e-09
 Reference value :  9.02728e-09
 Reference value :  9.13228e-09
 Reference value :  9.19628e-09
 Reference value :  9.24328e-09
 Reference value :  9.27728e-09
 Reference value :  9.41528e-09
 Reference value :  9.46328e-09
 Reference value :  9.50428e-09
 Reference value :  9.53428e-09
 Reference value :  9.60528e-09
 Reference value :  9.63028e-09
 Reference value :  9.71328e-09
 Reference value :  9.82228e-09
 Reference value :  9.88328e-09
 Reference value :  9.95028e-09
 Reference value :  9.98728e-09
 Reference value :  1.00753e-08
 Reference value :  1.01193e-08
 Reference value :  1.01403e-08
 Reference value :  1.01613e-08
 Reference value :  1.01823e-08
 Reference value :  1.02153e-08
 Reference value :  1.02443e-08
 Reference value :  1.03183e-08
 Reference value :  1.04163e-08
 Reference value :  1.04753e-08
 Reference value :  1.05443e-08
 Reference value :  1.06563e-08
 Reference value :  1.07543e-08
 Reference value :  1.07873e-08
 Reference value :  1.08943e-08
 Reference value :  1.09573e-08
 Reference value :  1.09903e-08
 Reference value :  1.10553e-08
 Reference value :  1.11373e-08
 Reference value :  1.11933e-08
 Reference value :  1.12823e-08
 Reference value :  1.13263e-08
 Reference value :  1.13583e-08
 Reference value :  1.13823e-08
 Reference value :  1.14033e-08
 Reference value :  1.14243e-08
 Reference value :  1.15043e-08
 Reference value :  1.16073e-08
 Reference value :  1.17373e-08
 Reference value :  1.17883e-08
 Reference value :  1.18553e-08
 Reference value :  1.18923e-08
 Reference value :  1.19993e-08
 Reference value :  1.20633e-08
 Reference value :  1.21353e-08
 Reference value :  1.21783e-08
 Reference value :  1.22053e-08
 Reference value :  1.22763e-08
 Reference value :  1.23393e-08
 Reference value :  1.24423e-08
 Reference value :  1.25083e-08
 Reference value :  1.25423e-08
 Reference value :  1.25943e-08
 Reference value :  1.27903e-08
 Reference value :  1.32823e-08
 Reference value :  1.38323e-08
 Reference value :  1.41963e-08
 Reference value :  1.46093e-08
 Reference value :  1.53373e-08
 Reference value :  1.60453e-08
 Reference value :  1.66073e-08
 Reference value :  1.72573e-08
 Reference value :  1.74553e-08
 Reference value :  1.75433e-08
 Reference value :  1.76193e-08
 Reference value :  1.76843e-08
 Reference value :  1.77213e-08
 Reference value :  1.77483e-08
 Reference value :  1.77743e-08
 Reference value :  1.77953e-08
 Reference value :  1.78873e-08
 Reference value :  1.79403e-08
 Reference value :  1.80133e-08
 Reference value :  1.80993e-08
 Reference value :  1.81403e-08
 Reference value :  1.82113e-08
 Reference value :  1.82493e-08
 Reference value :  1.83043e-08
 Reference value :  1.83493e-08
 Reference value :  1.83703e-08
 Reference value :  1.83913e-08
 Reference value :  1.84383e-08
 Reference value :  1.85043e-08
 Reference value :  1.85433e-08
 Reference value :  1.86003e-08
 Reference value :  1.86483e-08
 Reference value :  1.87173e-08
 Reference value :  1.87663e-08
 Reference value :  1.88043e-08
 Reference value :  1.88293e-08
 Reference value :  1.89043e-08
 Reference value :  1.89453e-08
 Reference value :  1.89743e-08
 Reference value :  1.89953e-08
 Reference value :  1.90533e-08
 Reference value :  1.91363e-08
 Reference value :  1.92173e-08
 Reference value :  1.92433e-08
 Reference value :  1.93343e-08
 Reference value :  1.95043e-08
 Reference value :  1.95603e-08
 Reference value :  1.96223e-08
 Reference value :  1.97203e-08
 Reference value :  1.98093e-08
 Reference value :  1.98543e-08
 Reference value :  1.99873e-08
 Reference value :  2.00383e-08
 Reference value :  2.00633e-08
 Reference value :  2.00923e-08
 Reference value :  2.01373e-08
 Reference value :  2.01933e-08
 Reference value :  2.02893e-08
 Reference value :  2.03503e-08
 Reference value :  2.03933e-08
 Reference value :  2.04313e-08
 Reference value :  2.05173e-08
 Reference value :  2.05963e-08
 Reference value :  2.06573e-08
 Reference value :  2.07323e-08
 Reference value :  2.08313e-08
 Reference value :  2.08943e-08
 Reference value :  2.09443e-08
 Reference value :  2.10553e-08
 Reference value :  2.11683e-08
 Reference value :  2.12333e-08
 Reference value :  2.12703e-08
 Reference value :  2.13413e-08
 Reference value :  2.13933e-08
 Reference value :  2.14143e-08
 Reference value :  2.14353e-08
 Reference value :  2.14583e-08
 Reference value :  2.15923e-08
 Reference value :  2.16473e-08
 Reference value :  2.17593e-08
 Reference value :  2.18053e-08
 Reference value :  2.18443e-08
 Reference value :  2.18693e-08
 Reference value :  2.19533e-08
 Reference value :  2.20123e-08
 Reference value :  2.20893e-08
 Reference value :  2.21423e-08
 Reference value :  2.22023e-08
 Reference value :  2.22393e-08
 Reference value :  2.23253e-08
 Reference value :  2.24243e-08
 Reference value :  2.24753e-08
 Reference value :  2.25513e-08
 Reference value :  2.25763e-08
 Reference value :  2.26283e-08
 Reference value :  2.27093e-08
 Reference value :  2.28093e-08
 Reference value :  2.28553e-08
 Reference value :  2.29303e-08
 Reference value :  2.30463e-08
 Reference value :  2.31173e-08
 Reference value :  2.32033e-08
 Reference value :  2.32833e-08
 Reference value :  2.33553e-08
 Reference value :  2.34353e-08
 Reference value :  2.35143e-08
 Reference value :  2.35853e-08
 Reference value :  2.36363e-08
 Reference value :  2.36573e-08
 Reference value :  2.36953e-08
 Reference value :  2.37163e-08
 Reference value :  2.37883e-08
 Reference value :  2.38503e-08
 Reference value :  2.38723e-08
 Reference value :  2.39553e-08
 Reference value :  2.40113e-08
 Reference value :  2.40413e-08
 Reference value :  2.40883e-08
 Reference value :  2.41303e-08
 Reference value :  2.41513e-08
 Reference value :  2.42053e-08
 Reference value :  2.42383e-08
 Reference value :  2.42613e-08
 Reference value :  2.42873e-08
 Reference value :  2.43153e-08
 Reference value :  2.44603e-08
 Reference value :  2.45203e-08
 Reference value :  2.45413e-08
 Reference value :  2.46443e-08
 Reference value :  2.47153e-08
 Reference value :  2.47863e-08
 Reference value :  2.48893e-08
 Reference value :  2.49603e-08
 Reference value :  2.49813e-08
 Reference value :  2.50453e-08
 Reference value :  2.50993e-08
 Reference value :  2.51693e-08
 Reference value :  2.52443e-08
 Reference value :  2.53073e-08
 Reference value :  2.54013e-08
 Reference value :  2.54853e-08
 Reference value :  2.55193e-08
 Reference value :  2.55563e-08
 Reference value :  2.56583e-08
 Reference value :  2.57023e-08
 Reference value :  2.57603e-08
 Reference value :  2.58113e-08
 Reference value :  2.58693e-08
 Reference value :  2.58903e-08
 Reference value :  2.59493e-08
 Reference value :  2.60333e-08
 Reference value :  2.61103e-08
 Reference value :  2.61413e-08
 Reference value :  2.61963e-08
 Reference value :  2.62593e-08
 Reference value :  2.62893e-08
 Reference value :  2.63703e-08
 Reference value :  2.64793e-08
 Reference value :  2.65483e-08
 Reference value :  2.65753e-08
 Reference value :  2.66333e-08
 Reference value :  2.67203e-08
 Reference value :  2.68613e-08
 Reference value :  2.69183e-08
 Reference value :  2.69703e-08
 Reference value :  2.69913e-08
 Reference value :  2.70213e-08
 Reference value :  2.70713e-08
 Reference value :  2.71473e-08
 Reference value :  2.71993e-08
 Reference value :  2.72763e-08
 Reference value :  2.73263e-08
 Reference value :  2.74103e-08
 Reference value :  2.74483e-08
 Reference value :  2.75323e-08
 Reference value :  2.76223e-08
 Reference value :  2.76713e-08
 Reference value :  2.77523e-08
 Reference value :  2.78383e-08
 Reference value :  2.78723e-08
 Reference value :  2.79313e-08
 Reference value :  2.79523e-08
 Reference value :  2.80073e-08
 Reference value :  2.80393e-08
 Reference value :  2.80653e-08
 Reference value :  2.81223e-08
 Reference value :  2.81543e-08
 Reference value :  2.81813e-08
 Reference value :  2.82883e-08
 Reference value :  2.83833e-08
 Reference value :  2.84893e-08
 Reference value :  2.86123e-08
 Reference value :  2.86523e-08
 Reference value :  2.86733e-08
 Reference value :  2.87273e-08
 Reference value :  2.87873e-08
 Reference value :  2.88433e-08
 Reference value :  2.89333e-08
 Reference value :  2.89903e-08
 Reference value :  2.91083e-08
 Reference value :  2.91993e-08
 Reference value :  2.92423e-08
 Reference value :  2.93523e-08
 Reference value :  2.93883e-08
 Reference value :  2.94403e-08
 Reference value :  2.95103e-08
 Reference value :  2.95773e-08
 Reference value :  2.96593e-08
 Reference value :  2.96913e-08
 Reference value :  2.97623e-08
 Reference value :  2.98143e-08
 Reference value :  2.98973e-08
 Reference value :  2.99663e-08
 Reference value :  3.00303e-08
 Reference value :  3.01173e-08
 Reference value :  3.02223e-08
 Reference value :  3.03003e-08
 Reference value :  3.03823e-08
 Reference value :  3.04163e-08
 Reference value :  3.04743e-08
 Reference value :  3.05413e-08
 Reference value :  3.06403e-08
 Reference value :  3.07003e-08
 Reference value :  3.07393e-08
 Reference value :  3.08533e-08
 Reference value :  3.08793e-08
 Reference value :  3.09793e-08
 Reference value :  3.10353e-08
 Reference value :  3.10903e-08
 Reference value :  3.11953e-08
 Reference value :  3.12453e-08
 Reference value :  3.13143e-08
 Reference value :  3.14313e-08
 Reference value :  3.14943e-08
 Reference value :  3.15423e-08
 Reference value :  3.15853e-08
 Reference value :  3.16193e-08
 Reference value :  3.17163e-08
 Reference value :  3.17713e-08
 Reference value :  3.18213e-08
 Reference value :  3.18463e-08
 Reference value :  3.18873e-08
 Reference value :  3.19203e-08
 Reference value :  3.19803e-08
 Reference value :  3.20133e-08
 Reference value :  3.20983e-08
 Reference value :  3.21553e-08
 Reference value :  3.22273e-08
 Reference value :  3.22623e-08
 Reference value :  3.23213e-08
 Reference value :  3.23423e-08
 Reference value :  3.23803e-08
 Reference value :  3.24683e-08
 Reference value :  3.25203e-08
 Reference value :  3.25783e-08
 Reference value :  3.26263e-08
 Reference value :  3.26943e-08
 Reference value :  3.27433e-08
 Reference value :  3.28443e-08
 Reference value :  3.29543e-08
 Reference value :  3.29753e-08
 Reference value :  3.30393e-08
 Reference value :  3.31073e-08
 Reference value :  3.31553e-08
 Reference value :  3.31993e-08
 Reference value :  3.32373e-08
 Reference value :  3.32613e-08
 Reference value :  3.33863e-08
 Reference value :  3.34413e-08
 Reference value :  3.34793e-08
 Reference value :  3.35693e-08
 Reference value :  3.36153e-08
 Reference value :  3.36583e-08
 Reference value :  3.37043e-08
 Reference value :  3.37333e-08
 Reference value :  3.37903e-08
 Reference value :  3.38253e-08
 Reference value :  3.38563e-08
 Reference value :  3.39053e-08
 Reference value :  3.39953e-08
 Reference value :  3.40333e-08
 Reference value :  3.40823e-08
 Reference value :  3.41113e-08
 Reference value :  3.42143e-08
 Reference value :  3.42653e-08
 Reference value :  3.43033e-08
 Reference value :  3.44093e-08
 Reference value :  3.44523e-08
 Reference value :  3.45523e-08
 Reference value :  3.46143e-08
 Reference value :  3.46733e-08
 Reference value :  3.47283e-08
 Reference value :  3.47943e-08
 Reference value :  3.48643e-08
 Reference value :  3.48843e-08
 Reference value :  3.49443e-08
 Reference value :  3.49693e-08
 Reference value :  3.50423e-08
 Reference value :  3.51483e-08
 Reference value :  3.52053e-08
 Reference value :  3.52823e-08
 Reference value :  3.53383e-08
 Reference value :  3.54103e-08
 Reference value :  3.54553e-08
 Reference value :  3.55093e-08
 Reference value :  3.55773e-08
 Reference value :  3.56123e-08
 Reference value :  3.56933e-08
 Reference value :  3.57643e-08
 Reference value :  3.58573e-08
 Reference value :  3.59753e-08
 Reference value :  3.60173e-08
 Reference value :  3.60643e-08
 Reference value :  3.61623e-08
 Reference value :  3.62173e-08
 Reference value :  3.62463e-08
 Reference value :  3.62663e-08
 Reference value :  3.62873e-08
 Reference value :  3.63363e-08
 Reference value :  3.63943e-08
 Reference value :  3.64583e-08
 Reference value :  3.65123e-08
 Reference value :  3.65693e-08
 Reference value :  3.66223e-08
 Reference value :  3.66433e-08
 Reference value :  3.66643e-08
 Reference value :  3.66853e-08
 Reference value :  3.67463e-08
 Reference value :  3.68053e-08
 Reference value :  3.68263e-08
 Reference value :  3.69853e-08
 Reference value :  3.70903e-08
 Reference value :  3.71273e-08
 Reference value :  3.71483e-08
 Reference value :  3.73013e-08
 Reference value :  3.73323e-08
 Reference value :  3.73533e-08
 Reference value :  3.73743e-08
 Reference value :  3.74553e-08
 Reference value :  3.75943e-08
 Reference value :  3.76923e-08
 Reference value :  3.78023e-08
 Reference value :  3.78513e-08
 Reference value :  3.78973e-08
 Reference value :  3.79193e-08
 Reference value :  3.80833e-08
 Reference value :  3.81703e-08
 Reference value :  3.82363e-08
 Reference value :  3.82863e-08
 Reference value :  3.83493e-08
 Reference value :  3.84463e-08
 Reference value :  3.85323e-08
 Reference value :  3.85833e-08
 Reference value :  3.86163e-08
 Reference value :  3.86813e-08
 Reference value :  3.87473e-08
 Reference value :  3.87903e-08
 Reference value :  3.88273e-08
 Reference value :  3.89603e-08
 Reference value :  3.90703e-08
 Reference value :  3.91423e-08
 Reference value :  3.91683e-08
 Reference value :  3.92523e-08
 Reference value :  3.93363e-08
 Reference value :  3.94053e-08
 Reference value :  3.94453e-08
 Reference value :  3.95093e-08
 Reference value :  3.95303e-08
 Reference value :  3.96313e-08
 Reference value :  3.97253e-08
 Reference value :  3.97773e-08
 Reference value :  3.98383e-08
 Reference value :  3.99603e-08
 Reference value :  4.00513e-08
 Reference value :  4.00873e-08
 Reference value :  4.01253e-08
 Reference value :  4.02103e-08
 Reference value :  4.02423e-08
 Reference value :  4.03133e-08
 Reference value :  4.03503e-08
 Reference value :  4.03953e-08
 Reference value :  4.04573e-08
 Reference value :  4.05553e-08
 Reference value :  4.06033e-08
 Reference value :  4.07073e-08
 Reference value :  4.08003e-08
 Reference value :  4.08613e-08
 Reference value :  4.08943e-08
 Reference value :  4.10323e-08
 Reference value :  4.10623e-08
 Reference value :  4.10983e-08
 Reference value :  4.11633e-08
 Reference value :  4.11943e-08
 Reference value :  4.12203e-08
 Reference value :  4.12553e-08
 Reference value :  4.13123e-08
 Reference value :  4.13423e-08
 Reference value :  4.14063e-08
 Reference value :  4.14473e-08
 Reference value :  4.14683e-08
 Reference value :  4.15473e-08
 Reference value :  4.15723e-08
 Reference value :  4.15933e-08
 Reference value :  4.16163e-08
 Reference value :  4.17593e-08
 Reference value :  4.19023e-08
 Reference value :  4.19233e-08
 Reference value :  4.20033e-08
 Reference value :  4.20613e-08
 Reference value :  4.20873e-08
 Reference value :  4.21783e-08
 Reference value :  4.22243e-08
 Reference value :  4.22973e-08
 Reference value :  4.23703e-08
 Reference value :  4.24933e-08
 Reference value :  4.25143e-08
 Reference value :  4.25893e-08
 Reference value :  4.26493e-08
 Reference value :  4.27283e-08
 Reference value :  4.27603e-08
 Reference value :  4.27813e-08
 Reference value :  4.28353e-08
 Reference value :  4.29373e-08
 Reference value :  4.30123e-08
 Reference value :  4.31033e-08
 Reference value :  4.31593e-08
 Reference value :  4.32293e-08
 Reference value :  4.32713e-08
 Reference value :  4.33453e-08
 Reference value :  4.34473e-08
 Reference value :  4.34683e-08
 Reference value :  4.35323e-08
 Reference value :  4.36203e-08
 Reference value :  4.37433e-08
 Reference value :  4.37993e-08
 Reference value :  4.38723e-08
 Reference value :  4.39503e-08
 Reference value :  4.41303e-08
 Reference value :  4.42193e-08
 Reference value :  4.43023e-08
 Reference value :  4.44363e-08
 Reference value :  4.44953e-08
 Reference value :  4.45513e-08
 Reference value :  4.45903e-08
 Reference value :  4.46513e-08
 Reference value :  4.47213e-08
 Reference value :  4.48223e-08
 Reference value :  4.48873e-08
 Reference value :  4.49113e-08
 Reference value :  4.49683e-08
 Reference value :  4.49893e-08
 Reference value :  4.50673e-08
 Reference value :  4.51143e-08
 Reference value :  4.51463e-08
 Reference value :  4.52593e-08
 Reference value :  4.53913e-08
 Reference value :  4.54573e-08
 Reference value :  4.54803e-08
 Reference value :  4.55103e-08
 Reference value :  4.55623e-08
 Reference value :  4.55823e-08
 Reference value :  4.56123e-08
 Reference value :  4.56873e-08
 Reference value :  4.57943e-08
 Reference value :  4.58673e-08
 Reference value :  4.58883e-08
 Reference value :  4.59573e-08
 Reference value :  4.59783e-08
 Reference value :  4.59993e-08
 Reference value :  4.60203e-08
 Reference value :  4.60413e-08
 Reference value :  4.61223e-08
 Reference value :  4.61643e-08
 Reference value :  4.62133e-08
 Reference value :  4.62343e-08
 Reference value :  4.62663e-08
 Reference value :  4.63373e-08
 Reference value :  4.63923e-08
 Reference value :  4.64323e-08
 Reference value :  4.64673e-08
 Reference value :  4.66623e-08
 Reference value :  4.67513e-08
 Reference value :  4.67763e-08
 Reference value :  4.68313e-08
 Reference value :  4.68693e-08
 Reference value :  4.69473e-08
 Reference value :  4.69763e-08
 Reference value :  4.70673e-08
 Reference value :  4.71333e-08
 Reference value :  4.72643e-08
 Reference value :  4.73053e-08
 Reference value :  4.73303e-08
 Reference value :  4.73513e-08
 Reference value :  4.73723e-08
 Reference value :  4.74073e-08
 Reference value :  4.74443e-08
 Reference value :  4.75083e-08
 Reference value :  4.75963e-08
 Reference value :  4.76973e-08
 Reference value :  4.77333e-08
 Reference value :  4.78333e-08
 Reference value :  4.78823e-08
 Reference value :  4.79513e-08
 Reference value :  4.80143e-08
 Reference value :  4.80733e-08
 Reference value :  4.80943e-08
 Reference value :  4.81493e-08
 Reference value :  4.82303e-08
 Reference value :  4.82783e-08
 Reference value :  4.83493e-08
 Reference value :  4.83993e-08
 Reference value :  4.84383e-08
 Reference value :  4.85393e-08
 Reference value :  4.86123e-08
 Reference value :  4.86593e-08
 Reference value :  4.86983e-08
 Reference value :  4.88303e-08
 Reference value :  4.88813e-08
 Reference value :  4.90193e-08
 Reference value :  4.91763e-08
 Reference value :  4.92453e-08
 Reference value :  4.93013e-08
 Reference value :  4.93753e-08
 Reference value :  4.95103e-08
 Reference value :  4.95773e-08
 Reference value :  4.96143e-08
 Reference value :  4.96353e-08
 Reference value :  4.96833e-08
 Reference value :  4.97153e-08
 Reference value :  4.97523e-08
 Reference value :  4.97733e-08
 Reference value :  4.97943e-08
 Reference value :  4.98563e-08
 Reference value :  4.99143e-08
 Reference value :  4.99553e-08
No. of Data Rows : 50008
t1a                 =  6.680665e-09
t1b                 =  2.382442e-08
t2a                 =  6.311069e-09
t2b                 =  2.253659e-08
c1a                 =  -2.307515e-04
c1b                 =  -8.480288e-04
c2a                 =  -2.311806e-04
c2b                 =  -8.516783e-04
cta                 =  -2.233690e-04
ctb                 =  -9.117003e-04
vhi                 =  3.617392e+00 at=  2.533828e-08
vlo                 =  -3.608917e-02 at=  4.452328e-08
vxhi                =  3.694202e+00 at=  4.464728e-08
vxlo                =  -8.367270e-03 at=  3.050628e-08
m_period_r1 = 4.2859387500e-09
m_period_r2 = 4.0563802500e-09
m_f_r1 = 2.3332111314e+08
m_f_r2 = 2.4652521173e+08
m_i_r1_a = -3.600595669e-05
m_i_r2_a = -3.824208172e-05
m_i_tree_a = -4.015055628e-05
m_e_cycle_r1_j = -5.601791498e-13
m_c_eff_node_r1_f = -3.864746431e-15
m_ring_swing_v = 3.6534811700e+00
m_xo_swing_v = 3.7025692700e+00
m_i_total_a = -1.143985947e-04
m_p_rings_w = -2.695203794e-04
m_p_total_w = -4.152668987e-04
m_xo_trans_per_s = 9.5969264975e+08
Note: Simulation executed from .control section 

Using SPARSE 1.3 as Direct Linear Solver
