
Note: Compatibility modes selected: hs a


Circuit: * ro-inv-05stage-jitter @ ff_125c_3.30v -- generated by sim/harness, do not edit

Doing analysis at TEMP = 125.000000 and TNOM = 27.000000

Using SPARSE 1.3 as Direct Linear Solver

Initial Transient Solution
--------------------------

Node                                   Voltage
----                                   -------
vdd                                        3.3
n2                                         3.3
g1                                           0
n3                                 4.38523e-07
g2                                         3.3
n4                                         3.3
g3                                 4.38523e-07
n5                                 4.38523e-07
g4                                         3.3
n1                                           0
g5                                 4.38523e-07
xing                                     -1.65
xs40                                     -1.32
xs60                                     -1.98
bs60#branch                                  0
bs40#branch                                  0
bxing#branch                                 0
vn5#branch                                   0
vn4#branch                                   0
vn3#branch                                   0
vn2#branch                                   0
vn1#branch                                   0
vdd#branch                        -0.000514027

 Reference value :  5.16500e-10
 Reference value :  3.58850e-09
 Reference value :  6.65000e-09
 Reference value :  9.53650e-09
 Reference value :  1.26000e-08
 Reference value :  1.63792e-08
 Reference value :  1.95445e-08
 Reference value :  2.23792e-08
 Reference value :  2.51645e-08
 Reference value :  2.79400e-08
 Reference value :  3.10200e-08
 Reference value :  3.45155e-08
 Reference value :  3.74200e-08
 Reference value :  4.02865e-08
 Reference value :  4.35515e-08
 Reference value :  4.64401e-08
 Reference value :  4.96445e-08
 Reference value :  5.23685e-08
 Reference value :  5.53615e-08
 Reference value :  5.83185e-08
 Reference value :  6.13685e-08
 Reference value :  6.45585e-08
 Reference value :  6.74985e-08
 Reference value :  7.04400e-08
 Reference value :  7.40635e-08
 Reference value :  7.68745e-08
 Reference value :  7.96600e-08
 Reference value :  8.32335e-08
 Reference value :  8.66365e-08
 Reference value :  8.95092e-08
 Reference value :  9.23075e-08
 Reference value :  9.51303e-08
 Reference value :  9.80155e-08
 Reference value :  1.00750e-07
 Reference value :  1.03629e-07
 Reference value :  1.06358e-07
 Reference value :  1.09339e-07
 Reference value :  1.12054e-07
 Reference value :  1.14865e-07
 Reference value :  1.17629e-07
 Reference value :  1.20751e-07
 Reference value :  1.23601e-07
 Reference value :  1.26282e-07
 Reference value :  1.29134e-07
 Reference value :  1.31792e-07
 Reference value :  1.34573e-07
 Reference value :  1.37322e-07
 Reference value :  1.40190e-07
 Reference value :  1.43060e-07
 Reference value :  1.46203e-07
 Reference value :  1.49428e-07
 Reference value :  1.52329e-07
 Reference value :  1.55524e-07
 Reference value :  1.58622e-07
 Reference value :  1.62033e-07
 Reference value :  1.64888e-07
 Reference value :  1.67759e-07
No. of Data Rows : 221009
ts40                =  2.46283e-09
ts60                =  2.48225e-09
tk                  =  6.45856e-10
tk                  =  1.25462e-09
tk                  =  1.86335e-09
tk                  =  2.47207e-09
tk                  =  3.08093e-09
tk                  =  3.68967e-09
tk                  =  4.29836e-09
tk                  =  4.90708e-09
tk                  =  5.51582e-09
tk                  =  6.12445e-09
tk                  =  6.73315e-09
tk                  =  7.34189e-09
tk                  =  7.95061e-09
tk                  =  8.55943e-09
tk                  =  9.16805e-09
tk                  =  9.77681e-09
tk                  =  1.03854e-08
tk                  =  1.09942e-08
tk                  =  1.16029e-08
tk                  =  1.22115e-08
tk                  =  1.28202e-08
tk                  =  1.34289e-08
tk                  =  1.40376e-08
tk                  =  1.46464e-08
tk                  =  1.52552e-08
tk                  =  1.58641e-08
tk                  =  1.64728e-08
tk                  =  1.70814e-08
tk                  =  1.76902e-08
tk                  =  1.82989e-08
tk                  =  1.89076e-08
tk                  =  1.95163e-08
tk                  =  2.01249e-08
tk                  =  2.07334e-08
tk                  =  2.13423e-08
tk                  =  2.19509e-08
tk                  =  2.25596e-08
tk                  =  2.31683e-08
tk                  =  2.37771e-08
tk                  =  2.43858e-08
tk                  =  2.49945e-08
tk                  =  2.56031e-08
tk                  =  2.62118e-08
tk                  =  2.68205e-08
tk                  =  2.74291e-08
tk                  =  2.80379e-08
tk                  =  2.86467e-08
tk                  =  2.92551e-08
tk                  =  2.98637e-08
tk                  =  3.04724e-08
tk                  =  3.10811e-08
tk                  =  3.16899e-08
tk                  =  3.22985e-08
tk                  =  3.29073e-08
tk                  =  3.35160e-08
tk                  =  3.41246e-08
tk                  =  3.47333e-08
tk                  =  3.53421e-08
tk                  =  3.59508e-08
tk                  =  3.65596e-08
tk                  =  3.71682e-08
tk                  =  3.77769e-08
tk                  =  3.83858e-08
tk                  =  3.89946e-08
tk                  =  3.96033e-08
tk                  =  4.02121e-08
tk                  =  4.08208e-08
tk                  =  4.14294e-08
tk                  =  4.20382e-08
tk                  =  4.26469e-08
tk                  =  4.32555e-08
tk                  =  4.38642e-08
tk                  =  4.44729e-08
tk                  =  4.50816e-08
tk                  =  4.56903e-08
tk                  =  4.62989e-08
tk                  =  4.69077e-08
tk                  =  4.75164e-08
tk                  =  4.81253e-08
tk                  =  4.87340e-08
tk                  =  4.93428e-08
tk                  =  4.99513e-08
tk                  =  5.05601e-08
tk                  =  5.11688e-08
tk                  =  5.17775e-08
tk                  =  5.23860e-08
tk                  =  5.29949e-08
tk                  =  5.36035e-08
tk                  =  5.42122e-08
tk                  =  5.48207e-08
tk                  =  5.54295e-08
tk                  =  5.60382e-08
tk                  =  5.66468e-08
tk                  =  5.72555e-08
tk                  =  5.78642e-08
tk                  =  5.84731e-08
tk                  =  5.90818e-08
tk                  =  5.96905e-08
tk                  =  6.02991e-08
tk                  =  6.09077e-08
tk                  =  6.15166e-08
tk                  =  6.21254e-08
tk                  =  6.27343e-08
tk                  =  6.33429e-08
tk                  =  6.39516e-08
tk                  =  6.45604e-08
tk                  =  6.51691e-08
tk                  =  6.57778e-08
tk                  =  6.63867e-08
tk                  =  6.69953e-08
tk                  =  6.76041e-08
tk                  =  6.82128e-08
tk                  =  6.88215e-08
tk                  =  6.94303e-08
tk                  =  7.00389e-08
tk                  =  7.06476e-08
tk                  =  7.12562e-08
tk                  =  7.18650e-08
tk                  =  7.24737e-08
tk                  =  7.30823e-08
tk                  =  7.36910e-08
tk                  =  7.42998e-08
tk                  =  7.49083e-08
tk                  =  7.55170e-08
tk                  =  7.61258e-08
tk                  =  7.67345e-08
tk                  =  7.73433e-08
tk                  =  7.79520e-08
tk                  =  7.85606e-08
m_period = 6.0870886016e-10
m_f_osc = 1.6428214956e+09
m_slew_v_per_s = 3.3983831935e+10
m_sigma_1 = 9.0317484935e-14
m_sigma_2 = 1.1686380774e-13
m_sigma_4 = 1.5344114190e-13
m_sigma_8 = 2.1541480498e-13
m_sigma_16 = 2.9205242167e-13
m_sigma_32 = 3.2075101820e-13
Note: Simulation executed from .control section 

Warning: m=xx on .subckt line will override multiplier m hierarchy!

