
Note: Compatibility modes selected: hs a


Circuit: * ro-inv-05stage-jitter @ ff_125c_3.30v -- generated by sim/harness, do not edit

Doing analysis at TEMP = 125.000000 and TNOM = 27.000000

Using SPARSE 1.3 as Direct Linear Solver

Initial Transient Solution
--------------------------

Node                                   Voltage
----                                   -------
vdd                                        3.3
n2                                         3.3
g1                                           0
n3                                 4.38523e-07
g2                                         3.3
n4                                         3.3
g3                                 4.38523e-07
n5                                 4.38523e-07
g4                                         3.3
n1                                           0
g5                                 4.38523e-07
xing                                     -1.65
xs40                                     -1.32
xs60                                     -1.98
bs60#branch                                  0
bs40#branch                                  0
bxing#branch                                 0
vn5#branch                                   0
vn4#branch                                   0
vn3#branch                                   0
vn2#branch                                   0
vn1#branch                                   0
vdd#branch                        -0.000514027

 Reference value :  2.85500e-10
 Reference value :  3.34010e-09
 Reference value :  6.19650e-09
 Reference value :  9.32850e-09
 Reference value :  1.29345e-08
 Reference value :  1.62145e-08
 Reference value :  1.90600e-08
 Reference value :  2.19275e-08
 Reference value :  2.47925e-08
 Reference value :  2.79965e-08
 Reference value :  3.15300e-08
 Reference value :  3.46192e-08
 Reference value :  3.74292e-08
 Reference value :  4.09245e-08
 Reference value :  4.40403e-08
 Reference value :  4.72701e-08
 Reference value :  4.99292e-08
 Reference value :  5.29192e-08
 Reference value :  5.57915e-08
 Reference value :  5.87955e-08
 Reference value :  6.19465e-08
 Reference value :  6.50345e-08
 Reference value :  6.82625e-08
 Reference value :  7.17485e-08
 Reference value :  7.45007e-08
 Reference value :  7.74107e-08
 Reference value :  8.13800e-08
 Reference value :  8.44301e-08
 Reference value :  8.73800e-08
 Reference value :  9.00585e-08
 Reference value :  9.30801e-08
 Reference value :  9.59545e-08
 Reference value :  9.87655e-08
 Reference value :  1.01408e-07
 Reference value :  1.04317e-07
 Reference value :  1.07126e-07
 Reference value :  1.09931e-07
 Reference value :  1.12801e-07
 Reference value :  1.15634e-07
 Reference value :  1.18598e-07
 Reference value :  1.21279e-07
 Reference value :  1.24186e-07
 Reference value :  1.26996e-07
 Reference value :  1.29670e-07
 Reference value :  1.32367e-07
 Reference value :  1.35455e-07
 Reference value :  1.38241e-07
 Reference value :  1.41318e-07
 Reference value :  1.44640e-07
 Reference value :  1.47756e-07
 Reference value :  1.50984e-07
 Reference value :  1.54097e-07
 Reference value :  1.57330e-07
 Reference value :  1.60492e-07
 Reference value :  1.63243e-07
 Reference value :  1.65935e-07
 Reference value :  1.68930e-07
No. of Data Rows : 221009
ts40                =  2.46273e-09
ts60                =  2.48215e-09
tk                  =  6.45855e-10
tk                  =  1.25450e-09
tk                  =  1.86322e-09
tk                  =  2.47196e-09
tk                  =  3.08061e-09
tk                  =  3.68927e-09
tk                  =  4.29800e-09
tk                  =  4.90669e-09
tk                  =  5.51543e-09
tk                  =  6.12411e-09
tk                  =  6.73282e-09
tk                  =  7.34167e-09
tk                  =  7.95025e-09
tk                  =  8.55898e-09
tk                  =  9.16764e-09
tk                  =  9.77634e-09
tk                  =  1.03849e-08
tk                  =  1.09936e-08
tk                  =  1.16022e-08
tk                  =  1.22109e-08
tk                  =  1.28197e-08
tk                  =  1.34283e-08
tk                  =  1.40370e-08
tk                  =  1.46457e-08
tk                  =  1.52545e-08
tk                  =  1.58632e-08
tk                  =  1.64718e-08
tk                  =  1.70807e-08
tk                  =  1.76894e-08
tk                  =  1.82981e-08
tk                  =  1.89069e-08
tk                  =  1.95156e-08
tk                  =  2.01242e-08
tk                  =  2.07330e-08
tk                  =  2.13415e-08
tk                  =  2.19503e-08
tk                  =  2.25589e-08
tk                  =  2.31677e-08
tk                  =  2.37764e-08
tk                  =  2.43851e-08
tk                  =  2.49937e-08
tk                  =  2.56025e-08
tk                  =  2.62113e-08
tk                  =  2.68201e-08
tk                  =  2.74289e-08
tk                  =  2.80374e-08
tk                  =  2.86463e-08
tk                  =  2.92549e-08
tk                  =  2.98636e-08
tk                  =  3.04725e-08
tk                  =  3.10812e-08
tk                  =  3.16899e-08
tk                  =  3.22986e-08
tk                  =  3.29073e-08
tk                  =  3.35160e-08
tk                  =  3.41247e-08
tk                  =  3.47335e-08
tk                  =  3.53421e-08
tk                  =  3.59509e-08
tk                  =  3.65595e-08
tk                  =  3.71681e-08
tk                  =  3.77769e-08
tk                  =  3.83856e-08
tk                  =  3.89942e-08
tk                  =  3.96027e-08
tk                  =  4.02114e-08
tk                  =  4.08201e-08
tk                  =  4.14288e-08
tk                  =  4.20374e-08
tk                  =  4.26460e-08
tk                  =  4.32548e-08
tk                  =  4.38635e-08
tk                  =  4.44721e-08
tk                  =  4.50808e-08
tk                  =  4.56896e-08
tk                  =  4.62985e-08
tk                  =  4.69073e-08
tk                  =  4.75160e-08
tk                  =  4.81248e-08
tk                  =  4.87336e-08
tk                  =  4.93423e-08
tk                  =  4.99509e-08
tk                  =  5.05596e-08
tk                  =  5.11683e-08
tk                  =  5.17770e-08
tk                  =  5.23858e-08
tk                  =  5.29946e-08
tk                  =  5.36032e-08
tk                  =  5.42118e-08
tk                  =  5.48206e-08
tk                  =  5.54292e-08
tk                  =  5.60379e-08
tk                  =  5.66465e-08
tk                  =  5.72552e-08
tk                  =  5.78639e-08
tk                  =  5.84726e-08
tk                  =  5.90813e-08
tk                  =  5.96900e-08
tk                  =  6.02987e-08
tk                  =  6.09075e-08
tk                  =  6.15161e-08
tk                  =  6.21248e-08
tk                  =  6.27336e-08
tk                  =  6.33424e-08
tk                  =  6.39511e-08
tk                  =  6.45598e-08
tk                  =  6.51685e-08
tk                  =  6.57771e-08
tk                  =  6.63860e-08
tk                  =  6.69946e-08
tk                  =  6.76034e-08
tk                  =  6.82122e-08
tk                  =  6.88208e-08
tk                  =  6.94294e-08
tk                  =  7.00382e-08
tk                  =  7.06469e-08
tk                  =  7.12555e-08
tk                  =  7.18641e-08
tk                  =  7.24727e-08
tk                  =  7.30814e-08
tk                  =  7.36900e-08
tk                  =  7.42987e-08
tk                  =  7.49072e-08
tk                  =  7.55160e-08
tk                  =  7.61248e-08
tk                  =  7.67335e-08
tk                  =  7.73421e-08
tk                  =  7.79507e-08
tk                  =  7.85594e-08
m_period = 6.0869949219e-10
m_f_osc = 1.6428467788e+09
m_slew_v_per_s = 3.3985581874e+10
m_sigma_1 = 7.7277289458e-14
m_sigma_2 = 1.1184559141e-13
m_sigma_4 = 1.4978865102e-13
m_sigma_8 = 2.3897463651e-13
m_sigma_16 = 3.1803026859e-13
m_sigma_32 = 3.2450384147e-13
Note: Simulation executed from .control section 

Warning: m=xx on .subckt line will override multiplier m hierarchy!

