
Note: Compatibility modes selected: hs a


Circuit: * ro-inv-05stage-jitter @ ff_125c_3.30v -- generated by sim/harness, do not edit

Doing analysis at TEMP = 125.000000 and TNOM = 27.000000

Using SPARSE 1.3 as Direct Linear Solver

Initial Transient Solution
--------------------------

Node                                   Voltage
----                                   -------
vdd                                        3.3
n2                                         3.3
g1                                           0
n3                                 4.38523e-07
g2                                         3.3
n4                                         3.3
g3                                 4.38523e-07
n5                                 4.38523e-07
g4                                         3.3
n1                                           0
g5                                 4.38523e-07
xing                                     -1.65
xs40                                     -1.32
xs60                                     -1.98
bs60#branch                                  0
bs40#branch                                  0
bxing#branch                                 0
vn5#branch                                   0
vn4#branch                                   0
vn3#branch                                   0
vn2#branch                                   0
vn1#branch                                   0
vdd#branch                        -0.000514027

 Reference value :  9.54500e-10
 Reference value :  4.05650e-09
 Reference value :  6.86350e-09
 Reference value :  9.73450e-09
 Reference value :  1.26745e-08
 Reference value :  1.58435e-08
 Reference value :  1.92785e-08
 Reference value :  2.22801e-08
 Reference value :  2.51045e-08
 Reference value :  2.85292e-08
 Reference value :  3.14065e-08
 Reference value :  3.46907e-08
 Reference value :  3.73925e-08
 Reference value :  4.04445e-08
 Reference value :  4.33715e-08
 Reference value :  4.63000e-08
 Reference value :  4.94155e-08
 Reference value :  5.24185e-08
 Reference value :  5.53655e-08
 Reference value :  5.88700e-08
 Reference value :  6.16775e-08
 Reference value :  6.44292e-08
 Reference value :  6.76255e-08
 Reference value :  7.12785e-08
 Reference value :  7.43235e-08
 Reference value :  7.72200e-08
 Reference value :  8.00835e-08
 Reference value :  8.30935e-08
 Reference value :  8.58535e-08
 Reference value :  8.86625e-08
 Reference value :  9.14185e-08
 Reference value :  9.44992e-08
 Reference value :  9.71555e-08
 Reference value :  1.00059e-07
 Reference value :  1.02845e-07
 Reference value :  1.05650e-07
 Reference value :  1.08550e-07
 Reference value :  1.11213e-07
 Reference value :  1.14183e-07
 Reference value :  1.16889e-07
 Reference value :  1.19720e-07
 Reference value :  1.22562e-07
 Reference value :  1.25511e-07
 Reference value :  1.28292e-07
 Reference value :  1.31450e-07
 Reference value :  1.34654e-07
 Reference value :  1.37584e-07
 Reference value :  1.41020e-07
 Reference value :  1.44060e-07
 Reference value :  1.47555e-07
 Reference value :  1.50404e-07
 Reference value :  1.53304e-07
 Reference value :  1.55916e-07
 Reference value :  1.59074e-07
 Reference value :  1.62166e-07
 Reference value :  1.65738e-07
 Reference value :  1.69020e-07
No. of Data Rows : 221009
ts40                =  2.46268e-09
ts60                =  2.48211e-09
tk                  =  6.45797e-10
tk                  =  1.25446e-09
tk                  =  1.86319e-09
tk                  =  2.47191e-09
tk                  =  3.08077e-09
tk                  =  3.68953e-09
tk                  =  4.29833e-09
tk                  =  4.90689e-09
tk                  =  5.51565e-09
tk                  =  6.12424e-09
tk                  =  6.73289e-09
tk                  =  7.34158e-09
tk                  =  7.95036e-09
tk                  =  8.55908e-09
tk                  =  9.16774e-09
tk                  =  9.77655e-09
tk                  =  1.03853e-08
tk                  =  1.09940e-08
tk                  =  1.16028e-08
tk                  =  1.22114e-08
tk                  =  1.28201e-08
tk                  =  1.34289e-08
tk                  =  1.40374e-08
tk                  =  1.46461e-08
tk                  =  1.52547e-08
tk                  =  1.58635e-08
tk                  =  1.64722e-08
tk                  =  1.70809e-08
tk                  =  1.76896e-08
tk                  =  1.82983e-08
tk                  =  1.89069e-08
tk                  =  1.95156e-08
tk                  =  2.01242e-08
tk                  =  2.07330e-08
tk                  =  2.13415e-08
tk                  =  2.19502e-08
tk                  =  2.25588e-08
tk                  =  2.31676e-08
tk                  =  2.37762e-08
tk                  =  2.43849e-08
tk                  =  2.49936e-08
tk                  =  2.56024e-08
tk                  =  2.62110e-08
tk                  =  2.68198e-08
tk                  =  2.74284e-08
tk                  =  2.80371e-08
tk                  =  2.86458e-08
tk                  =  2.92544e-08
tk                  =  2.98631e-08
tk                  =  3.04718e-08
tk                  =  3.10806e-08
tk                  =  3.16891e-08
tk                  =  3.22977e-08
tk                  =  3.29064e-08
tk                  =  3.35151e-08
tk                  =  3.41239e-08
tk                  =  3.47326e-08
tk                  =  3.53412e-08
tk                  =  3.59498e-08
tk                  =  3.65586e-08
tk                  =  3.71674e-08
tk                  =  3.77762e-08
tk                  =  3.83851e-08
tk                  =  3.89937e-08
tk                  =  3.96025e-08
tk                  =  4.02110e-08
tk                  =  4.08199e-08
tk                  =  4.14285e-08
tk                  =  4.20373e-08
tk                  =  4.26459e-08
tk                  =  4.32547e-08
tk                  =  4.38633e-08
tk                  =  4.44719e-08
tk                  =  4.50808e-08
tk                  =  4.56895e-08
tk                  =  4.62981e-08
tk                  =  4.69068e-08
tk                  =  4.75155e-08
tk                  =  4.81243e-08
tk                  =  4.87330e-08
tk                  =  4.93417e-08
tk                  =  4.99505e-08
tk                  =  5.05592e-08
tk                  =  5.11678e-08
tk                  =  5.17767e-08
tk                  =  5.23853e-08
tk                  =  5.29941e-08
tk                  =  5.36027e-08
tk                  =  5.42114e-08
tk                  =  5.48202e-08
tk                  =  5.54289e-08
tk                  =  5.60376e-08
tk                  =  5.66463e-08
tk                  =  5.72550e-08
tk                  =  5.78637e-08
tk                  =  5.84725e-08
tk                  =  5.90813e-08
tk                  =  5.96901e-08
tk                  =  6.02988e-08
tk                  =  6.09074e-08
tk                  =  6.15162e-08
tk                  =  6.21248e-08
tk                  =  6.27337e-08
tk                  =  6.33424e-08
tk                  =  6.39511e-08
tk                  =  6.45599e-08
tk                  =  6.51686e-08
tk                  =  6.57771e-08
tk                  =  6.63858e-08
tk                  =  6.69945e-08
tk                  =  6.76033e-08
tk                  =  6.82118e-08
tk                  =  6.88205e-08
tk                  =  6.94292e-08
tk                  =  7.00380e-08
tk                  =  7.06467e-08
tk                  =  7.12554e-08
tk                  =  7.18642e-08
tk                  =  7.24729e-08
tk                  =  7.30818e-08
tk                  =  7.36903e-08
tk                  =  7.42991e-08
tk                  =  7.49077e-08
tk                  =  7.55165e-08
tk                  =  7.61252e-08
tk                  =  7.67340e-08
tk                  =  7.73427e-08
tk                  =  7.79513e-08
tk                  =  7.85601e-08
m_period = 6.0870541641e-10
m_f_osc = 1.6428307898e+09
m_slew_v_per_s = 3.3968090582e+10
m_sigma_1 = 8.9543395345e-14
m_sigma_2 = 1.0345942340e-13
m_sigma_4 = 1.4156846425e-13
m_sigma_8 = 1.9762534731e-13
m_sigma_16 = 3.0360421686e-13
m_sigma_32 = 5.3876123397e-13
Note: Simulation executed from .control section 

Warning: m=xx on .subckt line will override multiplier m hierarchy!

