
Note: Compatibility modes selected: hs a


Circuit: * ro-array-core-mc-freq @ ss_125c_3.63v -- generated by sim/harness, do not edit

Doing analysis at TEMP = 125.000000 and TNOM = 27.000000

Using SPARSE 1.3 as Direct Linear Solver

Initial Transient Solution
--------------------------

Node                                   Voltage
----                                   -------
vsup                                      3.63
en                                        3.63
vddr1                                     3.63
vddr2                                     3.63
vdd                                       3.63
xdut.xr1.xg.py                         1.72576
xdut.xr1.n1                                  0
xdut.rn1                            2.5173e-07
xdut.xr1.xg.nm                    2.41618e-151
xdut.xr1.xg.ny                    2.27326e-151
xdut.xr1.x1.py                            3.63
xdut.xr1.n2                               3.63
xdut.xr1.x1.ny                     9.98601e-07
xdut.xr1.x2.py                            3.63
xdut.xr1.n3                        2.58229e-07
xdut.xr1.x2.ny                     2.22074e-07
xdut.xr1.x3.py                            3.63
xdut.xr1.n4                               3.63
xdut.xr1.x3.ny                     6.92057e-07
xdut.xr1.x4.py                            3.63
xdut.xr1.n5                        2.71704e-07
xdut.xr1.x4.ny                     2.35387e-07
xdut.xr1.x5.py                            3.63
xdut.xr1.n6                               3.63
xdut.xr1.x5.ny                     5.05314e-07
xdut.xr1.x6.py                            3.63
xdut.xr1.n7                        2.97674e-07
xdut.xr1.x6.ny                     2.57226e-07
xdut.xr1.x7.py                            3.63
xdut.xr1.n8                               3.63
xdut.xr1.x7.ny                     7.47291e-07
xdut.xr1.x8.py                            3.63
xdut.xr1.n9                         2.4031e-07
xdut.xr1.x8.ny                     2.06868e-07
xdut.xr1.x9.py                            3.63
xdut.xr1.n10                              3.63
xdut.xr1.x9.ny                     3.64815e-07
xdut.xr1.x10.py                           3.63
xdut.xr1.x10.ny                      2.166e-07
xdut.xr2.xg.py                         1.73689
xdut.xr2.n1                                  0
xdut.rn2                           2.44878e-07
xdut.xr2.xg.nm                    2.41763e-179
xdut.xr2.xg.ny                    2.26523e-179
xdut.xr2.x1.py                            3.63
xdut.xr2.n2                               3.63
xdut.xr2.x1.ny                     5.50329e-07
xdut.xr2.x2.py                            3.63
xdut.xr2.n3                        2.24128e-07
xdut.xr2.x2.ny                     1.91545e-07
xdut.xr2.x3.py                            3.63
xdut.xr2.n4                               3.63
xdut.xr2.x3.ny                     1.11146e-06
xdut.xr2.x4.py                            3.63
xdut.xr2.n5                        2.39039e-07
xdut.xr2.x4.ny                     2.04187e-07
xdut.xr2.x5.py                            3.63
xdut.xr2.n6                               3.63
xdut.xr2.x5.ny                     1.06069e-06
xdut.xr2.x6.py                            3.63
xdut.xr2.n7                        2.19502e-07
xdut.xr2.x6.ny                     1.87255e-07
xdut.xr2.x7.py                            3.63
xdut.xr2.n8                               3.63
xdut.xr2.x7.ny                     7.11069e-07
xdut.xr2.x8.py                            3.63
xdut.xr2.n9                        2.44067e-07
xdut.xr2.x8.ny                      2.0785e-07
xdut.xr2.x9.py                         3.62999
xdut.xr2.n10                           3.62999
xdut.xr2.x9.ny                     2.15083e-06
xdut.xr2.x10.py                           3.63
xdut.xr2.x10.ny                    2.09178e-07
ro1                                       3.63
ro2                                       3.63
xdut.xa1.an                        3.63157e-08
xdut.xa1.bn                        3.22567e-08
xdut.xa1.mid                          0.777261
xo                                 1.84443e-07
xdut.xa1.s1                        9.25538e-08
xdut.xa1.s2                        8.66903e-08
q1                                -7.72078e-16
q2                                -8.25463e-16
qt                                -6.03255e-21
vth                                      1.815
bvth#branch                                  0
vtr#branch                         6.03255e-11
vr2#branch                         8.25463e-06
vr1#branch                         7.72078e-06
ven#branch                                   0
vsup#branch                       -1.59755e-05

 Reference value :  2.52800e-11
 Reference value :  7.17280e-10
 Reference value :  1.37628e-09
 Reference value :  2.04628e-09
 Reference value :  2.67228e-09
 Reference value :  3.29528e-09
 Reference value :  3.92928e-09
 Reference value :  4.59028e-09
 Reference value :  5.20828e-09
 Reference value :  5.86028e-09
 Reference value :  6.47828e-09
 Reference value :  7.09228e-09
 Reference value :  7.70728e-09
 Reference value :  8.34128e-09
 Reference value :  8.96928e-09
 Reference value :  9.59628e-09
 Reference value :  1.02183e-08
 Reference value :  1.08553e-08
 Reference value :  1.14723e-08
 Reference value :  1.21603e-08
 Reference value :  1.28083e-08
 Reference value :  1.34433e-08
 Reference value :  1.40673e-08
 Reference value :  1.47063e-08
 Reference value :  1.53263e-08
 Reference value :  1.59603e-08
 Reference value :  1.65943e-08
 Reference value :  1.72163e-08
 Reference value :  1.78673e-08
 Reference value :  1.84843e-08
 Reference value :  1.91353e-08
 Reference value :  1.97653e-08
 Reference value :  2.03803e-08
 Reference value :  2.09973e-08
 Reference value :  2.16293e-08
 Reference value :  2.22593e-08
 Reference value :  2.29313e-08
 Reference value :  2.35493e-08
 Reference value :  2.41783e-08
 Reference value :  2.47973e-08
 Reference value :  2.54183e-08
 Reference value :  2.60663e-08
 Reference value :  2.66963e-08
 Reference value :  2.73423e-08
 Reference value :  2.79693e-08
 Reference value :  2.85903e-08
 Reference value :  2.92113e-08
 Reference value :  2.98323e-08
 Reference value :  3.04743e-08
 Reference value :  3.11023e-08
 Reference value :  3.17223e-08
 Reference value :  3.23503e-08
 Reference value :  3.29793e-08
 Reference value :  3.36123e-08
 Reference value :  3.42653e-08
 Reference value :  3.49033e-08
 Reference value :  3.55363e-08
 Reference value :  3.61673e-08
 Reference value :  3.67953e-08
 Reference value :  3.74323e-08
 Reference value :  3.80563e-08
 Reference value :  3.86753e-08
 Reference value :  3.93153e-08
 Reference value :  3.99353e-08
 Reference value :  4.05713e-08
 Reference value :  4.12083e-08
 Reference value :  4.18473e-08
 Reference value :  4.24873e-08
 Reference value :  4.31313e-08
 Reference value :  4.37673e-08
 Reference value :  4.43983e-08
 Reference value :  4.50233e-08
 Reference value :  4.56433e-08
 Reference value :  4.62853e-08
 Reference value :  4.69213e-08
 Reference value :  4.75703e-08
 Reference value :  4.82013e-08
 Reference value :  4.88183e-08
 Reference value :  4.94683e-08
 Reference value :  5.00953e-08
 Reference value :  5.07293e-08
 Reference value :  5.14133e-08
 Reference value :  5.20253e-08
 Reference value :  5.26583e-08
 Reference value :  5.33273e-08
 Reference value :  5.39433e-08
 Reference value :  5.45913e-08
 Reference value :  5.52273e-08
 Reference value :  5.58453e-08
 Reference value :  5.64653e-08
 Reference value :  5.71113e-08
 Reference value :  5.77313e-08
 Reference value :  5.83873e-08
 Reference value :  5.90283e-08
 Reference value :  5.96503e-08
 Reference value :  6.02693e-08
 Reference value :  6.09183e-08
 Reference value :  6.15483e-08
 Reference value :  6.21713e-08
 Reference value :  6.28253e-08
 Reference value :  6.34593e-08
 Reference value :  6.40913e-08
 Reference value :  6.47113e-08
 Reference value :  6.53523e-08
 Reference value :  6.59783e-08
 Reference value :  6.66283e-08
 Reference value :  6.72983e-08
 Reference value :  6.79313e-08
 Reference value :  6.85503e-08
 Reference value :  6.91853e-08
 Reference value :  6.98163e-08
 Reference value :  7.04523e-08
 Reference value :  7.10933e-08
 Reference value :  7.17253e-08
 Reference value :  7.23393e-08
 Reference value :  7.29533e-08
 Reference value :  7.35913e-08
 Reference value :  7.42093e-08
 Reference value :  7.48283e-08
 Reference value :  7.54533e-08
 Reference value :  7.60853e-08
 Reference value :  7.67333e-08
 Reference value :  7.73533e-08
 Reference value :  7.79683e-08
 Reference value :  7.86113e-08
 Reference value :  7.92443e-08
 Reference value :  7.98873e-08
 Reference value :  8.05253e-08
 Reference value :  8.11573e-08
 Reference value :  8.17823e-08
 Reference value :  8.23963e-08
 Reference value :  8.30113e-08
 Reference value :  8.36393e-08
 Reference value :  8.42843e-08
 Reference value :  8.49223e-08
 Reference value :  8.55793e-08
 Reference value :  8.61913e-08
 Reference value :  8.68093e-08
 Reference value :  8.74733e-08
 Reference value :  8.81113e-08
 Reference value :  8.87343e-08
 Reference value :  8.93743e-08
 Reference value :  8.99993e-08
 Reference value :  9.06153e-08
 Reference value :  9.12693e-08
 Reference value :  9.19403e-08
 Reference value :  9.25593e-08
 Reference value :  9.32043e-08
 Reference value :  9.38383e-08
 Reference value :  9.44953e-08
 Reference value :  9.51433e-08
 Reference value :  9.58683e-08
 Reference value :  9.67383e-08
 Reference value :  9.73743e-08
 Reference value :  9.80213e-08
 Reference value :  9.86813e-08
 Reference value :  9.93653e-08
No. of Data Rows : 100008
t1a                 =  1.93079e-08
t1b                 =  5.76252e-08
t2a                 =  1.80207e-08
t2b                 =  5.37242e-08
c1a                 =  -2.85384e-04
c1b                 =  -8.64568e-04
c2a                 =  -2.83764e-04
c2b                 =  -8.59289e-04
m_period_r1 = 9.5793075000e-09
m_period_r2 = 8.9258750000e-09
m_f_r1 = 1.0439167967e+08
m_f_r2 = 1.1203383422e+08
m_i_r1_a = -1.511549504e-05
m_i_r2_a = -1.611956251e-05
Note: Simulation executed from .control section 

Warning: m=xx on .subckt line will override multiplier m hierarchy!

