
Note: Compatibility modes selected: hs a


Circuit: * ro-array-core-mc-freq @ ss_125c_3.63v -- generated by sim/harness, do not edit

Doing analysis at TEMP = 125.000000 and TNOM = 27.000000

Using SPARSE 1.3 as Direct Linear Solver

Initial Transient Solution
--------------------------

Node                                   Voltage
----                                   -------
vsup                                      3.63
en                                        3.63
vddr1                                     3.63
vddr2                                     3.63
vdd                                       3.63
xdut.xr1.xg.py                         1.72617
xdut.xr1.n1                                  0
xdut.rn1                           2.42355e-07
xdut.xr1.xg.nm                   -3.13632e-204
xdut.xr1.xg.ny                   -2.94928e-204
xdut.xr1.x1.py                            3.63
xdut.xr1.n2                               3.63
xdut.xr1.x1.ny                     7.02154e-07
xdut.xr1.x2.py                            3.63
xdut.xr1.n3                        2.41333e-07
xdut.xr1.x2.ny                     2.08563e-07
xdut.xr1.x3.py                            3.63
xdut.xr1.n4                               3.63
xdut.xr1.x3.ny                     6.17687e-07
xdut.xr1.x4.py                            3.63
xdut.xr1.n5                        3.17242e-07
xdut.xr1.x4.ny                     2.72804e-07
xdut.xr1.x5.py                            3.63
xdut.xr1.n6                               3.63
xdut.xr1.x5.ny                     9.97741e-07
xdut.xr1.x6.py                            3.63
xdut.xr1.n7                        2.46711e-07
xdut.xr1.x6.ny                     2.12707e-07
xdut.xr1.x7.py                            3.63
xdut.xr1.n8                               3.63
xdut.xr1.x7.ny                     1.15165e-06
xdut.xr1.x8.py                            3.63
xdut.xr1.n9                        2.88823e-07
xdut.xr1.x8.ny                     2.47818e-07
xdut.xr1.x9.py                            3.63
xdut.xr1.n10                              3.63
xdut.xr1.x9.ny                      3.2115e-07
xdut.xr1.x10.py                           3.63
xdut.xr1.x10.ny                    2.08852e-07
xdut.xr2.xg.py                         1.75355
xdut.xr2.n1                                  0
xdut.rn2                           2.38436e-07
xdut.xr2.xg.nm                    3.22773e-211
xdut.xr2.xg.ny                     3.0224e-211
xdut.xr2.x1.py                            3.63
xdut.xr2.n2                               3.63
xdut.xr2.x1.ny                       5.918e-07
xdut.xr2.x2.py                            3.63
xdut.xr2.n3                        2.24318e-07
xdut.xr2.x2.ny                     1.91676e-07
xdut.xr2.x3.py                            3.63
xdut.xr2.n4                               3.63
xdut.xr2.x3.ny                     4.42198e-07
xdut.xr2.x4.py                            3.63
xdut.xr2.n5                        2.31879e-07
xdut.xr2.x4.ny                     1.98419e-07
xdut.xr2.x5.py                            3.63
xdut.xr2.n6                               3.63
xdut.xr2.x5.ny                     7.56807e-07
xdut.xr2.x6.py                            3.63
xdut.xr2.n7                        2.53925e-07
xdut.xr2.x6.ny                     2.16995e-07
xdut.xr2.x7.py                            3.63
xdut.xr2.n8                               3.63
xdut.xr2.x7.ny                     3.22354e-07
xdut.xr2.x8.py                            3.63
xdut.xr2.n9                        2.30472e-07
xdut.xr2.x8.ny                     1.96742e-07
xdut.xr2.x9.py                         3.62999
xdut.xr2.n10                           3.62999
xdut.xr2.x9.ny                     2.10284e-06
xdut.xr2.x10.py                           3.63
xdut.xr2.x10.ny                    2.02746e-07
ro1                                       3.63
ro2                                       3.63
xdut.xa1.an                        3.30124e-08
xdut.xa1.bn                        3.28648e-08
xdut.xa1.mid                          0.764089
xo                                 1.88378e-07
xdut.xa1.s1                        9.39566e-08
xdut.xa1.s2                        7.82548e-08
q1                                  -7.709e-16
q2                                -8.24512e-16
qt                                -8.62029e-21
vth                                      1.815
bvth#branch                                  0
vtr#branch                         8.62029e-11
vr2#branch                         8.24512e-06
vr1#branch                           7.709e-06
ven#branch                                   0
vsup#branch                       -1.59542e-05

 Reference value :  2.02800e-11
 Reference value :  7.09280e-10
 Reference value :  1.37128e-09
 Reference value :  2.03328e-09
 Reference value :  2.65528e-09
 Reference value :  3.27328e-09
 Reference value :  3.90328e-09
 Reference value :  4.55828e-09
 Reference value :  5.18028e-09
 Reference value :  5.80728e-09
 Reference value :  6.41728e-09
 Reference value :  7.02628e-09
 Reference value :  7.63528e-09
 Reference value :  8.26628e-09
 Reference value :  8.88328e-09
 Reference value :  9.51228e-09
 Reference value :  1.01273e-08
 Reference value :  1.07523e-08
 Reference value :  1.13743e-08
 Reference value :  1.20383e-08
 Reference value :  1.26813e-08
 Reference value :  1.33113e-08
 Reference value :  1.39323e-08
 Reference value :  1.45663e-08
 Reference value :  1.51843e-08
 Reference value :  1.58013e-08
 Reference value :  1.64323e-08
 Reference value :  1.70493e-08
 Reference value :  1.76863e-08
 Reference value :  1.83013e-08
 Reference value :  1.89483e-08
 Reference value :  1.95743e-08
 Reference value :  2.01803e-08
 Reference value :  2.07963e-08
 Reference value :  2.14163e-08
 Reference value :  2.20403e-08
 Reference value :  2.26903e-08
 Reference value :  2.33253e-08
 Reference value :  2.39403e-08
 Reference value :  2.45643e-08
 Reference value :  2.51793e-08
 Reference value :  2.58233e-08
 Reference value :  2.64473e-08
 Reference value :  2.70873e-08
 Reference value :  2.77133e-08
 Reference value :  2.83303e-08
 Reference value :  2.89443e-08
 Reference value :  2.95633e-08
 Reference value :  3.01933e-08
 Reference value :  3.08173e-08
 Reference value :  3.14333e-08
 Reference value :  3.20573e-08
 Reference value :  3.26803e-08
 Reference value :  3.33053e-08
 Reference value :  3.39533e-08
 Reference value :  3.45913e-08
 Reference value :  3.52183e-08
 Reference value :  3.58513e-08
 Reference value :  3.64723e-08
 Reference value :  3.71063e-08
 Reference value :  3.77223e-08
 Reference value :  3.83353e-08
 Reference value :  3.89713e-08
 Reference value :  3.95863e-08
 Reference value :  4.02323e-08
 Reference value :  4.08613e-08
 Reference value :  4.14953e-08
 Reference value :  4.21273e-08
 Reference value :  4.27683e-08
 Reference value :  4.33983e-08
 Reference value :  4.40183e-08
 Reference value :  4.46393e-08
 Reference value :  4.52583e-08
 Reference value :  4.58893e-08
 Reference value :  4.65033e-08
 Reference value :  4.71503e-08
 Reference value :  4.77713e-08
 Reference value :  4.84033e-08
 Reference value :  4.90233e-08
 Reference value :  4.96463e-08
 Reference value :  5.02753e-08
 Reference value :  5.09503e-08
 Reference value :  5.15753e-08
 Reference value :  5.22183e-08
 Reference value :  5.28583e-08
 Reference value :  5.34923e-08
 Reference value :  5.41203e-08
 Reference value :  5.47553e-08
 Reference value :  5.53713e-08
 Reference value :  5.59923e-08
 Reference value :  5.66323e-08
 Reference value :  5.72693e-08
 Reference value :  5.79163e-08
 Reference value :  5.85503e-08
 Reference value :  5.91663e-08
 Reference value :  5.97863e-08
 Reference value :  6.04313e-08
 Reference value :  6.10423e-08
 Reference value :  6.16683e-08
 Reference value :  6.23223e-08
 Reference value :  6.29363e-08
 Reference value :  6.35783e-08
 Reference value :  6.41993e-08
 Reference value :  6.48253e-08
 Reference value :  6.54493e-08
 Reference value :  6.60873e-08
 Reference value :  6.67443e-08
 Reference value :  6.73623e-08
 Reference value :  6.79773e-08
 Reference value :  6.85953e-08
 Reference value :  6.92393e-08
 Reference value :  6.98523e-08
 Reference value :  7.04873e-08
 Reference value :  7.11193e-08
 Reference value :  7.17233e-08
 Reference value :  7.23493e-08
 Reference value :  7.29693e-08
 Reference value :  7.35803e-08
 Reference value :  7.42213e-08
 Reference value :  7.48453e-08
 Reference value :  7.54873e-08
 Reference value :  7.61083e-08
 Reference value :  7.67203e-08
 Reference value :  7.73383e-08
 Reference value :  7.79683e-08
 Reference value :  7.86033e-08
 Reference value :  7.92293e-08
 Reference value :  7.98613e-08
 Reference value :  8.04843e-08
 Reference value :  8.10993e-08
 Reference value :  8.17093e-08
 Reference value :  8.23213e-08
 Reference value :  8.29453e-08
 Reference value :  8.35913e-08
 Reference value :  8.42293e-08
 Reference value :  8.48673e-08
 Reference value :  8.54803e-08
 Reference value :  8.60933e-08
 Reference value :  8.67693e-08
 Reference value :  8.73903e-08
 Reference value :  8.80033e-08
 Reference value :  8.86403e-08
 Reference value :  8.92603e-08
 Reference value :  8.98723e-08
 Reference value :  9.05263e-08
 Reference value :  9.11833e-08
 Reference value :  9.18213e-08
 Reference value :  9.24643e-08
 Reference value :  9.31033e-08
 Reference value :  9.37603e-08
 Reference value :  9.43923e-08
 Reference value :  9.51293e-08
 Reference value :  9.59643e-08
 Reference value :  9.66263e-08
 Reference value :  9.72583e-08
 Reference value :  9.79063e-08
 Reference value :  9.86003e-08
 Reference value :  9.92133e-08
 Reference value :  9.98343e-08
No. of Data Rows : 100008
t1a                 =  1.92913e-08
t1b                 =  5.75890e-08
t2a                 =  1.80093e-08
t2b                 =  5.36950e-08
c1a                 =  -2.85804e-04
c1b                 =  -8.65865e-04
c2a                 =  -2.83804e-04
c2b                 =  -8.59550e-04
m_period_r1 = 9.5744250000e-09
m_period_r2 = 8.9214225000e-09
m_f_r1 = 1.0444491445e+08
m_f_r2 = 1.1208974802e+08
m_i_r1_a = -1.514610277e-05
m_i_r2_a = -1.613380602e-05
Note: Simulation executed from .control section 

Warning: m=xx on .subckt line will override multiplier m hierarchy!

