
Note: Compatibility modes selected: hs a


Circuit: * ro-inv-05stage-power @ tt_125c_2.97v -- generated by sim/harness, do not edit

Doing analysis at TEMP = 125.000000 and TNOM = 27.000000

Using SPARSE 1.3 as Direct Linear Solver

Initial Transient Solution
--------------------------

Node                                   Voltage
----                                   -------
vdd                                       2.97
n2                                        2.97
n1                                           0
n3                                 4.40792e-08
n4                                        2.97
n5                                 4.40792e-08
q                                  3.62282e-14
xing                                    -1.485
bxing#branch                                 0
vdd#branch                        -0.000362282

 Reference value :  4.82800e-11
 Reference value :  3.83028e-09
 Reference value :  7.71228e-09
 Reference value :  1.16063e-08
 Reference value :  1.53353e-08
 Reference value :  1.93263e-08
 Reference value :  2.30983e-08
 Reference value :  2.68223e-08
 Reference value :  3.07223e-08
 Reference value :  3.43823e-08
 Reference value :  3.80883e-08
 Reference value :  4.17483e-08
No. of Data Rows : 45008
t1                  =  1.62891e-09
t2                  =  1.42821e-08
t3                  =  2.69354e-08
q1                  =  3.90297e-04
q2                  =  3.42713e-03
q3                  =  6.46397e-03
m_period = 7.9082700000e-10
m_f_osc = 1.2644990624e+09
m_i_supply_a = 2.4000488966e-04
m_p_active_w = 7.1281452229e-04
m_e_per_cycle_j = 5.6371297022e-13
m_c_eff_node_f = 1.2781302820e-14
m_i_supply_first16_a = 2.4000481616e-04
m_i_supply_last16_a = 2.4000496316e-04
Note: Simulation executed from .control section 

Warning: m=xx on .subckt line will override multiplier m hierarchy!

