
Note: Compatibility modes selected: hs a


Circuit: * sampler-core-idle-leakage @ ff_-40c_2.97v -- generated by sim/harness, do not edit

Doing analysis at TEMP = -40.000000 and TNOM = 27.000000

Using SPARSE 1.3 as Direct Linear Solver

Initial Transient Solution
--------------------------

Node                                   Voltage
----                                   -------
vsup                                      2.97
en                                           0
rst_n                                        0
clk0                                         0
clk1                                         0
vdda                                      2.97
vddb                                      2.97
xduta.xdut.xr1.xg.py                      2.97
xduta.xdut.xr1.n1                         2.97
xduta.xdut.ro1                            2.97
xduta.xdut.xr1.xg.nm                   2.44231
xduta.xdut.xr1.xg.ny               2.97347e-10
xduta.xdut.xr1.x1.py                      2.97
xduta.xdut.xr1.n2                  7.97116e-08
xduta.xdut.xr1.x1.ny               6.67025e-08
xduta.xdut.xr1.x2.py                      2.97
xduta.xdut.xr1.n3                         2.97
xduta.xdut.xr1.x2.ny               1.21876e-09
xduta.xdut.xr1.x3.py                      2.97
xduta.xdut.xr1.n4                  7.97116e-08
xduta.xdut.xr1.x3.ny               6.67025e-08
xduta.xdut.xr1.x4.py                      2.97
xduta.xdut.xr1.n5                         2.97
xduta.xdut.xr1.x4.ny               1.21876e-09
xduta.xdut.xr1.x5.py                      2.97
xduta.xdut.xr1.n6                  7.97116e-08
xduta.xdut.xr1.x5.ny               6.67025e-08
xduta.xdut.xr1.x6.py                      2.97
xduta.xdut.xr1.n7                         2.97
xduta.xdut.xr1.x6.ny               1.21876e-09
xduta.xdut.xr1.x7.py                      2.97
xduta.xdut.xr1.n8                  7.97116e-08
xduta.xdut.xr1.x7.ny               6.67025e-08
xduta.xdut.xr1.x8.py                      2.97
xduta.xdut.xr1.n9                         2.97
xduta.xdut.xr1.x8.ny               1.21876e-09
xduta.xdut.xr1.x9.py                      2.97
xduta.xdut.xr1.n10                 7.97116e-08
xduta.xdut.xr1.x9.ny               6.67025e-08
xduta.xdut.xr1.x10.py                     2.97
xduta.xdut.xr1.x10.ny              1.21876e-09
xduta.xdut.xr2.xg.py                      2.97
xduta.xdut.xr2.n1                         2.97
xduta.xdut.ro2                            2.97
xduta.xdut.xr2.xg.nm                   2.44231
xduta.xdut.xr2.xg.ny               2.77053e-10
xduta.xdut.xr2.x1.py                      2.97
xduta.xdut.xr2.n2                  7.51593e-08
xduta.xdut.xr2.x1.ny               6.21502e-08
xduta.xdut.xr2.x2.py                      2.97
xduta.xdut.xr2.n3                         2.97
xduta.xdut.xr2.x2.ny               1.13558e-09
xduta.xdut.xr2.x3.py                      2.97
xduta.xdut.xr2.n4                  7.51593e-08
xduta.xdut.xr2.x3.ny               6.21502e-08
xduta.xdut.xr2.x4.py                      2.97
xduta.xdut.xr2.n5                         2.97
xduta.xdut.xr2.x4.ny               1.13558e-09
xduta.xdut.xr2.x5.py                      2.97
xduta.xdut.xr2.n6                  7.51593e-08
xduta.xdut.xr2.x5.ny               6.21502e-08
xduta.xdut.xr2.x6.py                      2.97
xduta.xdut.xr2.n7                         2.97
xduta.xdut.xr2.x6.ny               1.13558e-09
xduta.xdut.xr2.x7.py                      2.97
xduta.xdut.xr2.n8                  7.51593e-08
xduta.xdut.xr2.x7.ny               6.21502e-08
xduta.xdut.xr2.x8.py                      2.97
xduta.xdut.xr2.n9                         2.97
xduta.xdut.xr2.x8.ny               1.13558e-09
xduta.xdut.xr2.x9.py                      2.97
xduta.xdut.xr2.n10                 7.51593e-08
xduta.xdut.xr2.x9.ny               6.21502e-08
xduta.xdut.xr2.x10.py                     2.97
xduta.xdut.xr2.x10.ny              1.13558e-09
xduta.xdut.xa1.an                  1.30091e-08
xduta.xdut.xa1.bn                  1.30091e-08
xduta.xdut.xa1.mid                    0.750821
xduta.xo                            1.2726e-07
xduta.xdut.xa1.s1                  6.36299e-08
xduta.xdut.xa1.s2                  1.30505e-09
xduta.xsb.clkb                            2.97
xduta.xsb.m                         1.5322e-07
xduta.xsb.mb                              2.97
xduta.xsb.mmid                      0.00814828
xduta.xsb.mc                       2.60177e-08
xduta.xsb.s                               2.97
rba                                1.30091e-08
xduta.xsb.qb                              2.97
xduta.xsb.s2mid                     0.00814824
xduta.xsv.clkb                            2.97
xduta.xsv.m                               2.97
xduta.xsv.mb                              2.97
xduta.xsv.mmid                         2.44231
xduta.xsv.mc                       2.62559e-08
xduta.xsv.s                               2.97
rva                                1.30091e-08
xduta.xsv.qb                              2.97
xduta.xsv.s2mid                     0.00814824
xdutb.xdut.xr1.xg.py                      2.97
xdutb.xdut.xr1.n1                         2.97
xdutb.xdut.ro1                            2.97
xdutb.xdut.xr1.xg.nm                   2.44231
xdutb.xdut.xr1.xg.ny               2.97347e-10
xdutb.xdut.xr1.x1.py                      2.97
xdutb.xdut.xr1.n2                  7.97116e-08
xdutb.xdut.xr1.x1.ny               6.67025e-08
xdutb.xdut.xr1.x2.py                      2.97
xdutb.xdut.xr1.n3                         2.97
xdutb.xdut.xr1.x2.ny               1.21876e-09
xdutb.xdut.xr1.x3.py                      2.97
xdutb.xdut.xr1.n4                  7.97116e-08
xdutb.xdut.xr1.x3.ny               6.67025e-08
xdutb.xdut.xr1.x4.py                      2.97
xdutb.xdut.xr1.n5                         2.97
xdutb.xdut.xr1.x4.ny               1.21876e-09
xdutb.xdut.xr1.x5.py                      2.97
xdutb.xdut.xr1.n6                  7.97116e-08
xdutb.xdut.xr1.x5.ny               6.67025e-08
xdutb.xdut.xr1.x6.py                      2.97
xdutb.xdut.xr1.n7                         2.97
xdutb.xdut.xr1.x6.ny               1.21876e-09
xdutb.xdut.xr1.x7.py                      2.97
xdutb.xdut.xr1.n8                  7.97116e-08
xdutb.xdut.xr1.x7.ny               6.67025e-08
xdutb.xdut.xr1.x8.py                      2.97
xdutb.xdut.xr1.n9                         2.97
xdutb.xdut.xr1.x8.ny               1.21876e-09
xdutb.xdut.xr1.x9.py                      2.97
xdutb.xdut.xr1.n10                 7.97116e-08
xdutb.xdut.xr1.x9.ny               6.67025e-08
xdutb.xdut.xr1.x10.py                     2.97
xdutb.xdut.xr1.x10.ny              1.21876e-09
xdutb.xdut.xr2.xg.py                      2.97
xdutb.xdut.xr2.n1                         2.97
xdutb.xdut.ro2                            2.97
xdutb.xdut.xr2.xg.nm                   2.44231
xdutb.xdut.xr2.xg.ny               2.77053e-10
xdutb.xdut.xr2.x1.py                      2.97
xdutb.xdut.xr2.n2                  7.51593e-08
xdutb.xdut.xr2.x1.ny               6.21502e-08
xdutb.xdut.xr2.x2.py                      2.97
xdutb.xdut.xr2.n3                         2.97
xdutb.xdut.xr2.x2.ny               1.13558e-09
xdutb.xdut.xr2.x3.py                      2.97
xdutb.xdut.xr2.n4                  7.51593e-08
xdutb.xdut.xr2.x3.ny               6.21502e-08
xdutb.xdut.xr2.x4.py                      2.97
xdutb.xdut.xr2.n5                         2.97
xdutb.xdut.xr2.x4.ny               1.13558e-09
xdutb.xdut.xr2.x5.py                      2.97
xdutb.xdut.xr2.n6                  7.51593e-08
xdutb.xdut.xr2.x5.ny               6.21502e-08
xdutb.xdut.xr2.x6.py                      2.97
xdutb.xdut.xr2.n7                         2.97
xdutb.xdut.xr2.x6.ny               1.13558e-09
xdutb.xdut.xr2.x7.py                      2.97
xdutb.xdut.xr2.n8                  7.51593e-08
xdutb.xdut.xr2.x7.ny               6.21502e-08
xdutb.xdut.xr2.x8.py                      2.97
xdutb.xdut.xr2.n9                         2.97
xdutb.xdut.xr2.x8.ny               1.13558e-09
xdutb.xdut.xr2.x9.py                      2.97
xdutb.xdut.xr2.n10                 7.51593e-08
xdutb.xdut.xr2.x9.ny               6.21502e-08
xdutb.xdut.xr2.x10.py                     2.97
xdutb.xdut.xr2.x10.ny              1.13558e-09
xdutb.xdut.xa1.an                  1.30091e-08
xdutb.xdut.xa1.bn                  1.30091e-08
xdutb.xdut.xa1.mid                    0.750821
xdutb.xo                           1.27259e-07
xdutb.xdut.xa1.s1                  6.36297e-08
xdutb.xdut.xa1.s2                  1.30505e-09
xdutb.xsb.clkb                            2.97
xdutb.xsb.m                        1.53219e-07
xdutb.xsb.mb                              2.97
xdutb.xsb.mmid                      0.00814828
xdutb.xsb.mc                       2.60177e-08
xdutb.xsb.s                               2.97
rbb                                1.30091e-08
xdutb.xsb.qb                              2.97
xdutb.xsb.s2mid                     0.00814824
xdutb.xsv.clkb                            2.97
xdutb.xsv.m                               2.97
xdutb.xsv.mb                              2.97
xdutb.xsv.mmid                         2.44231
xdutb.xsv.mc                       2.62559e-08
xdutb.xsv.s                               2.97
rvb                                1.30091e-08
xdutb.xsv.qb                              2.97
xdutb.xsv.s2mid                     0.00814824
qa                                -1.79034e-20
qb                                -1.79032e-20
vsb#branch                         1.79032e-10
vsa#branch                         1.79034e-10
vclk1#branch                                 0
vclk0#branch                                 0
vrst#branch                                  0
ven#branch                                   0
vsup#branch                       -3.58066e-10

 Reference value :  0.00000e+00
 Reference value :  2.22560e-08
 Reference value :  4.52560e-08
 Reference value :  6.84560e-08
 Reference value :  9.22560e-08
 Reference value :  1.06641e-07
 Reference value :  1.30641e-07
 Reference value :  1.54041e-07
 Reference value :  1.77641e-07
 Reference value :  2.00001e-07
 Reference value :  2.13144e-07
 Reference value :  2.29144e-07
 Reference value :  2.50144e-07
 Reference value :  2.74944e-07
 Reference value :  2.98944e-07
 Reference value :  3.12745e-07
 Reference value :  3.34745e-07
 Reference value :  3.58945e-07
 Reference value :  3.82745e-07
 Reference value :  4.05745e-07
 Reference value :  4.29345e-07
 Reference value :  4.53145e-07
 Reference value :  4.76545e-07
 Reference value :  4.99545e-07
 Reference value :  5.23345e-07
 Reference value :  5.46945e-07
 Reference value :  5.71345e-07
 Reference value :  5.95545e-07
 Reference value :  6.18945e-07
 Reference value :  6.43145e-07
 Reference value :  6.66345e-07
 Reference value :  6.89945e-07
 Reference value :  7.13745e-07
 Reference value :  7.37145e-07
 Reference value :  7.59945e-07
 Reference value :  7.83345e-07
 Reference value :  8.06345e-07
 Reference value :  8.29145e-07
 Reference value :  8.52345e-07
 Reference value :  8.75345e-07
 Reference value :  8.98345e-07
 Reference value :  9.21545e-07
 Reference value :  9.44745e-07
 Reference value :  9.67945e-07
 Reference value :  9.90745e-07
No. of Data Rows : 5059
qax                 =  -2.56988e-05
qa0                 =  -2.57657e-05
qa1                 =  -2.58315e-05
qbx                 =  -1.20262e-05
qb0                 =  -1.20622e-05
qb1                 =  -1.20982e-05
vro1                =  2.97000e+00
vro2                =  2.97000e+00
vxo                 =  6.39956e-07
vn1                 =  2.97000e+00
vn2                 =  7.90530e-08
vrba                =  -5.69059e-06
vrva                =  2.97000e+00
vrbb                =  1.34524e-08
vrvb                =  2.97000e+00
vsupm               =  2.97000e+00
m_i_idle_clklo_a = 3.2870000000e-10
m_i_idle_clkhi_a = 1.8005000000e-10
m_p_idle_clklo_w = 9.7623900000e-10
m_p_idle_clkhi_w = 5.3474850000e-10
m_i_idle_clklo_prev_a = 3.3455000000e-10
m_i_idle_clkhi_prev_a = 1.8005000000e-10
m_i_idle_worst_a = 3.2870000000e-10
m_p_idle_worst_w = 9.7623900000e-10
m_v_ro1_v = 2.9700000000e+00
m_v_ro2_v = 2.9700000000e+00
m_v_xo_v = 6.3995570000e-07
m_v_n1_v = 2.9699990000e+00
m_v_n2_v = 7.9053040000e-08
m_v_rawbit_clklo_v = -5.690590000e-06
m_v_rawvalid_clklo_v = 2.9699990000e+00
m_v_rawbit_clkhi_v = 1.3452430000e-08
m_v_rawvalid_clkhi_v = 2.9700000000e+00
m_v_sup_v = 2.9700000000e+00
Note: Simulation executed from .control section 

Warning: m=xx on .subckt line will override multiplier m hierarchy!

Note: Starting dynamic gmin stepping
Warning: Dynamic gmin stepping failed
Note: Starting true gmin stepping
Note: True gmin stepping completed
