
Note: Compatibility modes selected: hs a


Circuit: * sampler-dff-reset-current-xsb @ sf_27c_3.30v -- generated by sim/harness, do not edit

Doing analysis at TEMP = 27.000000 and TNOM = 27.000000

Using SPARSE 1.3 as Direct Linear Solver

Initial Transient Solution
--------------------------

Node                                   Voltage
----                                   -------
vdd                                        3.3
rst_n                                        0
clk                                          0
d                                            0
xdut.clkb                                  3.3
xdut.rst                                   3.3
xdut.m                             1.48382e-08
xdut.mb                                    3.3
xdut.mc                            4.01041e-08
xdut.s                                     3.3
q                                  2.03193e-08
xdut.qb                                    3.3
qint                               4.10533e-21
vd#branch                          5.80422e-12
vdd#branch                        -4.68575e-11
vclk#branch                                  0
vrst#branch                                  0

 Reference value :  5.54050e-10
 Reference value :  2.67605e-09
No. of Data Rows : 4720
qint1               =  4.72737e-05
qint2               =  2.36374e-04
qint3               =  4.25474e-04
qout_rst            =  1.77745e-08
m_i_reset_xsb_a = 9.4550070000e-05
m_p_reset_xsb_w = 3.1201523100e-04
m_i_reset_xsb_first_a = 9.4550090000e-05
m_i_reset_xsb_last_a = 9.4550050000e-05
m_q_v = 1.7774470000e-08
Note: Simulation executed from .control section 

Warning: m=xx on .subckt line will override multiplier m hierarchy!

