
Note: Compatibility modes selected: hs a


Circuit: * cinv-stage-noise @ ss_27c_3.63v -- generated by sim/harness, do not edit

Doing analysis at TEMP = 27.000000 and TNOM = 27.000000

Using SPARSE 1.3 as Direct Linear Solver

No. of Data Rows : 1
Doing analysis at TEMP = 27.000000 and TNOM = 27.000000

Using SPARSE 1.3 as Direct Linear Solver

No. of Data Rows : 81
Doing analysis at TEMP = 27.000000 and TNOM = 27.000000

Using SPARSE 1.3 as Direct Linear Solver

No. of Data Rows : 81

No. of Data Rows : 1
Doing analysis at TEMP = 27.000000 and TNOM = 27.000000

Using SPARSE 1.3 as Direct Linear Solver

No. of Data Rows : 31

No. of Data Rows : 1
m_vtrip = 1.6548160286e+00
m_vbias_n = 1.9089530464e+00
m_vbias_p = 1.1401979995e+00
m_gain_1meg = 2.2076460123e+01
m_gain_100meg = 1.9748937988e+01
m_gain_1g = 4.3573298917e+00
m_inoise_dens_1meg = 3.9691026337e-08
m_inoise_dens_10meg = 1.6566597445e-08
m_inoise_dens_100meg = 1.1448369166e-08
m_inoise_dens_1g = 1.0621159482e-08
m_inoise_dens_10g = 9.8621121658e-09
m_onoise_dens_1meg = 8.7623736018e-07
m_onoise_dens_1g = 4.6279895695e-08
m_onoise_rms_1k_100g = 5.0941876243e-03
m_onoise_rms_100meg_100g = 3.5983756276e-03
Note: Simulation executed from .control section 

Warning: m=xx on .subckt line will override multiplier m hierarchy!

