
Note: Compatibility modes selected: hs a


Circuit: * sampler-dff-active-current @ tt_27c_3.30v -- generated by sim/harness, do not edit

Doing analysis at TEMP = 27.000000 and TNOM = 27.000000

Using SPARSE 1.3 as Direct Linear Solver

Initial Transient Solution
--------------------------

Node                                   Voltage
----                                   -------
vsup                                       3.3
clk                                          0
rst_n                                        0
d                                            0
vddv                                       3.3
vddb                                       3.3
xsv.clkb                                   3.3
xsv.m                                      3.3
xsv.mb                                     3.3
xsv.mmid                               2.76247
xsv.mc                             4.09919e-08
xsv.s                                      3.3
qv                                 1.84515e-08
xsv.qb                                     3.3
xsv.s2mid                            0.0420082
xsb.clkb                                   3.3
xsb.m                              3.66718e-08
xsb.mb                                     3.3
xsb.mmid                             0.0420082
xsb.mc                             3.68602e-08
xsb.s                                      3.3
qb                                 1.84515e-08
xsb.qb                                     3.3
xsb.s2mid                            0.0420082
q1                                -5.04622e-21
q2                                -5.39292e-21
vd#branch                          9.93096e-12
vr2#branch                         4.39982e-11
vr1#branch                         5.04622e-11
vrst#branch                                  0
vclk#branch                                  0
vsup#branch                       -9.44604e-11

 Reference value :  0.00000e+00
 Reference value :  9.95777e-09
 Reference value :  1.97778e-08
 Reference value :  3.10968e-08
 Reference value :  4.10001e-08
 Reference value :  5.22178e-08
No. of Data Rows : 3777
q1a                 =  -1.79648e-05
q1b                 =  -1.79651e-05
q1c                 =  -2.56403e-05
q1d                 =  -2.56406e-05
q1e                 =  -2.56403e-05
q1f                 =  -3.33323e-05
q2a                 =  -9.61342e-05
q2b                 =  -9.61346e-05
q2c                 =  -1.20433e-04
q2d                 =  -1.69506e-04
q2e                 =  -1.20433e-04
q2f                 =  -2.11257e-04
qv_pre              =  1.84516e-08
qv_post             =  3.30000e+00
qb_pre              =  -3.85175e-07
qb_post             =  3.30000e+00
vdd_mean            =  3.30000e+00 from=  3.20000e-08 to=  5.30168e-08
m_q_d_shut_c = 5.3333333335e-20
m_q_d_open_c = 8.1788333333e-15
m_e_d_shut_j = 1.7600000000e-19
m_e_d_open_j = 2.6990150000e-14
m_q_clkcyc_xsv_c = 7.6919600000e-15
m_e_clkcyc_xsv_j = 2.5383468000e-14
m_q_clkcyc_xsb_resid_c = 8.5650000000e-16
m_q_cyc_xsb_total_c = 9.0824200000e-14
m_q_d_shut_xsv_c = 5.1666666667e-20
m_q_d_open_xsv_c = 5.1666666667e-20
m_vdd_mean_v = 3.3000000000e+00
m_qv_pre_v = 1.8451600000e-08
m_qv_post_v = 3.3000000000e+00
m_qb_pre_v = -3.851754000e-07
m_qb_post_v = 3.3000000000e+00
Note: Simulation executed from .control section 

Warning: m=xx on .subckt line will override multiplier m hierarchy!

