
Note: Compatibility modes selected: hs a


Circuit: * sampler-dff-setup-hold @ ss_-40c_3.30v -- generated by sim/harness, do not edit

Doing analysis at TEMP = -40.000000 and TNOM = 27.000000

Using SPARSE 1.3 as Direct Linear Solver

Initial Transient Solution
--------------------------

Node                                   Voltage
----                                   -------
vdd                                        3.3
rst_n                                        0
clk                                          0
d                                            0
xdut.clkb                                  3.3
xdut.rst                                   3.3
xdut.m                             1.27067e-08
xdut.mb                                    3.3
xdut.mc                            3.40077e-08
xdut.s                                     3.3
q                                  1.70038e-08
xdut.qb                                    3.3
vth                                       1.65
bvth#branch                                  0
vd#branch                            5.779e-12
vclk#branch                                  0
vrst#branch                                  0
vdd#branch                         -4.6264e-11

 Reference value :  0.00000e+00
 Reference value :  1.70663e-07
 Reference value :  3.30189e-07
 Reference value :  5.06389e-07
 Reference value :  6.80889e-07
 Reference value :  8.48802e-07
 Reference value :  1.01760e-06
 Reference value :  1.19150e-06
 Reference value :  1.35232e-06
 Reference value :  1.50072e-06
 Reference value :  1.66052e-06
 Reference value :  1.83235e-06
 Reference value :  2.00585e-06
 Reference value :  2.17705e-06
 Reference value :  2.34800e-06
 Reference value :  2.52220e-06
 Reference value :  2.69590e-06
 Reference value :  2.87171e-06
 Reference value :  3.04671e-06
 Reference value :  3.22181e-06
 Reference value :  3.39051e-06
 Reference value :  3.55931e-06
 Reference value :  3.73311e-06
 Reference value :  3.89775e-06
 Reference value :  4.06835e-06
 Reference value :  4.24215e-06
 Reference value :  4.41960e-06
 Reference value :  4.59004e-06
 Reference value :  4.76144e-06
 Reference value :  4.93855e-06
 Reference value :  5.11405e-06
 Reference value :  5.29135e-06
 Reference value :  5.46231e-06
 Reference value :  5.64301e-06
 Reference value :  5.81525e-06
 Reference value :  5.98765e-06
 Reference value :  6.16835e-06
 Reference value :  6.34249e-06
No. of Data Rows : 65272
tclk1               =  3.00001e-07
tclk2               =  1.30000e-06
tq_r1               =  3.00125e-07
tq_f1               =  1.30013e-06
q_rst               =  1.70039e-08
q_e1                =  3.30001e+00
q_e2                =  -9.01370e-06
q_e3a               =  3.33591e-04
q_e3b               =  -5.54772e-06
q_e3c               =  -5.30385e-06
q_e4                =  2.84073e-06
q_e5a               =  4.73023e-04
q_e5b               =  3.33202e-06
q_e5c               =  3.18468e-06
q_e6                =  2.84079e-06
q_e7a               =  3.30636e+00
q_e7b               =  3.30001e+00
q_e7c               =  3.30001e+00
m_tpd_clk_q_rise_s = 1.2450000000e-10
m_tpd_clk_q_fall_s = 1.3000000000e-10
m_q_rst_v = 1.7003860000e-08
m_q_e1_v = 3.3000090000e+00
m_q_e2_v = -9.013700000e-06
m_q_e4_v = 2.8407300000e-06
m_q_e3_1ns_v = 3.3359070000e-04
m_q_e3_10ns_v = -5.547721000e-06
m_q_e3_100ns_v = -5.303848000e-06
m_q_e3_drift_v = -3.388945480e-04
m_q_e3_rail_dev_v = -5.303848000e-06
m_q_e5_1ns_v = 4.7302310000e-04
m_q_e5_10ns_v = 3.3320210000e-06
m_q_e5_100ns_v = 3.1846790000e-06
m_q_e5_drift_v = -4.698384210e-04
m_q_e5_rail_dev_v = 3.1846790001e-06
m_q_e6_v = 2.8407880000e-06
m_q_e7_1ns_v = 3.3063570000e+00
m_q_e7_10ns_v = 3.3000100000e+00
m_q_e7_100ns_v = 3.3000090000e+00
m_q_e7_drift_v = -6.348000000e-03
m_q_e7_rail_dev_v = -9.000003308e-06
Note: Simulation executed from .control section 

Warning: m=xx on .subckt line will override multiplier m hierarchy!

