
Note: Compatibility modes selected: hs a


Circuit: * sampler-dff-reset-clocked @ tt_-40c_3.30v -- generated by sim/harness, do not edit

Doing analysis at TEMP = -40.000000 and TNOM = 27.000000

Using SPARSE 1.3 as Direct Linear Solver

Initial Transient Solution
--------------------------

Node                                   Voltage
----                                   -------
vdd                                        3.3
rst_n                                        0
clk                                          0
d                                          3.3
xdut.clkb                                  3.3
xdut.m                                     3.3
xdut.mb                                    3.3
xdut.mmid                              2.64618
xdut.mc                            3.06933e-08
xdut.s                                     3.3
q                                  1.53426e-08
xdut.qb                                    3.3
xdut.s2mid                         0.000385957
vth                                       1.65
bvth#branch                                  0
vd#branch                         -9.90154e-12
vclk#branch                                  0
vrst#branch                                  0
vdd#branch                        -3.83745e-11

 Reference value :  0.00000e+00
 Reference value :  1.65528e-07
 Reference value :  3.26828e-07
 Reference value :  4.85428e-07
 Reference value :  6.48885e-07
 Reference value :  8.13685e-07
 Reference value :  9.86385e-07
 Reference value :  1.14612e-06
 Reference value :  1.31542e-06
 Reference value :  1.49212e-06
 Reference value :  1.64948e-06
 Reference value :  1.81498e-06
 Reference value :  1.97718e-06
 Reference value :  2.14092e-06
 Reference value :  2.30392e-06
 Reference value :  2.46592e-06
 Reference value :  2.62868e-06
 Reference value :  2.79428e-06
 Reference value :  2.95758e-06
 Reference value :  3.11932e-06
 Reference value :  3.28442e-06
 Reference value :  3.44822e-06
 Reference value :  3.60645e-06
 Reference value :  3.77685e-06
 Reference value :  3.93735e-06
 Reference value :  4.10351e-06
 Reference value :  4.27041e-06
 Reference value :  4.43441e-06
 Reference value :  4.59517e-06
 Reference value :  4.75897e-06
 Reference value :  4.92907e-06
 Reference value :  5.08545e-06
 Reference value :  5.25355e-06
 Reference value :  5.41695e-06
 Reference value :  5.58150e-06
 Reference value :  5.74810e-06
 Reference value :  5.91280e-06
No. of Data Rows : 60183
q_rst_max           =  1.37438e-01 at=  3.50000e-06
s_rst_min           =  2.80059e+00 at=  3.00000e-06
q_rel               =  2.08623e-06
q_cap               =  3.30000e+00
mb_rst_min          =  3.14543e+00 at=  3.00000e-06
m_q_rst_max_v = 1.3743850000e-01
m_q_rst_max_frac = 4.1648030303e-02
m_s_rst_min_v = 2.8005930000e+00
m_s_rst_dev_frac = 1.5133545454e-01
m_mb_rst_min_v = 3.1454280000e+00
m_q_rel_v = 2.0862310000e-06
m_q_cap_v = 3.2999990000e+00
Note: Simulation executed from .control section 

Warning: m=xx on .subckt line will override multiplier m hierarchy!

