
Note: Compatibility modes selected: hs a


Circuit: * ro-array-core-startup @ tt_125c_2.97v -- generated by sim/harness, do not edit

Doing analysis at TEMP = 125.000000 and TNOM = 27.000000

Using SPARSE 1.3 as Direct Linear Solver

Initial Transient Solution
--------------------------

Node                                   Voltage
----                                   -------
vsup                                      2.97
en                                           0
xdut.xr1.xg.py                         2.96999
xdut.xr1.n1                            2.96999
xdut.ro1                               2.96998
xdut.xr1.xg.nm                         2.53232
xdut.xr1.xg.ny                     3.37898e-06
xdut.xr1.x1.py                            2.97
xdut.xr1.n2                        5.74908e-07
xdut.xr1.x1.ny                     4.96557e-07
xdut.xr1.x2.py                         2.96998
xdut.xr1.n3                            2.96998
xdut.xr1.x2.ny                     5.11424e-06
xdut.xr1.x3.py                            2.97
xdut.xr1.n4                         5.7495e-07
xdut.xr1.x3.ny                     4.96594e-07
xdut.xr1.x4.py                         2.96998
xdut.xr1.n5                            2.96998
xdut.xr1.x4.ny                     5.11424e-06
xdut.xr1.x5.py                            2.97
xdut.xr1.n6                         5.7495e-07
xdut.xr1.x5.ny                     4.96594e-07
xdut.xr1.x6.py                         2.96998
xdut.xr1.n7                            2.96998
xdut.xr1.x6.ny                     5.11424e-06
xdut.xr1.x7.py                            2.97
xdut.xr1.n8                         5.7495e-07
xdut.xr1.x7.ny                     4.96594e-07
xdut.xr1.x8.py                         2.96998
xdut.xr1.n9                            2.96998
xdut.xr1.x8.ny                     5.11424e-06
xdut.xr1.x9.py                            2.97
xdut.xr1.n10                        5.7495e-07
xdut.xr1.x9.ny                     4.96594e-07
xdut.xr1.x10.py                        2.96998
xdut.xr1.x10.ny                    5.11424e-06
xdut.xr2.xg.py                         2.96999
xdut.xr2.n1                            2.96999
xdut.ro2                               2.96998
xdut.xr2.xg.nm                         2.53232
xdut.xr2.xg.ny                     3.13787e-06
xdut.xr2.x1.py                            2.97
xdut.xr2.n2                        5.39467e-07
xdut.xr2.x1.ny                     4.61117e-07
xdut.xr2.x2.py                         2.96998
xdut.xr2.n3                            2.96998
xdut.xr2.x2.ny                     4.74932e-06
xdut.xr2.x3.py                            2.97
xdut.xr2.n4                        5.39504e-07
xdut.xr2.x3.ny                     4.61149e-07
xdut.xr2.x4.py                         2.96998
xdut.xr2.n5                            2.96998
xdut.xr2.x4.ny                     4.74932e-06
xdut.xr2.x5.py                            2.97
xdut.xr2.n6                        5.39504e-07
xdut.xr2.x5.ny                     4.61149e-07
xdut.xr2.x6.py                         2.96998
xdut.xr2.n7                            2.96998
xdut.xr2.x6.ny                     4.74932e-06
xdut.xr2.x7.py                            2.97
xdut.xr2.n8                        5.39504e-07
xdut.xr2.x7.ny                     4.61149e-07
xdut.xr2.x8.py                         2.96998
xdut.xr2.n9                            2.96998
xdut.xr2.x8.ny                     4.74932e-06
xdut.xr2.x9.py                            2.97
xdut.xr2.n10                       5.39504e-07
xdut.xr2.x9.ny                     4.61149e-07
xdut.xr2.x10.py                        2.96998
xdut.xr2.x10.ny                    4.74932e-06
xdut.xa1.an                        7.83583e-08
xdut.xa1.bn                        7.83571e-08
xdut.xa1.mid                          0.578345
xo                                 3.04295e-07
xdut.xa1.s1                        1.52148e-07
xdut.xa1.s2                        1.50757e-07
vth                                      1.485
bvth#branch                                  0
ven#branch                                   0
vsup#branch                       -1.39967e-09

 Reference value :  0.00000e+00
 Reference value :  6.76560e-10
 Reference value :  1.36656e-09
 Reference value :  2.04656e-09
 Reference value :  2.75656e-09
 Reference value :  3.42456e-09
 Reference value :  4.09056e-09
 Reference value :  4.77456e-09
 Reference value :  5.43917e-09
 Reference value :  6.11717e-09
 Reference value :  6.81117e-09
 Reference value :  7.53917e-09
 Reference value :  8.22317e-09
 Reference value :  8.91717e-09
 Reference value :  9.62517e-09
 Reference value :  1.03452e-08
 Reference value :  1.10412e-08
 Reference value :  1.17252e-08
 Reference value :  1.24032e-08
 Reference value :  1.31252e-08
 Reference value :  1.38452e-08
 Reference value :  1.45552e-08
 Reference value :  1.52372e-08
 Reference value :  1.59312e-08
 Reference value :  1.66212e-08
 Reference value :  1.73352e-08
 Reference value :  1.80212e-08
 Reference value :  1.87272e-08
 Reference value :  1.94352e-08
 Reference value :  2.01272e-08
 Reference value :  2.08212e-08
 Reference value :  2.15092e-08
 Reference value :  2.21952e-08
 Reference value :  2.28712e-08
 Reference value :  2.35432e-08
 Reference value :  2.42232e-08
 Reference value :  2.49132e-08
 Reference value :  2.56332e-08
 Reference value :  2.63352e-08
 Reference value :  2.70332e-08
 Reference value :  2.77112e-08
 Reference value :  2.83872e-08
 Reference value :  2.90652e-08
 Reference value :  2.97452e-08
 Reference value :  3.04412e-08
 Reference value :  3.11272e-08
 Reference value :  3.18072e-08
 Reference value :  3.24892e-08
 Reference value :  3.31712e-08
 Reference value :  3.38472e-08
 Reference value :  3.45452e-08
 Reference value :  3.52532e-08
 Reference value :  3.59372e-08
 Reference value :  3.66192e-08
 Reference value :  3.72872e-08
 Reference value :  3.79832e-08
 Reference value :  3.86672e-08
 Reference value :  3.93472e-08
 Reference value :  4.00272e-08
 Reference value :  4.07052e-08
 Reference value :  4.13892e-08
 Reference value :  4.20932e-08
 Reference value :  4.27792e-08
 Reference value :  4.34852e-08
 Reference value :  4.41692e-08
 Reference value :  4.48692e-08
 Reference value :  4.55512e-08
 Reference value :  4.62552e-08
 Reference value :  4.69292e-08
 Reference value :  4.76072e-08
 Reference value :  4.82852e-08
 Reference value :  4.89792e-08
 Reference value :  4.96632e-08
 Reference value :  5.03912e-08
 Reference value :  5.10892e-08
 Reference value :  5.17912e-08
 Reference value :  5.25152e-08
 Reference value :  5.32472e-08
 Reference value :  5.39552e-08
 Reference value :  5.46412e-08
 Reference value :  5.53352e-08
 Reference value :  5.60052e-08
 Reference value :  5.67092e-08
 Reference value :  5.74072e-08
 Reference value :  5.81312e-08
 Reference value :  5.88132e-08
 Reference value :  5.94932e-08
 Reference value :  6.01832e-08
 Reference value :  6.08712e-08
 Reference value :  6.15672e-08
 Reference value :  6.22692e-08
 Reference value :  6.29572e-08
 Reference value :  6.36532e-08
 Reference value :  6.43452e-08
 Reference value :  6.50292e-08
 Reference value :  6.57132e-08
 Reference value :  6.64392e-08
 Reference value :  6.71172e-08
 Reference value :  6.78432e-08
 Reference value :  6.85252e-08
 Reference value :  6.92272e-08
 Reference value :  6.99212e-08
 Reference value :  7.05892e-08
 Reference value :  7.12952e-08
 Reference value :  7.19952e-08
 Reference value :  7.26772e-08
 Reference value :  7.33652e-08
 Reference value :  7.40512e-08
 Reference value :  7.48132e-08
 Reference value :  7.55152e-08
 Reference value :  7.62112e-08
 Reference value :  7.69692e-08
 Reference value :  7.76712e-08
 Reference value :  7.83912e-08
 Reference value :  7.91152e-08
 Reference value :  7.97952e-08
 Reference value :  8.05012e-08
 Reference value :  8.12012e-08
 Reference value :  8.18972e-08
 Reference value :  8.26112e-08
 Reference value :  8.33292e-08
 Reference value :  8.40652e-08
 Reference value :  8.47932e-08
 Reference value :  8.54672e-08
 Reference value :  8.61592e-08
 Reference value :  8.68592e-08
 Reference value :  8.75532e-08
 Reference value :  8.82452e-08
 Reference value :  8.89472e-08
 Reference value :  8.96632e-08
 Reference value :  9.03412e-08
 Reference value :  9.10252e-08
 Reference value :  9.17352e-08
 Reference value :  9.24572e-08
 Reference value :  9.31332e-08
 Reference value :  9.38492e-08
 Reference value :  9.45492e-08
 Reference value :  9.52372e-08
 Reference value :  9.59232e-08
 Reference value :  9.66152e-08
 Reference value :  9.73232e-08
 Reference value :  9.80132e-08
 Reference value :  9.87012e-08
 Reference value :  9.93732e-08
 Reference value :  1.00075e-07
 Reference value :  1.00761e-07
 Reference value :  1.01481e-07
 Reference value :  1.02183e-07
 Reference value :  1.02851e-07
 Reference value :  1.03571e-07
 Reference value :  1.04259e-07
 Reference value :  1.04959e-07
 Reference value :  1.05641e-07
 Reference value :  1.06355e-07
 Reference value :  1.07033e-07
 Reference value :  1.07729e-07
 Reference value :  1.08427e-07
 Reference value :  1.09111e-07
 Reference value :  1.09801e-07
 Reference value :  1.10493e-07
 Reference value :  1.11179e-07
 Reference value :  1.11879e-07
 Reference value :  1.12575e-07
 Reference value :  1.13297e-07
 Reference value :  1.13987e-07
 Reference value :  1.14707e-07
 Reference value :  1.15395e-07
 Reference value :  1.16099e-07
 Reference value :  1.16799e-07
 Reference value :  1.17479e-07
 Reference value :  1.18145e-07
 Reference value :  1.18823e-07
 Reference value :  1.19517e-07
 Reference value :  1.20203e-07
 Reference value :  1.20899e-07
 Reference value :  1.21587e-07
 Reference value :  1.22319e-07
 Reference value :  1.23011e-07
 Reference value :  1.23697e-07
 Reference value :  1.24385e-07
 Reference value :  1.25073e-07
 Reference value :  1.25771e-07
 Reference value :  1.26477e-07
 Reference value :  1.27173e-07
 Reference value :  1.27885e-07
 Reference value :  1.28573e-07
 Reference value :  1.29261e-07
 Reference value :  1.30019e-07
 Reference value :  1.30693e-07
 Reference value :  1.31381e-07
 Reference value :  1.32129e-07
 Reference value :  1.32819e-07
 Reference value :  1.33507e-07
 Reference value :  1.34207e-07
 Reference value :  1.34901e-07
 Reference value :  1.35603e-07
 Reference value :  1.36291e-07
 Reference value :  1.36975e-07
 Reference value :  1.37679e-07
 Reference value :  1.38397e-07
 Reference value :  1.39097e-07
 Reference value :  1.39779e-07
 Reference value :  1.40465e-07
 Reference value :  1.41137e-07
 Reference value :  1.41829e-07
 Reference value :  1.42527e-07
 Reference value :  1.43209e-07
 Reference value :  1.43925e-07
 Reference value :  1.44621e-07
 Reference value :  1.45313e-07
 Reference value :  1.46007e-07
 Reference value :  1.46707e-07
 Reference value :  1.47419e-07
 Reference value :  1.48099e-07
 Reference value :  1.48767e-07
 Reference value :  1.49453e-07
 Reference value :  1.50137e-07
 Reference value :  1.50883e-07
 Reference value :  1.51585e-07
 Reference value :  1.52313e-07
 Reference value :  1.52979e-07
 Reference value :  1.53681e-07
 Reference value :  1.54349e-07
 Reference value :  1.55061e-07
 Reference value :  1.55753e-07
 Reference value :  1.56439e-07
 Reference value :  1.57141e-07
 Reference value :  1.57809e-07
 Reference value :  1.58495e-07
 Reference value :  1.59167e-07
 Reference value :  1.59859e-07
 Reference value :  1.60541e-07
 Reference value :  1.61285e-07
 Reference value :  1.61975e-07
 Reference value :  1.62705e-07
 Reference value :  1.63405e-07
 Reference value :  1.64105e-07
 Reference value :  1.64785e-07
 Reference value :  1.65475e-07
 Reference value :  1.66167e-07
 Reference value :  1.66863e-07
 Reference value :  1.67539e-07
 Reference value :  1.68235e-07
 Reference value :  1.68933e-07
 Reference value :  1.69615e-07
 Reference value :  1.70301e-07
 Reference value :  1.71013e-07
 Reference value :  1.71685e-07
 Reference value :  1.72365e-07
 Reference value :  1.73071e-07
 Reference value :  1.74087e-07
 Reference value :  1.75339e-07
 Reference value :  1.76035e-07
 Reference value :  1.76709e-07
 Reference value :  1.77391e-07
 Reference value :  1.78091e-07
 Reference value :  1.78765e-07
 Reference value :  1.79443e-07
No. of Data Rows : 90016
t1r1                =  1.59451e-08
t2r1                =  2.66588e-08
t3r1                =  3.73683e-08
t4r1                =  4.80686e-08
t5r1                =  5.87599e-08
t6r1                =  6.94451e-08
t7r1                =  8.00548e-08
t8r1                =  9.07359e-08
t9r1                =  1.01389e-07
t10r1               =  1.12042e-07
t1r2                =  1.52378e-08
t2r2                =  2.52826e-08
t3r2                =  3.53273e-08
t4r2                =  4.53685e-08
t5r2                =  5.54064e-08
t6r2                =  6.54420e-08
t7r2                =  7.54803e-08
t8r2                =  8.55169e-08
t9r2                =  9.55402e-08
t10r2               =  1.05589e-07
t1xo                =  9.82122e-09
t2xo                =  1.54283e-08
t3xo                =  1.98765e-08
t4xo                =  2.54431e-08
vhi_early           =  3.08135e+00 at=  3.04632e-08
vlo_early           =  -3.49206e-02 at=  2.51172e-08
vhi_late            =  2.92729e+00 at=  1.69357e-07
vlo_late            =  -3.06697e-02 at=  1.63977e-07
vxhi_early          =  2.99500e+00 at=  4.21752e-08
vxlo_early          =  -5.53357e-03 at=  2.49832e-08
vxhi_late           =  3.01695e+00 at=  1.50271e-07
vxlo_late           =  -2.35481e-02 at=  1.69999e-07
v_off_ro1           =  2.96998e+00
v_off_xo            =  3.04299e-07
m_en_assert_s = 5.0000000000e-09
m_t1r1_s = 1.5945150000e-08
m_t2r1_s = 2.6658760000e-08
m_t3r1_s = 3.7368340000e-08
m_t4r1_s = 4.8068590000e-08
m_t5r1_s = 5.8759900000e-08
m_t6r1_s = 6.9445140000e-08
m_t7r1_s = 8.0054780000e-08
m_t8r1_s = 9.0735860000e-08
m_t9r1_s = 1.0138930000e-07
m_t10r1_s = 1.1204230000e-07
m_t1r2_s = 1.5237770000e-08
m_t2r2_s = 2.5282640000e-08
m_t3r2_s = 3.5327270000e-08
m_t4r2_s = 4.5368470000e-08
m_t5r2_s = 5.5406450000e-08
m_t6r2_s = 6.5442000000e-08
m_t7r2_s = 7.5480320000e-08
m_t8r2_s = 8.5516860000e-08
m_t9r2_s = 9.5540170000e-08
m_t10r2_s = 1.0558910000e-07
m_t1xo_s = 9.8212190000e-09
m_t2xo_s = 1.5428270000e-08
m_t3xo_s = 1.9876530000e-08
m_t4xo_s = 2.5443120000e-08
m_ring_swing_early_v = 3.1162706400e+00
m_ring_swing_late_v = 2.9579637400e+00
m_xo_swing_early_v = 3.0005365710e+00
m_xo_swing_late_v = 3.0405020900e+00
m_v_ro1_off_v = 2.9699820000e+00
m_v_xo_off_v = 3.0429920000e-07
Note: Simulation executed from .control section 

Warning: m=xx on .subckt line will override multiplier m hierarchy!

