
Note: Compatibility modes selected: hs a


Circuit: * sampler-dff-reset-current-xsb @ fs_-40c_2.97v -- generated by sim/harness, do not edit

Doing analysis at TEMP = -40.000000 and TNOM = 27.000000

Using SPARSE 1.3 as Direct Linear Solver

Initial Transient Solution
--------------------------

Node                                   Voltage
----                                   -------
vdd                                       2.97
rst_n                                        0
clk                                          0
d                                            0
xdut.clkb                                 2.97
xdut.m                             2.70873e-08
xdut.mb                                   2.97
xdut.mmid                           0.00401776
xdut.mc                            2.71096e-08
xdut.s                                    2.97
q                                  1.35548e-08
xdut.qb                                   2.97
xdut.s2mid                          0.00401776
qint                                2.9755e-21
vd#branch                          8.91738e-12
vdd#branch                        -3.86724e-11
vclk#branch                                  0
vrst#branch                                  0

 Reference value :  0.00000e+00
 Reference value :  1.45405e-09
 Reference value :  2.87105e-09
 Reference value :  4.34205e-09
No. of Data Rows : 4720
qint1               =  1.50113e-06
qint2               =  1.54790e-06
qint3               =  1.56249e-06
qout_rst            =  -3.84753e-06
m_i_reset_xsb_a = 1.5340250000e-08
m_p_reset_xsb_w = 4.5560542500e-08
m_i_reset_xsb_first_a = 2.3384000000e-08
m_i_reset_xsb_last_a = 7.2965000000e-09
m_q_v = -3.847532000e-06
Note: Simulation executed from .control section 

Warning: m=xx on .subckt line will override multiplier m hierarchy!

