
Note: No compatibility mode selected!


Circuit: * klt sim -- generated corner deck, do not edit

Doing analysis at TEMP = 27.000000 and TNOM = 27.000000

Using SPARSE 1.3 as Direct Linear Solver

Initial Transient Solution
--------------------------

Node                                   Voltage
----                                   -------
vddr                                       3.3
en                                         3.3
vss                                          0
vsubs                                        0
xdut.\$15                          1.45395e-09
xdut.a|y__t0                                 0
xdut.a|y__t02                              3.3
xdut.vddr__t0                              3.3
xdut.vss__t0                       3.50329e-12
xdut.\$17                          1.20178e-07
xdut.a|y__t32                              3.3
xdut.a|y__t13                      1.40831e-07
xdut.vddr__t18                             3.3
xdut.vss__t18                      2.16844e-10
xdut.\$18                           1.4522e-09
xdut.a|y__t33                      1.40908e-07
xdut.a|y__t14                              3.3
xdut.vddr__t14                             3.3
xdut.vss__t14                      1.74098e-12
xdut.\$20                          1.20032e-07
xdut.a|y__t34                              3.3
xdut.a|y__t15                      1.40686e-07
xdut.vddr__t21                             3.3
xdut.vss__t21                      7.13185e-11
xdut.\$21                          1.45057e-09
xdut.a|y__t35                      1.40762e-07
xdut.a|y__t16                              3.3
xdut.vddr__t13                             3.3
xdut.vss__t13                      1.09076e-13
xdut.\$22                          1.20037e-07
xdut.a|y__t36                              3.3
xdut.a|y__t17                       1.4069e-07
xdut.vddr__t15                             3.3
xdut.vss__t15                      7.56179e-11
xdut.\$24                          1.45225e-09
xdut.a|y__t37                      1.40766e-07
xdut.a|y__t18                              3.3
xdut.vddr__t16                             3.3
xdut.vss__t16                      1.79325e-12
xdut.\$23                          1.20182e-07
xdut.a|y__t38                              3.3
xdut.a|y__t19                      1.40836e-07
xdut.vddr__t17                             3.3
xdut.vss__t17                       2.2117e-10
xdut.\$19                          1.45401e-09
xdut.a|y__t39                      1.40912e-07
xdut.a|y__t110                             3.3
xdut.vddr__t19                             3.3
xdut.vss__t19                      3.55563e-12
xdut.\$16                          1.20328e-07
xdut.a|y__t310                             3.3
xdut.a|y__t311                     1.40982e-07
xdut.vddr__t20                             3.3
xdut.vss__t20                      3.66989e-10
xdut.vss__t1                      -6.50927e-41
xdut.vddr__t1                              3.3
xdut.\$14                         -1.28143e-38
xdut.\$13                         -1.32372e-38
xdut.a|y__t011                     1.41069e-07
xdut.a|y__t1                       1.90084e-45
xdut.en__t0                                3.3
xdut.\$27__t1                          1.69092
xdut.vss__t2                                 0
xdut.vddr__t2                          3.29929
xdut.a|y__t3                       0.000128875
xdut.a|y__t111                     1.41069e-07
xdut.\$27__t2                          1.69091
xdut.\$27__t0                          1.69091
xdut.en__t1                                3.3
xdut.a|y__t4                       3.97668e-11
xdut.vddr__t3                              3.3
xdut.vss__t3                                 0
xdut.\$29                                  3.3
xdut.a|y__t2                                 0
xdut.a|y__t12                              3.3
xdut.vddr__t12                             3.3
xdut.vss__t12                                0
xdut.\$31                                  3.3
xdut.a|y__t22                              3.3
xdut.a|y__t03                      1.40984e-07
xdut.vddr__t10                             3.3
xdut.vss__t10                                0
xdut.\$33                                  3.3
xdut.a|y__t23                      1.40908e-07
xdut.a|y__t04                              3.3
xdut.vddr__t9                              3.3
xdut.vss__t9                                 0
xdut.\$35                                  3.3
xdut.a|y__t24                              3.3
xdut.a|y__t05                      1.40838e-07
xdut.vddr__t7                              3.3
xdut.vss__t7                                 0
xdut.\$37                                  3.3
xdut.a|y__t25                      1.40762e-07
xdut.a|y__t06                              3.3
xdut.vddr__t6                              3.3
xdut.vss__t6                                 0
xdut.\$39                                  3.3
xdut.a|y__t26                              3.3
xdut.a|y__t07                      1.40843e-07
xdut.vddr__t4                              3.3
xdut.vss__t4                                 0
xdut.\$41                                  3.3
xdut.a|y__t27                      1.40766e-07
xdut.a|y__t08                              3.3
xdut.vddr__t5                              3.3
xdut.vss__t5                                 0
xdut.\$43                                  3.3
xdut.a|y__t28                              3.3
xdut.a|y__t09                      1.40988e-07
xdut.vddr__t8                              3.3
xdut.vss__t8                                 0
xdut.\$45                                  3.3
xdut.a|y__t29                      1.40912e-07
xdut.a|y__t010                             3.3
xdut.vddr__t11                             3.3
xdut.vss__t11                                0
xdut.\$47                                  3.3
xdut.a|y__t210                             3.3
xdut.a|y__t211                     1.41157e-07
xdut.\$27                              1.69091
n1                                           0
n2                                         3.3
n3                                 1.40908e-07
n4                                         3.3
n5                                 1.40762e-07
n6                                         3.3
n7                                 1.40766e-07
n8                                         3.3
n9                                 1.40912e-07
n10                                        3.3
ro                                 1.41069e-07
ron                                4.27483e-08
bron#branch                                  0
een#branch                                   0
vvsubs#branch                      1.65053e-11
vvss#branch                        1.67891e-11
vsupply#branch                    -7.51681e-06


No. of Data Rows : 130008

  Measurements for Transient Analysis

period_s            =  1.67691e-08 targ=  1.76877e-07 trig=  1.60107e-07
supply_current_avg_a=  -1.28507e-05 from=  3.00000e-07 to=  1.30000e-06
ro_swing_v          =  3.28172e+00 from=  3.00000e-07 to=  1.30000e-06

ngspice-46 done
