
Note: Compatibility modes selected: hs a


Circuit: * sampler-bit-bias-static-integer @ tt_27c_3.30v -- generated by sim/harness, do not edit

Doing analysis at TEMP = 27.000000 and TNOM = 27.000000

Using SPARSE 1.3 as Direct Linear Solver

Initial Transient Solution
--------------------------

Node                                   Voltage
----                                   -------
vsup                                       3.3
en                                         3.3
vddr1                                      3.3
vddr2                                      3.3
vdd                                        3.3
xg1.py                                 1.58325
n11                                          0
g10                                1.24708e-07
xg1.nm                            7.45296e-206
xg1.ny                            6.95739e-206
x11.py                                     3.3
n12                                        3.3
g11                                          0
x11.ny                             2.35462e-08
x12.py                                     3.3
n13                                1.24708e-07
g12                                        3.3
x12.ny                             1.06256e-07
x13.py                                     3.3
n14                                        3.3
g13                                1.24708e-07
x13.ny                             2.35463e-08
x14.py                                     3.3
rn1                                1.24708e-07
g14                                        3.3
x14.ny                             1.06256e-07
xg2.py                                 1.59988
n21                                          0
g20                                1.17147e-07
xg2.nm                            1.54244e-206
xg2.ny                            1.43249e-206
x21.py                                     3.3
n22                                        3.3
g21                                          0
x21.ny                             2.18706e-08
x22.py                                     3.3
n23                                1.17147e-07
g22                                        3.3
x22.ny                              9.8695e-08
x23.py                                     3.3
n24                                        3.3
g23                                1.17147e-07
x23.ny                             2.18707e-08
x24.py                                     3.3
rn2                                1.17147e-07
g24                                        3.3
x24.ny                              9.8695e-08
ro1                                        3.3
ro2                                        3.3
xa1.an                             1.84515e-08
xa1.bn                             1.84515e-08
xa1.mid                               0.783853
xo                                 1.79153e-07
xa1.s1                             8.95767e-08
xa1.s2                             3.77439e-08
xsb.clkb                                   3.3
clk                                          0
xsb.m                              2.15825e-07
xsb.mb                                     3.3
rst_n                                      3.3
xsb.mmid                           1.58497e-09
xsb.mc                             3.68602e-08
xsb.s                                      3.3
raw_bit                            1.84515e-08
xsb.qb                                     3.3
xsb.s2mid                          1.58496e-09
xsr1.clkb                          1.84515e-08
clkm                                       3.3
xsr1.m                             1.18322e-07
xsr1.mb                                    3.3
xsr1.mmid                          1.58497e-09
xsr1.mc                            7.75181e-08
xsr1.s                                     3.3
ring_bit1                          1.84515e-08
xsr1.qb                                    3.3
xsr1.s2mid                         1.58496e-09
xsr2.clkb                          1.84515e-08
xsr2.m                             1.18322e-07
xsr2.mb                                    3.3
xsr2.mmid                          1.58497e-09
xsr2.mc                            7.75181e-08
xsr2.s                                     3.3
ring_bit2                          1.84515e-08
xsr2.qb                                    3.3
xsr2.s2mid                         1.58496e-09
x1                                       -1.65
x2                                       -1.65
xc                                       -1.65
vth                                       1.65
tclkv                                1.136e-08
btclk#branch                                 0
bvth#branch                                  0
bxc#branch                                   0
bx2#branch                                   0
bx1#branch                                   0
vrst#branch                                  0
vclkm#branch                                 0
vclk#branch                                  0
vn24#branch                                  0
vn23#branch                                  0
vn22#branch                                  0
vn21#branch                                  0
vn20#branch                       -2.92076e-24
vn14#branch                                  0
vn13#branch                                  0
vn12#branch                                  0
vn11#branch                                  0
vn10#branch                       -5.01638e-29
vtr#branch                         1.65807e-10
vr2#branch                         9.82234e-06
vr1#branch                          9.2686e-06
ven#branch                                   0
vsup#branch                       -1.90911e-05

 Reference value :  0.00000e+00
 Reference value :  3.00600e-09
 Reference value :  5.71400e-09
 Reference value :  8.45000e-09
 Reference value :  1.12140e-08
 Reference value :  1.40060e-08
 Reference value :  1.69020e-08
 Reference value :  1.97020e-08
 Reference value :  2.24850e-08
 Reference value :  2.54140e-08
 Reference value :  2.80700e-08
 Reference value :  3.07850e-08
 Reference value :  3.35850e-08
 Reference value :  3.63700e-08
 Reference value :  3.92300e-08
 Reference value :  4.19140e-08
 Reference value :  4.49020e-08
 Reference value :  4.76500e-08
 Reference value :  5.04300e-08
 Reference value :  5.32500e-08
 Reference value :  5.61000e-08
 Reference value :  5.90020e-08
 Reference value :  6.17300e-08
 Reference value :  6.44140e-08
 Reference value :  6.72700e-08
 Reference value :  7.01000e-08
 Reference value :  7.30300e-08
 Reference value :  7.58700e-08
 Reference value :  7.85300e-08
 Reference value :  8.12850e-08
 Reference value :  8.40500e-08
 Reference value :  8.68300e-08
 Reference value :  8.96700e-08
 Reference value :  9.25300e-08
 Reference value :  9.53700e-08
 Reference value :  9.80700e-08
 Reference value :  1.00885e-07
 Reference value :  1.03606e-07
 Reference value :  1.06370e-07
 Reference value :  1.09230e-07
 Reference value :  1.12014e-07
 Reference value :  1.14830e-07
 Reference value :  1.17500e-07
 Reference value :  1.20314e-07
 Reference value :  1.23200e-07
 Reference value :  1.25885e-07
 Reference value :  1.28670e-07
 Reference value :  1.31550e-07
 Reference value :  1.34314e-07
 Reference value :  1.37070e-07
 Reference value :  1.39730e-07
 Reference value :  1.42730e-07
 Reference value :  1.45685e-07
 Reference value :  1.48485e-07
 Reference value :  1.51200e-07
 Reference value :  1.53870e-07
 Reference value :  1.56502e-07
 Reference value :  1.59330e-07
 Reference value :  1.62130e-07
 Reference value :  1.65000e-07
 Reference value :  1.67914e-07
 Reference value :  1.70606e-07
 Reference value :  1.73285e-07
 Reference value :  1.76050e-07
 Reference value :  1.78930e-07
 Reference value :  1.81850e-07
 Reference value :  1.84614e-07
 Reference value :  1.87500e-07
 Reference value :  1.90602e-07
 Reference value :  1.93350e-07
 Reference value :  1.96114e-07
 Reference value :  1.99030e-07
 Reference value :  2.01785e-07
 Reference value :  2.04614e-07
 Reference value :  2.07300e-07
 Reference value :  2.09970e-07
 Reference value :  2.12714e-07
 Reference value :  2.15550e-07
 Reference value :  2.18600e-07
 Reference value :  2.21385e-07
 Reference value :  2.24070e-07
 Reference value :  2.26885e-07
 Reference value :  2.29506e-07
 Reference value :  2.32370e-07
 Reference value :  2.35070e-07
 Reference value :  2.37802e-07
 Reference value :  2.40502e-07
 Reference value :  2.43200e-07
 Reference value :  2.46006e-07
 Reference value :  2.48800e-07
 Reference value :  2.51600e-07
 Reference value :  2.54585e-07
 Reference value :  2.57400e-07
 Reference value :  2.60300e-07
 Reference value :  2.63050e-07
 Reference value :  2.65770e-07
 Reference value :  2.68570e-07
 Reference value :  2.71302e-07
 Reference value :  2.74030e-07
 Reference value :  2.76814e-07
 Reference value :  2.79514e-07
 Reference value :  2.82270e-07
 Reference value :  2.84930e-07
 Reference value :  2.87630e-07
 Reference value :  2.90370e-07
 Reference value :  2.93170e-07
 Reference value :  2.95730e-07
 Reference value :  2.98400e-07
 Reference value :  3.01000e-07
 Reference value :  3.03814e-07
 Reference value :  3.06550e-07
 Reference value :  3.09402e-07
 Reference value :  3.11970e-07
 Reference value :  3.14806e-07
 Reference value :  3.17550e-07
 Reference value :  3.20314e-07
 Reference value :  3.22931e-07
 Reference value :  3.25785e-07
 Reference value :  3.28470e-07
 Reference value :  3.31106e-07
 Reference value :  3.33970e-07
 Reference value :  3.36570e-07
 Reference value :  3.39430e-07
 Reference value :  3.42250e-07
 Reference value :  3.45102e-07
 Reference value :  3.47900e-07
 Reference value :  3.50706e-07
 Reference value :  3.53414e-07
 Reference value :  3.56230e-07
 Reference value :  3.58902e-07
 Reference value :  3.62350e-07
 Reference value :  3.65700e-07
 Reference value :  3.68402e-07
 Reference value :  3.71430e-07
 Reference value :  3.74214e-07
 Reference value :  3.76950e-07
 Reference value :  3.79714e-07
 Reference value :  3.82414e-07
 Reference value :  3.85204e-07
 Reference value :  3.87802e-07
 Reference value :  3.90570e-07
 Reference value :  3.93350e-07
 Reference value :  3.96170e-07
 Reference value :  3.98885e-07
 Reference value :  4.01630e-07
 Reference value :  4.04530e-07
 Reference value :  4.08150e-07
 Reference value :  4.11370e-07
 Reference value :  4.14400e-07
 Reference value :  4.17230e-07
 Reference value :  4.20530e-07
 Reference value :  4.24000e-07
 Reference value :  4.26650e-07
 Reference value :  4.30350e-07
 Reference value :  4.33485e-07
 Reference value :  4.36314e-07
 Reference value :  4.39250e-07
 Reference value :  4.42085e-07
 Reference value :  4.44785e-07
 Reference value :  4.47570e-07
 Reference value :  4.50385e-07
 Reference value :  4.53106e-07
 Reference value :  4.55802e-07
 Reference value :  4.58600e-07
 Reference value :  4.61330e-07
 Reference value :  4.64100e-07
 Reference value :  4.66830e-07
 Reference value :  4.69814e-07
 Reference value :  4.72470e-07
 Reference value :  4.75250e-07
 Reference value :  4.77902e-07
 Reference value :  4.80800e-07
 Reference value :  4.83550e-07
 Reference value :  4.86406e-07
 Reference value :  4.89114e-07
 Reference value :  4.91970e-07
 Reference value :  4.94630e-07
 Reference value :  4.97602e-07
 Reference value :  5.00306e-07
 Reference value :  5.03030e-07
 Reference value :  5.05870e-07
 Reference value :  5.08685e-07
 Reference value :  5.11530e-07
 Reference value :  5.14285e-07
 Reference value :  5.17002e-07
 Reference value :  5.19870e-07
 Reference value :  5.22630e-07
 Reference value :  5.25650e-07
 Reference value :  5.28230e-07
 Reference value :  5.31102e-07
 Reference value :  5.33714e-07
 Reference value :  5.36470e-07
 Reference value :  5.39230e-07
 Reference value :  5.42185e-07
 Reference value :  5.45085e-07
 Reference value :  5.47714e-07
 Reference value :  5.50402e-07
 Reference value :  5.53270e-07
 Reference value :  5.56006e-07
 Reference value :  5.58814e-07
 Reference value :  5.61702e-07
 Reference value :  5.64570e-07
 Reference value :  5.67250e-07
 Reference value :  5.69950e-07
 Reference value :  5.72846e-07
 Reference value :  5.75802e-07
 Reference value :  5.78685e-07
 Reference value :  5.81502e-07
 Reference value :  5.84102e-07
 Reference value :  5.86785e-07
 Reference value :  5.89600e-07
 Reference value :  5.92300e-07
 Reference value :  5.95006e-07
 Reference value :  5.97700e-07
 Reference value :  6.00702e-07
 Reference value :  6.03406e-07
 Reference value :  6.06214e-07
 Reference value :  6.09050e-07
 Reference value :  6.11902e-07
 Reference value :  6.14630e-07
 Reference value :  6.17450e-07
 Reference value :  6.20150e-07
 Reference value :  6.22902e-07
 Reference value :  6.25500e-07
 Reference value :  6.28285e-07
 Reference value :  6.31050e-07
 Reference value :  6.34030e-07
 Reference value :  6.36770e-07
 Reference value :  6.39600e-07
 Reference value :  6.42230e-07
 Reference value :  6.45050e-07
 Reference value :  6.47750e-07
 Reference value :  6.50602e-07
 Reference value :  6.53270e-07
 Reference value :  6.56102e-07
 Reference value :  6.58802e-07
 Reference value :  6.61685e-07
 Reference value :  6.64314e-07
 Reference value :  6.67200e-07
 Reference value :  6.69902e-07
 Reference value :  6.72750e-07
 Reference value :  6.75314e-07
 Reference value :  6.78306e-07
 Reference value :  6.81100e-07
 Reference value :  6.83970e-07
 Reference value :  6.86614e-07
 Reference value :  6.89430e-07
 Reference value :  6.92170e-07
 Reference value :  6.94850e-07
 Reference value :  6.97616e-07
 Reference value :  7.00506e-07
 Reference value :  7.03301e-07
 Reference value :  7.06170e-07
 Reference value :  7.08946e-07
 Reference value :  7.11670e-07
 Reference value :  7.14714e-07
 Reference value :  7.17470e-07
 Reference value :  7.20300e-07
 Reference value :  7.23070e-07
 Reference value :  7.25830e-07
 Reference value :  7.28550e-07
 Reference value :  7.31550e-07
 Reference value :  7.34402e-07
 Reference value :  7.37306e-07
 Reference value :  7.40030e-07
 Reference value :  7.42800e-07
 Reference value :  7.45570e-07
 Reference value :  7.48602e-07
 Reference value :  7.51350e-07
 Reference value :  7.54100e-07
 Reference value :  7.56802e-07
 Reference value :  7.59614e-07
 Reference value :  7.62285e-07
 Reference value :  7.65102e-07
 Reference value :  7.67850e-07
 Reference value :  7.70750e-07
 Reference value :  7.73450e-07
 Reference value :  7.76330e-07
 Reference value :  7.79030e-07
 Reference value :  7.81850e-07
 Reference value :  7.84570e-07
 Reference value :  7.87506e-07
 Reference value :  7.90214e-07
 Reference value :  7.93430e-07
 Reference value :  7.96770e-07
 Reference value :  8.00130e-07
 Reference value :  8.03614e-07
 Reference value :  8.06685e-07
 Reference value :  8.09485e-07
 Reference value :  8.12250e-07
 Reference value :  8.15070e-07
 Reference value :  8.17714e-07
 Reference value :  8.20700e-07
 Reference value :  8.23585e-07
 Reference value :  8.26600e-07
 Reference value :  8.29685e-07
 Reference value :  8.32485e-07
 Reference value :  8.35485e-07
 Reference value :  8.38570e-07
 Reference value :  8.41400e-07
 Reference value :  8.44485e-07
 Reference value :  8.47402e-07
 Reference value :  8.50306e-07
 Reference value :  8.52950e-07
 Reference value :  8.55702e-07
 Reference value :  8.58430e-07
 Reference value :  8.61170e-07
 Reference value :  8.64002e-07
 Reference value :  8.66914e-07
 Reference value :  8.70250e-07
 Reference value :  8.74585e-07
 Reference value :  8.78106e-07
 Reference value :  8.81000e-07
 Reference value :  8.83850e-07
 Reference value :  8.86550e-07
 Reference value :  8.89350e-07
 Reference value :  8.92070e-07
 Reference value :  8.94950e-07
 Reference value :  8.97602e-07
 Reference value :  9.00650e-07
 Reference value :  9.03630e-07
 Reference value :  9.06630e-07
 Reference value :  9.09700e-07
 Reference value :  9.12602e-07
 Reference value :  9.15350e-07
 Reference value :  9.18400e-07
 Reference value :  9.21430e-07
 Reference value :  9.24170e-07
 Reference value :  9.26806e-07
 Reference value :  9.29706e-07
 Reference value :  9.32450e-07
 Reference value :  9.35270e-07
 Reference value :  9.38130e-07
 Reference value :  9.40900e-07
 Reference value :  9.43600e-07
 Reference value :  9.46306e-07
 Reference value :  9.49102e-07
 Reference value :  9.52002e-07
 Reference value :  9.54685e-07
 Reference value :  9.57602e-07
 Reference value :  9.60314e-07
 Reference value :  9.63150e-07
 Reference value :  9.65785e-07
 Reference value :  9.68470e-07
 Reference value :  9.71285e-07
 Reference value :  9.74300e-07
 Reference value :  9.76900e-07
 Reference value :  9.79606e-07
 Reference value :  9.82250e-07
 Reference value :  9.85006e-07
 Reference value :  9.87706e-07
 Reference value :  9.90502e-07
 Reference value :  9.93285e-07
 Reference value :  9.96070e-07
 Reference value :  9.98750e-07
 Reference value :  1.00140e-06
 Reference value :  1.00417e-06
 Reference value :  1.00687e-06
 Reference value :  1.00990e-06
 Reference value :  1.01247e-06
 Reference value :  1.01518e-06
 Reference value :  1.01795e-06
 Reference value :  1.02078e-06
 Reference value :  1.02348e-06
 Reference value :  1.02630e-06
 Reference value :  1.02905e-06
 Reference value :  1.03191e-06
 Reference value :  1.03448e-06
 Reference value :  1.03711e-06
 Reference value :  1.03975e-06
 Reference value :  1.04260e-06
 Reference value :  1.04548e-06
 Reference value :  1.04831e-06
 Reference value :  1.05101e-06
 Reference value :  1.05390e-06
 Reference value :  1.05668e-06
 Reference value :  1.05951e-06
 Reference value :  1.06241e-06
 Reference value :  1.06517e-06
 Reference value :  1.06791e-06
 Reference value :  1.07067e-06
 Reference value :  1.07321e-06
 Reference value :  1.07607e-06
 Reference value :  1.07881e-06
 Reference value :  1.08168e-06
 Reference value :  1.08440e-06
 Reference value :  1.08723e-06
 Reference value :  1.09008e-06
 Reference value :  1.09290e-06
 Reference value :  1.09568e-06
 Reference value :  1.09855e-06
 Reference value :  1.10131e-06
 Reference value :  1.10420e-06
 Reference value :  1.10681e-06
 Reference value :  1.10958e-06
 Reference value :  1.11238e-06
 Reference value :  1.11508e-06
 Reference value :  1.11795e-06
 Reference value :  1.12085e-06
 Reference value :  1.12370e-06
 Reference value :  1.12638e-06
 Reference value :  1.12911e-06
 Reference value :  1.13190e-06
 Reference value :  1.13467e-06
 Reference value :  1.13740e-06
 Reference value :  1.14017e-06
 Reference value :  1.14288e-06
 Reference value :  1.14587e-06
 Reference value :  1.14861e-06
 Reference value :  1.15153e-06
 Reference value :  1.15417e-06
 Reference value :  1.15698e-06
 Reference value :  1.15960e-06
 Reference value :  1.16223e-06
 Reference value :  1.16501e-06
 Reference value :  1.16797e-06
 Reference value :  1.17067e-06
 Reference value :  1.17341e-06
 Reference value :  1.17617e-06
 Reference value :  1.17900e-06
 Reference value :  1.18175e-06
 Reference value :  1.18450e-06
 Reference value :  1.18721e-06
 Reference value :  1.19017e-06
 Reference value :  1.19300e-06
 Reference value :  1.19580e-06
 Reference value :  1.19850e-06
 Reference value :  1.20160e-06
 Reference value :  1.20438e-06
 Reference value :  1.20730e-06
 Reference value :  1.21003e-06
 Reference value :  1.21288e-06
 Reference value :  1.21570e-06
 Reference value :  1.21851e-06
 Reference value :  1.22111e-06
 Reference value :  1.22417e-06
 Reference value :  1.22697e-06
 Reference value :  1.22971e-06
 Reference value :  1.23240e-06
 Reference value :  1.23538e-06
 Reference value :  1.23805e-06
 Reference value :  1.24090e-06
 Reference value :  1.24360e-06
 Reference value :  1.24648e-06
 Reference value :  1.24911e-06
 Reference value :  1.25188e-06
 Reference value :  1.25450e-06
 Reference value :  1.25751e-06
 Reference value :  1.26030e-06
 Reference value :  1.26315e-06
 Reference value :  1.26580e-06
 Reference value :  1.26908e-06
 Reference value :  1.27217e-06
 Reference value :  1.27490e-06
 Reference value :  1.27773e-06
 Reference value :  1.28041e-06
 Reference value :  1.28308e-06
 Reference value :  1.28578e-06
 Reference value :  1.28835e-06
 Reference value :  1.29103e-06
 Reference value :  1.29363e-06
 Reference value :  1.29648e-06
 Reference value :  1.29940e-06
 Reference value :  1.30200e-06
 Reference value :  1.30497e-06
 Reference value :  1.30748e-06
 Reference value :  1.31027e-06
 Reference value :  1.31301e-06
 Reference value :  1.31591e-06
 Reference value :  1.31860e-06
 Reference value :  1.32170e-06
 Reference value :  1.32643e-06
 Reference value :  1.33107e-06
 Reference value :  1.33565e-06
 Reference value :  1.34008e-06
 Reference value :  1.34415e-06
 Reference value :  1.34850e-06
 Reference value :  1.35277e-06
 Reference value :  1.35660e-06
 Reference value :  1.35941e-06
 Reference value :  1.36237e-06
 Reference value :  1.36587e-06
 Reference value :  1.37037e-06
 Reference value :  1.37467e-06
 Reference value :  1.37851e-06
 Reference value :  1.38235e-06
 Reference value :  1.38658e-06
 Reference value :  1.39097e-06
 Reference value :  1.39490e-06
 Reference value :  1.39910e-06
 Reference value :  1.40325e-06
 Reference value :  1.40783e-06
 Reference value :  1.41220e-06
 Reference value :  1.41620e-06
 Reference value :  1.42050e-06
 Reference value :  1.42497e-06
 Reference value :  1.42907e-06
 Reference value :  1.43345e-06
 Reference value :  1.43811e-06
 Reference value :  1.44270e-06
 Reference value :  1.44700e-06
 Reference value :  1.45060e-06
 Reference value :  1.45481e-06
 Reference value :  1.45895e-06
 Reference value :  1.46378e-06
 Reference value :  1.46777e-06
 Reference value :  1.47190e-06
 Reference value :  1.47601e-06
 Reference value :  1.47877e-06
 Reference value :  1.48141e-06
 Reference value :  1.48398e-06
 Reference value :  1.48661e-06
 Reference value :  1.48918e-06
 Reference value :  1.49193e-06
 Reference value :  1.49433e-06
 Reference value :  1.49700e-06
 Reference value :  1.49961e-06
 Reference value :  1.50220e-06
 Reference value :  1.50485e-06
 Reference value :  1.50750e-06
 Reference value :  1.51008e-06
 Reference value :  1.51275e-06
 Reference value :  1.51535e-06
 Reference value :  1.51798e-06
 Reference value :  1.52065e-06
 Reference value :  1.52311e-06
 Reference value :  1.52580e-06
 Reference value :  1.52837e-06
 Reference value :  1.53150e-06
 Reference value :  1.53413e-06
 Reference value :  1.53665e-06
 Reference value :  1.53928e-06
 Reference value :  1.54201e-06
 Reference value :  1.54457e-06
 Reference value :  1.54718e-06
 Reference value :  1.54978e-06
 Reference value :  1.55225e-06
 Reference value :  1.55490e-06
 Reference value :  1.55731e-06
 Reference value :  1.55995e-06
 Reference value :  1.56255e-06
 Reference value :  1.56531e-06
 Reference value :  1.56805e-06
 Reference value :  1.57071e-06
 Reference value :  1.57328e-06
 Reference value :  1.57608e-06
 Reference value :  1.57865e-06
 Reference value :  1.58121e-06
 Reference value :  1.58391e-06
 Reference value :  1.58647e-06
 Reference value :  1.58905e-06
 Reference value :  1.59165e-06
 Reference value :  1.59417e-06
 Reference value :  1.59677e-06
 Reference value :  1.59948e-06
 Reference value :  1.60210e-06
 Reference value :  1.60475e-06
 Reference value :  1.60720e-06
 Reference value :  1.60990e-06
 Reference value :  1.61240e-06
 Reference value :  1.61498e-06
 Reference value :  1.61757e-06
 Reference value :  1.62021e-06
 Reference value :  1.62291e-06
 Reference value :  1.62550e-06
 Reference value :  1.62798e-06
 Reference value :  1.63041e-06
 Reference value :  1.63307e-06
 Reference value :  1.63570e-06
 Reference value :  1.63831e-06
 Reference value :  1.64085e-06
 Reference value :  1.64353e-06
 Reference value :  1.64603e-06
 Reference value :  1.64848e-06
 Reference value :  1.65101e-06
 Reference value :  1.65355e-06
 Reference value :  1.65633e-06
 Reference value :  1.65890e-06
 Reference value :  1.66145e-06
 Reference value :  1.66398e-06
 Reference value :  1.66651e-06
 Reference value :  1.66909e-06
 Reference value :  1.67181e-06
 Reference value :  1.67437e-06
 Reference value :  1.67705e-06
 Reference value :  1.67981e-06
 Reference value :  1.68247e-06
 Reference value :  1.68500e-06
 Reference value :  1.68751e-06
 Reference value :  1.69007e-06
 Reference value :  1.69271e-06
 Reference value :  1.69531e-06
 Reference value :  1.69783e-06
 Reference value :  1.70045e-06
 Reference value :  1.70301e-06
 Reference value :  1.70570e-06
 Reference value :  1.70823e-06
 Reference value :  1.71091e-06
 Reference value :  1.71355e-06
 Reference value :  1.71610e-06
 Reference value :  1.71877e-06
 Reference value :  1.72121e-06
 Reference value :  1.72388e-06
 Reference value :  1.72651e-06
 Reference value :  1.72945e-06
 Reference value :  1.73188e-06
 Reference value :  1.73445e-06
 Reference value :  1.73698e-06
 Reference value :  1.73945e-06
 Reference value :  1.74237e-06
 Reference value :  1.74497e-06
 Reference value :  1.74757e-06
 Reference value :  1.75040e-06
 Reference value :  1.75303e-06
 Reference value :  1.75558e-06
 Reference value :  1.75831e-06
 Reference value :  1.76110e-06
 Reference value :  1.76395e-06
 Reference value :  1.76663e-06
 Reference value :  1.76967e-06
 Reference value :  1.77220e-06
 Reference value :  1.77480e-06
 Reference value :  1.77730e-06
 Reference value :  1.78013e-06
 Reference value :  1.78275e-06
 Reference value :  1.78545e-06
 Reference value :  1.78820e-06
 Reference value :  1.79077e-06
 Reference value :  1.79340e-06
 Reference value :  1.79595e-06
 Reference value :  1.79897e-06
 Reference value :  1.80167e-06
 Reference value :  1.80477e-06
 Reference value :  1.80711e-06
 Reference value :  1.80960e-06
 Reference value :  1.81210e-06
 Reference value :  1.81480e-06
 Reference value :  1.81745e-06
 Reference value :  1.82021e-06
 Reference value :  1.82290e-06
 Reference value :  1.82545e-06
 Reference value :  1.82810e-06
 Reference value :  1.83060e-06
 Reference value :  1.83323e-06
 Reference value :  1.83580e-06
 Reference value :  1.83851e-06
 Reference value :  1.84098e-06
 Reference value :  1.84355e-06
 Reference value :  1.84601e-06
 Reference value :  1.84867e-06
 Reference value :  1.85130e-06
 Reference value :  1.85387e-06
 Reference value :  1.85657e-06
 Reference value :  1.85913e-06
 Reference value :  1.86180e-06
 Reference value :  1.86427e-06
 Reference value :  1.86681e-06
 Reference value :  1.86940e-06
 Reference value :  1.87207e-06
 Reference value :  1.87460e-06
 Reference value :  1.87713e-06
 Reference value :  1.87960e-06
 Reference value :  1.88215e-06
 Reference value :  1.88478e-06
 Reference value :  1.88733e-06
 Reference value :  1.89007e-06
 Reference value :  1.89251e-06
 Reference value :  1.89521e-06
 Reference value :  1.89761e-06
 Reference value :  1.90023e-06
 Reference value :  1.90277e-06
 Reference value :  1.90528e-06
 Reference value :  1.90791e-06
 Reference value :  1.91053e-06
 Reference value :  1.91310e-06
 Reference value :  1.91561e-06
 Reference value :  1.91830e-06
 Reference value :  1.92077e-06
 Reference value :  1.92350e-06
 Reference value :  1.92600e-06
 Reference value :  1.92888e-06
 Reference value :  1.93135e-06
 Reference value :  1.93391e-06
 Reference value :  1.93630e-06
 Reference value :  1.93897e-06
 Reference value :  1.94158e-06
 Reference value :  1.94423e-06
 Reference value :  1.94668e-06
 Reference value :  1.94911e-06
 Reference value :  1.95188e-06
 Reference value :  1.95431e-06
 Reference value :  1.95710e-06
 Reference value :  1.95963e-06
 Reference value :  1.96223e-06
 Reference value :  1.96493e-06
 Reference value :  1.96751e-06
 Reference value :  1.96993e-06
 Reference value :  1.97248e-06
 Reference value :  1.97503e-06
 Reference value :  1.97745e-06
 Reference value :  1.98023e-06
 Reference value :  1.98280e-06
 Reference value :  1.98543e-06
 Reference value :  1.98807e-06
 Reference value :  1.99061e-06
 Reference value :  1.99317e-06
 Reference value :  1.99578e-06
 Reference value :  1.99838e-06
 Reference value :  2.00091e-06
 Reference value :  2.00360e-06
 Reference value :  2.00607e-06
 Reference value :  2.00885e-06
 Reference value :  2.01137e-06
 Reference value :  2.01398e-06
 Reference value :  2.01651e-06
 Reference value :  2.01913e-06
 Reference value :  2.02171e-06
 Reference value :  2.02425e-06
 Reference value :  2.02681e-06
 Reference value :  2.02941e-06
 Reference value :  2.03201e-06
 Reference value :  2.03445e-06
 Reference value :  2.03707e-06
 Reference value :  2.03958e-06
 Reference value :  2.04235e-06
 Reference value :  2.04487e-06
 Reference value :  2.04745e-06
 Reference value :  2.04995e-06
 Reference value :  2.05270e-06
 Reference value :  2.05531e-06
 Reference value :  2.05785e-06
 Reference value :  2.06045e-06
 Reference value :  2.06283e-06
 Reference value :  2.06550e-06
 Reference value :  2.06801e-06
 Reference value :  2.07058e-06
 Reference value :  2.07323e-06
 Reference value :  2.07591e-06
 Reference value :  2.07851e-06
 Reference value :  2.08137e-06
 Reference value :  2.08405e-06
 Reference value :  2.08673e-06
 Reference value :  2.08930e-06
 Reference value :  2.09181e-06
 Reference value :  2.09440e-06
 Reference value :  2.09707e-06
 Reference value :  2.09973e-06
 Reference value :  2.10228e-06
 Reference value :  2.10500e-06
 Reference value :  2.10753e-06
 Reference value :  2.11037e-06
 Reference value :  2.11293e-06
 Reference value :  2.11568e-06
 Reference value :  2.11828e-06
 Reference value :  2.12145e-06
 Reference value :  2.12418e-06
 Reference value :  2.12681e-06
 Reference value :  2.12923e-06
 Reference value :  2.13187e-06
 Reference value :  2.13451e-06
 Reference value :  2.13721e-06
 Reference value :  2.14008e-06
 Reference value :  2.14255e-06
 Reference value :  2.14520e-06
 Reference value :  2.14765e-06
 Reference value :  2.15015e-06
 Reference value :  2.15255e-06
 Reference value :  2.15521e-06
 Reference value :  2.15783e-06
 Reference value :  2.16080e-06
 Reference value :  2.16337e-06
 Reference value :  2.16605e-06
 Reference value :  2.16870e-06
 Reference value :  2.17121e-06
 Reference value :  2.17390e-06
 Reference value :  2.17651e-06
 Reference value :  2.17918e-06
 Reference value :  2.18180e-06
 Reference value :  2.18441e-06
 Reference value :  2.18690e-06
 Reference value :  2.18970e-06
 Reference value :  2.19231e-06
 Reference value :  2.19501e-06
 Reference value :  2.19761e-06
 Reference value :  2.20021e-06
 Reference value :  2.20280e-06
 Reference value :  2.20521e-06
 Reference value :  2.20770e-06
 Reference value :  2.21033e-06
 Reference value :  2.21291e-06
 Reference value :  2.21540e-06
 Reference value :  2.21810e-06
 Reference value :  2.22061e-06
 Reference value :  2.22345e-06
 Reference value :  2.22603e-06
 Reference value :  2.22863e-06
 Reference value :  2.23130e-06
 Reference value :  2.23400e-06
 Reference value :  2.23667e-06
 Reference value :  2.23920e-06
 Reference value :  2.24181e-06
 Reference value :  2.24448e-06
 Reference value :  2.24701e-06
 Reference value :  2.24958e-06
 Reference value :  2.25218e-06
 Reference value :  2.25480e-06
 Reference value :  2.25738e-06
 Reference value :  2.25991e-06
 Reference value :  2.26240e-06
 Reference value :  2.26497e-06
 Reference value :  2.26751e-06
 Reference value :  2.27010e-06
 Reference value :  2.27253e-06
 Reference value :  2.27517e-06
 Reference value :  2.27775e-06
 Reference value :  2.28031e-06
 Reference value :  2.28283e-06
 Reference value :  2.28570e-06
 Reference value :  2.28823e-06
 Reference value :  2.29093e-06
 Reference value :  2.29357e-06
 Reference value :  2.29615e-06
 Reference value :  2.29870e-06
 Reference value :  2.30117e-06
 Reference value :  2.30390e-06
 Reference value :  2.30645e-06
 Reference value :  2.30913e-06
 Reference value :  2.31167e-06
 Reference value :  2.31427e-06
 Reference value :  2.31671e-06
 Reference value :  2.31947e-06
 Reference value :  2.32191e-06
 Reference value :  2.32460e-06
 Reference value :  2.32728e-06
 Reference value :  2.32988e-06
 Reference value :  2.33231e-06
 Reference value :  2.33477e-06
 Reference value :  2.33737e-06
 Reference value :  2.34000e-06
 Reference value :  2.34260e-06
 Reference value :  2.34510e-06
 Reference value :  2.34780e-06
 Reference value :  2.35048e-06
 Reference value :  2.35298e-06
 Reference value :  2.35563e-06
 Reference value :  2.35821e-06
 Reference value :  2.36100e-06
 Reference value :  2.36347e-06
 Reference value :  2.36601e-06
 Reference value :  2.36860e-06
 Reference value :  2.37131e-06
 Reference value :  2.37385e-06
 Reference value :  2.37651e-06
 Reference value :  2.37909e-06
 Reference value :  2.38165e-06
 Reference value :  2.38440e-06
 Reference value :  2.38680e-06
 Reference value :  2.38941e-06
 Reference value :  2.39197e-06
 Reference value :  2.39457e-06
 Reference value :  2.39718e-06
 Reference value :  2.39980e-06
 Reference value :  2.40233e-06
 Reference value :  2.40513e-06
 Reference value :  2.40759e-06
 Reference value :  2.41040e-06
 Reference value :  2.41318e-06
 Reference value :  2.41591e-06
 Reference value :  2.41864e-06
 Reference value :  2.42110e-06
 Reference value :  2.42368e-06
 Reference value :  2.42621e-06
 Reference value :  2.42893e-06
 Reference value :  2.43155e-06
 Reference value :  2.43470e-06
 Reference value :  2.43728e-06
 Reference value :  2.44030e-06
 Reference value :  2.44297e-06
 Reference value :  2.44558e-06
 Reference value :  2.44825e-06
 Reference value :  2.45090e-06
 Reference value :  2.45368e-06
 Reference value :  2.45630e-06
 Reference value :  2.45871e-06
 Reference value :  2.46127e-06
 Reference value :  2.46385e-06
 Reference value :  2.46635e-06
 Reference value :  2.46900e-06
 Reference value :  2.47167e-06
 Reference value :  2.47440e-06
 Reference value :  2.47710e-06
 Reference value :  2.47960e-06
 Reference value :  2.48220e-06
 Reference value :  2.48485e-06
 Reference value :  2.48790e-06
 Reference value :  2.49070e-06
 Reference value :  2.49358e-06
 Reference value :  2.49631e-06
 Reference value :  2.49888e-06
 Reference value :  2.50140e-06
 Reference value :  2.50393e-06
 Reference value :  2.50661e-06
 Reference value :  2.50921e-06
 Reference value :  2.51163e-06
 Reference value :  2.51430e-06
 Reference value :  2.51671e-06
 Reference value :  2.51937e-06
 Reference value :  2.52181e-06
 Reference value :  2.52443e-06
 Reference value :  2.52690e-06
 Reference value :  2.52955e-06
 Reference value :  2.53220e-06
 Reference value :  2.53480e-06
 Reference value :  2.53745e-06
 Reference value :  2.54003e-06
 Reference value :  2.54308e-06
 Reference value :  2.54580e-06
 Reference value :  2.54885e-06
 Reference value :  2.55150e-06
 Reference value :  2.55411e-06
 Reference value :  2.55680e-06
 Reference value :  2.55931e-06
 Reference value :  2.56181e-06
 Reference value :  2.56450e-06
 Reference value :  2.56691e-06
 Reference value :  2.56948e-06
 Reference value :  2.57201e-06
 Reference value :  2.57455e-06
 Reference value :  2.57723e-06
 Reference value :  2.57985e-06
 Reference value :  2.58243e-06
 Reference value :  2.58487e-06
 Reference value :  2.58747e-06
 Reference value :  2.59001e-06
 Reference value :  2.59285e-06
 Reference value :  2.59533e-06
 Reference value :  2.59860e-06
 Reference value :  2.60110e-06
 Reference value :  2.60385e-06
 Reference value :  2.60643e-06
 Reference value :  2.60900e-06
 Reference value :  2.61165e-06
 Reference value :  2.61427e-06
 Reference value :  2.61681e-06
 Reference value :  2.61927e-06
 Reference value :  2.62201e-06
 Reference value :  2.62461e-06
 Reference value :  2.62728e-06
 Reference value :  2.62983e-06
 Reference value :  2.63241e-06
 Reference value :  2.63505e-06
 Reference value :  2.63765e-06
 Reference value :  2.64028e-06
 Reference value :  2.64288e-06
 Reference value :  2.64560e-06
 Reference value :  2.64820e-06
 Reference value :  2.65067e-06
 Reference value :  2.65321e-06
 Reference value :  2.65591e-06
 Reference value :  2.65830e-06
 Reference value :  2.66080e-06
 Reference value :  2.66391e-06
 Reference value :  2.66658e-06
 Reference value :  2.66920e-06
 Reference value :  2.67191e-06
 Reference value :  2.67445e-06
 Reference value :  2.67701e-06
 Reference value :  2.67970e-06
 Reference value :  2.68217e-06
 Reference value :  2.68488e-06
 Reference value :  2.68728e-06
 Reference value :  2.69000e-06
 Reference value :  2.69260e-06
 Reference value :  2.69528e-06
 Reference value :  2.69783e-06
 Reference value :  2.70060e-06
 Reference value :  2.70305e-06
 Reference value :  2.70558e-06
 Reference value :  2.70820e-06
 Reference value :  2.71080e-06
 Reference value :  2.71343e-06
 Reference value :  2.71588e-06
 Reference value :  2.71850e-06
 Reference value :  2.72107e-06
 Reference value :  2.72355e-06
 Reference value :  2.72610e-06
 Reference value :  2.72861e-06
 Reference value :  2.73110e-06
 Reference value :  2.73360e-06
 Reference value :  2.73621e-06
 Reference value :  2.73885e-06
 Reference value :  2.74158e-06
 Reference value :  2.74421e-06
 Reference value :  2.74683e-06
 Reference value :  2.74948e-06
 Reference value :  2.75208e-06
 Reference value :  2.75448e-06
 Reference value :  2.75727e-06
 Reference value :  2.76000e-06
 Reference value :  2.76258e-06
 Reference value :  2.76527e-06
 Reference value :  2.76771e-06
 Reference value :  2.77038e-06
 Reference value :  2.77281e-06
 Reference value :  2.77540e-06
 Reference value :  2.77787e-06
 Reference value :  2.78061e-06
 Reference value :  2.78311e-06
 Reference value :  2.78573e-06
 Reference value :  2.78845e-06
 Reference value :  2.79118e-06
 Reference value :  2.79374e-06
 Reference value :  2.79625e-06
 Reference value :  2.79885e-06
 Reference value :  2.80138e-06
 Reference value :  2.80408e-06
 Reference value :  2.80678e-06
 Reference value :  2.80941e-06
 Reference value :  2.81197e-06
 Reference value :  2.81470e-06
 Reference value :  2.81715e-06
 Reference value :  2.81985e-06
 Reference value :  2.82241e-06
 Reference value :  2.82498e-06
 Reference value :  2.82765e-06
 Reference value :  2.83041e-06
 Reference value :  2.83327e-06
 Reference value :  2.83610e-06
 Reference value :  2.83893e-06
 Reference value :  2.84160e-06
 Reference value :  2.84451e-06
 Reference value :  2.84718e-06
 Reference value :  2.85003e-06
 Reference value :  2.85278e-06
 Reference value :  2.85553e-06
 Reference value :  2.85823e-06
 Reference value :  2.86101e-06
 Reference value :  2.86367e-06
 Reference value :  2.86648e-06
 Reference value :  2.86913e-06
 Reference value :  2.87191e-06
 Reference value :  2.87461e-06
 Reference value :  2.87741e-06
 Reference value :  2.88021e-06
 Reference value :  2.88300e-06
 Reference value :  2.88565e-06
 Reference value :  2.88850e-06
 Reference value :  2.89120e-06
 Reference value :  2.89421e-06
 Reference value :  2.89697e-06
 Reference value :  2.89990e-06
 Reference value :  2.90263e-06
 Reference value :  2.90545e-06
 Reference value :  2.90820e-06
 Reference value :  2.91091e-06
 Reference value :  2.91355e-06
 Reference value :  2.91650e-06
 Reference value :  2.91918e-06
 Reference value :  2.92190e-06
 Reference value :  2.92451e-06
 Reference value :  2.92728e-06
 Reference value :  2.93010e-06
 Reference value :  2.93293e-06
 Reference value :  2.93570e-06
 Reference value :  2.93850e-06
 Reference value :  2.94131e-06
 Reference value :  2.94398e-06
 Reference value :  2.94680e-06
 Reference value :  2.94967e-06
 Reference value :  2.95253e-06
 Reference value :  2.95515e-06
 Reference value :  2.95791e-06
 Reference value :  2.96077e-06
 Reference value :  2.96365e-06
 Reference value :  2.96650e-06
 Reference value :  2.96927e-06
 Reference value :  2.97210e-06
 Reference value :  2.97490e-06
 Reference value :  2.97757e-06
 Reference value :  2.98031e-06
 Reference value :  2.98301e-06
 Reference value :  2.98590e-06
 Reference value :  2.98868e-06
 Reference value :  2.99150e-06
 Reference value :  2.99425e-06
 Reference value :  2.99715e-06
 Reference value :  2.99978e-06
 Reference value :  3.00263e-06
 Reference value :  3.00530e-06
 Reference value :  3.00813e-06
 Reference value :  3.01097e-06
 Reference value :  3.01371e-06
 Reference value :  3.01643e-06
 Reference value :  3.01921e-06
 Reference value :  3.02207e-06
 Reference value :  3.02503e-06
 Reference value :  3.02765e-06
 Reference value :  3.03047e-06
 Reference value :  3.03325e-06
 Reference value :  3.03597e-06
 Reference value :  3.03863e-06
 Reference value :  3.04160e-06
 Reference value :  3.04438e-06
 Reference value :  3.04737e-06
 Reference value :  3.05015e-06
 Reference value :  3.05310e-06
 Reference value :  3.05588e-06
 Reference value :  3.05888e-06
 Reference value :  3.06151e-06
 Reference value :  3.06427e-06
 Reference value :  3.06710e-06
 Reference value :  3.06987e-06
 Reference value :  3.07248e-06
 Reference value :  3.07525e-06
 Reference value :  3.07807e-06
 Reference value :  3.08091e-06
 Reference value :  3.08363e-06
 Reference value :  3.08648e-06
 Reference value :  3.08920e-06
 Reference value :  3.09190e-06
 Reference value :  3.09479e-06
 Reference value :  3.09765e-06
 Reference value :  3.10045e-06
 Reference value :  3.10325e-06
 Reference value :  3.10607e-06
 Reference value :  3.10895e-06
 Reference value :  3.11177e-06
 Reference value :  3.11451e-06
 Reference value :  3.11734e-06
 Reference value :  3.12017e-06
 Reference value :  3.12300e-06
 Reference value :  3.12583e-06
 Reference value :  3.12857e-06
 Reference value :  3.13140e-06
 Reference value :  3.13421e-06
 Reference value :  3.13697e-06
 Reference value :  3.13965e-06
 Reference value :  3.14225e-06
 Reference value :  3.14520e-06
 Reference value :  3.14785e-06
 Reference value :  3.15083e-06
 Reference value :  3.15358e-06
 Reference value :  3.15640e-06
 Reference value :  3.15897e-06
 Reference value :  3.16177e-06
 Reference value :  3.16438e-06
 Reference value :  3.16728e-06
 Reference value :  3.16993e-06
 Reference value :  3.17277e-06
 Reference value :  3.17538e-06
 Reference value :  3.17831e-06
 Reference value :  3.18100e-06
 Reference value :  3.18370e-06
 Reference value :  3.18648e-06
 Reference value :  3.18935e-06
 Reference value :  3.19220e-06
 Reference value :  3.19490e-06
 Reference value :  3.19751e-06
 Reference value :  3.20021e-06
 Reference value :  3.20317e-06
 Reference value :  3.20591e-06
 Reference value :  3.20857e-06
 Reference value :  3.21147e-06
 Reference value :  3.21421e-06
 Reference value :  3.21740e-06
 Reference value :  3.22031e-06
 Reference value :  3.22351e-06
 Reference value :  3.22638e-06
 Reference value :  3.22923e-06
 Reference value :  3.23207e-06
 Reference value :  3.23500e-06
 Reference value :  3.23771e-06
 Reference value :  3.24070e-06
 Reference value :  3.24337e-06
 Reference value :  3.24635e-06
 Reference value :  3.24903e-06
 Reference value :  3.25187e-06
 Reference value :  3.25457e-06
 Reference value :  3.25747e-06
 Reference value :  3.26020e-06
 Reference value :  3.26297e-06
 Reference value :  3.26570e-06
 Reference value :  3.26861e-06
 Reference value :  3.27155e-06
 Reference value :  3.27470e-06
 Reference value :  3.27778e-06
 Reference value :  3.28093e-06
 Reference value :  3.28365e-06
 Reference value :  3.28668e-06
 Reference value :  3.28955e-06
 Reference value :  3.29240e-06
 Reference value :  3.29523e-06
 Reference value :  3.29805e-06
No. of Data Rows : 268137
t1a                 =  5.68872e-07
t1b                 =  2.84828e-06
t2a                 =  5.27133e-07
t2b                 =  2.63927e-06
vxhi                =  3.43969e+00 at=  5.27330e-07
vxlo                =  -6.17668e-02 at=  8.90900e-07
bk                  =  -7.48979e-04
bk                  =  3.29919e+00
bk                  =  -7.46065e-04
bk                  =  -7.74799e-04
bk                  =  3.29909e+00
bk                  =  3.29873e+00
bk                  =  -7.70726e-04
bk                  =  3.29890e+00
bk                  =  -7.83945e-04
bk                  =  -7.62754e-04
bk                  =  3.29901e+00
bk                  =  -7.62881e-04
bk                  =  -7.05256e-04
bk                  =  3.29911e+00
bk                  =  -7.57333e-04
bk                  =  -5.83813e-04
bk                  =  3.29922e+00
bk                  =  3.29875e+00
bk                  =  -7.71600e-04
bk                  =  3.29922e+00
bk                  =  3.29875e+00
bk                  =  -7.71049e-04
bk                  =  3.29921e+00
bk                  =  3.29920e+00
bk                  =  -7.57778e-04
bk                  =  -5.76761e-04
bk                  =  3.29921e+00
bk                  =  3.29875e+00
bk                  =  -7.80970e-04
bk                  =  3.29922e+00
bk                  =  3.29873e+00
bk                  =  -7.71443e-04
bk                  =  3.29921e+00
bk                  =  3.29923e+00
bk                  =  -7.58458e-04
bk                  =  -5.76061e-04
bk                  =  3.29914e+00
bk                  =  -7.47686e-04
bk                  =  -6.01107e-04
bk                  =  3.29892e+00
bk                  =  -7.49834e-04
bk                  =  3.29877e+00
bk                  =  3.29880e+00
bk                  =  -7.90124e-04
bk                  =  3.29927e+00
bk                  =  3.29874e+00
bk                  =  -7.69543e-04
bk                  =  3.29920e+00
bk                  =  3.29873e+00
bk                  =  -7.57891e-04
bk                  =  -5.81179e-04
bk                  =  3.29878e+00
bk                  =  -7.45883e-04
bk                  =  -7.85464e-04
bk                  =  3.29923e+00
bk                  =  -7.62133e-04
bk                  =  -7.70792e-04
bk                  =  3.29921e+00
bk                  =  3.29873e+00
bk                  =  -7.57820e-04
bk                  =  -5.74067e-04
bk                  =  3.29874e+00
bk                  =  -7.46685e-04
bk                  =  -7.09035e-04
bk                  =  3.29924e+00
bk                  =  -7.62228e-04
bk                  =  -7.64921e-04
bk                  =  3.29922e+00
bk                  =  3.29873e+00
bk                  =  -7.58080e-04
bk                  =  -5.72157e-04
bk                  =  3.29873e+00
bk                  =  -7.45884e-04
bk                  =  -6.11672e-04
bk                  =  3.29901e+00
bk                  =  -7.62162e-04
bk                  =  -7.58544e-04
bk                  =  3.29921e+00
bk                  =  -7.73641e-04
bk                  =  -7.59461e-04
bk                  =  3.29912e+00
bk                  =  3.29874e+00
bk                  =  -7.46707e-04
bk                  =  3.29895e+00
bk                  =  -7.57868e-04
bk                  =  -7.63196e-04
bk                  =  3.29903e+00
bk                  =  -7.21130e-04
bk                  =  -7.75692e-04
bk                  =  3.29901e+00
bk                  =  -7.61998e-04
bk                  =  -5.94167e-04
bk                  =  3.29923e+00
bk                  =  3.29873e+00
bk                  =  -7.60451e-04
bk                  =  3.29921e+00
bk                  =  3.29875e+00
bk                  =  -7.45960e-04
bk                  =  3.29920e+00
bk                  =  3.29922e+00
bk                  =  -7.62101e-04
bk                  =  -5.83311e-04
bk                  =  3.29921e+00
bk                  =  3.29873e+00
bk                  =  -7.65712e-04
bk                  =  3.29920e+00
bk                  =  3.29873e+00
bk                  =  -7.46282e-04
bk                  =  3.29920e+00
bk                  =  3.29927e+00
bk                  =  -7.62568e-04
bk                  =  -5.82472e-04
bk                  =  3.29916e+00
bk                  =  -7.75437e-04
bk                  =  -5.84132e-04
bk                  =  3.29897e+00
bk                  =  3.29875e+00
bk                  =  3.29880e+00
bk                  =  3.29879e+00
bk                  =  -7.84400e-04
bk                  =  3.29920e+00
bk                  =  3.29875e+00
bk                  =  -7.41259e-04
bk                  =  3.29920e+00
bk                  =  3.29875e+00
bk                  =  -7.62250e-04
bk                  =  -5.88928e-04
bk                  =  3.29878e+00
bk                  =  -7.73925e-04
bk                  =  -7.81153e-04
bk                  =  3.29921e+00
bk                  =  -7.71820e-04
bk                  =  -7.44904e-04
bk                  =  3.29920e+00
bk                  =  3.29875e+00
bk                  =  -7.62151e-04
bk                  =  -5.81489e-04
bk                  =  3.29876e+00
bk                  =  -7.73885e-04
bk                  =  -6.69318e-04
bk                  =  3.29921e+00
bk                  =  -7.71051e-04
bk                  =  -7.38528e-04
bk                  =  3.29920e+00
bk                  =  3.29875e+00
bk                  =  -7.62118e-04
bk                  =  -5.80091e-04
bk                  =  3.29875e+00
bk                  =  -7.73549e-04
bk                  =  -5.92065e-04
bk                  =  3.29889e+00
bk                  =  -7.71085e-04
bk                  =  -7.37214e-04
bk                  =  3.29920e+00
bk                  =  -7.57833e-04
bk                  =  -7.62698e-04
bk                  =  3.29917e+00
bk                  =  3.29875e+00
bk                  =  -7.74713e-04
bk                  =  -6.26877e-04
bk                  =  -7.55389e-04
bk                  =  -7.67541e-04
bk                  =  3.29908e+00
bk                  =  -7.60068e-04
bk                  =  -7.59762e-04
bk                  =  3.29886e+00
bk                  =  -7.72375e-04
bk                  =  -6.05940e-04
bk                  =  3.29921e+00
bk                  =  3.29875e+00
bk                  =  -7.71878e-04
bk                  =  3.29922e+00
bk                  =  3.29875e+00
bk                  =  -7.74098e-04
bk                  =  3.29922e+00
bk                  =  3.29921e+00
bk                  =  -7.71022e-04
bk                  =  -5.60018e-04
bk                  =  3.29920e+00
bk                  =  3.29875e+00
bk                  =  -7.17897e-04
bk                  =  3.29921e+00
bk                  =  3.29874e+00
bk                  =  -7.75064e-04
bk                  =  3.29922e+00
bk                  =  3.29926e+00
bk                  =  -7.71657e-04
bk                  =  -5.59620e-04
bk                  =  3.29917e+00
bk                  =  -7.59272e-04
bk                  =  -5.81527e-04
bk                  =  3.29905e+00
bk                  =  3.29875e+00
bk                  =  3.29879e+00
bk                  =  3.29883e+00
bk                  =  -7.66999e-04
bk                  =  3.29902e+00
bk                  =  3.29877e+00
bk                  =  -7.64753e-04
bk                  =  3.29922e+00
bk                  =  3.29873e+00
bk                  =  -7.71314e-04
bk                  =  -5.64887e-04
bk                  =  3.29874e+00
bk                  =  -7.57841e-04
bk                  =  -7.28786e-04
bk                  =  3.29922e+00
bk                  =  -7.46724e-04
bk                  =  -7.68729e-04
bk                  =  3.29922e+00
bk                  =  3.29873e+00
bk                  =  -7.71087e-04
bk                  =  -5.58950e-04
bk                  =  3.29873e+00
bk                  =  -7.57792e-04
bk                  =  -6.31099e-04
bk                  =  3.29913e+00
bk                  =  -7.46689e-04
bk                  =  -7.60255e-04
bk                  =  3.29922e+00
bk                  =  3.29873e+00
bk                  =  -7.71385e-04
bk                  =  -5.57842e-04
bk                  =  3.29873e+00
bk                  =  -7.57813e-04
bk                  =  -5.85966e-04
bk                  =  3.29880e+00
bk                  =  -7.45922e-04
bk                  =  -7.71797e-04
bk                  =  3.29922e+00
bk                  =  -7.62242e-04
bk                  =  -7.71415e-04
bk                  =  3.29919e+00
bk                  =  3.29873e+00
bk                  =  -7.58809e-04
bk                  =  -6.12296e-04
bk                  =  3.29874e+00
bk                  =  -7.44241e-04
bk                  =  -6.19033e-04
bk                  =  -7.60671e-04
bk                  =  -7.65361e-04
bk                  =  3.29881e+00
bk                  =  -7.44583e-04
bk                  =  -6.97830e-04
bk                  =  3.29918e+00
bk                  =  3.29873e+00
bk                  =  -7.83820e-04
bk                  =  3.29922e+00
bk                  =  3.29873e+00
bk                  =  -7.58038e-04
bk                  =  3.29920e+00
bk                  =  3.29925e+00
bk                  =  -7.45894e-04
bk                  =  -5.83219e-04
bk                  =  3.29922e+00
bk                  =  3.29873e+00
m_period_r1 = 2.8492642500e-09
m_period_r2 = 2.6401655000e-09
m_f_r1 = 3.5096779809e+08
m_f_r2 = 3.7876413429e+08
m_ring1_periods_per_sample = 3.9869941863e+00
m_ring2_periods_per_sample = 4.3027605656e+00
m_tclk_s = 1.1360000000e-08
m_n_samples = 2.5600000000e+02
m_ones_frac = 4.7656250000e-01
m_bit_mean = -4.687500000e-02
m_ones_frac_first128 = 5.0000000000e-01
m_ones_frac_last128 = 4.5312500000e-01
m_worst_rail_dev_v = 1.2740000141e-03
m_xo_swing_v = 3.5014608000e+00
m_r_1 = -2.000000000e-01
m_r_2 = -4.724409449e-01
m_r_3 = 6.1264822134e-01
m_r_4 = 2.3809523810e-02
m_r_6 = 3.3600000000e-01
m_r_8 = -4.919354839e-01
m_r_12 = 4.0983606557e-02
m_r_16 = 1.4166666667e-01
m_bit_code_00 = 9.3940000000e+03
m_bit_code_01 = 2.7867000000e+04
m_bit_code_02 = 4.6739000000e+04
m_bit_code_03 = 9.8010000000e+03
m_bit_code_04 = 9.3690000000e+03
m_bit_code_05 = 4.5643000000e+04
m_bit_code_06 = 1.4029000000e+04
m_bit_code_07 = 3.9801000000e+04
m_bit_code_08 = 3.7476000000e+04
m_bit_code_09 = 1.2873000000e+04
m_bit_code_10 = 5.6100000000e+04
m_bit_code_11 = 3.7740000000e+04
m_bit_code_12 = 1.8871000000e+04
m_bit_code_13 = 3.9206000000e+04
m_bit_code_14 = 4.9000000000e+03
m_bit_code_15 = 5.2658000000e+04
Note: Simulation executed from .control section 

Warning: m=xx on .subckt line will override multiplier m hierarchy!

