
Note: Compatibility modes selected: hs a


Circuit: * sampler-bit-bias-static-integer @ tt_27c_3.30v -- generated by sim/harness, do not edit

Doing analysis at TEMP = 27.000000 and TNOM = 27.000000

Using SPARSE 1.3 as Direct Linear Solver

Initial Transient Solution
--------------------------

Node                                   Voltage
----                                   -------
vsup                                       3.3
en                                         3.3
vddr1                                      3.3
vddr2                                      3.3
vdd                                        3.3
xg1.py                                 1.58325
n11                                          0
g10                                1.24708e-07
xg1.nm                            7.45296e-206
xg1.ny                            6.95739e-206
x11.py                                     3.3
n12                                        3.3
g11                                          0
x11.ny                             2.35462e-08
x12.py                                     3.3
n13                                1.24708e-07
g12                                        3.3
x12.ny                             1.06256e-07
x13.py                                     3.3
n14                                        3.3
g13                                1.24708e-07
x13.ny                             2.35463e-08
x14.py                                     3.3
rn1                                1.24708e-07
g14                                        3.3
x14.ny                             1.06256e-07
xg2.py                                 1.59988
n21                                          0
g20                                1.17147e-07
xg2.nm                            1.54244e-206
xg2.ny                            1.43249e-206
x21.py                                     3.3
n22                                        3.3
g21                                          0
x21.ny                             2.18706e-08
x22.py                                     3.3
n23                                1.17147e-07
g22                                        3.3
x22.ny                              9.8695e-08
x23.py                                     3.3
n24                                        3.3
g23                                1.17147e-07
x23.ny                             2.18707e-08
x24.py                                     3.3
rn2                                1.17147e-07
g24                                        3.3
x24.ny                              9.8695e-08
ro1                                        3.3
ro2                                        3.3
xa1.an                             1.84515e-08
xa1.bn                             1.84515e-08
xa1.mid                               0.783853
xo                                 1.79153e-07
xa1.s1                             8.95767e-08
xa1.s2                             3.77439e-08
xsb.clkb                                   3.3
clk                                          0
xsb.m                              2.15825e-07
xsb.mb                                     3.3
rst_n                                      3.3
xsb.mmid                           1.58497e-09
xsb.mc                             3.68602e-08
xsb.s                                      3.3
raw_bit                            1.84515e-08
xsb.qb                                     3.3
xsb.s2mid                          1.58496e-09
xsr1.clkb                          1.84515e-08
clkm                                       3.3
xsr1.m                             1.18322e-07
xsr1.mb                                    3.3
xsr1.mmid                          1.58497e-09
xsr1.mc                            7.75181e-08
xsr1.s                                     3.3
ring_bit1                          1.84515e-08
xsr1.qb                                    3.3
xsr1.s2mid                         1.58496e-09
xsr2.clkb                          1.84515e-08
xsr2.m                             1.18322e-07
xsr2.mb                                    3.3
xsr2.mmid                          1.58497e-09
xsr2.mc                            7.75181e-08
xsr2.s                                     3.3
ring_bit2                          1.84515e-08
xsr2.qb                                    3.3
xsr2.s2mid                         1.58496e-09
x1                                       -1.65
x2                                       -1.65
xc                                       -1.65
vth                                       1.65
tclkv                                1.136e-08
btclk#branch                                 0
bvth#branch                                  0
bxc#branch                                   0
bx2#branch                                   0
bx1#branch                                   0
vrst#branch                                  0
vclkm#branch                                 0
vclk#branch                                  0
vn24#branch                                  0
vn23#branch                                  0
vn22#branch                                  0
vn21#branch                                  0
vn20#branch                       -2.92076e-24
vn14#branch                                  0
vn13#branch                                  0
vn12#branch                                  0
vn11#branch                                  0
vn10#branch                       -5.01638e-29
vtr#branch                         1.65807e-10
vr2#branch                         9.82234e-06
vr1#branch                          9.2686e-06
ven#branch                                   0
vsup#branch                       -1.90911e-05

 Reference value :  0.00000e+00
 Reference value :  2.90600e-09
 Reference value :  5.67000e-09
 Reference value :  8.45000e-09
 Reference value :  1.11500e-08
 Reference value :  1.39700e-08
 Reference value :  1.68700e-08
 Reference value :  1.96300e-08
 Reference value :  2.25060e-08
 Reference value :  2.53700e-08
 Reference value :  2.81000e-08
 Reference value :  3.08060e-08
 Reference value :  3.34850e-08
 Reference value :  3.62500e-08
 Reference value :  3.90500e-08
 Reference value :  4.18020e-08
 Reference value :  4.46020e-08
 Reference value :  4.74000e-08
 Reference value :  5.01000e-08
 Reference value :  5.28700e-08
 Reference value :  5.56500e-08
 Reference value :  5.85140e-08
 Reference value :  6.13000e-08
 Reference value :  6.40700e-08
 Reference value :  6.69300e-08
 Reference value :  6.96060e-08
 Reference value :  7.25140e-08
 Reference value :  7.53300e-08
 Reference value :  7.80060e-08
 Reference value :  8.07300e-08
 Reference value :  8.35300e-08
 Reference value :  8.63000e-08
 Reference value :  8.89700e-08
 Reference value :  9.17300e-08
 Reference value :  9.45000e-08
 Reference value :  9.72700e-08
 Reference value :  1.00250e-07
 Reference value :  1.03014e-07
 Reference value :  1.05870e-07
 Reference value :  1.08700e-07
 Reference value :  1.11485e-07
 Reference value :  1.14214e-07
 Reference value :  1.16970e-07
 Reference value :  1.19830e-07
 Reference value :  1.22602e-07
 Reference value :  1.25385e-07
 Reference value :  1.28170e-07
 Reference value :  1.31050e-07
 Reference value :  1.33902e-07
 Reference value :  1.36685e-07
 Reference value :  1.39470e-07
 Reference value :  1.42130e-07
 Reference value :  1.45030e-07
 Reference value :  1.47900e-07
 Reference value :  1.50670e-07
 Reference value :  1.53300e-07
 Reference value :  1.55930e-07
 Reference value :  1.58730e-07
 Reference value :  1.61500e-07
 Reference value :  1.64300e-07
 Reference value :  1.67150e-07
 Reference value :  1.69830e-07
 Reference value :  1.72650e-07
 Reference value :  1.75400e-07
 Reference value :  1.78230e-07
 Reference value :  1.81250e-07
 Reference value :  1.84102e-07
 Reference value :  1.86870e-07
 Reference value :  1.89850e-07
 Reference value :  1.92570e-07
 Reference value :  1.95514e-07
 Reference value :  1.98400e-07
 Reference value :  2.01270e-07
 Reference value :  2.04100e-07
 Reference value :  2.06870e-07
 Reference value :  2.09585e-07
 Reference value :  2.12414e-07
 Reference value :  2.15170e-07
 Reference value :  2.18170e-07
 Reference value :  2.20900e-07
 Reference value :  2.23630e-07
 Reference value :  2.26350e-07
 Reference value :  2.28985e-07
 Reference value :  2.31750e-07
 Reference value :  2.34414e-07
 Reference value :  2.37185e-07
 Reference value :  2.39985e-07
 Reference value :  2.42630e-07
 Reference value :  2.45350e-07
 Reference value :  2.48030e-07
 Reference value :  2.50802e-07
 Reference value :  2.53802e-07
 Reference value :  2.56606e-07
 Reference value :  2.59306e-07
 Reference value :  2.62002e-07
 Reference value :  2.64702e-07
 Reference value :  2.67570e-07
 Reference value :  2.70270e-07
 Reference value :  2.72930e-07
 Reference value :  2.75770e-07
 Reference value :  2.78400e-07
 Reference value :  2.81130e-07
 Reference value :  2.83702e-07
 Reference value :  2.86306e-07
 Reference value :  2.89085e-07
 Reference value :  2.91806e-07
 Reference value :  2.94400e-07
 Reference value :  2.97000e-07
 Reference value :  2.99702e-07
 Reference value :  3.02270e-07
 Reference value :  3.05085e-07
 Reference value :  3.07714e-07
 Reference value :  3.10370e-07
 Reference value :  3.13106e-07
 Reference value :  3.15885e-07
 Reference value :  3.18502e-07
 Reference value :  3.21314e-07
 Reference value :  3.24085e-07
 Reference value :  3.26985e-07
 Reference value :  3.29606e-07
 Reference value :  3.32350e-07
 Reference value :  3.34970e-07
 Reference value :  3.37806e-07
 Reference value :  3.40585e-07
 Reference value :  3.43430e-07
 Reference value :  3.46214e-07
 Reference value :  3.49100e-07
 Reference value :  3.51785e-07
 Reference value :  3.54550e-07
 Reference value :  3.57250e-07
 Reference value :  3.60250e-07
 Reference value :  3.64185e-07
 Reference value :  3.66900e-07
 Reference value :  3.69714e-07
 Reference value :  3.72470e-07
 Reference value :  3.75185e-07
 Reference value :  3.77902e-07
 Reference value :  3.80606e-07
 Reference value :  3.83485e-07
 Reference value :  3.86070e-07
 Reference value :  3.88770e-07
 Reference value :  3.91470e-07
 Reference value :  3.94370e-07
 Reference value :  3.97130e-07
 Reference value :  3.99814e-07
 Reference value :  4.02476e-07
 Reference value :  4.06350e-07
 Reference value :  4.09902e-07
 Reference value :  4.13450e-07
 Reference value :  4.16185e-07
 Reference value :  4.19308e-07
 Reference value :  4.22730e-07
 Reference value :  4.25402e-07
 Reference value :  4.28530e-07
 Reference value :  4.32285e-07
 Reference value :  4.35214e-07
 Reference value :  4.37950e-07
 Reference value :  4.40906e-07
 Reference value :  4.43570e-07
 Reference value :  4.46385e-07
 Reference value :  4.49085e-07
 Reference value :  4.51906e-07
 Reference value :  4.54806e-07
 Reference value :  4.57606e-07
 Reference value :  4.60300e-07
 Reference value :  4.63102e-07
 Reference value :  4.65850e-07
 Reference value :  4.68806e-07
 Reference value :  4.71570e-07
 Reference value :  4.74402e-07
 Reference value :  4.77085e-07
 Reference value :  4.79885e-07
 Reference value :  4.82506e-07
 Reference value :  4.85330e-07
 Reference value :  4.88014e-07
 Reference value :  4.90750e-07
 Reference value :  4.93530e-07
 Reference value :  4.96330e-07
 Reference value :  4.99052e-07
 Reference value :  5.01830e-07
 Reference value :  5.04614e-07
 Reference value :  5.07402e-07
 Reference value :  5.10206e-07
 Reference value :  5.13014e-07
 Reference value :  5.15843e-07
 Reference value :  5.18550e-07
 Reference value :  5.21402e-07
 Reference value :  5.24170e-07
 Reference value :  5.27204e-07
 Reference value :  5.29930e-07
 Reference value :  5.32785e-07
 Reference value :  5.35400e-07
 Reference value :  5.38214e-07
 Reference value :  5.41102e-07
 Reference value :  5.43902e-07
 Reference value :  5.46614e-07
 Reference value :  5.49385e-07
 Reference value :  5.52070e-07
 Reference value :  5.54914e-07
 Reference value :  5.57700e-07
 Reference value :  5.60550e-07
 Reference value :  5.63370e-07
 Reference value :  5.66085e-07
 Reference value :  5.68750e-07
 Reference value :  5.71730e-07
 Reference value :  5.74600e-07
 Reference value :  5.77450e-07
 Reference value :  5.80206e-07
 Reference value :  5.82950e-07
 Reference value :  5.85570e-07
 Reference value :  5.88402e-07
 Reference value :  5.91150e-07
 Reference value :  5.93914e-07
 Reference value :  5.96550e-07
 Reference value :  5.99500e-07
 Reference value :  6.02214e-07
 Reference value :  6.05014e-07
 Reference value :  6.07850e-07
 Reference value :  6.10706e-07
 Reference value :  6.13570e-07
 Reference value :  6.16270e-07
 Reference value :  6.18906e-07
 Reference value :  6.21650e-07
 Reference value :  6.24330e-07
 Reference value :  6.27102e-07
 Reference value :  6.29902e-07
 Reference value :  6.32800e-07
 Reference value :  6.35585e-07
 Reference value :  6.38406e-07
 Reference value :  6.41102e-07
 Reference value :  6.44014e-07
 Reference value :  6.46700e-07
 Reference value :  6.49550e-07
 Reference value :  6.52306e-07
 Reference value :  6.55170e-07
 Reference value :  6.57950e-07
 Reference value :  6.60670e-07
 Reference value :  6.63385e-07
 Reference value :  6.66100e-07
 Reference value :  6.69030e-07
 Reference value :  6.71630e-07
 Reference value :  6.74370e-07
 Reference value :  6.77302e-07
 Reference value :  6.80206e-07
 Reference value :  6.82985e-07
 Reference value :  6.85814e-07
 Reference value :  6.88530e-07
 Reference value :  6.91450e-07
 Reference value :  6.94170e-07
 Reference value :  6.96930e-07
 Reference value :  6.99706e-07
 Reference value :  7.02600e-07
 Reference value :  7.05450e-07
 Reference value :  7.08285e-07
 Reference value :  7.10970e-07
 Reference value :  7.13806e-07
 Reference value :  7.16606e-07
 Reference value :  7.19414e-07
 Reference value :  7.22250e-07
 Reference value :  7.25050e-07
 Reference value :  7.27814e-07
 Reference value :  7.30902e-07
 Reference value :  7.33600e-07
 Reference value :  7.36370e-07
 Reference value :  7.39006e-07
 Reference value :  7.41802e-07
 Reference value :  7.44430e-07
 Reference value :  7.47385e-07
 Reference value :  7.50150e-07
 Reference value :  7.52850e-07
 Reference value :  7.55602e-07
 Reference value :  7.58500e-07
 Reference value :  7.61250e-07
 Reference value :  7.64050e-07
 Reference value :  7.66670e-07
 Reference value :  7.69414e-07
 Reference value :  7.72170e-07
 Reference value :  7.75000e-07
 Reference value :  7.77630e-07
 Reference value :  7.80700e-07
 Reference value :  7.83500e-07
 Reference value :  7.86430e-07
 Reference value :  7.89250e-07
 Reference value :  7.92585e-07
 Reference value :  7.96250e-07
 Reference value :  7.99785e-07
 Reference value :  8.03385e-07
 Reference value :  8.06600e-07
 Reference value :  8.09402e-07
 Reference value :  8.12100e-07
 Reference value :  8.14814e-07
 Reference value :  8.17585e-07
 Reference value :  8.20330e-07
 Reference value :  8.23106e-07
 Reference value :  8.26100e-07
 Reference value :  8.29114e-07
 Reference value :  8.32006e-07
 Reference value :  8.34750e-07
 Reference value :  8.37685e-07
 Reference value :  8.40602e-07
 Reference value :  8.43714e-07
 Reference value :  8.46670e-07
 Reference value :  8.49530e-07
 Reference value :  8.52230e-07
 Reference value :  8.54850e-07
 Reference value :  8.57470e-07
 Reference value :  8.60270e-07
 Reference value :  8.63130e-07
 Reference value :  8.66000e-07
 Reference value :  8.69100e-07
 Reference value :  8.73685e-07
 Reference value :  8.77850e-07
 Reference value :  8.80600e-07
 Reference value :  8.83485e-07
 Reference value :  8.86300e-07
 Reference value :  8.88970e-07
 Reference value :  8.91685e-07
 Reference value :  8.94502e-07
 Reference value :  8.97170e-07
 Reference value :  9.00285e-07
 Reference value :  9.03300e-07
 Reference value :  9.06330e-07
 Reference value :  9.09270e-07
 Reference value :  9.12114e-07
 Reference value :  9.14830e-07
 Reference value :  9.17885e-07
 Reference value :  9.20685e-07
 Reference value :  9.23414e-07
 Reference value :  9.26030e-07
 Reference value :  9.29070e-07
 Reference value :  9.31702e-07
 Reference value :  9.34485e-07
 Reference value :  9.37300e-07
 Reference value :  9.40100e-07
 Reference value :  9.42800e-07
 Reference value :  9.45450e-07
 Reference value :  9.48206e-07
 Reference value :  9.51150e-07
 Reference value :  9.53806e-07
 Reference value :  9.56806e-07
 Reference value :  9.59600e-07
 Reference value :  9.62450e-07
 Reference value :  9.65214e-07
 Reference value :  9.67930e-07
 Reference value :  9.70670e-07
 Reference value :  9.73550e-07
 Reference value :  9.76250e-07
 Reference value :  9.79030e-07
 Reference value :  9.81750e-07
 Reference value :  9.84450e-07
 Reference value :  9.87430e-07
 Reference value :  9.90206e-07
 Reference value :  9.93014e-07
 Reference value :  9.95802e-07
 Reference value :  9.98657e-07
 Reference value :  1.00121e-06
 Reference value :  1.00401e-06
 Reference value :  1.00685e-06
 Reference value :  1.00975e-06
 Reference value :  1.01230e-06
 Reference value :  1.01501e-06
 Reference value :  1.01777e-06
 Reference value :  1.02058e-06
 Reference value :  1.02335e-06
 Reference value :  1.02607e-06
 Reference value :  1.02885e-06
 Reference value :  1.03165e-06
 Reference value :  1.03430e-06
 Reference value :  1.03703e-06
 Reference value :  1.03968e-06
 Reference value :  1.04255e-06
 Reference value :  1.04548e-06
 Reference value :  1.04831e-06
 Reference value :  1.05103e-06
 Reference value :  1.05391e-06
 Reference value :  1.05663e-06
 Reference value :  1.05943e-06
 Reference value :  1.06221e-06
 Reference value :  1.06498e-06
 Reference value :  1.06770e-06
 Reference value :  1.07041e-06
 Reference value :  1.07293e-06
 Reference value :  1.07575e-06
 Reference value :  1.07847e-06
 Reference value :  1.08138e-06
 Reference value :  1.08411e-06
 Reference value :  1.08695e-06
 Reference value :  1.08970e-06
 Reference value :  1.09245e-06
 Reference value :  1.09525e-06
 Reference value :  1.09791e-06
 Reference value :  1.10081e-06
 Reference value :  1.10347e-06
 Reference value :  1.10627e-06
 Reference value :  1.10898e-06
 Reference value :  1.11170e-06
 Reference value :  1.11437e-06
 Reference value :  1.11728e-06
 Reference value :  1.11998e-06
 Reference value :  1.12283e-06
 Reference value :  1.12538e-06
 Reference value :  1.12815e-06
 Reference value :  1.13100e-06
 Reference value :  1.13385e-06
 Reference value :  1.13648e-06
 Reference value :  1.13930e-06
 Reference value :  1.14200e-06
 Reference value :  1.14488e-06
 Reference value :  1.14753e-06
 Reference value :  1.15037e-06
 Reference value :  1.15305e-06
 Reference value :  1.15577e-06
 Reference value :  1.15843e-06
 Reference value :  1.16121e-06
 Reference value :  1.16388e-06
 Reference value :  1.16680e-06
 Reference value :  1.16951e-06
 Reference value :  1.17237e-06
 Reference value :  1.17498e-06
 Reference value :  1.17781e-06
 Reference value :  1.18062e-06
 Reference value :  1.18343e-06
 Reference value :  1.18618e-06
 Reference value :  1.18907e-06
 Reference value :  1.19199e-06
 Reference value :  1.19478e-06
 Reference value :  1.19766e-06
 Reference value :  1.20047e-06
 Reference value :  1.20328e-06
 Reference value :  1.20611e-06
 Reference value :  1.20882e-06
 Reference value :  1.21158e-06
 Reference value :  1.21438e-06
 Reference value :  1.21710e-06
 Reference value :  1.21991e-06
 Reference value :  1.22280e-06
 Reference value :  1.22563e-06
 Reference value :  1.22831e-06
 Reference value :  1.23115e-06
 Reference value :  1.23405e-06
 Reference value :  1.23688e-06
 Reference value :  1.23960e-06
 Reference value :  1.24240e-06
 Reference value :  1.24511e-06
 Reference value :  1.24791e-06
 Reference value :  1.25058e-06
 Reference value :  1.25327e-06
 Reference value :  1.25595e-06
 Reference value :  1.25877e-06
 Reference value :  1.26150e-06
 Reference value :  1.26427e-06
 Reference value :  1.26765e-06
 Reference value :  1.27038e-06
 Reference value :  1.27303e-06
 Reference value :  1.27591e-06
 Reference value :  1.27858e-06
 Reference value :  1.28140e-06
 Reference value :  1.28400e-06
 Reference value :  1.28670e-06
 Reference value :  1.28917e-06
 Reference value :  1.29205e-06
 Reference value :  1.29455e-06
 Reference value :  1.29750e-06
 Reference value :  1.30031e-06
 Reference value :  1.30301e-06
 Reference value :  1.30590e-06
 Reference value :  1.30831e-06
 Reference value :  1.31125e-06
 Reference value :  1.31410e-06
 Reference value :  1.31665e-06
 Reference value :  1.32055e-06
 Reference value :  1.32475e-06
 Reference value :  1.32917e-06
 Reference value :  1.33371e-06
 Reference value :  1.33830e-06
 Reference value :  1.34281e-06
 Reference value :  1.34691e-06
 Reference value :  1.35175e-06
 Reference value :  1.35520e-06
 Reference value :  1.35785e-06
 Reference value :  1.36125e-06
 Reference value :  1.36508e-06
 Reference value :  1.36943e-06
 Reference value :  1.37365e-06
 Reference value :  1.37777e-06
 Reference value :  1.38190e-06
 Reference value :  1.38608e-06
 Reference value :  1.39056e-06
 Reference value :  1.39493e-06
 Reference value :  1.39907e-06
 Reference value :  1.40370e-06
 Reference value :  1.40801e-06
 Reference value :  1.41228e-06
 Reference value :  1.41670e-06
 Reference value :  1.42093e-06
 Reference value :  1.42570e-06
 Reference value :  1.43011e-06
 Reference value :  1.43445e-06
 Reference value :  1.43860e-06
 Reference value :  1.44311e-06
 Reference value :  1.44777e-06
 Reference value :  1.45161e-06
 Reference value :  1.45580e-06
 Reference value :  1.45981e-06
 Reference value :  1.46440e-06
 Reference value :  1.46890e-06
 Reference value :  1.47361e-06
 Reference value :  1.47685e-06
 Reference value :  1.47951e-06
 Reference value :  1.48211e-06
 Reference value :  1.48488e-06
 Reference value :  1.48735e-06
 Reference value :  1.49001e-06
 Reference value :  1.49253e-06
 Reference value :  1.49501e-06
 Reference value :  1.49760e-06
 Reference value :  1.50020e-06
 Reference value :  1.50271e-06
 Reference value :  1.50525e-06
 Reference value :  1.50788e-06
 Reference value :  1.51061e-06
 Reference value :  1.51331e-06
 Reference value :  1.51591e-06
 Reference value :  1.51863e-06
 Reference value :  1.52121e-06
 Reference value :  1.52370e-06
 Reference value :  1.52641e-06
 Reference value :  1.52910e-06
 Reference value :  1.53193e-06
 Reference value :  1.53451e-06
 Reference value :  1.53725e-06
 Reference value :  1.53978e-06
 Reference value :  1.54248e-06
 Reference value :  1.54500e-06
 Reference value :  1.54773e-06
 Reference value :  1.55028e-06
 Reference value :  1.55290e-06
 Reference value :  1.55550e-06
 Reference value :  1.55805e-06
 Reference value :  1.56061e-06
 Reference value :  1.56323e-06
 Reference value :  1.56590e-06
 Reference value :  1.56853e-06
 Reference value :  1.57123e-06
 Reference value :  1.57387e-06
 Reference value :  1.57668e-06
 Reference value :  1.57930e-06
 Reference value :  1.58187e-06
 Reference value :  1.58453e-06
 Reference value :  1.58720e-06
 Reference value :  1.58973e-06
 Reference value :  1.59260e-06
 Reference value :  1.59521e-06
 Reference value :  1.59785e-06
 Reference value :  1.60065e-06
 Reference value :  1.60321e-06
 Reference value :  1.60600e-06
 Reference value :  1.60841e-06
 Reference value :  1.61115e-06
 Reference value :  1.61353e-06
 Reference value :  1.61608e-06
 Reference value :  1.61867e-06
 Reference value :  1.62131e-06
 Reference value :  1.62387e-06
 Reference value :  1.62648e-06
 Reference value :  1.62895e-06
 Reference value :  1.63147e-06
 Reference value :  1.63420e-06
 Reference value :  1.63667e-06
 Reference value :  1.63927e-06
 Reference value :  1.64180e-06
 Reference value :  1.64445e-06
 Reference value :  1.64685e-06
 Reference value :  1.64935e-06
 Reference value :  1.65183e-06
 Reference value :  1.65438e-06
 Reference value :  1.65708e-06
 Reference value :  1.65957e-06
 Reference value :  1.66203e-06
 Reference value :  1.66448e-06
 Reference value :  1.66710e-06
 Reference value :  1.66957e-06
 Reference value :  1.67233e-06
 Reference value :  1.67487e-06
 Reference value :  1.67750e-06
 Reference value :  1.68021e-06
 Reference value :  1.68281e-06
 Reference value :  1.68541e-06
 Reference value :  1.68788e-06
 Reference value :  1.69051e-06
 Reference value :  1.69317e-06
 Reference value :  1.69578e-06
 Reference value :  1.69821e-06
 Reference value :  1.70075e-06
 Reference value :  1.70328e-06
 Reference value :  1.70587e-06
 Reference value :  1.70850e-06
 Reference value :  1.71091e-06
 Reference value :  1.71350e-06
 Reference value :  1.71593e-06
 Reference value :  1.71860e-06
 Reference value :  1.72121e-06
 Reference value :  1.72385e-06
 Reference value :  1.72671e-06
 Reference value :  1.72950e-06
 Reference value :  1.73198e-06
 Reference value :  1.73458e-06
 Reference value :  1.73715e-06
 Reference value :  1.73988e-06
 Reference value :  1.74253e-06
 Reference value :  1.74501e-06
 Reference value :  1.74771e-06
 Reference value :  1.75041e-06
 Reference value :  1.75307e-06
 Reference value :  1.75557e-06
 Reference value :  1.75840e-06
 Reference value :  1.76121e-06
 Reference value :  1.76401e-06
 Reference value :  1.76701e-06
 Reference value :  1.76970e-06
 Reference value :  1.77211e-06
 Reference value :  1.77467e-06
 Reference value :  1.77707e-06
 Reference value :  1.78000e-06
 Reference value :  1.78261e-06
 Reference value :  1.78530e-06
 Reference value :  1.78793e-06
 Reference value :  1.79050e-06
 Reference value :  1.79310e-06
 Reference value :  1.79581e-06
 Reference value :  1.79843e-06
 Reference value :  1.80115e-06
 Reference value :  1.80413e-06
 Reference value :  1.80658e-06
 Reference value :  1.80911e-06
 Reference value :  1.81151e-06
 Reference value :  1.81413e-06
 Reference value :  1.81679e-06
 Reference value :  1.81947e-06
 Reference value :  1.82213e-06
 Reference value :  1.82461e-06
 Reference value :  1.82723e-06
 Reference value :  1.82975e-06
 Reference value :  1.83231e-06
 Reference value :  1.83478e-06
 Reference value :  1.83745e-06
 Reference value :  1.83991e-06
 Reference value :  1.84243e-06
 Reference value :  1.84500e-06
 Reference value :  1.84750e-06
 Reference value :  1.85017e-06
 Reference value :  1.85267e-06
 Reference value :  1.85531e-06
 Reference value :  1.85778e-06
 Reference value :  1.86040e-06
 Reference value :  1.86288e-06
 Reference value :  1.86547e-06
 Reference value :  1.86793e-06
 Reference value :  1.87053e-06
 Reference value :  1.87320e-06
 Reference value :  1.87560e-06
 Reference value :  1.87821e-06
 Reference value :  1.88073e-06
 Reference value :  1.88321e-06
 Reference value :  1.88575e-06
 Reference value :  1.88833e-06
 Reference value :  1.89080e-06
 Reference value :  1.89338e-06
 Reference value :  1.89593e-06
 Reference value :  1.89845e-06
 Reference value :  1.90100e-06
 Reference value :  1.90350e-06
 Reference value :  1.90628e-06
 Reference value :  1.90895e-06
 Reference value :  1.91153e-06
 Reference value :  1.91400e-06
 Reference value :  1.91660e-06
 Reference value :  1.91902e-06
 Reference value :  1.92175e-06
 Reference value :  1.92431e-06
 Reference value :  1.92683e-06
 Reference value :  1.92953e-06
 Reference value :  1.93203e-06
 Reference value :  1.93450e-06
 Reference value :  1.93708e-06
 Reference value :  1.93971e-06
 Reference value :  1.94230e-06
 Reference value :  1.94498e-06
 Reference value :  1.94750e-06
 Reference value :  1.95010e-06
 Reference value :  1.95268e-06
 Reference value :  1.95515e-06
 Reference value :  1.95765e-06
 Reference value :  1.96005e-06
 Reference value :  1.96261e-06
 Reference value :  1.96515e-06
 Reference value :  1.96768e-06
 Reference value :  1.97013e-06
 Reference value :  1.97270e-06
 Reference value :  1.97533e-06
 Reference value :  1.97777e-06
 Reference value :  1.98051e-06
 Reference value :  1.98308e-06
 Reference value :  1.98580e-06
 Reference value :  1.98840e-06
 Reference value :  1.99090e-06
 Reference value :  1.99347e-06
 Reference value :  1.99601e-06
 Reference value :  1.99865e-06
 Reference value :  2.00121e-06
 Reference value :  2.00381e-06
 Reference value :  2.00630e-06
 Reference value :  2.00920e-06
 Reference value :  2.01171e-06
 Reference value :  2.01437e-06
 Reference value :  2.01701e-06
 Reference value :  2.01971e-06
 Reference value :  2.02221e-06
 Reference value :  2.02481e-06
 Reference value :  2.02738e-06
 Reference value :  2.03001e-06
 Reference value :  2.03260e-06
 Reference value :  2.03507e-06
 Reference value :  2.03755e-06
 Reference value :  2.04010e-06
 Reference value :  2.04271e-06
 Reference value :  2.04531e-06
 Reference value :  2.04803e-06
 Reference value :  2.05070e-06
 Reference value :  2.05347e-06
 Reference value :  2.05613e-06
 Reference value :  2.05860e-06
 Reference value :  2.06101e-06
 Reference value :  2.06353e-06
 Reference value :  2.06625e-06
 Reference value :  2.06870e-06
 Reference value :  2.07118e-06
 Reference value :  2.07377e-06
 Reference value :  2.07660e-06
 Reference value :  2.07937e-06
 Reference value :  2.08208e-06
 Reference value :  2.08451e-06
 Reference value :  2.08717e-06
 Reference value :  2.08958e-06
 Reference value :  2.09210e-06
 Reference value :  2.09471e-06
 Reference value :  2.09725e-06
 Reference value :  2.09985e-06
 Reference value :  2.10240e-06
 Reference value :  2.10500e-06
 Reference value :  2.10770e-06
 Reference value :  2.11041e-06
 Reference value :  2.11300e-06
 Reference value :  2.11568e-06
 Reference value :  2.11841e-06
 Reference value :  2.12117e-06
 Reference value :  2.12380e-06
 Reference value :  2.12637e-06
 Reference value :  2.12888e-06
 Reference value :  2.13141e-06
 Reference value :  2.13418e-06
 Reference value :  2.13698e-06
 Reference value :  2.13975e-06
 Reference value :  2.14223e-06
 Reference value :  2.14490e-06
 Reference value :  2.14741e-06
 Reference value :  2.14990e-06
 Reference value :  2.15243e-06
 Reference value :  2.15520e-06
 Reference value :  2.15780e-06
 Reference value :  2.16063e-06
 Reference value :  2.16325e-06
 Reference value :  2.16600e-06
 Reference value :  2.16878e-06
 Reference value :  2.17131e-06
 Reference value :  2.17398e-06
 Reference value :  2.17655e-06
 Reference value :  2.17920e-06
 Reference value :  2.18170e-06
 Reference value :  2.18415e-06
 Reference value :  2.18671e-06
 Reference value :  2.18933e-06
 Reference value :  2.19183e-06
 Reference value :  2.19451e-06
 Reference value :  2.19720e-06
 Reference value :  2.19991e-06
 Reference value :  2.20261e-06
 Reference value :  2.20503e-06
 Reference value :  2.20763e-06
 Reference value :  2.21023e-06
 Reference value :  2.21285e-06
 Reference value :  2.21531e-06
 Reference value :  2.21800e-06
 Reference value :  2.22060e-06
 Reference value :  2.22333e-06
 Reference value :  2.22583e-06
 Reference value :  2.22855e-06
 Reference value :  2.23131e-06
 Reference value :  2.23387e-06
 Reference value :  2.23650e-06
 Reference value :  2.23918e-06
 Reference value :  2.24177e-06
 Reference value :  2.24423e-06
 Reference value :  2.24688e-06
 Reference value :  2.24951e-06
 Reference value :  2.25215e-06
 Reference value :  2.25467e-06
 Reference value :  2.25730e-06
 Reference value :  2.25981e-06
 Reference value :  2.26223e-06
 Reference value :  2.26491e-06
 Reference value :  2.26743e-06
 Reference value :  2.27003e-06
 Reference value :  2.27248e-06
 Reference value :  2.27497e-06
 Reference value :  2.27727e-06
 Reference value :  2.27995e-06
 Reference value :  2.28271e-06
 Reference value :  2.28550e-06
 Reference value :  2.28795e-06
 Reference value :  2.29041e-06
 Reference value :  2.29321e-06
 Reference value :  2.29570e-06
 Reference value :  2.29840e-06
 Reference value :  2.30088e-06
 Reference value :  2.30357e-06
 Reference value :  2.30615e-06
 Reference value :  2.30868e-06
 Reference value :  2.31121e-06
 Reference value :  2.31380e-06
 Reference value :  2.31645e-06
 Reference value :  2.31893e-06
 Reference value :  2.32153e-06
 Reference value :  2.32408e-06
 Reference value :  2.32663e-06
 Reference value :  2.32917e-06
 Reference value :  2.33170e-06
 Reference value :  2.33410e-06
 Reference value :  2.33661e-06
 Reference value :  2.33933e-06
 Reference value :  2.34230e-06
 Reference value :  2.34482e-06
 Reference value :  2.34738e-06
 Reference value :  2.34993e-06
 Reference value :  2.35227e-06
 Reference value :  2.35500e-06
 Reference value :  2.35755e-06
 Reference value :  2.36021e-06
 Reference value :  2.36275e-06
 Reference value :  2.36540e-06
 Reference value :  2.36791e-06
 Reference value :  2.37047e-06
 Reference value :  2.37297e-06
 Reference value :  2.37553e-06
 Reference value :  2.37817e-06
 Reference value :  2.38070e-06
 Reference value :  2.38330e-06
 Reference value :  2.38588e-06
 Reference value :  2.38850e-06
 Reference value :  2.39103e-06
 Reference value :  2.39368e-06
 Reference value :  2.39615e-06
 Reference value :  2.39881e-06
 Reference value :  2.40140e-06
 Reference value :  2.40410e-06
 Reference value :  2.40711e-06
 Reference value :  2.40980e-06
 Reference value :  2.41267e-06
 Reference value :  2.41531e-06
 Reference value :  2.41800e-06
 Reference value :  2.42050e-06
 Reference value :  2.42310e-06
 Reference value :  2.42570e-06
 Reference value :  2.42840e-06
 Reference value :  2.43143e-06
 Reference value :  2.43423e-06
 Reference value :  2.43698e-06
 Reference value :  2.43980e-06
 Reference value :  2.44247e-06
 Reference value :  2.44510e-06
 Reference value :  2.44780e-06
 Reference value :  2.45068e-06
 Reference value :  2.45341e-06
 Reference value :  2.45601e-06
 Reference value :  2.45843e-06
 Reference value :  2.46091e-06
 Reference value :  2.46350e-06
 Reference value :  2.46598e-06
 Reference value :  2.46893e-06
 Reference value :  2.47143e-06
 Reference value :  2.47421e-06
 Reference value :  2.47677e-06
 Reference value :  2.47937e-06
 Reference value :  2.48190e-06
 Reference value :  2.48463e-06
 Reference value :  2.48748e-06
 Reference value :  2.49040e-06
 Reference value :  2.49297e-06
 Reference value :  2.49561e-06
 Reference value :  2.49821e-06
 Reference value :  2.50073e-06
 Reference value :  2.50340e-06
 Reference value :  2.50597e-06
 Reference value :  2.50847e-06
 Reference value :  2.51101e-06
 Reference value :  2.51370e-06
 Reference value :  2.51600e-06
 Reference value :  2.51861e-06
 Reference value :  2.52130e-06
 Reference value :  2.52381e-06
 Reference value :  2.52637e-06
 Reference value :  2.52897e-06
 Reference value :  2.53158e-06
 Reference value :  2.53407e-06
 Reference value :  2.53681e-06
 Reference value :  2.53960e-06
 Reference value :  2.54251e-06
 Reference value :  2.54550e-06
 Reference value :  2.54807e-06
 Reference value :  2.55058e-06
 Reference value :  2.55320e-06
 Reference value :  2.55590e-06
 Reference value :  2.55838e-06
 Reference value :  2.56090e-06
 Reference value :  2.56338e-06
 Reference value :  2.56605e-06
 Reference value :  2.56850e-06
 Reference value :  2.57113e-06
 Reference value :  2.57357e-06
 Reference value :  2.57621e-06
 Reference value :  2.57873e-06
 Reference value :  2.58131e-06
 Reference value :  2.58390e-06
 Reference value :  2.58640e-06
 Reference value :  2.58900e-06
 Reference value :  2.59150e-06
 Reference value :  2.59455e-06
 Reference value :  2.59717e-06
 Reference value :  2.59993e-06
 Reference value :  2.60240e-06
 Reference value :  2.60491e-06
 Reference value :  2.60737e-06
 Reference value :  2.60990e-06
 Reference value :  2.61248e-06
 Reference value :  2.61508e-06
 Reference value :  2.61761e-06
 Reference value :  2.62031e-06
 Reference value :  2.62300e-06
 Reference value :  2.62555e-06
 Reference value :  2.62828e-06
 Reference value :  2.63071e-06
 Reference value :  2.63328e-06
 Reference value :  2.63585e-06
 Reference value :  2.63841e-06
 Reference value :  2.64093e-06
 Reference value :  2.64361e-06
 Reference value :  2.64609e-06
 Reference value :  2.64861e-06
 Reference value :  2.65118e-06
 Reference value :  2.65371e-06
 Reference value :  2.65640e-06
 Reference value :  2.65883e-06
 Reference value :  2.66208e-06
 Reference value :  2.66477e-06
 Reference value :  2.66738e-06
 Reference value :  2.67021e-06
 Reference value :  2.67281e-06
 Reference value :  2.67528e-06
 Reference value :  2.67795e-06
 Reference value :  2.68053e-06
 Reference value :  2.68323e-06
 Reference value :  2.68581e-06
 Reference value :  2.68840e-06
 Reference value :  2.69111e-06
 Reference value :  2.69355e-06
 Reference value :  2.69611e-06
 Reference value :  2.69873e-06
 Reference value :  2.70130e-06
 Reference value :  2.70380e-06
 Reference value :  2.70630e-06
 Reference value :  2.70878e-06
 Reference value :  2.71140e-06
 Reference value :  2.71400e-06
 Reference value :  2.71655e-06
 Reference value :  2.71913e-06
 Reference value :  2.72170e-06
 Reference value :  2.72430e-06
 Reference value :  2.72688e-06
 Reference value :  2.72953e-06
 Reference value :  2.73193e-06
 Reference value :  2.73480e-06
 Reference value :  2.73750e-06
 Reference value :  2.74030e-06
 Reference value :  2.74271e-06
 Reference value :  2.74533e-06
 Reference value :  2.74800e-06
 Reference value :  2.75051e-06
 Reference value :  2.75305e-06
 Reference value :  2.75573e-06
 Reference value :  2.75860e-06
 Reference value :  2.76120e-06
 Reference value :  2.76388e-06
 Reference value :  2.76638e-06
 Reference value :  2.76901e-06
 Reference value :  2.77151e-06
 Reference value :  2.77418e-06
 Reference value :  2.77661e-06
 Reference value :  2.77941e-06
 Reference value :  2.78201e-06
 Reference value :  2.78458e-06
 Reference value :  2.78727e-06
 Reference value :  2.78990e-06
 Reference value :  2.79248e-06
 Reference value :  2.79493e-06
 Reference value :  2.79761e-06
 Reference value :  2.80025e-06
 Reference value :  2.80301e-06
 Reference value :  2.80567e-06
 Reference value :  2.80831e-06
 Reference value :  2.81078e-06
 Reference value :  2.81330e-06
 Reference value :  2.81601e-06
 Reference value :  2.81851e-06
 Reference value :  2.82111e-06
 Reference value :  2.82360e-06
 Reference value :  2.82625e-06
 Reference value :  2.82898e-06
 Reference value :  2.83178e-06
 Reference value :  2.83437e-06
 Reference value :  2.83745e-06
 Reference value :  2.84011e-06
 Reference value :  2.84295e-06
 Reference value :  2.84573e-06
 Reference value :  2.84850e-06
 Reference value :  2.85123e-06
 Reference value :  2.85391e-06
 Reference value :  2.85643e-06
 Reference value :  2.85925e-06
 Reference value :  2.86190e-06
 Reference value :  2.86471e-06
 Reference value :  2.86740e-06
 Reference value :  2.87020e-06
 Reference value :  2.87305e-06
 Reference value :  2.87563e-06
 Reference value :  2.87853e-06
 Reference value :  2.88130e-06
 Reference value :  2.88401e-06
 Reference value :  2.88685e-06
 Reference value :  2.88953e-06
 Reference value :  2.89230e-06
 Reference value :  2.89520e-06
 Reference value :  2.89797e-06
 Reference value :  2.90070e-06
 Reference value :  2.90348e-06
 Reference value :  2.90631e-06
 Reference value :  2.90910e-06
 Reference value :  2.91187e-06
 Reference value :  2.91461e-06
 Reference value :  2.91757e-06
 Reference value :  2.92028e-06
 Reference value :  2.92300e-06
 Reference value :  2.92568e-06
 Reference value :  2.92850e-06
 Reference value :  2.93140e-06
 Reference value :  2.93427e-06
 Reference value :  2.93698e-06
 Reference value :  2.93978e-06
 Reference value :  2.94238e-06
 Reference value :  2.94511e-06
 Reference value :  2.94777e-06
 Reference value :  2.95055e-06
 Reference value :  2.95320e-06
 Reference value :  2.95590e-06
 Reference value :  2.95865e-06
 Reference value :  2.96155e-06
 Reference value :  2.96435e-06
 Reference value :  2.96717e-06
 Reference value :  2.96982e-06
 Reference value :  2.97280e-06
 Reference value :  2.97551e-06
 Reference value :  2.97830e-06
 Reference value :  2.98107e-06
 Reference value :  2.98390e-06
 Reference value :  2.98678e-06
 Reference value :  2.98951e-06
 Reference value :  2.99231e-06
 Reference value :  2.99511e-06
 Reference value :  2.99793e-06
 Reference value :  3.00065e-06
 Reference value :  3.00347e-06
 Reference value :  3.00617e-06
 Reference value :  3.00911e-06
 Reference value :  3.01181e-06
 Reference value :  3.01460e-06
 Reference value :  3.01731e-06
 Reference value :  3.02015e-06
 Reference value :  3.02293e-06
 Reference value :  3.02571e-06
 Reference value :  3.02825e-06
 Reference value :  3.03101e-06
 Reference value :  3.03375e-06
 Reference value :  3.03653e-06
 Reference value :  3.03927e-06
 Reference value :  3.04217e-06
 Reference value :  3.04500e-06
 Reference value :  3.04783e-06
 Reference value :  3.05053e-06
 Reference value :  3.05341e-06
 Reference value :  3.05603e-06
 Reference value :  3.05881e-06
 Reference value :  3.06155e-06
 Reference value :  3.06435e-06
 Reference value :  3.06701e-06
 Reference value :  3.06980e-06
 Reference value :  3.07253e-06
 Reference value :  3.07545e-06
 Reference value :  3.07820e-06
 Reference value :  3.08103e-06
 Reference value :  3.08361e-06
 Reference value :  3.08633e-06
 Reference value :  3.08910e-06
 Reference value :  3.09193e-06
 Reference value :  3.09475e-06
 Reference value :  3.09760e-06
 Reference value :  3.10041e-06
 Reference value :  3.10321e-06
 Reference value :  3.10605e-06
 Reference value :  3.10890e-06
 Reference value :  3.11163e-06
 Reference value :  3.11437e-06
 Reference value :  3.11711e-06
 Reference value :  3.11993e-06
 Reference value :  3.12273e-06
 Reference value :  3.12545e-06
 Reference value :  3.12820e-06
 Reference value :  3.13105e-06
 Reference value :  3.13397e-06
 Reference value :  3.13663e-06
 Reference value :  3.13950e-06
 Reference value :  3.14223e-06
 Reference value :  3.14503e-06
 Reference value :  3.14770e-06
 Reference value :  3.15047e-06
 Reference value :  3.15323e-06
 Reference value :  3.15608e-06
 Reference value :  3.15887e-06
 Reference value :  3.16157e-06
 Reference value :  3.16425e-06
 Reference value :  3.16727e-06
 Reference value :  3.16995e-06
 Reference value :  3.17273e-06
 Reference value :  3.17547e-06
 Reference value :  3.17830e-06
 Reference value :  3.18093e-06
 Reference value :  3.18375e-06
 Reference value :  3.18640e-06
 Reference value :  3.18930e-06
 Reference value :  3.19210e-06
 Reference value :  3.19490e-06
 Reference value :  3.19747e-06
 Reference value :  3.20028e-06
 Reference value :  3.20308e-06
 Reference value :  3.20591e-06
 Reference value :  3.20865e-06
 Reference value :  3.21160e-06
 Reference value :  3.21468e-06
 Reference value :  3.21777e-06
 Reference value :  3.22077e-06
 Reference value :  3.22385e-06
 Reference value :  3.22690e-06
 Reference value :  3.22987e-06
 Reference value :  3.23268e-06
 Reference value :  3.23558e-06
 Reference value :  3.23835e-06
 Reference value :  3.24125e-06
 Reference value :  3.24408e-06
 Reference value :  3.24705e-06
 Reference value :  3.24975e-06
 Reference value :  3.25263e-06
 Reference value :  3.25533e-06
 Reference value :  3.25815e-06
 Reference value :  3.26093e-06
 Reference value :  3.26377e-06
 Reference value :  3.26650e-06
 Reference value :  3.26948e-06
 Reference value :  3.27238e-06
 Reference value :  3.27555e-06
 Reference value :  3.27841e-06
 Reference value :  3.28145e-06
 Reference value :  3.28425e-06
 Reference value :  3.28695e-06
 Reference value :  3.28970e-06
 Reference value :  3.29267e-06
 Reference value :  3.29537e-06
 Reference value :  3.29810e-06
No. of Data Rows : 268137
t1a                 =  5.68858e-07
t1b                 =  2.84827e-06
t2a                 =  5.27127e-07
t2b                 =  2.63925e-06
vxhi                =  3.44356e+00 at=  5.27314e-07
vxlo                =  -6.12963e-02 at=  2.66307e-06
bk                  =  -7.49057e-04
bk                  =  3.29920e+00
bk                  =  3.29875e+00
bk                  =  -7.74699e-04
bk                  =  3.29911e+00
bk                  =  3.29873e+00
bk                  =  -7.71472e-04
bk                  =  -7.13382e-04
bk                  =  -7.81395e-04
bk                  =  -7.62026e-04
bk                  =  3.29901e+00
bk                  =  -7.54140e-04
bk                  =  -7.38341e-04
bk                  =  3.29906e+00
bk                  =  -7.57238e-04
bk                  =  -5.84436e-04
bk                  =  3.29922e+00
bk                  =  3.29875e+00
bk                  =  -7.73393e-04
bk                  =  3.29922e+00
bk                  =  3.29875e+00
bk                  =  -7.71055e-04
bk                  =  3.29921e+00
bk                  =  3.29920e+00
bk                  =  -7.57801e-04
bk                  =  -5.76123e-04
bk                  =  3.29921e+00
bk                  =  3.29875e+00
bk                  =  -7.76289e-04
bk                  =  3.29922e+00
bk                  =  3.29873e+00
bk                  =  -7.71464e-04
bk                  =  3.29921e+00
bk                  =  3.29924e+00
bk                  =  -7.58408e-04
bk                  =  -5.75811e-04
bk                  =  3.29914e+00
bk                  =  -7.47801e-04
bk                  =  -5.98505e-04
bk                  =  3.29893e+00
bk                  =  -7.47475e-04
bk                  =  3.29878e+00
bk                  =  3.29880e+00
bk                  =  -7.93448e-04
bk                  =  3.29927e+00
bk                  =  3.29874e+00
bk                  =  -7.68282e-04
bk                  =  3.29921e+00
bk                  =  3.29873e+00
bk                  =  -7.57911e-04
bk                  =  -5.80514e-04
bk                  =  3.29877e+00
bk                  =  -7.46720e-04
bk                  =  -7.84026e-04
bk                  =  3.29923e+00
bk                  =  -7.62134e-04
bk                  =  -7.70271e-04
bk                  =  3.29921e+00
bk                  =  3.29873e+00
bk                  =  -7.57825e-04
bk                  =  -5.73776e-04
bk                  =  3.29874e+00
bk                  =  -7.45895e-04
bk                  =  -6.85964e-04
bk                  =  3.29924e+00
bk                  =  -7.62099e-04
bk                  =  -7.63837e-04
bk                  =  3.29922e+00
bk                  =  3.29873e+00
bk                  =  -7.58080e-04
bk                  =  -5.72064e-04
bk                  =  3.29873e+00
bk                  =  -7.45926e-04
bk                  =  -6.05933e-04
bk                  =  3.29893e+00
bk                  =  -7.62156e-04
bk                  =  -7.61131e-04
bk                  =  3.29921e+00
bk                  =  -7.73633e-04
bk                  =  -7.59390e-04
bk                  =  3.29914e+00
bk                  =  3.29874e+00
bk                  =  -7.47017e-04
bk                  =  -6.97170e-04
bk                  =  -7.51840e-04
bk                  =  -7.59687e-04
bk                  =  3.29905e+00
bk                  =  -7.19509e-04
bk                  =  -7.78349e-04
bk                  =  3.29896e+00
bk                  =  -7.62548e-04
bk                  =  -6.03472e-04
bk                  =  3.29923e+00
bk                  =  3.29873e+00
bk                  =  -7.60957e-04
bk                  =  3.29921e+00
bk                  =  3.29874e+00
bk                  =  -7.46842e-04
bk                  =  3.29920e+00
bk                  =  3.29923e+00
bk                  =  -7.62096e-04
bk                  =  -5.82220e-04
bk                  =  3.29921e+00
bk                  =  3.29873e+00
bk                  =  -7.39116e-04
bk                  =  3.29920e+00
bk                  =  3.29873e+00
bk                  =  -7.47056e-04
bk                  =  3.29920e+00
bk                  =  3.29929e+00
bk                  =  -7.62492e-04
bk                  =  -5.82187e-04
bk                  =  3.29917e+00
bk                  =  -7.75295e-04
bk                  =  -5.79912e-04
bk                  =  3.29901e+00
bk                  =  3.29875e+00
bk                  =  3.29881e+00
bk                  =  3.29880e+00
bk                  =  -7.82800e-04
bk                  =  3.29915e+00
bk                  =  3.29876e+00
bk                  =  -7.39266e-04
bk                  =  3.29920e+00
bk                  =  3.29875e+00
bk                  =  -7.62326e-04
bk                  =  -5.87155e-04
bk                  =  3.29877e+00
bk                  =  -7.73957e-04
bk                  =  -7.55825e-04
bk                  =  3.29921e+00
bk                  =  -7.71394e-04
bk                  =  -7.42251e-04
bk                  =  3.29920e+00
bk                  =  3.29875e+00
bk                  =  -7.62286e-04
bk                  =  -5.80951e-04
bk                  =  3.29875e+00
bk                  =  -7.73532e-04
bk                  =  -6.32834e-04
bk                  =  3.29915e+00
bk                  =  -7.71359e-04
bk                  =  -7.33930e-04
bk                  =  3.29920e+00
bk                  =  3.29875e+00
bk                  =  -7.62124e-04
bk                  =  -5.79950e-04
bk                  =  3.29875e+00
bk                  =  -7.73543e-04
bk                  =  -5.83439e-04
bk                  =  3.29880e+00
bk                  =  -7.71085e-04
bk                  =  -7.43500e-04
bk                  =  3.29920e+00
bk                  =  -7.57836e-04
bk                  =  -7.62506e-04
bk                  =  3.29917e+00
bk                  =  3.29875e+00
bk                  =  -7.74700e-04
bk                  =  -6.33076e-04
bk                  =  -7.58949e-04
bk                  =  -7.68171e-04
bk                  =  3.29910e+00
bk                  =  -7.68687e-04
bk                  =  -7.59442e-04
bk                  =  3.29883e+00
bk                  =  -7.73008e-04
bk                  =  -6.26647e-04
bk                  =  3.29920e+00
bk                  =  3.29875e+00
bk                  =  -7.73204e-04
bk                  =  3.29922e+00
bk                  =  3.29875e+00
bk                  =  -7.73795e-04
bk                  =  3.29922e+00
bk                  =  3.29923e+00
bk                  =  -7.71048e-04
bk                  =  -5.59254e-04
bk                  =  3.29920e+00
bk                  =  3.29875e+00
bk                  =  -6.77838e-04
bk                  =  3.29921e+00
bk                  =  3.29875e+00
bk                  =  -7.71080e-04
bk                  =  3.29922e+00
bk                  =  3.29916e+00
bk                  =  -7.71710e-04
bk                  =  -5.59284e-04
bk                  =  3.29917e+00
bk                  =  -7.59065e-04
bk                  =  -5.79331e-04
bk                  =  3.29908e+00
bk                  =  3.29875e+00
bk                  =  3.29879e+00
bk                  =  3.29884e+00
bk                  =  -7.55914e-04
bk                  =  3.29886e+00
bk                  =  3.29878e+00
bk                  =  -7.62141e-04
bk                  =  3.29923e+00
bk                  =  3.29874e+00
bk                  =  -7.71252e-04
bk                  =  -5.64607e-04
bk                  =  3.29874e+00
bk                  =  -7.58118e-04
bk                  =  -7.07331e-04
bk                  =  3.29923e+00
bk                  =  -7.45933e-04
bk                  =  -7.67962e-04
bk                  =  3.29922e+00
bk                  =  3.29873e+00
bk                  =  -7.71082e-04
bk                  =  -5.58793e-04
bk                  =  3.29873e+00
bk                  =  -7.57802e-04
bk                  =  -6.17444e-04
bk                  =  3.29905e+00
bk                  =  -7.45897e-04
bk                  =  -7.59963e-04
bk                  =  3.29922e+00
bk                  =  3.29873e+00
bk                  =  -7.71396e-04
bk                  =  -5.57799e-04
bk                  =  3.29873e+00
bk                  =  -7.57811e-04
bk                  =  -5.82451e-04
bk                  =  3.29879e+00
bk                  =  -7.45920e-04
bk                  =  -7.74869e-04
bk                  =  3.29922e+00
bk                  =  -7.62238e-04
bk                  =  -7.71303e-04
bk                  =  3.29919e+00
bk                  =  3.29873e+00
bk                  =  -7.59686e-04
bk                  =  -6.03799e-04
bk                  =  3.29874e+00
bk                  =  -7.45200e-04
bk                  =  -6.13520e-04
bk                  =  -7.61568e-04
bk                  =  -7.66688e-04
bk                  =  3.29881e+00
bk                  =  -7.39685e-04
bk                  =  -7.29732e-04
bk                  =  3.29914e+00
bk                  =  3.29873e+00
bk                  =  -7.79132e-04
bk                  =  3.29922e+00
bk                  =  3.29873e+00
bk                  =  -7.58034e-04
bk                  =  3.29920e+00
bk                  =  3.29926e+00
bk                  =  -7.45894e-04
bk                  =  -5.83171e-04
bk                  =  3.29922e+00
bk                  =  3.29873e+00
m_period_r1 = 2.8492705000e-09
m_period_r2 = 2.6401581250e-09
m_f_r1 = 3.5096702823e+08
m_f_r2 = 3.7876519233e+08
m_ring1_periods_per_sample = 3.9869854407e+00
m_ring2_periods_per_sample = 4.3027725849e+00
m_tclk_s = 1.1360000000e-08
m_n_samples = 2.5600000000e+02
m_ones_frac = 4.7265625000e-01
m_bit_mean = -5.468750000e-02
m_ones_frac_first128 = 4.9218750000e-01
m_ones_frac_last128 = 4.5312500000e-01
m_worst_rail_dev_v = 1.2740000141e-03
m_xo_swing_v = 3.5048523400e+00
m_r_1 = -1.686274510e-01
m_r_2 = -4.724409449e-01
m_r_3 = 5.8893280632e-01
m_r_4 = 4.7619047619e-02
m_r_6 = 2.9600000000e-01
m_r_8 = -4.596774194e-01
m_r_12 = 8.1967213115e-03
m_r_16 = 1.0833333333e-01
m_bit_code_00 = 9.2700000000e+03
m_bit_code_01 = 2.7867000000e+04
m_bit_code_02 = 4.6739000000e+04
m_bit_code_03 = 9.8010000000e+03
m_bit_code_04 = 9.3690000000e+03
m_bit_code_05 = 4.5635000000e+04
m_bit_code_06 = 1.4029000000e+04
m_bit_code_07 = 3.9801000000e+04
m_bit_code_08 = 3.7476000000e+04
m_bit_code_09 = 1.2873000000e+04
m_bit_code_10 = 5.6100000000e+04
m_bit_code_11 = 3.7740000000e+04
m_bit_code_12 = 1.8871000000e+04
m_bit_code_13 = 3.9206000000e+04
m_bit_code_14 = 4.9000000000e+03
m_bit_code_15 = 5.2658000000e+04
Note: Simulation executed from .control section 

Warning: m=xx on .subckt line will override multiplier m hierarchy!

