
Note: Compatibility modes selected: hs a


Circuit: * sampler-dff-active-current @ tt_27c_3.63v -- generated by sim/harness, do not edit

Doing analysis at TEMP = 27.000000 and TNOM = 27.000000

Using SPARSE 1.3 as Direct Linear Solver

Initial Transient Solution
--------------------------

Node                                   Voltage
----                                   -------
vsup                                      3.63
clk                                          0
rst_n                                        0
d                                            0
vddv                                      3.63
vddb                                      3.63
xsv.clkb                                  3.63
xsv.m                                     3.63
xsv.mb                                    3.63
xsv.mmid                               3.07071
xsv.mc                               4.416e-08
xsv.s                                     3.63
qv                                 1.95319e-08
xsv.qb                                    3.63
xsv.s2mid                             0.046875
xsb.clkb                                  3.63
xsb.m                              3.85525e-08
xsb.mb                                    3.63
xsb.mmid                             0.0468751
xsb.mc                             3.90167e-08
xsb.s                                     3.63
qb                                 1.95319e-08
xsb.qb                                    3.63
xsb.s2mid                             0.046875
q1                                 -5.6168e-21
q2                                -5.97795e-21
vd#branch                          1.09761e-11
vr2#branch                         4.88034e-11
vr1#branch                          5.6168e-11
vrst#branch                                  0
vclk#branch                                  0
vsup#branch                       -1.04971e-10

 Reference value :  0.00000e+00
 Reference value :  9.69777e-09
 Reference value :  1.89968e-08
 Reference value :  3.01778e-08
 Reference value :  3.97978e-08
 Reference value :  5.09568e-08
No. of Data Rows : 3775
q1a                 =  -1.99893e-05
q1b                 =  -1.99896e-05
q1c                 =  -2.84493e-05
q1d                 =  -2.84496e-05
q1e                 =  -2.84493e-05
q1f                 =  -3.69067e-05
q2a                 =  -1.07016e-04
q2b                 =  -1.07017e-04
q2c                 =  -1.33991e-04
q2d                 =  -1.88629e-04
q2e                 =  -1.33991e-04
q2f                 =  -2.35278e-04
qv_pre              =  1.95316e-08
qv_post             =  3.63000e+00
qb_pre              =  -2.82179e-07
qb_post             =  3.63000e+00
vdd_mean            =  3.63000e+00 from=  3.20000e-08 to=  5.30168e-08
m_q_d_shut_c = 6.6666666665e-20
m_q_d_open_c = 9.1064000000e-15
m_e_d_shut_j = 2.4199999999e-19
m_e_d_open_j = 3.3056232000e-14
m_q_clkcyc_xsv_c = 8.4574600000e-15
m_e_clkcyc_xsv_j = 3.0700579800e-14
m_q_clkcyc_xsb_resid_c = 1.1156333333e-15
m_q_cyc_xsb_total_c = 1.0128670000e-13
m_q_d_shut_xsv_c = 5.8333333333e-20
m_q_d_open_xsv_c = 5.6666666667e-20
m_vdd_mean_v = 3.6300000000e+00
m_qv_pre_v = 1.9531620000e-08
m_qv_post_v = 3.6300000000e+00
m_qb_pre_v = -2.821785000e-07
m_qb_post_v = 3.6300000000e+00
Note: Simulation executed from .control section 

Warning: m=xx on .subckt line will override multiplier m hierarchy!

