
Note: No compatibility mode selected!


Circuit: * klt sim -- generated corner deck, do not edit

Doing analysis at TEMP = -40.000000 and TNOM = 27.000000

Using SPARSE 1.3 as Direct Linear Solver

Initial Transient Solution
--------------------------

Node                                   Voltage
----                                   -------
vddr                                       3.3
en                                         3.3
vss                                          0
vsubs                                        0
xdut.\$15                          1.66292e-09
xdut.a|y__t0                                 0
xdut.a|y__t02                              3.3
xdut.vddr__t0                              3.3
xdut.vss__t0                       6.88271e-12
xdut.\$17                          7.06145e-08
xdut.a|y__t32                              3.3
xdut.a|y__t13                      8.45467e-08
xdut.vddr__t18                             3.3
xdut.vss__t18                      2.18962e-10
xdut.\$18                          1.65946e-09
xdut.a|y__t33                      8.46236e-08
xdut.a|y__t14                              3.3
xdut.vddr__t14                             3.3
xdut.vss__t14                      3.42041e-12
xdut.\$20                          7.04675e-08
xdut.a|y__t34                              3.3
xdut.a|y__t15                      8.43997e-08
xdut.vddr__t21                             3.3
xdut.vss__t21                      7.20153e-11
xdut.\$21                          1.65625e-09
xdut.a|y__t35                      8.44766e-08
xdut.a|y__t16                              3.3
xdut.vddr__t13                             3.3
xdut.vss__t13                      2.14295e-13
xdut.\$22                          7.04719e-08
xdut.a|y__t36                              3.3
xdut.a|y__t17                      8.44041e-08
xdut.vddr__t15                             3.3
xdut.vss__t15                      7.63566e-11
xdut.\$24                          1.65956e-09
xdut.a|y__t37                       8.4481e-08
xdut.a|y__t18                              3.3
xdut.vddr__t16                             3.3
xdut.vss__t16                      3.52309e-12
xdut.\$23                          7.06189e-08
xdut.a|y__t38                              3.3
xdut.a|y__t19                       8.4551e-08
xdut.vddr__t17                             3.3
xdut.vss__t17                      2.23331e-10
xdut.\$19                          1.66303e-09
xdut.a|y__t39                       8.4628e-08
xdut.a|y__t110                             3.3
xdut.vddr__t19                             3.3
xdut.vss__t19                      6.98555e-12
xdut.\$16                          7.07661e-08
xdut.a|y__t310                             3.3
xdut.a|y__t311                     8.46983e-08
xdut.vddr__t20                             3.3
xdut.vss__t20                      3.70574e-10
xdut.vss__t1                      -5.15215e-26
xdut.vddr__t1                              3.3
xdut.\$14                          8.54283e-17
xdut.\$13                         -1.30984e-18
xdut.a|y__t011                     8.47869e-08
xdut.a|y__t1                       2.92792e-27
xdut.en__t0                                3.3
xdut.\$27__t1                             1.53
xdut.vss__t2                                 0
xdut.vddr__t2                           3.2987
xdut.a|y__t3                       0.000236906
xdut.a|y__t111                     8.47869e-08
xdut.\$27__t2                             1.53
xdut.\$27__t0                             1.53
xdut.en__t1                                3.3
xdut.a|y__t4                       4.01611e-11
xdut.vddr__t3                              3.3
xdut.vss__t3                                 0
xdut.\$29                                  3.3
xdut.a|y__t2                                 0
xdut.a|y__t12                              3.3
xdut.vddr__t12                             3.3
xdut.vss__t12                                0
xdut.\$31                                  3.3
xdut.a|y__t22                              3.3
xdut.a|y__t03                      8.47005e-08
xdut.vddr__t10                             3.3
xdut.vss__t10                                0
xdut.\$33                                  3.3
xdut.a|y__t23                      8.46236e-08
xdut.a|y__t04                              3.3
xdut.vddr__t9                              3.3
xdut.vss__t9                                 0
xdut.\$35                                  3.3
xdut.a|y__t24                              3.3
xdut.a|y__t05                      8.45536e-08
xdut.vddr__t7                              3.3
xdut.vss__t7                                 0
xdut.\$37                                  3.3
xdut.a|y__t25                      8.44766e-08
xdut.a|y__t06                              3.3
xdut.vddr__t6                              3.3
xdut.vss__t6                                 0
xdut.\$39                                  3.3
xdut.a|y__t26                              3.3
xdut.a|y__t07                      8.45579e-08
xdut.vddr__t4                              3.3
xdut.vss__t4                                 0
xdut.\$41                                  3.3
xdut.a|y__t27                       8.4481e-08
xdut.a|y__t08                              3.3
xdut.vddr__t5                              3.3
xdut.vss__t5                                 0
xdut.\$43                                  3.3
xdut.a|y__t28                              3.3
xdut.a|y__t09                      8.47049e-08
xdut.vddr__t8                              3.3
xdut.vss__t8                                 0
xdut.\$45                                  3.3
xdut.a|y__t29                       8.4628e-08
xdut.a|y__t010                             3.3
xdut.vddr__t11                             3.3
xdut.vss__t11                                0
xdut.\$47                                  3.3
xdut.a|y__t210                             3.3
xdut.a|y__t211                     8.48756e-08
xdut.\$27                                 1.53
n1                                           0
n2                                         3.3
n3                                 8.46236e-08
n4                                         3.3
n5                                 8.44766e-08
n6                                         3.3
n7                                  8.4481e-08
n8                                         3.3
n9                                  8.4628e-08
n10                                        3.3
ro                                 8.47869e-08
ron                                 2.5693e-08
bron#branch                                  0
een#branch                                   0
vvsubs#branch                      1.65122e-11
vvss#branch                        1.71447e-11
vsupply#branch                    -1.38179e-05


No. of Data Rows : 130008

  Measurements for Transient Analysis

period_s            =  8.92518e-09 targ=  9.41776e-08 trig=  8.52524e-08
supply_current_avg_a=  -2.58720e-05 from=  3.00000e-07 to=  1.30000e-06
ro_swing_v          =  3.23299e+00 from=  3.00000e-07 to=  1.30000e-06

ngspice-46 done
