
Note: Compatibility modes selected: hs a


Circuit: * ro-inv-05stage-jitter @ ss_27c_3.30v -- generated by sim/harness, do not edit

Doing analysis at TEMP = 27.000000 and TNOM = 27.000000

Using SPARSE 1.3 as Direct Linear Solver

Initial Transient Solution
--------------------------

Node                                   Voltage
----                                   -------
vdd                                        3.3
n2                                         3.3
g1                                           0
n3                                 5.82918e-09
g2                                         3.3
n4                                         3.3
g3                                 5.82918e-09
n5                                 5.82918e-09
g4                                         3.3
n1                                           0
g5                                 5.82918e-09
xing                                     -1.65
xs40                                     -1.32
xs60                                     -1.98
bs60#branch                                  0
bs40#branch                                  0
bxing#branch                                 0
vn5#branch                                   0
vn4#branch                                   0
vn3#branch                                   0
vn2#branch                                   0
vn1#branch                                   0
vdd#branch                        -0.000416843

 Reference value :  1.30700e-10
 Reference value :  2.97350e-09
 Reference value :  5.70550e-09
 Reference value :  8.79850e-09
 Reference value :  1.18945e-08
 Reference value :  1.46903e-08
 Reference value :  1.75865e-08
 Reference value :  2.02555e-08
 Reference value :  2.30935e-08
 Reference value :  2.60292e-08
 Reference value :  2.89965e-08
 Reference value :  3.16500e-08
 Reference value :  3.48007e-08
 Reference value :  3.75965e-08
 Reference value :  4.03655e-08
 Reference value :  4.31700e-08
 Reference value :  4.61992e-08
 Reference value :  4.90055e-08
 Reference value :  5.18325e-08
 Reference value :  5.47165e-08
 Reference value :  5.78315e-08
 Reference value :  6.05503e-08
 Reference value :  6.34165e-08
 Reference value :  6.65225e-08
 Reference value :  6.92675e-08
 Reference value :  7.23703e-08
 Reference value :  7.52475e-08
 Reference value :  7.80885e-08
 Reference value :  8.11855e-08
 Reference value :  8.40303e-08
 Reference value :  8.68392e-08
 Reference value :  8.96145e-08
 Reference value :  9.23625e-08
 Reference value :  9.53403e-08
 Reference value :  9.81285e-08
 Reference value :  1.01101e-07
 Reference value :  1.04020e-07
 Reference value :  1.06838e-07
 Reference value :  1.09780e-07
 Reference value :  1.12710e-07
 Reference value :  1.15736e-07
 Reference value :  1.18491e-07
 Reference value :  1.21420e-07
 Reference value :  1.24283e-07
 Reference value :  1.27008e-07
 Reference value :  1.29959e-07
 Reference value :  1.32620e-07
 Reference value :  1.35428e-07
 Reference value :  1.38340e-07
 Reference value :  1.41264e-07
 Reference value :  1.44190e-07
 Reference value :  1.47107e-07
 Reference value :  1.49812e-07
 Reference value :  1.52711e-07
 Reference value :  1.55490e-07
 Reference value :  1.58395e-07
 Reference value :  1.61158e-07
 Reference value :  1.64072e-07
 Reference value :  1.67003e-07
 Reference value :  1.69914e-07
No. of Data Rows : 221009
ts40                =  3.05293e-09
ts60                =  3.07532e-09
tk                  =  7.99932e-10
tk                  =  1.55454e-09
tk                  =  2.30913e-09
tk                  =  3.06377e-09
tk                  =  3.81834e-09
tk                  =  4.57282e-09
tk                  =  5.32737e-09
tk                  =  6.08187e-09
tk                  =  6.83646e-09
tk                  =  7.59099e-09
tk                  =  8.34561e-09
tk                  =  9.10003e-09
tk                  =  9.85477e-09
tk                  =  1.06093e-08
tk                  =  1.13638e-08
tk                  =  1.21184e-08
tk                  =  1.28727e-08
tk                  =  1.36273e-08
tk                  =  1.43818e-08
tk                  =  1.51364e-08
tk                  =  1.58910e-08
tk                  =  1.66457e-08
tk                  =  1.74004e-08
tk                  =  1.81550e-08
tk                  =  1.89096e-08
tk                  =  1.96641e-08
tk                  =  2.04187e-08
tk                  =  2.11732e-08
tk                  =  2.19278e-08
tk                  =  2.26825e-08
tk                  =  2.34369e-08
tk                  =  2.41913e-08
tk                  =  2.49461e-08
tk                  =  2.57006e-08
tk                  =  2.64551e-08
tk                  =  2.72097e-08
tk                  =  2.79643e-08
tk                  =  2.87190e-08
tk                  =  2.94736e-08
tk                  =  3.02281e-08
tk                  =  3.09825e-08
tk                  =  3.17371e-08
tk                  =  3.24917e-08
tk                  =  3.32464e-08
tk                  =  3.40011e-08
tk                  =  3.47557e-08
tk                  =  3.55102e-08
tk                  =  3.62648e-08
tk                  =  3.70194e-08
tk                  =  3.77741e-08
tk                  =  3.85287e-08
tk                  =  3.92832e-08
tk                  =  4.00378e-08
tk                  =  4.07923e-08
tk                  =  4.15468e-08
tk                  =  4.23013e-08
tk                  =  4.30559e-08
tk                  =  4.38106e-08
tk                  =  4.45652e-08
tk                  =  4.53199e-08
tk                  =  4.60747e-08
tk                  =  4.68293e-08
tk                  =  4.75839e-08
tk                  =  4.83385e-08
tk                  =  4.90931e-08
tk                  =  4.98478e-08
tk                  =  5.06025e-08
tk                  =  5.13569e-08
tk                  =  5.21115e-08
tk                  =  5.28661e-08
tk                  =  5.36207e-08
tk                  =  5.43753e-08
tk                  =  5.51298e-08
tk                  =  5.58844e-08
tk                  =  5.66390e-08
tk                  =  5.73938e-08
tk                  =  5.81483e-08
tk                  =  5.89028e-08
tk                  =  5.96576e-08
tk                  =  6.04123e-08
tk                  =  6.11667e-08
tk                  =  6.19213e-08
tk                  =  6.26758e-08
tk                  =  6.34304e-08
tk                  =  6.41850e-08
tk                  =  6.49395e-08
tk                  =  6.56941e-08
tk                  =  6.64485e-08
tk                  =  6.72031e-08
tk                  =  6.79578e-08
tk                  =  6.87126e-08
tk                  =  6.94671e-08
tk                  =  7.02215e-08
tk                  =  7.09761e-08
tk                  =  7.17307e-08
tk                  =  7.24854e-08
tk                  =  7.32399e-08
tk                  =  7.39944e-08
tk                  =  7.47489e-08
tk                  =  7.55035e-08
tk                  =  7.62580e-08
tk                  =  7.70125e-08
tk                  =  7.77670e-08
tk                  =  7.85217e-08
tk                  =  7.92762e-08
tk                  =  8.00309e-08
tk                  =  8.07854e-08
tk                  =  8.15399e-08
tk                  =  8.22945e-08
tk                  =  8.30490e-08
tk                  =  8.38035e-08
tk                  =  8.45580e-08
tk                  =  8.53127e-08
tk                  =  8.60673e-08
tk                  =  8.68218e-08
tk                  =  8.75764e-08
tk                  =  8.83311e-08
tk                  =  8.90855e-08
tk                  =  8.98400e-08
tk                  =  9.05948e-08
tk                  =  9.13493e-08
tk                  =  9.21038e-08
tk                  =  9.28584e-08
tk                  =  9.36130e-08
tk                  =  9.43678e-08
tk                  =  9.51224e-08
tk                  =  9.58771e-08
tk                  =  9.66318e-08
tk                  =  9.73862e-08
m_period = 7.5458060625e-10
m_f_osc = 1.3252394664e+09
m_slew_v_per_s = 2.9480078614e+10
m_sigma_1 = 9.7762959147e-14
m_sigma_2 = 1.3675423870e-13
m_sigma_4 = 1.7969406151e-13
m_sigma_8 = 2.4705563487e-13
m_sigma_16 = 3.4942429213e-13
m_sigma_32 = 5.7406121780e-13
Note: Simulation executed from .control section 

Warning: m=xx on .subckt line will override multiplier m hierarchy!

