
Note: Compatibility modes selected: hs a


Circuit: * ro-inv-05stage-jitter @ ss_27c_3.30v -- generated by sim/harness, do not edit

Doing analysis at TEMP = 27.000000 and TNOM = 27.000000

Using SPARSE 1.3 as Direct Linear Solver

Initial Transient Solution
--------------------------

Node                                   Voltage
----                                   -------
vdd                                        3.3
n2                                         3.3
g1                                           0
n3                                 5.82918e-09
g2                                         3.3
n4                                         3.3
g3                                 5.82918e-09
n5                                 5.82918e-09
g4                                         3.3
n1                                           0
g5                                 5.82918e-09
xing                                     -1.65
xs40                                     -1.32
xs60                                     -1.98
bs60#branch                                  0
bs40#branch                                  0
bxing#branch                                 0
vn5#branch                                   0
vn4#branch                                   0
vn3#branch                                   0
vn2#branch                                   0
vn1#branch                                   0
vdd#branch                        -0.000416843

 Reference value :  4.40700e-10
 Reference value :  3.38000e-09
 Reference value :  6.24450e-09
 Reference value :  9.31650e-09
 Reference value :  1.23445e-08
 Reference value :  1.53625e-08
 Reference value :  1.81503e-08
 Reference value :  2.10092e-08
 Reference value :  2.43225e-08
 Reference value :  2.71155e-08
 Reference value :  2.99292e-08
 Reference value :  3.27185e-08
 Reference value :  3.56345e-08
 Reference value :  3.84235e-08
 Reference value :  4.12515e-08
 Reference value :  4.40103e-08
 Reference value :  4.70345e-08
 Reference value :  4.97915e-08
 Reference value :  5.25545e-08
 Reference value :  5.53855e-08
 Reference value :  5.82025e-08
 Reference value :  6.11907e-08
 Reference value :  6.40665e-08
 Reference value :  6.68307e-08
 Reference value :  6.96315e-08
 Reference value :  7.26845e-08
 Reference value :  7.54201e-08
 Reference value :  7.82985e-08
 Reference value :  8.14465e-08
 Reference value :  8.42555e-08
 Reference value :  8.74345e-08
 Reference value :  9.02901e-08
 Reference value :  9.31125e-08
 Reference value :  9.60475e-08
 Reference value :  9.90685e-08
 Reference value :  1.01777e-07
 Reference value :  1.04543e-07
 Reference value :  1.07347e-07
 Reference value :  1.10328e-07
 Reference value :  1.13090e-07
 Reference value :  1.16117e-07
 Reference value :  1.18999e-07
 Reference value :  1.21883e-07
 Reference value :  1.24676e-07
 Reference value :  1.27786e-07
 Reference value :  1.30734e-07
 Reference value :  1.33429e-07
 Reference value :  1.36312e-07
 Reference value :  1.39128e-07
 Reference value :  1.41843e-07
 Reference value :  1.44720e-07
 Reference value :  1.47622e-07
 Reference value :  1.50450e-07
 Reference value :  1.53408e-07
 Reference value :  1.56405e-07
 Reference value :  1.59385e-07
 Reference value :  1.62211e-07
 Reference value :  1.64961e-07
 Reference value :  1.67790e-07
No. of Data Rows : 221009
ts40                =  3.05283e-09
ts60                =  3.07520e-09
tk                  =  7.99876e-10
tk                  =  1.55436e-09
tk                  =  2.30905e-09
tk                  =  3.06361e-09
tk                  =  3.81825e-09
tk                  =  4.57292e-09
tk                  =  5.32743e-09
tk                  =  6.08198e-09
tk                  =  6.83658e-09
tk                  =  7.59122e-09
tk                  =  8.34580e-09
tk                  =  9.10053e-09
tk                  =  9.85514e-09
tk                  =  1.06096e-08
tk                  =  1.13642e-08
tk                  =  1.21187e-08
tk                  =  1.28733e-08
tk                  =  1.36279e-08
tk                  =  1.43825e-08
tk                  =  1.51371e-08
tk                  =  1.58916e-08
tk                  =  1.66461e-08
tk                  =  1.74007e-08
tk                  =  1.81554e-08
tk                  =  1.89100e-08
tk                  =  1.96647e-08
tk                  =  2.04193e-08
tk                  =  2.11739e-08
tk                  =  2.19285e-08
tk                  =  2.26832e-08
tk                  =  2.34377e-08
tk                  =  2.41924e-08
tk                  =  2.49472e-08
tk                  =  2.57019e-08
tk                  =  2.64564e-08
tk                  =  2.72111e-08
tk                  =  2.79655e-08
tk                  =  2.87202e-08
tk                  =  2.94748e-08
tk                  =  3.02294e-08
tk                  =  3.09841e-08
tk                  =  3.17387e-08
tk                  =  3.24934e-08
tk                  =  3.32480e-08
tk                  =  3.40025e-08
tk                  =  3.47572e-08
tk                  =  3.55116e-08
tk                  =  3.62663e-08
tk                  =  3.70209e-08
tk                  =  3.77755e-08
tk                  =  3.85301e-08
tk                  =  3.92847e-08
tk                  =  4.00392e-08
tk                  =  4.07940e-08
tk                  =  4.15486e-08
tk                  =  4.23031e-08
tk                  =  4.30577e-08
tk                  =  4.38123e-08
tk                  =  4.45668e-08
tk                  =  4.53214e-08
tk                  =  4.60760e-08
tk                  =  4.68307e-08
tk                  =  4.75853e-08
tk                  =  4.83399e-08
tk                  =  4.90945e-08
tk                  =  4.98490e-08
tk                  =  5.06035e-08
tk                  =  5.13582e-08
tk                  =  5.21129e-08
tk                  =  5.28674e-08
tk                  =  5.36220e-08
tk                  =  5.43765e-08
tk                  =  5.51312e-08
tk                  =  5.58858e-08
tk                  =  5.66402e-08
tk                  =  5.73949e-08
tk                  =  5.81497e-08
tk                  =  5.89044e-08
tk                  =  5.96588e-08
tk                  =  6.04133e-08
tk                  =  6.11677e-08
tk                  =  6.19223e-08
tk                  =  6.26769e-08
tk                  =  6.34314e-08
tk                  =  6.41862e-08
tk                  =  6.49408e-08
tk                  =  6.56954e-08
tk                  =  6.64501e-08
tk                  =  6.72047e-08
tk                  =  6.79592e-08
tk                  =  6.87138e-08
tk                  =  6.94685e-08
tk                  =  7.02231e-08
tk                  =  7.09776e-08
tk                  =  7.17321e-08
tk                  =  7.24868e-08
tk                  =  7.32414e-08
tk                  =  7.39961e-08
tk                  =  7.47506e-08
tk                  =  7.55053e-08
tk                  =  7.62599e-08
tk                  =  7.70147e-08
tk                  =  7.77694e-08
tk                  =  7.85240e-08
tk                  =  7.92786e-08
tk                  =  8.00331e-08
tk                  =  8.07877e-08
tk                  =  8.15423e-08
tk                  =  8.22970e-08
tk                  =  8.30514e-08
tk                  =  8.38060e-08
tk                  =  8.45607e-08
tk                  =  8.53154e-08
tk                  =  8.60698e-08
tk                  =  8.68244e-08
tk                  =  8.75789e-08
tk                  =  8.83337e-08
tk                  =  8.90882e-08
tk                  =  8.98430e-08
tk                  =  9.05977e-08
tk                  =  9.13523e-08
tk                  =  9.21066e-08
tk                  =  9.28611e-08
tk                  =  9.36157e-08
tk                  =  9.43701e-08
tk                  =  9.51247e-08
tk                  =  9.58794e-08
tk                  =  9.66340e-08
tk                  =  9.73885e-08
m_period = 7.5459878203e-10
m_f_osc = 1.3252075458e+09
m_slew_v_per_s = 2.9513034924e+10
m_sigma_1 = 1.0204728442e-13
m_sigma_2 = 1.3729108840e-13
m_sigma_4 = 1.7629488007e-13
m_sigma_8 = 2.0697326755e-13
m_sigma_16 = 2.7180680444e-13
m_sigma_32 = 3.5352305253e-13
Note: Simulation executed from .control section 

Warning: m=xx on .subckt line will override multiplier m hierarchy!

