
Note: Compatibility modes selected: hs a


Circuit: * ro-inv-05stage-jitter @ ss_27c_3.30v -- generated by sim/harness, do not edit

Doing analysis at TEMP = 27.000000 and TNOM = 27.000000

Using SPARSE 1.3 as Direct Linear Solver

Initial Transient Solution
--------------------------

Node                                   Voltage
----                                   -------
vdd                                        3.3
n2                                         3.3
g1                                           0
n3                                 5.82918e-09
g2                                         3.3
n4                                         3.3
g3                                 5.82918e-09
n5                                 5.82918e-09
g4                                         3.3
n1                                           0
g5                                 5.82918e-09
xing                                     -1.65
xs40                                     -1.32
xs60                                     -1.98
bs60#branch                                  0
bs40#branch                                  0
bxing#branch                                 0
vn5#branch                                   0
vn4#branch                                   0
vn3#branch                                   0
vn2#branch                                   0
vn1#branch                                   0
vdd#branch                        -0.000416843

 Reference value :  1.50000e-10
 Reference value :  3.41030e-09
 Reference value :  6.49000e-09
 Reference value :  9.37030e-09
 Reference value :  1.22125e-08
 Reference value :  1.49007e-08
 Reference value :  1.78792e-08
 Reference value :  2.07300e-08
 Reference value :  2.35925e-08
 Reference value :  2.66801e-08
 Reference value :  2.95792e-08
 Reference value :  3.22885e-08
 Reference value :  3.50935e-08
 Reference value :  3.78785e-08
 Reference value :  4.09615e-08
 Reference value :  4.38435e-08
 Reference value :  4.66707e-08
 Reference value :  4.95125e-08
 Reference value :  5.26303e-08
 Reference value :  5.53345e-08
 Reference value :  5.83055e-08
 Reference value :  6.12365e-08
 Reference value :  6.41075e-08
 Reference value :  6.71600e-08
 Reference value :  6.99265e-08
 Reference value :  7.30655e-08
 Reference value :  7.59545e-08
 Reference value :  7.87965e-08
 Reference value :  8.15292e-08
 Reference value :  8.44425e-08
 Reference value :  8.73085e-08
 Reference value :  9.03485e-08
 Reference value :  9.31107e-08
 Reference value :  9.62275e-08
 Reference value :  9.91592e-08
 Reference value :  1.02210e-07
 Reference value :  1.04934e-07
 Reference value :  1.08121e-07
 Reference value :  1.10960e-07
 Reference value :  1.13967e-07
 Reference value :  1.16766e-07
 Reference value :  1.19572e-07
 Reference value :  1.22303e-07
 Reference value :  1.25264e-07
 Reference value :  1.28019e-07
 Reference value :  1.30870e-07
 Reference value :  1.33763e-07
 Reference value :  1.36730e-07
 Reference value :  1.39544e-07
 Reference value :  1.42579e-07
 Reference value :  1.45251e-07
 Reference value :  1.48184e-07
 Reference value :  1.51065e-07
 Reference value :  1.53884e-07
 Reference value :  1.56551e-07
 Reference value :  1.59592e-07
 Reference value :  1.62475e-07
 Reference value :  1.65363e-07
 Reference value :  1.68188e-07
No. of Data Rows : 221009
ts40                =  3.05256e-09
ts60                =  3.07499e-09
tk                  =  7.99958e-10
tk                  =  1.55442e-09
tk                  =  2.30894e-09
tk                  =  3.06338e-09
tk                  =  3.81795e-09
tk                  =  4.57255e-09
tk                  =  5.32701e-09
tk                  =  6.08153e-09
tk                  =  6.83618e-09
tk                  =  7.59071e-09
tk                  =  8.34537e-09
tk                  =  9.10000e-09
tk                  =  9.85475e-09
tk                  =  1.06093e-08
tk                  =  1.13640e-08
tk                  =  1.21186e-08
tk                  =  1.28732e-08
tk                  =  1.36279e-08
tk                  =  1.43824e-08
tk                  =  1.51369e-08
tk                  =  1.58915e-08
tk                  =  1.66461e-08
tk                  =  1.74007e-08
tk                  =  1.81551e-08
tk                  =  1.89097e-08
tk                  =  1.96643e-08
tk                  =  2.04190e-08
tk                  =  2.11735e-08
tk                  =  2.19280e-08
tk                  =  2.26826e-08
tk                  =  2.34372e-08
tk                  =  2.41918e-08
tk                  =  2.49463e-08
tk                  =  2.57009e-08
tk                  =  2.64556e-08
tk                  =  2.72101e-08
tk                  =  2.79646e-08
tk                  =  2.87193e-08
tk                  =  2.94739e-08
tk                  =  3.02284e-08
tk                  =  3.09830e-08
tk                  =  3.17375e-08
tk                  =  3.24921e-08
tk                  =  3.32468e-08
tk                  =  3.40013e-08
tk                  =  3.47559e-08
tk                  =  3.55104e-08
tk                  =  3.62651e-08
tk                  =  3.70198e-08
tk                  =  3.77742e-08
tk                  =  3.85288e-08
tk                  =  3.92833e-08
tk                  =  4.00377e-08
tk                  =  4.07924e-08
tk                  =  4.15470e-08
tk                  =  4.23015e-08
tk                  =  4.30562e-08
tk                  =  4.38108e-08
tk                  =  4.45654e-08
tk                  =  4.53200e-08
tk                  =  4.60746e-08
tk                  =  4.68289e-08
tk                  =  4.75836e-08
tk                  =  4.83383e-08
tk                  =  4.90929e-08
tk                  =  4.98476e-08
tk                  =  5.06023e-08
tk                  =  5.13570e-08
tk                  =  5.21115e-08
tk                  =  5.28659e-08
tk                  =  5.36206e-08
tk                  =  5.43753e-08
tk                  =  5.51299e-08
tk                  =  5.58844e-08
tk                  =  5.66391e-08
tk                  =  5.73938e-08
tk                  =  5.81483e-08
tk                  =  5.89032e-08
tk                  =  5.96577e-08
tk                  =  6.04124e-08
tk                  =  6.11670e-08
tk                  =  6.19216e-08
tk                  =  6.26761e-08
tk                  =  6.34308e-08
tk                  =  6.41853e-08
tk                  =  6.49398e-08
tk                  =  6.56943e-08
tk                  =  6.64487e-08
tk                  =  6.72032e-08
tk                  =  6.79579e-08
tk                  =  6.87128e-08
tk                  =  6.94673e-08
tk                  =  7.02221e-08
tk                  =  7.09767e-08
tk                  =  7.17314e-08
tk                  =  7.24859e-08
tk                  =  7.32405e-08
tk                  =  7.39950e-08
tk                  =  7.47494e-08
tk                  =  7.55040e-08
tk                  =  7.62585e-08
tk                  =  7.70131e-08
tk                  =  7.77677e-08
tk                  =  7.85224e-08
tk                  =  7.92771e-08
tk                  =  8.00317e-08
tk                  =  8.07863e-08
tk                  =  8.15409e-08
tk                  =  8.22955e-08
tk                  =  8.30502e-08
tk                  =  8.38048e-08
tk                  =  8.45593e-08
tk                  =  8.53137e-08
tk                  =  8.60682e-08
tk                  =  8.68229e-08
tk                  =  8.75775e-08
tk                  =  8.83321e-08
tk                  =  8.90867e-08
tk                  =  8.98412e-08
tk                  =  9.05958e-08
tk                  =  9.13503e-08
tk                  =  9.21048e-08
tk                  =  9.28594e-08
tk                  =  9.36141e-08
tk                  =  9.43686e-08
tk                  =  9.51233e-08
tk                  =  9.58779e-08
tk                  =  9.66326e-08
tk                  =  9.73872e-08
m_period = 7.5458767344e-10
m_f_osc = 1.3252270547e+09
m_slew_v_per_s = 2.9427501338e+10
m_sigma_1 = 9.7411457462e-14
m_sigma_2 = 1.3292575052e-13
m_sigma_4 = 1.9615458444e-13
m_sigma_8 = 2.4568733749e-13
m_sigma_16 = 2.8277236762e-13
m_sigma_32 = 4.3218860530e-13
Note: Simulation executed from .control section 

Warning: m=xx on .subckt line will override multiplier m hierarchy!

