
Note: Compatibility modes selected: hs a


Circuit: * sampler-dff-setup-hold @ ss_27c_3.63v -- generated by sim/harness, do not edit

Doing analysis at TEMP = 27.000000 and TNOM = 27.000000

Using SPARSE 1.3 as Direct Linear Solver

Initial Transient Solution
--------------------------

Node                                   Voltage
----                                   -------
vdd                                       3.63
rst_n                                        0
clk                                          0
d                                            0
xdut.clkb                                 3.63
xdut.rst                                  3.63
xdut.m                              1.6112e-08
xdut.mb                                   3.63
xdut.mc                            4.32767e-08
xdut.s                                    3.63
q                                  2.16395e-08
xdut.qb                                   3.63
vth                                      1.815
bvth#branch                                  0
vd#branch                          6.37121e-12
vclk#branch                                  0
vrst#branch                                  0
vdd#branch                        -5.12355e-11

 Reference value :  0.00000e+00
 Reference value :  1.69365e-07
 Reference value :  3.47102e-07
 Reference value :  5.19602e-07
 Reference value :  6.89402e-07
 Reference value :  8.58405e-07
 Reference value :  1.02851e-06
 Reference value :  1.20121e-06
 Reference value :  1.34492e-06
 Reference value :  1.46352e-06
 Reference value :  1.59672e-06
 Reference value :  1.74272e-06
 Reference value :  1.91695e-06
 Reference value :  2.13205e-06
 Reference value :  2.32249e-06
 Reference value :  2.49739e-06
 Reference value :  2.67439e-06
 Reference value :  2.85022e-06
 Reference value :  3.01822e-06
 Reference value :  3.19752e-06
 Reference value :  3.36282e-06
 Reference value :  3.53392e-06
 Reference value :  3.70972e-06
 Reference value :  3.88205e-06
 Reference value :  4.05835e-06
 Reference value :  4.22515e-06
 Reference value :  4.38820e-06
 Reference value :  4.55464e-06
 Reference value :  4.72654e-06
 Reference value :  4.90035e-06
 Reference value :  5.09405e-06
 Reference value :  5.27155e-06
 Reference value :  5.44962e-06
 Reference value :  5.62862e-06
 Reference value :  5.80375e-06
 Reference value :  5.98035e-06
 Reference value :  6.16215e-06
 Reference value :  6.33090e-06
No. of Data Rows : 65270
tclk1               =  3.00001e-07
tclk2               =  1.30000e-06
tq_r1               =  3.00134e-07
tq_f1               =  1.30015e-06
q_rst               =  2.16395e-08
q_e1                =  3.63001e+00
q_e2                =  -5.96415e-06
q_e3a               =  2.44774e-04
q_e3b               =  -5.75985e-06
q_e3c               =  -5.51303e-06
q_e4                =  2.66417e-06
q_e5a               =  5.53408e-04
q_e5b               =  4.26965e-06
q_e5c               =  4.07330e-06
q_e6                =  2.66404e-06
q_e7a               =  3.63640e+00
q_e7b               =  3.63001e+00
q_e7c               =  3.63001e+00
m_tpd_clk_q_rise_s = 1.3390000000e-10
m_tpd_clk_q_fall_s = 1.5000000000e-10
m_q_rst_v = 2.1639470000e-08
m_q_e1_v = 3.6300090000e+00
m_q_e2_v = -5.964147000e-06
m_q_e4_v = 2.6641690000e-06
m_q_e3_1ns_v = 2.4477440000e-04
m_q_e3_10ns_v = -5.759848000e-06
m_q_e3_100ns_v = -5.513030000e-06
m_q_e3_drift_v = -2.502874300e-04
m_q_e3_rail_dev_v = -5.513030000e-06
m_q_e5_1ns_v = 5.5340780000e-04
m_q_e5_10ns_v = 4.2696530000e-06
m_q_e5_100ns_v = 4.0732990000e-06
m_q_e5_drift_v = -5.493345010e-04
m_q_e5_rail_dev_v = 4.0732990001e-06
m_q_e6_v = 2.6640390000e-06
m_q_e7_1ns_v = 3.6363960000e+00
m_q_e7_10ns_v = 3.6300100000e+00
m_q_e7_100ns_v = 3.6300090000e+00
m_q_e7_drift_v = -6.387000000e-03
m_q_e7_rail_dev_v = -8.999996948e-06
Note: Simulation executed from .control section 

Warning: m=xx on .subckt line will override multiplier m hierarchy!

