
Note: Compatibility modes selected: hs a


Circuit: * sampler-dff-active-current @ ff_-40c_3.30v -- generated by sim/harness, do not edit

Doing analysis at TEMP = -40.000000 and TNOM = 27.000000

Using SPARSE 1.3 as Direct Linear Solver

Initial Transient Solution
--------------------------

Node                                   Voltage
----                                   -------
vsup                                       3.3
clk                                          0
rst_n                                        0
d                                            0
vddv                                       3.3
vddb                                       3.3
xsv.clkb                                   3.3
xsv.m                                      3.3
xsv.mb                                     3.3
xsv.mmid                               2.75183
xsv.mc                             2.82613e-08
xsv.s                                      3.3
qv                                 1.39663e-08
xsv.qb                                     3.3
xsv.s2mid                            0.0105529
xsb.clkb                                   3.3
xsb.m                              2.77322e-08
xsb.mb                                     3.3
xsb.mmid                             0.0105529
xsb.mc                              2.7932e-08
xsb.s                                      3.3
qb                                 1.39663e-08
xsb.qb                                     3.3
xsb.s2mid                            0.0105529
q1                                -4.87529e-21
q2                                -5.31719e-21
vd#branch                          9.95138e-12
vr2#branch                         4.32206e-11
vr1#branch                         4.87529e-11
vrst#branch                                  0
vclk#branch                                  0
vsup#branch                       -9.19735e-11

 Reference value :  0.00000e+00
 Reference value :  9.63777e-09
 Reference value :  1.97978e-08
 Reference value :  3.09968e-08
 Reference value :  4.12368e-08
 Reference value :  5.26168e-08
No. of Data Rows : 3777
q1a                 =  -1.75939e-05
q1b                 =  -1.75942e-05
q1c                 =  -2.51883e-05
q1d                 =  -2.51886e-05
q1e                 =  -2.51883e-05
q1f                 =  -3.27411e-05
q2a                 =  -9.46289e-05
q2b                 =  -9.46292e-05
q2c                 =  -1.18639e-04
q2d                 =  -1.67171e-04
q2e                 =  -1.18639e-04
q2f                 =  -2.08417e-04
qv_pre              =  1.39662e-08
qv_post             =  3.30000e+00
qb_pre              =  -7.35735e-08
qb_post             =  3.30000e+00
vdd_mean            =  3.30000e+00 from=  3.20000e-08 to=  5.30168e-08
m_q_d_shut_c = 5.0000000001e-20
m_q_d_open_c = 8.0887833333e-15
m_e_d_shut_j = 1.6500000000e-19
m_e_d_open_j = 2.6692985000e-14
m_q_clkcyc_xsv_c = 7.5528400000e-15
m_e_clkcyc_xsv_j = 2.4924372000e-14
m_q_clkcyc_xsb_resid_c = 8.0078333333e-16
m_q_cyc_xsb_total_c = 8.9777900000e-14
m_q_d_shut_xsv_c = 5.0000000000e-20
m_q_d_open_xsv_c = 5.0000000000e-20
m_vdd_mean_v = 3.3000000000e+00
m_qv_pre_v = 1.3966180000e-08
m_qv_post_v = 3.3000000000e+00
m_qb_pre_v = -7.357354000e-08
m_qb_post_v = 3.3000000000e+00
Note: Simulation executed from .control section 

Warning: m=xx on .subckt line will override multiplier m hierarchy!

