
Note: Compatibility modes selected: hs a


Circuit: * ro-array-core-startup @ ff_125c_3.63v -- generated by sim/harness, do not edit

Doing analysis at TEMP = 125.000000 and TNOM = 27.000000

Using SPARSE 1.3 as Direct Linear Solver

Initial Transient Solution
--------------------------

Node                                   Voltage
----                                   -------
vsup                                      3.63
en                                           0
xdut.xr1.xg.py                         3.62989
xdut.xr1.n1                            3.62988
xdut.ro1                                3.6298
xdut.xr1.xg.nm                         3.16009
xdut.xr1.xg.ny                      3.8501e-05
xdut.xr1.x1.py                         3.62999
xdut.xr1.n2                        4.98456e-06
xdut.xr1.x1.ny                     4.30469e-06
xdut.xr1.x2.py                         3.62981
xdut.xr1.n3                             3.6298
xdut.xr1.x2.ny                     6.26149e-05
xdut.xr1.x3.py                         3.62999
xdut.xr1.n4                        4.99258e-06
xdut.xr1.x3.ny                     4.31161e-06
xdut.xr1.x4.py                         3.62981
xdut.xr1.n5                             3.6298
xdut.xr1.x4.ny                      6.2615e-05
xdut.xr1.x5.py                         3.62999
xdut.xr1.n6                        4.99258e-06
xdut.xr1.x5.ny                     4.31161e-06
xdut.xr1.x6.py                         3.62981
xdut.xr1.n7                             3.6298
xdut.xr1.x6.ny                      6.2615e-05
xdut.xr1.x7.py                         3.62999
xdut.xr1.n8                        4.99258e-06
xdut.xr1.x7.ny                     4.31161e-06
xdut.xr1.x8.py                         3.62981
xdut.xr1.n9                             3.6298
xdut.xr1.x8.ny                      6.2615e-05
xdut.xr1.x9.py                         3.62999
xdut.xr1.n10                       4.99258e-06
xdut.xr1.x9.ny                     4.31161e-06
xdut.xr1.x10.py                        3.62981
xdut.xr1.x10.ny                     6.2615e-05
xdut.xr2.xg.py                         3.62989
xdut.xr2.n1                            3.62988
xdut.ro2                               3.62981
xdut.xr2.xg.nm                          3.1601
xdut.xr2.xg.ny                     3.58951e-05
xdut.xr2.x1.py                         3.62999
xdut.xr2.n2                        4.69241e-06
xdut.xr2.x1.ny                     4.01261e-06
xdut.xr2.x2.py                         3.62982
xdut.xr2.n3                            3.62981
xdut.xr2.x2.ny                     5.83791e-05
xdut.xr2.x3.py                         3.62999
xdut.xr2.n4                        4.69958e-06
xdut.xr2.x3.ny                     4.01873e-06
xdut.xr2.x4.py                         3.62982
xdut.xr2.n5                            3.62981
xdut.xr2.x4.ny                     5.83791e-05
xdut.xr2.x5.py                         3.62999
xdut.xr2.n6                        4.69958e-06
xdut.xr2.x5.ny                     4.01873e-06
xdut.xr2.x6.py                         3.62982
xdut.xr2.n7                            3.62981
xdut.xr2.x6.ny                     5.83791e-05
xdut.xr2.x7.py                         3.62999
xdut.xr2.n8                        4.69958e-06
xdut.xr2.x7.ny                     4.01873e-06
xdut.xr2.x8.py                         3.62982
xdut.xr2.n9                            3.62981
xdut.xr2.x8.ny                     5.83791e-05
xdut.xr2.x9.py                         3.62999
xdut.xr2.n10                       4.69958e-06
xdut.xr2.x9.ny                     4.01873e-06
xdut.xr2.x10.py                        3.62982
xdut.xr2.x10.ny                    5.83791e-05
xdut.xa1.an                        6.81184e-07
xdut.xa1.bn                        6.81043e-07
xdut.xa1.mid                          0.589147
xo                                 1.99751e-06
xdut.xa1.s1                        9.98755e-07
xdut.xa1.s2                        9.97594e-07
vth                                      1.815
bvth#branch                                  0
ven#branch                                   0
vsup#branch                       -2.15399e-08

 Reference value :  0.00000e+00
 Reference value :  6.64560e-10
 Reference value :  1.34056e-09
 Reference value :  2.04256e-09
 Reference value :  2.79856e-09
 Reference value :  3.54056e-09
 Reference value :  4.23256e-09
 Reference value :  4.92056e-09
 Reference value :  5.60317e-09
 Reference value :  6.27117e-09
 Reference value :  6.95117e-09
 Reference value :  7.63317e-09
 Reference value :  8.34317e-09
 Reference value :  9.03517e-09
 Reference value :  9.70917e-09
 Reference value :  1.04152e-08
 Reference value :  1.10832e-08
 Reference value :  1.17912e-08
 Reference value :  1.24952e-08
 Reference value :  1.31612e-08
 Reference value :  1.38532e-08
 Reference value :  1.45372e-08
 Reference value :  1.52132e-08
 Reference value :  1.58952e-08
 Reference value :  1.65812e-08
 Reference value :  1.72612e-08
 Reference value :  1.79432e-08
 Reference value :  1.86112e-08
 Reference value :  1.92992e-08
 Reference value :  1.99792e-08
 Reference value :  2.06472e-08
 Reference value :  2.13252e-08
 Reference value :  2.19972e-08
 Reference value :  2.26912e-08
 Reference value :  2.33552e-08
 Reference value :  2.40452e-08
 Reference value :  2.47352e-08
 Reference value :  2.54792e-08
 Reference value :  2.61752e-08
 Reference value :  2.68592e-08
 Reference value :  2.75392e-08
 Reference value :  2.82152e-08
 Reference value :  2.89192e-08
 Reference value :  2.95972e-08
 Reference value :  3.02912e-08
 Reference value :  3.09672e-08
 Reference value :  3.16792e-08
 Reference value :  3.23612e-08
 Reference value :  3.30492e-08
 Reference value :  3.37252e-08
 Reference value :  3.43992e-08
 Reference value :  3.50712e-08
 Reference value :  3.57392e-08
 Reference value :  3.64392e-08
 Reference value :  3.71132e-08
 Reference value :  3.77792e-08
 Reference value :  3.84552e-08
 Reference value :  3.91492e-08
 Reference value :  3.98092e-08
 Reference value :  4.05032e-08
 Reference value :  4.12352e-08
 Reference value :  4.19712e-08
 Reference value :  4.26592e-08
 Reference value :  4.33792e-08
 Reference value :  4.40812e-08
 Reference value :  4.47812e-08
 Reference value :  4.54612e-08
 Reference value :  4.61812e-08
 Reference value :  4.68612e-08
 Reference value :  4.75892e-08
 Reference value :  4.82732e-08
 Reference value :  4.89392e-08
 Reference value :  4.96392e-08
 Reference value :  5.03112e-08
 Reference value :  5.09952e-08
 Reference value :  5.17012e-08
 Reference value :  5.23812e-08
 Reference value :  5.32532e-08
 Reference value :  5.39312e-08
 Reference value :  5.46312e-08
 Reference value :  5.53412e-08
 Reference value :  5.60312e-08
 Reference value :  5.66932e-08
 Reference value :  5.73752e-08
 Reference value :  5.80852e-08
 Reference value :  5.87992e-08
 Reference value :  5.94912e-08
 Reference value :  6.01772e-08
 Reference value :  6.08532e-08
 Reference value :  6.15592e-08
 Reference value :  6.22532e-08
 Reference value :  6.29492e-08
 Reference value :  6.36252e-08
 Reference value :  6.42832e-08
 Reference value :  6.49652e-08
 Reference value :  6.56412e-08
 Reference value :  6.64052e-08
 Reference value :  6.70732e-08
 Reference value :  6.78412e-08
 Reference value :  6.85252e-08
 Reference value :  6.92212e-08
 Reference value :  6.99012e-08
 Reference value :  7.07892e-08
 Reference value :  7.14792e-08
 Reference value :  7.22032e-08
 Reference value :  7.28972e-08
 Reference value :  7.35772e-08
 Reference value :  7.42492e-08
 Reference value :  7.49332e-08
 Reference value :  7.56172e-08
 Reference value :  7.63192e-08
 Reference value :  7.70152e-08
 Reference value :  7.76812e-08
 Reference value :  7.84732e-08
 Reference value :  7.91812e-08
 Reference value :  7.98812e-08
 Reference value :  8.05392e-08
 Reference value :  8.12132e-08
 Reference value :  8.18912e-08
 Reference value :  8.25672e-08
 Reference value :  8.32912e-08
 Reference value :  8.42012e-08
 Reference value :  8.49312e-08
 Reference value :  8.56032e-08
 Reference value :  8.63012e-08
 Reference value :  8.70072e-08
 Reference value :  8.76812e-08
 Reference value :  8.83432e-08
 Reference value :  8.90232e-08
 Reference value :  8.97012e-08
 Reference value :  9.03892e-08
 Reference value :  9.10652e-08
 Reference value :  9.17232e-08
 Reference value :  9.24152e-08
 Reference value :  9.30992e-08
 Reference value :  9.37852e-08
 Reference value :  9.44852e-08
 Reference value :  9.51652e-08
 Reference value :  9.58592e-08
 Reference value :  9.65212e-08
 Reference value :  9.72292e-08
 Reference value :  9.79052e-08
 Reference value :  9.85992e-08
 Reference value :  9.92652e-08
 Reference value :  9.99392e-08
 Reference value :  1.00615e-07
 Reference value :  1.01311e-07
 Reference value :  1.01989e-07
 Reference value :  1.02665e-07
 Reference value :  1.03331e-07
 Reference value :  1.04001e-07
 Reference value :  1.04695e-07
 Reference value :  1.05377e-07
 Reference value :  1.06053e-07
 Reference value :  1.06809e-07
 Reference value :  1.07485e-07
 Reference value :  1.08181e-07
 Reference value :  1.08869e-07
 Reference value :  1.09535e-07
 Reference value :  1.10221e-07
 Reference value :  1.10917e-07
 Reference value :  1.11589e-07
 Reference value :  1.12283e-07
 Reference value :  1.12969e-07
 Reference value :  1.13641e-07
 Reference value :  1.14333e-07
 Reference value :  1.15007e-07
 Reference value :  1.15687e-07
 Reference value :  1.16393e-07
 Reference value :  1.17109e-07
 Reference value :  1.17781e-07
 Reference value :  1.18485e-07
 Reference value :  1.19163e-07
 Reference value :  1.19879e-07
 Reference value :  1.20555e-07
 Reference value :  1.21233e-07
 Reference value :  1.21921e-07
 Reference value :  1.22605e-07
 Reference value :  1.23283e-07
 Reference value :  1.23975e-07
 Reference value :  1.24661e-07
 Reference value :  1.25321e-07
 Reference value :  1.25987e-07
 Reference value :  1.26687e-07
 Reference value :  1.27349e-07
 Reference value :  1.28051e-07
 Reference value :  1.28723e-07
 Reference value :  1.29415e-07
 Reference value :  1.30093e-07
 Reference value :  1.30765e-07
 Reference value :  1.31443e-07
 Reference value :  1.32133e-07
 Reference value :  1.32801e-07
 Reference value :  1.33481e-07
 Reference value :  1.34161e-07
 Reference value :  1.34839e-07
 Reference value :  1.35525e-07
 Reference value :  1.36193e-07
 Reference value :  1.36887e-07
 Reference value :  1.37573e-07
 Reference value :  1.38239e-07
 Reference value :  1.38959e-07
 Reference value :  1.39633e-07
 Reference value :  1.40361e-07
 Reference value :  1.41051e-07
 Reference value :  1.41727e-07
 Reference value :  1.42429e-07
 Reference value :  1.43131e-07
 Reference value :  1.43817e-07
 Reference value :  1.44511e-07
 Reference value :  1.45185e-07
 Reference value :  1.45849e-07
 Reference value :  1.46517e-07
 Reference value :  1.47189e-07
 Reference value :  1.47869e-07
 Reference value :  1.48549e-07
 Reference value :  1.49261e-07
 Reference value :  1.49937e-07
 Reference value :  1.50651e-07
 Reference value :  1.51333e-07
 Reference value :  1.52009e-07
 Reference value :  1.52717e-07
 Reference value :  1.53383e-07
 Reference value :  1.54123e-07
 Reference value :  1.55091e-07
 Reference value :  1.55765e-07
 Reference value :  1.56437e-07
 Reference value :  1.57095e-07
 Reference value :  1.57801e-07
 Reference value :  1.58483e-07
 Reference value :  1.59173e-07
 Reference value :  1.59859e-07
 Reference value :  1.60521e-07
 Reference value :  1.61233e-07
 Reference value :  1.61897e-07
 Reference value :  1.62557e-07
 Reference value :  1.63213e-07
 Reference value :  1.63849e-07
 Reference value :  1.64551e-07
 Reference value :  1.65241e-07
 Reference value :  1.65907e-07
 Reference value :  1.66549e-07
 Reference value :  1.67183e-07
 Reference value :  1.67853e-07
 Reference value :  1.68489e-07
 Reference value :  1.69165e-07
 Reference value :  1.69833e-07
 Reference value :  1.70487e-07
 Reference value :  1.71145e-07
 Reference value :  1.71809e-07
 Reference value :  1.72493e-07
 Reference value :  1.73139e-07
 Reference value :  1.73775e-07
 Reference value :  1.74391e-07
 Reference value :  1.75011e-07
 Reference value :  1.75635e-07
 Reference value :  1.76303e-07
 Reference value :  1.76979e-07
 Reference value :  1.77617e-07
 Reference value :  1.78259e-07
 Reference value :  1.78927e-07
 Reference value :  1.79553e-07
No. of Data Rows : 90016
t1r1                =  1.24905e-08
t2r1                =  1.98027e-08
t3r1                =  2.71046e-08
t4r1                =  3.43998e-08
t5r1                =  4.16888e-08
t6r1                =  4.89739e-08
t7r1                =  5.62445e-08
t8r1                =  6.34782e-08
t9r1                =  7.07484e-08
t10r1               =  7.80133e-08
t1r2                =  1.20516e-08
t2r2                =  1.89377e-08
t3r2                =  2.58237e-08
t4r2                =  3.27084e-08
t5r2                =  3.95913e-08
t6r2                =  4.64729e-08
t7r2                =  5.33552e-08
t8r2                =  6.02383e-08
t9r2                =  6.71190e-08
t10r2               =  7.39912e-08
t1xo                =  8.32233e-09
t2xo                =  1.21938e-08
t3xo                =  1.52417e-08
t4xo                =  1.90459e-08
vhi_early           =  3.75304e+00 at=  2.23632e-08
vlo_early           =  -2.92583e-02 at=  2.59232e-08
vhi_late            =  3.67073e+00 at=  1.53573e-07
vlo_late            =  -2.22176e-02 at=  1.79037e-07
vxhi_early          =  3.63681e+00 at=  4.81132e-08
vxlo_early          =  -4.31861e-03 at=  4.60832e-08
vxhi_late           =  3.63684e+00 at=  1.64737e-07
vxlo_late           =  -4.48205e-03 at=  1.76827e-07
v_off_ro1           =  3.62980e+00
v_off_xo            =  1.99751e-06
m_en_assert_s = 5.0000000000e-09
m_t1r1_s = 1.2490460000e-08
m_t2r1_s = 1.9802730000e-08
m_t3r1_s = 2.7104580000e-08
m_t4r1_s = 3.4399830000e-08
m_t5r1_s = 4.1688810000e-08
m_t6r1_s = 4.8973950000e-08
m_t7r1_s = 5.6244500000e-08
m_t8r1_s = 6.3478190000e-08
m_t9r1_s = 7.0748430000e-08
m_t10r1_s = 7.8013300000e-08
m_t1r2_s = 1.2051580000e-08
m_t2r2_s = 1.8937650000e-08
m_t3r2_s = 2.5823730000e-08
m_t4r2_s = 3.2708410000e-08
m_t5r2_s = 3.9591250000e-08
m_t6r2_s = 4.6472870000e-08
m_t7r2_s = 5.3355170000e-08
m_t8r2_s = 6.0238290000e-08
m_t9r2_s = 6.7118990000e-08
m_t10r2_s = 7.3991230000e-08
m_t1xo_s = 8.3223310000e-09
m_t2xo_s = 1.2193840000e-08
m_t3xo_s = 1.5241710000e-08
m_t4xo_s = 1.9045860000e-08
m_ring_swing_early_v = 3.7822952600e+00
m_ring_swing_late_v = 3.6929476100e+00
m_xo_swing_early_v = 3.6411286130e+00
m_xo_swing_late_v = 3.6413250490e+00
m_v_ro1_off_v = 3.6297950000e+00
m_v_xo_off_v = 1.9975130000e-06
Note: Simulation executed from .control section 

Warning: m=xx on .subckt line will override multiplier m hierarchy!

Note: Starting dynamic gmin stepping
Warning: Dynamic gmin stepping failed
Note: Starting true gmin stepping
Note: True gmin stepping completed
