
Note: Compatibility modes selected: hs a


Circuit: * sampler-core-idle-leakage @ fs_27c_3.30v -- generated by sim/harness, do not edit

Doing analysis at TEMP = 27.000000 and TNOM = 27.000000

Using SPARSE 1.3 as Direct Linear Solver

Initial Transient Solution
--------------------------

Node                                   Voltage
----                                   -------
vsup                                       3.3
en                                           0
rst_n                                        0
clk0                                         0
clk1                                         0
vdda                                       3.3
vddb                                       3.3
xduta.xdut.xr1.xg.py                       3.3
xduta.xdut.xr1.n1                          3.3
xduta.xdut.ro1                             3.3
xduta.xdut.xr1.xg.nm                   2.82699
xduta.xdut.xr1.xg.ny               8.87638e-08
xduta.xdut.xr1.x1.py                       3.3
xduta.xdut.xr1.n2                  1.15321e-07
xduta.xdut.xr1.x1.ny               9.81401e-08
xduta.xdut.xr1.x2.py                       3.3
xduta.xdut.xr1.n3                          3.3
xduta.xdut.xr1.x2.ny               2.12433e-07
xduta.xdut.xr1.x3.py                       3.3
xduta.xdut.xr1.n4                  1.15321e-07
xduta.xdut.xr1.x3.ny               9.81401e-08
xduta.xdut.xr1.x4.py                       3.3
xduta.xdut.xr1.n5                          3.3
xduta.xdut.xr1.x4.ny               2.12433e-07
xduta.xdut.xr1.x5.py                       3.3
xduta.xdut.xr1.n6                  1.15321e-07
xduta.xdut.xr1.x5.ny               9.81401e-08
xduta.xdut.xr1.x6.py                       3.3
xduta.xdut.xr1.n7                          3.3
xduta.xdut.xr1.x6.ny               2.12433e-07
xduta.xdut.xr1.x7.py                       3.3
xduta.xdut.xr1.n8                  1.15321e-07
xduta.xdut.xr1.x7.ny               9.81401e-08
xduta.xdut.xr1.x8.py                       3.3
xduta.xdut.xr1.n9                          3.3
xduta.xdut.xr1.x8.ny               2.12433e-07
xduta.xdut.xr1.x9.py                       3.3
xduta.xdut.xr1.n10                 1.15321e-07
xduta.xdut.xr1.x9.ny               9.81401e-08
xduta.xdut.xr1.x10.py                      3.3
xduta.xdut.xr1.x10.ny              2.12433e-07
xduta.xdut.xr2.xg.py                       3.3
xduta.xdut.xr2.n1                          3.3
xduta.xdut.ro2                             3.3
xduta.xdut.xr2.xg.nm                   2.82703
xduta.xdut.xr2.xg.ny               8.26017e-08
xduta.xdut.xr2.x1.py                       3.3
xduta.xdut.xr2.n2                  1.08504e-07
xduta.xdut.xr2.x1.ny               9.13235e-08
xduta.xdut.xr2.x2.py                       3.3
xduta.xdut.xr2.n3                          3.3
xduta.xdut.xr2.x2.ny               1.97678e-07
xduta.xdut.xr2.x3.py                       3.3
xduta.xdut.xr2.n4                  1.08504e-07
xduta.xdut.xr2.x3.ny               9.13235e-08
xduta.xdut.xr2.x4.py                       3.3
xduta.xdut.xr2.n5                          3.3
xduta.xdut.xr2.x4.ny               1.97678e-07
xduta.xdut.xr2.x5.py                       3.3
xduta.xdut.xr2.n6                  1.08504e-07
xduta.xdut.xr2.x5.ny               9.13235e-08
xduta.xdut.xr2.x6.py                       3.3
xduta.xdut.xr2.n7                          3.3
xduta.xdut.xr2.x6.ny               1.97678e-07
xduta.xdut.xr2.x7.py                       3.3
xduta.xdut.xr2.n8                  1.08504e-07
xduta.xdut.xr2.x7.ny               9.13235e-08
xduta.xdut.xr2.x8.py                       3.3
xduta.xdut.xr2.n9                          3.3
xduta.xdut.xr2.x8.ny               1.97678e-07
xduta.xdut.xr2.x9.py                       3.3
xduta.xdut.xr2.n10                 1.08504e-07
xduta.xdut.xr2.x9.ny               9.13235e-08
xduta.xdut.xr2.x10.py                      3.3
xduta.xdut.xr2.x10.ny              1.97678e-07
xduta.xdut.xa1.an                  1.71805e-08
xduta.xdut.xa1.bn                  1.71805e-08
xduta.xdut.xa1.mid                    0.878645
xduta.xo                           1.65722e-07
xduta.xdut.xa1.s1                  8.28608e-08
xduta.xdut.xa1.s2                  7.01271e-08
xduta.xsb.clkb                             3.3
xduta.xsb.m                        1.99974e-07
xduta.xsb.mb                               3.3
xduta.xsb.mmid                       0.0734326
xduta.xsb.mc                       3.43573e-08
xduta.xsb.s                                3.3
rba                                1.71805e-08
xduta.xsb.qb                               3.3
xduta.xsb.s2mid                      0.0734325
xduta.xsv.clkb                             3.3
xduta.xsv.m                                3.3
xduta.xsv.mb                               3.3
xduta.xsv.mmid                         2.82703
xduta.xsv.mc                       7.15497e-08
xduta.xsv.s                                3.3
rva                                1.71805e-08
xduta.xsv.qb                               3.3
xduta.xsv.s2mid                      0.0734327
xdutb.xdut.xr1.xg.py                       3.3
xdutb.xdut.xr1.n1                          3.3
xdutb.xdut.ro1                             3.3
xdutb.xdut.xr1.xg.nm                   2.82703
xdutb.xdut.xr1.xg.ny               8.87672e-08
xdutb.xdut.xr1.x1.py                       3.3
xdutb.xdut.xr1.n2                  1.15321e-07
xdutb.xdut.xr1.x1.ny               9.81401e-08
xdutb.xdut.xr1.x2.py                       3.3
xdutb.xdut.xr1.n3                          3.3
xdutb.xdut.xr1.x2.ny               2.12433e-07
xdutb.xdut.xr1.x3.py                       3.3
xdutb.xdut.xr1.n4                  1.15321e-07
xdutb.xdut.xr1.x3.ny               9.81401e-08
xdutb.xdut.xr1.x4.py                       3.3
xdutb.xdut.xr1.n5                          3.3
xdutb.xdut.xr1.x4.ny               2.12433e-07
xdutb.xdut.xr1.x5.py                       3.3
xdutb.xdut.xr1.n6                  1.15321e-07
xdutb.xdut.xr1.x5.ny               9.81401e-08
xdutb.xdut.xr1.x6.py                       3.3
xdutb.xdut.xr1.n7                          3.3
xdutb.xdut.xr1.x6.ny               2.12433e-07
xdutb.xdut.xr1.x7.py                       3.3
xdutb.xdut.xr1.n8                  1.15321e-07
xdutb.xdut.xr1.x7.ny               9.81401e-08
xdutb.xdut.xr1.x8.py                       3.3
xdutb.xdut.xr1.n9                          3.3
xdutb.xdut.xr1.x8.ny               2.12433e-07
xdutb.xdut.xr1.x9.py                       3.3
xdutb.xdut.xr1.n10                 1.15321e-07
xdutb.xdut.xr1.x9.ny               9.81401e-08
xdutb.xdut.xr1.x10.py                      3.3
xdutb.xdut.xr1.x10.ny              2.12433e-07
xdutb.xdut.xr2.xg.py                       3.3
xdutb.xdut.xr2.n1                          3.3
xdutb.xdut.ro2                             3.3
xdutb.xdut.xr2.xg.nm                   2.82703
xdutb.xdut.xr2.xg.ny               8.26017e-08
xdutb.xdut.xr2.x1.py                       3.3
xdutb.xdut.xr2.n2                  1.08504e-07
xdutb.xdut.xr2.x1.ny               9.13235e-08
xdutb.xdut.xr2.x2.py                       3.3
xdutb.xdut.xr2.n3                          3.3
xdutb.xdut.xr2.x2.ny               1.97678e-07
xdutb.xdut.xr2.x3.py                       3.3
xdutb.xdut.xr2.n4                  1.08504e-07
xdutb.xdut.xr2.x3.ny               9.13235e-08
xdutb.xdut.xr2.x4.py                       3.3
xdutb.xdut.xr2.n5                          3.3
xdutb.xdut.xr2.x4.ny               1.97678e-07
xdutb.xdut.xr2.x5.py                       3.3
xdutb.xdut.xr2.n6                  1.08504e-07
xdutb.xdut.xr2.x5.ny               9.13235e-08
xdutb.xdut.xr2.x6.py                       3.3
xdutb.xdut.xr2.n7                          3.3
xdutb.xdut.xr2.x6.ny               1.97678e-07
xdutb.xdut.xr2.x7.py                       3.3
xdutb.xdut.xr2.n8                  1.08504e-07
xdutb.xdut.xr2.x7.ny               9.13235e-08
xdutb.xdut.xr2.x8.py                       3.3
xdutb.xdut.xr2.n9                          3.3
xdutb.xdut.xr2.x8.ny               1.97678e-07
xdutb.xdut.xr2.x9.py                       3.3
xdutb.xdut.xr2.n10                 1.08504e-07
xdutb.xdut.xr2.x9.ny               9.13235e-08
xdutb.xdut.xr2.x10.py                      3.3
xdutb.xdut.xr2.x10.ny              1.97678e-07
xdutb.xdut.xa1.an                  1.71805e-08
xdutb.xdut.xa1.bn                  1.71805e-08
xdutb.xdut.xa1.mid                    0.878644
xdutb.xo                           1.65721e-07
xdutb.xdut.xa1.s1                  8.28603e-08
xdutb.xdut.xa1.s2                  7.01267e-08
xdutb.xsb.clkb                             3.3
xdutb.xsb.m                        1.99973e-07
xdutb.xsb.mb                               3.3
xdutb.xsb.mmid                       0.0734326
xdutb.xsb.mc                       3.43573e-08
xdutb.xsb.s                                3.3
rbb                                1.71805e-08
xdutb.xsb.qb                               3.3
xdutb.xsb.s2mid                      0.0734325
xdutb.xsv.clkb                             3.3
xdutb.xsv.m                                3.3
xdutb.xsv.mb                               3.3
xdutb.xsv.mmid                         2.82703
xdutb.xsv.mc                       7.15497e-08
xdutb.xsv.s                                3.3
rvb                                1.71805e-08
xdutb.xsv.qb                               3.3
xdutb.xsv.s2mid                      0.0734326
qa                                -3.04909e-20
qb                                -3.04914e-20
vsb#branch                         3.04914e-10
vsa#branch                         3.04909e-10
vclk1#branch                                 0
vclk0#branch                                 0
vrst#branch                                  0
ven#branch                                   0
vsup#branch                       -6.09823e-10

 Reference value :  0.00000e+00
 Reference value :  2.12560e-08
 Reference value :  4.36560e-08
 Reference value :  6.64560e-08
 Reference value :  8.94560e-08
 Reference value :  1.04852e-07
 Reference value :  1.21452e-07
 Reference value :  1.43852e-07
 Reference value :  1.66652e-07
 Reference value :  1.89652e-07
 Reference value :  2.04228e-07
 Reference value :  2.20228e-07
 Reference value :  2.39228e-07
 Reference value :  2.62628e-07
 Reference value :  2.86628e-07
 Reference value :  3.03772e-07
 Reference value :  3.21172e-07
 Reference value :  3.44372e-07
 Reference value :  3.66972e-07
 Reference value :  3.89572e-07
 Reference value :  4.12172e-07
 Reference value :  4.34972e-07
 Reference value :  4.57572e-07
 Reference value :  4.80372e-07
 Reference value :  5.03172e-07
 Reference value :  5.26172e-07
 Reference value :  5.48772e-07
 Reference value :  5.72372e-07
 Reference value :  5.96372e-07
 Reference value :  6.19972e-07
 Reference value :  6.43172e-07
 Reference value :  6.66372e-07
 Reference value :  6.88772e-07
 Reference value :  7.11372e-07
 Reference value :  7.34772e-07
 Reference value :  7.59772e-07
 Reference value :  7.82772e-07
 Reference value :  8.05372e-07
 Reference value :  8.27972e-07
 Reference value :  8.50772e-07
 Reference value :  8.73372e-07
 Reference value :  8.96372e-07
 Reference value :  9.18772e-07
 Reference value :  9.41972e-07
 Reference value :  9.64372e-07
 Reference value :  9.87372e-07
No. of Data Rows : 5059
qax                 =  -2.95813e-05
qa0                 =  -2.96796e-05
qa1                 =  -2.97764e-05
qbx                 =  -1.42442e-05
qb0                 =  -1.43050e-05
qb1                 =  -1.43658e-05
vro1                =  3.30000e+00
vro2                =  3.30000e+00
vxo                 =  7.36336e-07
vn1                 =  3.30000e+00
vn2                 =  1.13595e-07
vrba                =  -5.66463e-06
vrva                =  3.30000e+00
vrbb                =  1.79472e-08
vrvb                =  3.30000e+00
vsupm               =  3.30000e+00
m_i_idle_clklo_a = 4.8440000000e-10
m_i_idle_clkhi_a = 3.0390000000e-10
m_p_idle_clklo_w = 1.5985200000e-09
m_p_idle_clkhi_w = 1.0028700000e-09
m_i_idle_clklo_prev_a = 4.9135000000e-10
m_i_idle_clkhi_prev_a = 3.0390000000e-10
m_i_idle_worst_a = 4.8440000000e-10
m_p_idle_worst_w = 1.5985200000e-09
m_v_ro1_v = 3.2999980000e+00
m_v_ro2_v = 3.2999990000e+00
m_v_xo_v = 7.3633590000e-07
m_v_n1_v = 3.2999990000e+00
m_v_n2_v = 1.1359520000e-07
m_v_rawbit_clklo_v = -5.664630000e-06
m_v_rawvalid_clklo_v = 3.2999980000e+00
m_v_rawbit_clkhi_v = 1.7947240000e-08
m_v_rawvalid_clkhi_v = 3.3000000000e+00
m_v_sup_v = 3.3000000000e+00
Note: Simulation executed from .control section 

Warning: m=xx on .subckt line will override multiplier m hierarchy!

