
Note: Compatibility modes selected: hs a


Circuit: * sampler-dff-reset-clocked @ sf_27c_2.97v -- generated by sim/harness, do not edit

Doing analysis at TEMP = 27.000000 and TNOM = 27.000000

Using SPARSE 1.3 as Direct Linear Solver

Initial Transient Solution
--------------------------

Node                                   Voltage
----                                   -------
vdd                                       2.97
rst_n                                        0
clk                                          0
d                                         2.97
xdut.clkb                                 2.97
xdut.m                                    2.97
xdut.mb                                   2.97
xdut.mmid                              2.38419
xdut.mc                            3.92332e-08
xdut.s                                    2.97
q                                  1.94189e-08
xdut.qb                                   2.97
xdut.s2mid                            0.012256
vth                                      1.485
bvth#branch                                  0
vd#branch                         -9.05009e-12
vclk#branch                                  0
vrst#branch                                  0
vdd#branch                        -3.47712e-11

 Reference value :  0.00000e+00
 Reference value :  1.52528e-07
 Reference value :  3.08128e-07
 Reference value :  4.62828e-07
 Reference value :  6.21736e-07
 Reference value :  7.83036e-07
 Reference value :  9.43236e-07
 Reference value :  1.10475e-06
 Reference value :  1.26275e-06
 Reference value :  1.42285e-06
 Reference value :  1.57864e-06
 Reference value :  1.73994e-06
 Reference value :  1.90324e-06
 Reference value :  2.07485e-06
 Reference value :  2.23095e-06
 Reference value :  2.39115e-06
 Reference value :  2.55224e-06
 Reference value :  2.71474e-06
 Reference value :  2.87714e-06
 Reference value :  3.04225e-06
 Reference value :  3.20925e-06
 Reference value :  3.37685e-06
 Reference value :  3.54104e-06
 Reference value :  3.69896e-06
 Reference value :  3.86346e-06
 Reference value :  4.01944e-06
 Reference value :  4.18634e-06
 Reference value :  4.35834e-06
 Reference value :  4.51561e-06
 Reference value :  4.68311e-06
 Reference value :  4.84951e-06
 Reference value :  5.01325e-06
 Reference value :  5.18155e-06
 Reference value :  5.34735e-06
 Reference value :  5.51524e-06
 Reference value :  5.68404e-06
 Reference value :  5.84684e-06
No. of Data Rows : 60177
q_rst_max           =  1.22002e-01 at=  1.50000e-06
s_rst_min           =  2.52190e+00 at=  1.00000e-06
q_rel               =  9.63955e-07
q_cap               =  2.97001e+00
mb_rst_min          =  2.83361e+00 at=  1.00000e-06
m_q_rst_max_v = 1.2200240000e-01
m_q_rst_max_frac = 4.1078249158e-02
m_s_rst_min_v = 2.5218970000e+00
m_s_rst_dev_frac = 1.5087643098e-01
m_mb_rst_min_v = 2.8336110000e+00
m_q_rel_v = 9.6395460000e-07
m_q_cap_v = 2.9700050000e+00
Note: Simulation executed from .control section 

Warning: m=xx on .subckt line will override multiplier m hierarchy!

