
Note: Compatibility modes selected: hs a


Circuit: * ro-inv-05stage-power @ ss_-40c_3.30v -- generated by sim/harness, do not edit

Doing analysis at TEMP = -40.000000 and TNOM = 27.000000

Using SPARSE 1.3 as Direct Linear Solver

Initial Transient Solution
--------------------------

Node                                   Voltage
----                                   -------
vdd                                        3.3
n2                                         3.3
n1                                           0
n3                                 4.75225e-09
n4                                         3.3
n5                                 4.75225e-09
q                                  4.68866e-14
xing                                     -1.65
bxing#branch                                 0
vdd#branch                        -0.000468866

 Reference value :  7.62800e-11
 Reference value :  4.02028e-09
 Reference value :  7.84628e-09
 Reference value :  1.16493e-08
 Reference value :  1.56143e-08
 Reference value :  1.95883e-08
 Reference value :  2.37333e-08
 Reference value :  2.76603e-08
 Reference value :  3.15033e-08
 Reference value :  3.56363e-08
 Reference value :  3.96503e-08
 Reference value :  4.35853e-08
No. of Data Rows : 45008
t1                  =  1.36495e-09
t2                  =  1.19654e-08
t3                  =  2.25659e-08
q1                  =  4.20262e-04
q2                  =  3.68621e-03
q3                  =  6.95216e-03
m_period = 6.6252796875e-10
m_f_osc = 1.5093702412e+09
m_i_supply_a = 3.0809520070e-04
m_p_active_w = 1.0167141623e-03
m_e_per_cycle_j = 6.7360156875e-13
m_c_eff_node_f = 1.2371011364e-14
m_i_supply_first16_a = 3.0809527336e-04
m_i_supply_last16_a = 3.0809512804e-04
Note: Simulation executed from .control section 

Warning: m=xx on .subckt line will override multiplier m hierarchy!

