
Note: Compatibility modes selected: hs a


Circuit: * sampler-core-idle-leakage @ sf_125c_3.63v -- generated by sim/harness, do not edit

Doing analysis at TEMP = 125.000000 and TNOM = 27.000000

Using SPARSE 1.3 as Direct Linear Solver

Initial Transient Solution
--------------------------

Node                                   Voltage
----                                   -------
vsup                                      3.63
en                                           0
rst_n                                        0
clk0                                         0
clk1                                         0
vdda                                      3.63
vddb                                      3.63
xduta.xdut.xr1.xg.py                      3.63
xduta.xdut.xr1.n1                         3.63
xduta.xdut.ro1                            3.63
xduta.xdut.xr1.xg.nm                   3.11378
xduta.xdut.xr1.xg.ny               8.32047e-07
xduta.xdut.xr1.x1.py                   3.62999
xduta.xdut.xr1.n2                  3.30443e-06
xduta.xdut.xr1.x1.ny               2.85191e-06
xduta.xdut.xr1.x2.py                      3.63
xduta.xdut.xr1.n3                         3.63
xduta.xdut.xr1.x2.ny               1.29238e-06
xduta.xdut.xr1.x3.py                   3.62999
xduta.xdut.xr1.n4                  3.30447e-06
xduta.xdut.xr1.x3.ny               2.85194e-06
xduta.xdut.xr1.x4.py                      3.63
xduta.xdut.xr1.n5                         3.63
xduta.xdut.xr1.x4.ny               1.29238e-06
xduta.xdut.xr1.x5.py                   3.62999
xduta.xdut.xr1.n6                  3.30447e-06
xduta.xdut.xr1.x5.ny               2.85194e-06
xduta.xdut.xr1.x6.py                      3.63
xduta.xdut.xr1.n7                         3.63
xduta.xdut.xr1.x6.ny               1.29238e-06
xduta.xdut.xr1.x7.py                   3.62999
xduta.xdut.xr1.n8                  3.30447e-06
xduta.xdut.xr1.x7.ny               2.85194e-06
xduta.xdut.xr1.x8.py                      3.63
xduta.xdut.xr1.n9                         3.63
xduta.xdut.xr1.x8.ny               1.29238e-06
xduta.xdut.xr1.x9.py                   3.62999
xduta.xdut.xr1.n10                 3.30447e-06
xduta.xdut.xr1.x9.ny               2.85194e-06
xduta.xdut.xr1.x10.py                     3.63
xduta.xdut.xr1.x10.ny              1.29238e-06
xduta.xdut.xr2.xg.py                      3.63
xduta.xdut.xr2.n1                         3.63
xduta.xdut.ro2                            3.63
xduta.xdut.xr2.xg.nm                   3.11378
xduta.xdut.xr2.xg.ny               7.71242e-07
xduta.xdut.xr2.x1.py                   3.62999
xduta.xdut.xr2.n2                  3.09603e-06
xduta.xdut.xr2.x1.ny               2.64351e-06
xduta.xdut.xr2.x2.py                      3.63
xduta.xdut.xr2.n3                         3.63
xduta.xdut.xr2.x2.ny               1.19793e-06
xduta.xdut.xr2.x3.py                   3.62999
xduta.xdut.xr2.n4                  3.09607e-06
xduta.xdut.xr2.x3.ny               2.64354e-06
xduta.xdut.xr2.x4.py                      3.63
xduta.xdut.xr2.n5                         3.63
xduta.xdut.xr2.x4.ny               1.19793e-06
xduta.xdut.xr2.x5.py                   3.62999
xduta.xdut.xr2.n6                  3.09607e-06
xduta.xdut.xr2.x5.ny               2.64354e-06
xduta.xdut.xr2.x6.py                      3.63
xduta.xdut.xr2.n7                         3.63
xduta.xdut.xr2.x6.ny               1.19793e-06
xduta.xdut.xr2.x7.py                   3.62999
xduta.xdut.xr2.n8                  3.09607e-06
xduta.xdut.xr2.x7.ny               2.64354e-06
xduta.xdut.xr2.x8.py                      3.63
xduta.xdut.xr2.n9                         3.63
xduta.xdut.xr2.x8.ny               1.19793e-06
xduta.xdut.xr2.x9.py                   3.62999
xduta.xdut.xr2.n10                 3.09607e-06
xduta.xdut.xr2.x9.ny               2.64354e-06
xduta.xdut.xr2.x10.py                     3.63
xduta.xdut.xr2.x10.ny              1.19793e-06
xduta.xdut.xa1.an                  4.52603e-07
xduta.xdut.xa1.bn                  4.52601e-07
xduta.xdut.xa1.mid                    0.610655
xduta.xo                           1.43676e-06
xduta.xdut.xa1.s1                  7.18378e-07
xduta.xdut.xa1.s2                   6.8873e-07
xduta.xsb.clkb                            3.63
xduta.xsb.m                        1.49054e-06
xduta.xsb.mb                              3.63
xduta.xsb.mmid                       0.0841211
xduta.xsb.mc                       4.79836e-07
xduta.xsb.s                               3.63
rba                                4.52569e-07
xduta.xsb.qb                              3.63
xduta.xsb.s2mid                      0.0841205
xduta.xsv.clkb                            3.63
xduta.xsv.m                               3.63
xduta.xsv.mb                              3.63
xduta.xsv.mmid                         3.11378
xduta.xsv.mc                       1.11018e-06
xduta.xsv.s                               3.63
rva                                4.52569e-07
xduta.xsv.qb                              3.63
xduta.xsv.s2mid                      0.0841205
xdutb.xdut.xr1.xg.py                      3.63
xdutb.xdut.xr1.n1                         3.63
xdutb.xdut.ro1                            3.63
xdutb.xdut.xr1.xg.nm                   3.11378
xdutb.xdut.xr1.xg.ny               8.32047e-07
xdutb.xdut.xr1.x1.py                   3.62999
xdutb.xdut.xr1.n2                  3.30443e-06
xdutb.xdut.xr1.x1.ny               2.85191e-06
xdutb.xdut.xr1.x2.py                      3.63
xdutb.xdut.xr1.n3                         3.63
xdutb.xdut.xr1.x2.ny               1.29238e-06
xdutb.xdut.xr1.x3.py                   3.62999
xdutb.xdut.xr1.n4                  3.30447e-06
xdutb.xdut.xr1.x3.ny               2.85194e-06
xdutb.xdut.xr1.x4.py                      3.63
xdutb.xdut.xr1.n5                         3.63
xdutb.xdut.xr1.x4.ny               1.29238e-06
xdutb.xdut.xr1.x5.py                   3.62999
xdutb.xdut.xr1.n6                  3.30447e-06
xdutb.xdut.xr1.x5.ny               2.85194e-06
xdutb.xdut.xr1.x6.py                      3.63
xdutb.xdut.xr1.n7                         3.63
xdutb.xdut.xr1.x6.ny               1.29238e-06
xdutb.xdut.xr1.x7.py                   3.62999
xdutb.xdut.xr1.n8                  3.30447e-06
xdutb.xdut.xr1.x7.ny               2.85194e-06
xdutb.xdut.xr1.x8.py                      3.63
xdutb.xdut.xr1.n9                         3.63
xdutb.xdut.xr1.x8.ny               1.29238e-06
xdutb.xdut.xr1.x9.py                   3.62999
xdutb.xdut.xr1.n10                 3.30447e-06
xdutb.xdut.xr1.x9.ny               2.85194e-06
xdutb.xdut.xr1.x10.py                     3.63
xdutb.xdut.xr1.x10.ny              1.29238e-06
xdutb.xdut.xr2.xg.py                      3.63
xdutb.xdut.xr2.n1                         3.63
xdutb.xdut.ro2                            3.63
xdutb.xdut.xr2.xg.nm                   3.11378
xdutb.xdut.xr2.xg.ny               7.71242e-07
xdutb.xdut.xr2.x1.py                   3.62999
xdutb.xdut.xr2.n2                  3.09603e-06
xdutb.xdut.xr2.x1.ny               2.64351e-06
xdutb.xdut.xr2.x2.py                      3.63
xdutb.xdut.xr2.n3                         3.63
xdutb.xdut.xr2.x2.ny               1.19793e-06
xdutb.xdut.xr2.x3.py                   3.62999
xdutb.xdut.xr2.n4                  3.09607e-06
xdutb.xdut.xr2.x3.ny               2.64354e-06
xdutb.xdut.xr2.x4.py                      3.63
xdutb.xdut.xr2.n5                         3.63
xdutb.xdut.xr2.x4.ny               1.19793e-06
xdutb.xdut.xr2.x5.py                   3.62999
xdutb.xdut.xr2.n6                  3.09607e-06
xdutb.xdut.xr2.x5.ny               2.64354e-06
xdutb.xdut.xr2.x6.py                      3.63
xdutb.xdut.xr2.n7                         3.63
xdutb.xdut.xr2.x6.ny               1.19793e-06
xdutb.xdut.xr2.x7.py                   3.62999
xdutb.xdut.xr2.n8                  3.09607e-06
xdutb.xdut.xr2.x7.ny               2.64354e-06
xdutb.xdut.xr2.x8.py                      3.63
xdutb.xdut.xr2.n9                         3.63
xdutb.xdut.xr2.x8.ny               1.19793e-06
xdutb.xdut.xr2.x9.py                   3.62999
xdutb.xdut.xr2.n10                 3.09607e-06
xdutb.xdut.xr2.x9.ny               2.64354e-06
xdutb.xdut.xr2.x10.py                     3.63
xdutb.xdut.xr2.x10.ny              1.19793e-06
xdutb.xdut.xa1.an                  4.52603e-07
xdutb.xdut.xa1.bn                  4.52601e-07
xdutb.xdut.xa1.mid                    0.610655
xdutb.xo                           1.43676e-06
xdutb.xdut.xa1.s1                  7.18379e-07
xdutb.xdut.xa1.s2                   6.8873e-07
xdutb.xsb.clkb                            3.63
xdutb.xsb.m                        1.49054e-06
xdutb.xsb.mb                              3.63
xdutb.xsb.mmid                       0.0841211
xdutb.xsb.mc                       4.79836e-07
xdutb.xsb.s                               3.63
rbb                                4.52569e-07
xdutb.xsb.qb                              3.63
xdutb.xsb.s2mid                      0.0841205
xdutb.xsv.clkb                            3.63
xdutb.xsv.m                               3.63
xdutb.xsv.mb                              3.63
xdutb.xsv.mmid                         3.11378
xdutb.xsv.mc                       1.11018e-06
xdutb.xsv.s                               3.63
rvb                                4.52569e-07
xdutb.xsv.qb                              3.63
xdutb.xsv.s2mid                      0.0841205
qa                                -1.82037e-19
qb                                -1.82036e-19
vsb#branch                         1.82036e-09
vsa#branch                         1.82037e-09
vclk1#branch                                 0
vclk0#branch                                 0
vrst#branch                                  0
ven#branch                                   0
vsup#branch                       -3.64074e-09

 Reference value :  0.00000e+00
 Reference value :  2.58560e-08
 Reference value :  5.72560e-08
 Reference value :  9.26560e-08
 Reference value :  1.13193e-07
 Reference value :  1.35393e-07
 Reference value :  1.57193e-07
 Reference value :  1.79593e-07
 Reference value :  2.00001e-07
 Reference value :  2.11083e-07
 Reference value :  2.26083e-07
 Reference value :  2.46083e-07
 Reference value :  2.66683e-07
 Reference value :  2.87883e-07
 Reference value :  3.03353e-07
 Reference value :  3.19953e-07
 Reference value :  3.40153e-07
 Reference value :  3.60353e-07
 Reference value :  3.81953e-07
 Reference value :  4.02153e-07
 Reference value :  4.22353e-07
 Reference value :  4.44353e-07
 Reference value :  4.67553e-07
 Reference value :  4.90353e-07
 Reference value :  5.11953e-07
 Reference value :  5.34353e-07
 Reference value :  5.56353e-07
 Reference value :  5.77353e-07
 Reference value :  5.97353e-07
 Reference value :  6.18753e-07
 Reference value :  6.40353e-07
 Reference value :  6.62153e-07
 Reference value :  6.84153e-07
 Reference value :  7.06953e-07
 Reference value :  7.28953e-07
 Reference value :  7.50953e-07
 Reference value :  7.73353e-07
 Reference value :  7.95953e-07
 Reference value :  8.18153e-07
 Reference value :  8.37553e-07
 Reference value :  8.57353e-07
 Reference value :  8.76953e-07
 Reference value :  8.98153e-07
 Reference value :  9.21153e-07
 Reference value :  9.43153e-07
 Reference value :  9.66353e-07
 Reference value :  9.87153e-07
No. of Data Rows : 5059
qax                 =  -3.55527e-05
qa0                 =  -3.59952e-05
qa1                 =  -3.64353e-05
qbx                 =  -1.83643e-05
qb0                 =  -1.87635e-05
qb1                 =  -1.91627e-05
vro1                =  3.63000e+00
vro2                =  3.63000e+00
vxo                 =  2.22101e-06
vn1                 =  3.63000e+00
vn2                 =  3.30273e-06
vrba                =  -7.63714e-06
vrva                =  3.63000e+00
vrbb                =  4.51373e-07
vrvb                =  3.63000e+00
vsupm               =  3.63000e+00
m_i_idle_clklo_a = 2.2007000000e-09
m_i_idle_clkhi_a = 1.9960000000e-09
m_p_idle_clklo_w = 7.9885410000e-09
m_p_idle_clkhi_w = 7.2454800000e-09
m_i_idle_clklo_prev_a = 2.2122500000e-09
m_i_idle_clkhi_prev_a = 1.9959500000e-09
m_i_idle_worst_a = 2.2007000000e-09
m_p_idle_worst_w = 7.9885410000e-09
m_v_ro1_v = 3.6299960000e+00
m_v_ro2_v = 3.6299960000e+00
m_v_xo_v = 2.2210070000e-06
m_v_n1_v = 3.6299960000e+00
m_v_n2_v = 3.3027310000e-06
m_v_rawbit_clklo_v = -7.637139000e-06
m_v_rawvalid_clklo_v = 3.6299980000e+00
m_v_rawbit_clkhi_v = 4.5137340000e-07
m_v_rawvalid_clkhi_v = 3.6300000000e+00
m_v_sup_v = 3.6300000000e+00
Note: Simulation executed from .control section 

Warning: m=xx on .subckt line will override multiplier m hierarchy!

Note: Starting dynamic gmin stepping
Warning: Dynamic gmin stepping failed
Note: Starting true gmin stepping
Note: True gmin stepping completed
