
Note: Compatibility modes selected: hs a


Circuit: * cinv-stage-noise @ ff_125c_3.63v -- generated by sim/harness, do not edit

Doing analysis at TEMP = 125.000000 and TNOM = 27.000000

Using SPARSE 1.3 as Direct Linear Solver

No. of Data Rows : 1
Doing analysis at TEMP = 125.000000 and TNOM = 27.000000

Using SPARSE 1.3 as Direct Linear Solver

No. of Data Rows : 81
Doing analysis at TEMP = 125.000000 and TNOM = 27.000000

Using SPARSE 1.3 as Direct Linear Solver

No. of Data Rows : 81

No. of Data Rows : 1
Doing analysis at TEMP = 125.000000 and TNOM = 27.000000

Using SPARSE 1.3 as Direct Linear Solver

No. of Data Rows : 31

No. of Data Rows : 1
m_vtrip = 1.6822662509e+00
m_vbias_n = 1.7563739897e+00
m_vbias_p = 1.3253458140e+00
m_gain_1meg = 1.5044795003e+01
m_gain_100meg = 1.4243893129e+01
m_gain_1g = 4.2816846779e+00
m_inoise_dens_1meg = 4.6220258973e-08
m_inoise_dens_10meg = 1.9323839665e-08
m_inoise_dens_100meg = 1.3398553444e-08
m_inoise_dens_1g = 1.2336501071e-08
m_inoise_dens_10g = 1.1281704449e-08
m_onoise_dens_1meg = 6.9537432123e-07
m_onoise_dens_1g = 5.2821007615e-08
m_onoise_rms_1k_100g = 4.6759377980e-03
m_onoise_rms_100meg_100g = 3.6693234645e-03
Note: Simulation executed from .control section 

Warning: m=xx on .subckt line will override multiplier m hierarchy!

