
Note: Compatibility modes selected: hs a


Circuit: * ro-array-core-xo-slew @ ss_125c_3.30v -- generated by sim/harness, do not edit

Doing analysis at TEMP = 125.000000 and TNOM = 27.000000

Using SPARSE 1.3 as Direct Linear Solver

Initial Transient Solution
--------------------------

Node                                   Voltage
----                                   -------
vsup                                       3.3
en                                         3.3
vddr1                                      3.3
vddr2                                      3.3
vdd                                        3.3
xdut.xr1.xg.py                         1.60539
xdut.xr1.n1                                  0
xdut.ro1                           2.42122e-07
xdut.xr1.xg.nm                    2.07312e-149
xdut.xr1.xg.ny                     1.9503e-149
xdut.xr1.x1.py                             3.3
xdut.xr1.n2                                3.3
xdut.xr1.x1.ny                     6.93886e-07
xdut.xr1.x2.py                             3.3
xdut.xr1.n3                        2.42122e-07
xdut.xr1.x2.ny                     2.08861e-07
xdut.xr1.x3.py                             3.3
xdut.xr1.n4                                3.3
xdut.xr1.x3.ny                     6.93889e-07
xdut.xr1.x4.py                             3.3
xdut.xr1.n5                        2.42122e-07
xdut.xr1.x4.ny                     2.08861e-07
xdut.xr1.x5.py                             3.3
xdut.xr1.n6                                3.3
xdut.xr1.x5.ny                     6.93889e-07
xdut.xr1.x6.py                             3.3
xdut.xr1.n7                        2.42122e-07
xdut.xr1.x6.ny                     2.08861e-07
xdut.xr1.x7.py                             3.3
xdut.xr1.n8                                3.3
xdut.xr1.x7.ny                     6.93889e-07
xdut.xr1.x8.py                             3.3
xdut.xr1.n9                        2.42122e-07
xdut.xr1.x8.ny                     2.08861e-07
xdut.xr1.x9.py                             3.3
xdut.xr1.n10                               3.3
xdut.xr1.x9.ny                     6.93889e-07
xdut.xr1.x10.py                            3.3
xdut.xr1.x10.ny                    2.08861e-07
xdut.xr2.xg.py                          1.6232
xdut.xr2.n1                                  0
xdut.ro2                           2.26425e-07
xdut.xr2.xg.nm                    2.26403e-137
xdut.xr2.xg.ny                    2.11959e-137
xdut.xr2.x1.py                             3.3
xdut.xr2.n2                                3.3
xdut.xr2.x1.ny                     6.41737e-07
xdut.xr2.x2.py                             3.3
xdut.xr2.n3                        2.26425e-07
xdut.xr2.x2.ny                     1.93164e-07
xdut.xr2.x3.py                             3.3
xdut.xr2.n4                                3.3
xdut.xr2.x3.ny                      6.4174e-07
xdut.xr2.x4.py                             3.3
xdut.xr2.n5                        2.26425e-07
xdut.xr2.x4.ny                     1.93164e-07
xdut.xr2.x5.py                             3.3
xdut.xr2.n6                                3.3
xdut.xr2.x5.ny                      6.4174e-07
xdut.xr2.x6.py                             3.3
xdut.xr2.n7                        2.26425e-07
xdut.xr2.x6.ny                     1.93164e-07
xdut.xr2.x7.py                             3.3
xdut.xr2.n8                                3.3
xdut.xr2.x7.ny                      6.4174e-07
xdut.xr2.x8.py                             3.3
xdut.xr2.n9                        2.26425e-07
xdut.xr2.x8.ny                     1.93164e-07
xdut.xr2.x9.py                             3.3
xdut.xr2.n10                               3.3
xdut.xr2.x9.ny                      6.4174e-07
xdut.xr2.x10.py                            3.3
xdut.xr2.x10.ny                    1.93164e-07
xdut.xa1.an                                3.3
xdut.xa1.bn                                3.3
xdut.xa1.mid                               3.3
xo                                 8.51773e-08
xdut.xa1.s1                        3.97966e-08
xdut.xa1.s2                        4.25886e-08
vth                                       1.65
v40                                       1.32
v60                                       1.98
bv60#branch                                  0
bv40#branch                                  0
bvth#branch                                  0
vtr#branch                         4.33166e-11
vr2#branch                         6.44989e-06
vr1#branch                         6.04396e-06
ven#branch                                   0
vsup#branch                       -1.24939e-05

 Reference value :  4.00006e-08
 Reference value :  4.06386e-08
 Reference value :  4.12766e-08
 Reference value :  4.19306e-08
 Reference value :  4.25786e-08
 Reference value :  4.32226e-08
 Reference value :  4.38406e-08
 Reference value :  4.44766e-08
 Reference value :  4.51146e-08
 Reference value :  4.58446e-08
 Reference value :  4.65546e-08
 Reference value :  4.72626e-08
 Reference value :  4.79266e-08
 Reference value :  4.85666e-08
 Reference value :  4.92106e-08
 Reference value :  4.98646e-08
 Reference value :  5.05126e-08
 Reference value :  5.11646e-08
 Reference value :  5.18106e-08
 Reference value :  5.24426e-08
 Reference value :  5.30746e-08
 Reference value :  5.37146e-08
 Reference value :  5.43606e-08
 Reference value :  5.49886e-08
 Reference value :  5.56166e-08
 Reference value :  5.62586e-08
 Reference value :  5.69026e-08
 Reference value :  5.75746e-08
 Reference value :  5.82066e-08
 Reference value :  5.88546e-08
 Reference value :  5.95126e-08
 Reference value :  6.01626e-08
 Reference value :  6.07826e-08
 Reference value :  6.14066e-08
 Reference value :  6.20446e-08
 Reference value :  6.26906e-08
 Reference value :  6.33426e-08
 Reference value :  6.39666e-08
 Reference value :  6.46046e-08
 Reference value :  6.52426e-08
 Reference value :  6.58826e-08
 Reference value :  6.65426e-08
 Reference value :  6.72186e-08
 Reference value :  6.78486e-08
 Reference value :  6.84786e-08
 Reference value :  6.91146e-08
 Reference value :  6.97646e-08
 Reference value :  7.03986e-08
 Reference value :  7.10466e-08
 Reference value :  7.16946e-08
 Reference value :  7.23226e-08
 Reference value :  7.29466e-08
 Reference value :  7.35846e-08
 Reference value :  7.42286e-08
 Reference value :  7.48606e-08
 Reference value :  7.54986e-08
 Reference value :  7.61366e-08
 Reference value :  7.67686e-08
 Reference value :  7.74206e-08
 Reference value :  7.80546e-08
 Reference value :  7.87106e-08
 Reference value :  7.93586e-08
 Reference value :  7.99986e-08
 Reference value :  8.06526e-08
 Reference value :  8.13486e-08
 Reference value :  8.19646e-08
 Reference value :  8.26246e-08
 Reference value :  8.32506e-08
 Reference value :  8.39706e-08
 Reference value :  8.47106e-08
 Reference value :  8.54126e-08
 Reference value :  8.62546e-08
 Reference value :  8.69726e-08
 Reference value :  8.78866e-08
 Reference value :  8.85546e-08
 Reference value :  8.91946e-08
 Reference value :  8.98466e-08
 Reference value :  9.04746e-08
 Reference value :  9.11306e-08
 Reference value :  9.17606e-08
 Reference value :  9.24006e-08
 Reference value :  9.30366e-08
 Reference value :  9.36706e-08
 Reference value :  9.42966e-08
 Reference value :  9.49286e-08
 Reference value :  9.55766e-08
 Reference value :  9.61966e-08
 Reference value :  9.68566e-08
 Reference value :  9.75046e-08
 Reference value :  9.81606e-08
 Reference value :  9.87786e-08
 Reference value :  9.94566e-08
 Reference value :  1.00107e-07
 Reference value :  1.00739e-07
 Reference value :  1.01367e-07
 Reference value :  1.02029e-07
 Reference value :  1.02691e-07
 Reference value :  1.03323e-07
 Reference value :  1.03943e-07
 Reference value :  1.04575e-07
 Reference value :  1.05191e-07
 Reference value :  1.05817e-07
 Reference value :  1.06445e-07
 Reference value :  1.07075e-07
 Reference value :  1.07729e-07
 Reference value :  1.08365e-07
 Reference value :  1.09003e-07
 Reference value :  1.09647e-07
 Reference value :  1.10315e-07
 Reference value :  1.10947e-07
 Reference value :  1.11601e-07
 Reference value :  1.12251e-07
 Reference value :  1.12897e-07
 Reference value :  1.13543e-07
 Reference value :  1.14173e-07
 Reference value :  1.14807e-07
 Reference value :  1.15429e-07
 Reference value :  1.16063e-07
 Reference value :  1.16705e-07
 Reference value :  1.17343e-07
 Reference value :  1.17991e-07
 Reference value :  1.18639e-07
 Reference value :  1.19287e-07
 Reference value :  1.19939e-07
 Reference value :  1.20573e-07
 Reference value :  1.21215e-07
 Reference value :  1.21847e-07
 Reference value :  1.22471e-07
 Reference value :  1.23103e-07
 Reference value :  1.23797e-07
 Reference value :  1.24453e-07
 Reference value :  1.25109e-07
 Reference value :  1.25779e-07
 Reference value :  1.26415e-07
 Reference value :  1.27069e-07
 Reference value :  1.27721e-07
 Reference value :  1.28377e-07
 Reference value :  1.29019e-07
 Reference value :  1.29697e-07
 Reference value :  1.30323e-07
 Reference value :  1.30987e-07
 Reference value :  1.31659e-07
 Reference value :  1.32299e-07
 Reference value :  1.32939e-07
 Reference value :  1.33619e-07
 Reference value :  1.34299e-07
 Reference value :  1.34971e-07
 Reference value :  1.35609e-07
 Reference value :  1.36263e-07
 Reference value :  1.36885e-07
 Reference value :  1.37487e-07
 Reference value :  1.38155e-07
 Reference value :  1.38809e-07
 Reference value :  1.39461e-07
No. of Data Rows : 50001
sxr                 =  2.19008e+10 at=  1.32231e-07
sxf                 =  -2.80951e+10 at=  9.68046e-08
srr                 =  1.65571e+09 at=  9.64406e-08
srf                 =  -2.97079e+09 at=  9.13106e-08
ta                  =  5.16885e-08
tb                  =  5.26054e-08
tc                  =  7.45775e-08
td                  =  7.52947e-08
xhi                 =  3.36430e+00 at=  9.66566e-08
xlo                 =  -8.56160e-03 at=  8.07886e-08
m_xo_slew_rise_v_per_s = 2.1900810000e+10
m_xo_slew_fall_v_per_s = -2.809513000e+10
m_ro1_slew_rise_v_per_s = 1.6557100000e+09
m_ro1_slew_fall_v_per_s = -2.970791000e+09
m_ro1_band_slew_a_v_per_s = 7.1982462455e+08
m_ro1_band_slew_b_v_per_s = 9.2024539877e+08
m_xo_swing_v = 3.3728615970e+00
Note: Simulation executed from .control section 

Warning: m=xx on .subckt line will override multiplier m hierarchy!

