
Note: Compatibility modes selected: hs a


Circuit: * cinv-stage-noise @ tt_27c_3.63v -- generated by sim/harness, do not edit

Doing analysis at TEMP = 27.000000 and TNOM = 27.000000

Using SPARSE 1.3 as Direct Linear Solver

No. of Data Rows : 1
Doing analysis at TEMP = 27.000000 and TNOM = 27.000000

Using SPARSE 1.3 as Direct Linear Solver

No. of Data Rows : 81
Doing analysis at TEMP = 27.000000 and TNOM = 27.000000

Using SPARSE 1.3 as Direct Linear Solver

No. of Data Rows : 81

No. of Data Rows : 1
Doing analysis at TEMP = 27.000000 and TNOM = 27.000000

Using SPARSE 1.3 as Direct Linear Solver

No. of Data Rows : 31

No. of Data Rows : 1
m_vtrip = 1.6566947372e+00
m_vbias_n = 1.7839984045e+00
m_vbias_p = 1.2715785508e+00
m_gain_1meg = 1.9124385132e+01
m_gain_100meg = 1.7827489330e+01
m_gain_1g = 4.8001218090e+00
m_inoise_dens_1meg = 4.0437232861e-08
m_inoise_dens_10meg = 1.6568608044e-08
m_inoise_dens_100meg = 1.1164872080e-08
m_inoise_dens_1g = 1.0237554694e-08
m_inoise_dens_10g = 9.5325672881e-09
m_onoise_dens_1meg = 7.7333721493e-07
m_onoise_dens_1g = 4.9141509558e-08
m_onoise_rms_1k_100g = 4.7513679358e-03
m_onoise_rms_100meg_100g = 3.5575485589e-03
Note: Simulation executed from .control section 

Warning: m=xx on .subckt line will override multiplier m hierarchy!

