
Note: No compatibility mode selected!


Circuit: * ro-array-core-power @ ss_-40c_3.63v -- generated by sim/harness, do not edit

Doing analysis at TEMP = -40.000000 and TNOM = 27.000000


Initial Transient Solution
--------------------------

Node                                   Voltage
----                                   -------
vsup                                      3.63
en                                        3.63
vddr1                                     3.63
vddr2                                     3.63
vddr3                                     3.63
vddr4                                     3.63
vdd                                       3.63
xdut.xr1.xg.py                         1.61584
xdut.xr1.n1                                  0
xdut.ro1                           2.90295e-07
xdut.xr1.xg.nm                               0
xdut.xr1.xg.ny                               0
xdut.xr1.x1.py                            3.63
xdut.xr1.n2                               3.63
xdut.xr1.x1.ny                     4.43157e-12
xdut.xr1.x2.py                            3.63
xdut.xr1.n3                        2.90295e-07
xdut.xr1.x2.ny                     2.72293e-07
xdut.xr1.x3.py                            3.63
xdut.xr1.n4                               3.63
xdut.xr1.x3.ny                     4.43117e-12
xdut.xr1.x4.py                            3.63
xdut.xr1.n5                        2.90295e-07
xdut.xr1.x4.ny                     2.72293e-07
xdut.xr1.x5.py                            3.63
xdut.xr1.n6                               3.63
xdut.xr1.x5.ny                     4.43161e-12
xdut.xr1.x6.py                            3.63
xdut.xr1.n7                        2.90295e-07
xdut.xr1.x6.ny                     2.72293e-07
xdut.xr1.x7.py                            3.63
xdut.xr1.n8                               3.63
xdut.xr1.x7.ny                     4.43161e-12
xdut.xr1.x8.py                            3.63
xdut.xr1.n9                        2.90295e-07
xdut.xr1.x8.ny                     2.72293e-07
xdut.xr1.x9.py                            3.63
xdut.xr1.n10                              3.63
xdut.xr1.x9.ny                     4.43161e-12
xdut.xr1.x10.py                           3.63
xdut.xr1.x10.ny                    2.72293e-07
xdut.xr2.xg.py                         1.62543
xdut.xr2.n1                                  0
xdut.ro2                           2.67952e-07
xdut.xr2.xg.nm                   -1.61547e-311
xdut.xr2.xg.ny                   -1.57019e-311
xdut.xr2.x1.py                            3.63
xdut.xr2.n2                               3.63
xdut.xr2.x1.ny                     4.06798e-12
xdut.xr2.x2.py                            3.63
xdut.xr2.n3                        2.67952e-07
xdut.xr2.x2.ny                      2.4995e-07
xdut.xr2.x3.py                            3.63
xdut.xr2.n4                               3.63
xdut.xr2.x3.ny                     4.06801e-12
xdut.xr2.x4.py                            3.63
xdut.xr2.n5                        2.67952e-07
xdut.xr2.x4.ny                      2.4995e-07
xdut.xr2.x5.py                            3.63
xdut.xr2.n6                               3.63
xdut.xr2.x5.ny                     4.06757e-12
xdut.xr2.x6.py                            3.63
xdut.xr2.n7                        2.67952e-07
xdut.xr2.x6.ny                      2.4995e-07
xdut.xr2.x7.py                            3.63
xdut.xr2.n8                               3.63
xdut.xr2.x7.ny                     4.06757e-12
xdut.xr2.x8.py                            3.63
xdut.xr2.n9                        2.67952e-07
xdut.xr2.x8.ny                      2.4995e-07
xdut.xr2.x9.py                            3.63
xdut.xr2.n10                              3.63
xdut.xr2.x9.ny                     4.06757e-12
xdut.xr2.x10.py                           3.63
xdut.xr2.x10.ny                     2.4995e-07
xdut.xr3.xg.py                         1.63495
xdut.xr3.n1                                  0
xdut.ro3                           2.48985e-07
xdut.xr3.xg.nm                               0
xdut.xr3.xg.ny                               0
xdut.xr3.x1.py                            3.63
xdut.xr3.n2                               3.63
xdut.xr3.x1.ny                     3.75927e-12
xdut.xr3.x2.py                            3.63
xdut.xr3.n3                        2.48985e-07
xdut.xr3.x2.ny                     2.30983e-07
xdut.xr3.x3.py                            3.63
xdut.xr3.n4                               3.63
xdut.xr3.x3.ny                      3.7593e-12
xdut.xr3.x4.py                            3.63
xdut.xr3.n5                        2.48985e-07
xdut.xr3.x4.ny                     2.30983e-07
xdut.xr3.x5.py                            3.63
xdut.xr3.n6                               3.63
xdut.xr3.x5.ny                      3.7593e-12
xdut.xr3.x6.py                            3.63
xdut.xr3.n7                        2.48985e-07
xdut.xr3.x6.ny                     2.30983e-07
xdut.xr3.x7.py                            3.63
xdut.xr3.n8                               3.63
xdut.xr3.x7.ny                      3.7593e-12
xdut.xr3.x8.py                            3.63
xdut.xr3.n9                        2.48985e-07
xdut.xr3.x8.ny                     2.30983e-07
xdut.xr3.x9.py                            3.63
xdut.xr3.n10                              3.63
xdut.xr3.x9.ny                      3.7593e-12
xdut.xr3.x10.py                           3.63
xdut.xr3.x10.ny                    2.30983e-07
xdut.xr4.xg.py                          1.6467
xdut.xr4.n1                                  0
xdut.ro4                           2.28963e-07
xdut.xr4.xg.nm                               0
xdut.xr4.xg.ny                               0
xdut.xr4.x1.py                            3.63
xdut.xr4.n2                               3.63
xdut.xr4.x1.ny                     3.43342e-12
xdut.xr4.x2.py                            3.63
xdut.xr4.n3                        2.28963e-07
xdut.xr4.x2.ny                     2.10961e-07
xdut.xr4.x3.py                            3.63
xdut.xr4.n4                               3.63
xdut.xr4.x3.ny                     3.43345e-12
xdut.xr4.x4.py                            3.63
xdut.xr4.n5                        2.28963e-07
xdut.xr4.x4.ny                     2.10961e-07
xdut.xr4.x5.py                            3.63
xdut.xr4.n6                               3.63
xdut.xr4.x5.ny                     3.43345e-12
xdut.xr4.x6.py                            3.63
xdut.xr4.n7                        2.28963e-07
xdut.xr4.x6.ny                     2.10961e-07
xdut.xr4.x7.py                            3.63
xdut.xr4.n8                               3.63
xdut.xr4.x7.ny                     3.43345e-12
xdut.xr4.x8.py                            3.63
xdut.xr4.n9                        2.28963e-07
xdut.xr4.x8.ny                     2.10961e-07
xdut.xr4.x9.py                            3.63
xdut.xr4.n10                              3.63
xdut.xr4.x9.ny                     3.43345e-12
xdut.xr4.x10.py                           3.63
xdut.xr4.x10.ny                    2.10961e-07
xdut.xa1.an                               3.63
xdut.xa1.bn                               3.63
xdut.xa1.mid                              3.63
xdut.t1                            4.36036e-08
xdut.xa1.s1                         5.7222e-13
xdut.xa1.s2                        2.18018e-08
xdut.xa2.an                               3.63
xdut.xa2.bn                               3.63
xdut.xa2.mid                              3.63
xdut.t2                            4.36036e-08
xdut.xa2.s1                        5.72219e-13
xdut.xa2.s2                        2.18018e-08
xdut.xb1.an                               3.63
xdut.xb1.bn                               3.63
xdut.xb1.mid                              3.63
xo                                 4.36036e-08
xdut.xb1.s1                        5.72215e-13
xdut.xb1.s2                        2.18018e-08
q1                                -4.04292e-16
q2                                -4.27997e-16
q3                                -4.52103e-16
q4                                -4.82639e-16
qt                                -4.41225e-21
vth                                      1.815
bvth#branch                                  0
vtr#branch                         4.41225e-11
vr4#branch                         4.82639e-06
vr3#branch                         4.52103e-06
vr2#branch                         4.27997e-06
vr1#branch                         4.04292e-06
ven#branch                                   0
vsup#branch                       -1.76704e-05

 Reference value :  0.00000e+00
 Reference value :  4.72800e-11
 Reference value :  8.92800e-11
 Reference value :  1.28280e-10
 Reference value :  1.49280e-10
 Reference value :  1.70280e-10
 Reference value :  2.55280e-10
 Reference value :  2.89280e-10
 Reference value :  3.17280e-10
 Reference value :  3.74280e-10
 Reference value :  3.96280e-10
 Reference value :  4.22280e-10
 Reference value :  4.43280e-10
 Reference value :  4.66280e-10
 Reference value :  4.87280e-10
 Reference value :  5.18280e-10
 Reference value :  5.41280e-10
 Reference value :  6.12280e-10
 Reference value :  6.40280e-10
 Reference value :  6.81280e-10
 Reference value :  7.32280e-10
 Reference value :  7.66280e-10
 Reference value :  8.17280e-10
 Reference value :  8.49280e-10
 Reference value :  8.71280e-10
 Reference value :  8.94280e-10
 Reference value :  9.23280e-10
 Reference value :  9.45280e-10
 Reference value :  1.01328e-09
 Reference value :  1.05628e-09
 Reference value :  1.08428e-09
 Reference value :  1.10828e-09
 Reference value :  1.15428e-09
 Reference value :  1.19328e-09
 Reference value :  1.23328e-09
 Reference value :  1.33128e-09
 Reference value :  1.36628e-09
 Reference value :  1.41728e-09
 Reference value :  1.44228e-09
 Reference value :  1.47228e-09
 Reference value :  1.52628e-09
 Reference value :  1.55028e-09
 Reference value :  1.58828e-09
 Reference value :  1.61428e-09
 Reference value :  1.63828e-09
 Reference value :  1.69328e-09
 Reference value :  1.71428e-09
 Reference value :  1.74828e-09
 Reference value :  1.79328e-09
 Reference value :  1.84628e-09
 Reference value :  1.86728e-09
 Reference value :  1.90028e-09
 Reference value :  1.94228e-09
 Reference value :  1.98328e-09
 Reference value :  2.00628e-09
 Reference value :  2.04628e-09
 Reference value :  2.07728e-09
 Reference value :  2.12128e-09
 Reference value :  2.15428e-09
 Reference value :  2.20928e-09
 Reference value :  2.25828e-09
 Reference value :  2.29328e-09
 Reference value :  2.31428e-09
 Reference value :  2.36728e-09
 Reference value :  2.42728e-09
 Reference value :  2.50028e-09
 Reference value :  2.52828e-09
 Reference value :  2.58628e-09
 Reference value :  2.62828e-09
 Reference value :  2.64928e-09
 Reference value :  2.67128e-09
 Reference value :  2.71128e-09
 Reference value :  2.80728e-09
 Reference value :  2.84728e-09
 Reference value :  2.88728e-09
 Reference value :  2.93728e-09
 Reference value :  2.96028e-09
 Reference value :  3.01228e-09
 Reference value :  3.05928e-09
 Reference value :  3.09528e-09
 Reference value :  3.12928e-09
 Reference value :  3.15628e-09
 Reference value :  3.19928e-09
 Reference value :  3.24128e-09
 Reference value :  3.28128e-09
 Reference value :  3.31828e-09
 Reference value :  3.34528e-09
 Reference value :  3.39728e-09
 Reference value :  3.42728e-09
 Reference value :  3.48428e-09
 Reference value :  3.53428e-09
 Reference value :  3.57928e-09
 Reference value :  3.64228e-09
 Reference value :  3.67828e-09
 Reference value :  3.71928e-09
 Reference value :  3.76228e-09
 Reference value :  3.81028e-09
 Reference value :  3.88828e-09
 Reference value :  3.93928e-09
 Reference value :  3.98028e-09
 Reference value :  4.00928e-09
 Reference value :  4.04328e-09
 Reference value :  4.10728e-09
 Reference value :  4.14828e-09
 Reference value :  4.18228e-09
 Reference value :  4.21828e-09
 Reference value :  4.28328e-09
 Reference value :  4.34128e-09
 Reference value :  4.37528e-09
 Reference value :  4.40728e-09
 Reference value :  4.46828e-09
 Reference value :  4.49128e-09
 Reference value :  4.53128e-09
 Reference value :  4.55528e-09
 Reference value :  4.60428e-09
 Reference value :  4.65028e-09
 Reference value :  4.69728e-09
 Reference value :  4.71828e-09
 Reference value :  4.74528e-09
 Reference value :  4.78228e-09
 Reference value :  4.82928e-09
 Reference value :  4.87328e-09
 Reference value :  4.93428e-09
 Reference value :  4.97428e-09
 Reference value :  5.01328e-09
 Reference value :  5.06728e-09
 Reference value :  5.11228e-09
 Reference value :  5.13728e-09
 Reference value :  5.16728e-09
 Reference value :  5.22728e-09
 Reference value :  5.26128e-09
 Reference value :  5.31228e-09
 Reference value :  5.34728e-09
 Reference value :  5.37228e-09
 Reference value :  5.42328e-09
 Reference value :  5.46528e-09
 Reference value :  5.50228e-09
 Reference value :  5.52328e-09
 Reference value :  5.56528e-09
 Reference value :  5.61928e-09
 Reference value :  5.68428e-09
 Reference value :  5.72828e-09
 Reference value :  5.76328e-09
 Reference value :  5.80028e-09
 Reference value :  5.82928e-09
 Reference value :  5.89428e-09
 Reference value :  5.94528e-09
 Reference value :  5.97228e-09
 Reference value :  6.01128e-09
 Reference value :  6.04428e-09
 Reference value :  6.11728e-09
 Reference value :  6.14128e-09
 Reference value :  6.19928e-09
 Reference value :  6.23228e-09
 Reference value :  6.27428e-09
 Reference value :  6.30928e-09
 Reference value :  6.33528e-09
 Reference value :  6.37528e-09
 Reference value :  6.40728e-09
 Reference value :  6.44928e-09
 Reference value :  6.48328e-09
 Reference value :  6.51628e-09
 Reference value :  6.55528e-09
 Reference value :  6.62028e-09
 Reference value :  6.67228e-09
 Reference value :  6.69728e-09
 Reference value :  6.73428e-09
 Reference value :  6.76828e-09
 Reference value :  6.80928e-09
 Reference value :  6.84928e-09
 Reference value :  6.88128e-09
 Reference value :  6.93828e-09
 Reference value :  6.96328e-09
 Reference value :  7.00828e-09
 Reference value :  7.06228e-09
 Reference value :  7.09528e-09
 Reference value :  7.13628e-09
 Reference value :  7.16728e-09
 Reference value :  7.20428e-09
 Reference value :  7.23328e-09
 Reference value :  7.26028e-09
 Reference value :  7.30328e-09
 Reference value :  7.34528e-09
 Reference value :  7.37028e-09
 Reference value :  7.40028e-09
 Reference value :  7.45728e-09
 Reference value :  7.49528e-09
 Reference value :  7.52928e-09
 Reference value :  7.55728e-09
 Reference value :  7.57828e-09
 Reference value :  7.65328e-09
 Reference value :  7.68928e-09
 Reference value :  7.72328e-09
 Reference value :  7.77728e-09
 Reference value :  7.80328e-09
 Reference value :  7.83128e-09
 Reference value :  7.88628e-09
 Reference value :  7.93128e-09
 Reference value :  7.97528e-09
 Reference value :  8.02328e-09
 Reference value :  8.09328e-09
 Reference value :  8.13328e-09
 Reference value :  8.17328e-09
 Reference value :  8.20028e-09
 Reference value :  8.23328e-09
 Reference value :  8.27828e-09
 Reference value :  8.30528e-09
 Reference value :  8.34528e-09
 Reference value :  8.39328e-09
 Reference value :  8.43628e-09
 Reference value :  8.48528e-09
 Reference value :  8.53228e-09
 Reference value :  8.55328e-09
 Reference value :  8.63628e-09
 Reference value :  8.70828e-09
 Reference value :  8.73128e-09
 Reference value :  8.75528e-09
 Reference value :  8.78028e-09
 Reference value :  8.80128e-09
 Reference value :  8.82928e-09
 Reference value :  8.85728e-09
 Reference value :  8.87928e-09
 Reference value :  8.89928e-09
 Reference value :  8.92528e-09
 Reference value :  8.98628e-09
 Reference value :  9.03128e-09
 Reference value :  9.06028e-09
 Reference value :  9.08628e-09
 Reference value :  9.10728e-09
 Reference value :  9.15528e-09
 Reference value :  9.17928e-09
 Reference value :  9.20028e-09
 Reference value :  9.23028e-09
 Reference value :  9.28628e-09
 Reference value :  9.31728e-09
 Reference value :  9.34328e-09
 Reference value :  9.36428e-09
 Reference value :  9.39628e-09
 Reference value :  9.42628e-09
 Reference value :  9.44728e-09
 Reference value :  9.48928e-09
 Reference value :  9.51928e-09
 Reference value :  9.54028e-09
 Reference value :  9.56128e-09
 Reference value :  9.62328e-09
 Reference value :  9.67728e-09
 Reference value :  9.73528e-09
 Reference value :  9.78628e-09
 Reference value :  9.83528e-09
 Reference value :  9.86528e-09
 Reference value :  9.90528e-09
 Reference value :  9.94128e-09
 Reference value :  9.97628e-09
 Reference value :  9.99728e-09
 Reference value :  1.00323e-08
 Reference value :  1.00813e-08
 Reference value :  1.01173e-08
 Reference value :  1.01533e-08
 Reference value :  1.01933e-08
 Reference value :  1.02263e-08
 Reference value :  1.02653e-08
 Reference value :  1.02863e-08
 Reference value :  1.03233e-08
 Reference value :  1.03563e-08
 Reference value :  1.03813e-08
 Reference value :  1.04153e-08
 Reference value :  1.04693e-08
 Reference value :  1.05043e-08
 Reference value :  1.05593e-08
 Reference value :  1.06153e-08
 Reference value :  1.06973e-08
 Reference value :  1.07683e-08
 Reference value :  1.08253e-08
 Reference value :  1.08583e-08
 Reference value :  1.08823e-08
 Reference value :  1.09153e-08
 Reference value :  1.09673e-08
 Reference value :  1.09883e-08
 Reference value :  1.10093e-08
 Reference value :  1.10343e-08
 Reference value :  1.10893e-08
 Reference value :  1.11103e-08
 Reference value :  1.11463e-08
 Reference value :  1.11673e-08
 Reference value :  1.12133e-08
 Reference value :  1.12373e-08
 Reference value :  1.12873e-08
 Reference value :  1.13433e-08
 Reference value :  1.13983e-08
 Reference value :  1.14453e-08
 Reference value :  1.14803e-08
 Reference value :  1.15303e-08
 Reference value :  1.15773e-08
 Reference value :  1.16013e-08
 Reference value :  1.16483e-08
 Reference value :  1.16993e-08
 Reference value :  1.17333e-08
 Reference value :  1.17543e-08
 Reference value :  1.17753e-08
 Reference value :  1.18053e-08
 Reference value :  1.18563e-08
 Reference value :  1.19043e-08
 Reference value :  1.19443e-08
 Reference value :  1.19863e-08
 Reference value :  1.20113e-08
 Reference value :  1.20633e-08
 Reference value :  1.20943e-08
 Reference value :  1.21263e-08
 Reference value :  1.21593e-08
 Reference value :  1.22443e-08
 Reference value :  1.22653e-08
 Reference value :  1.22863e-08
 Reference value :  1.23073e-08
 Reference value :  1.23813e-08
 Reference value :  1.24243e-08
 Reference value :  1.24483e-08
 Reference value :  1.24803e-08
 Reference value :  1.25283e-08
 Reference value :  1.25523e-08
 Reference value :  1.26013e-08
 Reference value :  1.26503e-08
 Reference value :  1.26943e-08
 Reference value :  1.27453e-08
 Reference value :  1.27833e-08
 Reference value :  1.28163e-08
 Reference value :  1.28593e-08
 Reference value :  1.28853e-08
 Reference value :  1.29153e-08
 Reference value :  1.29543e-08
 Reference value :  1.29753e-08
 Reference value :  1.30023e-08
 Reference value :  1.30233e-08
 Reference value :  1.30923e-08
 Reference value :  1.31213e-08
 Reference value :  1.31423e-08
 Reference value :  1.31713e-08
 Reference value :  1.32103e-08
 Reference value :  1.32393e-08
 Reference value :  1.32603e-08
 Reference value :  1.32833e-08
 Reference value :  1.33053e-08
 Reference value :  1.33453e-08
 Reference value :  1.33853e-08
 Reference value :  1.34293e-08
 Reference value :  1.34703e-08
 Reference value :  1.34953e-08
 Reference value :  1.35163e-08
 Reference value :  1.35553e-08
 Reference value :  1.35793e-08
 Reference value :  1.36233e-08
 Reference value :  1.37023e-08
 Reference value :  1.37463e-08
 Reference value :  1.37823e-08
 Reference value :  1.38153e-08
 Reference value :  1.38413e-08
 Reference value :  1.38773e-08
 Reference value :  1.39673e-08
 Reference value :  1.40133e-08
 Reference value :  1.41193e-08
 Reference value :  1.41863e-08
 Reference value :  1.42223e-08
 Reference value :  1.42723e-08
 Reference value :  1.43233e-08
 Reference value :  1.43593e-08
 Reference value :  1.43803e-08
 Reference value :  1.44033e-08
 Reference value :  1.44403e-08
 Reference value :  1.44773e-08
 Reference value :  1.45633e-08
 Reference value :  1.47093e-08
 Reference value :  1.47663e-08
 Reference value :  1.47953e-08
 Reference value :  1.48313e-08
 Reference value :  1.48803e-08
 Reference value :  1.49173e-08
 Reference value :  1.49853e-08
 Reference value :  1.50063e-08
 Reference value :  1.50313e-08
 Reference value :  1.50943e-08
 Reference value :  1.51413e-08
 Reference value :  1.51623e-08
 Reference value :  1.51903e-08
 Reference value :  1.52263e-08
 Reference value :  1.52573e-08
 Reference value :  1.52783e-08
 Reference value :  1.53383e-08
 Reference value :  1.53603e-08
 Reference value :  1.54093e-08
 Reference value :  1.54383e-08
 Reference value :  1.54633e-08
 Reference value :  1.54903e-08
 Reference value :  1.55283e-08
 Reference value :  1.55593e-08
 Reference value :  1.55923e-08
 Reference value :  1.56263e-08
 Reference value :  1.56503e-08
 Reference value :  1.56833e-08
 Reference value :  1.57273e-08
 Reference value :  1.57853e-08
 Reference value :  1.58203e-08
 Reference value :  1.58673e-08
 Reference value :  1.58883e-08
 Reference value :  1.59093e-08
 Reference value :  1.59353e-08
 Reference value :  1.60003e-08
 Reference value :  1.60763e-08
 Reference value :  1.61253e-08
 Reference value :  1.61543e-08
 Reference value :  1.61933e-08
 Reference value :  1.62353e-08
 Reference value :  1.62793e-08
 Reference value :  1.63143e-08
 Reference value :  1.63453e-08
 Reference value :  1.63843e-08
 Reference value :  1.64143e-08
 Reference value :  1.64713e-08
 Reference value :  1.65083e-08
 Reference value :  1.65933e-08
 Reference value :  1.66193e-08
 Reference value :  1.66423e-08
 Reference value :  1.66963e-08
 Reference value :  1.67523e-08
 Reference value :  1.68123e-08
 Reference value :  1.68773e-08
 Reference value :  1.69183e-08
 Reference value :  1.69613e-08
 Reference value :  1.70073e-08
 Reference value :  1.70283e-08
 Reference value :  1.70493e-08
 Reference value :  1.70703e-08
 Reference value :  1.71053e-08
 Reference value :  1.71423e-08
 Reference value :  1.71853e-08
 Reference value :  1.72063e-08
 Reference value :  1.72273e-08
 Reference value :  1.72513e-08
 Reference value :  1.72753e-08
 Reference value :  1.72963e-08
 Reference value :  1.73203e-08
 Reference value :  1.73773e-08
 Reference value :  1.74163e-08
 Reference value :  1.74673e-08
 Reference value :  1.75053e-08
 Reference value :  1.75393e-08
 Reference value :  1.75763e-08
 Reference value :  1.76213e-08
 Reference value :  1.76603e-08
 Reference value :  1.76813e-08
 Reference value :  1.77023e-08
 Reference value :  1.77393e-08
 Reference value :  1.77823e-08
 Reference value :  1.78313e-08
 Reference value :  1.78703e-08
 Reference value :  1.79073e-08
 Reference value :  1.79453e-08
 Reference value :  1.80213e-08
 Reference value :  1.80813e-08
 Reference value :  1.81243e-08
 Reference value :  1.81563e-08
 Reference value :  1.82133e-08
 Reference value :  1.82373e-08
 Reference value :  1.82603e-08
 Reference value :  1.83053e-08
 Reference value :  1.83453e-08
 Reference value :  1.83683e-08
 Reference value :  1.83963e-08
 Reference value :  1.84543e-08
 Reference value :  1.84993e-08
 Reference value :  1.85203e-08
 Reference value :  1.85473e-08
 Reference value :  1.85903e-08
 Reference value :  1.86463e-08
 Reference value :  1.86763e-08
 Reference value :  1.87093e-08
 Reference value :  1.87363e-08
 Reference value :  1.87633e-08
 Reference value :  1.88083e-08
 Reference value :  1.88473e-08
 Reference value :  1.88783e-08
 Reference value :  1.88993e-08
 Reference value :  1.89343e-08
 Reference value :  1.89553e-08
 Reference value :  1.90813e-08
 Reference value :  1.91413e-08
 Reference value :  1.91793e-08
 Reference value :  1.92093e-08
 Reference value :  1.92463e-08
 Reference value :  1.92763e-08
 Reference value :  1.93043e-08
 Reference value :  1.93493e-08
 Reference value :  1.93883e-08
 Reference value :  1.94313e-08
 Reference value :  1.94663e-08
 Reference value :  1.94873e-08
 Reference value :  1.95123e-08
 Reference value :  1.95673e-08
 Reference value :  1.96123e-08
 Reference value :  1.96353e-08
 Reference value :  1.96613e-08
 Reference value :  1.96923e-08
 Reference value :  1.97503e-08
 Reference value :  1.97973e-08
 Reference value :  1.98463e-08
 Reference value :  1.98893e-08
 Reference value :  1.99153e-08
 Reference value :  1.99613e-08
 Reference value :  1.99953e-08
 Reference value :  2.00293e-08
 Reference value :  2.00593e-08
 Reference value :  2.00943e-08
 Reference value :  2.01313e-08
 Reference value :  2.01653e-08
 Reference value :  2.01933e-08
 Reference value :  2.02203e-08
 Reference value :  2.02723e-08
 Reference value :  2.03113e-08
 Reference value :  2.03413e-08
 Reference value :  2.03853e-08
 Reference value :  2.04113e-08
 Reference value :  2.04643e-08
 Reference value :  2.04923e-08
 Reference value :  2.05793e-08
 Reference value :  2.06303e-08
 Reference value :  2.06663e-08
 Reference value :  2.07063e-08
 Reference value :  2.07373e-08
 Reference value :  2.07843e-08
 Reference value :  2.08333e-08
 Reference value :  2.08813e-08
 Reference value :  2.09263e-08
 Reference value :  2.09723e-08
 Reference value :  2.10323e-08
 Reference value :  2.10533e-08
 Reference value :  2.10803e-08
 Reference value :  2.11263e-08
 Reference value :  2.11623e-08
 Reference value :  2.12043e-08
 Reference value :  2.12343e-08
 Reference value :  2.12863e-08
 Reference value :  2.13353e-08
 Reference value :  2.13713e-08
 Reference value :  2.14223e-08
 Reference value :  2.14453e-08
 Reference value :  2.14873e-08
 Reference value :  2.15443e-08
 Reference value :  2.16543e-08
 Reference value :  2.16843e-08
 Reference value :  2.17073e-08
 Reference value :  2.17523e-08
 Reference value :  2.18063e-08
 Reference value :  2.18623e-08
 Reference value :  2.19043e-08
 Reference value :  2.19553e-08
 Reference value :  2.19883e-08
 Reference value :  2.20173e-08
 Reference value :  2.20673e-08
 Reference value :  2.21053e-08
 Reference value :  2.21453e-08
 Reference value :  2.21733e-08
 Reference value :  2.21993e-08
 Reference value :  2.22203e-08
 Reference value :  2.22543e-08
 Reference value :  2.22923e-08
 Reference value :  2.23373e-08
 Reference value :  2.23743e-08
 Reference value :  2.24143e-08
 Reference value :  2.24753e-08
 Reference value :  2.25073e-08
 Reference value :  2.25423e-08
 Reference value :  2.25673e-08
 Reference value :  2.26003e-08
 Reference value :  2.26373e-08
 Reference value :  2.26923e-08
 Reference value :  2.27433e-08
 Reference value :  2.27663e-08
 Reference value :  2.28083e-08
 Reference value :  2.28393e-08
 Reference value :  2.28703e-08
 Reference value :  2.28913e-08
 Reference value :  2.29313e-08
 Reference value :  2.29563e-08
 Reference value :  2.29983e-08
 Reference value :  2.30323e-08
 Reference value :  2.30563e-08
 Reference value :  2.31133e-08
 Reference value :  2.31393e-08
 Reference value :  2.31763e-08
 Reference value :  2.32203e-08
 Reference value :  2.32863e-08
 Reference value :  2.33173e-08
 Reference value :  2.33713e-08
 Reference value :  2.34013e-08
 Reference value :  2.34543e-08
 Reference value :  2.34753e-08
 Reference value :  2.34963e-08
 Reference value :  2.35693e-08
 Reference value :  2.36283e-08
 Reference value :  2.36653e-08
 Reference value :  2.37193e-08
 Reference value :  2.37493e-08
 Reference value :  2.37893e-08
 Reference value :  2.38233e-08
 Reference value :  2.38543e-08
 Reference value :  2.38753e-08
 Reference value :  2.38963e-08
 Reference value :  2.39173e-08
 Reference value :  2.39613e-08
 Reference value :  2.39933e-08
 Reference value :  2.40203e-08
 Reference value :  2.40763e-08
 Reference value :  2.41093e-08
 Reference value :  2.41323e-08
 Reference value :  2.41623e-08
 Reference value :  2.41913e-08
 Reference value :  2.42223e-08
 Reference value :  2.42513e-08
 Reference value :  2.43023e-08
 Reference value :  2.43483e-08
 Reference value :  2.43843e-08
 Reference value :  2.44313e-08
 Reference value :  2.44723e-08
 Reference value :  2.45143e-08
 Reference value :  2.45373e-08
 Reference value :  2.45703e-08
 Reference value :  2.46253e-08
 Reference value :  2.46693e-08
 Reference value :  2.47063e-08
 Reference value :  2.47543e-08
 Reference value :  2.48133e-08
 Reference value :  2.48423e-08
 Reference value :  2.48693e-08
 Reference value :  2.49053e-08
 Reference value :  2.49373e-08
 Reference value :  2.49893e-08
 Reference value :  2.50293e-08
 Reference value :  2.50633e-08
 Reference value :  2.50933e-08
 Reference value :  2.51383e-08
 Reference value :  2.51783e-08
 Reference value :  2.52093e-08
 Reference value :  2.52573e-08
 Reference value :  2.53023e-08
 Reference value :  2.53503e-08
 Reference value :  2.53913e-08
 Reference value :  2.54223e-08
 Reference value :  2.54853e-08
 Reference value :  2.55423e-08
 Reference value :  2.55693e-08
 Reference value :  2.56153e-08
 Reference value :  2.56533e-08
 Reference value :  2.57353e-08
 Reference value :  2.57733e-08
 Reference value :  2.58053e-08
 Reference value :  2.58453e-08
 Reference value :  2.58963e-08
 Reference value :  2.59633e-08
 Reference value :  2.59943e-08
 Reference value :  2.60273e-08
 Reference value :  2.60563e-08
 Reference value :  2.60983e-08
 Reference value :  2.61383e-08
 Reference value :  2.61673e-08
 Reference value :  2.61883e-08
 Reference value :  2.62163e-08
 Reference value :  2.62433e-08
 Reference value :  2.62743e-08
 Reference value :  2.63093e-08
 Reference value :  2.63513e-08
 Reference value :  2.64083e-08
 Reference value :  2.64633e-08
 Reference value :  2.65033e-08
 Reference value :  2.65653e-08
 Reference value :  2.65863e-08
 Reference value :  2.66123e-08
 Reference value :  2.66513e-08
 Reference value :  2.66873e-08
 Reference value :  2.67393e-08
 Reference value :  2.67763e-08
 Reference value :  2.68463e-08
 Reference value :  2.68933e-08
 Reference value :  2.69213e-08
 Reference value :  2.69473e-08
 Reference value :  2.70013e-08
 Reference value :  2.70343e-08
 Reference value :  2.70573e-08
 Reference value :  2.70783e-08
 Reference value :  2.70993e-08
 Reference value :  2.71343e-08
 Reference value :  2.72013e-08
 Reference value :  2.72553e-08
 Reference value :  2.72943e-08
 Reference value :  2.73383e-08
 Reference value :  2.73593e-08
 Reference value :  2.73803e-08
 Reference value :  2.74103e-08
 Reference value :  2.74583e-08
 Reference value :  2.75033e-08
 Reference value :  2.75503e-08
 Reference value :  2.75763e-08
 Reference value :  2.76163e-08
 Reference value :  2.77153e-08
 Reference value :  2.77533e-08
 Reference value :  2.77993e-08
 Reference value :  2.78413e-08
 Reference value :  2.78883e-08
 Reference value :  2.79153e-08
 Reference value :  2.79443e-08
 Reference value :  2.79703e-08
 Reference value :  2.80253e-08
 Reference value :  2.80513e-08
 Reference value :  2.80873e-08
 Reference value :  2.81253e-08
 Reference value :  2.81773e-08
 Reference value :  2.82143e-08
 Reference value :  2.82363e-08
 Reference value :  2.82633e-08
 Reference value :  2.82983e-08
 Reference value :  2.83343e-08
 Reference value :  2.83803e-08
 Reference value :  2.84373e-08
 Reference value :  2.84633e-08
 Reference value :  2.85083e-08
 Reference value :  2.85393e-08
 Reference value :  2.85983e-08
 Reference value :  2.86383e-08
 Reference value :  2.86773e-08
 Reference value :  2.87163e-08
 Reference value :  2.87633e-08
 Reference value :  2.88273e-08
 Reference value :  2.88803e-08
 Reference value :  2.89133e-08
 Reference value :  2.89443e-08
 Reference value :  2.89713e-08
 Reference value :  2.90103e-08
 Reference value :  2.90443e-08
 Reference value :  2.90913e-08
 Reference value :  2.91333e-08
 Reference value :  2.91613e-08
 Reference value :  2.91963e-08
 Reference value :  2.92363e-08
 Reference value :  2.92793e-08
 Reference value :  2.93173e-08
 Reference value :  2.93493e-08
 Reference value :  2.93853e-08
 Reference value :  2.94203e-08
 Reference value :  2.94413e-08
 Reference value :  2.94623e-08
 Reference value :  2.94983e-08
 Reference value :  2.95883e-08
 Reference value :  2.96243e-08
 Reference value :  2.96693e-08
 Reference value :  2.96953e-08
 Reference value :  2.97253e-08
 Reference value :  2.97593e-08
 Reference value :  2.97933e-08
 Reference value :  2.98193e-08
 Reference value :  2.98613e-08
 Reference value :  2.99113e-08
 Reference value :  2.99363e-08
 Reference value :  2.99843e-08
 Reference value :  3.00143e-08
 Reference value :  3.00623e-08
 Reference value :  3.01013e-08
 Reference value :  3.01453e-08
 Reference value :  3.01663e-08
 Reference value :  3.02143e-08
 Reference value :  3.02363e-08
 Reference value :  3.02653e-08
 Reference value :  3.03073e-08
 Reference value :  3.03443e-08
 Reference value :  3.03653e-08
 Reference value :  3.04173e-08
 Reference value :  3.04563e-08
 Reference value :  3.04863e-08
 Reference value :  3.05343e-08
 Reference value :  3.05663e-08
 Reference value :  3.06073e-08
 Reference value :  3.06543e-08
 Reference value :  3.06943e-08
 Reference value :  3.07693e-08
 Reference value :  3.08083e-08
 Reference value :  3.08613e-08
 Reference value :  3.09273e-08
 Reference value :  3.09483e-08
 Reference value :  3.09693e-08
 Reference value :  3.09903e-08
 Reference value :  3.10363e-08
 Reference value :  3.11163e-08
 Reference value :  3.11713e-08
 Reference value :  3.12263e-08
 Reference value :  3.12473e-08
 Reference value :  3.12733e-08
 Reference value :  3.13373e-08
 Reference value :  3.13713e-08
 Reference value :  3.14323e-08
 Reference value :  3.14873e-08
 Reference value :  3.15123e-08
 Reference value :  3.15333e-08
 Reference value :  3.15613e-08
 Reference value :  3.15823e-08
 Reference value :  3.16073e-08
 Reference value :  3.16683e-08
 Reference value :  3.16983e-08
 Reference value :  3.17323e-08
 Reference value :  3.17773e-08
 Reference value :  3.18093e-08
 Reference value :  3.18463e-08
 Reference value :  3.18693e-08
 Reference value :  3.19163e-08
 Reference value :  3.19473e-08
 Reference value :  3.19683e-08
 Reference value :  3.19953e-08
 Reference value :  3.20163e-08
 Reference value :  3.20443e-08
 Reference value :  3.21283e-08
 Reference value :  3.21583e-08
 Reference value :  3.22223e-08
 Reference value :  3.22783e-08
 Reference value :  3.23263e-08
 Reference value :  3.23873e-08
 Reference value :  3.24243e-08
 Reference value :  3.24573e-08
 Reference value :  3.25003e-08
 Reference value :  3.25353e-08
 Reference value :  3.25893e-08
 Reference value :  3.26493e-08
 Reference value :  3.27013e-08
 Reference value :  3.27843e-08
 Reference value :  3.28193e-08
 Reference value :  3.28443e-08
 Reference value :  3.28733e-08
 Reference value :  3.29143e-08
 Reference value :  3.29403e-08
 Reference value :  3.29753e-08
 Reference value :  3.30073e-08
 Reference value :  3.30333e-08
 Reference value :  3.30633e-08
 Reference value :  3.30983e-08
 Reference value :  3.31353e-08
 Reference value :  3.31653e-08
 Reference value :  3.31913e-08
 Reference value :  3.32123e-08
 Reference value :  3.32693e-08
 Reference value :  3.33233e-08
 Reference value :  3.33593e-08
 Reference value :  3.33803e-08
 Reference value :  3.34013e-08
 Reference value :  3.34213e-08
 Reference value :  3.34423e-08
 Reference value :  3.34823e-08
 Reference value :  3.35143e-08
 Reference value :  3.35473e-08
 Reference value :  3.35873e-08
 Reference value :  3.36153e-08
 Reference value :  3.36603e-08
 Reference value :  3.37003e-08
 Reference value :  3.37293e-08
 Reference value :  3.37523e-08
 Reference value :  3.37733e-08
 Reference value :  3.37993e-08
 Reference value :  3.38293e-08
 Reference value :  3.38663e-08
 Reference value :  3.38873e-08
 Reference value :  3.39153e-08
 Reference value :  3.39483e-08
 Reference value :  3.39933e-08
 Reference value :  3.40143e-08
 Reference value :  3.40353e-08
 Reference value :  3.40813e-08
 Reference value :  3.41023e-08
 Reference value :  3.41233e-08
 Reference value :  3.41483e-08
 Reference value :  3.41983e-08
 Reference value :  3.42503e-08
 Reference value :  3.42903e-08
 Reference value :  3.43193e-08
 Reference value :  3.43673e-08
 Reference value :  3.44043e-08
 Reference value :  3.44383e-08
 Reference value :  3.44593e-08
 Reference value :  3.44923e-08
 Reference value :  3.45243e-08
 Reference value :  3.45563e-08
 Reference value :  3.45833e-08
 Reference value :  3.46093e-08
 Reference value :  3.46613e-08
 Reference value :  3.46943e-08
 Reference value :  3.47383e-08
 Reference value :  3.47803e-08
 Reference value :  3.48173e-08
 Reference value :  3.48383e-08
 Reference value :  3.48643e-08
 Reference value :  3.49013e-08
 Reference value :  3.49263e-08
 Reference value :  3.49523e-08
 Reference value :  3.49773e-08
 Reference value :  3.50173e-08
 Reference value :  3.50593e-08
 Reference value :  3.51233e-08
 Reference value :  3.51533e-08
 Reference value :  3.51893e-08
 Reference value :  3.52253e-08
 Reference value :  3.52633e-08
 Reference value :  3.53063e-08
 Reference value :  3.53643e-08
 Reference value :  3.54063e-08
 Reference value :  3.54313e-08
 Reference value :  3.54673e-08
 Reference value :  3.55193e-08
 Reference value :  3.55623e-08
 Reference value :  3.56253e-08
 Reference value :  3.56983e-08
 Reference value :  3.57243e-08
 Reference value :  3.57773e-08
 Reference value :  3.58273e-08
 Reference value :  3.58623e-08
 Reference value :  3.59253e-08
 Reference value :  3.59673e-08
 Reference value :  3.60163e-08
 Reference value :  3.61433e-08
 Reference value :  3.63613e-08
 Reference value :  3.65443e-08
 Reference value :  3.67693e-08
 Reference value :  3.70033e-08
 Reference value :  3.72103e-08
 Reference value :  3.72993e-08
 Reference value :  3.73903e-08
 Reference value :  3.74203e-08
 Reference value :  3.74903e-08
 Reference value :  3.75423e-08
 Reference value :  3.75843e-08
 Reference value :  3.76473e-08
 Reference value :  3.76893e-08
 Reference value :  3.77593e-08
 Reference value :  3.77983e-08
 Reference value :  3.78443e-08
 Reference value :  3.78723e-08
 Reference value :  3.79003e-08
 Reference value :  3.79373e-08
 Reference value :  3.79963e-08
 Reference value :  3.80303e-08
 Reference value :  3.80623e-08
 Reference value :  3.80913e-08
 Reference value :  3.81323e-08
 Reference value :  3.81593e-08
 Reference value :  3.81993e-08
 Reference value :  3.82203e-08
 Reference value :  3.82593e-08
 Reference value :  3.83063e-08
 Reference value :  3.83553e-08
 Reference value :  3.83983e-08
 Reference value :  3.84303e-08
 Reference value :  3.84803e-08
 Reference value :  3.85013e-08
 Reference value :  3.85223e-08
 Reference value :  3.85523e-08
 Reference value :  3.85833e-08
 Reference value :  3.86303e-08
 Reference value :  3.86773e-08
 Reference value :  3.87113e-08
 Reference value :  3.87353e-08
 Reference value :  3.87583e-08
 Reference value :  3.87853e-08
 Reference value :  3.88213e-08
 Reference value :  3.88513e-08
 Reference value :  3.88763e-08
 Reference value :  3.89223e-08
 Reference value :  3.89453e-08
 Reference value :  3.89663e-08
 Reference value :  3.90233e-08
 Reference value :  3.90483e-08
 Reference value :  3.90873e-08
 Reference value :  3.91263e-08
 Reference value :  3.91473e-08
 Reference value :  3.91813e-08
 Reference value :  3.92093e-08
 Reference value :  3.92563e-08
 Reference value :  3.92793e-08
 Reference value :  3.93063e-08
 Reference value :  3.93293e-08
 Reference value :  3.93543e-08
 Reference value :  3.93913e-08
 Reference value :  3.94123e-08
 Reference value :  3.94863e-08
 Reference value :  3.95193e-08
 Reference value :  3.95643e-08
 Reference value :  3.96083e-08
 Reference value :  3.96283e-08
 Reference value :  3.96593e-08
 Reference value :  3.96853e-08
 Reference value :  3.97173e-08
 Reference value :  3.97433e-08
 Reference value :  3.97733e-08
 Reference value :  3.98133e-08
 Reference value :  3.98513e-08
 Reference value :  3.98953e-08
 Reference value :  3.99513e-08
 Reference value :  3.99943e-08
 Reference value :  4.00343e-08
 Reference value :  4.00773e-08
 Reference value :  4.01143e-08
 Reference value :  4.02083e-08
 Reference value :  4.02953e-08
 Reference value :  4.03503e-08
 Reference value :  4.03843e-08
 Reference value :  4.04423e-08
 Reference value :  4.04993e-08
 Reference value :  4.05503e-08
 Reference value :  4.05933e-08
 Reference value :  4.06353e-08
 Reference value :  4.06823e-08
 Reference value :  4.07153e-08
 Reference value :  4.07503e-08
 Reference value :  4.08053e-08
 Reference value :  4.08553e-08
 Reference value :  4.08923e-08
 Reference value :  4.09403e-08
 Reference value :  4.09833e-08
 Reference value :  4.10033e-08
 Reference value :  4.10283e-08
 Reference value :  4.10643e-08
 Reference value :  4.11053e-08
 Reference value :  4.11403e-08
 Reference value :  4.11613e-08
 Reference value :  4.11913e-08
 Reference value :  4.12363e-08
 Reference value :  4.12733e-08
 Reference value :  4.13103e-08
 Reference value :  4.13503e-08
 Reference value :  4.13853e-08
 Reference value :  4.14303e-08
 Reference value :  4.14783e-08
 Reference value :  4.15023e-08
 Reference value :  4.15413e-08
 Reference value :  4.15993e-08
 Reference value :  4.16313e-08
 Reference value :  4.16593e-08
 Reference value :  4.17053e-08
 Reference value :  4.17703e-08
 Reference value :  4.18093e-08
 Reference value :  4.18763e-08
 Reference value :  4.18973e-08
 Reference value :  4.19283e-08
 Reference value :  4.19583e-08
 Reference value :  4.19893e-08
 Reference value :  4.20103e-08
 Reference value :  4.20533e-08
 Reference value :  4.20843e-08
 Reference value :  4.21093e-08
 Reference value :  4.21603e-08
 Reference value :  4.21973e-08
 Reference value :  4.22193e-08
 Reference value :  4.22433e-08
 Reference value :  4.23033e-08
 Reference value :  4.23243e-08
 Reference value :  4.23563e-08
 Reference value :  4.23773e-08
 Reference value :  4.24483e-08
 Reference value :  4.24763e-08
 Reference value :  4.25033e-08
 Reference value :  4.25293e-08
 Reference value :  4.25573e-08
 Reference value :  4.25833e-08
 Reference value :  4.26253e-08
 Reference value :  4.26613e-08
 Reference value :  4.26903e-08
 Reference value :  4.27183e-08
 Reference value :  4.27643e-08
 Reference value :  4.27853e-08
 Reference value :  4.28063e-08
 Reference value :  4.28543e-08
 Reference value :  4.28873e-08
 Reference value :  4.29243e-08
 Reference value :  4.29613e-08
 Reference value :  4.29833e-08
 Reference value :  4.30173e-08
 Reference value :  4.30603e-08
 Reference value :  4.30933e-08
 Reference value :  4.31273e-08
 Reference value :  4.31783e-08
 Reference value :  4.32253e-08
 Reference value :  4.32663e-08
 Reference value :  4.33073e-08
 Reference value :  4.33283e-08
 Reference value :  4.33963e-08
 Reference value :  4.34403e-08
 Reference value :  4.34793e-08
 Reference value :  4.35003e-08
 Reference value :  4.35523e-08
 Reference value :  4.35913e-08
 Reference value :  4.36163e-08
 Reference value :  4.36463e-08
 Reference value :  4.36743e-08
 Reference value :  4.37083e-08
 Reference value :  4.37373e-08
 Reference value :  4.37673e-08
 Reference value :  4.38153e-08
 Reference value :  4.38363e-08
 Reference value :  4.38573e-08
 Reference value :  4.38973e-08
 Reference value :  4.39843e-08
 Reference value :  4.40283e-08
 Reference value :  4.40603e-08
 Reference value :  4.41053e-08
 Reference value :  4.41263e-08
 Reference value :  4.41473e-08
 Reference value :  4.41683e-08
 Reference value :  4.41893e-08
 Reference value :  4.42103e-08
 Reference value :  4.42313e-08
 Reference value :  4.42653e-08
 Reference value :  4.42993e-08
 Reference value :  4.43243e-08
 Reference value :  4.43583e-08
 Reference value :  4.44123e-08
 Reference value :  4.44733e-08
 Reference value :  4.44993e-08
 Reference value :  4.45383e-08
 Reference value :  4.45683e-08
 Reference value :  4.46063e-08
 Reference value :  4.46273e-08
 Reference value :  4.46483e-08
 Reference value :  4.46833e-08
 Reference value :  4.47063e-08
 Reference value :  4.47303e-08
 Reference value :  4.47713e-08
 Reference value :  4.48223e-08
 Reference value :  4.48643e-08
 Reference value :  4.49133e-08
 Reference value :  4.49703e-08
 Reference value :  4.49933e-08
 Reference value :  4.50163e-08
 Reference value :  4.50743e-08
 Reference value :  4.50993e-08
 Reference value :  4.51423e-08
 Reference value :  4.51783e-08
 Reference value :  4.52143e-08
 Reference value :  4.52473e-08
 Reference value :  4.52683e-08
 Reference value :  4.52963e-08
 Reference value :  4.53713e-08
 Reference value :  4.54193e-08
 Reference value :  4.54503e-08
 Reference value :  4.55013e-08
 Reference value :  4.55733e-08
 Reference value :  4.56013e-08
 Reference value :  4.56453e-08
 Reference value :  4.56663e-08
 Reference value :  4.56963e-08
 Reference value :  4.57543e-08
 Reference value :  4.57933e-08
 Reference value :  4.58323e-08
 Reference value :  4.58603e-08
 Reference value :  4.59203e-08
 Reference value :  4.59483e-08
 Reference value :  4.59813e-08
 Reference value :  4.60153e-08
 Reference value :  4.60413e-08
 Reference value :  4.60683e-08
 Reference value :  4.61063e-08
 Reference value :  4.61563e-08
 Reference value :  4.62043e-08
 Reference value :  4.62433e-08
 Reference value :  4.62663e-08
 Reference value :  4.62873e-08
 Reference value :  4.63113e-08
 Reference value :  4.63343e-08
 Reference value :  4.64043e-08
 Reference value :  4.64393e-08
 Reference value :  4.64793e-08
 Reference value :  4.65003e-08
 Reference value :  4.65323e-08
 Reference value :  4.65713e-08
 Reference value :  4.66403e-08
 Reference value :  4.66823e-08
 Reference value :  4.67313e-08
 Reference value :  4.67853e-08
 Reference value :  4.68233e-08
 Reference value :  4.68713e-08
 Reference value :  4.68923e-08
 Reference value :  4.69473e-08
 Reference value :  4.69953e-08
 Reference value :  4.70613e-08
 Reference value :  4.71043e-08
 Reference value :  4.71663e-08
 Reference value :  4.72473e-08
 Reference value :  4.72863e-08
 Reference value :  4.73193e-08
 Reference value :  4.73643e-08
 Reference value :  4.74143e-08
 Reference value :  4.74723e-08
 Reference value :  4.75143e-08
 Reference value :  4.75553e-08
 Reference value :  4.75913e-08
 Reference value :  4.76493e-08
 Reference value :  4.76703e-08
 Reference value :  4.77283e-08
 Reference value :  4.78053e-08
 Reference value :  4.78463e-08
 Reference value :  4.78893e-08
 Reference value :  4.79393e-08
 Reference value :  4.79873e-08
 Reference value :  4.80213e-08
 Reference value :  4.80833e-08
 Reference value :  4.81323e-08
 Reference value :  4.81633e-08
 Reference value :  4.82083e-08
 Reference value :  4.82463e-08
 Reference value :  4.82963e-08
 Reference value :  4.83213e-08
 Reference value :  4.83423e-08
 Reference value :  4.83633e-08
 Reference value :  4.84123e-08
 Reference value :  4.84493e-08
 Reference value :  4.84983e-08
 Reference value :  4.85503e-08
 Reference value :  4.86013e-08
 Reference value :  4.86323e-08
 Reference value :  4.86723e-08
 Reference value :  4.87093e-08
 Reference value :  4.87433e-08
 Reference value :  4.87903e-08
 Reference value :  4.88183e-08
 Reference value :  4.88463e-08
 Reference value :  4.88673e-08
 Reference value :  4.89003e-08
 Reference value :  4.89323e-08
 Reference value :  4.89583e-08
 Reference value :  4.89883e-08
 Reference value :  4.90333e-08
 Reference value :  4.90693e-08
 Reference value :  4.91133e-08
 Reference value :  4.91503e-08
 Reference value :  4.91943e-08
 Reference value :  4.92333e-08
 Reference value :  4.92783e-08
 Reference value :  4.93183e-08
 Reference value :  4.93623e-08
 Reference value :  4.93963e-08
 Reference value :  4.94353e-08
 Reference value :  4.94713e-08
 Reference value :  4.95003e-08
 Reference value :  4.95323e-08
 Reference value :  4.95993e-08
 Reference value :  4.96203e-08
 Reference value :  4.96483e-08
 Reference value :  4.97273e-08
 Reference value :  4.97673e-08
 Reference value :  4.97963e-08
 Reference value :  4.98703e-08
 Reference value :  4.99103e-08
 Reference value :  4.99843e-08
 Reference value :  5.00273e-08
 Reference value :  5.00683e-08
 Reference value :  5.01043e-08
 Reference value :  5.01253e-08
 Reference value :  5.01493e-08
 Reference value :  5.01953e-08
 Reference value :  5.02263e-08
 Reference value :  5.02533e-08
 Reference value :  5.02933e-08
 Reference value :  5.03383e-08
 Reference value :  5.03863e-08
 Reference value :  5.04313e-08
 Reference value :  5.04823e-08
 Reference value :  5.05123e-08
 Reference value :  5.05513e-08
 Reference value :  5.06033e-08
 Reference value :  5.06553e-08
 Reference value :  5.06863e-08
 Reference value :  5.07073e-08
 Reference value :  5.07963e-08
 Reference value :  5.08813e-08
 Reference value :  5.09163e-08
 Reference value :  5.09533e-08
 Reference value :  5.10213e-08
 Reference value :  5.10553e-08
 Reference value :  5.11343e-08
 Reference value :  5.11633e-08
 Reference value :  5.11983e-08
 Reference value :  5.12543e-08
 Reference value :  5.12903e-08
 Reference value :  5.13213e-08
 Reference value :  5.13693e-08
 Reference value :  5.14193e-08
 Reference value :  5.14633e-08
 Reference value :  5.15063e-08
 Reference value :  5.15563e-08
 Reference value :  5.15863e-08
 Reference value :  5.16283e-08
 Reference value :  5.16603e-08
 Reference value :  5.16993e-08
 Reference value :  5.17243e-08
 Reference value :  5.17543e-08
 Reference value :  5.17863e-08
 Reference value :  5.18123e-08
 Reference value :  5.18673e-08
 Reference value :  5.18933e-08
 Reference value :  5.19143e-08
 Reference value :  5.19353e-08
 Reference value :  5.19723e-08
 Reference value :  5.20233e-08
 Reference value :  5.20513e-08
 Reference value :  5.20793e-08
 Reference value :  5.21123e-08
 Reference value :  5.21703e-08
 Reference value :  5.21913e-08
 Reference value :  5.22173e-08
 Reference value :  5.22653e-08
 Reference value :  5.22913e-08
 Reference value :  5.23173e-08
 Reference value :  5.23383e-08
 Reference value :  5.23593e-08
 Reference value :  5.23873e-08
 Reference value :  5.24223e-08
 Reference value :  5.24503e-08
 Reference value :  5.24713e-08
 Reference value :  5.24973e-08
 Reference value :  5.25303e-08
 Reference value :  5.25513e-08
 Reference value :  5.25723e-08
 Reference value :  5.25933e-08
 Reference value :  5.26153e-08
 Reference value :  5.26803e-08
 Reference value :  5.27423e-08
 Reference value :  5.27893e-08
 Reference value :  5.28143e-08
 Reference value :  5.28443e-08
 Reference value :  5.28793e-08
 Reference value :  5.29023e-08
 Reference value :  5.29303e-08
 Reference value :  5.29693e-08
 Reference value :  5.30173e-08
 Reference value :  5.30403e-08
 Reference value :  5.30833e-08
 Reference value :  5.31393e-08
 Reference value :  5.31723e-08
 Reference value :  5.31943e-08
 Reference value :  5.32993e-08
 Reference value :  5.33313e-08
 Reference value :  5.33733e-08
 Reference value :  5.34213e-08
 Reference value :  5.34423e-08
 Reference value :  5.34633e-08
 Reference value :  5.35393e-08
 Reference value :  5.35593e-08
 Reference value :  5.35883e-08
 Reference value :  5.36413e-08
 Reference value :  5.37163e-08
 Reference value :  5.37633e-08
 Reference value :  5.37863e-08
 Reference value :  5.38213e-08
 Reference value :  5.39013e-08
 Reference value :  5.39543e-08
 Reference value :  5.39933e-08
 Reference value :  5.40323e-08
 Reference value :  5.40573e-08
 Reference value :  5.40923e-08
 Reference value :  5.41273e-08
 Reference value :  5.41613e-08
 Reference value :  5.41893e-08
 Reference value :  5.42353e-08
 Reference value :  5.42563e-08
 Reference value :  5.42773e-08
 Reference value :  5.43133e-08
 Reference value :  5.43513e-08
 Reference value :  5.44053e-08
 Reference value :  5.44493e-08
 Reference value :  5.45053e-08
 Reference value :  5.45573e-08
 Reference value :  5.46403e-08
 Reference value :  5.46663e-08
 Reference value :  5.47053e-08
 Reference value :  5.47333e-08
 Reference value :  5.47873e-08
 Reference value :  5.48263e-08
 Reference value :  5.48703e-08
 Reference value :  5.49613e-08
 Reference value :  5.49903e-08
 Reference value :  5.50273e-08
 Reference value :  5.50593e-08
 Reference value :  5.50803e-08
 Reference value :  5.51033e-08
 Reference value :  5.51423e-08
 Reference value :  5.51903e-08
 Reference value :  5.52183e-08
 Reference value :  5.52483e-08
 Reference value :  5.52793e-08
 Reference value :  5.53153e-08
 Reference value :  5.53693e-08
 Reference value :  5.54053e-08
 Reference value :  5.54643e-08
 Reference value :  5.54983e-08
 Reference value :  5.55343e-08
 Reference value :  5.55553e-08
 Reference value :  5.56023e-08
 Reference value :  5.56303e-08
 Reference value :  5.56963e-08
 Reference value :  5.57173e-08
 Reference value :  5.57453e-08
 Reference value :  5.57963e-08
 Reference value :  5.58413e-08
 Reference value :  5.58963e-08
 Reference value :  5.59453e-08
 Reference value :  5.59993e-08
 Reference value :  5.60843e-08
 Reference value :  5.61293e-08
 Reference value :  5.61833e-08
 Reference value :  5.62283e-08
 Reference value :  5.62723e-08
 Reference value :  5.63253e-08
 Reference value :  5.63753e-08
 Reference value :  5.63963e-08
 Reference value :  5.64213e-08
 Reference value :  5.64553e-08
 Reference value :  5.64993e-08
 Reference value :  5.65483e-08
 Reference value :  5.65723e-08
 Reference value :  5.65933e-08
 Reference value :  5.66143e-08
 Reference value :  5.66353e-08
 Reference value :  5.66563e-08
 Reference value :  5.66763e-08
 Reference value :  5.67103e-08
 Reference value :  5.67313e-08
 Reference value :  5.67523e-08
 Reference value :  5.67793e-08
 Reference value :  5.68043e-08
 Reference value :  5.68473e-08
 Reference value :  5.68883e-08
 Reference value :  5.69483e-08
 Reference value :  5.69973e-08
 Reference value :  5.70323e-08
 Reference value :  5.70683e-08
 Reference value :  5.70893e-08
 Reference value :  5.71093e-08
 Reference value :  5.71553e-08
 Reference value :  5.72193e-08
 Reference value :  5.72663e-08
 Reference value :  5.73123e-08
 Reference value :  5.73523e-08
 Reference value :  5.73963e-08
 Reference value :  5.74443e-08
 Reference value :  5.74763e-08
 Reference value :  5.75263e-08
 Reference value :  5.75723e-08
 Reference value :  5.76003e-08
 Reference value :  5.76473e-08
 Reference value :  5.76873e-08
 Reference value :  5.77353e-08
 Reference value :  5.77733e-08
 Reference value :  5.78193e-08
 Reference value :  5.78583e-08
 Reference value :  5.78923e-08
 Reference value :  5.79303e-08
 Reference value :  5.79743e-08
 Reference value :  5.80583e-08
 Reference value :  5.80973e-08
 Reference value :  5.81493e-08
 Reference value :  5.81923e-08
 Reference value :  5.82303e-08
 Reference value :  5.82513e-08
 Reference value :  5.82773e-08
 Reference value :  5.83093e-08
 Reference value :  5.83303e-08
 Reference value :  5.83513e-08
 Reference value :  5.83723e-08
 Reference value :  5.83933e-08
 Reference value :  5.84293e-08
 Reference value :  5.84813e-08
 Reference value :  5.85243e-08
 Reference value :  5.85553e-08
 Reference value :  5.85893e-08
 Reference value :  5.86273e-08
 Reference value :  5.86643e-08
 Reference value :  5.87163e-08
 Reference value :  5.87733e-08
 Reference value :  5.88263e-08
 Reference value :  5.88533e-08
 Reference value :  5.89083e-08
 Reference value :  5.89483e-08
 Reference value :  5.89843e-08
 Reference value :  5.90263e-08
 Reference value :  5.90633e-08
 Reference value :  5.91203e-08
 Reference value :  5.91563e-08
 Reference value :  5.91973e-08
 Reference value :  5.92303e-08
 Reference value :  5.93073e-08
 Reference value :  5.93713e-08
 Reference value :  5.94363e-08
 Reference value :  5.94683e-08
 Reference value :  5.94893e-08
 Reference value :  5.95323e-08
 Reference value :  5.95663e-08
 Reference value :  5.95973e-08
 Reference value :  5.96253e-08
 Reference value :  5.96843e-08
 Reference value :  5.97273e-08
 Reference value :  5.97633e-08
 Reference value :  5.98563e-08
 Reference value :  5.99113e-08
 Reference value :  5.99393e-08
 Reference value :  5.99753e-08
 Reference value :  6.00223e-08
 Reference value :  6.00733e-08
 Reference value :  6.00943e-08
 Reference value :  6.01233e-08
 Reference value :  6.01443e-08
 Reference value :  6.01823e-08
 Reference value :  6.02363e-08
 Reference value :  6.02693e-08
 Reference value :  6.02943e-08
 Reference value :  6.03273e-08
 Reference value :  6.03553e-08
 Reference value :  6.03763e-08
 Reference value :  6.04003e-08
 Reference value :  6.04243e-08
 Reference value :  6.05003e-08
 Reference value :  6.05333e-08
 Reference value :  6.05693e-08
 Reference value :  6.05983e-08
 Reference value :  6.06933e-08
 Reference value :  6.07223e-08
 Reference value :  6.07553e-08
 Reference value :  6.07763e-08
 Reference value :  6.08003e-08
 Reference value :  6.08213e-08
 Reference value :  6.08573e-08
 Reference value :  6.08943e-08
 Reference value :  6.09203e-08
 Reference value :  6.09503e-08
 Reference value :  6.09723e-08
 Reference value :  6.10283e-08
 Reference value :  6.10733e-08
 Reference value :  6.10983e-08
 Reference value :  6.11653e-08
 Reference value :  6.11873e-08
 Reference value :  6.12223e-08
 Reference value :  6.12523e-08
 Reference value :  6.12843e-08
 Reference value :  6.13123e-08
 Reference value :  6.13463e-08
 Reference value :  6.13803e-08
 Reference value :  6.14123e-08
 Reference value :  6.14413e-08
 Reference value :  6.14983e-08
 Reference value :  6.15373e-08
 Reference value :  6.15743e-08
 Reference value :  6.16143e-08
 Reference value :  6.16523e-08
 Reference value :  6.17043e-08
 Reference value :  6.17383e-08
 Reference value :  6.17733e-08
 Reference value :  6.18043e-08
 Reference value :  6.18293e-08
 Reference value :  6.18613e-08
 Reference value :  6.19023e-08
 Reference value :  6.19413e-08
 Reference value :  6.19803e-08
 Reference value :  6.20013e-08
 Reference value :  6.20223e-08
 Reference value :  6.20433e-08
 Reference value :  6.20643e-08
 Reference value :  6.21143e-08
 Reference value :  6.21663e-08
 Reference value :  6.22333e-08
 Reference value :  6.22773e-08
 Reference value :  6.23213e-08
 Reference value :  6.23633e-08
 Reference value :  6.24003e-08
 Reference value :  6.24233e-08
 Reference value :  6.24583e-08
 Reference value :  6.24863e-08
 Reference value :  6.25243e-08
 Reference value :  6.25453e-08
 Reference value :  6.25713e-08
 Reference value :  6.26243e-08
 Reference value :  6.26703e-08
 Reference value :  6.26953e-08
 Reference value :  6.27163e-08
 Reference value :  6.28253e-08
 Reference value :  6.28713e-08
 Reference value :  6.29123e-08
 Reference value :  6.29433e-08
 Reference value :  6.29873e-08
 Reference value :  6.30233e-08
 Reference value :  6.30743e-08
 Reference value :  6.31103e-08
 Reference value :  6.31313e-08
 Reference value :  6.31633e-08
 Reference value :  6.32063e-08
 Reference value :  6.32273e-08
 Reference value :  6.32763e-08
 Reference value :  6.33063e-08
 Reference value :  6.33423e-08
 Reference value :  6.33743e-08
 Reference value :  6.34223e-08
 Reference value :  6.35013e-08
 Reference value :  6.35833e-08
 Reference value :  6.36203e-08
 Reference value :  6.36423e-08
 Reference value :  6.36803e-08
 Reference value :  6.37373e-08
 Reference value :  6.37903e-08
 Reference value :  6.38153e-08
 Reference value :  6.38363e-08
 Reference value :  6.38993e-08
 Reference value :  6.39343e-08
 Reference value :  6.39663e-08
 Reference value :  6.40103e-08
 Reference value :  6.40323e-08
 Reference value :  6.40533e-08
 Reference value :  6.40943e-08
 Reference value :  6.41263e-08
 Reference value :  6.41643e-08
 Reference value :  6.41943e-08
 Reference value :  6.42443e-08
 Reference value :  6.42773e-08
 Reference value :  6.43103e-08
 Reference value :  6.43483e-08
 Reference value :  6.43763e-08
 Reference value :  6.44053e-08
 Reference value :  6.44553e-08
 Reference value :  6.44863e-08
 Reference value :  6.45323e-08
 Reference value :  6.46053e-08
 Reference value :  6.46293e-08
 Reference value :  6.46673e-08
 Reference value :  6.46893e-08
 Reference value :  6.47243e-08
 Reference value :  6.47663e-08
 Reference value :  6.47873e-08
 Reference value :  6.48083e-08
 Reference value :  6.48443e-08
 Reference value :  6.48943e-08
 Reference value :  6.49203e-08
 Reference value :  6.49483e-08
 Reference value :  6.50453e-08
 Reference value :  6.50663e-08
 Reference value :  6.51103e-08
 Reference value :  6.51453e-08
 Reference value :  6.51833e-08
 Reference value :  6.52043e-08
 Reference value :  6.52473e-08
 Reference value :  6.53383e-08
 Reference value :  6.53643e-08
 Reference value :  6.54113e-08
 Reference value :  6.54533e-08
 Reference value :  6.55183e-08
 Reference value :  6.56063e-08
 Reference value :  6.56293e-08
 Reference value :  6.56693e-08
 Reference value :  6.57073e-08
 Reference value :  6.57323e-08
 Reference value :  6.57573e-08
 Reference value :  6.58113e-08
 Reference value :  6.58483e-08
 Reference value :  6.58923e-08
 Reference value :  6.59183e-08
 Reference value :  6.59563e-08
 Reference value :  6.60213e-08
 Reference value :  6.60613e-08
 Reference value :  6.61223e-08
 Reference value :  6.61663e-08
 Reference value :  6.62763e-08
 Reference value :  6.63103e-08
 Reference value :  6.63343e-08
 Reference value :  6.63603e-08
 Reference value :  6.64173e-08
 Reference value :  6.64813e-08
 Reference value :  6.65093e-08
 Reference value :  6.65423e-08
 Reference value :  6.65663e-08
 Reference value :  6.65923e-08
 Reference value :  6.66413e-08
 Reference value :  6.66833e-08
 Reference value :  6.67073e-08
 Reference value :  6.67303e-08
 Reference value :  6.67823e-08
 Reference value :  6.68193e-08
 Reference value :  6.68703e-08
 Reference value :  6.69253e-08
 Reference value :  6.69613e-08
 Reference value :  6.70033e-08
 Reference value :  6.70593e-08
 Reference value :  6.70903e-08
 Reference value :  6.71453e-08
 Reference value :  6.72213e-08
 Reference value :  6.72653e-08
 Reference value :  6.73303e-08
 Reference value :  6.73553e-08
 Reference value :  6.73893e-08
 Reference value :  6.74153e-08
 Reference value :  6.74583e-08
 Reference value :  6.74893e-08
 Reference value :  6.75433e-08
 Reference value :  6.75763e-08
 Reference value :  6.76293e-08
 Reference value :  6.76733e-08
 Reference value :  6.77073e-08
 Reference value :  6.77353e-08
 Reference value :  6.77703e-08
 Reference value :  6.78553e-08
 Reference value :  6.78903e-08
 Reference value :  6.79183e-08
 Reference value :  6.79703e-08
 Reference value :  6.79983e-08
 Reference value :  6.80383e-08
 Reference value :  6.80713e-08
 Reference value :  6.81343e-08
 Reference value :  6.81653e-08
 Reference value :  6.81863e-08
 Reference value :  6.82333e-08
 Reference value :  6.82683e-08
 Reference value :  6.82903e-08
 Reference value :  6.83143e-08
 Reference value :  6.83573e-08
 Reference value :  6.83783e-08
 Reference value :  6.84033e-08
 Reference value :  6.84263e-08
 Reference value :  6.84613e-08
 Reference value :  6.85013e-08
 Reference value :  6.85433e-08
 Reference value :  6.86013e-08
 Reference value :  6.86363e-08
 Reference value :  6.86853e-08
 Reference value :  6.87223e-08
 Reference value :  6.87433e-08
 Reference value :  6.87813e-08
 Reference value :  6.88213e-08
 Reference value :  6.88743e-08
 Reference value :  6.89173e-08
 Reference value :  6.89453e-08
 Reference value :  6.89683e-08
 Reference value :  6.90043e-08
 Reference value :  6.90293e-08
 Reference value :  6.90703e-08
 Reference value :  6.91143e-08
 Reference value :  6.91393e-08
 Reference value :  6.91683e-08
 Reference value :  6.91953e-08
 Reference value :  6.92273e-08
 Reference value :  6.92603e-08
 Reference value :  6.92943e-08
 Reference value :  6.93383e-08
 Reference value :  6.93583e-08
 Reference value :  6.94033e-08
 Reference value :  6.94283e-08
 Reference value :  6.94513e-08
 Reference value :  6.94973e-08
 Reference value :  6.95363e-08
 Reference value :  6.95703e-08
 Reference value :  6.95943e-08
 Reference value :  6.96683e-08
 Reference value :  6.97143e-08
 Reference value :  6.97563e-08
 Reference value :  6.97983e-08
 Reference value :  6.98373e-08
 Reference value :  6.98943e-08
 Reference value :  6.99363e-08
 Reference value :  7.00013e-08
 Reference value :  7.00493e-08
 Reference value :  7.00773e-08
 Reference value :  7.01283e-08
 Reference value :  7.01563e-08
 Reference value :  7.02033e-08
 Reference value :  7.02353e-08
 Reference value :  7.02563e-08
 Reference value :  7.02843e-08
 Reference value :  7.03293e-08
 Reference value :  7.03683e-08
 Reference value :  7.03893e-08
 Reference value :  7.04223e-08
 Reference value :  7.05123e-08
 Reference value :  7.05373e-08
 Reference value :  7.05683e-08
 Reference value :  7.06303e-08
 Reference value :  7.06743e-08
 Reference value :  7.07053e-08
 Reference value :  7.07323e-08
 Reference value :  7.07583e-08
 Reference value :  7.08043e-08
 Reference value :  7.08363e-08
 Reference value :  7.08683e-08
 Reference value :  7.08973e-08
 Reference value :  7.09223e-08
 Reference value :  7.09523e-08
 Reference value :  7.09993e-08
 Reference value :  7.10253e-08
 Reference value :  7.10533e-08
 Reference value :  7.10873e-08
 Reference value :  7.11413e-08
 Reference value :  7.11923e-08
 Reference value :  7.12293e-08
 Reference value :  7.12633e-08
 Reference value :  7.12953e-08
 Reference value :  7.13393e-08
 Reference value :  7.13743e-08
 Reference value :  7.14223e-08
 Reference value :  7.14433e-08
 Reference value :  7.14643e-08
 Reference value :  7.14963e-08
 Reference value :  7.15383e-08
 Reference value :  7.15723e-08
 Reference value :  7.16113e-08
 Reference value :  7.16513e-08
 Reference value :  7.16913e-08
 Reference value :  7.17343e-08
 Reference value :  7.17553e-08
 Reference value :  7.17883e-08
 Reference value :  7.18103e-08
 Reference value :  7.18333e-08
 Reference value :  7.18723e-08
 Reference value :  7.18933e-08
 Reference value :  7.19193e-08
 Reference value :  7.19403e-08
 Reference value :  7.19783e-08
 Reference value :  7.19983e-08
 Reference value :  7.20483e-08
 Reference value :  7.20943e-08
 Reference value :  7.21543e-08
 Reference value :  7.21843e-08
 Reference value :  7.22703e-08
 Reference value :  7.22963e-08
 Reference value :  7.23553e-08
 Reference value :  7.23973e-08
 Reference value :  7.24403e-08
 Reference value :  7.24773e-08
 Reference value :  7.25013e-08
 Reference value :  7.25633e-08
 Reference value :  7.25933e-08
 Reference value :  7.26423e-08
 Reference value :  7.27393e-08
 Reference value :  7.27753e-08
 Reference value :  7.28263e-08
 Reference value :  7.28573e-08
 Reference value :  7.29343e-08
 Reference value :  7.29563e-08
 Reference value :  7.30293e-08
 Reference value :  7.30773e-08
 Reference value :  7.31373e-08
 Reference value :  7.31823e-08
 Reference value :  7.32303e-08
 Reference value :  7.32753e-08
 Reference value :  7.33133e-08
 Reference value :  7.33623e-08
 Reference value :  7.33933e-08
 Reference value :  7.34203e-08
 Reference value :  7.34533e-08
 Reference value :  7.34863e-08
 Reference value :  7.35253e-08
 Reference value :  7.35773e-08
 Reference value :  7.36083e-08
 Reference value :  7.36453e-08
 Reference value :  7.36753e-08
 Reference value :  7.37033e-08
 Reference value :  7.37533e-08
 Reference value :  7.38013e-08
 Reference value :  7.38223e-08
 Reference value :  7.38433e-08
 Reference value :  7.39473e-08
 Reference value :  7.40133e-08
 Reference value :  7.40643e-08
 Reference value :  7.40923e-08
 Reference value :  7.41133e-08
 Reference value :  7.41433e-08
 Reference value :  7.41683e-08
 Reference value :  7.41893e-08
 Reference value :  7.42203e-08
 Reference value :  7.42473e-08
 Reference value :  7.42983e-08
 Reference value :  7.43313e-08
 Reference value :  7.43993e-08
 Reference value :  7.44283e-08
 Reference value :  7.44773e-08
 Reference value :  7.45243e-08
 Reference value :  7.45753e-08
 Reference value :  7.46103e-08
 Reference value :  7.46313e-08
 Reference value :  7.46713e-08
 Reference value :  7.47373e-08
 Reference value :  7.47923e-08
 Reference value :  7.48223e-08
 Reference value :  7.48483e-08
 Reference value :  7.48833e-08
 Reference value :  7.49183e-08
 Reference value :  7.49393e-08
 Reference value :  7.49903e-08
 Reference value :  7.50343e-08
 Reference value :  7.50643e-08
 Reference value :  7.50973e-08
 Reference value :  7.51293e-08
 Reference value :  7.51693e-08
 Reference value :  7.51973e-08
 Reference value :  7.52463e-08
 Reference value :  7.52743e-08
 Reference value :  7.53213e-08
 Reference value :  7.53583e-08
 Reference value :  7.53963e-08
 Reference value :  7.54323e-08
 Reference value :  7.54633e-08
 Reference value :  7.55873e-08
 Reference value :  7.56273e-08
 Reference value :  7.56623e-08
 Reference value :  7.57283e-08
 Reference value :  7.57563e-08
 Reference value :  7.57893e-08
 Reference value :  7.58533e-08
 Reference value :  7.59053e-08
 Reference value :  7.59323e-08
 Reference value :  7.59703e-08
 Reference value :  7.59913e-08
 Reference value :  7.60323e-08
 Reference value :  7.60643e-08
 Reference value :  7.61353e-08
 Reference value :  7.61703e-08
 Reference value :  7.62003e-08
 Reference value :  7.62523e-08
 Reference value :  7.62883e-08
 Reference value :  7.63203e-08
 Reference value :  7.63413e-08
 Reference value :  7.63673e-08
 Reference value :  7.64173e-08
 Reference value :  7.64393e-08
 Reference value :  7.64863e-08
 Reference value :  7.65123e-08
 Reference value :  7.65423e-08
 Reference value :  7.65633e-08
 Reference value :  7.66103e-08
 Reference value :  7.66453e-08
 Reference value :  7.66763e-08
 Reference value :  7.66963e-08
 Reference value :  7.67353e-08
 Reference value :  7.67783e-08
 Reference value :  7.68033e-08
 Reference value :  7.69223e-08
 Reference value :  7.69543e-08
 Reference value :  7.70303e-08
 Reference value :  7.70783e-08
 Reference value :  7.71193e-08
 Reference value :  7.71583e-08
 Reference value :  7.71863e-08
 Reference value :  7.72413e-08
 Reference value :  7.72743e-08
 Reference value :  7.73223e-08
 Reference value :  7.73563e-08
 Reference value :  7.74013e-08
 Reference value :  7.74253e-08
 Reference value :  7.74653e-08
 Reference value :  7.74863e-08
 Reference value :  7.75133e-08
 Reference value :  7.75403e-08
 Reference value :  7.75743e-08
 Reference value :  7.76303e-08
 Reference value :  7.76773e-08
 Reference value :  7.77143e-08
 Reference value :  7.77603e-08
 Reference value :  7.77813e-08
 Reference value :  7.78073e-08
 Reference value :  7.78343e-08
 Reference value :  7.78553e-08
 Reference value :  7.78993e-08
 Reference value :  7.79613e-08
 Reference value :  7.79863e-08
 Reference value :  7.80073e-08
 Reference value :  7.80563e-08
 Reference value :  7.80933e-08
 Reference value :  7.81343e-08
 Reference value :  7.81813e-08
 Reference value :  7.82083e-08
 Reference value :  7.82603e-08
 Reference value :  7.82953e-08
 Reference value :  7.83313e-08
 Reference value :  7.83643e-08
 Reference value :  7.84123e-08
 Reference value :  7.84523e-08
 Reference value :  7.84873e-08
 Reference value :  7.85303e-08
 Reference value :  7.85553e-08
 Reference value :  7.85813e-08
 Reference value :  7.86043e-08
 Reference value :  7.86303e-08
 Reference value :  7.86743e-08
 Reference value :  7.87023e-08
 Reference value :  7.87233e-08
 Reference value :  7.87513e-08
 Reference value :  7.87893e-08
 Reference value :  7.88273e-08
 Reference value :  7.88653e-08
 Reference value :  7.88933e-08
 Reference value :  7.89283e-08
 Reference value :  7.89813e-08
 Reference value :  7.90213e-08
 Reference value :  7.90913e-08
 Reference value :  7.91553e-08
 Reference value :  7.91983e-08
 Reference value :  7.92193e-08
 Reference value :  7.92473e-08
 Reference value :  7.92893e-08
 Reference value :  7.93473e-08
 Reference value :  7.93803e-08
 Reference value :  7.94203e-08
 Reference value :  7.94533e-08
 Reference value :  7.94943e-08
 Reference value :  7.95143e-08
 Reference value :  7.95673e-08
 Reference value :  7.96023e-08
 Reference value :  7.96443e-08
 Reference value :  7.96963e-08
 Reference value :  7.97353e-08
 Reference value :  7.97613e-08
 Reference value :  7.97893e-08
 Reference value :  7.98193e-08
 Reference value :  7.98513e-08
 Reference value :  7.98753e-08
 Reference value :  7.99183e-08
 Reference value :  7.99563e-08
No. of Data Rows : 80008
t1a                 =  1.864114e-08
t1b                 =  4.141226e-08
t2a                 =  1.667765e-08
t2b                 =  3.680577e-08
t3a                 =  1.457875e-08
t3b                 =  3.162589e-08
t4a                 =  1.255488e-08
t4b                 =  2.678951e-08
c1a                 =  -2.247003e-04
c1b                 =  -5.254909e-04
c2a                 =  -2.224014e-04
c2b                 =  -5.209329e-04
c3a                 =  -2.150238e-04
c3b                 =  -5.003156e-04
c4a                 =  -2.076811e-04
c4b                 =  -4.821589e-04
cta                 =  -1.102709e-03
ctb                 =  -2.629952e-03
vhi                 =  3.316311e+00 at=  4.518228e-08
vlo                 =  -3.396931e-02 at=  6.206328e-08
vxhi                =  3.783480e+00 at=  5.261328e-08
vxlo                =  -1.040987e-01 at=  6.115628e-08
m_period_r1 = 1.1385560000e-08
m_period_r2 = 1.0064060000e-08
m_period_r3 = 8.5235700000e-09
m_period_r4 = 7.1173150000e-09
m_f_r1 = 8.7830550276e+07
m_f_r2 = 9.9363477563e+07
m_f_r3 = 1.1732173256e+08
m_f_r4 = 1.4050242261e+08
m_i_r1_a = -1.320930196e-05
m_i_r2_a = -1.483156400e-05
m_i_r3_a = -1.673546413e-05
m_i_r4_a = -1.928239793e-05
m_i_tree_a = -6.706929655e-05
m_i_total_a = -1.311280246e-04
m_p_rings_w = -2.325331827e-04
m_p_total_w = -4.759947292e-04
m_e_cycle_r1_j = -5.459349390e-13
m_e_cycle_r4_j = -4.981772070e-13
m_c_eff_node_r1_f = -3.766473829e-15
m_xo_trans_per_s = 8.9003636602e+08
m_ring_swing_v = 3.3502803100e+00
m_xo_swing_v = 3.8875787000e+00
Note: Simulation executed from .control section 

Using SPARSE 1.3 as Direct Linear Solver
