
Note: Compatibility modes selected: hs a


Circuit: * sampler-dff-setup-hold @ sf_27c_2.97v -- generated by sim/harness, do not edit

Doing analysis at TEMP = 27.000000 and TNOM = 27.000000

Using SPARSE 1.3 as Direct Linear Solver

Initial Transient Solution
--------------------------

Node                                   Voltage
----                                   -------
vdd                                       2.97
rst_n                                        0
clk                                          0
d                                            0
xdut.clkb                                 2.97
xdut.m                             3.77915e-08
xdut.mb                                   2.97
xdut.mmid                             0.012256
xdut.mc                            3.83445e-08
xdut.s                                    2.97
q                                  1.94189e-08
xdut.qb                                   2.97
xdut.s2mid                            0.012256
vth                                      1.485
bvth#branch                                  0
vd#branch                           8.9226e-12
vclk#branch                                  0
vrst#branch                                  0
vdd#branch                        -3.89259e-11

 Reference value :  0.00000e+00
 Reference value :  1.54976e-07
 Reference value :  3.14815e-07
 Reference value :  4.77415e-07
 Reference value :  6.39615e-07
 Reference value :  8.00117e-07
 Reference value :  9.65717e-07
 Reference value :  1.12912e-06
 Reference value :  1.28892e-06
 Reference value :  1.42334e-06
 Reference value :  1.55994e-06
 Reference value :  1.70504e-06
 Reference value :  1.86335e-06
 Reference value :  2.03255e-06
 Reference value :  2.19805e-06
 Reference value :  2.35672e-06
 Reference value :  2.52162e-06
 Reference value :  2.68732e-06
 Reference value :  2.84612e-06
 Reference value :  3.00702e-06
 Reference value :  3.17132e-06
 Reference value :  3.33634e-06
 Reference value :  3.50014e-06
 Reference value :  3.66434e-06
 Reference value :  3.82985e-06
 Reference value :  3.99755e-06
 Reference value :  4.16295e-06
 Reference value :  4.32123e-06
 Reference value :  4.48483e-06
 Reference value :  4.64624e-06
 Reference value :  4.81195e-06
 Reference value :  4.97505e-06
 Reference value :  5.14225e-06
 Reference value :  5.30484e-06
 Reference value :  5.46474e-06
 Reference value :  5.62694e-06
 Reference value :  5.78754e-06
 Reference value :  5.94375e-06
 Reference value :  6.10945e-06
 Reference value :  6.26845e-06
 Reference value :  6.42762e-06
No. of Data Rows : 65269
tclk1               =  3.00001e-07
tclk2               =  1.30000e-06
tq_r1               =  3.00115e-07
tq_f1               =  1.30014e-06
q_rst               =  1.94190e-08
q_e1                =  2.97001e+00
q_e2                =  -2.87935e-06
q_e3a               =  1.33597e-04
q_e3b               =  -2.81494e-06
q_e3c               =  -2.67591e-06
q_e4                =  5.99250e-07
q_e5a               =  2.47443e-04
q_e5b               =  1.72862e-06
q_e5c               =  1.64074e-06
q_e6                =  5.99220e-07
q_e7a               =  2.97130e+00
q_e7b               =  2.97001e+00
q_e7c               =  2.97001e+00
m_tpd_clk_q_rise_s = 1.1460000000e-10
m_tpd_clk_q_fall_s = 1.3900000000e-10
m_q_rst_v = 1.9418950000e-08
m_q_e1_v = 2.9700060000e+00
m_q_e2_v = -2.879352000e-06
m_q_e4_v = 5.9924950000e-07
m_q_e3_1ns_v = 1.3359660000e-04
m_q_e3_10ns_v = -2.814938000e-06
m_q_e3_100ns_v = -2.675909000e-06
m_q_e3_drift_v = -1.362725090e-04
m_q_e3_rail_dev_v = -2.675909000e-06
m_q_e5_1ns_v = 2.4744260000e-04
m_q_e5_10ns_v = 1.7286170000e-06
m_q_e5_100ns_v = 1.6407350000e-06
m_q_e5_drift_v = -2.458018650e-04
m_q_e5_rail_dev_v = 1.6407350001e-06
m_q_e6_v = 5.9921990000e-07
m_q_e7_1ns_v = 2.9713010000e+00
m_q_e7_10ns_v = 2.9700060000e+00
m_q_e7_100ns_v = 2.9700050000e+00
m_q_e7_drift_v = -1.296000000e-03
m_q_e7_rail_dev_v = -4.999998958e-06
Note: Simulation executed from .control section 

Warning: m=xx on .subckt line will override multiplier m hierarchy!

