
Note: Compatibility modes selected: hs a


Circuit: * ro-array-core-pvt-q-extracted-fullchip @ ss_125c_3.63v -- generated by sim/harness, do not edit

Doing analysis at TEMP = 125.000000 and TNOM = 27.000000

Using SPARSE 1.3 as Direct Linear Solver

Initial Transient Solution
--------------------------

Node                                   Voltage
----                                   -------
vsup                                      3.63
en                                        3.63
clk                                          0
rst_n                                     3.63
vddr1                                     3.63
vddr2                                     3.63
vdd                                       3.63
xdut.xr1.xcore.\$15                1.26599e-06
xdut.xr1.xcore.a\x7cy__t0                    0
xdut.xr1.xcore.a\x7cy__t02                3.63
vsubs                                0.0782192
xdut.xr1.xcore.vddr__t0                   3.63
xdut.xr1.xcore.vss__t0             2.45663e-09
xdut.xr1.xcore.\$17                3.46755e-07
xdut.xr1.xcore.a\x7cy__t32                3.63
xdut.xr1.xcore.a\x7cy__t13         3.97687e-07
xdut.xr1.xcore.vddr__t21                  3.63
xdut.xr1.xcore.vss__t21            5.63478e-10
xdut.xr1.xcore.\$18                1.26476e-06
xdut.xr1.xcore.a\x7cy__t33         3.97813e-07
xdut.xr1.xcore.a\x7cy__t14                3.63
xdut.xr1.xcore.vddr__t20                  3.63
xdut.xr1.xcore.vss__t20            1.22084e-09
xdut.xr1.xcore.\$20                3.46376e-07
xdut.xr1.xcore.a\x7cy__t34                3.63
xdut.xr1.xcore.a\x7cy__t15         3.97309e-07
xdut.xr1.xcore.vddr__t19                  3.63
xdut.xr1.xcore.vss__t19            1.85325e-10
xdut.xr1.xcore.\$21                1.26362e-06
xdut.xr1.xcore.a\x7cy__t35         3.97435e-07
xdut.xr1.xcore.a\x7cy__t16                3.63
xdut.xr1.xcore.vddr__t18                  3.63
xdut.xr1.xcore.vss__t18            7.64883e-11
xdut.xr1.xcore.\$22                3.46388e-07
xdut.xr1.xcore.a\x7cy__t36                3.63
xdut.xr1.xcore.a\x7cy__t17          3.9732e-07
xdut.xr1.xcore.vddr__t17                  3.63
xdut.xr1.xcore.vss__t17            1.96497e-10
xdut.xr1.xcore.\$24                 1.2648e-06
xdut.xr1.xcore.a\x7cy__t37         3.97446e-07
xdut.xr1.xcore.a\x7cy__t18                3.63
xdut.xr1.xcore.vddr__t16                  3.63
xdut.xr1.xcore.vss__t16            1.25749e-09
xdut.xr1.xcore.\$23                3.46766e-07
xdut.xr1.xcore.a\x7cy__t38                3.63
xdut.xr1.xcore.a\x7cy__t19         3.97698e-07
xdut.xr1.xcore.vddr__t15                  3.63
xdut.xr1.xcore.vss__t15            5.74722e-10
xdut.xr1.xcore.\$19                1.26604e-06
xdut.xr1.xcore.a\x7cy__t39         3.97824e-07
xdut.xr1.xcore.a\x7cy__t110               3.63
xdut.xr1.xcore.vddr__t14                  3.63
xdut.xr1.xcore.vss__t14            2.49335e-09
xdut.xr1.xcore.\$16                3.47145e-07
xdut.xr1.xcore.a\x7cy__t310               3.63
xdut.xr1.xcore.a\x7cy__t311        3.98077e-07
xdut.xr1.xcore.vddr__t13                  3.63
xdut.xr1.xcore.vss__t13            9.53639e-10
xdut.xr1.xcore.vss__t1             3.95635e-10
xdut.xr1.xcore.vddr__t1                   3.63
xdut.xr1.xcore.\$14                1.12648e-07
xdut.xr1.xcore.\$13                1.17711e-07
xdut.xr1.xcore.a\x7cy__t011        3.98222e-07
xdut.xr1.xcore.a\x7cy__t1           2.0161e-11
xdut.xr1.xcore.en__t0                     3.63
xdut.xr1.xcore.\$27__t1                1.71112
xdut.xr1.xcore.vss__t2                       0
xdut.xr1.xcore.vddr__t2                3.62924
xdut.xr1.xcore.\$28                    3.47699
xdut.xr1.xcore.a\x7cy__t3          0.000137941
xdut.xr1.xcore.a\x7cy__t111        3.98222e-07
xdut.xr1.xcore.\$27__t2                1.71111
xdut.xr1.xcore.\$27__t0                1.71111
xdut.xr1.xcore.en__t1                     3.63
xdut.xr1.xcore.a\x7cy__t4          4.30057e-11
xdut.xr1.xcore.vddr__t3                   3.63
xdut.xr1.xcore.vss__t3                       0
xdut.xr1.xcore.\$29                       3.63
xdut.xr1.xcore.\$30                    3.62986
xdut.xr1.xcore.a\x7cy__t2                    0
xdut.xr1.xcore.a\x7cy__t12                3.63
xdut.xr1.xcore.vddr__t12                  3.63
xdut.xr1.xcore.vss__t12                      0
xdut.xr1.xcore.\$31                       3.63
xdut.xr1.xcore.\$32                    3.53451
xdut.xr1.xcore.a\x7cy__t22                3.63
xdut.xr1.xcore.a\x7cy__t03         3.97939e-07
xdut.xr1.xcore.vddr__t11                  3.63
xdut.xr1.xcore.vss__t11                      0
xdut.xr1.xcore.\$33                       3.63
xdut.xr1.xcore.\$34                    3.62986
xdut.xr1.xcore.a\x7cy__t23         3.97813e-07
xdut.xr1.xcore.a\x7cy__t04                3.63
xdut.xr1.xcore.vddr__t10                  3.63
xdut.xr1.xcore.vss__t10                      0
xdut.xr1.xcore.\$35                       3.63
xdut.xr1.xcore.\$36                    3.53451
xdut.xr1.xcore.a\x7cy__t24                3.63
xdut.xr1.xcore.a\x7cy__t05         3.97561e-07
xdut.xr1.xcore.vddr__t9                   3.63
xdut.xr1.xcore.vss__t9                       0
xdut.xr1.xcore.\$37                       3.63
xdut.xr1.xcore.\$38                    3.62986
xdut.xr1.xcore.a\x7cy__t25         3.97435e-07
xdut.xr1.xcore.a\x7cy__t06                3.63
xdut.xr1.xcore.vddr__t8                   3.63
xdut.xr1.xcore.vss__t8                       0
xdut.xr1.xcore.\$39                       3.63
xdut.xr1.xcore.\$40                    3.53451
xdut.xr1.xcore.a\x7cy__t26                3.63
xdut.xr1.xcore.a\x7cy__t07         3.97572e-07
xdut.xr1.xcore.vddr__t7                   3.63
xdut.xr1.xcore.vss__t7                       0
xdut.xr1.xcore.\$41                       3.63
xdut.xr1.xcore.\$42                    3.62986
xdut.xr1.xcore.a\x7cy__t27         3.97446e-07
xdut.xr1.xcore.a\x7cy__t08                3.63
xdut.xr1.xcore.vddr__t6                   3.63
xdut.xr1.xcore.vss__t6                       0
xdut.xr1.xcore.\$43                       3.63
xdut.xr1.xcore.\$44                    3.53451
xdut.xr1.xcore.a\x7cy__t28                3.63
xdut.xr1.xcore.a\x7cy__t09         3.97951e-07
xdut.xr1.xcore.vddr__t5                   3.63
xdut.xr1.xcore.vss__t5                       0
xdut.xr1.xcore.\$45                       3.63
xdut.xr1.xcore.\$46                    3.62986
xdut.xr1.xcore.a\x7cy__t29         3.97824e-07
xdut.xr1.xcore.a\x7cy__t010               3.63
xdut.xr1.xcore.vddr__t4                   3.63
xdut.xr1.xcore.vss__t4                       0
xdut.xr1.xcore.\$47                       3.63
xdut.xr1.xcore.\$48                    3.53451
xdut.xr1.xcore.a\x7cy__t210               3.63
xdut.xr1.xcore.a\x7cy__t211        3.98368e-07
xdut.xr1.xcore.\$27                    1.71111
xdut.xr1.n1                                  0
xdut.xr1.n2                               3.63
xdut.xr1.n3                        3.97813e-07
xdut.xr1.n4                               3.63
xdut.xr1.n5                        3.97435e-07
xdut.xr1.n6                               3.63
xdut.xr1.n7                        3.97446e-07
xdut.xr1.n8                               3.63
xdut.xr1.n9                        3.97824e-07
xdut.xr1.n10                              3.63
xdut.dro1                          3.98222e-07
xdut.xr2.xcore.vss__t0             3.98042e-10
xdut.xr2.xcore.vddr__t0                   3.63
xdut.xr2.xcore.\$15                1.03787e-07
xdut.xr2.xcore.\$14                 1.0885e-07
xdut.xr2.xcore.a\x7cy__t2          3.83524e-07
xdut.xr2.xcore.a\x7cy__t02          2.0161e-11
xdut.xr2.xcore.en__t0                     3.63
xdut.xr2.xcore.\$17                1.18209e-06
xdut.xr2.xcore.a\x7cy__t12                   0
xdut.xr2.xcore.a\x7cy__t33                3.63
xdut.xr2.xcore.vss__t1             2.50647e-09
xdut.xr2.xcore.vddr__t1                   3.63
xdut.xr2.xcore.\$18                   3.32e-07
xdut.xr2.xcore.a\x7cy__t13                3.63
xdut.xr2.xcore.a\x7cy__t34         3.82973e-07
xdut.xr2.xcore.vss__t21            5.86417e-10
xdut.xr2.xcore.vddr__t21                  3.63
xdut.xr2.xcore.\$20                1.18084e-06
xdut.xr2.xcore.a\x7cy__t14         3.83099e-07
xdut.xr2.xcore.a\x7cy__t35                3.63
xdut.xr2.xcore.vss__t20            1.24561e-09
xdut.xr2.xcore.vddr__t20                  3.63
xdut.xr2.xcore.\$21                3.31607e-07
xdut.xr2.xcore.a\x7cy__t15                3.63
xdut.xr2.xcore.a\x7cy__t36         3.82579e-07
xdut.xr2.xcore.vss__t19            1.92869e-10
xdut.xr2.xcore.vddr__t19                  3.63
xdut.xr2.xcore.\$23                1.17967e-06
xdut.xr2.xcore.a\x7cy__t16         3.82706e-07
xdut.xr2.xcore.a\x7cy__t37                3.63
xdut.xr2.xcore.vss__t18            7.80401e-11
xdut.xr2.xcore.vddr__t18                  3.63
xdut.xr2.xcore.\$24                3.31618e-07
xdut.xr2.xcore.a\x7cy__t17                3.63
xdut.xr2.xcore.a\x7cy__t38         3.82591e-07
xdut.xr2.xcore.vss__t17            2.04496e-10
xdut.xr2.xcore.vddr__t17                  3.63
xdut.xr2.xcore.\$25                1.18088e-06
xdut.xr2.xcore.a\x7cy__t18         3.82717e-07
xdut.xr2.xcore.a\x7cy__t39                3.63
xdut.xr2.xcore.vss__t16            1.28301e-09
xdut.xr2.xcore.vddr__t16                  3.63
xdut.xr2.xcore.\$22                3.32012e-07
xdut.xr2.xcore.a\x7cy__t19                3.63
xdut.xr2.xcore.a\x7cy__t310        3.82984e-07
xdut.xr2.xcore.vss__t15            5.98118e-10
xdut.xr2.xcore.vddr__t15                  3.63
xdut.xr2.xcore.\$19                1.18214e-06
xdut.xr2.xcore.a\x7cy__t110        3.83111e-07
xdut.xr2.xcore.a\x7cy__t311               3.63
xdut.xr2.xcore.vss__t14            2.54393e-09
xdut.xr2.xcore.vddr__t14                  3.63
xdut.xr2.xcore.\$16                3.32406e-07
xdut.xr2.xcore.a\x7cy__t111               3.63
xdut.xr2.xcore.a\x7cy__t0          3.83379e-07
xdut.xr2.xcore.vss__t13            9.92461e-10
xdut.xr2.xcore.vddr__t13                  3.63
xdut.xr2.xcore.\$27__t1                1.73191
xdut.xr2.xcore.vss__t2                       0
xdut.xr2.xcore.vddr__t2                3.62919
xdut.xr2.xcore.\$28                    3.47682
xdut.xr2.xcore.a\x7cy__t32         0.000147072
xdut.xr2.xcore.a\x7cy__t3          3.83524e-07
xdut.xr2.xcore.\$27__t2                1.73191
xdut.xr2.xcore.\$27__t0                1.73191
xdut.xr2.xcore.en__t1                     3.63
xdut.xr2.xcore.a\x7cy__t4          4.30036e-11
xdut.xr2.xcore.vddr__t3                   3.63
xdut.xr2.xcore.vss__t3                       0
xdut.xr2.xcore.\$29                       3.63
xdut.xr2.xcore.\$30                    3.62986
xdut.xr2.xcore.a\x7cy__t22                   0
xdut.xr2.xcore.a\x7cy__t23                3.63
xdut.xr2.xcore.vddr__t12                  3.63
xdut.xr2.xcore.vss__t12                      0
xdut.xr2.xcore.\$31                       3.63
xdut.xr2.xcore.\$32                    3.53415
xdut.xr2.xcore.a\x7cy__t03                3.63
xdut.xr2.xcore.a\x7cy__t24         3.83225e-07
xdut.xr2.xcore.vddr__t11                  3.63
xdut.xr2.xcore.vss__t11                      0
xdut.xr2.xcore.\$33                       3.63
xdut.xr2.xcore.\$34                    3.62986
xdut.xr2.xcore.a\x7cy__t04         3.83099e-07
xdut.xr2.xcore.a\x7cy__t25                3.63
xdut.xr2.xcore.vddr__t10                  3.63
xdut.xr2.xcore.vss__t10                      0
xdut.xr2.xcore.\$35                       3.63
xdut.xr2.xcore.\$36                    3.53415
xdut.xr2.xcore.a\x7cy__t05                3.63
xdut.xr2.xcore.a\x7cy__t26         3.82832e-07
xdut.xr2.xcore.vddr__t9                   3.63
xdut.xr2.xcore.vss__t9                       0
xdut.xr2.xcore.\$37                       3.63
xdut.xr2.xcore.\$38                    3.62986
xdut.xr2.xcore.a\x7cy__t06         3.82706e-07
xdut.xr2.xcore.a\x7cy__t27                3.63
xdut.xr2.xcore.vddr__t8                   3.63
xdut.xr2.xcore.vss__t8                       0
xdut.xr2.xcore.\$39                       3.63
xdut.xr2.xcore.\$40                    3.53415
xdut.xr2.xcore.a\x7cy__t07                3.63
xdut.xr2.xcore.a\x7cy__t28         3.82844e-07
xdut.xr2.xcore.vddr__t7                   3.63
xdut.xr2.xcore.vss__t7                       0
xdut.xr2.xcore.\$41                       3.63
xdut.xr2.xcore.\$42                    3.62986
xdut.xr2.xcore.a\x7cy__t08         3.82717e-07
xdut.xr2.xcore.a\x7cy__t29                3.63
xdut.xr2.xcore.vddr__t6                   3.63
xdut.xr2.xcore.vss__t6                       0
xdut.xr2.xcore.\$43                       3.63
xdut.xr2.xcore.\$44                    3.53415
xdut.xr2.xcore.a\x7cy__t09                3.63
xdut.xr2.xcore.a\x7cy__t210        3.83237e-07
xdut.xr2.xcore.vddr__t5                   3.63
xdut.xr2.xcore.vss__t5                       0
xdut.xr2.xcore.\$45                       3.63
xdut.xr2.xcore.\$46                    3.62986
xdut.xr2.xcore.a\x7cy__t010        3.83111e-07
xdut.xr2.xcore.a\x7cy__t211               3.63
xdut.xr2.xcore.vddr__t4                   3.63
xdut.xr2.xcore.vss__t4                       0
xdut.xr2.xcore.\$47                       3.63
xdut.xr2.xcore.\$48                    3.53415
xdut.xr2.xcore.a\x7cy__t011               3.63
xdut.xr2.xcore.a\x7cy__t1           3.8367e-07
xdut.xr2.xcore.\$27                    1.73191
xdut.dro2                          3.83524e-07
xdut.xr2.n1                                  0
xdut.xr2.n2                               3.63
xdut.xr2.n3                        3.83099e-07
xdut.xr2.n4                               3.63
xdut.xr2.n5                        3.82706e-07
xdut.xr2.n6                               3.63
xdut.xr2.n7                        3.82717e-07
xdut.xr2.n8                               3.63
xdut.xr2.n9                        3.83111e-07
xdut.xr2.n10                              3.63
xdut.rn1                           3.98222e-07
xdut.rn2                           3.83524e-07
xdut.xcs.xcore.vss__t0               4.542e-10
xdut.xcs.xcore.a__t0               3.98222e-07
xdut.xcs.xcore.a\x7cd\x7cy__t0            3.63
xdut.xcs.xcore.vss__t25            4.23394e-10
xdut.xcs.xcore.a__t12              3.83524e-07
xdut.xcs.xcore.b\x7cd\x7cy__t7            3.63
xdut.xcs.xcore.d\x7cy__t1          4.03767e-07
xdut.xcs.xcore.a\x7cd\x7cy__t3            3.63
xdut.xcs.xcore.\$6__t0             2.08446e-07
xdut.xcs.xcore.\$6__t1             2.08135e-07
xdut.xcs.xcore.b\x7cd\x7cy__t4            3.63
xdut.xcs.xcore.vss__t4             6.41694e-10
xdut.xcs.xcore.d\x7cy__t0          4.04406e-07
xdut.xcs.xcore.\$4__t2              5.6762e-08
xdut.xcs.xcore.\$8__t1               0.0156365
xdut.xcs.xcore.\$8__t0               0.0156365
xdut.xcs.xcore.\$5__t2              5.6761e-08
xdut.xcs.xcore.vss__t3             2.79705e-11
xdut.xcs.xcore.\$46__t1                   3.63
xdut.xcs.xcore.\$11__t3            4.83111e-07
xdut.xcs.xcore.\$16__t1              1.177e-07
xdut.xcs.xcore.\$16__t0            1.17512e-07
xdut.xcs.xcore.rst_n__t8                  3.63
xdut.xcs.xcore.vss__t2             1.90492e-10
xdut.xcs.xcore.\$15__t0            5.13562e-07
xdut.xcs.xcore.q__t3                      3.63
xdut.xcs.xcore.\$17__t1            2.63306e-07
xdut.xcs.xcore.\$17__t0            2.62805e-07
xdut.xcs.xcore.rst_n__t11                 3.63
xdut.xcs.xcore.vss__t7             3.75965e-10
xdut.xcs.xcore.\$48__t1            1.67667e-07
xdut.xcs.xcore.\$20__t3                   3.63
xdut.xcs.xcore.\$25__t1            9.00045e-08
xdut.xcs.xcore.\$25__t0             8.9863e-08
xdut.xcs.xcore.rst_n__t10                 3.63
xdut.xcs.xcore.vss__t6             2.64617e-11
xdut.xcs.xcore.\$24__t0            2.60004e-07
xdut.xcs.xcore.q__t32                     3.63
xdut.xcs.xcore.\$26__t1            1.36246e-07
xdut.xcs.xcore.\$26__t0            1.35992e-07
xdut.xcs.xcore.rst_n__t9                  3.63
xdut.xcs.xcore.vss__t5             5.95471e-11
xdut.xcs.xcore.\$49__t1            1.67842e-07
xdut.xcs.xcore.\$28__t3                   3.63
xdut.xcs.xcore.\$33__t1            9.01791e-08
xdut.xcs.xcore.\$33__t0            9.00376e-08
xdut.xcs.xcore.rst_n__t15                 3.63
xdut.xcs.xcore.vss__t11            2.00989e-10
xdut.xcs.xcore.\$32__t0            2.60263e-07
xdut.xcs.xcore.q__t33                     3.63
xdut.xcs.xcore.\$34__t1            1.36504e-07
xdut.xcs.xcore.\$34__t0             1.3625e-07
xdut.xcs.xcore.rst_n__t14                 3.63
xdut.xcs.xcore.vss__t10            3.17943e-10
xdut.xcs.xcore.\$50__t1            1.68017e-07
xdut.xcs.xcore.\$36__t3                   3.63
xdut.xcs.xcore.\$41__t1            9.03537e-08
xdut.xcs.xcore.\$41__t0            9.02121e-08
xdut.xcs.xcore.rst_n__t13                 3.63
xdut.xcs.xcore.vss__t9             3.75516e-10
xdut.xcs.xcore.\$40__t0            2.60521e-07
xdut.xcs.xcore.q__t34                     3.63
xdut.xcs.xcore.\$42__t1            1.36762e-07
xdut.xcs.xcore.\$42__t0            1.36509e-07
xdut.xcs.xcore.rst_n__t12                 3.63
xdut.xcs.xcore.vss__t8             5.76339e-10
xdut.xcs.xcore.\$4__t0             5.64724e-08
xdut.xcs.xcore.a\x7cd\x7cy__t2            3.63
xdut.xcs.xcore.vss__t1             1.28061e-10
xdut.xcs.xcore.\$5__t1             5.64695e-08
xdut.xcs.xcore.b\x7cd\x7cy__t5            3.63
xdut.xcs.xcore.vss__t24            1.25209e-10
xdut.xcs.xcore.\$10__t3                   3.63
xdut.xcs.xcore.clk__t12                      0
xdut.xcs.xcore.vss__t12            2.60999e-10
xdut.xcs.xcore.d\x7cy__t3          4.04449e-07
xdut.xcs.xcore.\$10__t5                   3.63
xdut.xcs.xcore.\$11__t5            4.82817e-07
xdut.xcs.xcore.\$12__t2            9.29889e-08
xdut.xcs.xcore.\$46__t6                   3.63
xdut.xcs.xcore.vss__t13            1.21002e-10
xdut.xcs.xcore.\$12__t3             9.3063e-08
xdut.xcs.xcore.clk__t13                      0
xdut.xcs.xcore.\$11__t4            4.83148e-07
xdut.xcs.xcore.\$46__t5                   3.63
xdut.xcs.xcore.clk__t14                      0
xdut.xcs.xcore.\$13__t4            8.06259e-07
xdut.xcs.xcore.q__t2                      3.63
xdut.xcs.xcore.\$13__t3            8.05508e-07
xdut.xcs.xcore.vss__t14            2.16801e-10
xdut.xcs.xcore.\$15__t4             5.1422e-07
xdut.xcs.xcore.\$10__t4                   3.63
xdut.xcs.xcore.\$13__t5            8.04747e-07
xdut.xcs.xcore.\$19__t3                   3.63
xdut.xcs.xcore.clk__t15                      0
xdut.xcs.xcore.vss__t15            3.67171e-11
xdut.xcs.xcore.d\x7cvdd__t34              3.63
xdut.xcs.xcore.\$19__t4                   3.63
xdut.xcs.xcore.\$20__t4                   3.63
xdut.xcs.xcore.\$21__t2                   3.63
xdut.xcs.xcore.\$48__t6            1.67888e-07
xdut.xcs.xcore.vss__t16            1.90374e-11
xdut.xcs.xcore.\$21__t3                   3.63
xdut.xcs.xcore.clk__t16                      0
xdut.xcs.xcore.\$20__t5                   3.63
xdut.xcs.xcore.\$48__t5            1.67924e-07
xdut.xcs.xcore.clk__t17                      0
xdut.xcs.xcore.\$22__t4            3.39037e-07
xdut.xcs.xcore.q__t22                     3.63
xdut.xcs.xcore.\$22__t3            3.38997e-07
xdut.xcs.xcore.vss__t17             7.4877e-12
xdut.xcs.xcore.\$24__t4            2.60259e-07
xdut.xcs.xcore.\$19__t5                   3.63
xdut.xcs.xcore.\$22__t5            3.38813e-07
xdut.xcs.xcore.\$27__t3                   3.63
xdut.xcs.xcore.clk__t18                      0
xdut.xcs.xcore.vss__t18            1.87566e-10
xdut.xcs.xcore.a\x7cd\x7cy__t7            3.63
xdut.xcs.xcore.\$27__t4                   3.63
xdut.xcs.xcore.\$28__t4                   3.63
xdut.xcs.xcore.\$29__t2                   3.63
xdut.xcs.xcore.\$49__t6            1.68063e-07
xdut.xcs.xcore.vss__t19            2.05247e-10
xdut.xcs.xcore.\$29__t3                   3.63
xdut.xcs.xcore.clk__t19                      0
xdut.xcs.xcore.\$28__t5                   3.63
xdut.xcs.xcore.\$49__t5            1.68099e-07
xdut.xcs.xcore.clk__t20                      0
xdut.xcs.xcore.\$30__t4            3.39295e-07
xdut.xcs.xcore.q__t23                     3.63
xdut.xcs.xcore.\$30__t3            3.39255e-07
xdut.xcs.xcore.vss__t20            2.31768e-10
xdut.xcs.xcore.\$32__t4            2.60517e-07
xdut.xcs.xcore.\$27__t5                   3.63
xdut.xcs.xcore.\$30__t5            3.39072e-07
xdut.xcs.xcore.\$35__t3                   3.63
xdut.xcs.xcore.clk__t21                      0
xdut.xcs.xcore.vss__t21            4.11848e-10
xdut.xcs.xcore.b\x7cd\x7cy__t3            3.63
xdut.xcs.xcore.\$35__t4                   3.63
xdut.xcs.xcore.\$36__t4                   3.63
xdut.xcs.xcore.\$37__t2                   3.63
xdut.xcs.xcore.\$50__t6            1.68237e-07
xdut.xcs.xcore.vss__t22             4.2953e-10
xdut.xcs.xcore.\$37__t3                   3.63
xdut.xcs.xcore.clk__t22                      0
xdut.xcs.xcore.\$36__t5                   3.63
xdut.xcs.xcore.\$50__t5            1.68274e-07
xdut.xcs.xcore.clk__t23                      0
xdut.xcs.xcore.\$38__t4            3.39554e-07
xdut.xcs.xcore.q__t24                     3.63
xdut.xcs.xcore.\$38__t3            3.39514e-07
xdut.xcs.xcore.vss__t23            4.56052e-10
xdut.xcs.xcore.\$40__t4            2.60776e-07
xdut.xcs.xcore.\$35__t5                   3.63
xdut.xcs.xcore.\$38__t5             3.3933e-07
xdut.xcs.xcore.\$9__t0                0.758858
xdut.xcs.xcore.a\x7cd\x7cy__t1            3.63
xdut.xcs.xcore.d\x7cvdd__t0               3.63
xdut.xcs.xcore.\$53                    3.50702
xdut.xcs.xcore.\$9__t1                0.758858
xdut.xcs.xcore.b\x7cd\x7cy__t6            3.63
xdut.xcs.xcore.d\x7cvdd__t35              3.63
xdut.xcs.xcore.d\x7cy__t5          4.04404e-07
xdut.xcs.xcore.\$4__t3              5.6762e-08
xdut.xcs.xcore.\$9__t3                0.758858
xdut.xcs.xcore.d\x7cy__t4          4.04386e-07
xdut.xcs.xcore.\$5__t3              5.6761e-08
xdut.xcs.xcore.\$9__t2                0.758858
xdut.xcs.xcore.\$4__t1             5.68394e-08
xdut.xcs.xcore.a\x7cd\x7cy__t4            3.63
xdut.xcs.xcore.d\x7cvdd__t1               3.63
xdut.xcs.xcore.\$5__t0             5.68389e-08
xdut.xcs.xcore.b\x7cd\x7cy__t1            3.63
xdut.xcs.xcore.d\x7cvdd__t4               3.63
xdut.xcs.xcore.\$10__t2                   3.63
xdut.xcs.xcore.clk__t10                      0
xdut.xcs.xcore.d\x7cvdd__t31              3.63
xdut.xcs.xcore.\$54                    3.52829
xdut.xcs.xcore.d\x7cy__t2          4.04464e-07
xdut.xcs.xcore.clk__t9                       0
xdut.xcs.xcore.\$11__t2            4.83168e-07
xdut.xcs.xcore.\$46__t4                   3.63
xdut.xcs.xcore.\$11__t0            4.83111e-07
xdut.xcs.xcore.d\x7cvdd__t30              3.63
xdut.xcs.xcore.\$46__t3                   3.63
xdut.xcs.xcore.rst_n__t7                  3.63
xdut.xcs.xcore.d\x7cvdd__t29              3.63
xdut.xcs.xcore.\$12__t1            9.30849e-08
xdut.xcs.xcore.\$46__t0                   3.63
xdut.xcs.xcore.d\x7cvdd__t28              3.63
xdut.xcs.xcore.\$12__t0             9.3078e-08
xdut.xcs.xcore.\$10__t1                   3.63
xdut.xcs.xcore.\$11__t1            4.83229e-07
xdut.xcs.xcore.\$46__t2                   3.63
xdut.xcs.xcore.\$10__t0                   3.63
xdut.xcs.xcore.\$13__t2            8.05611e-07
xdut.xcs.xcore.q__t1                      3.63
xdut.xcs.xcore.\$13__t0            8.05508e-07
xdut.xcs.xcore.d\x7cvdd__t27              3.63
xdut.xcs.xcore.\$15__t3            5.13903e-07
xdut.xcs.xcore.q__t0                      3.63
xdut.xcs.xcore.d\x7cvdd__t26              3.63
xdut.xcs.xcore.\$15__t2            5.13908e-07
xdut.xcs.xcore.rst_n__t6                  3.63
xdut.xcs.xcore.d\x7cvdd__t25              3.63
xdut.xcs.xcore.\$15__t1            5.13902e-07
xdut.xcs.xcore.clk__t8                       0
xdut.xcs.xcore.\$13__t1            8.05624e-07
xdut.xcs.xcore.\$19__t2                   3.63
xdut.xcs.xcore.clk__t7                       0
xdut.xcs.xcore.d\x7cvdd__t24              3.63
xdut.xcs.xcore.\$55                    3.54056
xdut.xcs.xcore.d\x7cvdd__t33              3.63
xdut.xcs.xcore.clk__t11                      0
xdut.xcs.xcore.\$20__t2                   3.63
xdut.xcs.xcore.\$48__t4            1.67949e-07
xdut.xcs.xcore.\$20__t0                   3.63
xdut.xcs.xcore.d\x7cvdd__t32              3.63
xdut.xcs.xcore.\$48__t2            1.67969e-07
xdut.xcs.xcore.rst_n__t0                  3.63
xdut.xcs.xcore.d\x7cvdd__t5               3.63
xdut.xcs.xcore.\$21__t0                   3.63
xdut.xcs.xcore.\$48__t0            1.67888e-07
xdut.xcs.xcore.d\x7cvdd__t6               3.63
xdut.xcs.xcore.\$21__t1                   3.63
xdut.xcs.xcore.\$19__t0                   3.63
xdut.xcs.xcore.\$20__t1                   3.63
xdut.xcs.xcore.\$48__t3            1.67984e-07
xdut.xcs.xcore.\$19__t1                   3.63
xdut.xcs.xcore.\$22__t1            3.39066e-07
xdut.xcs.xcore.q__t12                     3.63
xdut.xcs.xcore.\$22__t0            3.38997e-07
xdut.xcs.xcore.d\x7cvdd__t7               3.63
xdut.xcs.xcore.\$24__t1            2.60179e-07
xdut.xcs.xcore.q__t02                     3.63
xdut.xcs.xcore.d\x7cvdd__t8               3.63
xdut.xcs.xcore.\$24__t2            2.60184e-07
xdut.xcs.xcore.rst_n__t1                  3.63
xdut.xcs.xcore.d\x7cvdd__t9               3.63
xdut.xcs.xcore.\$24__t3            2.60179e-07
xdut.xcs.xcore.clk__t0                       0
xdut.xcs.xcore.\$22__t2            3.39113e-07
xdut.xcs.xcore.\$27__t2                   3.63
xdut.xcs.xcore.clk__t1                       0
xdut.xcs.xcore.d\x7cvdd__t10              3.63
xdut.xcs.xcore.\$56                    3.54056
xdut.xcs.xcore.a\x7cd\x7cy__t6            3.63
xdut.xcs.xcore.clk__t2                       0
xdut.xcs.xcore.\$28__t1                   3.63
xdut.xcs.xcore.\$49__t2            1.68124e-07
xdut.xcs.xcore.\$28__t0                   3.63
xdut.xcs.xcore.d\x7cvdd__t11              3.63
xdut.xcs.xcore.\$49__t3            1.68143e-07
xdut.xcs.xcore.rst_n__t2                  3.63
xdut.xcs.xcore.d\x7cvdd__t12              3.63
xdut.xcs.xcore.\$29__t0                   3.63
xdut.xcs.xcore.\$49__t0            1.68063e-07
xdut.xcs.xcore.d\x7cvdd__t13              3.63
xdut.xcs.xcore.\$29__t1                   3.63
xdut.xcs.xcore.\$27__t0                   3.63
xdut.xcs.xcore.\$28__t2                   3.63
xdut.xcs.xcore.\$49__t4            1.68159e-07
xdut.xcs.xcore.\$27__t1                   3.63
xdut.xcs.xcore.\$30__t1            3.39324e-07
xdut.xcs.xcore.q__t13                     3.63
xdut.xcs.xcore.\$30__t0            3.39255e-07
xdut.xcs.xcore.d\x7cvdd__t14              3.63
xdut.xcs.xcore.\$32__t1            2.60438e-07
xdut.xcs.xcore.q__t03                     3.63
xdut.xcs.xcore.d\x7cvdd__t15              3.63
xdut.xcs.xcore.\$32__t2            2.60443e-07
xdut.xcs.xcore.rst_n__t3                  3.63
xdut.xcs.xcore.d\x7cvdd__t16              3.63
xdut.xcs.xcore.\$32__t3            2.60438e-07
xdut.xcs.xcore.clk__t3                       0
xdut.xcs.xcore.\$30__t2            3.39372e-07
xdut.xcs.xcore.\$35__t2                   3.63
xdut.xcs.xcore.clk__t4                       0
xdut.xcs.xcore.d\x7cvdd__t17              3.63
xdut.xcs.xcore.\$57                    3.54056
xdut.xcs.xcore.b\x7cd\x7cy__t2            3.63
xdut.xcs.xcore.clk__t5                       0
xdut.xcs.xcore.\$36__t1                   3.63
xdut.xcs.xcore.\$50__t2            1.68298e-07
xdut.xcs.xcore.\$36__t0                   3.63
xdut.xcs.xcore.d\x7cvdd__t18              3.63
xdut.xcs.xcore.\$50__t3            1.68318e-07
xdut.xcs.xcore.rst_n__t4                  3.63
xdut.xcs.xcore.d\x7cvdd__t19              3.63
xdut.xcs.xcore.\$37__t0                   3.63
xdut.xcs.xcore.\$50__t0            1.68237e-07
xdut.xcs.xcore.d\x7cvdd__t20              3.63
xdut.xcs.xcore.\$37__t1                   3.63
xdut.xcs.xcore.\$35__t0                   3.63
xdut.xcs.xcore.\$36__t2                   3.63
xdut.xcs.xcore.\$50__t4            1.68334e-07
xdut.xcs.xcore.\$35__t1                   3.63
xdut.xcs.xcore.\$38__t1            3.39583e-07
xdut.xcs.xcore.q__t14                     3.63
xdut.xcs.xcore.\$38__t0            3.39514e-07
xdut.xcs.xcore.d\x7cvdd__t21              3.63
xdut.xcs.xcore.\$40__t1            2.60696e-07
xdut.xcs.xcore.q__t04                     3.63
xdut.xcs.xcore.d\x7cvdd__t22              3.63
xdut.xcs.xcore.\$40__t2            2.60701e-07
xdut.xcs.xcore.rst_n__t5                  3.63
xdut.xcs.xcore.d\x7cvdd__t23              3.63
xdut.xcs.xcore.\$40__t3            2.60696e-07
xdut.xcs.xcore.clk__t6                       0
xdut.xcs.xcore.\$38__t2             3.3963e-07
xdut.xcs.xcore.d\x7cvdd__t2               3.63
xdut.xcs.xcore.a__t1               3.98222e-07
xdut.xcs.xcore.a\x7cd\x7cy__t5            3.63
xdut.xcs.xcore.\$51                    3.62936
xdut.xcs.xcore.d\x7cvdd__t3               3.63
xdut.xcs.xcore.a__t02              3.83524e-07
xdut.xcs.xcore.b\x7cd\x7cy__t0            3.63
xdut.xcs.xcore.\$52                    3.62936
xdut.xcs.xcore.\$10                       3.63
xdut.xcs.xcore.\$11                4.83111e-07
xdut.xcs.xcore.\$12                9.30552e-08
xdut.xcs.xcore.\$13                8.05508e-07
xdut.xcs.xcore.\$15                5.13881e-07
xdut.xcs.xcore.\$16                1.17606e-07
xdut.xcs.xcore.\$17                2.63056e-07
xdut.xcs.xcore.\$19                       3.63
xdut.xcs.xcore.\$20                       3.63
xdut.xcs.xcore.\$21                       3.63
xdut.xcs.xcore.\$22                3.38997e-07
xdut.xcs.xcore.\$24                2.60158e-07
xdut.xcs.xcore.\$25                8.99337e-08
xdut.xcs.xcore.\$26                1.36119e-07
xdut.xcs.xcore.\$27                       3.63
xdut.xcs.xcore.\$28                       3.63
xdut.xcs.xcore.\$29                       3.63
xdut.xcs.xcore.\$30                3.39255e-07
xdut.xcs.xcore.\$32                2.60417e-07
xdut.xcs.xcore.\$33                9.01084e-08
xdut.xcs.xcore.\$34                1.36377e-07
xdut.xcs.xcore.\$35                       3.63
xdut.xcs.xcore.\$36                       3.63
xdut.xcs.xcore.\$37                       3.63
xdut.xcs.xcore.\$38                3.39514e-07
xdut.xcs.xcore.\$4                  5.6762e-08
xdut.xcs.xcore.\$40                2.60675e-07
xdut.xcs.xcore.\$41                9.02829e-08
xdut.xcs.xcore.\$42                1.36636e-07
xdut.xcs.xcore.\$46                       3.63
xdut.xcs.xcore.\$48                1.67888e-07
xdut.xcs.xcore.\$49                1.68063e-07
xdut.xcs.xcore.\$5                  5.6761e-08
xdut.xcs.xcore.\$50                1.68237e-07
xdut.xcs.xcore.\$6                 2.08291e-07
xdut.xcs.xcore.\$8                   0.0156365
xdut.xcs.xcore.\$9                    0.758858
xdut.xcs.ro1                              3.63
xdut.xcs.ro2                              3.63
xdut.xcs.xo                         4.0438e-07
rb                                        3.63
rv                                        3.63
rbit1                                     3.63
rbit2                                     3.63
q1                                -8.04577e-16
q2                                -8.57831e-16
qt                                -7.03076e-20
vth                                      1.815
bvth#branch                                  0
vtr#branch                         7.03076e-10
vr2#branch                         8.57831e-06
vr1#branch                         8.04577e-06
vrst#branch                       -6.85859e-17
vclk#branch                                  0
ven#branch                        -4.92434e-17
vsup#branch                       -1.66248e-05

 Reference value :  0.00000e+00
 Reference value :  6.31400e-10
 Reference value :  1.32140e-09
 Reference value :  2.00140e-09
 Reference value :  2.67140e-09
 Reference value :  3.35640e-09
 Reference value :  4.02640e-09
 Reference value :  4.67140e-09
 Reference value :  5.32140e-09
 Reference value :  6.00140e-09
 Reference value :  6.65640e-09
 Reference value :  7.36140e-09
 Reference value :  8.01640e-09
 Reference value :  8.71140e-09
 Reference value :  9.39140e-09
 Reference value :  1.00764e-08
 Reference value :  1.07614e-08
 Reference value :  1.14264e-08
 Reference value :  1.20864e-08
 Reference value :  1.27414e-08
 Reference value :  1.33964e-08
 Reference value :  1.40714e-08
 Reference value :  1.47214e-08
 Reference value :  1.53664e-08
 Reference value :  1.60214e-08
 Reference value :  1.66614e-08
 Reference value :  1.73014e-08
 Reference value :  1.79614e-08
 Reference value :  1.86264e-08
 Reference value :  1.92764e-08
 Reference value :  1.99264e-08
 Reference value :  2.05814e-08
 Reference value :  2.12414e-08
 Reference value :  2.18964e-08
 Reference value :  2.25564e-08
 Reference value :  2.32214e-08
 Reference value :  2.39114e-08
 Reference value :  2.45764e-08
 Reference value :  2.52564e-08
 Reference value :  2.59064e-08
 Reference value :  2.65614e-08
 Reference value :  2.72114e-08
 Reference value :  2.78764e-08
 Reference value :  2.85714e-08
 Reference value :  2.92364e-08
 Reference value :  2.99264e-08
 Reference value :  3.05864e-08
 Reference value :  3.12414e-08
 Reference value :  3.18914e-08
 Reference value :  3.25564e-08
 Reference value :  3.32064e-08
 Reference value :  3.38614e-08
 Reference value :  3.45114e-08
 Reference value :  3.51614e-08
 Reference value :  3.58064e-08
 Reference value :  3.64664e-08
 Reference value :  3.71364e-08
 Reference value :  3.77964e-08
 Reference value :  3.84514e-08
 Reference value :  3.91114e-08
 Reference value :  3.97714e-08
 Reference value :  4.04814e-08
 Reference value :  4.11514e-08
 Reference value :  4.18514e-08
 Reference value :  4.27014e-08
 Reference value :  4.33514e-08
 Reference value :  4.39964e-08
 Reference value :  4.46464e-08
 Reference value :  4.53164e-08
 Reference value :  4.59764e-08
 Reference value :  4.66264e-08
 Reference value :  4.72714e-08
 Reference value :  4.79364e-08
 Reference value :  4.86114e-08
 Reference value :  4.92764e-08
 Reference value :  4.99314e-08
 Reference value :  5.06014e-08
 Reference value :  5.12714e-08
 Reference value :  5.19414e-08
 Reference value :  5.25964e-08
 Reference value :  5.32464e-08
 Reference value :  5.39114e-08
 Reference value :  5.45714e-08
 Reference value :  5.52264e-08
 Reference value :  5.58914e-08
 Reference value :  5.65764e-08
 Reference value :  5.72214e-08
 Reference value :  5.78764e-08
 Reference value :  5.85514e-08
 Reference value :  5.91914e-08
 Reference value :  5.98414e-08
 Reference value :  6.04864e-08
 Reference value :  6.11314e-08
 Reference value :  6.17714e-08
 Reference value :  6.24314e-08
 Reference value :  6.31064e-08
 Reference value :  6.37564e-08
 Reference value :  6.44214e-08
 Reference value :  6.50864e-08
 Reference value :  6.57514e-08
 Reference value :  6.64314e-08
 Reference value :  6.70914e-08
 Reference value :  6.77764e-08
 Reference value :  6.84514e-08
 Reference value :  6.91314e-08
 Reference value :  6.98014e-08
 Reference value :  7.04714e-08
 Reference value :  7.11414e-08
 Reference value :  7.18164e-08
 Reference value :  7.24814e-08
 Reference value :  7.31414e-08
 Reference value :  7.38114e-08
 Reference value :  7.44564e-08
 Reference value :  7.51264e-08
 Reference value :  7.57964e-08
 Reference value :  7.64864e-08
 Reference value :  7.72014e-08
 Reference value :  7.78614e-08
 Reference value :  7.85164e-08
 Reference value :  7.91814e-08
 Reference value :  7.98514e-08
 Reference value :  8.05214e-08
 Reference value :  8.11964e-08
 Reference value :  8.18464e-08
 Reference value :  8.25014e-08
 Reference value :  8.31614e-08
 Reference value :  8.38364e-08
 Reference value :  8.44964e-08
 Reference value :  8.51764e-08
 Reference value :  8.58514e-08
 Reference value :  8.65064e-08
 Reference value :  8.71664e-08
 Reference value :  8.78464e-08
 Reference value :  8.85364e-08
 Reference value :  8.91964e-08
 Reference value :  8.98614e-08
 Reference value :  9.05464e-08
 Reference value :  9.12264e-08
 Reference value :  9.18814e-08
 Reference value :  9.25364e-08
 Reference value :  9.32114e-08
 Reference value :  9.38714e-08
 Reference value :  9.45314e-08
 Reference value :  9.51764e-08
 Reference value :  9.58314e-08
 Reference value :  9.64964e-08
 Reference value :  9.71814e-08
 Reference value :  9.78464e-08
 Reference value :  9.85014e-08
 Reference value :  9.91564e-08
 Reference value :  9.98164e-08
 Reference value :  1.00496e-07
 Reference value :  1.01156e-07
 Reference value :  1.01826e-07
 Reference value :  1.02471e-07
 Reference value :  1.03141e-07
 Reference value :  1.03801e-07
 Reference value :  1.04476e-07
 Reference value :  1.05151e-07
 Reference value :  1.05816e-07
 Reference value :  1.06506e-07
 Reference value :  1.07206e-07
 Reference value :  1.07911e-07
 Reference value :  1.08596e-07
 Reference value :  1.09256e-07
 Reference value :  1.09946e-07
 Reference value :  1.10626e-07
 Reference value :  1.11286e-07
 Reference value :  1.11966e-07
 Reference value :  1.12621e-07
 Reference value :  1.13291e-07
 Reference value :  1.13946e-07
 Reference value :  1.14611e-07
 Reference value :  1.15276e-07
 Reference value :  1.15961e-07
 Reference value :  1.16621e-07
 Reference value :  1.17416e-07
 Reference value :  1.18111e-07
 Reference value :  1.18776e-07
 Reference value :  1.19426e-07
 Reference value :  1.20091e-07
 Reference value :  1.20766e-07
 Reference value :  1.21426e-07
 Reference value :  1.22101e-07
 Reference value :  1.22766e-07
 Reference value :  1.23421e-07
 Reference value :  1.24096e-07
 Reference value :  1.24756e-07
 Reference value :  1.25406e-07
 Reference value :  1.26086e-07
 Reference value :  1.26776e-07
 Reference value :  1.27451e-07
 Reference value :  1.28126e-07
 Reference value :  1.28791e-07
 Reference value :  1.29461e-07
 Reference value :  1.30121e-07
 Reference value :  1.30781e-07
 Reference value :  1.31481e-07
 Reference value :  1.32141e-07
 Reference value :  1.32816e-07
 Reference value :  1.33471e-07
 Reference value :  1.34136e-07
 Reference value :  1.34791e-07
 Reference value :  1.35451e-07
 Reference value :  1.36136e-07
 Reference value :  1.36801e-07
 Reference value :  1.37451e-07
 Reference value :  1.38121e-07
 Reference value :  1.38776e-07
 Reference value :  1.39521e-07
 Reference value :  1.40281e-07
 Reference value :  1.40941e-07
 Reference value :  1.41596e-07
 Reference value :  1.42251e-07
 Reference value :  1.42916e-07
 Reference value :  1.43576e-07
 Reference value :  1.44231e-07
 Reference value :  1.44901e-07
 Reference value :  1.45586e-07
 Reference value :  1.46276e-07
 Reference value :  1.46956e-07
 Reference value :  1.47636e-07
 Reference value :  1.48296e-07
 Reference value :  1.48956e-07
 Reference value :  1.49626e-07
 Reference value :  1.50301e-07
 Reference value :  1.50951e-07
 Reference value :  1.51621e-07
 Reference value :  1.52281e-07
 Reference value :  1.52951e-07
 Reference value :  1.53601e-07
 Reference value :  1.54261e-07
 Reference value :  1.54926e-07
 Reference value :  1.55581e-07
 Reference value :  1.56251e-07
 Reference value :  1.56921e-07
 Reference value :  1.57586e-07
 Reference value :  1.58306e-07
 Reference value :  1.58971e-07
 Reference value :  1.59636e-07
 Reference value :  1.60316e-07
 Reference value :  1.61011e-07
 Reference value :  1.61691e-07
 Reference value :  1.62361e-07
 Reference value :  1.63006e-07
 Reference value :  1.63661e-07
 Reference value :  1.64326e-07
 Reference value :  1.64986e-07
 Reference value :  1.65641e-07
 Reference value :  1.66306e-07
 Reference value :  1.66971e-07
 Reference value :  1.67631e-07
 Reference value :  1.68296e-07
 Reference value :  1.68941e-07
 Reference value :  1.69616e-07
 Reference value :  1.70271e-07
 Reference value :  1.70946e-07
 Reference value :  1.71631e-07
 Reference value :  1.72316e-07
 Reference value :  1.73021e-07
 Reference value :  1.73846e-07
 Reference value :  1.74661e-07
 Reference value :  1.75501e-07
 Reference value :  1.76176e-07
 Reference value :  1.76826e-07
 Reference value :  1.77496e-07
 Reference value :  1.78161e-07
 Reference value :  1.78831e-07
 Reference value :  1.79506e-07
 Reference value :  1.80146e-07
 Reference value :  1.80796e-07
 Reference value :  1.81451e-07
 Reference value :  1.82116e-07
 Reference value :  1.82816e-07
 Reference value :  1.83496e-07
 Reference value :  1.84191e-07
 Reference value :  1.84861e-07
 Reference value :  1.85511e-07
 Reference value :  1.86181e-07
 Reference value :  1.86856e-07
 Reference value :  1.87541e-07
 Reference value :  1.88196e-07
 Reference value :  1.88866e-07
 Reference value :  1.89536e-07
 Reference value :  1.90186e-07
 Reference value :  1.90871e-07
 Reference value :  1.91531e-07
 Reference value :  1.92201e-07
 Reference value :  1.92876e-07
 Reference value :  1.93551e-07
 Reference value :  1.94231e-07
 Reference value :  1.94896e-07
 Reference value :  1.95551e-07
 Reference value :  1.96206e-07
 Reference value :  1.96856e-07
 Reference value :  1.97531e-07
 Reference value :  1.98196e-07
 Reference value :  1.98886e-07
 Reference value :  1.99546e-07
 Reference value :  2.00221e-07
 Reference value :  2.00891e-07
 Reference value :  2.01546e-07
 Reference value :  2.02221e-07
 Reference value :  2.02891e-07
 Reference value :  2.03566e-07
 Reference value :  2.04256e-07
 Reference value :  2.04936e-07
 Reference value :  2.05601e-07
 Reference value :  2.06266e-07
 Reference value :  2.06926e-07
 Reference value :  2.07601e-07
 Reference value :  2.08286e-07
 Reference value :  2.08986e-07
 Reference value :  2.09646e-07
 Reference value :  2.10641e-07
 Reference value :  2.11306e-07
 Reference value :  2.11971e-07
 Reference value :  2.12626e-07
 Reference value :  2.13281e-07
 Reference value :  2.13931e-07
 Reference value :  2.14621e-07
 Reference value :  2.15266e-07
 Reference value :  2.15931e-07
 Reference value :  2.16581e-07
 Reference value :  2.17266e-07
 Reference value :  2.17921e-07
 Reference value :  2.18586e-07
 Reference value :  2.19261e-07
 Reference value :  2.19921e-07
 Reference value :  2.20576e-07
 Reference value :  2.21256e-07
 Reference value :  2.21921e-07
 Reference value :  2.22611e-07
 Reference value :  2.23286e-07
 Reference value :  2.23961e-07
 Reference value :  2.24636e-07
 Reference value :  2.25286e-07
 Reference value :  2.25966e-07
 Reference value :  2.26651e-07
 Reference value :  2.27311e-07
 Reference value :  2.27971e-07
 Reference value :  2.28636e-07
 Reference value :  2.29296e-07
 Reference value :  2.29976e-07
 Reference value :  2.30656e-07
 Reference value :  2.31336e-07
 Reference value :  2.31996e-07
 Reference value :  2.32671e-07
 Reference value :  2.33341e-07
 Reference value :  2.34021e-07
 Reference value :  2.34681e-07
 Reference value :  2.35341e-07
 Reference value :  2.35966e-07
 Reference value :  2.36626e-07
 Reference value :  2.37276e-07
 Reference value :  2.37971e-07
 Reference value :  2.38656e-07
 Reference value :  2.39326e-07
 Reference value :  2.39991e-07
 Reference value :  2.40646e-07
 Reference value :  2.41296e-07
 Reference value :  2.41976e-07
 Reference value :  2.42631e-07
 Reference value :  2.43296e-07
 Reference value :  2.43966e-07
 Reference value :  2.44661e-07
 Reference value :  2.45326e-07
 Reference value :  2.46031e-07
 Reference value :  2.46701e-07
 Reference value :  2.47381e-07
 Reference value :  2.48036e-07
 Reference value :  2.48701e-07
 Reference value :  2.49356e-07
 Reference value :  2.50011e-07
 Reference value :  2.50676e-07
 Reference value :  2.51341e-07
 Reference value :  2.51981e-07
 Reference value :  2.52651e-07
 Reference value :  2.53316e-07
 Reference value :  2.54021e-07
 Reference value :  2.54661e-07
 Reference value :  2.55311e-07
 Reference value :  2.55966e-07
 Reference value :  2.56631e-07
 Reference value :  2.57371e-07
 Reference value :  2.58321e-07
 Reference value :  2.58991e-07
 Reference value :  2.59656e-07
 Reference value :  2.60331e-07
 Reference value :  2.61001e-07
 Reference value :  2.61671e-07
 Reference value :  2.62321e-07
 Reference value :  2.62971e-07
 Reference value :  2.63636e-07
 Reference value :  2.64301e-07
 Reference value :  2.64981e-07
 Reference value :  2.65646e-07
 Reference value :  2.66311e-07
 Reference value :  2.66971e-07
 Reference value :  2.67631e-07
 Reference value :  2.68296e-07
 Reference value :  2.68951e-07
 Reference value :  2.69621e-07
 Reference value :  2.70321e-07
 Reference value :  2.71011e-07
 Reference value :  2.71706e-07
 Reference value :  2.72356e-07
 Reference value :  2.73031e-07
 Reference value :  2.73696e-07
 Reference value :  2.74371e-07
 Reference value :  2.75026e-07
 Reference value :  2.75676e-07
 Reference value :  2.76316e-07
 Reference value :  2.77021e-07
 Reference value :  2.77671e-07
 Reference value :  2.78301e-07
 Reference value :  2.78941e-07
 Reference value :  2.79601e-07
 Reference value :  2.80271e-07
 Reference value :  2.80931e-07
 Reference value :  2.81601e-07
 Reference value :  2.82256e-07
 Reference value :  2.83086e-07
 Reference value :  2.83786e-07
 Reference value :  2.84471e-07
 Reference value :  2.85136e-07
 Reference value :  2.85811e-07
 Reference value :  2.86491e-07
 Reference value :  2.87401e-07
 Reference value :  2.88061e-07
 Reference value :  2.88796e-07
 Reference value :  2.89471e-07
 Reference value :  2.90171e-07
 Reference value :  2.90841e-07
 Reference value :  2.91506e-07
 Reference value :  2.92161e-07
 Reference value :  2.92816e-07
 Reference value :  2.93476e-07
 Reference value :  2.94121e-07
 Reference value :  2.94781e-07
 Reference value :  2.95451e-07
 Reference value :  2.96116e-07
 Reference value :  2.96756e-07
 Reference value :  2.97396e-07
 Reference value :  2.98081e-07
 Reference value :  2.98726e-07
 Reference value :  2.99381e-07
No. of Data Rows : 60008
t1a                 =  4.02265e-08
t1b                 =  1.19528e-07
t2a                 =  3.53397e-08
t2b                 =  1.05172e-07
c1a                 =  -5.56558e-04
c1b                 =  -1.64042e-03
c2a                 =  -5.23387e-04
c2b                 =  -1.52703e-03
cta                 =  -2.41549e-03
ctb                 =  -7.64756e-03
vhi                 =  3.65845e+00 at=  2.04331e-07
vlo                 =  -1.29159e-02 at=  2.74906e-07
vxhi                =  3.64579e+00 at=  2.27276e-07
vxlo                =  -1.29808e-02 at=  2.90081e-07
m_period_r1 = 1.9825472500e-08
m_period_r2 = 1.7458097500e-08
m_f_r1 = 5.0440159749e+07
m_f_r2 = 5.7280010035e+07
m_i_r1_a = -1.366755446e-05
m_i_r2_a = -1.437221753e-05
m_i_tree_a = -6.597651077e-05
m_e_cycle_r1_j = -9.836055818e-13
m_c_eff_node_r1_f = -6.786018658e-15
m_ring_swing_v = 3.6713659100e+00
m_xo_swing_v = 3.6587668500e+00
m_i_total_a = -9.401628276e-05
m_p_rings_w = -1.017843723e-04
m_p_total_w = -3.412791064e-04
m_xo_trans_per_s = 2.1544033957e+08
Note: Simulation executed from .control section 

Warning: m=xx on .subckt line will override multiplier m hierarchy!

Note: Starting dynamic gmin stepping
Note: Dynamic gmin stepping completed
