
Note: Compatibility modes selected: hs a


Circuit: * ro-array-core-pvt-q @ tt_27c_3.30v -- generated by sim/harness, do not edit

Doing analysis at TEMP = 27.000000 and TNOM = 27.000000

Using SPARSE 1.3 as Direct Linear Solver

Initial Transient Solution
--------------------------

Node                                   Voltage
----                                   -------
vsup                                       3.3
en                                         3.3
vddr1                                      3.3
vddr2                                      3.3
vdd                                        3.3
xdut.xr1.xg.py                         1.58325
xdut.xr1.n1                                  0
xdut.ro1                           1.24708e-07
xdut.xr1.xg.nm                   -8.19801e-146
xdut.xr1.xg.ny                   -7.65291e-146
xdut.xr1.x1.py                             3.3
xdut.xr1.n2                                3.3
xdut.xr1.x1.ny                     2.35462e-08
xdut.xr1.x2.py                             3.3
xdut.xr1.n3                        1.24708e-07
xdut.xr1.x2.ny                     1.06256e-07
xdut.xr1.x3.py                             3.3
xdut.xr1.n4                                3.3
xdut.xr1.x3.ny                     2.35463e-08
xdut.xr1.x4.py                             3.3
xdut.xr1.n5                        1.24708e-07
xdut.xr1.x4.ny                     1.06256e-07
xdut.xr1.x5.py                             3.3
xdut.xr1.n6                                3.3
xdut.xr1.x5.ny                     2.35463e-08
xdut.xr1.x6.py                             3.3
xdut.xr1.n7                        1.24708e-07
xdut.xr1.x6.ny                     1.06256e-07
xdut.xr1.x7.py                             3.3
xdut.xr1.n8                                3.3
xdut.xr1.x7.ny                     2.35463e-08
xdut.xr1.x8.py                             3.3
xdut.xr1.n9                        1.24708e-07
xdut.xr1.x8.ny                     1.06256e-07
xdut.xr1.x9.py                             3.3
xdut.xr1.n10                               3.3
xdut.xr1.x9.ny                     2.35463e-08
xdut.xr1.x10.py                            3.3
xdut.xr1.x10.ny                    1.06256e-07
xdut.xr2.xg.py                         1.59988
xdut.xr2.n1                                  0
xdut.ro2                           1.17147e-07
xdut.xr2.xg.nm                      3.0487e-62
xdut.xr2.xg.ny                     2.83139e-62
xdut.xr2.x1.py                             3.3
xdut.xr2.n2                                3.3
xdut.xr2.x1.ny                     2.18706e-08
xdut.xr2.x2.py                             3.3
xdut.xr2.n3                        1.17147e-07
xdut.xr2.x2.ny                      9.8695e-08
xdut.xr2.x3.py                             3.3
xdut.xr2.n4                                3.3
xdut.xr2.x3.ny                     2.18707e-08
xdut.xr2.x4.py                             3.3
xdut.xr2.n5                        1.17147e-07
xdut.xr2.x4.ny                      9.8695e-08
xdut.xr2.x5.py                             3.3
xdut.xr2.n6                                3.3
xdut.xr2.x5.ny                     2.18707e-08
xdut.xr2.x6.py                             3.3
xdut.xr2.n7                        1.17147e-07
xdut.xr2.x6.ny                      9.8695e-08
xdut.xr2.x7.py                             3.3
xdut.xr2.n8                                3.3
xdut.xr2.x7.ny                     2.18707e-08
xdut.xr2.x8.py                             3.3
xdut.xr2.n9                        1.17147e-07
xdut.xr2.x8.ny                      9.8695e-08
xdut.xr2.x9.py                             3.3
xdut.xr2.n10                               3.3
xdut.xr2.x9.ny                     2.18707e-08
xdut.xr2.x10.py                            3.3
xdut.xr2.x10.ny                     9.8695e-08
xdut.xa1.an                                3.3
xdut.xa1.bn                                3.3
xdut.xa1.mid                               3.3
xo                                 4.53008e-08
xdut.xa1.s1                        9.54368e-09
xdut.xa1.s2                        2.26504e-08
q1                                -9.26862e-16
q2                                -9.82236e-16
qt                                -1.48534e-21
vth                                       1.65
bvth#branch                                  0
vtr#branch                         1.48534e-11
vr2#branch                         9.82236e-06
vr1#branch                         9.26862e-06
ven#branch                                   0
vsup#branch                        -1.9091e-05

 Reference value :  0.00000e+00
 Reference value :  1.64640e-09
 Reference value :  3.51640e-09
 Reference value :  5.23140e-09
 Reference value :  6.91140e-09
 Reference value :  8.64140e-09
 Reference value :  1.03564e-08
 Reference value :  1.21064e-08
 Reference value :  1.38364e-08
 Reference value :  1.55214e-08
 Reference value :  1.72264e-08
 Reference value :  1.89164e-08
 Reference value :  2.06164e-08
 Reference value :  2.23464e-08
 Reference value :  2.40514e-08
 Reference value :  2.57314e-08
 Reference value :  2.74264e-08
 Reference value :  2.91914e-08
 Reference value :  3.09064e-08
 Reference value :  3.26164e-08
 Reference value :  3.42864e-08
 Reference value :  3.60114e-08
 Reference value :  3.76964e-08
 Reference value :  3.93814e-08
 Reference value :  4.10464e-08
 Reference value :  4.27414e-08
 Reference value :  4.44214e-08
 Reference value :  4.61864e-08
 Reference value :  4.78914e-08
 Reference value :  4.95964e-08
 Reference value :  5.12964e-08
 Reference value :  5.30264e-08
 Reference value :  5.47714e-08
 Reference value :  5.64564e-08
 Reference value :  5.81564e-08
 Reference value :  5.98614e-08
 Reference value :  6.15514e-08
 Reference value :  6.32414e-08
 Reference value :  6.49614e-08
 Reference value :  6.66714e-08
 Reference value :  6.83564e-08
 Reference value :  7.00564e-08
 Reference value :  7.17464e-08
 Reference value :  7.34364e-08
 Reference value :  7.51564e-08
 Reference value :  7.68564e-08
 Reference value :  7.86514e-08
 Reference value :  8.03364e-08
 Reference value :  8.20214e-08
 Reference value :  8.37864e-08
 Reference value :  8.55364e-08
 Reference value :  8.77764e-08
 Reference value :  8.94714e-08
 Reference value :  9.12464e-08
 Reference value :  9.29464e-08
 Reference value :  9.46814e-08
 Reference value :  9.63914e-08
 Reference value :  9.80514e-08
 Reference value :  9.97614e-08
 Reference value :  1.01466e-07
 Reference value :  1.03221e-07
 Reference value :  1.04926e-07
 Reference value :  1.06626e-07
 Reference value :  1.08316e-07
 Reference value :  1.10101e-07
 Reference value :  1.11816e-07
 Reference value :  1.13461e-07
 Reference value :  1.15226e-07
 Reference value :  1.16891e-07
 Reference value :  1.18601e-07
 Reference value :  1.20331e-07
 Reference value :  1.22031e-07
 Reference value :  1.23691e-07
 Reference value :  1.25421e-07
 Reference value :  1.27131e-07
 Reference value :  1.28806e-07
 Reference value :  1.30521e-07
 Reference value :  1.32181e-07
 Reference value :  1.34621e-07
 Reference value :  1.37446e-07
 Reference value :  1.40371e-07
 Reference value :  1.42731e-07
 Reference value :  1.44761e-07
 Reference value :  1.46646e-07
 Reference value :  1.48616e-07
 Reference value :  1.50426e-07
 Reference value :  1.52121e-07
 Reference value :  1.53801e-07
 Reference value :  1.55456e-07
 Reference value :  1.58176e-07
 Reference value :  1.60991e-07
 Reference value :  1.63746e-07
 Reference value :  1.65666e-07
 Reference value :  1.67341e-07
 Reference value :  1.69116e-07
 Reference value :  1.70826e-07
 Reference value :  1.72496e-07
 Reference value :  1.74081e-07
 Reference value :  1.75691e-07
 Reference value :  1.77321e-07
 Reference value :  1.78961e-07
 Reference value :  1.80556e-07
 Reference value :  1.82161e-07
 Reference value :  1.83786e-07
 Reference value :  1.85371e-07
 Reference value :  1.87031e-07
 Reference value :  1.88651e-07
 Reference value :  1.90221e-07
 Reference value :  1.91836e-07
 Reference value :  1.93471e-07
 Reference value :  1.95101e-07
 Reference value :  1.96671e-07
 Reference value :  1.98271e-07
 Reference value :  1.99821e-07
 Reference value :  2.01461e-07
 Reference value :  2.03046e-07
 Reference value :  2.04686e-07
 Reference value :  2.06311e-07
 Reference value :  2.07901e-07
 Reference value :  2.09576e-07
 Reference value :  2.11146e-07
 Reference value :  2.12751e-07
 Reference value :  2.14341e-07
 Reference value :  2.15916e-07
 Reference value :  2.17496e-07
 Reference value :  2.19041e-07
 Reference value :  2.20671e-07
 Reference value :  2.22306e-07
 Reference value :  2.23891e-07
 Reference value :  2.25476e-07
 Reference value :  2.27091e-07
 Reference value :  2.28676e-07
 Reference value :  2.30266e-07
 Reference value :  2.31946e-07
 Reference value :  2.33581e-07
 Reference value :  2.35301e-07
 Reference value :  2.36861e-07
 Reference value :  2.38546e-07
 Reference value :  2.40201e-07
 Reference value :  2.42206e-07
 Reference value :  2.43916e-07
 Reference value :  2.45536e-07
 Reference value :  2.47176e-07
 Reference value :  2.48806e-07
 Reference value :  2.50441e-07
 Reference value :  2.52041e-07
 Reference value :  2.53656e-07
 Reference value :  2.55326e-07
 Reference value :  2.56971e-07
 Reference value :  2.58611e-07
 Reference value :  2.60236e-07
 Reference value :  2.61921e-07
 Reference value :  2.63511e-07
 Reference value :  2.65091e-07
 Reference value :  2.66701e-07
 Reference value :  2.68321e-07
 Reference value :  2.69881e-07
 Reference value :  2.71496e-07
 Reference value :  2.73116e-07
 Reference value :  2.74776e-07
 Reference value :  2.76371e-07
 Reference value :  2.77986e-07
 Reference value :  2.79566e-07
 Reference value :  2.81186e-07
 Reference value :  2.82756e-07
 Reference value :  2.84356e-07
 Reference value :  2.86011e-07
 Reference value :  2.87611e-07
 Reference value :  2.89261e-07
 Reference value :  2.90891e-07
 Reference value :  2.92576e-07
 Reference value :  2.94211e-07
 Reference value :  2.95901e-07
 Reference value :  2.97616e-07
 Reference value :  2.99281e-07
No. of Data Rows : 60008
t1a                 =  1.10805e-08
t1b                 =  3.96273e-08
t2a                 =  1.04008e-08
t2b                 =  3.72734e-08
c1a                 =  -1.99236e-04
c1b                 =  -7.32509e-04
c2a                 =  -1.99270e-04
c2b                 =  -7.35467e-04
cta                 =  -1.82722e-04
ctb                 =  -7.40258e-04
vhi                 =  3.43729e+00 at=  2.41831e-07
vlo                 =  -4.50073e-02 at=  2.45331e-07
vxhi                =  3.36470e+00 at=  2.01491e-07
vxlo                =  -2.34342e-02 at=  2.27931e-07
m_period_r1 = 7.1366950000e-09
m_period_r2 = 6.7181375000e-09
m_f_r1 = 1.4012088229e+08
m_f_r2 = 1.4885077895e+08
m_i_r1_a = -1.868070234e-05
m_i_r2_a = -1.995330179e-05
m_i_tree_a = -1.953061957e-05
m_e_cycle_r1_j = -4.399509675e-13
m_c_eff_node_r1_f = -3.672685262e-15
m_ring_swing_v = 3.4823023000e+00
m_xo_swing_v = 3.3881342500e+00
m_i_total_a = -5.816462370e-05
m_p_rings_w = -1.274922136e-04
m_p_total_w = -1.919432582e-04
m_xo_trans_per_s = 5.7794332248e+08
Note: Simulation executed from .control section 

Warning: m=xx on .subckt line will override multiplier m hierarchy!

