
Note: No compatibility mode selected!


Circuit: * ro-array-core-mc-freq-extracted @ ss_125c_3.63v -- generated by sim/harness, do not edit

Doing analysis at TEMP = 125.000000 and TNOM = 27.000000

Using SPARSE 1.3 as Direct Linear Solver

Initial Transient Solution
--------------------------

Node                                   Voltage
----                                   -------
vsup                                      3.63
en                                        3.63
vddr1                                     3.63
vddr2                                     3.63
vdd                                       3.63
xdut.xr1.xg.vss__t0                2.41704e-10
xdut.xr1.xg.vddr__t0                      3.63
xdut.xr1.xg.\$8                    8.26396e-08
vsubs                                0.0675839
xdut.xr1.xg.\$7                    8.63312e-08
xdut.xr1.xg.a__t0                  4.02225e-07
xdut.xr1.xg.y__t0                  3.07563e-13
xdut.xr1.xg.en__t0                        3.63
xdut.xr1.xg.\$5__t1                    1.71559
xdut.xr1.xg.vss__t1                          0
xdut.xr1.xg.vddr__t1                   3.62968
xdut.xr1.xg.\$9                        3.47746
xdut.xr1.xg.y__t1                  1.71743e-06
xdut.xr1.xg.a__t1                  4.02225e-07
xdut.xr1.xg.\$5__t2                    1.71559
xdut.xr1.xg.\$5__t0                    1.71559
xdut.xr1.xg.en__t1                        3.63
xdut.xr1.xg.y__t2                  1.05182e-12
xdut.xr1.xg.\$5                        1.71559
xdut.rn1                           4.02225e-07
xdut.xr1.n1                                  0
xdut.xr1.x1.\$5                    6.01363e-07
xdut.xr1.x1.a__t0                            0
xdut.xr1.x1.y__t0                         3.63
xdut.xr1.x1.vddr__t0                      3.63
xdut.xr1.x1.vss__t0                6.85545e-10
xdut.xr1.x1.vddr__t1                      3.63
xdut.xr1.x1.vss__t1                          0
xdut.xr1.x1.\$6                           3.63
xdut.xr1.x1.\$7                           3.63
xdut.xr1.x1.a__t1                            0
xdut.xr1.x1.y__t1                         3.63
xdut.xr1.n2                               3.63
xdut.xr1.x2.\$5                    3.09883e-07
xdut.xr1.x2.a__t0                         3.63
xdut.xr1.x2.y__t0                  3.55898e-07
xdut.xr1.x2.vddr__t0                      3.63
xdut.xr1.x2.vss__t0                3.75137e-10
xdut.xr1.x2.vddr__t1                      3.63
xdut.xr1.x2.vss__t1                          0
xdut.xr1.x2.\$6                           3.63
xdut.xr1.x2.\$7                        3.53452
xdut.xr1.x2.a__t1                         3.63
xdut.xr1.x2.y__t1                  3.55903e-07
xdut.xr1.n3                        3.55901e-07
xdut.xr1.x3.\$5                    4.59733e-07
xdut.xr1.x3.a__t0                  3.55901e-07
xdut.xr1.x3.y__t0                         3.63
xdut.xr1.x3.vddr__t0                      3.63
xdut.xr1.x3.vss__t0                 5.3591e-10
xdut.xr1.x3.vddr__t1                      3.63
xdut.xr1.x3.vss__t1                          0
xdut.xr1.x3.\$6                           3.63
xdut.xr1.x3.\$7                           3.63
xdut.xr1.x3.a__t1                  3.55901e-07
xdut.xr1.x3.y__t1                         3.63
xdut.xr1.n4                               3.63
xdut.xr1.x4.\$5                    2.90058e-07
xdut.xr1.x4.a__t0                         3.63
xdut.xr1.x4.y__t0                  3.33502e-07
xdut.xr1.x4.vddr__t0                      3.63
xdut.xr1.x4.vss__t0                3.57247e-10
xdut.xr1.x4.vddr__t1                      3.63
xdut.xr1.x4.vss__t1                          0
xdut.xr1.x4.\$6                           3.63
xdut.xr1.x4.\$7                        3.53454
xdut.xr1.x4.a__t1                         3.63
xdut.xr1.x4.y__t1                  3.33506e-07
xdut.xr1.n5                        3.33504e-07
xdut.xr1.x5.\$5                    1.91095e-06
xdut.xr1.x5.a__t0                  3.33504e-07
xdut.xr1.x5.y__t0                      3.62999
xdut.xr1.x5.vddr__t0                      3.63
xdut.xr1.x5.vss__t0                2.10279e-09
xdut.xr1.x5.vddr__t1                      3.63
xdut.xr1.x5.vss__t1                          0
xdut.xr1.x5.\$6                        3.62999
xdut.xr1.x5.\$7                           3.63
xdut.xr1.x5.a__t1                  3.33504e-07
xdut.xr1.x5.y__t1                      3.62999
xdut.xr1.n6                            3.62999
xdut.xr1.x6.\$5                    2.99491e-07
xdut.xr1.x6.a__t0                      3.62999
xdut.xr1.x6.y__t0                  3.45388e-07
xdut.xr1.x6.vddr__t0                      3.63
xdut.xr1.x6.vss__t0                3.65888e-10
xdut.xr1.x6.vddr__t1                      3.63
xdut.xr1.x6.vss__t1                          0
xdut.xr1.x6.\$6                           3.63
xdut.xr1.x6.\$7                        3.53453
xdut.xr1.x6.a__t1                      3.62999
xdut.xr1.x6.y__t1                  3.45392e-07
xdut.xr1.n7                         3.4539e-07
xdut.xr1.x7.\$5                    1.59677e-06
xdut.xr1.x7.a__t0                   3.4539e-07
xdut.xr1.x7.y__t0                      3.62999
xdut.xr1.x7.vddr__t0                      3.63
xdut.xr1.x7.vss__t0                1.75034e-09
xdut.xr1.x7.vddr__t1                      3.63
xdut.xr1.x7.vss__t1                          0
xdut.xr1.x7.\$6                        3.62999
xdut.xr1.x7.\$7                           3.63
xdut.xr1.x7.a__t1                   3.4539e-07
xdut.xr1.x7.y__t1                      3.62999
xdut.xr1.n8                            3.62999
xdut.xr1.x8.\$5                    3.00075e-07
xdut.xr1.x8.a__t0                      3.62999
xdut.xr1.x8.y__t0                  3.44559e-07
xdut.xr1.x8.vddr__t0                      3.63
xdut.xr1.x8.vss__t0                3.69951e-10
xdut.xr1.x8.vddr__t1                      3.63
xdut.xr1.x8.vss__t1                          0
xdut.xr1.x8.\$6                           3.63
xdut.xr1.x8.\$7                        3.53453
xdut.xr1.x8.a__t1                      3.62999
xdut.xr1.x8.y__t1                  3.44563e-07
xdut.xr1.n9                        3.44561e-07
xdut.xr1.x9.\$5                    1.50711e-06
xdut.xr1.x9.a__t0                  3.44561e-07
xdut.xr1.x9.y__t0                      3.62999
xdut.xr1.x9.vddr__t0                      3.63
xdut.xr1.x9.vss__t0                 1.6741e-09
xdut.xr1.x9.vddr__t1                      3.63
xdut.xr1.x9.vss__t1                          0
xdut.xr1.x9.\$6                        3.62999
xdut.xr1.x9.\$7                           3.63
xdut.xr1.x9.a__t1                  3.44561e-07
xdut.xr1.x9.y__t1                      3.62999
xdut.xr1.n10                           3.62999
xdut.xr1.x10.\$5                   3.49599e-07
xdut.xr1.x10.a__t0                     3.62999
xdut.xr1.x10.y__t0                 4.02222e-07
xdut.xr1.x10.vddr__t0                     3.63
xdut.xr1.x10.vss__t0               4.19183e-10
xdut.xr1.x10.vddr__t1                     3.63
xdut.xr1.x10.vss__t1                         0
xdut.xr1.x10.\$6                          3.63
xdut.xr1.x10.\$7                       3.53449
xdut.xr1.x10.a__t1                     3.62999
xdut.xr1.x10.y__t1                 4.02227e-07
xdut.xr2.xg.vss__t0                2.51451e-10
xdut.xr2.xg.vddr__t0                      3.63
xdut.xr2.xg.\$8                     7.4881e-08
xdut.xr2.xg.\$7                    7.84871e-08
xdut.xr2.xg.a__t0                  3.26796e-07
xdut.xr2.xg.y__t0                  3.07561e-13
xdut.xr2.xg.en__t0                        3.63
xdut.xr2.xg.\$5__t1                    1.75985
xdut.xr2.xg.vss__t1                          0
xdut.xr2.xg.vddr__t1                   3.62967
xdut.xr2.xg.\$9                        3.47751
xdut.xr2.xg.y__t1                  1.81138e-06
xdut.xr2.xg.a__t1                  3.26796e-07
xdut.xr2.xg.\$5__t2                    1.75984
xdut.xr2.xg.\$5__t0                    1.75984
xdut.xr2.xg.en__t1                        3.63
xdut.xr2.xg.y__t2                  1.05183e-12
xdut.xr2.xg.\$5                        1.75984
xdut.rn2                           3.26796e-07
xdut.xr2.n1                                  0
xdut.xr2.x1.\$5                    2.50914e-06
xdut.xr2.x1.a__t0                            0
xdut.xr2.x1.y__t0                      3.62999
xdut.xr2.x1.vss__t0                2.97207e-09
xdut.xr2.x1.vddr__t0                      3.63
xdut.xr2.x1.vddr__t1                      3.63
xdut.xr2.x1.vss__t1                          0
xdut.xr2.x1.\$6                        3.62999
xdut.xr2.x1.\$7                        3.62999
xdut.xr2.x1.a__t1                            0
xdut.xr2.x1.y__t1                      3.62999
xdut.xr2.n2                            3.62999
xdut.xr2.x2.\$5                    2.84178e-07
xdut.xr2.x2.a__t0                      3.62999
xdut.xr2.x2.y__t0                  3.28901e-07
xdut.xr2.x2.vss__t0                 3.8153e-10
xdut.xr2.x2.vddr__t0                      3.63
xdut.xr2.x2.vddr__t1                      3.63
xdut.xr2.x2.vss__t1                          0
xdut.xr2.x2.\$6                           3.63
xdut.xr2.x2.\$7                        3.53417
xdut.xr2.x2.a__t1                      3.62999
xdut.xr2.x2.y__t1                  3.28905e-07
xdut.xr2.n3                        3.28903e-07
xdut.xr2.x3.\$5                     5.8391e-07
xdut.xr2.x3.a__t0                  3.28903e-07
xdut.xr2.x3.y__t0                         3.63
xdut.xr2.x3.vss__t0                7.30385e-10
xdut.xr2.x3.vddr__t0                      3.63
xdut.xr2.x3.vddr__t1                      3.63
xdut.xr2.x3.vss__t1                          0
xdut.xr2.x3.\$6                           3.63
xdut.xr2.x3.\$7                           3.63
xdut.xr2.x3.a__t1                  3.28903e-07
xdut.xr2.x3.y__t1                         3.63
xdut.xr2.n4                               3.63
xdut.xr2.x4.\$5                    3.34487e-07
xdut.xr2.x4.a__t0                         3.63
xdut.xr2.x4.y__t0                  3.86842e-07
xdut.xr2.x4.vss__t0                 4.3591e-10
xdut.xr2.x4.vddr__t0                      3.63
xdut.xr2.x4.vddr__t1                      3.63
xdut.xr2.x4.vss__t1                          0
xdut.xr2.x4.\$6                           3.63
xdut.xr2.x4.\$7                        3.53413
xdut.xr2.x4.a__t1                         3.63
xdut.xr2.x4.y__t1                  3.86847e-07
xdut.xr2.n5                        3.86845e-07
xdut.xr2.x5.\$5                    9.06656e-07
xdut.xr2.x5.a__t0                  3.86845e-07
xdut.xr2.x5.y__t0                         3.63
xdut.xr2.x5.vss__t0                1.11184e-09
xdut.xr2.x5.vddr__t0                      3.63
xdut.xr2.x5.vddr__t1                      3.63
xdut.xr2.x5.vss__t1                          0
xdut.xr2.x5.\$6                           3.63
xdut.xr2.x5.\$7                           3.63
xdut.xr2.x5.a__t1                  3.86845e-07
xdut.xr2.x5.y__t1                         3.63
xdut.xr2.n6                               3.63
xdut.xr2.x6.\$5                    3.17624e-07
xdut.xr2.x6.a__t0                         3.63
xdut.xr2.x6.y__t0                  3.67327e-07
xdut.xr2.x6.vss__t0                4.18421e-10
xdut.xr2.x6.vddr__t0                      3.63
xdut.xr2.x6.vddr__t1                      3.63
xdut.xr2.x6.vss__t1                          0
xdut.xr2.x6.\$6                           3.63
xdut.xr2.x6.\$7                        3.53414
xdut.xr2.x6.a__t1                         3.63
xdut.xr2.x6.y__t1                  3.67332e-07
xdut.xr2.n7                        3.67329e-07
xdut.xr2.x7.\$5                    6.51539e-07
xdut.xr2.x7.a__t0                  3.67329e-07
xdut.xr2.x7.y__t0                         3.63
xdut.xr2.x7.vss__t0                8.11641e-10
xdut.xr2.x7.vddr__t0                      3.63
xdut.xr2.x7.vddr__t1                      3.63
xdut.xr2.x7.vss__t1                          0
xdut.xr2.x7.\$6                           3.63
xdut.xr2.x7.\$7                           3.63
xdut.xr2.x7.a__t1                  3.67329e-07
xdut.xr2.x7.y__t1                         3.63
xdut.xr2.n8                               3.63
xdut.xr2.x8.\$5                    2.91077e-07
xdut.xr2.x8.a__t0                         3.63
xdut.xr2.x8.y__t0                   3.3622e-07
xdut.xr2.x8.vss__t0                3.89891e-10
xdut.xr2.x8.vddr__t0                      3.63
xdut.xr2.x8.vddr__t1                      3.63
xdut.xr2.x8.vss__t1                          0
xdut.xr2.x8.\$6                           3.63
xdut.xr2.x8.\$7                        3.53417
xdut.xr2.x8.a__t1                         3.63
xdut.xr2.x8.y__t1                  3.36224e-07
xdut.xr2.n9                        3.36222e-07
xdut.xr2.x9.\$5                    6.58923e-07
xdut.xr2.x9.a__t0                  3.36222e-07
xdut.xr2.x9.y__t0                         3.63
xdut.xr2.x9.vss__t0                8.22946e-10
xdut.xr2.x9.vddr__t0                      3.63
xdut.xr2.x9.vddr__t1                      3.63
xdut.xr2.x9.vss__t1                          0
xdut.xr2.x9.\$6                           3.63
xdut.xr2.x9.\$7                           3.63
xdut.xr2.x9.a__t1                  3.36222e-07
xdut.xr2.x9.y__t1                         3.63
xdut.xr2.n10                              3.63
xdut.xr2.x10.\$5                   2.82133e-07
xdut.xr2.x10.a__t0                        3.63
xdut.xr2.x10.y__t0                 3.26794e-07
xdut.xr2.x10.vss__t0               3.78411e-10
xdut.xr2.x10.vddr__t0                     3.63
xdut.xr2.x10.vddr__t1                     3.63
xdut.xr2.x10.vss__t1                         0
xdut.xr2.x10.\$6                          3.63
xdut.xr2.x10.\$7                       3.53417
xdut.xr2.x10.a__t1                        3.63
xdut.xr2.x10.y__t1                 3.26798e-07
xdut.xb1.vss__t0                   2.30365e-12
xdut.xb1.a__t0                     4.02225e-07
xdut.xb1.y__t0                            3.63
xdut.xb1.vdd__t0                          3.63
xdut.xb1.a__t1                     4.02225e-07
xdut.xb1.y__t1                            3.63
xdut.xb1.\$5                              3.63
ro1                                       3.63
xdut.xb2.vss__t0                   2.66114e-12
xdut.xb2.a__t0                     3.26796e-07
xdut.xb2.y__t0                            3.63
xdut.xb2.vdd__t0                          3.63
xdut.xb2.a__t1                     3.26796e-07
xdut.xb2.y__t1                            3.63
xdut.xb2.\$5                              3.63
ro2                                       3.63
xdut.xa1.\$2__t0                   5.49336e-08
xdut.xa1.a__t0                            3.63
xdut.xa1.vss__t0                   3.29162e-11
xdut.xa1.\$3__t3                   5.20312e-08
xdut.xa1.b__t1                            3.63
xdut.xa1.vss__t3                   1.69754e-11
xdut.xa1.y__t3                      2.3826e-07
xdut.xa1.a__t3                            3.63
xdut.xa1.\$4__t1                    1.2528e-07
xdut.xa1.\$4__t0                   1.25096e-07
xdut.xa1.b__t3                            3.63
xdut.xa1.vss__t1                    3.7077e-11
xdut.xa1.y__t2                     2.38371e-07
xdut.xa1.\$2__t1                   5.52417e-08
xdut.xa1.\$6__t1                     0.0143959
xdut.xa1.\$6__t0                     0.0143959
xdut.xa1.\$3__t2                   5.23116e-08
xdut.xa1.vss__t2                   8.43127e-12
xdut.xa1.\$2__t2                    5.5324e-08
xdut.xa1.a__t1                            3.63
xdut.xa1.vdd__t0                          3.63
xdut.xa1.\$11                          3.50707
xdut.xa1.\$3__t1                   5.23866e-08
xdut.xa1.b__t0                            3.63
xdut.xa1.vdd__t3                          3.63
xdut.xa1.\$8__t3                      0.767923
xdut.xa1.a__t2                            3.63
xdut.xa1.vdd__t1                          3.63
xdut.xa1.\$8__t2                      0.767923
xdut.xa1.b__t2                            3.63
xdut.xa1.vdd__t2                          3.63
xdut.xa1.y__t0                     2.38394e-07
xdut.xa1.\$2__t3                   5.52417e-08
xdut.xa1.\$8__t1                      0.767923
xdut.xa1.y__t1                     2.38427e-07
xdut.xa1.\$3__t0                   5.23116e-08
xdut.xa1.\$8__t0                      0.767923
xdut.xa1.\$2                       5.52417e-08
xdut.xa1.\$3                       5.23116e-08
xdut.xa1.\$4                       1.25188e-07
xdut.xa1.\$6                         0.0143959
xdut.xa1.\$8                          0.767923
xo                                 2.38368e-07
q1                                -8.08845e-16
q2                                -8.53089e-16
qt                                -9.89803e-21
vth                                      1.815
bvth#branch                                  0
vtr#branch                         9.89803e-11
vr2#branch                         8.53089e-06
vr1#branch                         8.08845e-06
ven#branch                        -8.32667e-17
vsup#branch                       -1.66194e-05

 Reference value :  6.12800e-11
 Reference value :  2.01280e-10
 Reference value :  3.01280e-10
 Reference value :  4.02280e-10
 Reference value :  4.49280e-10
 Reference value :  6.10280e-10
 Reference value :  7.54280e-10
 Reference value :  8.80280e-10
 Reference value :  9.85280e-10
 Reference value :  1.13028e-09
 Reference value :  1.28428e-09
 Reference value :  1.44328e-09
 Reference value :  1.54028e-09
 Reference value :  1.67828e-09
 Reference value :  1.84328e-09
 Reference value :  1.99128e-09
 Reference value :  2.15528e-09
 Reference value :  2.32228e-09
 Reference value :  2.47428e-09
 Reference value :  2.64028e-09
 Reference value :  2.79728e-09
 Reference value :  2.86028e-09
 Reference value :  2.92728e-09
 Reference value :  3.02628e-09
 Reference value :  3.07628e-09
 Reference value :  3.12228e-09
 Reference value :  3.19228e-09
 Reference value :  3.22328e-09
 Reference value :  3.30028e-09
 Reference value :  3.35728e-09
 Reference value :  3.46928e-09
 Reference value :  3.61428e-09
 Reference value :  3.64528e-09
 Reference value :  3.70228e-09
 Reference value :  3.75128e-09
 Reference value :  3.76028e-09
 Reference value :  3.90128e-09
 Reference value :  4.04728e-09
 Reference value :  4.10828e-09
 Reference value :  4.28128e-09
 Reference value :  4.43828e-09
 Reference value :  4.60428e-09
 Reference value :  4.77328e-09
 Reference value :  4.92928e-09
 Reference value :  5.09828e-09
 Reference value :  5.22328e-09
 Reference value :  5.39328e-09
 Reference value :  5.54528e-09
 Reference value :  5.71228e-09
 Reference value :  5.88428e-09
 Reference value :  6.03628e-09
 Reference value :  6.20328e-09
 Reference value :  6.35928e-09
 Reference value :  6.50028e-09
 Reference value :  6.54928e-09
 Reference value :  6.69028e-09
 Reference value :  6.82228e-09
 Reference value :  6.98028e-09
 Reference value :  7.14628e-09
 Reference value :  7.30028e-09
 Reference value :  7.46528e-09
 Reference value :  7.62528e-09
 Reference value :  7.78828e-09
 Reference value :  7.95828e-09
 Reference value :  8.10828e-09
 Reference value :  8.27028e-09
 Reference value :  8.42828e-09
 Reference value :  8.46328e-09
 Reference value :  8.60628e-09
 Reference value :  8.77028e-09
 Reference value :  8.91728e-09
 Reference value :  9.06228e-09
 Reference value :  9.22528e-09
 Reference value :  9.35628e-09
 Reference value :  9.52028e-09
 Reference value :  9.65128e-09
 Reference value :  9.81328e-09
 Reference value :  9.95228e-09
 Reference value :  9.99128e-09
 Reference value :  1.00563e-08
 Reference value :  1.01173e-08
 Reference value :  1.01573e-08
 Reference value :  1.02633e-08
 Reference value :  1.03533e-08
 Reference value :  1.04373e-08
 Reference value :  1.05463e-08
 Reference value :  1.06183e-08
 Reference value :  1.06503e-08
 Reference value :  1.06593e-08
 Reference value :  1.07233e-08
 Reference value :  1.07963e-08
 Reference value :  1.08573e-08
 Reference value :  1.09853e-08
 Reference value :  1.11333e-08
 Reference value :  1.12933e-08
 Reference value :  1.14233e-08
 Reference value :  1.15723e-08
 Reference value :  1.17393e-08
 Reference value :  1.18663e-08
 Reference value :  1.19913e-08
 Reference value :  1.21203e-08
 Reference value :  1.22813e-08
 Reference value :  1.24513e-08
 Reference value :  1.25893e-08
 Reference value :  1.27413e-08
 Reference value :  1.28903e-08
 Reference value :  1.30563e-08
 Reference value :  1.32113e-08
 Reference value :  1.33733e-08
 Reference value :  1.35453e-08
 Reference value :  1.37033e-08
 Reference value :  1.38703e-08
 Reference value :  1.40243e-08
 Reference value :  1.41963e-08
 Reference value :  1.43443e-08
 Reference value :  1.45163e-08
 Reference value :  1.46843e-08
 Reference value :  1.48403e-08
 Reference value :  1.50123e-08
 Reference value :  1.51543e-08
 Reference value :  1.53233e-08
 Reference value :  1.54733e-08
 Reference value :  1.56333e-08
 Reference value :  1.57653e-08
 Reference value :  1.59143e-08
 Reference value :  1.60763e-08
 Reference value :  1.62063e-08
 Reference value :  1.62863e-08
 Reference value :  1.63753e-08
 Reference value :  1.64663e-08
 Reference value :  1.65523e-08
 Reference value :  1.66663e-08
 Reference value :  1.67543e-08
 Reference value :  1.68803e-08
 Reference value :  1.69223e-08
 Reference value :  1.69553e-08
 Reference value :  1.70063e-08
 Reference value :  1.70303e-08
 Reference value :  1.70843e-08
 Reference value :  1.70883e-08
 Reference value :  1.70923e-08
 Reference value :  1.70953e-08
 Reference value :  1.70993e-08
 Reference value :  1.71023e-08
 Reference value :  1.71063e-08
 Reference value :  1.71103e-08
 Reference value :  1.71143e-08
 Reference value :  1.71173e-08
 Reference value :  1.71203e-08
 Reference value :  1.71243e-08
 Reference value :  1.71283e-08
 Reference value :  1.71323e-08
 Reference value :  1.71363e-08
 Reference value :  1.71393e-08
 Reference value :  1.71423e-08
 Reference value :  1.71453e-08
 Reference value :  1.71503e-08
 Reference value :  1.71913e-08
 Reference value :  1.72233e-08
 Reference value :  1.73863e-08
 Reference value :  1.75283e-08
 Reference value :  1.75873e-08
 Reference value :  1.76283e-08
 Reference value :  1.77283e-08
 Reference value :  1.78213e-08
 Reference value :  1.78973e-08
 Reference value :  1.79853e-08
 Reference value :  1.80503e-08
 Reference value :  1.81283e-08
 Reference value :  1.81783e-08
 Reference value :  1.83143e-08
 Reference value :  1.84773e-08
 Reference value :  1.86283e-08
 Reference value :  1.87253e-08
 Reference value :  1.88483e-08
 Reference value :  1.90143e-08
 Reference value :  1.91763e-08
 Reference value :  1.93323e-08
 Reference value :  1.94973e-08
 Reference value :  1.96523e-08
 Reference value :  1.98213e-08
 Reference value :  1.99683e-08
 Reference value :  2.01203e-08
 Reference value :  2.02663e-08
 Reference value :  2.03163e-08
 Reference value :  2.04693e-08
 Reference value :  2.06173e-08
 Reference value :  2.07873e-08
 Reference value :  2.09363e-08
 Reference value :  2.10983e-08
 Reference value :  2.12683e-08
 Reference value :  2.14163e-08
 Reference value :  2.15823e-08
 Reference value :  2.17423e-08
 Reference value :  2.19133e-08
 Reference value :  2.20633e-08
 Reference value :  2.22273e-08
 Reference value :  2.23693e-08
 Reference value :  2.25193e-08
 Reference value :  2.26853e-08
 Reference value :  2.28383e-08
 Reference value :  2.30063e-08
 Reference value :  2.31613e-08
 Reference value :  2.33113e-08
 Reference value :  2.34793e-08
 Reference value :  2.36213e-08
 Reference value :  2.37833e-08
 Reference value :  2.39363e-08
 Reference value :  2.40943e-08
 Reference value :  2.42363e-08
 Reference value :  2.43323e-08
 Reference value :  2.44803e-08
 Reference value :  2.46313e-08
 Reference value :  2.47903e-08
 Reference value :  2.49393e-08
 Reference value :  2.51033e-08
 Reference value :  2.52553e-08
 Reference value :  2.54233e-08
 Reference value :  2.55843e-08
 Reference value :  2.56993e-08
 Reference value :  2.58373e-08
 Reference value :  2.58473e-08
 Reference value :  2.60173e-08
 Reference value :  2.61623e-08
 Reference value :  2.63043e-08
 Reference value :  2.64463e-08
 Reference value :  2.65973e-08
 Reference value :  2.67573e-08
 Reference value :  2.69003e-08
 Reference value :  2.70463e-08
 Reference value :  2.71753e-08
 Reference value :  2.73413e-08
 Reference value :  2.75083e-08
 Reference value :  2.76633e-08
 Reference value :  2.78053e-08
 Reference value :  2.79693e-08
 Reference value :  2.80293e-08
 Reference value :  2.80733e-08
 Reference value :  2.81803e-08
 Reference value :  2.82693e-08
 Reference value :  2.83583e-08
 Reference value :  2.84563e-08
 Reference value :  2.85183e-08
 Reference value :  2.86063e-08
 Reference value :  2.86283e-08
 Reference value :  2.87423e-08
 Reference value :  2.89093e-08
 Reference value :  2.90683e-08
 Reference value :  2.92343e-08
 Reference value :  2.93273e-08
 Reference value :  2.93313e-08
 Reference value :  2.93803e-08
 Reference value :  2.95003e-08
 Reference value :  2.96433e-08
 Reference value :  2.97883e-08
 Reference value :  2.99293e-08
 Reference value :  3.00763e-08
 Reference value :  3.01753e-08
 Reference value :  3.01793e-08
 Reference value :  3.01823e-08
 Reference value :  3.03013e-08
 Reference value :  3.04673e-08
 Reference value :  3.05393e-08
 Reference value :  3.07093e-08
 Reference value :  3.08533e-08
 Reference value :  3.09883e-08
 Reference value :  3.11533e-08
 Reference value :  3.12943e-08
 Reference value :  3.14643e-08
 Reference value :  3.15853e-08
 Reference value :  3.17423e-08
 Reference value :  3.19113e-08
 Reference value :  3.20443e-08
 Reference value :  3.20493e-08
 Reference value :  3.21863e-08
 Reference value :  3.23283e-08
 Reference value :  3.24683e-08
 Reference value :  3.26363e-08
 Reference value :  3.28013e-08
 Reference value :  3.29553e-08
 Reference value :  3.31173e-08
 Reference value :  3.32663e-08
 Reference value :  3.33913e-08
 Reference value :  3.35493e-08
 Reference value :  3.37003e-08
 Reference value :  3.38673e-08
 Reference value :  3.39253e-08
 Reference value :  3.39873e-08
 Reference value :  3.40663e-08
 Reference value :  3.41423e-08
 Reference value :  3.42133e-08
 Reference value :  3.42893e-08
 Reference value :  3.42963e-08
 Reference value :  3.43873e-08
 Reference value :  3.44553e-08
 Reference value :  3.44703e-08
 Reference value :  3.46063e-08
 Reference value :  3.47583e-08
 Reference value :  3.49103e-08
 Reference value :  3.49683e-08
 Reference value :  3.51223e-08
 Reference value :  3.52873e-08
 Reference value :  3.54303e-08
 Reference value :  3.55933e-08
 Reference value :  3.57413e-08
 Reference value :  3.58963e-08
 Reference value :  3.60643e-08
 Reference value :  3.62073e-08
 Reference value :  3.63663e-08
 Reference value :  3.65003e-08
 Reference value :  3.66643e-08
 Reference value :  3.68123e-08
 Reference value :  3.69503e-08
 Reference value :  3.71103e-08
 Reference value :  3.72613e-08
 Reference value :  3.74253e-08
 Reference value :  3.75283e-08
 Reference value :  3.76303e-08
 Reference value :  3.77363e-08
 Reference value :  3.78483e-08
 Reference value :  3.79463e-08
 Reference value :  3.80333e-08
 Reference value :  3.81453e-08
 Reference value :  3.82123e-08
 Reference value :  3.83153e-08
 Reference value :  3.83893e-08
 Reference value :  3.83923e-08
 Reference value :  3.83953e-08
 Reference value :  3.83993e-08
 Reference value :  3.84033e-08
 Reference value :  3.84073e-08
 Reference value :  3.84113e-08
 Reference value :  3.84143e-08
 Reference value :  3.84173e-08
 Reference value :  3.84213e-08
 Reference value :  3.84253e-08
 Reference value :  3.84283e-08
 Reference value :  3.84413e-08
 Reference value :  3.84453e-08
 Reference value :  3.84493e-08
 Reference value :  3.84533e-08
 Reference value :  3.84573e-08
 Reference value :  3.84613e-08
 Reference value :  3.84653e-08
 Reference value :  3.84693e-08
 Reference value :  3.84733e-08
 Reference value :  3.84763e-08
 Reference value :  3.84793e-08
 Reference value :  3.85393e-08
 Reference value :  3.85433e-08
 Reference value :  3.86323e-08
 Reference value :  3.86543e-08
 Reference value :  3.88063e-08
 Reference value :  3.89653e-08
 Reference value :  3.91293e-08
 Reference value :  3.92643e-08
 Reference value :  3.94063e-08
 Reference value :  3.95483e-08
 Reference value :  3.97183e-08
 Reference value :  3.98633e-08
 Reference value :  4.00253e-08
 Reference value :  4.01803e-08
 Reference value :  4.03273e-08
 Reference value :  4.04923e-08
 Reference value :  4.06323e-08
 Reference value :  4.07973e-08
 Reference value :  4.08663e-08
 Reference value :  4.10323e-08
 Reference value :  4.11793e-08
 Reference value :  4.13103e-08
 Reference value :  4.14613e-08
 Reference value :  4.15693e-08
 Reference value :  4.15893e-08
 Reference value :  4.16493e-08
 Reference value :  4.16913e-08
 Reference value :  4.17073e-08
 Reference value :  4.17113e-08
 Reference value :  4.17153e-08
 Reference value :  4.17183e-08
 Reference value :  4.17233e-08
 Reference value :  4.17663e-08
 Reference value :  4.17863e-08
 Reference value :  4.18453e-08
 Reference value :  4.19243e-08
 Reference value :  4.19393e-08
 Reference value :  4.19463e-08
 Reference value :  4.19543e-08
 Reference value :  4.20463e-08
 Reference value :  4.21953e-08
 Reference value :  4.23463e-08
 Reference value :  4.24893e-08
 Reference value :  4.25333e-08
 Reference value :  4.26273e-08
 Reference value :  4.27793e-08
 Reference value :  4.29353e-08
 Reference value :  4.30863e-08
 Reference value :  4.32313e-08
 Reference value :  4.33963e-08
 Reference value :  4.35473e-08
 Reference value :  4.36573e-08
 Reference value :  4.38083e-08
 Reference value :  4.39583e-08
 Reference value :  4.41063e-08
 Reference value :  4.42543e-08
 Reference value :  4.44193e-08
 Reference value :  4.45543e-08
 Reference value :  4.47203e-08
 Reference value :  4.48703e-08
 Reference value :  4.50353e-08
 Reference value :  4.51973e-08
 Reference value :  4.53513e-08
 Reference value :  4.55193e-08
 Reference value :  4.55663e-08
 Reference value :  4.56233e-08
 Reference value :  4.57193e-08
 Reference value :  4.58163e-08
 Reference value :  4.59023e-08
 Reference value :  4.59843e-08
 Reference value :  4.60153e-08
 Reference value :  4.60513e-08
 Reference value :  4.60613e-08
 Reference value :  4.61173e-08
 Reference value :  4.61983e-08
 Reference value :  4.62273e-08
 Reference value :  4.62453e-08
 Reference value :  4.63013e-08
 Reference value :  4.63743e-08
 Reference value :  4.64183e-08
 Reference value :  4.64453e-08
 Reference value :  4.65233e-08
 Reference value :  4.66333e-08
 Reference value :  4.67383e-08
 Reference value :  4.68393e-08
 Reference value :  4.69283e-08
 Reference value :  4.70793e-08
 Reference value :  4.72423e-08
 Reference value :  4.73973e-08
 Reference value :  4.75533e-08
 Reference value :  4.77013e-08
 Reference value :  4.78613e-08
 Reference value :  4.79543e-08
 Reference value :  4.81143e-08
 Reference value :  4.82803e-08
 Reference value :  4.84373e-08
 Reference value :  4.85693e-08
 Reference value :  4.86553e-08
 Reference value :  4.88053e-08
 Reference value :  4.89503e-08
 Reference value :  4.91173e-08
 Reference value :  4.92803e-08
 Reference value :  4.94283e-08
 Reference value :  4.95953e-08
 Reference value :  4.97393e-08
 Reference value :  4.99073e-08
 Reference value :  5.00563e-08
 Reference value :  5.02203e-08
 Reference value :  5.02583e-08
 Reference value :  5.03363e-08
 Reference value :  5.04263e-08
 Reference value :  5.04703e-08
 Reference value :  5.04733e-08
 Reference value :  5.04773e-08
 Reference value :  5.04813e-08
 Reference value :  5.04853e-08
 Reference value :  5.05243e-08
 Reference value :  5.05363e-08
 Reference value :  5.05963e-08
 Reference value :  5.06773e-08
 Reference value :  5.07013e-08
 Reference value :  5.07403e-08
 Reference value :  5.07773e-08
 Reference value :  5.07813e-08
 Reference value :  5.08103e-08
 Reference value :  5.09643e-08
 Reference value :  5.11113e-08
 Reference value :  5.11963e-08
 Reference value :  5.12193e-08
 Reference value :  5.13483e-08
 Reference value :  5.13933e-08
 Reference value :  5.15293e-08
 Reference value :  5.16703e-08
 Reference value :  5.18093e-08
 Reference value :  5.19723e-08
 Reference value :  5.21163e-08
 Reference value :  5.22393e-08
 Reference value :  5.24023e-08
 Reference value :  5.25493e-08
 Reference value :  5.27163e-08
 Reference value :  5.28663e-08
 Reference value :  5.30263e-08
 Reference value :  5.31913e-08
 Reference value :  5.33403e-08
 Reference value :  5.34803e-08
 Reference value :  5.36163e-08
 Reference value :  5.37723e-08
 Reference value :  5.39233e-08
 Reference value :  5.39803e-08
 Reference value :  5.40293e-08
 Reference value :  5.41113e-08
 Reference value :  5.41873e-08
 Reference value :  5.42433e-08
 Reference value :  5.43073e-08
 Reference value :  5.43113e-08
 Reference value :  5.43153e-08
 Reference value :  5.43983e-08
 Reference value :  5.45293e-08
 Reference value :  5.46623e-08
 Reference value :  5.48073e-08
 Reference value :  5.49493e-08
 Reference value :  5.50403e-08
 Reference value :  5.51273e-08
 Reference value :  5.52723e-08
 Reference value :  5.53803e-08
 Reference value :  5.55423e-08
 Reference value :  5.56883e-08
 Reference value :  5.58493e-08
 Reference value :  5.60043e-08
 Reference value :  5.61523e-08
 Reference value :  5.63143e-08
 Reference value :  5.64653e-08
 Reference value :  5.66313e-08
 Reference value :  5.67803e-08
 Reference value :  5.69383e-08
 Reference value :  5.71023e-08
 Reference value :  5.72523e-08
 Reference value :  5.74153e-08
 Reference value :  5.75673e-08
 Reference value :  5.76993e-08
 Reference value :  5.78553e-08
 Reference value :  5.80183e-08
 Reference value :  5.81743e-08
 Reference value :  5.83293e-08
 Reference value :  5.84883e-08
 Reference value :  5.86423e-08
 Reference value :  5.88123e-08
 Reference value :  5.89723e-08
 Reference value :  5.91383e-08
 Reference value :  5.92893e-08
 Reference value :  5.94263e-08
 Reference value :  5.95913e-08
 Reference value :  5.97423e-08
 Reference value :  5.99003e-08
 Reference value :  6.00603e-08
 Reference value :  6.01413e-08
 Reference value :  6.01443e-08
 Reference value :  6.01503e-08
 Reference value :  6.02023e-08
 Reference value :  6.02763e-08
 Reference value :  6.03593e-08
 Reference value :  6.03983e-08
 Reference value :  6.04363e-08
 Reference value :  6.04403e-08
 Reference value :  6.04443e-08
 Reference value :  6.04483e-08
 Reference value :  6.04523e-08
 Reference value :  6.04713e-08
 Reference value :  6.04943e-08
 Reference value :  6.05153e-08
 Reference value :  6.05193e-08
 Reference value :  6.05233e-08
 Reference value :  6.05273e-08
 Reference value :  6.05313e-08
 Reference value :  6.05403e-08
 Reference value :  6.05443e-08
 Reference value :  6.06003e-08
 Reference value :  6.07193e-08
 Reference value :  6.07763e-08
 Reference value :  6.09393e-08
 Reference value :  6.10913e-08
 Reference value :  6.12443e-08
 Reference value :  6.14063e-08
 Reference value :  6.14923e-08
 Reference value :  6.14963e-08
 Reference value :  6.15223e-08
 Reference value :  6.16873e-08
 Reference value :  6.18373e-08
 Reference value :  6.19003e-08
 Reference value :  6.20653e-08
 Reference value :  6.22163e-08
 Reference value :  6.23813e-08
 Reference value :  6.25263e-08
 Reference value :  6.25443e-08
 Reference value :  6.26223e-08
 Reference value :  6.27863e-08
 Reference value :  6.29473e-08
 Reference value :  6.30483e-08
 Reference value :  6.30873e-08
 Reference value :  6.32373e-08
 Reference value :  6.34073e-08
 Reference value :  6.35573e-08
 Reference value :  6.37223e-08
 Reference value :  6.38653e-08
 Reference value :  6.40093e-08
 Reference value :  6.41773e-08
 Reference value :  6.43343e-08
 Reference value :  6.45033e-08
 Reference value :  6.46273e-08
 Reference value :  6.47753e-08
 Reference value :  6.49383e-08
 Reference value :  6.50593e-08
 Reference value :  6.51613e-08
 Reference value :  6.52503e-08
 Reference value :  6.53443e-08
 Reference value :  6.54073e-08
 Reference value :  6.54803e-08
 Reference value :  6.55343e-08
 Reference value :  6.55953e-08
 Reference value :  6.57633e-08
 Reference value :  6.59143e-08
 Reference value :  6.60803e-08
 Reference value :  6.62273e-08
 Reference value :  6.63953e-08
 Reference value :  6.65593e-08
 Reference value :  6.67063e-08
 Reference value :  6.68333e-08
 Reference value :  6.69743e-08
 Reference value :  6.71363e-08
 Reference value :  6.72903e-08
 Reference value :  6.74593e-08
 Reference value :  6.76223e-08
 Reference value :  6.77763e-08
 Reference value :  6.79423e-08
 Reference value :  6.80853e-08
 Reference value :  6.82483e-08
 Reference value :  6.84183e-08
 Reference value :  6.85833e-08
 Reference value :  6.87413e-08
 Reference value :  6.88543e-08
 Reference value :  6.89963e-08
 Reference value :  6.91453e-08
 Reference value :  6.93033e-08
 Reference value :  6.94653e-08
 Reference value :  6.96243e-08
 Reference value :  6.97913e-08
 Reference value :  6.99433e-08
 Reference value :  7.00923e-08
 Reference value :  7.02393e-08
 Reference value :  7.04013e-08
 Reference value :  7.04383e-08
 Reference value :  7.05953e-08
 Reference value :  7.07583e-08
 Reference value :  7.08433e-08
 Reference value :  7.09453e-08
 Reference value :  7.11043e-08
 Reference value :  7.12653e-08
 Reference value :  7.14133e-08
 Reference value :  7.15773e-08
 Reference value :  7.17383e-08
 Reference value :  7.18613e-08
 Reference value :  7.20293e-08
 Reference value :  7.21763e-08
 Reference value :  7.23373e-08
 Reference value :  7.24863e-08
 Reference value :  7.26503e-08
 Reference value :  7.28143e-08
 Reference value :  7.29733e-08
 Reference value :  7.31413e-08
 Reference value :  7.32933e-08
 Reference value :  7.34603e-08
 Reference value :  7.36203e-08
 Reference value :  7.36573e-08
 Reference value :  7.38203e-08
 Reference value :  7.39703e-08
 Reference value :  7.41383e-08
 Reference value :  7.42843e-08
 Reference value :  7.44523e-08
 Reference value :  7.46213e-08
 Reference value :  7.47713e-08
 Reference value :  7.49363e-08
 Reference value :  7.50713e-08
 Reference value :  7.52373e-08
 Reference value :  7.53753e-08
 Reference value :  7.55423e-08
 Reference value :  7.56893e-08
 Reference value :  7.58353e-08
 Reference value :  7.59733e-08
 Reference value :  7.60403e-08
 Reference value :  7.60833e-08
 Reference value :  7.62133e-08
 Reference value :  7.63163e-08
 Reference value :  7.64713e-08
 Reference value :  7.66323e-08
 Reference value :  7.67433e-08
 Reference value :  7.68073e-08
 Reference value :  7.69353e-08
 Reference value :  7.70833e-08
 Reference value :  7.72553e-08
 Reference value :  7.74083e-08
 Reference value :  7.75753e-08
 Reference value :  7.77443e-08
 Reference value :  7.78993e-08
 Reference value :  7.80683e-08
 Reference value :  7.82263e-08
 Reference value :  7.83873e-08
 Reference value :  7.85503e-08
 Reference value :  7.86913e-08
 Reference value :  7.88103e-08
 Reference value :  7.89603e-08
 Reference value :  7.91253e-08
 Reference value :  7.92693e-08
 Reference value :  7.94343e-08
 Reference value :  7.95983e-08
 Reference value :  7.97663e-08
 Reference value :  7.99323e-08
 Reference value :  8.00793e-08
 Reference value :  8.02483e-08
 Reference value :  8.03603e-08
 Reference value :  8.04653e-08
 Reference value :  8.04993e-08
 Reference value :  8.05853e-08
 Reference value :  8.06343e-08
 Reference value :  8.06603e-08
 Reference value :  8.07573e-08
 Reference value :  8.08173e-08
 Reference value :  8.08873e-08
 Reference value :  8.10383e-08
 Reference value :  8.11683e-08
 Reference value :  8.12513e-08
 Reference value :  8.14033e-08
 Reference value :  8.14713e-08
 Reference value :  8.16363e-08
 Reference value :  8.17963e-08
 Reference value :  8.19353e-08
 Reference value :  8.20833e-08
 Reference value :  8.22243e-08
 Reference value :  8.23943e-08
 Reference value :  8.25573e-08
 Reference value :  8.26803e-08
 Reference value :  8.27413e-08
 Reference value :  8.28933e-08
 Reference value :  8.30393e-08
 Reference value :  8.31723e-08
 Reference value :  8.33373e-08
 Reference value :  8.34473e-08
 Reference value :  8.35473e-08
 Reference value :  8.36843e-08
 Reference value :  8.37223e-08
 Reference value :  8.38123e-08
 Reference value :  8.38913e-08
 Reference value :  8.39953e-08
 Reference value :  8.40853e-08
 Reference value :  8.41413e-08
 Reference value :  8.41943e-08
 Reference value :  8.43453e-08
 Reference value :  8.44603e-08
 Reference value :  8.45903e-08
 Reference value :  8.47553e-08
 Reference value :  8.49083e-08
 Reference value :  8.50743e-08
 Reference value :  8.52413e-08
 Reference value :  8.53833e-08
 Reference value :  8.55493e-08
 Reference value :  8.56973e-08
 Reference value :  8.58603e-08
 Reference value :  8.60073e-08
 Reference value :  8.61653e-08
 Reference value :  8.63363e-08
 Reference value :  8.64733e-08
 Reference value :  8.66413e-08
 Reference value :  8.67683e-08
 Reference value :  8.69343e-08
 Reference value :  8.70773e-08
 Reference value :  8.72353e-08
 Reference value :  8.74033e-08
 Reference value :  8.74893e-08
 Reference value :  8.75613e-08
 Reference value :  8.75803e-08
 Reference value :  8.75843e-08
 Reference value :  8.75873e-08
 Reference value :  8.75923e-08
 Reference value :  8.75963e-08
 Reference value :  8.76503e-08
 Reference value :  8.76553e-08
 Reference value :  8.76643e-08
 Reference value :  8.76903e-08
 Reference value :  8.77393e-08
 Reference value :  8.78353e-08
 Reference value :  8.79933e-08
 Reference value :  8.80713e-08
 Reference value :  8.81153e-08
 Reference value :  8.81783e-08
 Reference value :  8.83433e-08
 Reference value :  8.85073e-08
 Reference value :  8.86733e-08
 Reference value :  8.88053e-08
 Reference value :  8.89353e-08
 Reference value :  8.89863e-08
 Reference value :  8.90123e-08
 Reference value :  8.90303e-08
 Reference value :  8.91943e-08
 Reference value :  8.93353e-08
 Reference value :  8.94803e-08
 Reference value :  8.95673e-08
 Reference value :  8.96573e-08
 Reference value :  8.98263e-08
 Reference value :  8.99383e-08
 Reference value :  9.00003e-08
 Reference value :  9.01453e-08
 Reference value :  9.02913e-08
 Reference value :  9.04043e-08
 Reference value :  9.04983e-08
 Reference value :  9.06503e-08
 Reference value :  9.07713e-08
 Reference value :  9.07833e-08
 Reference value :  9.07993e-08
 Reference value :  9.08733e-08
 Reference value :  9.09183e-08
 Reference value :  9.10363e-08
 Reference value :  9.11003e-08
 Reference value :  9.11983e-08
 Reference value :  9.13673e-08
 Reference value :  9.14593e-08
 Reference value :  9.15593e-08
 Reference value :  9.16983e-08
 Reference value :  9.17573e-08
 Reference value :  9.18273e-08
 Reference value :  9.19443e-08
 Reference value :  9.20493e-08
 Reference value :  9.21273e-08
 Reference value :  9.22933e-08
 Reference value :  9.23973e-08
 Reference value :  9.24783e-08
 Reference value :  9.26463e-08
 Reference value :  9.27733e-08
 Reference value :  9.28323e-08
 Reference value :  9.28803e-08
 Reference value :  9.29603e-08
 Reference value :  9.29903e-08
 Reference value :  9.30653e-08
 Reference value :  9.32303e-08
 Reference value :  9.33763e-08
 Reference value :  9.34333e-08
 Reference value :  9.34633e-08
 Reference value :  9.36173e-08
 Reference value :  9.37283e-08
 Reference value :  9.37643e-08
 Reference value :  9.38073e-08
 Reference value :  9.38843e-08
 Reference value :  9.39053e-08
 Reference value :  9.39283e-08
 Reference value :  9.39493e-08
 Reference value :  9.39593e-08
 Reference value :  9.39663e-08
 Reference value :  9.39693e-08
 Reference value :  9.39733e-08
 Reference value :  9.39793e-08
 Reference value :  9.39833e-08
 Reference value :  9.39873e-08
 Reference value :  9.39913e-08
 Reference value :  9.39943e-08
 Reference value :  9.39983e-08
 Reference value :  9.40063e-08
 Reference value :  9.40103e-08
 Reference value :  9.40143e-08
 Reference value :  9.40183e-08
 Reference value :  9.40213e-08
 Reference value :  9.40253e-08
 Reference value :  9.40293e-08
 Reference value :  9.40333e-08
 Reference value :  9.40373e-08
 Reference value :  9.40523e-08
 Reference value :  9.40563e-08
 Reference value :  9.40603e-08
 Reference value :  9.40633e-08
 Reference value :  9.40673e-08
 Reference value :  9.40903e-08
 Reference value :  9.41473e-08
 Reference value :  9.42813e-08
 Reference value :  9.43673e-08
 Reference value :  9.44163e-08
 Reference value :  9.45263e-08
 Reference value :  9.46113e-08
 Reference value :  9.46913e-08
 Reference value :  9.48473e-08
 Reference value :  9.50103e-08
 Reference value :  9.51023e-08
 Reference value :  9.51143e-08
 Reference value :  9.51183e-08
 Reference value :  9.51553e-08
 Reference value :  9.52963e-08
 Reference value :  9.54633e-08
 Reference value :  9.56163e-08
 Reference value :  9.57243e-08
 Reference value :  9.58293e-08
 Reference value :  9.58533e-08
 Reference value :  9.59943e-08
 Reference value :  9.61213e-08
 Reference value :  9.62853e-08
 Reference value :  9.64163e-08
 Reference value :  9.64503e-08
 Reference value :  9.65133e-08
 Reference value :  9.65543e-08
 Reference value :  9.67173e-08
 Reference value :  9.68443e-08
 Reference value :  9.70123e-08
 Reference value :  9.71323e-08
 Reference value :  9.71433e-08
 Reference value :  9.72263e-08
 Reference value :  9.73883e-08
 Reference value :  9.75503e-08
 Reference value :  9.77053e-08
 Reference value :  9.77803e-08
 Reference value :  9.78603e-08
 Reference value :  9.80013e-08
 Reference value :  9.81523e-08
 Reference value :  9.82563e-08
 Reference value :  9.84183e-08
 Reference value :  9.85153e-08
 Reference value :  9.85453e-08
 Reference value :  9.86753e-08
 Reference value :  9.88013e-08
 Reference value :  9.89463e-08
 Reference value :  9.90913e-08
 Reference value :  9.91233e-08
 Reference value :  9.91273e-08
 Reference value :  9.92933e-08
 Reference value :  9.94423e-08
 Reference value :  9.95743e-08
 Reference value :  9.96703e-08
 Reference value :  9.96743e-08
 Reference value :  9.97073e-08
 Reference value :  9.98113e-08
 Reference value :  9.99593e-08
No. of Data Rows : 100008
t1a                 =  2.45325e-08
t1b                 =  7.39418e-08
t2a                 =  2.29506e-08
t2b                 =  6.91476e-08
c1a                 =  -3.51053e-04
c1b                 =  -1.05112e-03
c2a                 =  -3.51837e-04
c2b                 =  -1.05012e-03
m_period_r1 = 1.2352330000e-08
m_period_r2 = 1.1549250000e-08
m_f_r1 = 8.0956386366e+07
m_f_r2 = 8.6585709029e+07
m_i_r1_a = -1.416872971e-05
m_i_r2_a = -1.511533866e-05
Note: Simulation executed from .control section 

