
Note: No compatibility mode selected!


Circuit: * ro-array-core-mc-freq-extracted @ ss_125c_3.63v -- generated by sim/harness, do not edit

Doing analysis at TEMP = 125.000000 and TNOM = 27.000000

Using SPARSE 1.3 as Direct Linear Solver

Initial Transient Solution
--------------------------

Node                                   Voltage
----                                   -------
vsup                                      3.63
en                                        3.63
vddr1                                     3.63
vddr2                                     3.63
vdd                                       3.63
xdut.xr1.xg.vss__t0                2.45599e-10
xdut.xr1.xg.vddr__t0                      3.63
xdut.xr1.xg.\$8                    8.29968e-08
vsubs                                0.0680964
xdut.xr1.xg.\$7                    8.66932e-08
xdut.xr1.xg.a__t0                  4.21764e-07
xdut.xr1.xg.y__t0                  3.12657e-13
xdut.xr1.xg.en__t0                        3.63
xdut.xr1.xg.\$5__t1                    1.72864
xdut.xr1.xg.vss__t1                          0
xdut.xr1.xg.vddr__t1                   3.62968
xdut.xr1.xg.\$9                        3.47757
xdut.xr1.xg.y__t1                  1.71689e-06
xdut.xr1.xg.a__t1                  4.21764e-07
xdut.xr1.xg.\$5__t2                    1.72863
xdut.xr1.xg.\$5__t0                    1.72864
xdut.xr1.xg.en__t1                        3.63
xdut.xr1.xg.y__t2                  1.05185e-12
xdut.xr1.xg.\$5                        1.72864
xdut.rn1                           4.21764e-07
xdut.xr1.n1                                  0
xdut.xr1.x1.\$5                    1.35633e-06
xdut.xr1.x1.a__t0                            0
xdut.xr1.x1.y__t0                      3.62999
xdut.xr1.x1.vddr__t0                      3.63
xdut.xr1.x1.vss__t0                1.51694e-09
xdut.xr1.x1.vddr__t1                      3.63
xdut.xr1.x1.vss__t1                          0
xdut.xr1.x1.\$6                           3.63
xdut.xr1.x1.\$7                           3.63
xdut.xr1.x1.a__t1                            0
xdut.xr1.x1.y__t1                      3.62999
xdut.xr1.n2                            3.62999
xdut.xr1.x2.\$5                    3.09168e-07
xdut.xr1.x2.a__t0                      3.62999
xdut.xr1.x2.y__t0                  3.55763e-07
xdut.xr1.x2.vddr__t0                      3.63
xdut.xr1.x2.vss__t0                3.81671e-10
xdut.xr1.x2.vddr__t1                      3.63
xdut.xr1.x2.vss__t1                          0
xdut.xr1.x2.\$6                           3.63
xdut.xr1.x2.\$7                        3.53452
xdut.xr1.x2.a__t1                      3.62999
xdut.xr1.x2.y__t1                  3.55768e-07
xdut.xr1.n3                        3.55766e-07
xdut.xr1.x3.\$5                    1.14802e-06
xdut.xr1.x3.a__t0                  3.55766e-07
xdut.xr1.x3.y__t0                         3.63
xdut.xr1.x3.vddr__t0                      3.63
xdut.xr1.x3.vss__t0                1.27514e-09
xdut.xr1.x3.vddr__t1                      3.63
xdut.xr1.x3.vss__t1                          0
xdut.xr1.x3.\$6                           3.63
xdut.xr1.x3.\$7                           3.63
xdut.xr1.x3.a__t1                  3.55766e-07
xdut.xr1.x3.y__t1                         3.63
xdut.xr1.n4                               3.63
xdut.xr1.x4.\$5                    3.03306e-07
xdut.xr1.x4.a__t0                         3.63
xdut.xr1.x4.y__t0                  3.48518e-07
xdut.xr1.x4.vddr__t0                      3.63
xdut.xr1.x4.vss__t0                 3.7175e-10
xdut.xr1.x4.vddr__t1                      3.63
xdut.xr1.x4.vss__t1                          0
xdut.xr1.x4.\$6                           3.63
xdut.xr1.x4.\$7                        3.53453
xdut.xr1.x4.a__t1                         3.63
xdut.xr1.x4.y__t1                  3.48522e-07
xdut.xr1.n5                         3.4852e-07
xdut.xr1.x5.\$5                     6.8547e-07
xdut.xr1.x5.a__t0                   3.4852e-07
xdut.xr1.x5.y__t0                         3.63
xdut.xr1.x5.vddr__t0                      3.63
xdut.xr1.x5.vss__t0                7.78202e-10
xdut.xr1.x5.vddr__t1                      3.63
xdut.xr1.x5.vss__t1                          0
xdut.xr1.x5.\$6                           3.63
xdut.xr1.x5.\$7                           3.63
xdut.xr1.x5.a__t1                   3.4852e-07
xdut.xr1.x5.y__t1                         3.63
xdut.xr1.n6                               3.63
xdut.xr1.x6.\$5                      3.167e-07
xdut.xr1.x6.a__t0                         3.63
xdut.xr1.x6.y__t0                  3.64702e-07
xdut.xr1.x6.vddr__t0                      3.63
xdut.xr1.x6.vss__t0                3.85465e-10
xdut.xr1.x6.vddr__t1                      3.63
xdut.xr1.x6.vss__t1                          0
xdut.xr1.x6.\$6                           3.63
xdut.xr1.x6.\$7                        3.53452
xdut.xr1.x6.a__t1                         3.63
xdut.xr1.x6.y__t1                  3.64706e-07
xdut.xr1.n7                        3.64704e-07
xdut.xr1.x7.\$5                    1.42903e-06
xdut.xr1.x7.a__t0                  3.64704e-07
xdut.xr1.x7.y__t0                      3.62999
xdut.xr1.x7.vddr__t0                      3.63
xdut.xr1.x7.vss__t0                1.56851e-09
xdut.xr1.x7.vddr__t1                      3.63
xdut.xr1.x7.vss__t1                          0
xdut.xr1.x7.\$6                           3.63
xdut.xr1.x7.\$7                           3.63
xdut.xr1.x7.a__t1                  3.64704e-07
xdut.xr1.x7.y__t1                      3.62999
xdut.xr1.n8                            3.62999
xdut.xr1.x8.\$5                    3.65879e-07
xdut.xr1.x8.a__t0                      3.62999
xdut.xr1.x8.y__t0                  4.22445e-07
xdut.xr1.x8.vddr__t0                      3.63
xdut.xr1.x8.vss__t0                4.42697e-10
xdut.xr1.x8.vddr__t1                      3.63
xdut.xr1.x8.vss__t1                          0
xdut.xr1.x8.\$6                           3.63
xdut.xr1.x8.\$7                        3.53447
xdut.xr1.x8.a__t1                      3.62999
xdut.xr1.x8.y__t1                   4.2245e-07
xdut.xr1.n9                        4.22448e-07
xdut.xr1.x9.\$5                    2.22046e-06
xdut.xr1.x9.a__t0                  4.22448e-07
xdut.xr1.x9.y__t0                      3.62999
xdut.xr1.x9.vddr__t0                      3.63
xdut.xr1.x9.vss__t0                2.40599e-09
xdut.xr1.x9.vddr__t1                      3.63
xdut.xr1.x9.vss__t1                          0
xdut.xr1.x9.\$6                        3.62999
xdut.xr1.x9.\$7                           3.63
xdut.xr1.x9.a__t1                  4.22448e-07
xdut.xr1.x9.y__t1                      3.62999
xdut.xr1.n10                           3.62999
xdut.xr1.x10.\$5                   3.66889e-07
xdut.xr1.x10.a__t0                     3.62999
xdut.xr1.x10.y__t0                 4.21761e-07
xdut.xr1.x10.vddr__t0                     3.63
xdut.xr1.x10.vss__t0               4.37888e-10
xdut.xr1.x10.vddr__t1                     3.63
xdut.xr1.x10.vss__t1                         0
xdut.xr1.x10.\$6                          3.63
xdut.xr1.x10.\$7                       3.53448
xdut.xr1.x10.a__t1                     3.62999
xdut.xr1.x10.y__t1                 4.21767e-07
xdut.xr2.xg.vss__t0                2.55501e-10
xdut.xr2.xg.vddr__t0                      3.63
xdut.xr2.xg.\$8                    7.70839e-08
xdut.xr2.xg.\$7                     8.0828e-08
xdut.xr2.xg.a__t0                  3.38213e-07
xdut.xr2.xg.y__t0                  3.12656e-13
xdut.xr2.xg.en__t0                        3.63
xdut.xr2.xg.\$5__t1                    1.71341
xdut.xr2.xg.vss__t1                          0
xdut.xr2.xg.vddr__t1                   3.62966
xdut.xr2.xg.\$9                        3.47713
xdut.xr2.xg.y__t1                  1.84071e-06
xdut.xr2.xg.a__t1                  3.38213e-07
xdut.xr2.xg.\$5__t2                     1.7134
xdut.xr2.xg.\$5__t0                     1.7134
xdut.xr2.xg.en__t1                        3.63
xdut.xr2.xg.y__t2                  1.05172e-12
xdut.xr2.xg.\$5                         1.7134
xdut.rn2                           3.38213e-07
xdut.xr2.n1                                  0
xdut.xr2.x1.\$5                    1.52682e-06
xdut.xr2.x1.a__t0                            0
xdut.xr2.x1.y__t0                      3.62999
xdut.xr2.x1.vss__t0                1.83985e-09
xdut.xr2.x1.vddr__t0                      3.63
xdut.xr2.x1.vddr__t1                      3.63
xdut.xr2.x1.vss__t1                          0
xdut.xr2.x1.\$6                        3.62999
xdut.xr2.x1.\$7                           3.63
xdut.xr2.x1.a__t1                            0
xdut.xr2.x1.y__t1                      3.62999
xdut.xr2.n2                            3.62999
xdut.xr2.x2.\$5                    3.30214e-07
xdut.xr2.x2.a__t0                      3.62999
xdut.xr2.x2.y__t0                  3.82286e-07
xdut.xr2.x2.vss__t0                4.32091e-10
xdut.xr2.x2.vddr__t0                      3.63
xdut.xr2.x2.vddr__t1                      3.63
xdut.xr2.x2.vss__t1                          0
xdut.xr2.x2.\$6                           3.63
xdut.xr2.x2.\$7                        3.53413
xdut.xr2.x2.a__t1                      3.62999
xdut.xr2.x2.y__t1                  3.82291e-07
xdut.xr2.n3                        3.82289e-07
xdut.xr2.x3.\$5                    9.39837e-07
xdut.xr2.x3.a__t0                  3.82289e-07
xdut.xr2.x3.y__t0                         3.63
xdut.xr2.x3.vss__t0                1.15243e-09
xdut.xr2.x3.vddr__t0                      3.63
xdut.xr2.x3.vddr__t1                      3.63
xdut.xr2.x3.vss__t1                          0
xdut.xr2.x3.\$6                           3.63
xdut.xr2.x3.\$7                           3.63
xdut.xr2.x3.a__t1                  3.82289e-07
xdut.xr2.x3.y__t1                         3.63
xdut.xr2.n4                               3.63
xdut.xr2.x4.\$5                    3.41395e-07
xdut.xr2.x4.a__t0                         3.63
xdut.xr2.x4.y__t0                   3.9666e-07
xdut.xr2.x4.vss__t0                4.49274e-10
xdut.xr2.x4.vddr__t0                      3.63
xdut.xr2.x4.vddr__t1                      3.63
xdut.xr2.x4.vss__t1                          0
xdut.xr2.x4.\$6                           3.63
xdut.xr2.x4.\$7                        3.53412
xdut.xr2.x4.a__t1                         3.63
xdut.xr2.x4.y__t1                  3.96665e-07
xdut.xr2.n5                        3.96662e-07
xdut.xr2.x5.\$5                    1.65045e-06
xdut.xr2.x5.a__t0                  3.96662e-07
xdut.xr2.x5.y__t0                      3.62999
xdut.xr2.x5.vss__t0                1.99074e-09
xdut.xr2.x5.vddr__t0                      3.63
xdut.xr2.x5.vddr__t1                      3.63
xdut.xr2.x5.vss__t1                          0
xdut.xr2.x5.\$6                        3.62999
xdut.xr2.x5.\$7                           3.63
xdut.xr2.x5.a__t1                  3.96662e-07
xdut.xr2.x5.y__t1                      3.62999
xdut.xr2.n6                            3.62999
xdut.xr2.x6.\$5                    3.32333e-07
xdut.xr2.x6.a__t0                      3.62999
xdut.xr2.x6.y__t0                  3.86988e-07
xdut.xr2.x6.vss__t0                4.41062e-10
xdut.xr2.x6.vddr__t0                      3.63
xdut.xr2.x6.vddr__t1                      3.63
xdut.xr2.x6.vss__t1                          0
xdut.xr2.x6.\$6                           3.63
xdut.xr2.x6.\$7                        3.53413
xdut.xr2.x6.a__t1                      3.62999
xdut.xr2.x6.y__t1                  3.86992e-07
xdut.xr2.n7                         3.8699e-07
xdut.xr2.x7.\$5                    2.86002e-07
xdut.xr2.x7.a__t0                   3.8699e-07
xdut.xr2.x7.y__t0                         3.63
xdut.xr2.x7.vss__t0                3.81995e-10
xdut.xr2.x7.vddr__t0                      3.63
xdut.xr2.x7.vddr__t1                      3.63
xdut.xr2.x7.vss__t1                          0
xdut.xr2.x7.\$6                           3.63
xdut.xr2.x7.\$7                           3.63
xdut.xr2.x7.a__t1                   3.8699e-07
xdut.xr2.x7.y__t1                         3.63
xdut.xr2.n8                               3.63
xdut.xr2.x8.\$5                    3.40553e-07
xdut.xr2.x8.a__t0                         3.63
xdut.xr2.x8.y__t0                  3.95032e-07
xdut.xr2.x8.vss__t0                4.48835e-10
xdut.xr2.x8.vddr__t0                      3.63
xdut.xr2.x8.vddr__t1                      3.63
xdut.xr2.x8.vss__t1                          0
xdut.xr2.x8.\$6                           3.63
xdut.xr2.x8.\$7                        3.53412
xdut.xr2.x8.a__t1                         3.63
xdut.xr2.x8.y__t1                  3.95037e-07
xdut.xr2.n9                        3.95035e-07
xdut.xr2.x9.\$5                    2.01852e-06
xdut.xr2.x9.a__t0                  3.95035e-07
xdut.xr2.x9.y__t0                      3.62999
xdut.xr2.x9.vss__t0                2.40615e-09
xdut.xr2.x9.vddr__t0                      3.63
xdut.xr2.x9.vddr__t1                      3.63
xdut.xr2.x9.vss__t1                          0
xdut.xr2.x9.\$6                        3.62999
xdut.xr2.x9.\$7                           3.63
xdut.xr2.x9.a__t1                  3.95035e-07
xdut.xr2.x9.y__t1                      3.62999
xdut.xr2.n10                           3.62999
xdut.xr2.x10.\$5                   2.93481e-07
xdut.xr2.x10.a__t0                     3.62999
xdut.xr2.x10.y__t0                 3.38211e-07
xdut.xr2.x10.vss__t0               3.87163e-10
xdut.xr2.x10.vddr__t0                     3.63
xdut.xr2.x10.vddr__t1                     3.63
xdut.xr2.x10.vss__t1                         0
xdut.xr2.x10.\$6                          3.63
xdut.xr2.x10.\$7                       3.53417
xdut.xr2.x10.a__t1                     3.62999
xdut.xr2.x10.y__t1                 3.38215e-07
xdut.xb1.vss__t0                   6.64838e-13
xdut.xb1.a__t0                     4.21764e-07
xdut.xb1.y__t0                            3.63
xdut.xb1.vdd__t0                          3.63
xdut.xb1.a__t1                     4.21764e-07
xdut.xb1.y__t1                            3.63
xdut.xb1.\$5                              3.63
ro1                                       3.63
xdut.xb2.vss__t0                   2.24485e-12
xdut.xb2.a__t0                     3.38213e-07
xdut.xb2.y__t0                            3.63
xdut.xb2.vdd__t0                          3.63
xdut.xb2.a__t1                     3.38213e-07
xdut.xb2.y__t1                            3.63
xdut.xb2.\$5                              3.63
ro2                                       3.63
xdut.xa1.\$2__t0                    6.3665e-08
xdut.xa1.a__t0                            3.63
xdut.xa1.vss__t0                   3.68908e-11
xdut.xa1.\$3__t3                   5.35268e-08
xdut.xa1.b__t1                            3.63
xdut.xa1.vss__t3                   1.75938e-11
xdut.xa1.y__t3                      2.6239e-07
xdut.xa1.a__t3                            3.63
xdut.xa1.\$4__t1                   1.38402e-07
xdut.xa1.\$4__t0                   1.38198e-07
xdut.xa1.b__t3                            3.63
xdut.xa1.vss__t1                   4.10442e-11
xdut.xa1.y__t2                     2.62515e-07
xdut.xa1.\$2__t1                   6.40209e-08
xdut.xa1.\$6__t1                     0.0151123
xdut.xa1.\$6__t0                     0.0151123
xdut.xa1.\$3__t2                   5.38195e-08
xdut.xa1.vss__t2                   7.08592e-12
xdut.xa1.\$2__t2                    6.4116e-08
xdut.xa1.a__t1                            3.63
xdut.xa1.vdd__t0                          3.63
xdut.xa1.\$11                          3.50699
xdut.xa1.\$3__t1                   5.38977e-08
xdut.xa1.b__t0                            3.63
xdut.xa1.vdd__t3                          3.63
xdut.xa1.\$8__t3                      0.755126
xdut.xa1.a__t2                            3.63
xdut.xa1.vdd__t1                          3.63
xdut.xa1.\$8__t2                      0.755126
xdut.xa1.b__t2                            3.63
xdut.xa1.vdd__t2                          3.63
xdut.xa1.y__t0                      2.6256e-07
xdut.xa1.\$2__t3                   6.40209e-08
xdut.xa1.\$8__t1                      0.755126
xdut.xa1.y__t1                      2.6255e-07
xdut.xa1.\$3__t0                   5.38195e-08
xdut.xa1.\$8__t0                      0.755126
xdut.xa1.\$2                       6.40209e-08
xdut.xa1.\$3                       5.38195e-08
xdut.xa1.\$4                         1.383e-07
xdut.xa1.\$6                         0.0151123
xdut.xa1.\$8                          0.755126
xo                                 2.62511e-07
q1                                -8.08594e-16
q2                                -8.66905e-16
qt                                -7.89007e-21
vth                                      1.815
bvth#branch                                  0
vtr#branch                         7.89007e-11
vr2#branch                         8.66905e-06
vr1#branch                         8.08594e-06
ven#branch                        -8.32667e-17
vsup#branch                       -1.67551e-05

 Reference value :  6.92800e-11
 Reference value :  2.50280e-10
 Reference value :  4.29280e-10
 Reference value :  5.59280e-10
 Reference value :  5.90280e-10
 Reference value :  6.70280e-10
 Reference value :  8.35280e-10
 Reference value :  1.01028e-09
 Reference value :  1.10328e-09
 Reference value :  1.21828e-09
 Reference value :  1.24028e-09
 Reference value :  1.27528e-09
 Reference value :  1.41428e-09
 Reference value :  1.56628e-09
 Reference value :  1.74428e-09
 Reference value :  1.87228e-09
 Reference value :  2.02728e-09
 Reference value :  2.16028e-09
 Reference value :  2.32428e-09
 Reference value :  2.34528e-09
 Reference value :  2.41528e-09
 Reference value :  2.57228e-09
 Reference value :  2.75128e-09
 Reference value :  2.85228e-09
 Reference value :  3.02628e-09
 Reference value :  3.19628e-09
 Reference value :  3.36028e-09
 Reference value :  3.53828e-09
 Reference value :  3.69928e-09
 Reference value :  3.88228e-09
 Reference value :  4.06328e-09
 Reference value :  4.23428e-09
 Reference value :  4.41328e-09
 Reference value :  4.55528e-09
 Reference value :  4.63828e-09
 Reference value :  4.68228e-09
 Reference value :  4.85628e-09
 Reference value :  5.00428e-09
 Reference value :  5.17928e-09
 Reference value :  5.36028e-09
 Reference value :  5.52828e-09
 Reference value :  5.59928e-09
 Reference value :  5.66428e-09
 Reference value :  5.82628e-09
 Reference value :  5.97428e-09
 Reference value :  6.14628e-09
 Reference value :  6.30728e-09
 Reference value :  6.46728e-09
 Reference value :  6.54428e-09
 Reference value :  6.58328e-09
 Reference value :  6.75228e-09
 Reference value :  6.92828e-09
 Reference value :  7.09828e-09
 Reference value :  7.27428e-09
 Reference value :  7.43728e-09
 Reference value :  7.58328e-09
 Reference value :  7.70228e-09
 Reference value :  7.72228e-09
 Reference value :  7.72628e-09
 Reference value :  7.81828e-09
 Reference value :  7.98228e-09
 Reference value :  8.15728e-09
 Reference value :  8.32828e-09
 Reference value :  8.48628e-09
 Reference value :  8.66228e-09
 Reference value :  8.81728e-09
 Reference value :  8.88328e-09
 Reference value :  8.90428e-09
 Reference value :  8.99528e-09
 Reference value :  9.17028e-09
 Reference value :  9.32528e-09
 Reference value :  9.49928e-09
 Reference value :  9.66128e-09
 Reference value :  9.83528e-09
 Reference value :  1.00093e-08
 Reference value :  1.00823e-08
 Reference value :  1.01503e-08
 Reference value :  1.02743e-08
 Reference value :  1.03143e-08
 Reference value :  1.04593e-08
 Reference value :  1.06373e-08
 Reference value :  1.07933e-08
 Reference value :  1.08463e-08
 Reference value :  1.08573e-08
 Reference value :  1.09363e-08
 Reference value :  1.11143e-08
 Reference value :  1.12663e-08
 Reference value :  1.14443e-08
 Reference value :  1.15923e-08
 Reference value :  1.17593e-08
 Reference value :  1.19333e-08
 Reference value :  1.20943e-08
 Reference value :  1.22293e-08
 Reference value :  1.22783e-08
 Reference value :  1.23913e-08
 Reference value :  1.25513e-08
 Reference value :  1.27113e-08
 Reference value :  1.27293e-08
 Reference value :  1.28633e-08
 Reference value :  1.30413e-08
 Reference value :  1.31443e-08
 Reference value :  1.31673e-08
 Reference value :  1.32253e-08
 Reference value :  1.33993e-08
 Reference value :  1.35673e-08
 Reference value :  1.37403e-08
 Reference value :  1.39113e-08
 Reference value :  1.40583e-08
 Reference value :  1.40683e-08
 Reference value :  1.41203e-08
 Reference value :  1.42773e-08
 Reference value :  1.44103e-08
 Reference value :  1.45883e-08
 Reference value :  1.47583e-08
 Reference value :  1.49353e-08
 Reference value :  1.50883e-08
 Reference value :  1.51533e-08
 Reference value :  1.52343e-08
 Reference value :  1.53923e-08
 Reference value :  1.55663e-08
 Reference value :  1.57383e-08
 Reference value :  1.58903e-08
 Reference value :  1.60693e-08
 Reference value :  1.62293e-08
 Reference value :  1.62613e-08
 Reference value :  1.64153e-08
 Reference value :  1.65713e-08
 Reference value :  1.66233e-08
 Reference value :  1.66853e-08
 Reference value :  1.68633e-08
 Reference value :  1.69583e-08
 Reference value :  1.70393e-08
 Reference value :  1.71933e-08
 Reference value :  1.73693e-08
 Reference value :  1.75203e-08
 Reference value :  1.75503e-08
 Reference value :  1.75713e-08
 Reference value :  1.76593e-08
 Reference value :  1.77723e-08
 Reference value :  1.78873e-08
 Reference value :  1.79253e-08
 Reference value :  1.79283e-08
 Reference value :  1.79313e-08
 Reference value :  1.79343e-08
 Reference value :  1.79383e-08
 Reference value :  1.79423e-08
 Reference value :  1.79463e-08
 Reference value :  1.79503e-08
 Reference value :  1.79543e-08
 Reference value :  1.79583e-08
 Reference value :  1.79623e-08
 Reference value :  1.79663e-08
 Reference value :  1.79703e-08
 Reference value :  1.79733e-08
 Reference value :  1.79773e-08
 Reference value :  1.79853e-08
 Reference value :  1.79893e-08
 Reference value :  1.79933e-08
 Reference value :  1.79973e-08
 Reference value :  1.80003e-08
 Reference value :  1.80043e-08
 Reference value :  1.80083e-08
 Reference value :  1.80123e-08
 Reference value :  1.80163e-08
 Reference value :  1.80203e-08
 Reference value :  1.80243e-08
 Reference value :  1.80293e-08
 Reference value :  1.80333e-08
 Reference value :  1.80373e-08
 Reference value :  1.80413e-08
 Reference value :  1.80453e-08
 Reference value :  1.80483e-08
 Reference value :  1.80523e-08
 Reference value :  1.80563e-08
 Reference value :  1.80603e-08
 Reference value :  1.80723e-08
 Reference value :  1.80773e-08
 Reference value :  1.80803e-08
 Reference value :  1.80833e-08
 Reference value :  1.81023e-08
 Reference value :  1.81063e-08
 Reference value :  1.81103e-08
 Reference value :  1.81393e-08
 Reference value :  1.81803e-08
 Reference value :  1.83083e-08
 Reference value :  1.84543e-08
 Reference value :  1.86193e-08
 Reference value :  1.87973e-08
 Reference value :  1.89453e-08
 Reference value :  1.91193e-08
 Reference value :  1.92393e-08
 Reference value :  1.92883e-08
 Reference value :  1.93063e-08
 Reference value :  1.94773e-08
 Reference value :  1.96493e-08
 Reference value :  1.97983e-08
 Reference value :  1.99133e-08
 Reference value :  2.00403e-08
 Reference value :  2.02093e-08
 Reference value :  2.03253e-08
 Reference value :  2.03903e-08
 Reference value :  2.05223e-08
 Reference value :  2.06743e-08
 Reference value :  2.08443e-08
 Reference value :  2.09993e-08
 Reference value :  2.11753e-08
 Reference value :  2.13163e-08
 Reference value :  2.13943e-08
 Reference value :  2.14453e-08
 Reference value :  2.15963e-08
 Reference value :  2.17713e-08
 Reference value :  2.19313e-08
 Reference value :  2.21033e-08
 Reference value :  2.22653e-08
 Reference value :  2.23553e-08
 Reference value :  2.23843e-08
 Reference value :  2.25523e-08
 Reference value :  2.27233e-08
 Reference value :  2.28153e-08
 Reference value :  2.29843e-08
 Reference value :  2.31393e-08
 Reference value :  2.33173e-08
 Reference value :  2.34753e-08
 Reference value :  2.35813e-08
 Reference value :  2.36373e-08
 Reference value :  2.37803e-08
 Reference value :  2.39523e-08
 Reference value :  2.41043e-08
 Reference value :  2.42823e-08
 Reference value :  2.44433e-08
 Reference value :  2.46163e-08
 Reference value :  2.47833e-08
 Reference value :  2.48683e-08
 Reference value :  2.48923e-08
 Reference value :  2.50603e-08
 Reference value :  2.52323e-08
 Reference value :  2.53733e-08
 Reference value :  2.55463e-08
 Reference value :  2.56893e-08
 Reference value :  2.58643e-08
 Reference value :  2.59163e-08
 Reference value :  2.59883e-08
 Reference value :  2.61623e-08
 Reference value :  2.63193e-08
 Reference value :  2.64903e-08
 Reference value :  2.66483e-08
 Reference value :  2.68263e-08
 Reference value :  2.69923e-08
 Reference value :  2.71363e-08
 Reference value :  2.71983e-08
 Reference value :  2.72493e-08
 Reference value :  2.73903e-08
 Reference value :  2.75513e-08
 Reference value :  2.77283e-08
 Reference value :  2.78853e-08
 Reference value :  2.80643e-08
 Reference value :  2.82383e-08
 Reference value :  2.83973e-08
 Reference value :  2.85753e-08
 Reference value :  2.87043e-08
 Reference value :  2.87203e-08
 Reference value :  2.88153e-08
 Reference value :  2.89933e-08
 Reference value :  2.91693e-08
 Reference value :  2.93263e-08
 Reference value :  2.94863e-08
 Reference value :  2.96403e-08
 Reference value :  2.98093e-08
 Reference value :  2.99783e-08
 Reference value :  3.01553e-08
 Reference value :  3.03013e-08
 Reference value :  3.04383e-08
 Reference value :  3.06083e-08
 Reference value :  3.07323e-08
 Reference value :  3.09133e-08
 Reference value :  3.10633e-08
 Reference value :  3.12163e-08
 Reference value :  3.13923e-08
 Reference value :  3.15573e-08
 Reference value :  3.17243e-08
 Reference value :  3.18833e-08
 Reference value :  3.19583e-08
 Reference value :  3.20093e-08
 Reference value :  3.21053e-08
 Reference value :  3.21253e-08
 Reference value :  3.22153e-08
 Reference value :  3.22283e-08
 Reference value :  3.23073e-08
 Reference value :  3.23803e-08
 Reference value :  3.24673e-08
 Reference value :  3.25043e-08
 Reference value :  3.25513e-08
 Reference value :  3.27123e-08
 Reference value :  3.28813e-08
 Reference value :  3.30213e-08
 Reference value :  3.30553e-08
 Reference value :  3.31913e-08
 Reference value :  3.33623e-08
 Reference value :  3.35413e-08
 Reference value :  3.36973e-08
 Reference value :  3.38523e-08
 Reference value :  3.39783e-08
 Reference value :  3.41433e-08
 Reference value :  3.43033e-08
 Reference value :  3.44693e-08
 Reference value :  3.46343e-08
 Reference value :  3.47913e-08
 Reference value :  3.49323e-08
 Reference value :  3.50803e-08
 Reference value :  3.52553e-08
 Reference value :  3.54263e-08
 Reference value :  3.55823e-08
 Reference value :  3.57593e-08
 Reference value :  3.59173e-08
 Reference value :  3.60693e-08
 Reference value :  3.62163e-08
 Reference value :  3.63813e-08
 Reference value :  3.65603e-08
 Reference value :  3.67163e-08
 Reference value :  3.67493e-08
 Reference value :  3.68083e-08
 Reference value :  3.68843e-08
 Reference value :  3.69553e-08
 Reference value :  3.70203e-08
 Reference value :  3.70363e-08
 Reference value :  3.70463e-08
 Reference value :  3.70693e-08
 Reference value :  3.71083e-08
 Reference value :  3.71483e-08
 Reference value :  3.71733e-08
 Reference value :  3.72603e-08
 Reference value :  3.73353e-08
 Reference value :  3.73483e-08
 Reference value :  3.74413e-08
 Reference value :  3.74693e-08
 Reference value :  3.74733e-08
 Reference value :  3.75193e-08
 Reference value :  3.76933e-08
 Reference value :  3.78193e-08
 Reference value :  3.79063e-08
 Reference value :  3.79513e-08
 Reference value :  3.81013e-08
 Reference value :  3.82573e-08
 Reference value :  3.84253e-08
 Reference value :  3.85083e-08
 Reference value :  3.86693e-08
 Reference value :  3.88303e-08
 Reference value :  3.89813e-08
 Reference value :  3.91573e-08
 Reference value :  3.93113e-08
 Reference value :  3.94823e-08
 Reference value :  3.96593e-08
 Reference value :  3.97383e-08
 Reference value :  3.99123e-08
 Reference value :  4.00653e-08
 Reference value :  4.02403e-08
 Reference value :  4.03753e-08
 Reference value :  4.04033e-08
 Reference value :  4.04133e-08
 Reference value :  4.05123e-08
 Reference value :  4.05863e-08
 Reference value :  4.06753e-08
 Reference value :  4.07673e-08
 Reference value :  4.08563e-08
 Reference value :  4.09013e-08
 Reference value :  4.09993e-08
 Reference value :  4.10513e-08
 Reference value :  4.11693e-08
 Reference value :  4.13453e-08
 Reference value :  4.15163e-08
 Reference value :  4.16743e-08
 Reference value :  4.18533e-08
 Reference value :  4.20053e-08
 Reference value :  4.20183e-08
 Reference value :  4.21923e-08
 Reference value :  4.23543e-08
 Reference value :  4.25223e-08
 Reference value :  4.26603e-08
 Reference value :  4.26933e-08
 Reference value :  4.27713e-08
 Reference value :  4.28833e-08
 Reference value :  4.29483e-08
 Reference value :  4.30403e-08
 Reference value :  4.30943e-08
 Reference value :  4.31643e-08
 Reference value :  4.31833e-08
 Reference value :  4.32333e-08
 Reference value :  4.33473e-08
 Reference value :  4.34993e-08
 Reference value :  4.36693e-08
 Reference value :  4.38493e-08
 Reference value :  4.40063e-08
 Reference value :  4.41793e-08
 Reference value :  4.42733e-08
 Reference value :  4.44123e-08
 Reference value :  4.45633e-08
 Reference value :  4.47373e-08
 Reference value :  4.49053e-08
 Reference value :  4.50593e-08
 Reference value :  4.52393e-08
 Reference value :  4.53923e-08
 Reference value :  4.55473e-08
 Reference value :  4.55913e-08
 Reference value :  4.56723e-08
 Reference value :  4.57683e-08
 Reference value :  4.58703e-08
 Reference value :  4.59673e-08
 Reference value :  4.60423e-08
 Reference value :  4.61233e-08
 Reference value :  4.61773e-08
 Reference value :  4.62023e-08
 Reference value :  4.62343e-08
 Reference value :  4.62733e-08
 Reference value :  4.63483e-08
 Reference value :  4.65083e-08
 Reference value :  4.66853e-08
 Reference value :  4.68423e-08
 Reference value :  4.70013e-08
 Reference value :  4.71623e-08
 Reference value :  4.73023e-08
 Reference value :  4.73463e-08
 Reference value :  4.75133e-08
 Reference value :  4.76573e-08
 Reference value :  4.77753e-08
 Reference value :  4.79223e-08
 Reference value :  4.80803e-08
 Reference value :  4.82483e-08
 Reference value :  4.83843e-08
 Reference value :  4.85623e-08
 Reference value :  4.87103e-08
 Reference value :  4.88733e-08
 Reference value :  4.90543e-08
 Reference value :  4.92093e-08
 Reference value :  4.93903e-08
 Reference value :  4.95333e-08
 Reference value :  4.97133e-08
 Reference value :  4.98953e-08
 Reference value :  5.00503e-08
 Reference value :  5.01043e-08
 Reference value :  5.02643e-08
 Reference value :  5.04463e-08
 Reference value :  5.05713e-08
 Reference value :  5.06433e-08
 Reference value :  5.07493e-08
 Reference value :  5.08353e-08
 Reference value :  5.09073e-08
 Reference value :  5.09843e-08
 Reference value :  5.10613e-08
 Reference value :  5.11623e-08
 Reference value :  5.12673e-08
 Reference value :  5.14393e-08
 Reference value :  5.15363e-08
 Reference value :  5.17033e-08
 Reference value :  5.18423e-08
 Reference value :  5.19513e-08
 Reference value :  5.20633e-08
 Reference value :  5.20943e-08
 Reference value :  5.21593e-08
 Reference value :  5.22213e-08
 Reference value :  5.22853e-08
 Reference value :  5.23503e-08
 Reference value :  5.24223e-08
 Reference value :  5.24943e-08
 Reference value :  5.25043e-08
 Reference value :  5.25503e-08
 Reference value :  5.27033e-08
 Reference value :  5.28773e-08
 Reference value :  5.30363e-08
 Reference value :  5.32073e-08
 Reference value :  5.33653e-08
 Reference value :  5.35433e-08
 Reference value :  5.36993e-08
 Reference value :  5.38343e-08
 Reference value :  5.39213e-08
 Reference value :  5.39643e-08
 Reference value :  5.41243e-08
 Reference value :  5.42833e-08
 Reference value :  5.44603e-08
 Reference value :  5.46253e-08
 Reference value :  5.47813e-08
 Reference value :  5.48143e-08
 Reference value :  5.48983e-08
 Reference value :  5.49963e-08
 Reference value :  5.50733e-08
 Reference value :  5.51543e-08
 Reference value :  5.52123e-08
 Reference value :  5.53213e-08
 Reference value :  5.53663e-08
 Reference value :  5.54243e-08
 Reference value :  5.54703e-08
 Reference value :  5.56163e-08
 Reference value :  5.57293e-08
 Reference value :  5.58813e-08
 Reference value :  5.60573e-08
 Reference value :  5.62053e-08
 Reference value :  5.62413e-08
 Reference value :  5.63993e-08
 Reference value :  5.65703e-08
 Reference value :  5.67373e-08
 Reference value :  5.69003e-08
 Reference value :  5.70653e-08
 Reference value :  5.72273e-08
 Reference value :  5.73813e-08
 Reference value :  5.75523e-08
 Reference value :  5.77193e-08
 Reference value :  5.78923e-08
 Reference value :  5.80613e-08
 Reference value :  5.82333e-08
 Reference value :  5.83213e-08
 Reference value :  5.83763e-08
 Reference value :  5.84873e-08
 Reference value :  5.85663e-08
 Reference value :  5.87183e-08
 Reference value :  5.88753e-08
 Reference value :  5.90303e-08
 Reference value :  5.91763e-08
 Reference value :  5.93213e-08
 Reference value :  5.94713e-08
 Reference value :  5.96453e-08
 Reference value :  5.97583e-08
 Reference value :  5.98173e-08
 Reference value :  5.99743e-08
 Reference value :  6.01373e-08
 Reference value :  6.03133e-08
 Reference value :  6.04693e-08
 Reference value :  6.06473e-08
 Reference value :  6.08143e-08
 Reference value :  6.09253e-08
 Reference value :  6.09913e-08
 Reference value :  6.11263e-08
 Reference value :  6.13073e-08
 Reference value :  6.14663e-08
 Reference value :  6.16213e-08
 Reference value :  6.16753e-08
 Reference value :  6.17743e-08
 Reference value :  6.19493e-08
 Reference value :  6.21213e-08
 Reference value :  6.22733e-08
 Reference value :  6.24343e-08
 Reference value :  6.25013e-08
 Reference value :  6.25673e-08
 Reference value :  6.27463e-08
 Reference value :  6.29213e-08
 Reference value :  6.30833e-08
 Reference value :  6.32613e-08
 Reference value :  6.34293e-08
 Reference value :  6.36013e-08
 Reference value :  6.37483e-08
 Reference value :  6.38433e-08
 Reference value :  6.39623e-08
 Reference value :  6.41233e-08
 Reference value :  6.42973e-08
 Reference value :  6.44683e-08
 Reference value :  6.46453e-08
 Reference value :  6.48033e-08
 Reference value :  6.49593e-08
 Reference value :  6.50503e-08
 Reference value :  6.50803e-08
 Reference value :  6.51553e-08
 Reference value :  6.53053e-08
 Reference value :  6.54743e-08
 Reference value :  6.56253e-08
 Reference value :  6.57863e-08
 Reference value :  6.59193e-08
 Reference value :  6.60203e-08
 Reference value :  6.61173e-08
 Reference value :  6.62863e-08
 Reference value :  6.63913e-08
 Reference value :  6.65143e-08
 Reference value :  6.65183e-08
 Reference value :  6.65383e-08
 Reference value :  6.65453e-08
 Reference value :  6.65503e-08
 Reference value :  6.65533e-08
 Reference value :  6.65573e-08
 Reference value :  6.65613e-08
 Reference value :  6.65673e-08
 Reference value :  6.65713e-08
 Reference value :  6.65753e-08
 Reference value :  6.66283e-08
 Reference value :  6.66313e-08
 Reference value :  6.66343e-08
 Reference value :  6.66383e-08
 Reference value :  6.67123e-08
 Reference value :  6.68403e-08
 Reference value :  6.68603e-08
 Reference value :  6.70093e-08
 Reference value :  6.70633e-08
 Reference value :  6.71223e-08
 Reference value :  6.73053e-08
 Reference value :  6.73673e-08
 Reference value :  6.74413e-08
 Reference value :  6.74843e-08
 Reference value :  6.76273e-08
 Reference value :  6.78023e-08
 Reference value :  6.79493e-08
 Reference value :  6.80393e-08
 Reference value :  6.81733e-08
 Reference value :  6.83463e-08
 Reference value :  6.84903e-08
 Reference value :  6.85873e-08
 Reference value :  6.85963e-08
 Reference value :  6.86713e-08
 Reference value :  6.88333e-08
 Reference value :  6.89943e-08
 Reference value :  6.91713e-08
 Reference value :  6.93393e-08
 Reference value :  6.94923e-08
 Reference value :  6.96653e-08
 Reference value :  6.97613e-08
 Reference value :  6.98853e-08
 Reference value :  6.99443e-08
 Reference value :  7.01153e-08
 Reference value :  7.02693e-08
 Reference value :  7.04343e-08
 Reference value :  7.05173e-08
 Reference value :  7.06103e-08
 Reference value :  7.07873e-08
 Reference value :  7.09443e-08
 Reference value :  7.11243e-08
 Reference value :  7.12983e-08
 Reference value :  7.13853e-08
 Reference value :  7.15263e-08
 Reference value :  7.16783e-08
 Reference value :  7.18543e-08
 Reference value :  7.20033e-08
 Reference value :  7.20713e-08
 Reference value :  7.20933e-08
 Reference value :  7.22663e-08
 Reference value :  7.24433e-08
 Reference value :  7.26023e-08
 Reference value :  7.27253e-08
 Reference value :  7.28263e-08
 Reference value :  7.29193e-08
 Reference value :  7.29903e-08
 Reference value :  7.31673e-08
 Reference value :  7.32433e-08
 Reference value :  7.32803e-08
 Reference value :  7.33593e-08
 Reference value :  7.33933e-08
 Reference value :  7.34413e-08
 Reference value :  7.35073e-08
 Reference value :  7.35883e-08
 Reference value :  7.36563e-08
 Reference value :  7.37003e-08
 Reference value :  7.37043e-08
 Reference value :  7.38173e-08
 Reference value :  7.38853e-08
 Reference value :  7.40323e-08
 Reference value :  7.41173e-08
 Reference value :  7.41563e-08
 Reference value :  7.42593e-08
 Reference value :  7.43483e-08
 Reference value :  7.44003e-08
 Reference value :  7.45493e-08
 Reference value :  7.46343e-08
 Reference value :  7.47563e-08
 Reference value :  7.48233e-08
 Reference value :  7.49103e-08
 Reference value :  7.49433e-08
 Reference value :  7.51033e-08
 Reference value :  7.52683e-08
 Reference value :  7.52893e-08
 Reference value :  7.53463e-08
 Reference value :  7.54193e-08
 Reference value :  7.55743e-08
 Reference value :  7.57253e-08
 Reference value :  7.58803e-08
 Reference value :  7.59783e-08
 Reference value :  7.60403e-08
 Reference value :  7.61503e-08
 Reference value :  7.63233e-08
 Reference value :  7.64813e-08
 Reference value :  7.65433e-08
 Reference value :  7.66393e-08
 Reference value :  7.66543e-08
 Reference value :  7.67063e-08
 Reference value :  7.68663e-08
 Reference value :  7.70033e-08
 Reference value :  7.71383e-08
 Reference value :  7.73093e-08
 Reference value :  7.74753e-08
 Reference value :  7.75873e-08
 Reference value :  7.76343e-08
 Reference value :  7.77933e-08
 Reference value :  7.79633e-08
 Reference value :  7.81243e-08
 Reference value :  7.83003e-08
 Reference value :  7.83943e-08
 Reference value :  7.84173e-08
 Reference value :  7.84213e-08
 Reference value :  7.84643e-08
 Reference value :  7.85063e-08
 Reference value :  7.85703e-08
 Reference value :  7.86203e-08
 Reference value :  7.87033e-08
 Reference value :  7.87603e-08
 Reference value :  7.87913e-08
 Reference value :  7.88803e-08
 Reference value :  7.90453e-08
 Reference value :  7.92223e-08
 Reference value :  7.93953e-08
 Reference value :  7.94823e-08
 Reference value :  7.95673e-08
 Reference value :  7.96233e-08
 Reference value :  7.97513e-08
 Reference value :  7.98393e-08
 Reference value :  8.00153e-08
 Reference value :  8.01873e-08
 Reference value :  8.02653e-08
 Reference value :  8.03083e-08
 Reference value :  8.03563e-08
 Reference value :  8.04483e-08
 Reference value :  8.05343e-08
 Reference value :  8.05923e-08
 Reference value :  8.06753e-08
 Reference value :  8.07493e-08
 Reference value :  8.08473e-08
 Reference value :  8.09163e-08
 Reference value :  8.10923e-08
 Reference value :  8.12573e-08
 Reference value :  8.14293e-08
 Reference value :  8.15903e-08
 Reference value :  8.17613e-08
 Reference value :  8.19033e-08
 Reference value :  8.19773e-08
 Reference value :  8.21053e-08
 Reference value :  8.21693e-08
 Reference value :  8.23483e-08
 Reference value :  8.25023e-08
 Reference value :  8.25573e-08
 Reference value :  8.25943e-08
 Reference value :  8.27413e-08
 Reference value :  8.29173e-08
 Reference value :  8.30403e-08
 Reference value :  8.31413e-08
 Reference value :  8.32163e-08
 Reference value :  8.33923e-08
 Reference value :  8.35613e-08
 Reference value :  8.37213e-08
 Reference value :  8.38933e-08
 Reference value :  8.40473e-08
 Reference value :  8.41423e-08
 Reference value :  8.42153e-08
 Reference value :  8.43863e-08
 Reference value :  8.45143e-08
 Reference value :  8.46793e-08
 Reference value :  8.47813e-08
 Reference value :  8.48453e-08
 Reference value :  8.50163e-08
 Reference value :  8.51793e-08
 Reference value :  8.53413e-08
 Reference value :  8.54103e-08
 Reference value :  8.55823e-08
 Reference value :  8.57383e-08
 Reference value :  8.58223e-08
 Reference value :  8.58573e-08
 Reference value :  8.60253e-08
 Reference value :  8.61773e-08
 Reference value :  8.63263e-08
 Reference value :  8.64863e-08
 Reference value :  8.65403e-08
 Reference value :  8.67083e-08
 Reference value :  8.68423e-08
 Reference value :  8.70013e-08
 Reference value :  8.71743e-08
 Reference value :  8.72853e-08
 Reference value :  8.73453e-08
 Reference value :  8.73743e-08
 Reference value :  8.75473e-08
 Reference value :  8.77083e-08
 Reference value :  8.78853e-08
 Reference value :  8.80563e-08
 Reference value :  8.81583e-08
 Reference value :  8.82213e-08
 Reference value :  8.83633e-08
 Reference value :  8.85383e-08
 Reference value :  8.87013e-08
 Reference value :  8.88813e-08
 Reference value :  8.90603e-08
 Reference value :  8.91093e-08
 Reference value :  8.91923e-08
 Reference value :  8.93013e-08
 Reference value :  8.94753e-08
 Reference value :  8.96403e-08
 Reference value :  8.96803e-08
 Reference value :  8.97003e-08
 Reference value :  8.98773e-08
 Reference value :  9.00563e-08
 Reference value :  9.02133e-08
 Reference value :  9.03753e-08
 Reference value :  9.04243e-08
 Reference value :  9.05963e-08
 Reference value :  9.07493e-08
 Reference value :  9.08593e-08
 Reference value :  9.10273e-08
 Reference value :  9.11413e-08
 Reference value :  9.11993e-08
 Reference value :  9.13353e-08
 Reference value :  9.13823e-08
 Reference value :  9.14263e-08
 Reference value :  9.15173e-08
 Reference value :  9.15323e-08
 Reference value :  9.16083e-08
 Reference value :  9.17263e-08
 Reference value :  9.18243e-08
 Reference value :  9.18623e-08
 Reference value :  9.19223e-08
 Reference value :  9.19263e-08
 Reference value :  9.19293e-08
 Reference value :  9.19333e-08
 Reference value :  9.19363e-08
 Reference value :  9.19403e-08
 Reference value :  9.19443e-08
 Reference value :  9.19473e-08
 Reference value :  9.19513e-08
 Reference value :  9.19543e-08
 Reference value :  9.19573e-08
 Reference value :  9.19603e-08
 Reference value :  9.19643e-08
 Reference value :  9.19773e-08
 Reference value :  9.19863e-08
 Reference value :  9.19923e-08
 Reference value :  9.19963e-08
 Reference value :  9.20003e-08
 Reference value :  9.20043e-08
 Reference value :  9.20083e-08
 Reference value :  9.20313e-08
 Reference value :  9.20353e-08
 Reference value :  9.20383e-08
 Reference value :  9.20433e-08
 Reference value :  9.20973e-08
 Reference value :  9.22153e-08
 Reference value :  9.23423e-08
 Reference value :  9.25113e-08
 Reference value :  9.26683e-08
 Reference value :  9.28043e-08
 Reference value :  9.29703e-08
 Reference value :  9.30103e-08
 Reference value :  9.30393e-08
 Reference value :  9.31163e-08
 Reference value :  9.31833e-08
 Reference value :  9.32493e-08
 Reference value :  9.33043e-08
 Reference value :  9.33613e-08
 Reference value :  9.34233e-08
 Reference value :  9.34523e-08
 Reference value :  9.35513e-08
 Reference value :  9.37103e-08
 Reference value :  9.38393e-08
 Reference value :  9.39703e-08
 Reference value :  9.41093e-08
 Reference value :  9.42803e-08
 Reference value :  9.44403e-08
 Reference value :  9.46193e-08
 Reference value :  9.47583e-08
 Reference value :  9.49183e-08
 Reference value :  9.50973e-08
 Reference value :  9.52563e-08
 Reference value :  9.54343e-08
 Reference value :  9.56063e-08
 Reference value :  9.57773e-08
 Reference value :  9.59553e-08
 Reference value :  9.61213e-08
 Reference value :  9.62803e-08
 Reference value :  9.64383e-08
 Reference value :  9.66133e-08
 Reference value :  9.67863e-08
 Reference value :  9.69503e-08
 Reference value :  9.71293e-08
 Reference value :  9.72913e-08
 Reference value :  9.74693e-08
 Reference value :  9.76083e-08
 Reference value :  9.77833e-08
 Reference value :  9.79613e-08
 Reference value :  9.81233e-08
 Reference value :  9.82943e-08
 Reference value :  9.84533e-08
 Reference value :  9.86323e-08
 Reference value :  9.87953e-08
 Reference value :  9.89643e-08
 Reference value :  9.91443e-08
 Reference value :  9.93073e-08
 Reference value :  9.94203e-08
 Reference value :  9.95363e-08
 Reference value :  9.97123e-08
 Reference value :  9.98613e-08
No. of Data Rows : 100008
t1a                 =  2.45098e-08
t1b                 =  7.38848e-08
t2a                 =  2.30195e-08
t2b                 =  6.93436e-08
c1a                 =  -3.50281e-04
c1b                 =  -1.04902e-03
c2a                 =  -3.52993e-04
c2b                 =  -1.05306e-03
m_period_r1 = 1.2343745000e-08
m_period_r2 = 1.1581035000e-08
m_f_r1 = 8.1012691043e+07
m_f_r2 = 8.6348068199e+07
m_i_r1_a = -1.415161890e-05
m_i_r2_a = -1.511247483e-05
Note: Simulation executed from .control section 

