
Note: Compatibility modes selected: hs a


Circuit: * ro-inv-05stage-power @ tt_125c_3.30v -- generated by sim/harness, do not edit

Doing analysis at TEMP = 125.000000 and TNOM = 27.000000

Using SPARSE 1.3 as Direct Linear Solver

Initial Transient Solution
--------------------------

Node                                   Voltage
----                                   -------
vdd                                        3.3
n2                                         3.3
n1                                           0
n3                                 4.61962e-08
n4                                         3.3
n5                                 4.61962e-08
q                                   4.4037e-14
xing                                     -1.65
bxing#branch                                 0
vdd#branch                         -0.00044037

 Reference value :  7.92800e-11
 Reference value :  3.90128e-09
 Reference value :  7.75028e-09
 Reference value :  1.16163e-08
 Reference value :  1.54893e-08
 Reference value :  1.92313e-08
 Reference value :  2.29723e-08
 Reference value :  2.66933e-08
 Reference value :  3.04253e-08
 Reference value :  3.43023e-08
 Reference value :  3.80073e-08
 Reference value :  4.16943e-08
No. of Data Rows : 45008
t1                  =  1.49579e-09
t2                  =  1.31154e-08
t3                  =  2.47350e-08
q1                  =  4.39348e-04
q2                  =  3.85885e-03
q3                  =  7.27835e-03
m_period = 7.2622368750e-10
m_f_osc = 1.3769862058e+09
m_i_supply_a = 2.9428773194e-04
m_p_active_w = 9.7114951540e-04
m_e_per_cycle_j = 7.0527178219e-13
m_c_eff_node_f = 1.2952649811e-14
m_i_supply_first16_a = 2.9428771854e-04
m_i_supply_last16_a = 2.9428774534e-04
Note: Simulation executed from .control section 

Warning: m=xx on .subckt line will override multiplier m hierarchy!

