
Note: Compatibility modes selected: hs a


Circuit: * sampler-dff-setup-hold @ ff_125c_2.97v -- generated by sim/harness, do not edit

Doing analysis at TEMP = 125.000000 and TNOM = 27.000000

Using SPARSE 1.3 as Direct Linear Solver

Initial Transient Solution
--------------------------

Node                                   Voltage
----                                   -------
vdd                                       2.97
rst_n                                        0
clk                                          0
d                                            0
xdut.clkb                              2.96999
xdut.m                             4.07673e-08
xdut.mb                                   2.97
xdut.mmid                            0.0878337
xdut.mc                             6.2799e-07
xdut.s                                    2.97
q                                  6.07578e-07
xdut.qb                                   2.97
xdut.s2mid                           0.0878341
vth                                      1.485
bvth#branch                                  0
vd#branch                          9.09467e-12
vclk#branch                                  0
vrst#branch                                  0
vdd#branch                         -1.4472e-09

 Reference value :  0.00000e+00
 Reference value :  1.49573e-07
 Reference value :  3.07718e-07
 Reference value :  4.73918e-07
 Reference value :  6.37118e-07
 Reference value :  7.94818e-07
 Reference value :  9.61717e-07
 Reference value :  1.12172e-06
 Reference value :  1.28312e-06
 Reference value :  1.40432e-06
 Reference value :  1.51602e-06
 Reference value :  1.62692e-06
 Reference value :  1.75952e-06
 Reference value :  1.91005e-06
 Reference value :  2.07105e-06
 Reference value :  2.23915e-06
 Reference value :  2.39379e-06
 Reference value :  2.55599e-06
 Reference value :  2.72129e-06
 Reference value :  2.88242e-06
 Reference value :  3.04152e-06
 Reference value :  3.20252e-06
 Reference value :  3.36414e-06
 Reference value :  3.52934e-06
 Reference value :  3.70114e-06
 Reference value :  3.86225e-06
 Reference value :  4.03115e-06
 Reference value :  4.19735e-06
 Reference value :  4.35492e-06
 Reference value :  4.51224e-06
 Reference value :  4.66974e-06
 Reference value :  4.82465e-06
 Reference value :  4.98715e-06
 Reference value :  5.15365e-06
 Reference value :  5.31004e-06
 Reference value :  5.46804e-06
 Reference value :  5.63474e-06
 Reference value :  5.80025e-06
 Reference value :  5.96555e-06
 Reference value :  6.12625e-06
 Reference value :  6.28505e-06
 Reference value :  6.43852e-06
No. of Data Rows : 65270
tclk1               =  3.00001e-07
tclk2               =  1.30000e-06
tq_r1               =  3.00115e-07
tq_f1               =  1.30012e-06
q_rst               =  6.07578e-07
q_e1                =  2.96999e+00
q_e2                =  -9.06162e-06
q_e3a               =  9.11506e-05
q_e3b               =  -4.12970e-06
q_e3c               =  -3.88252e-06
q_e4                =  1.78538e-06
q_e5a               =  3.68090e-04
q_e5b               =  3.29914e-06
q_e5c               =  3.19503e-06
q_e6                =  1.78539e-06
q_e7a               =  2.97066e+00
q_e7b               =  2.96999e+00
q_e7c               =  2.96999e+00
m_tpd_clk_q_rise_s = 1.1420000000e-10
m_tpd_clk_q_fall_s = 1.1800000000e-10
m_q_rst_v = 6.0757820000e-07
m_q_e1_v = 2.9699930000e+00
m_q_e2_v = -9.061624000e-06
m_q_e4_v = 1.7853770000e-06
m_q_e3_1ns_v = 9.1150550000e-05
m_q_e3_10ns_v = -4.129697000e-06
m_q_e3_100ns_v = -3.882521000e-06
m_q_e3_drift_v = -9.503307100e-05
m_q_e3_rail_dev_v = -3.882521000e-06
m_q_e5_1ns_v = 3.6808960000e-04
m_q_e5_10ns_v = 3.2991420000e-06
m_q_e5_100ns_v = 3.1950270000e-06
m_q_e5_drift_v = -3.648945730e-04
m_q_e5_rail_dev_v = 3.1950270001e-06
m_q_e6_v = 1.7853940000e-06
m_q_e7_1ns_v = 2.9706590000e+00
m_q_e7_10ns_v = 2.9699930000e+00
m_q_e7_100ns_v = 2.9699930000e+00
m_q_e7_drift_v = -6.660000000e-04
m_q_e7_rail_dev_v = 7.0000010415e-06
Note: Simulation executed from .control section 

Warning: m=xx on .subckt line will override multiplier m hierarchy!

