
Note: Compatibility modes selected: hs a


Circuit: * ro-array-core-startup @ ss_-40c_3.63v -- generated by sim/harness, do not edit

Doing analysis at TEMP = -40.000000 and TNOM = 27.000000

Using SPARSE 1.3 as Direct Linear Solver

Initial Transient Solution
--------------------------

Node                                   Voltage
----                                   -------
vsup                                      3.63
en                                           0
xdut.xr1.xg.py                            3.63
xdut.xr1.n1                               3.63
xdut.ro1                                  3.63
xdut.xr1.xg.nm                         2.84943
xdut.xr1.xg.ny                     3.45946e-13
xdut.xr1.x1.py                            3.63
xdut.xr1.n2                        1.10813e-07
xdut.xr1.x1.ny                     9.28113e-08
xdut.xr1.x2.py                            3.63
xdut.xr1.n3                               3.63
xdut.xr1.x2.ny                     1.51061e-12
xdut.xr1.x3.py                            3.63
xdut.xr1.n4                        1.10813e-07
xdut.xr1.x3.ny                     9.28113e-08
xdut.xr1.x4.py                            3.63
xdut.xr1.n5                               3.63
xdut.xr1.x4.ny                     1.51061e-12
xdut.xr1.x5.py                            3.63
xdut.xr1.n6                        1.10813e-07
xdut.xr1.x5.ny                     9.28113e-08
xdut.xr1.x6.py                            3.63
xdut.xr1.n7                               3.63
xdut.xr1.x6.ny                     1.51061e-12
xdut.xr1.x7.py                            3.63
xdut.xr1.n8                        1.10813e-07
xdut.xr1.x7.ny                     9.28113e-08
xdut.xr1.x8.py                            3.63
xdut.xr1.n9                               3.63
xdut.xr1.x8.ny                     1.51061e-12
xdut.xr1.x9.py                            3.63
xdut.xr1.n10                       1.10813e-07
xdut.xr1.x9.ny                     9.28113e-08
xdut.xr1.x10.py                           3.63
xdut.xr1.x10.ny                    1.51061e-12
xdut.xr2.xg.py                            3.63
xdut.xr2.n1                               3.63
xdut.ro2                                  3.63
xdut.xr2.xg.nm                         2.84943
xdut.xr2.xg.ny                     3.19696e-13
xdut.xr2.x1.py                            3.63
xdut.xr2.n2                        1.03873e-07
xdut.xr2.x1.ny                     8.58706e-08
xdut.xr2.x2.py                            3.63
xdut.xr2.n3                               3.63
xdut.xr2.x2.ny                     1.39742e-12
xdut.xr2.x3.py                            3.63
xdut.xr2.n4                        1.03873e-07
xdut.xr2.x3.ny                     8.58706e-08
xdut.xr2.x4.py                            3.63
xdut.xr2.n5                               3.63
xdut.xr2.x4.ny                     1.39742e-12
xdut.xr2.x5.py                            3.63
xdut.xr2.n6                        1.03873e-07
xdut.xr2.x5.ny                     8.58706e-08
xdut.xr2.x6.py                            3.63
xdut.xr2.n7                               3.63
xdut.xr2.x6.ny                     1.39742e-12
xdut.xr2.x7.py                            3.63
xdut.xr2.n8                        1.03873e-07
xdut.xr2.x7.ny                     8.58706e-08
xdut.xr2.x8.py                            3.63
xdut.xr2.n9                               3.63
xdut.xr2.x8.ny                     1.39742e-12
xdut.xr2.x9.py                            3.63
xdut.xr2.n10                       1.03873e-07
xdut.xr2.x9.ny                     8.58706e-08
xdut.xr2.x10.py                           3.63
xdut.xr2.x10.ny                    1.39742e-12
xdut.xa1.an                        1.80022e-08
xdut.xa1.bn                        1.80022e-08
xdut.xa1.mid                           1.09626
xo                                 1.01838e-07
xdut.xa1.s1                        5.09189e-08
xdut.xa1.s2                        1.33643e-12
vth                                      1.815
bvth#branch                                  0
ven#branch                                   0
vsup#branch                       -1.16518e-10

 Reference value :  0.00000e+00
 Reference value :  6.34560e-10
 Reference value :  1.32256e-09
 Reference value :  2.00256e-09
 Reference value :  2.66256e-09
 Reference value :  3.31456e-09
 Reference value :  3.99056e-09
 Reference value :  4.62456e-09
 Reference value :  5.24517e-09
 Reference value :  5.93317e-09
 Reference value :  6.65117e-09
 Reference value :  7.28917e-09
 Reference value :  7.95917e-09
 Reference value :  8.60917e-09
 Reference value :  9.30517e-09
 Reference value :  9.96517e-09
 Reference value :  1.06412e-08
 Reference value :  1.12812e-08
 Reference value :  1.19332e-08
 Reference value :  1.26532e-08
 Reference value :  1.33332e-08
 Reference value :  1.40092e-08
 Reference value :  1.46592e-08
 Reference value :  1.53572e-08
 Reference value :  1.60612e-08
 Reference value :  1.66952e-08
 Reference value :  1.73592e-08
 Reference value :  1.80232e-08
 Reference value :  1.87972e-08
 Reference value :  1.95312e-08
 Reference value :  2.01892e-08
 Reference value :  2.08532e-08
 Reference value :  2.15112e-08
 Reference value :  2.22432e-08
 Reference value :  2.29052e-08
 Reference value :  2.35792e-08
 Reference value :  2.42272e-08
 Reference value :  2.49152e-08
 Reference value :  2.55732e-08
 Reference value :  2.62412e-08
 Reference value :  2.68952e-08
 Reference value :  2.75792e-08
 Reference value :  2.82832e-08
 Reference value :  2.89532e-08
 Reference value :  2.96112e-08
 Reference value :  3.02732e-08
 Reference value :  3.09092e-08
 Reference value :  3.15632e-08
 Reference value :  3.22332e-08
 Reference value :  3.29032e-08
 Reference value :  3.36612e-08
 Reference value :  3.43652e-08
 Reference value :  3.50392e-08
 Reference value :  3.56932e-08
 Reference value :  3.63492e-08
 Reference value :  3.70052e-08
 Reference value :  3.77412e-08
 Reference value :  3.83672e-08
 Reference value :  3.92832e-08
 Reference value :  3.99912e-08
 Reference value :  4.06452e-08
 Reference value :  4.12832e-08
 Reference value :  4.19332e-08
 Reference value :  4.29072e-08
 Reference value :  4.35892e-08
 Reference value :  4.42652e-08
 Reference value :  4.49372e-08
 Reference value :  4.57992e-08
 Reference value :  4.64392e-08
 Reference value :  4.70872e-08
 Reference value :  4.77872e-08
 Reference value :  4.84832e-08
 Reference value :  4.92592e-08
 Reference value :  4.99732e-08
 Reference value :  5.06852e-08
 Reference value :  5.13652e-08
 Reference value :  5.22132e-08
 Reference value :  5.28672e-08
 Reference value :  5.35232e-08
 Reference value :  5.42312e-08
 Reference value :  5.48772e-08
 Reference value :  5.57432e-08
 Reference value :  5.64252e-08
 Reference value :  5.70892e-08
 Reference value :  5.77632e-08
 Reference value :  5.85272e-08
 Reference value :  5.91872e-08
 Reference value :  5.98512e-08
 Reference value :  6.05432e-08
 Reference value :  6.14772e-08
 Reference value :  6.21512e-08
 Reference value :  6.27852e-08
 Reference value :  6.34452e-08
 Reference value :  6.42252e-08
 Reference value :  6.49612e-08
 Reference value :  6.56532e-08
 Reference value :  6.64472e-08
 Reference value :  6.72432e-08
 Reference value :  6.79012e-08
 Reference value :  6.85712e-08
 Reference value :  6.92272e-08
 Reference value :  6.99952e-08
 Reference value :  7.06552e-08
 Reference value :  7.13232e-08
 Reference value :  7.19812e-08
 Reference value :  7.26792e-08
 Reference value :  7.34552e-08
 Reference value :  7.41212e-08
 Reference value :  7.48572e-08
 Reference value :  7.56292e-08
 Reference value :  7.63212e-08
 Reference value :  7.69892e-08
 Reference value :  7.76692e-08
 Reference value :  7.83812e-08
 Reference value :  7.90392e-08
 Reference value :  7.96732e-08
 Reference value :  8.03692e-08
 Reference value :  8.10792e-08
 Reference value :  8.17972e-08
 Reference value :  8.25032e-08
 Reference value :  8.31552e-08
 Reference value :  8.38692e-08
 Reference value :  8.45172e-08
 Reference value :  8.52052e-08
 Reference value :  8.58632e-08
 Reference value :  8.65272e-08
 Reference value :  8.71912e-08
 Reference value :  8.78312e-08
 Reference value :  8.85012e-08
 Reference value :  8.92332e-08
 Reference value :  8.99972e-08
 Reference value :  9.07132e-08
 Reference value :  9.13652e-08
 Reference value :  9.20232e-08
 Reference value :  9.26852e-08
 Reference value :  9.33432e-08
 Reference value :  9.40012e-08
 Reference value :  9.46772e-08
 Reference value :  9.53692e-08
 Reference value :  9.60352e-08
 Reference value :  9.66932e-08
 Reference value :  9.73312e-08
 Reference value :  9.79812e-08
 Reference value :  9.86692e-08
 Reference value :  9.93432e-08
 Reference value :  1.00011e-07
 Reference value :  1.00677e-07
 Reference value :  1.01335e-07
 Reference value :  1.02049e-07
 Reference value :  1.02725e-07
 Reference value :  1.03361e-07
 Reference value :  1.04027e-07
 Reference value :  1.04679e-07
 Reference value :  1.05333e-07
 Reference value :  1.05995e-07
 Reference value :  1.06675e-07
 Reference value :  1.07365e-07
 Reference value :  1.08041e-07
 Reference value :  1.08779e-07
 Reference value :  1.09437e-07
 Reference value :  1.10105e-07
 Reference value :  1.10781e-07
 Reference value :  1.11433e-07
 Reference value :  1.12087e-07
 Reference value :  1.12725e-07
 Reference value :  1.13433e-07
 Reference value :  1.14109e-07
 Reference value :  1.14809e-07
 Reference value :  1.15449e-07
 Reference value :  1.16077e-07
 Reference value :  1.16725e-07
 Reference value :  1.17393e-07
 Reference value :  1.18037e-07
 Reference value :  1.18715e-07
 Reference value :  1.19391e-07
 Reference value :  1.20061e-07
 Reference value :  1.20725e-07
 Reference value :  1.21403e-07
 Reference value :  1.22045e-07
 Reference value :  1.22681e-07
 Reference value :  1.23349e-07
 Reference value :  1.24001e-07
 Reference value :  1.24663e-07
 Reference value :  1.25307e-07
 Reference value :  1.25997e-07
 Reference value :  1.26665e-07
 Reference value :  1.27373e-07
 Reference value :  1.28055e-07
 Reference value :  1.28703e-07
 Reference value :  1.29367e-07
 Reference value :  1.30049e-07
 Reference value :  1.30731e-07
 Reference value :  1.31401e-07
 Reference value :  1.32053e-07
 Reference value :  1.32715e-07
 Reference value :  1.33375e-07
 Reference value :  1.34041e-07
 Reference value :  1.34709e-07
 Reference value :  1.35361e-07
 Reference value :  1.36025e-07
 Reference value :  1.36687e-07
 Reference value :  1.37337e-07
 Reference value :  1.37993e-07
 Reference value :  1.38641e-07
 Reference value :  1.39285e-07
 Reference value :  1.39939e-07
 Reference value :  1.40605e-07
 Reference value :  1.41255e-07
 Reference value :  1.41903e-07
 Reference value :  1.42567e-07
 Reference value :  1.43243e-07
 Reference value :  1.43889e-07
 Reference value :  1.44549e-07
 Reference value :  1.45275e-07
 Reference value :  1.45977e-07
 Reference value :  1.46645e-07
 Reference value :  1.47319e-07
 Reference value :  1.47983e-07
 Reference value :  1.48631e-07
 Reference value :  1.49307e-07
 Reference value :  1.49979e-07
 Reference value :  1.50645e-07
 Reference value :  1.51357e-07
 Reference value :  1.52023e-07
 Reference value :  1.52697e-07
 Reference value :  1.53387e-07
 Reference value :  1.54045e-07
 Reference value :  1.54697e-07
 Reference value :  1.55369e-07
 Reference value :  1.56041e-07
 Reference value :  1.56685e-07
 Reference value :  1.57431e-07
 Reference value :  1.58125e-07
 Reference value :  1.58785e-07
 Reference value :  1.59451e-07
 Reference value :  1.60141e-07
 Reference value :  1.60825e-07
 Reference value :  1.61467e-07
 Reference value :  1.62159e-07
 Reference value :  1.62813e-07
 Reference value :  1.63489e-07
 Reference value :  1.64141e-07
 Reference value :  1.64797e-07
 Reference value :  1.65451e-07
 Reference value :  1.66085e-07
 Reference value :  1.66743e-07
 Reference value :  1.67403e-07
 Reference value :  1.68059e-07
 Reference value :  1.68713e-07
 Reference value :  1.69397e-07
 Reference value :  1.70069e-07
 Reference value :  1.70729e-07
 Reference value :  1.71375e-07
 Reference value :  1.72045e-07
 Reference value :  1.72711e-07
 Reference value :  1.73365e-07
 Reference value :  1.74027e-07
 Reference value :  1.74685e-07
 Reference value :  1.75345e-07
 Reference value :  1.76021e-07
 Reference value :  1.76687e-07
 Reference value :  1.77377e-07
 Reference value :  1.78027e-07
 Reference value :  1.78705e-07
 Reference value :  1.79387e-07
No. of Data Rows : 90016
t1r1                =  1.12630e-08
t2r1                =  1.74324e-08
t3r1                =  2.35913e-08
t4r1                =  2.97487e-08
t5r1                =  3.59008e-08
t6r1                =  4.20502e-08
t7r1                =  4.81824e-08
t8r1                =  5.42975e-08
t9r1                =  6.04319e-08
t10r1               =  6.65704e-08
t1r2                =  1.08691e-08
t2r2                =  1.66673e-08
t3r2                =  2.24657e-08
t4r2                =  2.82620e-08
t5r2                =  3.40565e-08
t6r2                =  3.98494e-08
t7r2                =  4.56418e-08
t8r2                =  5.14384e-08
t9r2                =  5.72374e-08
t10r2               =  6.30411e-08
t1xo                =  7.77916e-09
t2xo                =  1.10353e-08
t3xo                =  1.35804e-08
t4xo                =  1.68108e-08
vhi_early           =  3.72806e+00 at=  2.58152e-08
vlo_early           =  -5.24524e-02 at=  4.72992e-08
vhi_late            =  3.65220e+00 at=  1.61025e-07
vlo_late            =  -7.36395e-02 at=  1.70185e-07
vxhi_early          =  3.69217e+00 at=  4.48492e-08
vxlo_early          =  -1.54964e-02 at=  4.55732e-08
vxhi_late           =  3.72479e+00 at=  1.64191e-07
vxlo_late           =  -1.61051e-02 at=  1.64883e-07
v_off_ro1           =  3.63000e+00
v_off_xo            =  1.01838e-07
m_en_assert_s = 5.0000000000e-09
m_t1r1_s = 1.1263030000e-08
m_t2r1_s = 1.7432410000e-08
m_t3r1_s = 2.3591270000e-08
m_t4r1_s = 2.9748700000e-08
m_t5r1_s = 3.5900840000e-08
m_t6r1_s = 4.2050200000e-08
m_t7r1_s = 4.8182390000e-08
m_t8r1_s = 5.4297510000e-08
m_t9r1_s = 6.0431940000e-08
m_t10r1_s = 6.6570400000e-08
m_t1r2_s = 1.0869050000e-08
m_t2r2_s = 1.6667270000e-08
m_t3r2_s = 2.2465680000e-08
m_t4r2_s = 2.8261980000e-08
m_t5r2_s = 3.4056540000e-08
m_t6r2_s = 3.9849380000e-08
m_t7r2_s = 4.5641820000e-08
m_t8r2_s = 5.1438350000e-08
m_t9r2_s = 5.7237370000e-08
m_t10r2_s = 6.3041090000e-08
m_t1xo_s = 7.7791570000e-09
m_t2xo_s = 1.1035320000e-08
m_t3xo_s = 1.3580350000e-08
m_t4xo_s = 1.6810760000e-08
m_ring_swing_early_v = 3.7805143600e+00
m_ring_swing_late_v = 3.7258375300e+00
m_xo_swing_early_v = 3.7076693500e+00
m_xo_swing_late_v = 3.7408911400e+00
m_v_ro1_off_v = 3.6300000000e+00
m_v_xo_off_v = 1.0183780000e-07
Note: Simulation executed from .control section 

Warning: m=xx on .subckt line will override multiplier m hierarchy!

Note: Starting dynamic gmin stepping
Warning: Dynamic gmin stepping failed
Note: Starting true gmin stepping
Note: True gmin stepping completed
