
Note: Compatibility modes selected: hs a


Circuit: * cinv-stage-noise @ tt_125c_3.63v -- generated by sim/harness, do not edit

Doing analysis at TEMP = 125.000000 and TNOM = 27.000000

Using SPARSE 1.3 as Direct Linear Solver

No. of Data Rows : 1
Doing analysis at TEMP = 125.000000 and TNOM = 27.000000

Using SPARSE 1.3 as Direct Linear Solver

No. of Data Rows : 81
Doing analysis at TEMP = 125.000000 and TNOM = 27.000000

Using SPARSE 1.3 as Direct Linear Solver

No. of Data Rows : 81

No. of Data Rows : 1
Doing analysis at TEMP = 125.000000 and TNOM = 27.000000

Using SPARSE 1.3 as Direct Linear Solver

No. of Data Rows : 31

No. of Data Rows : 1
m_vtrip = 1.6778418231e+00
m_vbias_n = 1.8807692221e+00
m_vbias_p = 1.1957024115e+00
m_gain_1meg = 1.7635069930e+01
m_gain_100meg = 1.6154111644e+01
m_gain_1g = 3.9571034092e+00
m_inoise_dens_1meg = 4.5148209110e-08
m_inoise_dens_10meg = 1.9214025067e-08
m_inoise_dens_100meg = 1.3614144171e-08
m_inoise_dens_1g = 1.2670639314e-08
m_inoise_dens_10g = 1.1539191701e-08
m_onoise_dens_1meg = 7.9619182486e-07
m_onoise_dens_1g = 5.0139030024e-08
m_onoise_rms_1k_100g = 5.0288780061e-03
m_onoise_rms_100meg_100g = 3.7472418558e-03
Note: Simulation executed from .control section 

Warning: m=xx on .subckt line will override multiplier m hierarchy!

