
Note: No compatibility mode selected!


Circuit: * sampler-array-digitize-extracted @ ss_-40c_3.63v -- generated by sim/harness, do not edit

Doing analysis at TEMP = -40.000000 and TNOM = 27.000000

Using SPARSE 1.3 as Direct Linear Solver

Initial Transient Solution
--------------------------

Node                                   Voltage
----                                   -------
vsup                                      3.63
en                                        3.63
vddr1                                     3.63
vddr2                                     3.63
vdd                                       3.63
xg1.vss__t0                        3.19119e-10
xg1.vddr__t0                              3.63
xg1.\$8                            6.03031e-08
vsubs                                 0.541978
xg1.\$7                            6.39852e-08
xg1.a__t0                          1.34645e-07
xg1.y__t0                          2.96561e-13
xg1.en__t0                                3.63
xg1.\$5__t1                            1.83822
xg1.vss__t1                                  0
xg1.vddr__t1                           3.62946
xg1.\$9                                 3.0194
xg1.y__t1                          2.96895e-06
xg1.a__t1                          1.34645e-07
xg1.\$5__t2                            1.83821
xg1.\$5__t0                            1.83821
xg1.en__t1                                3.63
xg1.y__t2                          8.98006e-13
xg1.\$5                                1.83821
g10                                1.34645e-07
n11                                          0
x11.\$5                            2.95496e-08
x11.a__t0                                    0
x11.y__t0                                 3.63
x11.vddr__t0                              3.63
x11.vss__t0                         1.0739e-10
x11.vddr__t1                              3.63
x11.vss__t1                                  0
x11.\$6                                   3.63
x11.\$7                                   3.63
x11.a__t1                                    0
x11.y__t1                                 3.63
g11                                          0
n12                                       3.63
x12.\$5                            1.16055e-07
x12.a__t0                                 3.63
x12.y__t0                          1.34644e-07
x12.vddr__t0                              3.63
x12.vss__t0                        3.00675e-10
x12.vddr__t1                              3.63
x12.vss__t1                                  0
x12.\$6                                   3.63
x12.\$7                                3.06536
x12.a__t1                                 3.63
x12.y__t1                          1.34646e-07
g12                                       3.63
n13                                1.34645e-07
x13.\$5                            2.95497e-08
x13.a__t0                          1.34645e-07
x13.y__t0                                 3.63
x13.vddr__t0                              3.63
x13.vss__t0                         1.0739e-10
x13.vddr__t1                              3.63
x13.vss__t1                                  0
x13.\$6                                   3.63
x13.\$7                                   3.63
x13.a__t1                          1.34645e-07
x13.y__t1                                 3.63
g13                                1.34645e-07
n14                                       3.63
x14.\$5                            1.16055e-07
x14.a__t0                                 3.63
x14.y__t0                          1.34644e-07
x14.vddr__t0                              3.63
x14.vss__t0                        3.00675e-10
x14.vddr__t1                              3.63
x14.vss__t1                                  0
x14.\$6                                   3.63
x14.\$7                                3.06536
x14.a__t1                                 3.63
x14.y__t1                          1.34646e-07
g14                                       3.63
n15                                1.34645e-07
x15.\$5                            2.95497e-08
x15.a__t0                          1.34645e-07
x15.y__t0                                 3.63
x15.vddr__t0                              3.63
x15.vss__t0                         1.0739e-10
x15.vddr__t1                              3.63
x15.vss__t1                                  0
x15.\$6                                   3.63
x15.\$7                                   3.63
x15.a__t1                          1.34645e-07
x15.y__t1                                 3.63
g15                                1.34645e-07
n16                                       3.63
x16.\$5                            1.16055e-07
x16.a__t0                                 3.63
x16.y__t0                          1.34644e-07
x16.vddr__t0                              3.63
x16.vss__t0                        3.00675e-10
x16.vddr__t1                              3.63
x16.vss__t1                                  0
x16.\$6                                   3.63
x16.\$7                                3.06536
x16.a__t1                                 3.63
x16.y__t1                          1.34646e-07
g16                                       3.63
n17                                1.34645e-07
x17.\$5                            2.95497e-08
x17.a__t0                          1.34645e-07
x17.y__t0                                 3.63
x17.vddr__t0                              3.63
x17.vss__t0                         1.0739e-10
x17.vddr__t1                              3.63
x17.vss__t1                                  0
x17.\$6                                   3.63
x17.\$7                                   3.63
x17.a__t1                          1.34645e-07
x17.y__t1                                 3.63
g17                                1.34645e-07
n18                                       3.63
x18.\$5                            1.16055e-07
x18.a__t0                                 3.63
x18.y__t0                          1.34644e-07
x18.vddr__t0                              3.63
x18.vss__t0                        3.00675e-10
x18.vddr__t1                              3.63
x18.vss__t1                                  0
x18.\$6                                   3.63
x18.\$7                                3.06536
x18.a__t1                                 3.63
x18.y__t1                          1.34646e-07
g18                                       3.63
n19                                1.34645e-07
x19.\$5                            2.95497e-08
x19.a__t0                          1.34645e-07
x19.y__t0                                 3.63
x19.vddr__t0                              3.63
x19.vss__t0                         1.0739e-10
x19.vddr__t1                              3.63
x19.vss__t1                                  0
x19.\$6                                   3.63
x19.\$7                                   3.63
x19.a__t1                          1.34645e-07
x19.y__t1                                 3.63
g19                                1.34645e-07
n1a                                       3.63
x1a.\$5                            1.16055e-07
x1a.a__t0                                 3.63
x1a.y__t0                          1.34644e-07
x1a.vddr__t0                              3.63
x1a.vss__t0                        3.00675e-10
x1a.vddr__t1                              3.63
x1a.vss__t1                                  0
x1a.\$6                                   3.63
x1a.\$7                                3.06536
x1a.a__t1                                 3.63
x1a.y__t1                          1.34646e-07
g1a                                       3.63
ro1                                1.34645e-07
xg2.vss__t0                          3.333e-10
xg2.vddr__t0                              3.63
xg2.\$8                            5.57285e-08
xg2.\$7                            5.94106e-08
xg2.a__t0                          1.27127e-07
xg2.y__t0                          2.96561e-13
xg2.en__t0                                3.63
xg2.\$5__t1                            1.85963
xg2.vss__t1                                  0
xg2.vddr__t1                           3.62942
xg2.\$9                                3.01933
xg2.y__t1                          3.16018e-06
xg2.a__t1                          1.27127e-07
xg2.\$5__t2                            1.85962
xg2.\$5__t0                            1.85962
xg2.en__t1                                3.63
xg2.y__t2                          8.97985e-13
xg2.\$5                                1.85962
g20                                1.27127e-07
n21                                          0
x21.\$5                            2.85679e-08
x21.a__t0                                    0
x21.y__t0                                 3.63
x21.vss__t0                        1.11569e-10
x21.vddr__t0                              3.63
x21.vddr__t1                              3.63
x21.vss__t1                                  0
x21.\$6                                   3.63
x21.\$7                                   3.63
x21.a__t1                                    0
x21.y__t1                                 3.63
g21                                          0
n22                                       3.63
x22.\$5                            1.08539e-07
x22.a__t0                                 3.63
x22.y__t0                          1.27126e-07
x22.vss__t0                        3.07097e-10
x22.vddr__t0                              3.63
x22.vddr__t1                              3.63
x22.vss__t1                                  0
x22.\$6                                   3.63
x22.\$7                                3.06514
x22.a__t1                                 3.63
x22.y__t1                          1.27129e-07
g22                                       3.63
n23                                1.27127e-07
x23.\$5                            2.85679e-08
x23.a__t0                          1.27127e-07
x23.y__t0                                 3.63
x23.vss__t0                        1.11569e-10
x23.vddr__t0                              3.63
x23.vddr__t1                              3.63
x23.vss__t1                                  0
x23.\$6                                   3.63
x23.\$7                                   3.63
x23.a__t1                          1.27127e-07
x23.y__t1                                 3.63
g23                                1.27127e-07
n24                                       3.63
x24.\$5                            1.08539e-07
x24.a__t0                                 3.63
x24.y__t0                          1.27126e-07
x24.vss__t0                        3.07097e-10
x24.vddr__t0                              3.63
x24.vddr__t1                              3.63
x24.vss__t1                                  0
x24.\$6                                   3.63
x24.\$7                                3.06514
x24.a__t1                                 3.63
x24.y__t1                          1.27129e-07
g24                                       3.63
n25                                1.27127e-07
x25.\$5                            2.85679e-08
x25.a__t0                          1.27127e-07
x25.y__t0                                 3.63
x25.vss__t0                        1.11569e-10
x25.vddr__t0                              3.63
x25.vddr__t1                              3.63
x25.vss__t1                                  0
x25.\$6                                   3.63
x25.\$7                                   3.63
x25.a__t1                          1.27127e-07
x25.y__t1                                 3.63
g25                                1.27127e-07
n26                                       3.63
x26.\$5                            1.08539e-07
x26.a__t0                                 3.63
x26.y__t0                          1.27126e-07
x26.vss__t0                        3.07097e-10
x26.vddr__t0                              3.63
x26.vddr__t1                              3.63
x26.vss__t1                                  0
x26.\$6                                   3.63
x26.\$7                                3.06514
x26.a__t1                                 3.63
x26.y__t1                          1.27129e-07
g26                                       3.63
n27                                1.27127e-07
x27.\$5                            2.85679e-08
x27.a__t0                          1.27127e-07
x27.y__t0                                 3.63
x27.vss__t0                        1.11569e-10
x27.vddr__t0                              3.63
x27.vddr__t1                              3.63
x27.vss__t1                                  0
x27.\$6                                   3.63
x27.\$7                                   3.63
x27.a__t1                          1.27127e-07
x27.y__t1                                 3.63
g27                                1.27127e-07
n28                                       3.63
x28.\$5                            1.08539e-07
x28.a__t0                                 3.63
x28.y__t0                          1.27126e-07
x28.vss__t0                        3.07097e-10
x28.vddr__t0                              3.63
x28.vddr__t1                              3.63
x28.vss__t1                                  0
x28.\$6                                   3.63
x28.\$7                                3.06514
x28.a__t1                                 3.63
x28.y__t1                          1.27129e-07
g28                                       3.63
n29                                1.27127e-07
x29.\$5                            2.85679e-08
x29.a__t0                          1.27127e-07
x29.y__t0                                 3.63
x29.vss__t0                        1.11569e-10
x29.vddr__t0                              3.63
x29.vddr__t1                              3.63
x29.vss__t1                                  0
x29.\$6                                   3.63
x29.\$7                                   3.63
x29.a__t1                          1.27127e-07
x29.y__t1                                 3.63
g29                                1.27127e-07
n2a                                       3.63
x2a.\$5                            1.08539e-07
x2a.a__t0                                 3.63
x2a.y__t0                          1.27126e-07
x2a.vss__t0                        3.07097e-10
x2a.vddr__t0                              3.63
x2a.vddr__t1                              3.63
x2a.vss__t1                                  0
x2a.\$6                                   3.63
x2a.\$7                                3.06514
x2a.a__t1                                 3.63
x2a.y__t1                          1.27129e-07
g2a                                       3.63
ro2                                1.27127e-07
xa1.\$2__t0                               3.63
xa1.a__t0                          1.34645e-07
xa1.vss__t0                        3.82049e-12
xa1.\$3__t3                               3.63
xa1.b__t1                          1.27127e-07
xa1.vss__t3                        2.12249e-12
xa1.y__t3                          1.17006e-07
xa1.a__t3                          1.34645e-07
xa1.\$4__t1                           0.535682
xa1.\$4__t0                           0.535682
xa1.b__t3                          1.27127e-07
xa1.vss__t1                        1.10164e-12
xa1.y__t2                          1.16951e-07
xa1.\$2__t1                               3.63
xa1.\$6__t1                        6.09723e-08
xa1.\$6__t0                        6.08212e-08
xa1.\$3__t2                               3.63
xa1.vss__t2                        1.06817e-10
xa1.\$2__t2                               3.63
xa1.a__t1                          1.34645e-07
xa1.vdd__t0                               3.63
xa1.\$11                               3.11138
xa1.\$3__t1                               3.63
xa1.b__t0                          1.27127e-07
xa1.vdd__t3                               3.63
xa1.\$8__t3                               3.63
xa1.a__t2                          1.34645e-07
xa1.vdd__t1                               3.63
xa1.\$8__t2                               3.63
xa1.b__t2                          1.27127e-07
xa1.vdd__t2                               3.63
xa1.y__t0                          1.17012e-07
xa1.\$2__t3                               3.63
xa1.\$8__t1                               3.63
xa1.y__t1                          1.17015e-07
xa1.\$3__t0                               3.63
xa1.\$8__t0                               3.63
xa1.\$2                                   3.63
xa1.\$3                                   3.63
xa1.\$4                               0.535682
xa1.\$6                            6.08968e-08
xa1.\$8                                   3.63
xo                                 1.17002e-07
xsb.\$2__t0                               3.63
xsb.clk__t3                                  0
xsb.vss__t0                        5.68653e-12
xsb.d__t1                          1.17051e-07
xsb.\$2__t1                               3.63
xsb.\$3__t5                        1.54557e-07
xsb.\$5__t3                        3.77592e-08
xsb.\$13__t5                              3.63
xsb.vss__t4                         3.0686e-11
xsb.\$5__t2                        3.78073e-08
xsb.clk__t5                                  0
xsb.\$3__t4                        1.54812e-07
xsb.\$13__t6                              3.63
xsb.clk__t4                                  0
xsb.\$6__t5                               3.63
xsb.q__t3                          1.88751e-08
xsb.\$6__t3                               3.63
xsb.vss__t3                        4.86689e-15
xsb.\$8__t4                               3.63
xsb.\$2__t5                               3.63
xsb.\$6__t4                               3.63
xsb.\$13__t0                              3.63
xsb.\$3__t0                        1.54791e-07
xsb.\$9__t1                           0.538829
xsb.\$9__t0                           0.538829
xsb.rst_n__t1                                0
xsb.vss__t1                        2.95154e-12
xsb.\$8__t0                               3.63
xsb.q__t0                          1.90027e-08
xsb.\$10__t1                          0.538807
xsb.\$10__t0                          0.538807
xsb.rst_n__t0                                0
xsb.vss__t2                        4.91924e-12
xsb.\$2__t2                               3.63
xsb.clk__t0                                  0
xsb.vdd__t0                               3.63
xsb.\$15                               3.07573
xsb.d__t0                          1.17019e-07
xsb.clk__t1                                  0
xsb.\$3__t1                        1.54838e-07
xsb.\$13__t2                              3.63
xsb.\$3__t3                        1.54791e-07
xsb.vdd__t1                               3.63
xsb.\$13__t3                              3.63
xsb.rst_n__t2                                0
xsb.vdd__t2                               3.63
xsb.\$5__t0                        3.78193e-08
xsb.\$13__t1                              3.63
xsb.vdd__t3                               3.63
xsb.\$5__t1                        3.78218e-08
xsb.\$2__t3                               3.63
xsb.\$3__t2                         1.5489e-07
xsb.\$13__t4                              3.63
xsb.\$2__t4                               3.63
xsb.\$6__t0                               3.63
xsb.q__t2                          1.90914e-08
xsb.\$6__t2                               3.63
xsb.vdd__t4                               3.63
xsb.\$8__t1                               3.63
xsb.q__t1                          1.90027e-08
xsb.vdd__t5                               3.63
xsb.\$8__t2                               3.63
xsb.rst_n__t3                                0
xsb.vdd__t6                               3.63
xsb.\$8__t3                               3.63
xsb.clk__t2                                  0
xsb.\$6__t1                               3.63
xsb.\$10                              0.538807
xsb.\$13                                  3.63
xsb.\$2                                   3.63
xsb.\$3                            1.54791e-07
xsb.\$5                            3.78027e-08
xsb.\$6                                   3.63
xsb.\$8                                   3.63
xsb.\$9                               0.538829
clk                                          0
raw_bit                            1.90027e-08
rst_n                                        0
xsv.\$2__t0                               3.63
xsv.clk__t3                                  0
xsv.vss__t0                        5.68653e-12
xsv.d__t1                                 3.63
xsv.\$2__t1                               3.63
xsv.\$3__t5                               3.63
xsv.\$5__t3                        3.89451e-08
xsv.\$13__t5                              3.63
xsv.vss__t4                         3.1555e-11
xsv.\$5__t2                        3.89953e-08
xsv.clk__t5                                  0
xsv.\$3__t4                               3.63
xsv.\$13__t6                              3.63
xsv.clk__t4                                  0
xsv.\$6__t5                               3.63
xsv.q__t3                           1.9188e-08
xsv.\$6__t3                               3.63
xsv.vss__t3                        4.93314e-15
xsv.\$8__t4                               3.63
xsv.\$2__t5                               3.63
xsv.\$6__t4                               3.63
xsv.\$13__t0                              3.63
xsv.\$3__t0                               3.63
xsv.\$9__t1                            2.88629
xsv.\$9__t0                            2.88629
xsv.rst_n__t1                                0
xsv.vss__t1                        3.06316e-12
xsv.\$8__t0                               3.63
xsv.q__t0                          1.93183e-08
xsv.\$10__t1                          0.538807
xsv.\$10__t0                          0.538807
xsv.rst_n__t0                                0
xsv.vss__t2                        4.91924e-12
xsv.\$2__t2                               3.63
xsv.clk__t0                                  0
xsv.vdd__t0                               3.63
xsv.\$15                                3.1451
xsv.d__t0                                 3.63
xsv.clk__t1                                  0
xsv.\$3__t1                               3.63
xsv.\$13__t2                              3.63
xsv.\$3__t3                               3.63
xsv.vdd__t1                               3.63
xsv.\$13__t3                              3.63
xsv.rst_n__t2                                0
xsv.vdd__t2                               3.63
xsv.\$5__t0                         3.9007e-08
xsv.\$13__t1                              3.63
xsv.vdd__t3                               3.63
xsv.\$5__t1                        3.90096e-08
xsv.\$2__t3                               3.63
xsv.\$3__t2                               3.63
xsv.\$13__t4                              3.63
xsv.\$2__t4                               3.63
xsv.\$6__t0                               3.63
xsv.q__t2                           1.9409e-08
xsv.\$6__t2                               3.63
xsv.vdd__t4                               3.63
xsv.\$8__t1                               3.63
xsv.q__t1                          1.93183e-08
xsv.vdd__t5                               3.63
xsv.\$8__t2                               3.63
xsv.rst_n__t3                                0
xsv.vdd__t6                               3.63
xsv.\$8__t3                               3.63
xsv.clk__t2                                  0
xsv.\$6__t1                               3.63
xsv.\$10                              0.538807
xsv.\$13                                  3.63
xsv.\$2                                   3.63
xsv.\$3                                   3.63
xsv.\$5                            3.89901e-08
xsv.\$6                                   3.63
xsv.\$8                                   3.63
xsv.\$9                                2.88629
raw_valid                          1.93183e-08
x1                                      -1.815
x2                                      -1.815
vth                                      1.815
tclkv                                    1e-08
btclk#branch                                 0
bvth#branch                                  0
bx2#branch                                   0
bx1#branch                                   0
vclk#branch                                  0
vrst#branch                                  0
vn2a#branch                                  0
vn29#branch                                  0
vn28#branch                                  0
vn27#branch                                  0
vn26#branch                                  0
vn25#branch                                  0
vn24#branch                                  0
vn23#branch                                  0
vn22#branch                                  0
vn21#branch                                  0
vn20#branch                         2.1972e-25
vn1a#branch                                  0
vn19#branch                                  0
vn18#branch                                  0
vn17#branch                                  0
vn16#branch                                  0
vn15#branch                                  0
vn14#branch                                  0
vn13#branch                                  0
vn12#branch                                  0
vn11#branch                                  0
vn10#branch                        7.18936e-25
vtr#branch                         9.86332e-11
vr2#branch                          1.4883e-05
vr1#branch                         1.39824e-05
ven#branch                        -8.32667e-17
vsup#branch                       -2.88655e-05

 Reference value :  0.00000e+00
 Reference value :  2.00000e-11
 Reference value :  2.10588e-10
 Reference value :  4.30000e-10
 Reference value :  6.40000e-10
 Reference value :  8.34118e-10
 Reference value :  1.05706e-09
 Reference value :  1.20412e-09
 Reference value :  1.43176e-09
 Reference value :  1.62000e-09
 Reference value :  1.84000e-09
 Reference value :  2.07059e-09
 Reference value :  2.28059e-09
 Reference value :  2.51176e-09
 Reference value :  2.73000e-09
 Reference value :  2.95412e-09
 Reference value :  3.16412e-09
 Reference value :  3.31176e-09
 Reference value :  3.50706e-09
 Reference value :  3.71412e-09
 Reference value :  3.93412e-09
 Reference value :  4.10412e-09
 Reference value :  4.32000e-09
 Reference value :  4.52706e-09
 Reference value :  4.74706e-09
 Reference value :  4.97706e-09
 Reference value :  5.15000e-09
 Reference value :  5.37176e-09
 Reference value :  5.58176e-09
 Reference value :  5.81176e-09
 Reference value :  6.02412e-09
 Reference value :  6.25176e-09
 Reference value :  6.48000e-09
 Reference value :  6.69059e-09
 Reference value :  6.91059e-09
 Reference value :  7.10059e-09
 Reference value :  7.31706e-09
 Reference value :  7.55059e-09
 Reference value :  7.76706e-09
 Reference value :  7.89176e-09
 Reference value :  8.03706e-09
 Reference value :  8.18412e-09
 Reference value :  8.31412e-09
 Reference value :  8.42176e-09
 Reference value :  8.52176e-09
 Reference value :  8.63706e-09
 Reference value :  8.75706e-09
 Reference value :  8.82059e-09
 Reference value :  9.03412e-09
 Reference value :  9.23059e-09
 Reference value :  9.46000e-09
 Reference value :  9.66706e-09
 Reference value :  9.90412e-09
 Reference value :  1.01271e-08
 Reference value :  1.03200e-08
 Reference value :  1.03706e-08
 Reference value :  1.04541e-08
 Reference value :  1.05800e-08
 Reference value :  1.06841e-08
 Reference value :  1.07018e-08
 Reference value :  1.08406e-08
 Reference value :  1.09406e-08
 Reference value :  1.10000e-08
 Reference value :  1.11206e-08
 Reference value :  1.12400e-08
 Reference value :  1.12571e-08
 Reference value :  1.14718e-08
 Reference value :  1.16818e-08
 Reference value :  1.18818e-08
 Reference value :  1.19118e-08
 Reference value :  1.21200e-08
 Reference value :  1.22871e-08
 Reference value :  1.24700e-08
 Reference value :  1.26871e-08
 Reference value :  1.29100e-08
 Reference value :  1.31006e-08
 Reference value :  1.33206e-08
 Reference value :  1.35341e-08
 Reference value :  1.37606e-08
 Reference value :  1.39518e-08
 Reference value :  1.41806e-08
 Reference value :  1.44018e-08
 Reference value :  1.46206e-08
 Reference value :  1.48541e-08
 Reference value :  1.50618e-08
 Reference value :  1.52841e-08
 Reference value :  1.54900e-08
 Reference value :  1.57200e-08
 Reference value :  1.59406e-08
 Reference value :  1.61618e-08
 Reference value :  1.63800e-08
 Reference value :  1.65718e-08
 Reference value :  1.66406e-08
 Reference value :  1.68400e-08
 Reference value :  1.70618e-08
 Reference value :  1.72906e-08
 Reference value :  1.74771e-08
 Reference value :  1.77018e-08
 Reference value :  1.79100e-08
 Reference value :  1.81341e-08
 Reference value :  1.83441e-08
 Reference value :  1.85718e-08
 Reference value :  1.87818e-08
 Reference value :  1.89806e-08
 Reference value :  1.91618e-08
 Reference value :  1.91700e-08
 Reference value :  1.91771e-08
 Reference value :  1.92441e-08
 Reference value :  1.93341e-08
 Reference value :  1.94241e-08
 Reference value :  1.95218e-08
 Reference value :  1.96741e-08
 Reference value :  1.98800e-08
 Reference value :  2.00570e-08
 Reference value :  2.02141e-08
 Reference value :  2.04441e-08
 Reference value :  2.05018e-08
 Reference value :  2.07306e-08
 Reference value :  2.09600e-08
 Reference value :  2.11618e-08
 Reference value :  2.13918e-08
 Reference value :  2.15618e-08
 Reference value :  2.17906e-08
 Reference value :  2.20041e-08
 Reference value :  2.22441e-08
 Reference value :  2.24641e-08
 Reference value :  2.26871e-08
 Reference value :  2.29118e-08
 Reference value :  2.30800e-08
 Reference value :  2.31318e-08
 Reference value :  2.32206e-08
 Reference value :  2.33400e-08
 Reference value :  2.34541e-08
 Reference value :  2.35041e-08
 Reference value :  2.35106e-08
 Reference value :  2.35200e-08
 Reference value :  2.35341e-08
 Reference value :  2.37406e-08
 Reference value :  2.39700e-08
 Reference value :  2.41806e-08
 Reference value :  2.44200e-08
 Reference value :  2.46141e-08
 Reference value :  2.47941e-08
 Reference value :  2.50171e-08
 Reference value :  2.52218e-08
 Reference value :  2.54506e-08
 Reference value :  2.56618e-08
 Reference value :  2.58971e-08
 Reference value :  2.61200e-08
 Reference value :  2.63071e-08
 Reference value :  2.64906e-08
 Reference value :  2.66841e-08
 Reference value :  2.69141e-08
 Reference value :  2.71118e-08
 Reference value :  2.73441e-08
 Reference value :  2.75606e-08
 Reference value :  2.77771e-08
 Reference value :  2.80041e-08
 Reference value :  2.82071e-08
 Reference value :  2.84318e-08
 Reference value :  2.86271e-08
 Reference value :  2.88518e-08
 Reference value :  2.90806e-08
 Reference value :  2.92941e-08
 Reference value :  2.95271e-08
 Reference value :  2.96106e-08
 Reference value :  2.96541e-08
 Reference value :  2.97241e-08
 Reference value :  2.98741e-08
 Reference value :  2.99906e-08
 Reference value :  3.00406e-08
 Reference value :  3.01706e-08
 Reference value :  3.02606e-08
 Reference value :  3.02971e-08
 Reference value :  3.03918e-08
 Reference value :  3.04006e-08
 Reference value :  3.04271e-08
 Reference value :  3.06571e-08
 Reference value :  3.08541e-08
 Reference value :  3.09371e-08
 Reference value :  3.10306e-08
 Reference value :  3.11606e-08
 Reference value :  3.12771e-08
 Reference value :  3.13941e-08
 Reference value :  3.15006e-08
 Reference value :  3.15841e-08
 Reference value :  3.17771e-08
 Reference value :  3.20006e-08
 Reference value :  3.22006e-08
 Reference value :  3.24206e-08
 Reference value :  3.26271e-08
 Reference value :  3.28318e-08
 Reference value :  3.29341e-08
 Reference value :  3.31318e-08
 Reference value :  3.33541e-08
 Reference value :  3.35600e-08
 Reference value :  3.37771e-08
 Reference value :  3.39906e-08
 Reference value :  3.42206e-08
 Reference value :  3.44441e-08
 Reference value :  3.46406e-08
 Reference value :  3.48600e-08
 Reference value :  3.50071e-08
 Reference value :  3.52218e-08
 Reference value :  3.54306e-08
 Reference value :  3.56500e-08
 Reference value :  3.58741e-08
 Reference value :  3.60170e-08
 Reference value :  3.62341e-08
 Reference value :  3.64471e-08
 Reference value :  3.66600e-08
 Reference value :  3.68771e-08
 Reference value :  3.70900e-08
 Reference value :  3.72871e-08
 Reference value :  3.74841e-08
 Reference value :  3.77006e-08
 Reference value :  3.79018e-08
 Reference value :  3.81118e-08
 Reference value :  3.83206e-08
 Reference value :  3.83871e-08
 Reference value :  3.84006e-08
 Reference value :  3.84441e-08
 Reference value :  3.85700e-08
 Reference value :  3.86541e-08
 Reference value :  3.87700e-08
 Reference value :  3.88141e-08
 Reference value :  3.88671e-08
 Reference value :  3.89506e-08
 Reference value :  3.90618e-08
 Reference value :  3.90706e-08
 Reference value :  3.90841e-08
 Reference value :  3.91006e-08
 Reference value :  3.91100e-08
 Reference value :  3.91171e-08
 Reference value :  3.92518e-08
 Reference value :  3.94771e-08
 Reference value :  3.96541e-08
 Reference value :  3.97106e-08
 Reference value :  3.98406e-08
 Reference value :  4.00200e-08
 Reference value :  4.02400e-08
 Reference value :  4.04406e-08
 Reference value :  4.05471e-08
 Reference value :  4.06206e-08
 Reference value :  4.06471e-08
 Reference value :  4.06606e-08
 Reference value :  4.08506e-08
 Reference value :  4.10272e-08
 Reference value :  4.12306e-08
 Reference value :  4.14606e-08
 Reference value :  4.15741e-08
 Reference value :  4.15800e-08
 Reference value :  4.15871e-08
 Reference value :  4.16900e-08
 Reference value :  4.19000e-08
 Reference value :  4.20841e-08
 Reference value :  4.22600e-08
 Reference value :  4.23100e-08
 Reference value :  4.23171e-08
 Reference value :  4.24400e-08
 Reference value :  4.26606e-08
 Reference value :  4.28300e-08
 Reference value :  4.29171e-08
 Reference value :  4.30341e-08
 Reference value :  4.32518e-08
 Reference value :  4.34606e-08
 Reference value :  4.36171e-08
 Reference value :  4.37100e-08
 Reference value :  4.37318e-08
 Reference value :  4.37641e-08
 Reference value :  4.38741e-08
 Reference value :  4.39906e-08
 Reference value :  4.41006e-08
 Reference value :  4.42106e-08
 Reference value :  4.42500e-08
 Reference value :  4.42541e-08
 Reference value :  4.43206e-08
 Reference value :  4.43418e-08
 Reference value :  4.43506e-08
 Reference value :  4.43641e-08
 Reference value :  4.43971e-08
 Reference value :  4.44300e-08
 Reference value :  4.44918e-08
 Reference value :  4.45041e-08
 Reference value :  4.45500e-08
 Reference value :  4.46006e-08
 Reference value :  4.46071e-08
 Reference value :  4.46141e-08
 Reference value :  4.46241e-08
 Reference value :  4.46318e-08
 Reference value :  4.46406e-08
 Reference value :  4.46500e-08
 Reference value :  4.46541e-08
 Reference value :  4.46618e-08
 Reference value :  4.46718e-08
 Reference value :  4.46800e-08
 Reference value :  4.46871e-08
 Reference value :  4.46941e-08
 Reference value :  4.47018e-08
 Reference value :  4.47118e-08
 Reference value :  4.47200e-08
 Reference value :  4.47241e-08
 Reference value :  4.47318e-08
 Reference value :  4.47406e-08
 Reference value :  4.47471e-08
 Reference value :  4.47518e-08
 Reference value :  4.47741e-08
 Reference value :  4.48171e-08
 Reference value :  4.49641e-08
 Reference value :  4.50906e-08
 Reference value :  4.52506e-08
 Reference value :  4.52618e-08
 Reference value :  4.53841e-08
 Reference value :  4.56006e-08
 Reference value :  4.58018e-08
 Reference value :  4.60000e-08
 Reference value :  4.62171e-08
 Reference value :  4.63606e-08
 Reference value :  4.63906e-08
 Reference value :  4.65541e-08
 Reference value :  4.67771e-08
 Reference value :  4.69671e-08
 Reference value :  4.70541e-08
 Reference value :  4.71841e-08
 Reference value :  4.73141e-08
 Reference value :  4.74241e-08
 Reference value :  4.76200e-08
 Reference value :  4.78141e-08
 Reference value :  4.79900e-08
 Reference value :  4.82141e-08
 Reference value :  4.83006e-08
 Reference value :  4.84371e-08
 Reference value :  4.84906e-08
 Reference value :  4.86818e-08
 Reference value :  4.89206e-08
 Reference value :  4.91100e-08
 Reference value :  4.92141e-08
 Reference value :  4.93071e-08
 Reference value :  4.95306e-08
 Reference value :  4.97506e-08
 Reference value :  4.99606e-08
 Reference value :  5.01400e-08
 Reference value :  5.03241e-08
 Reference value :  5.04406e-08
 Reference value :  5.05118e-08
 Reference value :  5.07371e-08
 Reference value :  5.09700e-08
 Reference value :  5.11271e-08
 Reference value :  5.13271e-08
 Reference value :  5.13718e-08
 Reference value :  5.14306e-08
 Reference value :  5.15300e-08
 Reference value :  5.16641e-08
 Reference value :  5.18000e-08
 Reference value :  5.18600e-08
 Reference value :  5.18671e-08
 Reference value :  5.19341e-08
 Reference value :  5.20218e-08
 Reference value :  5.20641e-08
 Reference value :  5.22806e-08
 Reference value :  5.23718e-08
 Reference value :  5.24700e-08
 Reference value :  5.25341e-08
 Reference value :  5.27106e-08
 Reference value :  5.29206e-08
 Reference value :  5.30100e-08
 Reference value :  5.30306e-08
 Reference value :  5.31741e-08
 Reference value :  5.32241e-08
 Reference value :  5.33141e-08
 Reference value :  5.35300e-08
 Reference value :  5.37471e-08
 Reference value :  5.38906e-08
 Reference value :  5.39571e-08
 Reference value :  5.40100e-08
 Reference value :  5.42341e-08
 Reference value :  5.44300e-08
 Reference value :  5.46471e-08
 Reference value :  5.48600e-08
 Reference value :  5.50119e-08
 Reference value :  5.51441e-08
 Reference value :  5.52518e-08
 Reference value :  5.54706e-08
 Reference value :  5.56471e-08
 Reference value :  5.58118e-08
 Reference value :  5.60000e-08
 Reference value :  5.61471e-08
 Reference value :  5.63718e-08
 Reference value :  5.65306e-08
 Reference value :  5.66300e-08
 Reference value :  5.68341e-08
 Reference value :  5.70018e-08
 Reference value :  5.70706e-08
 Reference value :  5.72718e-08
 Reference value :  5.74941e-08
 Reference value :  5.76700e-08
 Reference value :  5.77700e-08
 Reference value :  5.78318e-08
 Reference value :  5.80341e-08
 Reference value :  5.82600e-08
 Reference value :  5.84600e-08
 Reference value :  5.86471e-08
 Reference value :  5.88406e-08
 Reference value :  5.89306e-08
 Reference value :  5.90018e-08
 Reference value :  5.91600e-08
 Reference value :  5.93700e-08
 Reference value :  5.95600e-08
 Reference value :  5.97418e-08
 Reference value :  5.99441e-08
 Reference value :  6.00771e-08
 Reference value :  6.00971e-08
 Reference value :  6.02606e-08
 Reference value :  6.04800e-08
 Reference value :  6.06800e-08
 Reference value :  6.09000e-08
 Reference value :  6.10000e-08
 Reference value :  6.10800e-08
 Reference value :  6.12918e-08
 Reference value :  6.14700e-08
 Reference value :  6.16771e-08
 Reference value :  6.18618e-08
 Reference value :  6.19541e-08
 Reference value :  6.20441e-08
 Reference value :  6.22571e-08
 Reference value :  6.24800e-08
 Reference value :  6.26300e-08
 Reference value :  6.27341e-08
 Reference value :  6.28541e-08
 Reference value :  6.29006e-08
 Reference value :  6.29100e-08
 Reference value :  6.29318e-08
 Reference value :  6.29918e-08
 Reference value :  6.30606e-08
 Reference value :  6.31100e-08
 Reference value :  6.31141e-08
 Reference value :  6.31771e-08
 Reference value :  6.32000e-08
 Reference value :  6.32271e-08
 Reference value :  6.32500e-08
 Reference value :  6.32700e-08
 Reference value :  6.32941e-08
 Reference value :  6.33406e-08
 Reference value :  6.33941e-08
 Reference value :  6.34671e-08
 Reference value :  6.34718e-08
 Reference value :  6.34806e-08
 Reference value :  6.36806e-08
 Reference value :  6.37271e-08
 Reference value :  6.37400e-08
 Reference value :  6.39506e-08
 Reference value :  6.41706e-08
 Reference value :  6.43806e-08
 Reference value :  6.45971e-08
 Reference value :  6.47600e-08
 Reference value :  6.49441e-08
 Reference value :  6.50000e-08
 Reference value :  6.51871e-08
 Reference value :  6.54141e-08
 Reference value :  6.56171e-08
 Reference value :  6.58441e-08
 Reference value :  6.60143e-08
 Reference value :  6.62371e-08
 Reference value :  6.63941e-08
 Reference value :  6.64506e-08
 Reference value :  6.66400e-08
 Reference value :  6.67906e-08
 Reference value :  6.68600e-08
 Reference value :  6.69941e-08
 Reference value :  6.71300e-08
 Reference value :  6.72206e-08
 Reference value :  6.73971e-08
 Reference value :  6.74941e-08
 Reference value :  6.75100e-08
 Reference value :  6.75171e-08
 Reference value :  6.75606e-08
 Reference value :  6.76306e-08
 Reference value :  6.77100e-08
 Reference value :  6.77818e-08
 Reference value :  6.79006e-08
 Reference value :  6.79618e-08
 Reference value :  6.79700e-08
 Reference value :  6.80471e-08
 Reference value :  6.80671e-08
 Reference value :  6.81518e-08
 Reference value :  6.82018e-08
 Reference value :  6.84306e-08
 Reference value :  6.86571e-08
 Reference value :  6.88606e-08
 Reference value :  6.90871e-08
 Reference value :  6.92318e-08
 Reference value :  6.92406e-08
 Reference value :  6.93741e-08
 Reference value :  6.95218e-08
 Reference value :  6.95718e-08
 Reference value :  6.96006e-08
 Reference value :  6.97000e-08
 Reference value :  6.97671e-08
 Reference value :  6.97741e-08
 Reference value :  6.97806e-08
 Reference value :  6.98200e-08
 Reference value :  6.99418e-08
 Reference value :  7.00021e-08
 Reference value :  7.00241e-08
 Reference value :  7.00718e-08
 Reference value :  7.01218e-08
 Reference value :  7.02571e-08
 Reference value :  7.03006e-08
 Reference value :  7.04018e-08
 Reference value :  7.04500e-08
 Reference value :  7.04818e-08
 Reference value :  7.06841e-08
 Reference value :  7.09100e-08
 Reference value :  7.10641e-08
 Reference value :  7.11500e-08
 Reference value :  7.12300e-08
 Reference value :  7.12818e-08
 Reference value :  7.14071e-08
 Reference value :  7.15100e-08
 Reference value :  7.16400e-08
 Reference value :  7.17571e-08
 Reference value :  7.18841e-08
 Reference value :  7.19441e-08
 Reference value :  7.20018e-08
 Reference value :  7.20118e-08
 Reference value :  7.21571e-08
 Reference value :  7.23771e-08
 Reference value :  7.25141e-08
 Reference value :  7.26771e-08
 Reference value :  7.28006e-08
 Reference value :  7.29518e-08
 Reference value :  7.30971e-08
 Reference value :  7.32206e-08
 Reference value :  7.33500e-08
 Reference value :  7.34000e-08
 Reference value :  7.34171e-08
 Reference value :  7.34241e-08
 Reference value :  7.36200e-08
 Reference value :  7.38018e-08
 Reference value :  7.38571e-08
 Reference value :  7.40706e-08
 Reference value :  7.42718e-08
 Reference value :  7.45018e-08
 Reference value :  7.47106e-08
 Reference value :  7.49006e-08
 Reference value :  7.50841e-08
 Reference value :  7.51318e-08
 Reference value :  7.51400e-08
 Reference value :  7.51441e-08
 Reference value :  7.52118e-08
 Reference value :  7.53700e-08
 Reference value :  7.55441e-08
 Reference value :  7.56518e-08
 Reference value :  7.57871e-08
 Reference value :  7.59500e-08
 Reference value :  7.61106e-08
 Reference value :  7.63500e-08
 Reference value :  7.65541e-08
 Reference value :  7.67718e-08
 Reference value :  7.70041e-08
 Reference value :  7.71218e-08
 Reference value :  7.71941e-08
 Reference value :  7.73018e-08
 Reference value :  7.74400e-08
 Reference value :  7.75571e-08
 Reference value :  7.76841e-08
 Reference value :  7.77900e-08
 Reference value :  7.78618e-08
 Reference value :  7.78706e-08
 Reference value :  7.79900e-08
 Reference value :  7.80941e-08
 Reference value :  7.82100e-08
 Reference value :  7.83500e-08
 Reference value :  7.84506e-08
 Reference value :  7.85818e-08
 Reference value :  7.86671e-08
 Reference value :  7.87506e-08
 Reference value :  7.88900e-08
 Reference value :  7.89706e-08
 Reference value :  7.91941e-08
 Reference value :  7.93971e-08
 Reference value :  7.96071e-08
 Reference value :  7.96641e-08
 Reference value :  7.98400e-08
 Reference value :  8.00024e-08
 Reference value :  8.01641e-08
 Reference value :  8.02306e-08
 Reference value :  8.04300e-08
 Reference value :  8.06271e-08
 Reference value :  8.08071e-08
 Reference value :  8.10000e-08
 Reference value :  8.12218e-08
 Reference value :  8.14106e-08
 Reference value :  8.16371e-08
 Reference value :  8.18241e-08
 Reference value :  8.20506e-08
 Reference value :  8.21106e-08
 Reference value :  8.22518e-08
 Reference value :  8.24706e-08
 Reference value :  8.26571e-08
 Reference value :  8.28518e-08
 Reference value :  8.29706e-08
 Reference value :  8.32041e-08
 Reference value :  8.34071e-08
 Reference value :  8.36306e-08
 Reference value :  8.38500e-08
 Reference value :  8.40506e-08
 Reference value :  8.42818e-08
 Reference value :  8.44900e-08
 Reference value :  8.47200e-08
 Reference value :  8.49171e-08
 Reference value :  8.50700e-08
 Reference value :  8.52918e-08
 Reference value :  8.53506e-08
 Reference value :  8.55571e-08
 Reference value :  8.57518e-08
 Reference value :  8.59641e-08
 Reference value :  8.61306e-08
 Reference value :  8.63406e-08
 Reference value :  8.65541e-08
 Reference value :  8.67641e-08
 Reference value :  8.69718e-08
 Reference value :  8.71100e-08
 Reference value :  8.72818e-08
 Reference value :  8.74771e-08
 Reference value :  8.77018e-08
 Reference value :  8.79000e-08
 Reference value :  8.80918e-08
 Reference value :  8.83141e-08
 Reference value :  8.84518e-08
 Reference value :  8.86700e-08
 Reference value :  8.88671e-08
 Reference value :  8.90841e-08
 Reference value :  8.93006e-08
 Reference value :  8.94941e-08
 Reference value :  8.97200e-08
 Reference value :  8.98971e-08
 Reference value :  9.00570e-08
 Reference value :  9.02518e-08
 Reference value :  9.04006e-08
 Reference value :  9.05306e-08
 Reference value :  9.06271e-08
 Reference value :  9.08341e-08
 Reference value :  9.09206e-08
 Reference value :  9.10970e-08
 Reference value :  9.11518e-08
 Reference value :  9.11706e-08
 Reference value :  9.12818e-08
 Reference value :  9.15006e-08
 Reference value :  9.16841e-08
 Reference value :  9.17741e-08
 Reference value :  9.19918e-08
 Reference value :  9.22006e-08
 Reference value :  9.24300e-08
 Reference value :  9.26500e-08
 Reference value :  9.28418e-08
 Reference value :  9.30541e-08
 Reference value :  9.31906e-08
 Reference value :  9.33406e-08
 Reference value :  9.34171e-08
 Reference value :  9.35918e-08
 Reference value :  9.38006e-08
 Reference value :  9.39141e-08
 Reference value :  9.39518e-08
 Reference value :  9.40418e-08
 Reference value :  9.40918e-08
 Reference value :  9.41706e-08
 Reference value :  9.41806e-08
 Reference value :  9.41900e-08
 Reference value :  9.41971e-08
 Reference value :  9.42018e-08
 Reference value :  9.42106e-08
 Reference value :  9.42200e-08
 Reference value :  9.42271e-08
 Reference value :  9.42341e-08
 Reference value :  9.42406e-08
 Reference value :  9.42471e-08
 Reference value :  9.42600e-08
 Reference value :  9.42671e-08
 Reference value :  9.42718e-08
 Reference value :  9.42871e-08
 Reference value :  9.42941e-08
 Reference value :  9.43006e-08
 Reference value :  9.43106e-08
 Reference value :  9.43200e-08
 Reference value :  9.43241e-08
 Reference value :  9.43306e-08
 Reference value :  9.43406e-08
 Reference value :  9.43471e-08
 Reference value :  9.43641e-08
 Reference value :  9.44106e-08
 Reference value :  9.44641e-08
 Reference value :  9.44971e-08
 Reference value :  9.45100e-08
 Reference value :  9.45241e-08
 Reference value :  9.45306e-08
 Reference value :  9.45618e-08
 Reference value :  9.45918e-08
 Reference value :  9.46171e-08
 Reference value :  9.46541e-08
 Reference value :  9.46618e-08
 Reference value :  9.47106e-08
 Reference value :  9.47171e-08
 Reference value :  9.47700e-08
 Reference value :  9.47941e-08
 Reference value :  9.48206e-08
 Reference value :  9.48900e-08
 Reference value :  9.49571e-08
 Reference value :  9.51071e-08
 Reference value :  9.53006e-08
 Reference value :  9.54900e-08
 Reference value :  9.56941e-08
 Reference value :  9.59018e-08
 Reference value :  9.60007e-08
 Reference value :  9.60517e-08
 Reference value :  9.62306e-08
 Reference value :  9.64600e-08
 Reference value :  9.66118e-08
 Reference value :  9.66818e-08
 Reference value :  9.66971e-08
 Reference value :  9.69141e-08
 Reference value :  9.71000e-08
 Reference value :  9.73141e-08
 Reference value :  9.74700e-08
 Reference value :  9.75806e-08
 Reference value :  9.76700e-08
 Reference value :  9.78700e-08
 Reference value :  9.80871e-08
 Reference value :  9.82600e-08
 Reference value :  9.83618e-08
 Reference value :  9.84071e-08
 Reference value :  9.85906e-08
 Reference value :  9.88171e-08
 Reference value :  9.89841e-08
 Reference value :  9.90618e-08
 Reference value :  9.91606e-08
 Reference value :  9.92400e-08
 Reference value :  9.94518e-08
 Reference value :  9.96606e-08
 Reference value :  9.98818e-08
 Reference value :  1.00000e-07
 Reference value :  1.00030e-07
 Reference value :  1.00161e-07
 Reference value :  1.00252e-07
 Reference value :  1.00310e-07
 Reference value :  1.00531e-07
 Reference value :  1.00670e-07
 Reference value :  1.00870e-07
 Reference value :  1.01030e-07
 Reference value :  1.01232e-07
 Reference value :  1.01460e-07
 Reference value :  1.01667e-07
 Reference value :  1.01890e-07
 Reference value :  1.02120e-07
 Reference value :  1.02332e-07
 Reference value :  1.02550e-07
 Reference value :  1.02690e-07
 Reference value :  1.02834e-07
 Reference value :  1.02947e-07
 Reference value :  1.03097e-07
 Reference value :  1.03207e-07
 Reference value :  1.03317e-07
 Reference value :  1.03432e-07
 Reference value :  1.03504e-07
 Reference value :  1.03564e-07
 Reference value :  1.03617e-07
 Reference value :  1.03624e-07
 Reference value :  1.03631e-07
 Reference value :  1.03637e-07
 Reference value :  1.03644e-07
 Reference value :  1.03652e-07
 Reference value :  1.03660e-07
 Reference value :  1.03664e-07
 Reference value :  1.03691e-07
 Reference value :  1.03700e-07
 Reference value :  1.03707e-07
 Reference value :  1.03714e-07
 Reference value :  1.03722e-07
 Reference value :  1.03730e-07
 Reference value :  1.03734e-07
 Reference value :  1.03741e-07
 Reference value :  1.03750e-07
 Reference value :  1.03754e-07
 Reference value :  1.03761e-07
 Reference value :  1.03767e-07
 Reference value :  1.03772e-07
 Reference value :  1.03781e-07
 Reference value :  1.03874e-07
 Reference value :  1.04014e-07
 Reference value :  1.04167e-07
 Reference value :  1.04340e-07
 Reference value :  1.04532e-07
 Reference value :  1.04744e-07
 Reference value :  1.04962e-07
 Reference value :  1.05122e-07
 Reference value :  1.05350e-07
 Reference value :  1.05541e-07
 Reference value :  1.05747e-07
 Reference value :  1.05797e-07
 Reference value :  1.06000e-07
 Reference value :  1.06194e-07
 Reference value :  1.06394e-07
 Reference value :  1.06554e-07
 Reference value :  1.06577e-07
 Reference value :  1.06622e-07
 Reference value :  1.06657e-07
 Reference value :  1.06700e-07
 Reference value :  1.06762e-07
 Reference value :  1.06787e-07
 Reference value :  1.06822e-07
 Reference value :  1.06854e-07
 Reference value :  1.06864e-07
 Reference value :  1.06984e-07
 Reference value :  1.07090e-07
 Reference value :  1.07110e-07
 Reference value :  1.07214e-07
 Reference value :  1.07260e-07
 Reference value :  1.07272e-07
 Reference value :  1.07397e-07
 Reference value :  1.07524e-07
 Reference value :  1.07552e-07
 Reference value :  1.07681e-07
 Reference value :  1.07774e-07
 Reference value :  1.07990e-07
 Reference value :  1.08184e-07
 Reference value :  1.08414e-07
 Reference value :  1.08630e-07
 Reference value :  1.08847e-07
 Reference value :  1.09070e-07
 Reference value :  1.09280e-07
 Reference value :  1.09502e-07
 Reference value :  1.09712e-07
 Reference value :  1.09932e-07
 Reference value :  1.10100e-07
 Reference value :  1.10320e-07
 Reference value :  1.10547e-07
 Reference value :  1.10764e-07
 Reference value :  1.11000e-07
 Reference value :  1.11170e-07
 Reference value :  1.11204e-07
 Reference value :  1.11372e-07
 Reference value :  1.11564e-07
 Reference value :  1.11792e-07
 Reference value :  1.11982e-07
 Reference value :  1.12192e-07
 Reference value :  1.12400e-07
 Reference value :  1.12597e-07
 Reference value :  1.12801e-07
 Reference value :  1.12954e-07
 Reference value :  1.13182e-07
 Reference value :  1.13374e-07
 Reference value :  1.13602e-07
 Reference value :  1.13807e-07
 Reference value :  1.13992e-07
 Reference value :  1.14194e-07
 Reference value :  1.14401e-07
 Reference value :  1.14627e-07
 Reference value :  1.14710e-07
 Reference value :  1.14714e-07
 Reference value :  1.14722e-07
 Reference value :  1.14764e-07
 Reference value :  1.14967e-07
 Reference value :  1.15144e-07
 Reference value :  1.15351e-07
 Reference value :  1.15567e-07
 Reference value :  1.15741e-07
 Reference value :  1.15967e-07
 Reference value :  1.16132e-07
 Reference value :  1.16317e-07
 Reference value :  1.16551e-07
 Reference value :  1.16757e-07
 Reference value :  1.16960e-07
 Reference value :  1.17027e-07
 Reference value :  1.17154e-07
 Reference value :  1.17251e-07
 Reference value :  1.17360e-07
 Reference value :  1.17484e-07
 Reference value :  1.17572e-07
 Reference value :  1.17730e-07
 Reference value :  1.17740e-07
 Reference value :  1.17754e-07
 Reference value :  1.17977e-07
 Reference value :  1.18184e-07
 Reference value :  1.18401e-07
 Reference value :  1.18550e-07
 Reference value :  1.18620e-07
 Reference value :  1.18730e-07
 Reference value :  1.18864e-07
 Reference value :  1.18964e-07
 Reference value :  1.19094e-07
 Reference value :  1.19212e-07
 Reference value :  1.19334e-07
 Reference value :  1.19457e-07
 Reference value :  1.19581e-07
 Reference value :  1.19780e-07
 Reference value :  1.19980e-07
 Reference value :  1.20000e-07
 Reference value :  1.20140e-07
 Reference value :  1.20332e-07
 Reference value :  1.20512e-07
 Reference value :  1.20672e-07
 Reference value :  1.20880e-07
 Reference value :  1.21037e-07
 Reference value :  1.21254e-07
 Reference value :  1.21280e-07
 Reference value :  1.21322e-07
 Reference value :  1.21330e-07
 Reference value :  1.21392e-07
 Reference value :  1.21492e-07
 Reference value :  1.21527e-07
 Reference value :  1.21557e-07
 Reference value :  1.21577e-07
 Reference value :  1.21594e-07
 Reference value :  1.21634e-07
 Reference value :  1.21841e-07
 Reference value :  1.22051e-07
 Reference value :  1.22251e-07
 Reference value :  1.22457e-07
 Reference value :  1.22567e-07
 Reference value :  1.22621e-07
 Reference value :  1.22660e-07
 Reference value :  1.22780e-07
 Reference value :  1.22891e-07
 Reference value :  1.22994e-07
 Reference value :  1.23120e-07
 Reference value :  1.23142e-07
 Reference value :  1.23157e-07
 Reference value :  1.23284e-07
 Reference value :  1.23291e-07
 Reference value :  1.23297e-07
 Reference value :  1.23304e-07
 Reference value :  1.23311e-07
 Reference value :  1.23317e-07
 Reference value :  1.23324e-07
 Reference value :  1.23331e-07
 Reference value :  1.23350e-07
 Reference value :  1.23370e-07
 Reference value :  1.23420e-07
 Reference value :  1.23427e-07
 Reference value :  1.23507e-07
 Reference value :  1.23512e-07
 Reference value :  1.23521e-07
 Reference value :  1.23621e-07
 Reference value :  1.23651e-07
 Reference value :  1.23657e-07
 Reference value :  1.23664e-07
 Reference value :  1.23672e-07
 Reference value :  1.23680e-07
 Reference value :  1.23684e-07
 Reference value :  1.23691e-07
 Reference value :  1.23857e-07
 Reference value :  1.24012e-07
 Reference value :  1.24210e-07
 Reference value :  1.24400e-07
 Reference value :  1.24590e-07
 Reference value :  1.24802e-07
 Reference value :  1.24997e-07
 Reference value :  1.25167e-07
 Reference value :  1.25382e-07
 Reference value :  1.25497e-07
 Reference value :  1.25592e-07
 Reference value :  1.25671e-07
 Reference value :  1.25747e-07
 Reference value :  1.25822e-07
 Reference value :  1.25921e-07
 Reference value :  1.25964e-07
 Reference value :  1.26000e-07
 Reference value :  1.26064e-07
 Reference value :  1.26111e-07
 Reference value :  1.26117e-07
 Reference value :  1.26214e-07
 Reference value :  1.26427e-07
 Reference value :  1.26642e-07
 Reference value :  1.26844e-07
 Reference value :  1.27052e-07
 Reference value :  1.27254e-07
 Reference value :  1.27481e-07
 Reference value :  1.27670e-07
 Reference value :  1.27880e-07
 Reference value :  1.28092e-07
 Reference value :  1.28291e-07
 Reference value :  1.28514e-07
 Reference value :  1.28662e-07
 Reference value :  1.28670e-07
 Reference value :  1.28860e-07
 Reference value :  1.29077e-07
 Reference value :  1.29294e-07
 Reference value :  1.29502e-07
 Reference value :  1.29717e-07
 Reference value :  1.29897e-07
 Reference value :  1.30037e-07
 Reference value :  1.30221e-07
 Reference value :  1.30431e-07
 Reference value :  1.30552e-07
 Reference value :  1.30771e-07
 Reference value :  1.31000e-07
 Reference value :  1.31121e-07
 Reference value :  1.31324e-07
 Reference value :  1.31520e-07
 Reference value :  1.31742e-07
 Reference value :  1.31970e-07
No. of Data Rows : 67052
rb_rst              =  3.68239e-04
rv_rst              =  3.61970e-04
b0                  =  3.63039e+00
b1                  =  5.01008e-03
b2                  =  3.62458e+00
b3                  =  3.63004e+00
b4                  =  3.63364e+00
b5                  =  3.63000e+00
b6                  =  1.63585e-03
b7                  =  3.62830e+00
b8                  =  3.62729e+00
b9                  =  1.02950e-03
v0                  =  3.63179e+00
v9                  =  3.63165e+00
t1a                 =  1.19748e-08
t1b                 =  1.06175e-07
t2a                 =  1.12476e-08
t2b                 =  1.00710e-07
vxhi                =  3.67219e+00 at=  6.59071e-08
vxlo                =  -3.82190e-02 at=  4.08371e-08
vrhi                =  3.65435e+00 at=  3.01400e-08
vrlo                =  -7.31448e-02 at=  9.69441e-08
m_rb_rst_v = 3.6823870000e-04
m_rv_rst_v = 3.6197040000e-04
m_b0_v = 3.6303890000e+00
m_b1_v = 5.0100760000e-03
m_b2_v = 3.6245800000e+00
m_b3_v = 3.6300360000e+00
m_b4_v = 3.6336420000e+00
m_b5_v = 3.6300010000e+00
m_b6_v = 1.6358540000e-03
m_b7_v = 3.6282980000e+00
m_b8_v = 3.6272920000e+00
m_b9_v = 1.0295020000e-03
m_rv0_v = 3.6317930000e+00
m_rv9_v = 3.6316520000e+00
m_ones_count = 7.0000000000e+00
m_worst_rail_dev_v = 5.4200000031e-03
m_period_r1 = 7.8499925000e-09
m_period_r2 = 7.4552050000e-09
m_f_r1 = 1.2738865674e+08
m_f_r2 = 1.3413447383e+08
m_freq_ratio_r2_r1 = 1.0529546136e+00
m_ring_periods_per_sample = 1.2738865674e+00
m_xo_swing_v = 3.7104089600e+00
m_ring1_swing_v = 3.7274957800e+00
m_xo_trans_per_s = 5.2304626115e+08
Note: Simulation executed from .control section 

Note: Starting dynamic gmin stepping
Note: Dynamic gmin stepping completed
