
Note: Compatibility modes selected: hs a


Circuit: * sampler-dff-setup-hold @ tt_27c_3.30v -- generated by sim/harness, do not edit

Doing analysis at TEMP = 27.000000 and TNOM = 27.000000

Using SPARSE 1.3 as Direct Linear Solver

Initial Transient Solution
--------------------------

Node                                   Voltage
----                                   -------
vdd                                        3.3
rst_n                                        0
clk                                          0
d                                            0
xdut.clkb                                  3.3
xdut.rst                                   3.3
xdut.m                             1.38695e-08
xdut.mb                                    3.3
xdut.mc                            3.68602e-08
xdut.s                                     3.3
q                                  1.84515e-08
xdut.qb                                    3.3
vth                                       1.65
bvth#branch                                  0
vd#branch                          5.80883e-12
vclk#branch                                  0
vrst#branch                                  0
vdd#branch                        -4.93679e-11

 Reference value :  0.00000e+00
 Reference value :  2.14366e-07
 Reference value :  3.79495e-07
 Reference value :  5.72095e-07
 Reference value :  7.31195e-07
 Reference value :  8.85002e-07
 Reference value :  1.04640e-06
 Reference value :  1.24280e-06
 Reference value :  1.41211e-06
 Reference value :  1.56701e-06
 Reference value :  1.70711e-06
 Reference value :  1.86875e-06
 Reference value :  2.04225e-06
 Reference value :  2.27665e-06
 Reference value :  2.45176e-06
 Reference value :  2.61956e-06
 Reference value :  2.79606e-06
 Reference value :  2.96071e-06
 Reference value :  3.13041e-06
 Reference value :  3.30470e-06
 Reference value :  3.48410e-06
 Reference value :  3.66950e-06
 Reference value :  3.84625e-06
 Reference value :  4.01555e-06
 Reference value :  4.17695e-06
 Reference value :  4.33340e-06
 Reference value :  4.49570e-06
 Reference value :  4.66324e-06
 Reference value :  4.84035e-06
 Reference value :  5.00485e-06
 Reference value :  5.16455e-06
 Reference value :  5.32020e-06
 Reference value :  5.48780e-06
 Reference value :  5.66280e-06
 Reference value :  5.83605e-06
 Reference value :  6.00425e-06
 Reference value :  6.16835e-06
 Reference value :  6.32209e-06
 Reference value :  6.48279e-06
No. of Data Rows : 65275
tclk1               =  3.00001e-07
tclk2               =  1.30000e-06
tq_r1               =  3.00119e-07
tq_f1               =  1.30012e-06
q_rst               =  1.84514e-08
q_e1                =  3.30001e+00
q_e2                =  -1.27131e-05
q_e3a               =  4.50177e-05
q_e3b               =  -1.19634e-06
q_e3c               =  -1.15133e-06
q_e4                =  4.03601e-06
q_e5a               =  9.15045e-04
q_e5b               =  3.99840e-06
q_e5c               =  3.86869e-06
q_e6                =  4.03584e-06
q_e7a               =  3.30441e+00
q_e7b               =  3.30001e+00
q_e7c               =  3.30001e+00
m_tpd_clk_q_rise_s = 1.1880000000e-10
m_tpd_clk_q_fall_s = 1.1800000000e-10
m_q_rst_v = 1.8451380000e-08
m_q_e1_v = 3.3000110000e+00
m_q_e2_v = -1.271308000e-05
m_q_e4_v = 4.0360130000e-06
m_q_e3_1ns_v = 4.5017690000e-05
m_q_e3_10ns_v = -1.196339000e-06
m_q_e3_100ns_v = -1.151329000e-06
m_q_e3_drift_v = -4.616901900e-05
m_q_e3_rail_dev_v = -1.151329000e-06
m_q_e5_1ns_v = 9.1504530000e-04
m_q_e5_10ns_v = 3.9983950000e-06
m_q_e5_100ns_v = 3.8686860000e-06
m_q_e5_drift_v = -9.111766140e-04
m_q_e5_rail_dev_v = 3.8686860000e-06
m_q_e6_v = 4.0358430000e-06
m_q_e7_1ns_v = 3.3044140000e+00
m_q_e7_10ns_v = 3.3000120000e+00
m_q_e7_100ns_v = 3.3000110000e+00
m_q_e7_drift_v = -4.403000000e-03
m_q_e7_rail_dev_v = -1.100000331e-05
Note: Simulation executed from .control section 

Warning: m=xx on .subckt line will override multiplier m hierarchy!

