
Note: Compatibility modes selected: hs a


Circuit: * sampler-dff-active-current @ ff_125c_2.97v -- generated by sim/harness, do not edit

Doing analysis at TEMP = 125.000000 and TNOM = 27.000000

Using SPARSE 1.3 as Direct Linear Solver

Initial Transient Solution
--------------------------

Node                                   Voltage
----                                   -------
vsup                                      2.97
clk                                          0
rst_n                                        0
d                                            0
vddv                                      2.97
vddb                                      2.97
xsv.clkb                               2.96999
xsv.m                                  2.96999
xsv.mb                                 2.96999
xsv.mmid                               2.55542
xsv.mc                             8.25216e-06
xsv.s                                     2.97
qv                                 6.07578e-07
xsv.qb                                    2.97
xsv.s2mid                            0.0878341
xsb.clkb                               2.96999
xsb.m                              4.07673e-08
xsb.mb                                    2.97
xsb.mmid                             0.0878337
xsb.mc                              6.2799e-07
xsb.s                                     2.97
qb                                 6.07578e-07
xsb.qb                                    2.97
xsb.s2mid                            0.0878341
q1                                -3.19061e-19
q2                                -1.45629e-19
vd#branch                          9.09467e-12
vr2#branch                          1.4472e-09
vr1#branch                         3.19061e-09
vrst#branch                                  0
vclk#branch                                  0
vsup#branch                       -4.63781e-09

 Reference value :  0.00000e+00
 Reference value :  9.67777e-09
 Reference value :  1.95042e-08
 Reference value :  3.05007e-08
 Reference value :  3.99378e-08
 Reference value :  5.00378e-08
 Reference value :  5.92168e-08
No. of Data Rows : 3769
q1a                 =  -1.77224e-05
q1b                 =  -1.77380e-05
q1c                 =  -2.47243e-05
q1d                 =  -2.47458e-05
q1e                 =  -2.47243e-05
q1f                 =  -3.18349e-05
q2a                 =  -9.33254e-05
q2b                 =  -9.33349e-05
q2c                 =  -1.16415e-04
q2d                 =  -1.63934e-04
q2e                 =  -1.16415e-04
q2f                 =  -2.04843e-04
qv_pre              =  6.08014e-07
qv_post             =  2.96999e+00
qb_pre              =  5.06153e-08
qb_post             =  2.96999e+00
vdd_mean            =  2.97000e+00 from=  3.20000e-08 to=  5.30168e-08
m_q_d_shut_c = 1.5850000000e-18
m_q_d_open_c = 7.9199000000e-15
m_e_d_shut_j = 4.7074500000e-18
m_e_d_open_j = 2.3522103000e-14
m_q_clkcyc_xsv_c = 7.1105500000e-15
m_e_clkcyc_xsv_j = 2.1118333500e-14
m_q_clkcyc_xsb_resid_c = 1.2930500000e-15
m_q_cyc_xsb_total_c = 8.8427800000e-14
m_q_d_shut_xsv_c = 2.6033333333e-18
m_q_d_open_xsv_c = 3.5750000000e-18
m_vdd_mean_v = 2.9700000000e+00
m_qv_pre_v = 6.0801370000e-07
m_qv_post_v = 2.9699880000e+00
m_qb_pre_v = 5.0615260000e-08
m_qb_post_v = 2.9699880000e+00
Note: Simulation executed from .control section 

Warning: m=xx on .subckt line will override multiplier m hierarchy!

