
Note: Compatibility modes selected: hs a


Circuit: * sampler-dff-setup-hold @ ff_-40c_3.30v -- generated by sim/harness, do not edit

Doing analysis at TEMP = -40.000000 and TNOM = 27.000000

Using SPARSE 1.3 as Direct Linear Solver

Initial Transient Solution
--------------------------

Node                                   Voltage
----                                   -------
vdd                                        3.3
rst_n                                        0
clk                                          0
d                                            0
xdut.clkb                                  3.3
xdut.rst                                   3.3
xdut.m                             1.05457e-08
xdut.mb                                    3.3
xdut.mc                             2.7932e-08
xdut.s                                     3.3
q                                  1.39663e-08
xdut.qb                                    3.3
vth                                       1.65
bvth#branch                                  0
vd#branch                          5.83006e-12
vclk#branch                                  0
vrst#branch                                  0
vdd#branch                        -4.67247e-11

 Reference value :  0.00000e+00
 Reference value :  1.51130e-07
 Reference value :  3.09967e-07
 Reference value :  4.71067e-07
 Reference value :  6.35567e-07
 Reference value :  8.00004e-07
 Reference value :  9.65155e-07
 Reference value :  1.13655e-06
 Reference value :  1.30382e-06
 Reference value :  1.42462e-06
 Reference value :  1.54722e-06
 Reference value :  1.69262e-06
 Reference value :  1.84401e-06
 Reference value :  2.02231e-06
 Reference value :  2.20871e-06
 Reference value :  2.38424e-06
 Reference value :  2.55994e-06
 Reference value :  2.73694e-06
 Reference value :  2.90188e-06
 Reference value :  3.07018e-06
 Reference value :  3.24268e-06
 Reference value :  3.41399e-06
 Reference value :  3.58539e-06
 Reference value :  3.75699e-06
 Reference value :  3.92931e-06
 Reference value :  4.10111e-06
 Reference value :  4.27771e-06
 Reference value :  4.44255e-06
 Reference value :  4.62234e-06
 Reference value :  4.79604e-06
 Reference value :  4.97798e-06
 Reference value :  5.15518e-06
 Reference value :  5.34138e-06
 Reference value :  5.51548e-06
 Reference value :  5.69678e-06
 Reference value :  5.86731e-06
 Reference value :  6.04431e-06
 Reference value :  6.21471e-06
 Reference value :  6.38037e-06
No. of Data Rows : 65281
tclk1               =  3.00001e-07
tclk2               =  1.30000e-06
tq_r1               =  3.00089e-07
tq_f1               =  1.30009e-06
q_rst               =  1.39664e-08
q_e1                =  3.30000e+00
q_e2                =  1.43879e-05
q_e3a               =  5.29480e-05
q_e3b               =  2.10215e-06
q_e3c               =  2.01400e-06
q_e4                =  2.67514e-06
q_e5a               =  3.30027e+00
q_e5b               =  3.30000e+00
q_e5c               =  3.30000e+00
q_e6                =  -3.86424e-06
q_e7a               =  3.29694e+00
q_e7b               =  3.30000e+00
q_e7c               =  3.30000e+00
m_tpd_clk_q_rise_s = 8.8100000000e-11
m_tpd_clk_q_fall_s = 8.5000000000e-11
m_q_rst_v = 1.3966410000e-08
m_q_e1_v = 3.2999970000e+00
m_q_e2_v = 1.4387850000e-05
m_q_e4_v = 2.6751370000e-06
m_q_e3_1ns_v = 5.2948000000e-05
m_q_e3_10ns_v = 2.1021450000e-06
m_q_e3_100ns_v = 2.0139950000e-06
m_q_e3_drift_v = -5.093400500e-05
m_q_e3_rail_dev_v = 2.0139950001e-06
m_q_e5_1ns_v = 3.3002690000e+00
m_q_e5_10ns_v = 3.2999990000e+00
m_q_e5_100ns_v = 3.2999990000e+00
m_q_e5_drift_v = -2.700000000e-04
m_q_e5_rail_dev_v = 9.9999669123e-07
m_q_e6_v = -3.864241000e-06
m_q_e7_1ns_v = 3.2969360000e+00
m_q_e7_10ns_v = 3.2999970000e+00
m_q_e7_100ns_v = 3.2999970000e+00
m_q_e7_drift_v = 3.0610000000e-03
m_q_e7_rail_dev_v = 2.9999966915e-06
Note: Simulation executed from .control section 

Warning: m=xx on .subckt line will override multiplier m hierarchy!

