
Note: Compatibility modes selected: hs a


Circuit: * ro-array-core-pvt-q @ ff_-40c_3.30v -- generated by sim/harness, do not edit

Doing analysis at TEMP = -40.000000 and TNOM = 27.000000

Using SPARSE 1.3 as Direct Linear Solver

Initial Transient Solution
--------------------------

Node                                   Voltage
----                                   -------
vsup                                       3.3
en                                         3.3
vddr1                                      3.3
vddr2                                      3.3
vdd                                        3.3
xdut.xr1.xg.py                         1.53037
xdut.xr1.n1                                  0
xdut.ro1                           8.43789e-08
xdut.xr1.xg.nm                    2.72618e-119
xdut.xr1.xg.ny                    2.51907e-119
xdut.xr1.x1.py                             3.3
xdut.xr1.n2                                3.3
xdut.xr1.x1.ny                     1.65694e-09
xdut.xr1.x2.py                             3.3
xdut.xr1.n3                        8.43789e-08
xdut.xr1.x2.ny                     7.04126e-08
xdut.xr1.x3.py                             3.3
xdut.xr1.n4                                3.3
xdut.xr1.x3.ny                     1.65694e-09
xdut.xr1.x4.py                             3.3
xdut.xr1.n5                        8.43789e-08
xdut.xr1.x4.ny                     7.04126e-08
xdut.xr1.x5.py                             3.3
xdut.xr1.n6                                3.3
xdut.xr1.x5.ny                     1.65694e-09
xdut.xr1.x6.py                             3.3
xdut.xr1.n7                        8.43789e-08
xdut.xr1.x6.ny                     7.04126e-08
xdut.xr1.x7.py                             3.3
xdut.xr1.n8                                3.3
xdut.xr1.x7.ny                     1.65694e-09
xdut.xr1.x8.py                             3.3
xdut.xr1.n9                        8.43789e-08
xdut.xr1.x8.ny                     7.04126e-08
xdut.xr1.x9.py                             3.3
xdut.xr1.n10                               3.3
xdut.xr1.x9.ny                     1.65694e-09
xdut.xr1.x10.py                            3.3
xdut.xr1.x10.ny                    7.04126e-08
xdut.xr2.xg.py                         1.54632
xdut.xr2.n1                                  0
xdut.ro2                           7.96024e-08
xdut.xr2.xg.nm                     6.0778e-100
xdut.xr2.xg.ny                    5.58477e-100
xdut.xr2.x1.py                             3.3
xdut.xr2.n2                                3.3
xdut.xr2.x1.ny                     1.54454e-09
xdut.xr2.x2.py                             3.3
xdut.xr2.n3                        7.96024e-08
xdut.xr2.x2.ny                     6.56361e-08
xdut.xr2.x3.py                             3.3
xdut.xr2.n4                                3.3
xdut.xr2.x3.ny                     1.54454e-09
xdut.xr2.x4.py                             3.3
xdut.xr2.n5                        7.96024e-08
xdut.xr2.x4.ny                     6.56361e-08
xdut.xr2.x5.py                             3.3
xdut.xr2.n6                                3.3
xdut.xr2.x5.ny                     1.54454e-09
xdut.xr2.x6.py                             3.3
xdut.xr2.n7                        7.96024e-08
xdut.xr2.x6.ny                     6.56361e-08
xdut.xr2.x7.py                             3.3
xdut.xr2.n8                                3.3
xdut.xr2.x7.ny                     1.54454e-09
xdut.xr2.x8.py                             3.3
xdut.xr2.n9                        7.96024e-08
xdut.xr2.x8.ny                     6.56361e-08
xdut.xr2.x9.py                             3.3
xdut.xr2.n10                               3.3
xdut.xr2.x9.ny                     1.54454e-09
xdut.xr2.x10.py                            3.3
xdut.xr2.x10.ny                    6.56361e-08
xdut.xa1.an                                3.3
xdut.xa1.bn                                3.3
xdut.xa1.mid                               3.3
xo                                 3.47664e-08
xdut.xa1.s1                        3.56532e-10
xdut.xa1.s2                        1.73832e-08
q1                                -1.38339e-15
q2                                  -1.458e-15
qt                                -1.35537e-21
vth                                       1.65
bvth#branch                                  0
vtr#branch                         1.35537e-11
vr2#branch                           1.458e-05
vr1#branch                         1.38339e-05
ven#branch                                   0
vsup#branch                        -2.8414e-05

 Reference value :  0.00000e+00
 Reference value :  1.69640e-09
 Reference value :  3.41640e-09
 Reference value :  5.10640e-09
 Reference value :  6.74140e-09
 Reference value :  8.45140e-09
 Reference value :  9.99140e-09
 Reference value :  1.16614e-08
 Reference value :  1.32814e-08
 Reference value :  1.49314e-08
 Reference value :  1.68414e-08
 Reference value :  1.85614e-08
 Reference value :  2.02064e-08
 Reference value :  2.19214e-08
 Reference value :  2.36664e-08
 Reference value :  2.53814e-08
 Reference value :  2.70514e-08
 Reference value :  2.87364e-08
 Reference value :  3.04464e-08
 Reference value :  3.21264e-08
 Reference value :  3.37814e-08
 Reference value :  3.55464e-08
 Reference value :  3.72664e-08
 Reference value :  3.89814e-08
 Reference value :  4.06364e-08
 Reference value :  4.24264e-08
 Reference value :  4.41664e-08
 Reference value :  4.58814e-08
 Reference value :  4.76014e-08
 Reference value :  4.93014e-08
 Reference value :  5.09764e-08
 Reference value :  5.26764e-08
 Reference value :  5.43914e-08
 Reference value :  5.61014e-08
 Reference value :  5.77864e-08
 Reference value :  5.95064e-08
 Reference value :  6.11914e-08
 Reference value :  6.28964e-08
 Reference value :  6.46114e-08
 Reference value :  6.63364e-08
 Reference value :  6.80564e-08
 Reference value :  6.97814e-08
 Reference value :  7.14764e-08
 Reference value :  7.32814e-08
 Reference value :  7.49564e-08
 Reference value :  7.67264e-08
 Reference value :  7.84664e-08
 Reference value :  8.03114e-08
 Reference value :  8.19964e-08
 Reference value :  8.37214e-08
 Reference value :  8.53864e-08
 Reference value :  8.71164e-08
 Reference value :  8.87964e-08
 Reference value :  9.05364e-08
 Reference value :  9.22314e-08
 Reference value :  9.38964e-08
 Reference value :  9.56164e-08
 Reference value :  9.73214e-08
 Reference value :  9.90064e-08
 Reference value :  1.00681e-07
 Reference value :  1.02426e-07
 Reference value :  1.04116e-07
 Reference value :  1.05831e-07
 Reference value :  1.07561e-07
 Reference value :  1.09326e-07
 Reference value :  1.11031e-07
 Reference value :  1.12731e-07
 Reference value :  1.14466e-07
 Reference value :  1.16181e-07
 Reference value :  1.17821e-07
 Reference value :  1.19521e-07
 Reference value :  1.21211e-07
 Reference value :  1.22981e-07
 Reference value :  1.24686e-07
 Reference value :  1.26381e-07
 Reference value :  1.28106e-07
 Reference value :  1.29831e-07
 Reference value :  1.31536e-07
 Reference value :  1.33216e-07
 Reference value :  1.34886e-07
 Reference value :  1.36586e-07
 Reference value :  1.38361e-07
 Reference value :  1.40081e-07
 Reference value :  1.41781e-07
 Reference value :  1.43461e-07
 Reference value :  1.45166e-07
 Reference value :  1.46966e-07
 Reference value :  1.48691e-07
 Reference value :  1.50366e-07
 Reference value :  1.52066e-07
 Reference value :  1.53871e-07
 Reference value :  1.55576e-07
 Reference value :  1.57246e-07
 Reference value :  1.58946e-07
 Reference value :  1.60656e-07
 Reference value :  1.62386e-07
 Reference value :  1.64131e-07
 Reference value :  1.65906e-07
 Reference value :  1.67586e-07
 Reference value :  1.69306e-07
 Reference value :  1.70996e-07
 Reference value :  1.72761e-07
 Reference value :  1.74421e-07
 Reference value :  1.76101e-07
 Reference value :  1.77846e-07
 Reference value :  1.79556e-07
 Reference value :  1.81251e-07
 Reference value :  1.82921e-07
 Reference value :  1.84706e-07
 Reference value :  1.86391e-07
 Reference value :  1.88086e-07
 Reference value :  1.89781e-07
 Reference value :  1.91481e-07
 Reference value :  1.93221e-07
 Reference value :  1.94951e-07
 Reference value :  1.96666e-07
 Reference value :  1.98371e-07
 Reference value :  2.00096e-07
 Reference value :  2.01816e-07
 Reference value :  2.03526e-07
 Reference value :  2.05211e-07
 Reference value :  2.06871e-07
 Reference value :  2.08626e-07
 Reference value :  2.10306e-07
 Reference value :  2.11981e-07
 Reference value :  2.13696e-07
 Reference value :  2.15516e-07
 Reference value :  2.17246e-07
 Reference value :  2.18941e-07
 Reference value :  2.20681e-07
 Reference value :  2.22401e-07
 Reference value :  2.24091e-07
 Reference value :  2.25831e-07
 Reference value :  2.27591e-07
 Reference value :  2.29266e-07
 Reference value :  2.30981e-07
 Reference value :  2.32676e-07
 Reference value :  2.34376e-07
 Reference value :  2.36071e-07
 Reference value :  2.37811e-07
 Reference value :  2.39591e-07
 Reference value :  2.41346e-07
 Reference value :  2.43076e-07
 Reference value :  2.44771e-07
 Reference value :  2.46576e-07
 Reference value :  2.48861e-07
 Reference value :  2.51881e-07
 Reference value :  2.53701e-07
 Reference value :  2.55371e-07
 Reference value :  2.57091e-07
 Reference value :  2.59351e-07
 Reference value :  2.61326e-07
 Reference value :  2.63136e-07
 Reference value :  2.64956e-07
 Reference value :  2.66726e-07
 Reference value :  2.68621e-07
 Reference value :  2.70366e-07
 Reference value :  2.72091e-07
 Reference value :  2.73826e-07
 Reference value :  2.75491e-07
 Reference value :  2.77266e-07
 Reference value :  2.78956e-07
 Reference value :  2.80641e-07
 Reference value :  2.82331e-07
 Reference value :  2.84026e-07
 Reference value :  2.85766e-07
 Reference value :  2.87476e-07
 Reference value :  2.89176e-07
 Reference value :  2.90986e-07
 Reference value :  2.92861e-07
 Reference value :  2.94721e-07
 Reference value :  2.96696e-07
 Reference value :  2.98481e-07
No. of Data Rows : 60008
t1a                 =  7.24618e-09
t1b                 =  2.58683e-08
t2a                 =  6.82741e-09
t2b                 =  2.44205e-08
c1a                 =  -2.02589e-04
c1b                 =  -7.45068e-04
c2a                 =  -2.02676e-04
c2b                 =  -7.47847e-04
cta                 =  -1.88454e-04
ctb                 =  -7.65093e-04
vhi                 =  3.45986e+00 at=  2.50766e-07
vlo                 =  -5.31931e-02 at=  2.11166e-07
vxhi                =  3.36892e+00 at=  2.06686e-07
vxlo                =  -3.09779e-02 at=  2.41701e-07
m_period_r1 = 4.6555347500e-09
m_period_r2 = 4.3982685000e-09
m_f_r1 = 2.1479809597e+08
m_f_r2 = 2.2736219947e+08
m_i_r1_a = -2.913086408e-05
m_i_r2_a = -3.098785920e-05
m_i_tree_a = -3.096522907e-05
m_e_cycle_r1_j = -4.475451750e-13
m_c_eff_node_r1_f = -3.736081267e-15
m_ring_swing_v = 3.5130511000e+00
m_xo_swing_v = 3.3998938600e+00
m_i_total_a = -9.108395235e-05
m_p_rings_w = -1.983917868e-04
m_p_total_w = -3.005770428e-04
m_xo_trans_per_s = 8.8432059086e+08
Note: Simulation executed from .control section 

Warning: m=xx on .subckt line will override multiplier m hierarchy!

