
Note: Compatibility modes selected: hs a


Circuit: * ro-array-core-pvt-q @ tt_-40c_2.97v -- generated by sim/harness, do not edit

Doing analysis at TEMP = -40.000000 and TNOM = 27.000000

Using SPARSE 1.3 as Direct Linear Solver

Initial Transient Solution
--------------------------

Node                                   Voltage
----                                   -------
vsup                                      2.97
en                                        2.97
vddr1                                     2.97
vddr2                                     2.97
vdd                                       2.97
xdut.xr1.xg.py                         1.53583
xdut.xr1.n1                                  0
xdut.rn1                           9.01398e-08
xdut.xr1.xg.nm                   -7.61988e-210
xdut.xr1.xg.ny                   -7.06624e-210
xdut.xr1.x1.py                            2.97
xdut.xr1.n2                               2.97
xdut.xr1.x1.ny                      3.1823e-11
xdut.xr1.x2.py                            2.97
xdut.xr1.n3                        9.01398e-08
xdut.xr1.x2.ny                       7.569e-08
xdut.xr1.x3.py                            2.97
xdut.xr1.n4                               2.97
xdut.xr1.x3.ny                     3.18233e-11
xdut.xr1.x4.py                            2.97
xdut.xr1.n5                        9.01398e-08
xdut.xr1.x4.ny                       7.569e-08
xdut.xr1.x5.py                            2.97
xdut.xr1.n6                               2.97
xdut.xr1.x5.ny                     3.18233e-11
xdut.xr1.x6.py                            2.97
xdut.xr1.n7                        9.01398e-08
xdut.xr1.x6.ny                       7.569e-08
xdut.xr1.x7.py                            2.97
xdut.xr1.n8                               2.97
xdut.xr1.x7.ny                     3.18231e-11
xdut.xr1.x8.py                            2.97
xdut.xr1.n9                        9.01398e-08
xdut.xr1.x8.ny                       7.569e-08
xdut.xr1.x9.py                            2.97
xdut.xr1.n10                              2.97
xdut.xr1.x9.ny                     3.18231e-11
xdut.xr1.x10.py                           2.97
xdut.xr1.x10.ny                      7.569e-08
xdut.xr2.xg.py                         1.54959
xdut.xr2.n1                                  0
xdut.rn2                           8.47121e-08
xdut.xr2.xg.nm                    6.69679e-303
xdut.xr2.xg.ny                    6.17509e-303
xdut.xr2.x1.py                            2.97
xdut.xr2.n2                               2.97
xdut.xr2.x1.ny                     2.95412e-11
xdut.xr2.x2.py                            2.97
xdut.xr2.n3                        8.47121e-08
xdut.xr2.x2.ny                     7.02623e-08
xdut.xr2.x3.py                            2.97
xdut.xr2.n4                               2.97
xdut.xr2.x3.ny                     2.95413e-11
xdut.xr2.x4.py                            2.97
xdut.xr2.n5                        8.47121e-08
xdut.xr2.x4.ny                     7.02623e-08
xdut.xr2.x5.py                            2.97
xdut.xr2.n6                               2.97
xdut.xr2.x5.ny                     2.95413e-11
xdut.xr2.x6.py                            2.97
xdut.xr2.n7                        8.47121e-08
xdut.xr2.x6.ny                     7.02623e-08
xdut.xr2.x7.py                            2.97
xdut.xr2.n8                               2.97
xdut.xr2.x7.ny                     2.95413e-11
xdut.xr2.x8.py                            2.97
xdut.xr2.n9                        8.47121e-08
xdut.xr2.x8.ny                     7.02623e-08
xdut.xr2.x9.py                            2.97
xdut.xr2.n10                              2.97
xdut.xr2.x9.ny                     2.95413e-11
xdut.xr2.x10.py                           2.97
xdut.xr2.x10.ny                    7.02623e-08
ro1                                       2.97
ro2                                       2.97
xdut.xa1.an                        1.44498e-08
xdut.xa1.bn                        1.44498e-08
xdut.xa1.mid                          0.883701
xo                                  8.4313e-08
xdut.xa1.s1                        4.21565e-08
xdut.xa1.s2                        2.98634e-11
q1                                -8.69239e-16
q2                                -9.20331e-16
qt                                -2.61896e-21
vth                                      1.485
bvth#branch                                  0
vtr#branch                         2.61896e-11
vr2#branch                         9.20331e-06
vr1#branch                         8.69239e-06
ven#branch                                   0
vsup#branch                       -1.78957e-05

 Reference value :  0.00000e+00
 Reference value :  1.80140e-09
 Reference value :  3.63640e-09
 Reference value :  5.28640e-09
 Reference value :  6.95140e-09
 Reference value :  8.67140e-09
 Reference value :  1.04614e-08
 Reference value :  1.22464e-08
 Reference value :  1.43514e-08
 Reference value :  1.68714e-08
 Reference value :  1.97164e-08
 Reference value :  2.22564e-08
 Reference value :  2.46114e-08
 Reference value :  2.65514e-08
 Reference value :  2.91964e-08
 Reference value :  3.12364e-08
 Reference value :  3.37464e-08
 Reference value :  3.56514e-08
 Reference value :  3.87964e-08
 Reference value :  4.08864e-08
 Reference value :  4.36464e-08
 Reference value :  4.57064e-08
 Reference value :  4.76764e-08
 Reference value :  5.01814e-08
 Reference value :  5.18514e-08
 Reference value :  5.41714e-08
 Reference value :  5.62914e-08
 Reference value :  5.86714e-08
 Reference value :  6.11714e-08
 Reference value :  6.28814e-08
 Reference value :  6.56464e-08
 Reference value :  6.73414e-08
 Reference value :  6.90964e-08
 Reference value :  7.08964e-08
 Reference value :  7.25814e-08
 Reference value :  7.42914e-08
 Reference value :  7.65214e-08
 Reference value :  7.85114e-08
 Reference value :  8.14314e-08
 Reference value :  8.32264e-08
 Reference value :  8.58964e-08
 Reference value :  8.83114e-08
 Reference value :  9.02114e-08
 Reference value :  9.20214e-08
 Reference value :  9.36114e-08
 Reference value :  9.52714e-08
 Reference value :  9.69564e-08
 Reference value :  9.86264e-08
 Reference value :  1.00271e-07
 Reference value :  1.01936e-07
 Reference value :  1.03701e-07
 Reference value :  1.05546e-07
 Reference value :  1.07206e-07
 Reference value :  1.08906e-07
 Reference value :  1.10646e-07
 Reference value :  1.12396e-07
 Reference value :  1.14121e-07
 Reference value :  1.15806e-07
 Reference value :  1.17531e-07
 Reference value :  1.19256e-07
 Reference value :  1.20946e-07
 Reference value :  1.22626e-07
 Reference value :  1.24386e-07
 Reference value :  1.26116e-07
 Reference value :  1.27841e-07
 Reference value :  1.29566e-07
 Reference value :  1.31331e-07
 Reference value :  1.33276e-07
 Reference value :  1.35146e-07
 Reference value :  1.37661e-07
 Reference value :  1.40351e-07
 Reference value :  1.43036e-07
 Reference value :  1.45176e-07
 Reference value :  1.47491e-07
 Reference value :  1.50101e-07
 Reference value :  1.52311e-07
 Reference value :  1.54911e-07
 Reference value :  1.57776e-07
 Reference value :  1.60716e-07
 Reference value :  1.63076e-07
 Reference value :  1.65606e-07
 Reference value :  1.68196e-07
 Reference value :  1.70826e-07
 Reference value :  1.73711e-07
 Reference value :  1.76631e-07
 Reference value :  1.79266e-07
 Reference value :  1.81461e-07
 Reference value :  1.84026e-07
 Reference value :  1.86621e-07
 Reference value :  1.89386e-07
 Reference value :  1.91736e-07
 Reference value :  1.94371e-07
 Reference value :  1.97006e-07
 Reference value :  1.99396e-07
 Reference value :  2.01946e-07
 Reference value :  2.04516e-07
 Reference value :  2.07466e-07
 Reference value :  2.10171e-07
 Reference value :  2.12941e-07
 Reference value :  2.15621e-07
 Reference value :  2.18036e-07
 Reference value :  2.20976e-07
 Reference value :  2.23641e-07
 Reference value :  2.26246e-07
 Reference value :  2.28846e-07
 Reference value :  2.31001e-07
 Reference value :  2.33566e-07
 Reference value :  2.35586e-07
 Reference value :  2.38141e-07
 Reference value :  2.41031e-07
 Reference value :  2.43691e-07
 Reference value :  2.46331e-07
 Reference value :  2.48826e-07
 Reference value :  2.51771e-07
 Reference value :  2.54681e-07
 Reference value :  2.57396e-07
 Reference value :  2.60296e-07
 Reference value :  2.63026e-07
 Reference value :  2.65781e-07
 Reference value :  2.68266e-07
 Reference value :  2.70346e-07
 Reference value :  2.72096e-07
 Reference value :  2.73826e-07
 Reference value :  2.75511e-07
 Reference value :  2.77236e-07
 Reference value :  2.78961e-07
 Reference value :  2.80686e-07
 Reference value :  2.82431e-07
 Reference value :  2.84046e-07
 Reference value :  2.85706e-07
 Reference value :  2.87381e-07
 Reference value :  2.89081e-07
 Reference value :  2.90811e-07
 Reference value :  2.92576e-07
 Reference value :  2.94316e-07
 Reference value :  2.95946e-07
 Reference value :  2.97991e-07
No. of Data Rows : 60008
t1a                 =  1.20426e-08
t1b                 =  3.58260e-08
t2a                 =  1.12753e-08
t2b                 =  3.35086e-08
c1a                 =  -2.04325e-04
c1b                 =  -6.19009e-04
c2a                 =  -2.03724e-04
c2b                 =  -6.17195e-04
cta                 =  -1.52253e-04
ctb                 =  -4.88328e-04
vhi                 =  3.10710e+00 at=  2.64431e-07
vlo                 =  -3.31877e-02 at=  2.61476e-07
vxhi                =  3.08425e+00 at=  2.19936e-07
vxlo                =  -5.62012e-02 at=  2.61436e-07
m_period_r1 = 5.9458550000e-09
m_period_r2 = 5.5583375000e-09
m_f_r1 = 1.6818439064e+08
m_f_r2 = 1.7990991011e+08
m_i_r1_a = -1.743585658e-05
m_i_r2_a = -1.859685562e-05
m_i_tree_a = -1.413061704e-05
m_e_cycle_r1_j = -3.079030928e-13
m_c_eff_node_r1_f = -3.173280533e-15
m_ring_swing_v = 3.1402857200e+00
m_xo_swing_v = 3.1404522200e+00
m_i_total_a = -5.016332924e-05
m_p_rings_w = -1.070171552e-04
m_p_total_w = -1.489850879e-04
m_xo_trans_per_s = 6.9618860150e+08
Note: Simulation executed from .control section 

Warning: m=xx on .subckt line will override multiplier m hierarchy!

