
Note: Compatibility modes selected: hs a


Circuit: * sampler-dff-active-current @ ff_-40c_2.97v -- generated by sim/harness, do not edit

Doing analysis at TEMP = -40.000000 and TNOM = 27.000000

Using SPARSE 1.3 as Direct Linear Solver

Initial Transient Solution
--------------------------

Node                                   Voltage
----                                   -------
vsup                                      2.97
clk                                          0
rst_n                                        0
d                                            0
vddv                                      2.97
vddb                                      2.97
xsv.clkb                                  2.97
xsv.m                                     2.97
xsv.mb                                    2.97
xsv.mmid                               2.44231
xsv.mc                             2.62559e-08
xsv.s                                     2.97
qv                                 1.30091e-08
xsv.qb                                    2.97
xsv.s2mid                           0.00814821
xsb.clkb                                  2.97
xsb.m                              2.59601e-08
xsb.mb                                    2.97
xsb.mmid                            0.00814824
xsb.mc                             2.60177e-08
xsb.s                                     2.97
qb                                 1.30091e-08
xsb.qb                                    2.97
xsb.s2mid                           0.00814821
q1                                -4.36775e-21
q2                                -4.76799e-21
vd#branch                          8.92556e-12
vr2#branch                         3.87544e-11
vr1#branch                         4.36775e-11
vrst#branch                                  0
vclk#branch                                  0
vsup#branch                       -8.24318e-11

 Reference value :  0.00000e+00
 Reference value :  9.61777e-09
 Reference value :  1.95022e-08
 Reference value :  3.11368e-08
 Reference value :  4.06368e-08
 Reference value :  5.20378e-08
No. of Data Rows : 3769
q1a                 =  -1.55472e-05
q1b                 =  -1.55475e-05
q1c                 =  -2.23614e-05
q1d                 =  -2.23616e-05
q1e                 =  -2.23614e-05
q1f                 =  -2.91564e-05
q2a                 =  -8.39436e-05
q2b                 =  -8.39439e-05
q2c                 =  -1.05311e-04
q2d                 =  -1.48241e-04
q2e                 =  -1.05311e-04
q2f                 =  -1.84649e-04
qv_pre              =  1.30094e-08
qv_post             =  2.97000e+00
qb_pre              =  -7.64620e-08
qb_post             =  2.97000e+00
vdd_mean            =  2.97000e+00 from=  3.20000e-08 to=  5.30168e-08
m_q_d_shut_c = 4.4999999999e-20
m_q_d_open_c = 7.1550000000e-15
m_e_d_shut_j = 1.3365000000e-19
m_e_d_open_j = 2.1250350000e-14
m_q_clkcyc_xsv_c = 6.7950100000e-15
m_e_clkcyc_xsv_j = 2.0181179700e-14
m_q_clkcyc_xsb_resid_c = 6.3275000000e-16
m_q_cyc_xsb_total_c = 7.9338200000e-14
m_q_d_shut_xsv_c = 4.3333333334e-20
m_q_d_open_xsv_c = 4.5000000000e-20
m_vdd_mean_v = 2.9700000000e+00
m_qv_pre_v = 1.3009350000e-08
m_qv_post_v = 2.9700000000e+00
m_qb_pre_v = -7.646201000e-08
m_qb_post_v = 2.9700000000e+00
Note: Simulation executed from .control section 

Warning: m=xx on .subckt line will override multiplier m hierarchy!

