
Note: Compatibility modes selected: hs a


Circuit: * sampler-dff-reset-clocked @ tt_27c_3.63v -- generated by sim/harness, do not edit

Doing analysis at TEMP = 27.000000 and TNOM = 27.000000

Using SPARSE 1.3 as Direct Linear Solver

Initial Transient Solution
--------------------------

Node                                   Voltage
----                                   -------
vdd                                       3.63
rst_n                                        0
clk                                          0
d                                         3.63
xdut.clkb                                 3.63
xdut.m                                    3.63
xdut.mb                                   3.63
xdut.mmid                              3.07071
xdut.mc                              4.416e-08
xdut.s                                    3.63
q                                  1.95319e-08
xdut.qb                                   3.63
xdut.s2mid                            0.046875
vth                                      1.815
bvth#branch                                  0
vd#branch                          -1.1922e-11
vclk#branch                                  0
vrst#branch                                  0
vdd#branch                        -4.42484e-11

 Reference value :  0.00000e+00
 Reference value :  1.58128e-07
 Reference value :  3.19528e-07
 Reference value :  4.76828e-07
 Reference value :  6.33283e-07
 Reference value :  7.99183e-07
 Reference value :  1.00733e-06
 Reference value :  1.17493e-06
 Reference value :  1.33833e-06
 Reference value :  1.50004e-06
 Reference value :  1.66138e-06
 Reference value :  1.82828e-06
 Reference value :  1.99558e-06
 Reference value :  2.15043e-06
 Reference value :  2.31413e-06
 Reference value :  2.47513e-06
 Reference value :  2.63688e-06
 Reference value :  2.80098e-06
 Reference value :  2.96568e-06
 Reference value :  3.13603e-06
 Reference value :  3.29663e-06
 Reference value :  3.45423e-06
 Reference value :  3.61995e-06
 Reference value :  3.78445e-06
 Reference value :  3.94795e-06
 Reference value :  4.11421e-06
 Reference value :  4.27471e-06
 Reference value :  4.44231e-06
 Reference value :  4.60118e-06
 Reference value :  4.76828e-06
 Reference value :  4.93798e-06
 Reference value :  5.09844e-06
 Reference value :  5.26454e-06
 Reference value :  5.43194e-06
 Reference value :  5.59279e-06
 Reference value :  5.75539e-06
 Reference value :  5.91899e-06
No. of Data Rows : 60183
q_rst_max           =  1.47020e-01 at=  2.50000e-06
s_rst_min           =  3.07986e+00 at=  3.00000e-06
q_rel               =  2.17357e-06
q_cap               =  3.63000e+00
mb_rst_min          =  3.46419e+00 at=  3.00000e-06
m_q_rst_max_v = 1.4702040000e-01
m_q_rst_max_frac = 4.0501487603e-02
m_s_rst_min_v = 3.0798640000e+00
m_s_rst_dev_frac = 1.5155261708e-01
m_mb_rst_min_v = 3.4641860000e+00
m_q_rel_v = 2.1735740000e-06
m_q_cap_v = 3.6300020000e+00
Note: Simulation executed from .control section 

Warning: m=xx on .subckt line will override multiplier m hierarchy!

