
Note: Compatibility modes selected: hs a


Circuit: * sampler-dff-setup-hold @ tt_125c_3.30v -- generated by sim/harness, do not edit

Doing analysis at TEMP = 125.000000 and TNOM = 27.000000

Using SPARSE 1.3 as Direct Linear Solver

Initial Transient Solution
--------------------------

Node                                   Voltage
----                                   -------
vdd                                        3.3
rst_n                                        0
clk                                          0
d                                            0
xdut.clkb                                  3.3
xdut.m                             4.80881e-08
xdut.mb                                    3.3
xdut.mmid                            0.0862697
xdut.mc                            1.05048e-07
xdut.s                                     3.3
q                                  8.09109e-08
xdut.qb                                    3.3
xdut.s2mid                           0.0862697
vth                                       1.65
bvth#branch                                  0
vd#branch                          1.01003e-11
vclk#branch                                  0
vrst#branch                                  0
vdd#branch                        -2.14581e-10

 Reference value :  0.00000e+00
 Reference value :  1.53777e-07
 Reference value :  3.13013e-07
 Reference value :  4.75213e-07
 Reference value :  6.42313e-07
 Reference value :  8.01714e-07
 Reference value :  9.82914e-07
 Reference value :  1.14611e-06
 Reference value :  1.30452e-06
 Reference value :  1.41872e-06
 Reference value :  1.53762e-06
 Reference value :  1.65032e-06
 Reference value :  1.76962e-06
 Reference value :  1.92665e-06
 Reference value :  2.09325e-06
 Reference value :  2.25885e-06
 Reference value :  2.42011e-06
 Reference value :  2.58251e-06
 Reference value :  2.74361e-06
 Reference value :  2.90652e-06
 Reference value :  3.07392e-06
 Reference value :  3.23902e-06
 Reference value :  3.39954e-06
 Reference value :  3.56104e-06
 Reference value :  3.72724e-06
 Reference value :  3.88875e-06
 Reference value :  4.05195e-06
 Reference value :  4.22295e-06
 Reference value :  4.39193e-06
 Reference value :  4.57214e-06
 Reference value :  4.74454e-06
 Reference value :  4.91275e-06
 Reference value :  5.07305e-06
 Reference value :  5.23775e-06
 Reference value :  5.45404e-06
 Reference value :  5.62414e-06
 Reference value :  5.79804e-06
 Reference value :  5.96285e-06
 Reference value :  6.12895e-06
 Reference value :  6.29695e-06
 Reference value :  6.47221e-06
No. of Data Rows : 65269
tclk1               =  3.00001e-07
tclk2               =  1.30000e-06
tq_r1               =  3.00125e-07
tq_f1               =  1.30015e-06
q_rst               =  8.09109e-08
q_e1                =  3.30000e+00
q_e2                =  -5.78149e-06
q_e3a               =  1.12035e-04
q_e3b               =  -4.34323e-06
q_e3c               =  -4.12366e-06
q_e4                =  1.20078e-06
q_e5a               =  1.75394e-04
q_e5b               =  2.30851e-06
q_e5c               =  2.19738e-06
q_e6                =  1.20075e-06
q_e7a               =  3.30000e+00
q_e7b               =  3.30000e+00
q_e7c               =  3.30000e+00
m_tpd_clk_q_rise_s = 1.2420000000e-10
m_tpd_clk_q_fall_s = 1.4200000000e-10
m_q_rst_v = 8.0910940000e-08
m_q_e1_v = 3.3000040000e+00
m_q_e2_v = -5.781494000e-06
m_q_e4_v = 1.2007790000e-06
m_q_e3_1ns_v = 1.1203500000e-04
m_q_e3_10ns_v = -4.343233000e-06
m_q_e3_100ns_v = -4.123660000e-06
m_q_e3_drift_v = -1.161586600e-04
m_q_e3_rail_dev_v = -4.123660000e-06
m_q_e5_1ns_v = 1.7539430000e-04
m_q_e5_10ns_v = 2.3085070000e-06
m_q_e5_100ns_v = 2.1973840000e-06
m_q_e5_drift_v = -1.731969160e-04
m_q_e5_rail_dev_v = 2.1973840001e-06
m_q_e6_v = 1.2007500000e-06
m_q_e7_1ns_v = 3.2999960000e+00
m_q_e7_10ns_v = 3.3000040000e+00
m_q_e7_100ns_v = 3.3000040000e+00
m_q_e7_drift_v = 7.9999999998e-06
m_q_e7_rail_dev_v = -4.000003307e-06
Note: Simulation executed from .control section 

Warning: m=xx on .subckt line will override multiplier m hierarchy!

