
Note: Compatibility modes selected: hs a


Circuit: * ro-ring5-starved-jitter-long @ tt_27c_3.30v -- generated by sim/harness, do not edit

Doing analysis at TEMP = 27.000000 and TNOM = 27.000000

Using SPARSE 1.3 as Direct Linear Solver

Initial Transient Solution
--------------------------

Node                                   Voltage
----                                   -------
vsup                                       3.3
en                                         3.3
vddr1                                      3.3
xg1.py                                 1.58325
n11                                          0
g10                                1.24707e-07
xg1.nm                             1.10387e-25
xg1.ny                              9.9841e-26
x11.py                                     3.3
n12                                        3.3
g11                                          0
x11.ny                             2.35462e-08
x12.py                                     3.3
n13                                1.24708e-07
g12                                        3.3
x12.ny                             1.06256e-07
x13.py                                     3.3
n14                                        3.3
g13                                1.24708e-07
x13.ny                             2.35463e-08
x14.py                                     3.3
ro1                                1.24707e-07
g14                                        3.3
x14.ny                             1.06256e-07
q1                                 -9.2686e-16
x1                                       -1.65
bx1#branch                                   0
vr1#branch                          9.2686e-06
vn14#branch                                  0
vn13#branch                                  0
vn12#branch                                  0
vn11#branch                                  0
vn10#branch                       -3.62442e-24
ven#branch                                   0
vsup#branch                        -9.2686e-06

 Reference value :  0.00000e+00
 Reference value :  1.18925e-09
 Reference value :  2.41150e-09
 Reference value :  3.80350e-09
 Reference value :  5.28925e-09
 Reference value :  6.69000e-09
 Reference value :  7.90550e-09
 Reference value :  9.10550e-09
 Reference value :  1.03200e-08
 Reference value :  1.15015e-08
 Reference value :  1.29045e-08
 Reference value :  1.44092e-08
 Reference value :  1.58365e-08
 Reference value :  1.77292e-08
 Reference value :  1.89745e-08
 Reference value :  2.02007e-08
 Reference value :  2.14103e-08
 Reference value :  2.28500e-08
 Reference value :  2.41685e-08
 Reference value :  2.56175e-08
 Reference value :  2.68200e-08
 Reference value :  2.80475e-08
 Reference value :  2.92135e-08
 Reference value :  3.06101e-08
 Reference value :  3.18755e-08
 Reference value :  3.33025e-08
 Reference value :  3.45665e-08
 Reference value :  3.57825e-08
 Reference value :  3.70175e-08
 Reference value :  3.82707e-08
 Reference value :  3.96392e-08
 Reference value :  4.09292e-08
 Reference value :  4.21200e-08
 Reference value :  4.33535e-08
 Reference value :  4.46092e-08
 Reference value :  4.58292e-08
 Reference value :  4.70455e-08
 Reference value :  4.82501e-08
 Reference value :  4.96225e-08
 Reference value :  5.08401e-08
 Reference value :  5.20175e-08
 Reference value :  5.32635e-08
 Reference value :  5.45000e-08
 Reference value :  5.59501e-08
 Reference value :  5.71935e-08
 Reference value :  5.83825e-08
 Reference value :  5.95801e-08
 Reference value :  6.07503e-08
 Reference value :  6.19485e-08
 Reference value :  6.31401e-08
 Reference value :  6.43615e-08
 Reference value :  6.55207e-08
 Reference value :  6.66992e-08
 Reference value :  6.78945e-08
 Reference value :  6.90855e-08
 Reference value :  7.02675e-08
 Reference value :  7.14375e-08
 Reference value :  7.26265e-08
 Reference value :  7.38165e-08
 Reference value :  7.50292e-08
 Reference value :  7.62575e-08
 Reference value :  7.74525e-08
 Reference value :  7.86500e-08
 Reference value :  7.98525e-08
 Reference value :  8.10185e-08
 Reference value :  8.22475e-08
 Reference value :  8.34392e-08
 Reference value :  8.46403e-08
 Reference value :  8.58585e-08
 Reference value :  8.70692e-08
 Reference value :  8.83115e-08
 Reference value :  8.94692e-08
 Reference value :  9.06785e-08
 Reference value :  9.19401e-08
 Reference value :  9.31501e-08
 Reference value :  9.43765e-08
 Reference value :  9.55503e-08
 Reference value :  9.67735e-08
 Reference value :  9.79625e-08
 Reference value :  9.91465e-08
 Reference value :  1.00358e-07
 Reference value :  1.01571e-07
 Reference value :  1.02754e-07
 Reference value :  1.03947e-07
 Reference value :  1.05110e-07
 Reference value :  1.06301e-07
 Reference value :  1.07472e-07
 Reference value :  1.08691e-07
 Reference value :  1.09864e-07
 Reference value :  1.11041e-07
 Reference value :  1.12227e-07
 Reference value :  1.13435e-07
 Reference value :  1.14725e-07
 Reference value :  1.16280e-07
 Reference value :  1.17679e-07
 Reference value :  1.19156e-07
 Reference value :  1.20317e-07
 Reference value :  1.21554e-07
 Reference value :  1.22750e-07
 Reference value :  1.23957e-07
 Reference value :  1.25144e-07
 Reference value :  1.26342e-07
 Reference value :  1.27721e-07
 Reference value :  1.29199e-07
 Reference value :  1.30421e-07
 Reference value :  1.31862e-07
 Reference value :  1.33045e-07
 Reference value :  1.34241e-07
 Reference value :  1.35404e-07
 Reference value :  1.36840e-07
 Reference value :  1.38271e-07
 Reference value :  1.39645e-07
 Reference value :  1.40860e-07
 Reference value :  1.42158e-07
 Reference value :  1.43411e-07
 Reference value :  1.45090e-07
 Reference value :  1.46481e-07
 Reference value :  1.47791e-07
 Reference value :  1.49052e-07
 Reference value :  1.50275e-07
 Reference value :  1.51479e-07
 Reference value :  1.52787e-07
 Reference value :  1.54143e-07
 Reference value :  1.55498e-07
 Reference value :  1.56770e-07
 Reference value :  1.57981e-07
 Reference value :  1.59176e-07
 Reference value :  1.60342e-07
 Reference value :  1.61521e-07
 Reference value :  1.62711e-07
 Reference value :  1.63947e-07
 Reference value :  1.65153e-07
 Reference value :  1.66314e-07
 Reference value :  1.67519e-07
 Reference value :  1.68712e-07
 Reference value :  1.69940e-07
 Reference value :  1.71213e-07
 Reference value :  1.72400e-07
 Reference value :  1.73579e-07
 Reference value :  1.74801e-07
 Reference value :  1.76011e-07
 Reference value :  1.77190e-07
 Reference value :  1.78348e-07
 Reference value :  1.79538e-07
 Reference value :  1.80773e-07
 Reference value :  1.81950e-07
 Reference value :  1.83165e-07
 Reference value :  1.84321e-07
 Reference value :  1.85561e-07
 Reference value :  1.86842e-07
 Reference value :  1.88089e-07
 Reference value :  1.89359e-07
 Reference value :  1.90571e-07
 Reference value :  1.91847e-07
 Reference value :  1.93081e-07
 Reference value :  1.94331e-07
 Reference value :  1.95664e-07
 Reference value :  1.96960e-07
 Reference value :  1.98298e-07
 Reference value :  1.99530e-07
 Reference value :  2.00780e-07
 Reference value :  2.02051e-07
 Reference value :  2.03288e-07
 Reference value :  2.04531e-07
 Reference value :  2.05758e-07
 Reference value :  2.07000e-07
 Reference value :  2.08271e-07
 Reference value :  2.09537e-07
 Reference value :  2.10812e-07
 Reference value :  2.12042e-07
 Reference value :  2.13281e-07
 Reference value :  2.14590e-07
 Reference value :  2.15905e-07
 Reference value :  2.17183e-07
 Reference value :  2.18470e-07
 Reference value :  2.19758e-07
 Reference value :  2.21011e-07
 Reference value :  2.22239e-07
 Reference value :  2.23510e-07
 Reference value :  2.24790e-07
 Reference value :  2.26046e-07
 Reference value :  2.27343e-07
 Reference value :  2.28566e-07
 Reference value :  2.29827e-07
 Reference value :  2.31059e-07
 Reference value :  2.32332e-07
 Reference value :  2.33596e-07
 Reference value :  2.34895e-07
 Reference value :  2.36168e-07
 Reference value :  2.37455e-07
 Reference value :  2.38656e-07
 Reference value :  2.39903e-07
 Reference value :  2.41200e-07
 Reference value :  2.42555e-07
 Reference value :  2.44217e-07
 Reference value :  2.45551e-07
 Reference value :  2.46881e-07
 Reference value :  2.48131e-07
 Reference value :  2.49402e-07
 Reference value :  2.50741e-07
 Reference value :  2.52459e-07
 Reference value :  2.54234e-07
 Reference value :  2.55580e-07
 Reference value :  2.56910e-07
 Reference value :  2.58191e-07
 Reference value :  2.59461e-07
 Reference value :  2.60790e-07
 Reference value :  2.62035e-07
 Reference value :  2.63310e-07
 Reference value :  2.64608e-07
 Reference value :  2.65888e-07
 Reference value :  2.67210e-07
 Reference value :  2.68519e-07
 Reference value :  2.69807e-07
 Reference value :  2.71094e-07
 Reference value :  2.72363e-07
 Reference value :  2.73612e-07
 Reference value :  2.74871e-07
 Reference value :  2.76090e-07
 Reference value :  2.77319e-07
 Reference value :  2.78541e-07
 Reference value :  2.79791e-07
 Reference value :  2.81030e-07
 Reference value :  2.82271e-07
 Reference value :  2.83511e-07
 Reference value :  2.84719e-07
 Reference value :  2.86014e-07
 Reference value :  2.87301e-07
 Reference value :  2.88561e-07
 Reference value :  2.89800e-07
 Reference value :  2.91040e-07
 Reference value :  2.92306e-07
 Reference value :  2.93604e-07
 Reference value :  2.94894e-07
 Reference value :  2.96141e-07
 Reference value :  2.97362e-07
 Reference value :  2.98598e-07
 Reference value :  2.99800e-07
 Reference value :  3.01120e-07
 Reference value :  3.02396e-07
 Reference value :  3.03683e-07
 Reference value :  3.04971e-07
 Reference value :  3.06203e-07
 Reference value :  3.07502e-07
 Reference value :  3.08695e-07
 Reference value :  3.09960e-07
 Reference value :  3.11220e-07
 Reference value :  3.12459e-07
 Reference value :  3.13711e-07
 Reference value :  3.14961e-07
 Reference value :  3.16213e-07
 Reference value :  3.17452e-07
 Reference value :  3.18690e-07
 Reference value :  3.19968e-07
 Reference value :  3.21255e-07
 Reference value :  3.22521e-07
 Reference value :  3.23741e-07
 Reference value :  3.24971e-07
 Reference value :  3.26201e-07
 Reference value :  3.27430e-07
 Reference value :  3.28682e-07
 Reference value :  3.29971e-07
 Reference value :  3.31250e-07
 Reference value :  3.32532e-07
 Reference value :  3.33791e-07
 Reference value :  3.35017e-07
 Reference value :  3.36243e-07
 Reference value :  3.37450e-07
 Reference value :  3.38680e-07
 Reference value :  3.39952e-07
 Reference value :  3.41226e-07
 Reference value :  3.42470e-07
 Reference value :  3.43710e-07
 Reference value :  3.45274e-07
 Reference value :  3.46680e-07
 Reference value :  3.47906e-07
 Reference value :  3.49102e-07
 Reference value :  3.50352e-07
 Reference value :  3.51638e-07
 Reference value :  3.52889e-07
 Reference value :  3.54113e-07
 Reference value :  3.55350e-07
 Reference value :  3.56587e-07
 Reference value :  3.57896e-07
 Reference value :  3.59152e-07
 Reference value :  3.60346e-07
 Reference value :  3.61568e-07
 Reference value :  3.62800e-07
 Reference value :  3.64033e-07
 Reference value :  3.65295e-07
 Reference value :  3.66577e-07
 Reference value :  3.67887e-07
 Reference value :  3.69150e-07
 Reference value :  3.70447e-07
 Reference value :  3.71736e-07
 Reference value :  3.73020e-07
 Reference value :  3.74366e-07
 Reference value :  3.75650e-07
 Reference value :  3.76890e-07
 Reference value :  3.78140e-07
 Reference value :  3.79450e-07
 Reference value :  3.80716e-07
 Reference value :  3.81980e-07
 Reference value :  3.83250e-07
 Reference value :  3.84493e-07
 Reference value :  3.85729e-07
 Reference value :  3.87192e-07
 Reference value :  3.88626e-07
 Reference value :  3.89984e-07
 Reference value :  3.91362e-07
 Reference value :  3.92694e-07
 Reference value :  3.93993e-07
 Reference value :  3.95430e-07
 Reference value :  3.96875e-07
 Reference value :  3.98333e-07
 Reference value :  3.99847e-07
 Reference value :  4.01460e-07
 Reference value :  4.02840e-07
 Reference value :  4.04176e-07
 Reference value :  4.05587e-07
 Reference value :  4.06919e-07
 Reference value :  4.08373e-07
 Reference value :  4.09770e-07
 Reference value :  4.11191e-07
 Reference value :  4.12543e-07
 Reference value :  4.13880e-07
 Reference value :  4.15361e-07
 Reference value :  4.16742e-07
 Reference value :  4.18096e-07
 Reference value :  4.19441e-07
 Reference value :  4.20769e-07
 Reference value :  4.22102e-07
 Reference value :  4.23420e-07
 Reference value :  4.24697e-07
 Reference value :  4.25921e-07
 Reference value :  4.27160e-07
 Reference value :  4.28526e-07
 Reference value :  4.29863e-07
 Reference value :  4.31217e-07
 Reference value :  4.32599e-07
 Reference value :  4.33861e-07
 Reference value :  4.35150e-07
 Reference value :  4.36480e-07
 Reference value :  4.37799e-07
 Reference value :  4.39245e-07
 Reference value :  4.40628e-07
 Reference value :  4.41953e-07
 Reference value :  4.43280e-07
 Reference value :  4.44603e-07
 Reference value :  4.45912e-07
 Reference value :  4.47295e-07
 Reference value :  4.48701e-07
 Reference value :  4.50119e-07
 Reference value :  4.51598e-07
 Reference value :  4.53155e-07
 Reference value :  4.54620e-07
 Reference value :  4.56191e-07
 Reference value :  4.57709e-07
 Reference value :  4.59230e-07
 Reference value :  4.60741e-07
 Reference value :  4.62245e-07
 Reference value :  4.63663e-07
 Reference value :  4.65083e-07
 Reference value :  4.66846e-07
 Reference value :  4.68442e-07
 Reference value :  4.70060e-07
 Reference value :  4.71460e-07
 Reference value :  4.72940e-07
 Reference value :  4.74313e-07
 Reference value :  4.75654e-07
 Reference value :  4.77070e-07
 Reference value :  4.78380e-07
 Reference value :  4.79800e-07
 Reference value :  4.81184e-07
 Reference value :  4.82676e-07
 Reference value :  4.84088e-07
 Reference value :  4.85471e-07
 Reference value :  4.86961e-07
 Reference value :  4.88419e-07
 Reference value :  4.89819e-07
 Reference value :  4.91221e-07
 Reference value :  4.92750e-07
 Reference value :  4.94263e-07
 Reference value :  4.95700e-07
 Reference value :  4.97231e-07
 Reference value :  4.98580e-07
 Reference value :  4.99941e-07
 Reference value :  5.01304e-07
 Reference value :  5.02985e-07
 Reference value :  5.04577e-07
 Reference value :  5.06128e-07
 Reference value :  5.07498e-07
 Reference value :  5.09001e-07
 Reference value :  5.10610e-07
 Reference value :  5.12098e-07
 Reference value :  5.13418e-07
 Reference value :  5.14703e-07
 Reference value :  5.15968e-07
 Reference value :  5.17242e-07
 Reference value :  5.18695e-07
 Reference value :  5.20152e-07
 Reference value :  5.22209e-07
 Reference value :  5.24410e-07
 Reference value :  5.26460e-07
 Reference value :  5.28571e-07
 Reference value :  5.30552e-07
 Reference value :  5.32616e-07
 Reference value :  5.34447e-07
 Reference value :  5.36317e-07
 Reference value :  5.38210e-07
 Reference value :  5.40309e-07
 Reference value :  5.42400e-07
 Reference value :  5.44404e-07
 Reference value :  5.46545e-07
 Reference value :  5.48465e-07
 Reference value :  5.50421e-07
 Reference value :  5.52517e-07
 Reference value :  5.54554e-07
 Reference value :  5.56536e-07
 Reference value :  5.58450e-07
 Reference value :  5.60416e-07
 Reference value :  5.62422e-07
 Reference value :  5.64361e-07
 Reference value :  5.66248e-07
 Reference value :  5.68300e-07
 Reference value :  5.70343e-07
 Reference value :  5.71980e-07
 Reference value :  5.73280e-07
 Reference value :  5.74598e-07
 Reference value :  5.75890e-07
 Reference value :  5.77228e-07
 Reference value :  5.78601e-07
 Reference value :  5.79940e-07
 Reference value :  5.81323e-07
 Reference value :  5.82611e-07
 Reference value :  5.84060e-07
 Reference value :  5.85430e-07
 Reference value :  5.86771e-07
 Reference value :  5.88149e-07
 Reference value :  5.89470e-07
 Reference value :  5.90868e-07
 Reference value :  5.92309e-07
 Reference value :  5.93861e-07
 Reference value :  5.95493e-07
 Reference value :  5.96893e-07
 Reference value :  5.98341e-07
 Reference value :  5.99941e-07
 Reference value :  6.01781e-07
 Reference value :  6.03878e-07
 Reference value :  6.06144e-07
 Reference value :  6.08400e-07
 Reference value :  6.10632e-07
 Reference value :  6.12692e-07
 Reference value :  6.14919e-07
 Reference value :  6.16561e-07
 Reference value :  6.18277e-07
 Reference value :  6.20471e-07
 Reference value :  6.22394e-07
 Reference value :  6.23675e-07
 Reference value :  6.25015e-07
 Reference value :  6.26331e-07
 Reference value :  6.27660e-07
 Reference value :  6.28976e-07
 Reference value :  6.30315e-07
 Reference value :  6.31660e-07
 Reference value :  6.32952e-07
 Reference value :  6.34265e-07
 Reference value :  6.35560e-07
 Reference value :  6.36934e-07
 Reference value :  6.38207e-07
 Reference value :  6.39565e-07
 Reference value :  6.40974e-07
 Reference value :  6.42333e-07
 Reference value :  6.43660e-07
 Reference value :  6.44970e-07
 Reference value :  6.46250e-07
 Reference value :  6.47550e-07
 Reference value :  6.48831e-07
 Reference value :  6.50100e-07
 Reference value :  6.51374e-07
 Reference value :  6.52652e-07
 Reference value :  6.53911e-07
 Reference value :  6.55148e-07
 Reference value :  6.56372e-07
 Reference value :  6.57646e-07
 Reference value :  6.58915e-07
 Reference value :  6.60244e-07
 Reference value :  6.61641e-07
 Reference value :  6.63220e-07
 Reference value :  6.64748e-07
 Reference value :  6.65970e-07
 Reference value :  6.67390e-07
 Reference value :  6.68667e-07
 Reference value :  6.69966e-07
 Reference value :  6.71225e-07
 Reference value :  6.72450e-07
 Reference value :  6.73676e-07
 Reference value :  6.74920e-07
 Reference value :  6.76189e-07
 Reference value :  6.77512e-07
 Reference value :  6.78820e-07
 Reference value :  6.80171e-07
 Reference value :  6.81666e-07
 Reference value :  6.83080e-07
 Reference value :  6.84317e-07
 Reference value :  6.85610e-07
 Reference value :  6.87010e-07
 Reference value :  6.88529e-07
 Reference value :  6.89838e-07
 Reference value :  6.91299e-07
 Reference value :  6.92591e-07
 Reference value :  6.93833e-07
 Reference value :  6.95137e-07
 Reference value :  6.96415e-07
 Reference value :  6.97790e-07
 Reference value :  6.98964e-07
 Reference value :  7.00230e-07
 Reference value :  7.01400e-07
 Reference value :  7.02590e-07
 Reference value :  7.03813e-07
 Reference value :  7.05019e-07
 Reference value :  7.06203e-07
 Reference value :  7.07420e-07
 Reference value :  7.08610e-07
 Reference value :  7.09821e-07
 Reference value :  7.11036e-07
 Reference value :  7.12239e-07
 Reference value :  7.13459e-07
 Reference value :  7.14661e-07
 Reference value :  7.15840e-07
 Reference value :  7.17032e-07
 Reference value :  7.18192e-07
 Reference value :  7.19401e-07
 Reference value :  7.20591e-07
 Reference value :  7.21799e-07
 Reference value :  7.22970e-07
 Reference value :  7.24150e-07
 Reference value :  7.25353e-07
 Reference value :  7.26551e-07
 Reference value :  7.27725e-07
 Reference value :  7.28902e-07
 Reference value :  7.30121e-07
 Reference value :  7.31289e-07
 Reference value :  7.32460e-07
 Reference value :  7.33691e-07
 Reference value :  7.34864e-07
 Reference value :  7.36040e-07
 Reference value :  7.37250e-07
 Reference value :  7.38450e-07
 Reference value :  7.39639e-07
 Reference value :  7.40791e-07
 Reference value :  7.42025e-07
 Reference value :  7.43240e-07
 Reference value :  7.44457e-07
 Reference value :  7.45645e-07
 Reference value :  7.46850e-07
 Reference value :  7.48027e-07
 Reference value :  7.49213e-07
 Reference value :  7.50383e-07
 Reference value :  7.51599e-07
 Reference value :  7.52801e-07
 Reference value :  7.53968e-07
 Reference value :  7.55140e-07
 Reference value :  7.56361e-07
 Reference value :  7.57531e-07
 Reference value :  7.58701e-07
 Reference value :  7.59959e-07
 Reference value :  7.61620e-07
 Reference value :  7.63096e-07
 Reference value :  7.64322e-07
 Reference value :  7.65604e-07
 Reference value :  7.66806e-07
 Reference value :  7.68010e-07
 Reference value :  7.69199e-07
 Reference value :  7.70378e-07
 Reference value :  7.71611e-07
 Reference value :  7.72814e-07
 Reference value :  7.74007e-07
 Reference value :  7.75195e-07
 Reference value :  7.76409e-07
 Reference value :  7.77610e-07
 Reference value :  7.78829e-07
 Reference value :  7.80028e-07
 Reference value :  7.81240e-07
 Reference value :  7.82418e-07
 Reference value :  7.83589e-07
 Reference value :  7.84786e-07
 Reference value :  7.85983e-07
 Reference value :  7.87156e-07
 Reference value :  7.88338e-07
 Reference value :  7.89510e-07
 Reference value :  7.90701e-07
 Reference value :  7.91890e-07
 Reference value :  7.93098e-07
 Reference value :  7.94308e-07
 Reference value :  7.95543e-07
 Reference value :  7.96740e-07
 Reference value :  7.97953e-07
 Reference value :  7.99135e-07
 Reference value :  8.00304e-07
 Reference value :  8.01520e-07
 Reference value :  8.02693e-07
 Reference value :  8.03885e-07
 Reference value :  8.05123e-07
 Reference value :  8.06290e-07
 Reference value :  8.07484e-07
 Reference value :  8.08841e-07
 Reference value :  8.10077e-07
 Reference value :  8.11373e-07
 Reference value :  8.12543e-07
 Reference value :  8.13735e-07
 Reference value :  8.14892e-07
 Reference value :  8.16094e-07
 Reference value :  8.17363e-07
 Reference value :  8.18570e-07
 Reference value :  8.19751e-07
 Reference value :  8.20910e-07
 Reference value :  8.22070e-07
 Reference value :  8.23260e-07
 Reference value :  8.24486e-07
 Reference value :  8.26032e-07
 Reference value :  8.27194e-07
 Reference value :  8.28397e-07
 Reference value :  8.29605e-07
 Reference value :  8.30799e-07
 Reference value :  8.32250e-07
 Reference value :  8.33972e-07
 Reference value :  8.35239e-07
 Reference value :  8.36705e-07
 Reference value :  8.37897e-07
 Reference value :  8.39091e-07
 Reference value :  8.40323e-07
 Reference value :  8.41500e-07
 Reference value :  8.42750e-07
 Reference value :  8.44267e-07
 Reference value :  8.45801e-07
 Reference value :  8.47040e-07
 Reference value :  8.48504e-07
 Reference value :  8.49673e-07
 Reference value :  8.50910e-07
 Reference value :  8.52131e-07
 Reference value :  8.53328e-07
 Reference value :  8.54532e-07
 Reference value :  8.55782e-07
 Reference value :  8.57270e-07
 Reference value :  8.58831e-07
 Reference value :  8.60330e-07
 Reference value :  8.61534e-07
 Reference value :  8.62721e-07
 Reference value :  8.63901e-07
 Reference value :  8.65137e-07
 Reference value :  8.66332e-07
 Reference value :  8.67506e-07
 Reference value :  8.68990e-07
 Reference value :  8.70300e-07
 Reference value :  8.71694e-07
 Reference value :  8.72920e-07
 Reference value :  8.74101e-07
 Reference value :  8.75311e-07
 Reference value :  8.76476e-07
 Reference value :  8.77676e-07
 Reference value :  8.78852e-07
 Reference value :  8.80357e-07
 Reference value :  8.81657e-07
 Reference value :  8.82827e-07
 Reference value :  8.84161e-07
 Reference value :  8.85360e-07
 Reference value :  8.86545e-07
 Reference value :  8.87760e-07
 Reference value :  8.89000e-07
 Reference value :  8.90196e-07
 Reference value :  8.91611e-07
 Reference value :  8.92959e-07
 Reference value :  8.94154e-07
 Reference value :  8.95419e-07
 Reference value :  8.96593e-07
 Reference value :  8.97781e-07
 Reference value :  8.98957e-07
 Reference value :  9.00133e-07
 Reference value :  9.01340e-07
 Reference value :  9.02510e-07
 Reference value :  9.03736e-07
 Reference value :  9.04912e-07
 Reference value :  9.06100e-07
 Reference value :  9.07282e-07
 Reference value :  9.08443e-07
 Reference value :  9.09650e-07
 Reference value :  9.10845e-07
 Reference value :  9.12010e-07
 Reference value :  9.13180e-07
 Reference value :  9.14367e-07
 Reference value :  9.15531e-07
 Reference value :  9.16719e-07
 Reference value :  9.17883e-07
 Reference value :  9.19082e-07
 Reference value :  9.20254e-07
 Reference value :  9.21431e-07
 Reference value :  9.22649e-07
 Reference value :  9.23838e-07
 Reference value :  9.25020e-07
 Reference value :  9.26220e-07
 Reference value :  9.27497e-07
 Reference value :  9.28690e-07
 Reference value :  9.29873e-07
 Reference value :  9.31056e-07
 Reference value :  9.32241e-07
 Reference value :  9.33448e-07
 Reference value :  9.34679e-07
 Reference value :  9.35857e-07
 Reference value :  9.37038e-07
 Reference value :  9.38235e-07
 Reference value :  9.39460e-07
 Reference value :  9.40611e-07
 Reference value :  9.41790e-07
 Reference value :  9.43060e-07
 Reference value :  9.44237e-07
 Reference value :  9.45434e-07
 Reference value :  9.46622e-07
 Reference value :  9.47818e-07
 Reference value :  9.48981e-07
 Reference value :  9.50169e-07
 Reference value :  9.51322e-07
 Reference value :  9.52553e-07
 Reference value :  9.53774e-07
 Reference value :  9.54943e-07
 Reference value :  9.56140e-07
 Reference value :  9.57358e-07
 Reference value :  9.58545e-07
 Reference value :  9.59760e-07
 Reference value :  9.60940e-07
 Reference value :  9.62150e-07
 Reference value :  9.63353e-07
 Reference value :  9.64594e-07
 Reference value :  9.65774e-07
 Reference value :  9.66978e-07
 Reference value :  9.68190e-07
 Reference value :  9.69390e-07
 Reference value :  9.70579e-07
 Reference value :  9.71747e-07
 Reference value :  9.72958e-07
 Reference value :  9.74120e-07
 Reference value :  9.75322e-07
 Reference value :  9.76516e-07
 Reference value :  9.77731e-07
 Reference value :  9.78904e-07
 Reference value :  9.80060e-07
 Reference value :  9.81226e-07
 Reference value :  9.82398e-07
 Reference value :  9.83590e-07
 Reference value :  9.84750e-07
 Reference value :  9.85919e-07
 Reference value :  9.87157e-07
 Reference value :  9.88323e-07
 Reference value :  9.89508e-07
 Reference value :  9.90698e-07
 Reference value :  9.91916e-07
 Reference value :  9.93102e-07
 Reference value :  9.94310e-07
 Reference value :  9.95480e-07
 Reference value :  9.96672e-07
 Reference value :  9.97860e-07
 Reference value :  9.99080e-07
 Reference value :  1.00032e-06
 Reference value :  1.00151e-06
 Reference value :  1.00270e-06
 Reference value :  1.00390e-06
 Reference value :  1.00510e-06
 Reference value :  1.00628e-06
 Reference value :  1.00746e-06
 Reference value :  1.00871e-06
 Reference value :  1.00994e-06
 Reference value :  1.01116e-06
 Reference value :  1.01235e-06
 Reference value :  1.01357e-06
 Reference value :  1.01479e-06
 Reference value :  1.01602e-06
 Reference value :  1.01722e-06
 Reference value :  1.01839e-06
 Reference value :  1.01959e-06
 Reference value :  1.02076e-06
 Reference value :  1.02198e-06
 Reference value :  1.02319e-06
 Reference value :  1.02442e-06
 Reference value :  1.02566e-06
 Reference value :  1.02686e-06
 Reference value :  1.02807e-06
 Reference value :  1.02926e-06
 Reference value :  1.03049e-06
 Reference value :  1.03171e-06
 Reference value :  1.03301e-06
 Reference value :  1.03417e-06
 Reference value :  1.03537e-06
 Reference value :  1.03659e-06
 Reference value :  1.03785e-06
 Reference value :  1.03906e-06
 Reference value :  1.04022e-06
 Reference value :  1.04140e-06
 Reference value :  1.04330e-06
 Reference value :  1.04539e-06
 Reference value :  1.04666e-06
 Reference value :  1.04785e-06
 Reference value :  1.04945e-06
 Reference value :  1.05064e-06
 Reference value :  1.05182e-06
 Reference value :  1.05300e-06
 Reference value :  1.05422e-06
 Reference value :  1.05540e-06
 Reference value :  1.05660e-06
 Reference value :  1.05776e-06
 Reference value :  1.05898e-06
 Reference value :  1.06017e-06
 Reference value :  1.06134e-06
 Reference value :  1.06254e-06
 Reference value :  1.06375e-06
 Reference value :  1.06537e-06
 Reference value :  1.06665e-06
 Reference value :  1.06814e-06
 Reference value :  1.06937e-06
 Reference value :  1.07094e-06
 Reference value :  1.07214e-06
 Reference value :  1.07331e-06
 Reference value :  1.07448e-06
 Reference value :  1.07567e-06
 Reference value :  1.07684e-06
 Reference value :  1.07800e-06
 Reference value :  1.07964e-06
 Reference value :  1.08098e-06
 Reference value :  1.08218e-06
 Reference value :  1.08386e-06
 Reference value :  1.08506e-06
 Reference value :  1.08627e-06
 Reference value :  1.08744e-06
 Reference value :  1.08862e-06
 Reference value :  1.08985e-06
 Reference value :  1.09102e-06
 Reference value :  1.09223e-06
 Reference value :  1.09344e-06
 Reference value :  1.09474e-06
 Reference value :  1.09598e-06
 Reference value :  1.09716e-06
 Reference value :  1.09836e-06
 Reference value :  1.09958e-06
 Reference value :  1.10078e-06
 Reference value :  1.10196e-06
 Reference value :  1.10315e-06
 Reference value :  1.10435e-06
 Reference value :  1.10557e-06
 Reference value :  1.10677e-06
 Reference value :  1.10797e-06
 Reference value :  1.10914e-06
 Reference value :  1.11041e-06
 Reference value :  1.11163e-06
 Reference value :  1.11286e-06
 Reference value :  1.11407e-06
 Reference value :  1.11524e-06
 Reference value :  1.11643e-06
 Reference value :  1.11762e-06
 Reference value :  1.11880e-06
 Reference value :  1.11999e-06
 Reference value :  1.12128e-06
 Reference value :  1.12250e-06
 Reference value :  1.12370e-06
 Reference value :  1.12493e-06
 Reference value :  1.12614e-06
 Reference value :  1.12733e-06
 Reference value :  1.12857e-06
 Reference value :  1.12980e-06
 Reference value :  1.13103e-06
 Reference value :  1.13224e-06
 Reference value :  1.13348e-06
 Reference value :  1.13474e-06
 Reference value :  1.13595e-06
 Reference value :  1.13713e-06
 Reference value :  1.13833e-06
 Reference value :  1.13949e-06
 Reference value :  1.14068e-06
 Reference value :  1.14186e-06
 Reference value :  1.14307e-06
 Reference value :  1.14422e-06
 Reference value :  1.14542e-06
 Reference value :  1.14664e-06
 Reference value :  1.14781e-06
 Reference value :  1.14900e-06
 Reference value :  1.15019e-06
 Reference value :  1.15138e-06
 Reference value :  1.15259e-06
 Reference value :  1.15381e-06
 Reference value :  1.15501e-06
 Reference value :  1.15624e-06
 Reference value :  1.15743e-06
 Reference value :  1.15859e-06
 Reference value :  1.15980e-06
 Reference value :  1.16101e-06
 Reference value :  1.16222e-06
 Reference value :  1.16343e-06
 Reference value :  1.16464e-06
 Reference value :  1.16583e-06
 Reference value :  1.16707e-06
 Reference value :  1.16829e-06
 Reference value :  1.16949e-06
 Reference value :  1.17074e-06
 Reference value :  1.17193e-06
 Reference value :  1.17317e-06
 Reference value :  1.17438e-06
 Reference value :  1.17566e-06
 Reference value :  1.17689e-06
 Reference value :  1.17808e-06
 Reference value :  1.17929e-06
 Reference value :  1.18049e-06
 Reference value :  1.18169e-06
 Reference value :  1.18292e-06
 Reference value :  1.18418e-06
 Reference value :  1.18542e-06
 Reference value :  1.18662e-06
 Reference value :  1.18784e-06
 Reference value :  1.18906e-06
 Reference value :  1.19025e-06
 Reference value :  1.19145e-06
 Reference value :  1.19303e-06
 Reference value :  1.19423e-06
 Reference value :  1.19545e-06
 Reference value :  1.19663e-06
 Reference value :  1.19788e-06
 Reference value :  1.19911e-06
 Reference value :  1.20035e-06
 Reference value :  1.20158e-06
 Reference value :  1.20281e-06
 Reference value :  1.20401e-06
 Reference value :  1.20523e-06
 Reference value :  1.20646e-06
 Reference value :  1.20765e-06
 Reference value :  1.20888e-06
 Reference value :  1.21010e-06
 Reference value :  1.21131e-06
 Reference value :  1.21256e-06
 Reference value :  1.21376e-06
 Reference value :  1.21494e-06
 Reference value :  1.21617e-06
 Reference value :  1.21739e-06
 Reference value :  1.21857e-06
 Reference value :  1.21980e-06
 Reference value :  1.22098e-06
 Reference value :  1.22216e-06
 Reference value :  1.22335e-06
 Reference value :  1.22452e-06
 Reference value :  1.22574e-06
 Reference value :  1.22692e-06
 Reference value :  1.22813e-06
 Reference value :  1.22935e-06
 Reference value :  1.23056e-06
 Reference value :  1.23176e-06
 Reference value :  1.23296e-06
 Reference value :  1.23417e-06
 Reference value :  1.23537e-06
 Reference value :  1.23655e-06
 Reference value :  1.23775e-06
 Reference value :  1.23892e-06
 Reference value :  1.24017e-06
 Reference value :  1.24146e-06
 Reference value :  1.24263e-06
 Reference value :  1.24383e-06
 Reference value :  1.24510e-06
 Reference value :  1.24631e-06
 Reference value :  1.24765e-06
 Reference value :  1.24902e-06
 Reference value :  1.25023e-06
 Reference value :  1.25146e-06
 Reference value :  1.25269e-06
 Reference value :  1.25391e-06
 Reference value :  1.25512e-06
 Reference value :  1.25634e-06
 Reference value :  1.25754e-06
 Reference value :  1.25875e-06
 Reference value :  1.26001e-06
 Reference value :  1.26125e-06
 Reference value :  1.26249e-06
 Reference value :  1.26374e-06
 Reference value :  1.26498e-06
 Reference value :  1.26621e-06
 Reference value :  1.26743e-06
 Reference value :  1.26860e-06
 Reference value :  1.26980e-06
 Reference value :  1.27102e-06
 Reference value :  1.27226e-06
 Reference value :  1.27347e-06
 Reference value :  1.27469e-06
 Reference value :  1.27588e-06
 Reference value :  1.27711e-06
 Reference value :  1.27837e-06
 Reference value :  1.27959e-06
 Reference value :  1.28078e-06
 Reference value :  1.28199e-06
 Reference value :  1.28326e-06
 Reference value :  1.28448e-06
 Reference value :  1.28571e-06
 Reference value :  1.28694e-06
 Reference value :  1.28816e-06
 Reference value :  1.28946e-06
 Reference value :  1.29082e-06
 Reference value :  1.29216e-06
 Reference value :  1.29347e-06
 Reference value :  1.29469e-06
 Reference value :  1.29589e-06
 Reference value :  1.29709e-06
 Reference value :  1.29830e-06
 Reference value :  1.29950e-06
 Reference value :  1.30078e-06
 Reference value :  1.30202e-06
 Reference value :  1.30323e-06
 Reference value :  1.30445e-06
 Reference value :  1.30569e-06
 Reference value :  1.30689e-06
 Reference value :  1.30824e-06
 Reference value :  1.30964e-06
 Reference value :  1.31098e-06
 Reference value :  1.31226e-06
 Reference value :  1.31363e-06
 Reference value :  1.31492e-06
 Reference value :  1.31624e-06
 Reference value :  1.31748e-06
 Reference value :  1.31871e-06
 Reference value :  1.31990e-06
 Reference value :  1.32109e-06
 Reference value :  1.32229e-06
 Reference value :  1.32361e-06
 Reference value :  1.32484e-06
 Reference value :  1.32607e-06
 Reference value :  1.32728e-06
 Reference value :  1.32847e-06
 Reference value :  1.32965e-06
 Reference value :  1.33082e-06
 Reference value :  1.33203e-06
 Reference value :  1.33369e-06
 Reference value :  1.33492e-06
 Reference value :  1.33615e-06
 Reference value :  1.33737e-06
 Reference value :  1.33860e-06
 Reference value :  1.33985e-06
 Reference value :  1.34109e-06
 Reference value :  1.34227e-06
 Reference value :  1.34353e-06
 Reference value :  1.34474e-06
 Reference value :  1.34593e-06
 Reference value :  1.34714e-06
 Reference value :  1.34838e-06
 Reference value :  1.34962e-06
 Reference value :  1.35086e-06
 Reference value :  1.35205e-06
 Reference value :  1.35326e-06
 Reference value :  1.35447e-06
 Reference value :  1.35570e-06
 Reference value :  1.35695e-06
 Reference value :  1.35813e-06
 Reference value :  1.35932e-06
 Reference value :  1.36055e-06
 Reference value :  1.36176e-06
 Reference value :  1.36297e-06
 Reference value :  1.36414e-06
 Reference value :  1.36535e-06
 Reference value :  1.36654e-06
 Reference value :  1.36774e-06
 Reference value :  1.36894e-06
 Reference value :  1.37012e-06
 Reference value :  1.37129e-06
 Reference value :  1.37254e-06
 Reference value :  1.37377e-06
 Reference value :  1.37495e-06
 Reference value :  1.37616e-06
 Reference value :  1.37734e-06
 Reference value :  1.37857e-06
 Reference value :  1.37977e-06
 Reference value :  1.38098e-06
 Reference value :  1.38215e-06
 Reference value :  1.38338e-06
 Reference value :  1.38455e-06
 Reference value :  1.38573e-06
 Reference value :  1.38690e-06
 Reference value :  1.38810e-06
 Reference value :  1.38931e-06
 Reference value :  1.39054e-06
 Reference value :  1.39174e-06
 Reference value :  1.39291e-06
 Reference value :  1.39410e-06
 Reference value :  1.39529e-06
 Reference value :  1.39651e-06
 Reference value :  1.39766e-06
 Reference value :  1.39884e-06
 Reference value :  1.40018e-06
 Reference value :  1.40133e-06
 Reference value :  1.40255e-06
 Reference value :  1.40370e-06
 Reference value :  1.40496e-06
 Reference value :  1.40613e-06
 Reference value :  1.40731e-06
 Reference value :  1.40854e-06
 Reference value :  1.40976e-06
 Reference value :  1.41092e-06
 Reference value :  1.41208e-06
 Reference value :  1.41330e-06
 Reference value :  1.41449e-06
 Reference value :  1.41567e-06
 Reference value :  1.41685e-06
 Reference value :  1.41796e-06
 Reference value :  1.41916e-06
 Reference value :  1.42035e-06
 Reference value :  1.42150e-06
 Reference value :  1.42271e-06
 Reference value :  1.42387e-06
 Reference value :  1.42504e-06
 Reference value :  1.42621e-06
 Reference value :  1.42738e-06
 Reference value :  1.42856e-06
 Reference value :  1.42974e-06
 Reference value :  1.43096e-06
 Reference value :  1.43218e-06
 Reference value :  1.43365e-06
 Reference value :  1.43487e-06
 Reference value :  1.43603e-06
 Reference value :  1.43723e-06
 Reference value :  1.43847e-06
 Reference value :  1.43970e-06
 Reference value :  1.44091e-06
 Reference value :  1.44208e-06
 Reference value :  1.44328e-06
 Reference value :  1.44455e-06
 Reference value :  1.44573e-06
 Reference value :  1.44694e-06
 Reference value :  1.44815e-06
 Reference value :  1.44935e-06
 Reference value :  1.45052e-06
 Reference value :  1.45173e-06
 Reference value :  1.45292e-06
 Reference value :  1.45404e-06
 Reference value :  1.45520e-06
 Reference value :  1.45639e-06
 Reference value :  1.45755e-06
 Reference value :  1.45872e-06
 Reference value :  1.45991e-06
 Reference value :  1.46113e-06
 Reference value :  1.46228e-06
 Reference value :  1.46345e-06
 Reference value :  1.46461e-06
 Reference value :  1.46579e-06
 Reference value :  1.46693e-06
 Reference value :  1.46809e-06
 Reference value :  1.46924e-06
 Reference value :  1.47038e-06
 Reference value :  1.47155e-06
 Reference value :  1.47272e-06
 Reference value :  1.47385e-06
 Reference value :  1.47503e-06
 Reference value :  1.47620e-06
 Reference value :  1.47736e-06
 Reference value :  1.47851e-06
 Reference value :  1.47966e-06
 Reference value :  1.48082e-06
 Reference value :  1.48196e-06
 Reference value :  1.48308e-06
 Reference value :  1.48421e-06
 Reference value :  1.48551e-06
 Reference value :  1.48745e-06
 Reference value :  1.48868e-06
 Reference value :  1.48987e-06
 Reference value :  1.49107e-06
 Reference value :  1.49229e-06
 Reference value :  1.49347e-06
 Reference value :  1.49465e-06
 Reference value :  1.49585e-06
 Reference value :  1.49701e-06
 Reference value :  1.49819e-06
 Reference value :  1.49936e-06
 Reference value :  1.50054e-06
 Reference value :  1.50176e-06
 Reference value :  1.50294e-06
 Reference value :  1.50411e-06
 Reference value :  1.50533e-06
 Reference value :  1.50655e-06
 Reference value :  1.50775e-06
 Reference value :  1.50895e-06
 Reference value :  1.51013e-06
 Reference value :  1.51130e-06
 Reference value :  1.51253e-06
 Reference value :  1.51372e-06
 Reference value :  1.51490e-06
 Reference value :  1.51609e-06
 Reference value :  1.51728e-06
 Reference value :  1.51848e-06
 Reference value :  1.51968e-06
 Reference value :  1.52093e-06
 Reference value :  1.52216e-06
 Reference value :  1.52331e-06
 Reference value :  1.52452e-06
 Reference value :  1.52575e-06
 Reference value :  1.52695e-06
 Reference value :  1.52816e-06
 Reference value :  1.52936e-06
 Reference value :  1.53054e-06
 Reference value :  1.53175e-06
 Reference value :  1.53294e-06
 Reference value :  1.53413e-06
 Reference value :  1.53537e-06
 Reference value :  1.53658e-06
 Reference value :  1.53822e-06
 Reference value :  1.53941e-06
 Reference value :  1.54059e-06
 Reference value :  1.54180e-06
 Reference value :  1.54299e-06
 Reference value :  1.54418e-06
 Reference value :  1.54539e-06
 Reference value :  1.54656e-06
 Reference value :  1.54775e-06
 Reference value :  1.54897e-06
 Reference value :  1.55015e-06
 Reference value :  1.55130e-06
 Reference value :  1.55250e-06
 Reference value :  1.55421e-06
 Reference value :  1.55571e-06
 Reference value :  1.55687e-06
 Reference value :  1.55805e-06
 Reference value :  1.55921e-06
 Reference value :  1.56040e-06
 Reference value :  1.56155e-06
 Reference value :  1.56272e-06
 Reference value :  1.56392e-06
 Reference value :  1.56513e-06
 Reference value :  1.56628e-06
 Reference value :  1.56747e-06
 Reference value :  1.56868e-06
 Reference value :  1.56989e-06
 Reference value :  1.57108e-06
 Reference value :  1.57227e-06
 Reference value :  1.57344e-06
 Reference value :  1.57461e-06
 Reference value :  1.57577e-06
 Reference value :  1.57700e-06
 Reference value :  1.57822e-06
 Reference value :  1.57942e-06
 Reference value :  1.58061e-06
 Reference value :  1.58180e-06
 Reference value :  1.58300e-06
 Reference value :  1.58419e-06
 Reference value :  1.58538e-06
 Reference value :  1.58660e-06
 Reference value :  1.58778e-06
 Reference value :  1.58897e-06
 Reference value :  1.59018e-06
 Reference value :  1.59146e-06
 Reference value :  1.59277e-06
 Reference value :  1.59397e-06
 Reference value :  1.59522e-06
 Reference value :  1.59646e-06
 Reference value :  1.59772e-06
 Reference value :  1.59892e-06
 Reference value :  1.60013e-06
 Reference value :  1.60133e-06
 Reference value :  1.60256e-06
 Reference value :  1.60375e-06
 Reference value :  1.60508e-06
 Reference value :  1.60634e-06
 Reference value :  1.60766e-06
 Reference value :  1.60891e-06
 Reference value :  1.61020e-06
 Reference value :  1.61144e-06
 Reference value :  1.61267e-06
 Reference value :  1.61388e-06
 Reference value :  1.61509e-06
 Reference value :  1.61630e-06
 Reference value :  1.61745e-06
 Reference value :  1.61864e-06
 Reference value :  1.61982e-06
 Reference value :  1.62103e-06
 Reference value :  1.62220e-06
 Reference value :  1.62341e-06
 Reference value :  1.62458e-06
 Reference value :  1.62579e-06
 Reference value :  1.62698e-06
 Reference value :  1.62815e-06
 Reference value :  1.62933e-06
 Reference value :  1.63052e-06
 Reference value :  1.63171e-06
 Reference value :  1.63296e-06
 Reference value :  1.63414e-06
 Reference value :  1.63534e-06
 Reference value :  1.63700e-06
 Reference value :  1.63815e-06
 Reference value :  1.63936e-06
 Reference value :  1.64056e-06
 Reference value :  1.64175e-06
 Reference value :  1.64292e-06
 Reference value :  1.64409e-06
 Reference value :  1.64530e-06
 Reference value :  1.64653e-06
 Reference value :  1.64775e-06
 Reference value :  1.64894e-06
 Reference value :  1.65012e-06
 Reference value :  1.65128e-06
 Reference value :  1.65244e-06
 Reference value :  1.65358e-06
 Reference value :  1.65473e-06
 Reference value :  1.65592e-06
 Reference value :  1.65709e-06
 Reference value :  1.65825e-06
 Reference value :  1.65947e-06
 Reference value :  1.66069e-06
 Reference value :  1.66187e-06
 Reference value :  1.66305e-06
 Reference value :  1.66430e-06
 Reference value :  1.66549e-06
 Reference value :  1.66665e-06
 Reference value :  1.66787e-06
 Reference value :  1.66909e-06
 Reference value :  1.67030e-06
 Reference value :  1.67152e-06
 Reference value :  1.67272e-06
 Reference value :  1.67391e-06
 Reference value :  1.67515e-06
 Reference value :  1.67633e-06
 Reference value :  1.67756e-06
 Reference value :  1.67874e-06
 Reference value :  1.67990e-06
 Reference value :  1.68112e-06
 Reference value :  1.68231e-06
 Reference value :  1.68353e-06
 Reference value :  1.68477e-06
 Reference value :  1.68595e-06
 Reference value :  1.68716e-06
 Reference value :  1.68837e-06
 Reference value :  1.68958e-06
 Reference value :  1.69074e-06
 Reference value :  1.69195e-06
 Reference value :  1.69312e-06
 Reference value :  1.69434e-06
 Reference value :  1.69553e-06
 Reference value :  1.69673e-06
 Reference value :  1.69793e-06
 Reference value :  1.69913e-06
 Reference value :  1.70033e-06
 Reference value :  1.70154e-06
 Reference value :  1.70272e-06
 Reference value :  1.70390e-06
 Reference value :  1.70515e-06
 Reference value :  1.70637e-06
 Reference value :  1.70753e-06
 Reference value :  1.70874e-06
 Reference value :  1.70993e-06
 Reference value :  1.71111e-06
 Reference value :  1.71229e-06
 Reference value :  1.71352e-06
 Reference value :  1.71472e-06
 Reference value :  1.71592e-06
 Reference value :  1.71710e-06
 Reference value :  1.71829e-06
 Reference value :  1.71951e-06
 Reference value :  1.72078e-06
 Reference value :  1.72197e-06
 Reference value :  1.72317e-06
 Reference value :  1.72435e-06
 Reference value :  1.72551e-06
 Reference value :  1.72670e-06
 Reference value :  1.72789e-06
 Reference value :  1.72907e-06
 Reference value :  1.73028e-06
 Reference value :  1.73145e-06
 Reference value :  1.73263e-06
 Reference value :  1.73382e-06
 Reference value :  1.73503e-06
 Reference value :  1.73623e-06
 Reference value :  1.73741e-06
 Reference value :  1.73858e-06
 Reference value :  1.73978e-06
 Reference value :  1.74098e-06
 Reference value :  1.74219e-06
 Reference value :  1.74342e-06
 Reference value :  1.74464e-06
 Reference value :  1.74580e-06
 Reference value :  1.74698e-06
 Reference value :  1.74816e-06
 Reference value :  1.74934e-06
 Reference value :  1.75050e-06
 Reference value :  1.75165e-06
 Reference value :  1.75282e-06
 Reference value :  1.75401e-06
 Reference value :  1.75517e-06
 Reference value :  1.75635e-06
 Reference value :  1.75754e-06
 Reference value :  1.75873e-06
 Reference value :  1.75992e-06
 Reference value :  1.76109e-06
 Reference value :  1.76227e-06
 Reference value :  1.76343e-06
 Reference value :  1.76510e-06
 Reference value :  1.76631e-06
 Reference value :  1.76749e-06
 Reference value :  1.76870e-06
 Reference value :  1.76986e-06
 Reference value :  1.77106e-06
 Reference value :  1.77224e-06
 Reference value :  1.77344e-06
 Reference value :  1.77462e-06
 Reference value :  1.77581e-06
 Reference value :  1.77705e-06
 Reference value :  1.77828e-06
 Reference value :  1.77946e-06
 Reference value :  1.78065e-06
 Reference value :  1.78184e-06
 Reference value :  1.78300e-06
 Reference value :  1.78417e-06
 Reference value :  1.78537e-06
 Reference value :  1.78658e-06
 Reference value :  1.78778e-06
 Reference value :  1.78901e-06
 Reference value :  1.79021e-06
 Reference value :  1.79147e-06
 Reference value :  1.79272e-06
 Reference value :  1.79409e-06
 Reference value :  1.79529e-06
 Reference value :  1.79658e-06
 Reference value :  1.79781e-06
 Reference value :  1.79903e-06
 Reference value :  1.80034e-06
 Reference value :  1.80156e-06
 Reference value :  1.80286e-06
 Reference value :  1.80412e-06
 Reference value :  1.80535e-06
 Reference value :  1.80652e-06
 Reference value :  1.80774e-06
 Reference value :  1.80893e-06
 Reference value :  1.81016e-06
 Reference value :  1.81140e-06
 Reference value :  1.81260e-06
 Reference value :  1.81378e-06
 Reference value :  1.81494e-06
 Reference value :  1.81618e-06
 Reference value :  1.81742e-06
 Reference value :  1.81864e-06
 Reference value :  1.81982e-06
 Reference value :  1.82101e-06
 Reference value :  1.82220e-06
 Reference value :  1.82340e-06
 Reference value :  1.82471e-06
 Reference value :  1.82603e-06
 Reference value :  1.82718e-06
 Reference value :  1.82839e-06
 Reference value :  1.82957e-06
 Reference value :  1.83073e-06
 Reference value :  1.83190e-06
 Reference value :  1.83310e-06
 Reference value :  1.83434e-06
 Reference value :  1.83552e-06
 Reference value :  1.83674e-06
 Reference value :  1.83793e-06
 Reference value :  1.83913e-06
 Reference value :  1.84032e-06
 Reference value :  1.84162e-06
 Reference value :  1.84286e-06
 Reference value :  1.84405e-06
 Reference value :  1.84524e-06
 Reference value :  1.84640e-06
 Reference value :  1.84766e-06
 Reference value :  1.84894e-06
 Reference value :  1.85019e-06
 Reference value :  1.85145e-06
 Reference value :  1.85270e-06
 Reference value :  1.85389e-06
 Reference value :  1.85508e-06
 Reference value :  1.85629e-06
 Reference value :  1.85745e-06
 Reference value :  1.85864e-06
 Reference value :  1.85979e-06
 Reference value :  1.86104e-06
 Reference value :  1.86226e-06
 Reference value :  1.86343e-06
 Reference value :  1.86464e-06
 Reference value :  1.86588e-06
 Reference value :  1.86713e-06
 Reference value :  1.86844e-06
 Reference value :  1.86971e-06
 Reference value :  1.87096e-06
 Reference value :  1.87236e-06
 Reference value :  1.87386e-06
 Reference value :  1.87509e-06
 Reference value :  1.87627e-06
 Reference value :  1.87747e-06
 Reference value :  1.87865e-06
 Reference value :  1.87984e-06
 Reference value :  1.88104e-06
 Reference value :  1.88225e-06
 Reference value :  1.88344e-06
 Reference value :  1.88461e-06
 Reference value :  1.88583e-06
 Reference value :  1.88700e-06
 Reference value :  1.88820e-06
 Reference value :  1.88940e-06
 Reference value :  1.89059e-06
 Reference value :  1.89175e-06
 Reference value :  1.89295e-06
 Reference value :  1.89411e-06
 Reference value :  1.89530e-06
 Reference value :  1.89647e-06
 Reference value :  1.89764e-06
 Reference value :  1.89884e-06
 Reference value :  1.90009e-06
 Reference value :  1.90129e-06
 Reference value :  1.90248e-06
 Reference value :  1.90363e-06
 Reference value :  1.90480e-06
 Reference value :  1.90599e-06
 Reference value :  1.90721e-06
 Reference value :  1.90839e-06
 Reference value :  1.90959e-06
 Reference value :  1.91083e-06
 Reference value :  1.91203e-06
 Reference value :  1.91322e-06
 Reference value :  1.91438e-06
 Reference value :  1.91556e-06
 Reference value :  1.91676e-06
 Reference value :  1.91796e-06
 Reference value :  1.91919e-06
 Reference value :  1.92035e-06
 Reference value :  1.92157e-06
 Reference value :  1.92275e-06
 Reference value :  1.92394e-06
 Reference value :  1.92512e-06
 Reference value :  1.92628e-06
 Reference value :  1.92748e-06
 Reference value :  1.92868e-06
 Reference value :  1.92985e-06
 Reference value :  1.93105e-06
 Reference value :  1.93227e-06
 Reference value :  1.93347e-06
 Reference value :  1.93462e-06
 Reference value :  1.93581e-06
 Reference value :  1.93701e-06
 Reference value :  1.93822e-06
 Reference value :  1.93947e-06
 Reference value :  1.94064e-06
 Reference value :  1.94189e-06
 Reference value :  1.94309e-06
 Reference value :  1.94433e-06
 Reference value :  1.94555e-06
 Reference value :  1.94673e-06
 Reference value :  1.94794e-06
 Reference value :  1.94911e-06
 Reference value :  1.95030e-06
 Reference value :  1.95151e-06
 Reference value :  1.95272e-06
 Reference value :  1.95390e-06
 Reference value :  1.95506e-06
 Reference value :  1.95625e-06
 Reference value :  1.95741e-06
 Reference value :  1.95858e-06
 Reference value :  1.95976e-06
 Reference value :  1.96094e-06
 Reference value :  1.96214e-06
 Reference value :  1.96330e-06
 Reference value :  1.96450e-06
 Reference value :  1.96569e-06
 Reference value :  1.96687e-06
 Reference value :  1.96851e-06
 Reference value :  1.97034e-06
 Reference value :  1.97164e-06
 Reference value :  1.97304e-06
 Reference value :  1.97424e-06
 Reference value :  1.97571e-06
 Reference value :  1.97750e-06
 Reference value :  1.97900e-06
 Reference value :  1.98020e-06
 Reference value :  1.98156e-06
 Reference value :  1.98280e-06
 Reference value :  1.98395e-06
 Reference value :  1.98520e-06
 Reference value :  1.98639e-06
 Reference value :  1.98754e-06
 Reference value :  1.98870e-06
 Reference value :  1.98990e-06
 Reference value :  1.99109e-06
 Reference value :  1.99245e-06
 Reference value :  1.99381e-06
 Reference value :  1.99494e-06
 Reference value :  1.99614e-06
 Reference value :  1.99729e-06
 Reference value :  1.99845e-06
 Reference value :  1.99958e-06
 Reference value :  2.00076e-06
 Reference value :  2.00190e-06
 Reference value :  2.00318e-06
 Reference value :  2.00433e-06
 Reference value :  2.00553e-06
 Reference value :  2.00672e-06
 Reference value :  2.00786e-06
 Reference value :  2.00898e-06
 Reference value :  2.01014e-06
 Reference value :  2.01130e-06
 Reference value :  2.01250e-06
 Reference value :  2.01362e-06
 Reference value :  2.01482e-06
 Reference value :  2.01599e-06
 Reference value :  2.01715e-06
 Reference value :  2.01834e-06
 Reference value :  2.01952e-06
 Reference value :  2.02070e-06
 Reference value :  2.02186e-06
 Reference value :  2.02299e-06
 Reference value :  2.02419e-06
 Reference value :  2.02538e-06
 Reference value :  2.02653e-06
 Reference value :  2.02771e-06
 Reference value :  2.02887e-06
 Reference value :  2.03004e-06
 Reference value :  2.03120e-06
 Reference value :  2.03241e-06
 Reference value :  2.03359e-06
 Reference value :  2.03481e-06
 Reference value :  2.03601e-06
 Reference value :  2.03723e-06
 Reference value :  2.03840e-06
 Reference value :  2.03960e-06
 Reference value :  2.04078e-06
 Reference value :  2.04194e-06
 Reference value :  2.04312e-06
 Reference value :  2.04430e-06
 Reference value :  2.04546e-06
 Reference value :  2.04665e-06
 Reference value :  2.04785e-06
 Reference value :  2.04904e-06
 Reference value :  2.05022e-06
 Reference value :  2.05138e-06
 Reference value :  2.05256e-06
 Reference value :  2.05370e-06
 Reference value :  2.05489e-06
 Reference value :  2.05611e-06
 Reference value :  2.05735e-06
 Reference value :  2.05850e-06
 Reference value :  2.05967e-06
 Reference value :  2.06081e-06
 Reference value :  2.06195e-06
 Reference value :  2.06310e-06
 Reference value :  2.06425e-06
 Reference value :  2.06544e-06
 Reference value :  2.06663e-06
 Reference value :  2.06778e-06
 Reference value :  2.06896e-06
 Reference value :  2.07010e-06
 Reference value :  2.07125e-06
 Reference value :  2.07242e-06
 Reference value :  2.07363e-06
 Reference value :  2.07484e-06
 Reference value :  2.07605e-06
 Reference value :  2.07723e-06
 Reference value :  2.07840e-06
 Reference value :  2.07959e-06
 Reference value :  2.08078e-06
 Reference value :  2.08202e-06
 Reference value :  2.08318e-06
 Reference value :  2.08436e-06
 Reference value :  2.08556e-06
 Reference value :  2.08676e-06
 Reference value :  2.08794e-06
 Reference value :  2.08914e-06
 Reference value :  2.09030e-06
 Reference value :  2.09149e-06
 Reference value :  2.09268e-06
 Reference value :  2.09385e-06
 Reference value :  2.09503e-06
 Reference value :  2.09623e-06
 Reference value :  2.09740e-06
 Reference value :  2.09859e-06
 Reference value :  2.09977e-06
 Reference value :  2.10094e-06
 Reference value :  2.10216e-06
 Reference value :  2.10338e-06
 Reference value :  2.10456e-06
 Reference value :  2.10578e-06
 Reference value :  2.10697e-06
 Reference value :  2.10817e-06
 Reference value :  2.10933e-06
 Reference value :  2.11053e-06
 Reference value :  2.11173e-06
 Reference value :  2.11294e-06
 Reference value :  2.11412e-06
 Reference value :  2.11530e-06
 Reference value :  2.11651e-06
 Reference value :  2.11774e-06
 Reference value :  2.11893e-06
 Reference value :  2.12014e-06
 Reference value :  2.12134e-06
 Reference value :  2.12257e-06
 Reference value :  2.12378e-06
 Reference value :  2.12498e-06
 Reference value :  2.12618e-06
 Reference value :  2.12742e-06
 Reference value :  2.12859e-06
 Reference value :  2.12982e-06
 Reference value :  2.13103e-06
 Reference value :  2.13228e-06
 Reference value :  2.13351e-06
 Reference value :  2.13470e-06
 Reference value :  2.13592e-06
 Reference value :  2.13715e-06
 Reference value :  2.13837e-06
 Reference value :  2.13955e-06
 Reference value :  2.14072e-06
 Reference value :  2.14191e-06
 Reference value :  2.14313e-06
 Reference value :  2.14431e-06
 Reference value :  2.14548e-06
 Reference value :  2.14672e-06
 Reference value :  2.14790e-06
 Reference value :  2.14908e-06
 Reference value :  2.15027e-06
 Reference value :  2.15149e-06
 Reference value :  2.15267e-06
 Reference value :  2.15386e-06
 Reference value :  2.15502e-06
 Reference value :  2.15622e-06
 Reference value :  2.15741e-06
 Reference value :  2.15861e-06
 Reference value :  2.15982e-06
 Reference value :  2.16101e-06
 Reference value :  2.16219e-06
 Reference value :  2.16336e-06
 Reference value :  2.16455e-06
 Reference value :  2.16574e-06
 Reference value :  2.16692e-06
 Reference value :  2.16808e-06
 Reference value :  2.16928e-06
 Reference value :  2.17061e-06
 Reference value :  2.17204e-06
 Reference value :  2.17322e-06
 Reference value :  2.17446e-06
 Reference value :  2.17565e-06
 Reference value :  2.17687e-06
 Reference value :  2.17810e-06
 Reference value :  2.17929e-06
 Reference value :  2.18048e-06
 Reference value :  2.18169e-06
 Reference value :  2.18289e-06
 Reference value :  2.18414e-06
 Reference value :  2.18538e-06
 Reference value :  2.18658e-06
 Reference value :  2.18780e-06
 Reference value :  2.18919e-06
 Reference value :  2.19065e-06
 Reference value :  2.19190e-06
 Reference value :  2.19314e-06
 Reference value :  2.19443e-06
 Reference value :  2.19572e-06
 Reference value :  2.19691e-06
 Reference value :  2.19810e-06
 Reference value :  2.19930e-06
 Reference value :  2.20051e-06
 Reference value :  2.20174e-06
 Reference value :  2.20297e-06
 Reference value :  2.20415e-06
 Reference value :  2.20532e-06
 Reference value :  2.20651e-06
 Reference value :  2.20783e-06
 Reference value :  2.20910e-06
 Reference value :  2.21034e-06
 Reference value :  2.21188e-06
 Reference value :  2.21308e-06
 Reference value :  2.21433e-06
 Reference value :  2.21549e-06
 Reference value :  2.21671e-06
 Reference value :  2.21790e-06
 Reference value :  2.21910e-06
 Reference value :  2.22029e-06
 Reference value :  2.22148e-06
 Reference value :  2.22271e-06
 Reference value :  2.22388e-06
 Reference value :  2.22506e-06
 Reference value :  2.22629e-06
 Reference value :  2.22756e-06
 Reference value :  2.22874e-06
 Reference value :  2.22995e-06
 Reference value :  2.23115e-06
 Reference value :  2.23237e-06
 Reference value :  2.23361e-06
 Reference value :  2.23481e-06
 Reference value :  2.23601e-06
 Reference value :  2.23724e-06
 Reference value :  2.23846e-06
 Reference value :  2.23963e-06
 Reference value :  2.24084e-06
 Reference value :  2.24204e-06
 Reference value :  2.24324e-06
 Reference value :  2.24444e-06
 Reference value :  2.24566e-06
 Reference value :  2.24685e-06
 Reference value :  2.24807e-06
 Reference value :  2.24928e-06
 Reference value :  2.25047e-06
 Reference value :  2.25171e-06
 Reference value :  2.25291e-06
 Reference value :  2.25413e-06
 Reference value :  2.25539e-06
 Reference value :  2.25666e-06
 Reference value :  2.25787e-06
 Reference value :  2.25906e-06
 Reference value :  2.26026e-06
 Reference value :  2.26146e-06
 Reference value :  2.26264e-06
 Reference value :  2.26381e-06
 Reference value :  2.26498e-06
 Reference value :  2.26618e-06
 Reference value :  2.26737e-06
 Reference value :  2.26855e-06
 Reference value :  2.26977e-06
 Reference value :  2.27096e-06
 Reference value :  2.27215e-06
 Reference value :  2.27338e-06
 Reference value :  2.27457e-06
 Reference value :  2.27578e-06
 Reference value :  2.27695e-06
 Reference value :  2.27814e-06
 Reference value :  2.27931e-06
 Reference value :  2.28052e-06
 Reference value :  2.28169e-06
 Reference value :  2.28287e-06
 Reference value :  2.28410e-06
 Reference value :  2.28537e-06
 Reference value :  2.28658e-06
 Reference value :  2.28780e-06
 Reference value :  2.28903e-06
 Reference value :  2.29022e-06
 Reference value :  2.29141e-06
 Reference value :  2.29261e-06
 Reference value :  2.29380e-06
 Reference value :  2.29498e-06
 Reference value :  2.29620e-06
 Reference value :  2.29741e-06
 Reference value :  2.29860e-06
 Reference value :  2.29985e-06
 Reference value :  2.30102e-06
 Reference value :  2.30219e-06
 Reference value :  2.30338e-06
 Reference value :  2.30454e-06
 Reference value :  2.30574e-06
 Reference value :  2.30695e-06
 Reference value :  2.30811e-06
 Reference value :  2.30933e-06
 Reference value :  2.31054e-06
 Reference value :  2.31176e-06
 Reference value :  2.31295e-06
 Reference value :  2.31417e-06
 Reference value :  2.31535e-06
 Reference value :  2.31658e-06
 Reference value :  2.31772e-06
 Reference value :  2.31892e-06
 Reference value :  2.32007e-06
 Reference value :  2.32131e-06
 Reference value :  2.32298e-06
 Reference value :  2.32417e-06
 Reference value :  2.32537e-06
 Reference value :  2.32655e-06
 Reference value :  2.32774e-06
 Reference value :  2.32893e-06
 Reference value :  2.33014e-06
 Reference value :  2.33133e-06
 Reference value :  2.33252e-06
 Reference value :  2.33375e-06
 Reference value :  2.33496e-06
 Reference value :  2.33614e-06
 Reference value :  2.33732e-06
 Reference value :  2.33851e-06
 Reference value :  2.33969e-06
 Reference value :  2.34089e-06
 Reference value :  2.34209e-06
 Reference value :  2.34326e-06
 Reference value :  2.34447e-06
 Reference value :  2.34568e-06
 Reference value :  2.34689e-06
 Reference value :  2.34807e-06
 Reference value :  2.34925e-06
 Reference value :  2.35042e-06
 Reference value :  2.35162e-06
 Reference value :  2.35283e-06
 Reference value :  2.35402e-06
 Reference value :  2.35520e-06
 Reference value :  2.35641e-06
 Reference value :  2.35758e-06
 Reference value :  2.35878e-06
 Reference value :  2.36001e-06
 Reference value :  2.36123e-06
 Reference value :  2.36240e-06
 Reference value :  2.36358e-06
 Reference value :  2.36477e-06
 Reference value :  2.36595e-06
 Reference value :  2.36714e-06
 Reference value :  2.36834e-06
 Reference value :  2.36952e-06
 Reference value :  2.37071e-06
 Reference value :  2.37189e-06
 Reference value :  2.37308e-06
 Reference value :  2.37438e-06
 Reference value :  2.37553e-06
 Reference value :  2.37670e-06
 Reference value :  2.37790e-06
 Reference value :  2.37910e-06
 Reference value :  2.38028e-06
 Reference value :  2.38143e-06
 Reference value :  2.38262e-06
 Reference value :  2.38382e-06
 Reference value :  2.38501e-06
 Reference value :  2.38625e-06
 Reference value :  2.38743e-06
 Reference value :  2.38865e-06
 Reference value :  2.38987e-06
 Reference value :  2.39103e-06
 Reference value :  2.39225e-06
 Reference value :  2.39341e-06
 Reference value :  2.39463e-06
 Reference value :  2.39588e-06
 Reference value :  2.39704e-06
 Reference value :  2.39822e-06
 Reference value :  2.39942e-06
No. of Data Rows : 3120009
tk                  =  4.23712e-09
tk                  =  6.80026e-09
tk                  =  9.36466e-09
tk                  =  1.19279e-08
tk                  =  1.44915e-08
tk                  =  1.70554e-08
tk                  =  1.96191e-08
tk                  =  2.21821e-08
tk                  =  2.47469e-08
tk                  =  2.73101e-08
tk                  =  2.98734e-08
tk                  =  3.24374e-08
tk                  =  3.50015e-08
tk                  =  3.75645e-08
tk                  =  4.01277e-08
tk                  =  4.26907e-08
tk                  =  4.52537e-08
tk                  =  4.78173e-08
tk                  =  5.03805e-08
tk                  =  5.29438e-08
tk                  =  5.55076e-08
tk                  =  5.80707e-08
tk                  =  6.06340e-08
tk                  =  6.31974e-08
tk                  =  6.57603e-08
tk                  =  6.83246e-08
tk                  =  7.08877e-08
tk                  =  7.34520e-08
tk                  =  7.60152e-08
tk                  =  7.85790e-08
tk                  =  8.11422e-08
tk                  =  8.37064e-08
tk                  =  8.62700e-08
tk                  =  8.88334e-08
tk                  =  9.13963e-08
tk                  =  9.39596e-08
tk                  =  9.65234e-08
tk                  =  9.90872e-08
tk                  =  1.01650e-07
tk                  =  1.04213e-07
tk                  =  1.06776e-07
tk                  =  1.09340e-07
tk                  =  1.11904e-07
tk                  =  1.14467e-07
tk                  =  1.17031e-07
tk                  =  1.19594e-07
tk                  =  1.22158e-07
tk                  =  1.24722e-07
tk                  =  1.27285e-07
tk                  =  1.29848e-07
tk                  =  1.32413e-07
tk                  =  1.34976e-07
tk                  =  1.37540e-07
tk                  =  1.40103e-07
tk                  =  1.42666e-07
tk                  =  1.45230e-07
tk                  =  1.47793e-07
tk                  =  1.50357e-07
tk                  =  1.52920e-07
tk                  =  1.55484e-07
tk                  =  1.58047e-07
tk                  =  1.60610e-07
tk                  =  1.63174e-07
tk                  =  1.65738e-07
tk                  =  1.68301e-07
tk                  =  1.70865e-07
tk                  =  1.73428e-07
tk                  =  1.75991e-07
tk                  =  1.78555e-07
tk                  =  1.81119e-07
tk                  =  1.83683e-07
tk                  =  1.86247e-07
tk                  =  1.88811e-07
tk                  =  1.91375e-07
tk                  =  1.93939e-07
tk                  =  1.96502e-07
tk                  =  1.99066e-07
tk                  =  2.01630e-07
tk                  =  2.04193e-07
tk                  =  2.06757e-07
tk                  =  2.09321e-07
tk                  =  2.11884e-07
tk                  =  2.14448e-07
tk                  =  2.17011e-07
tk                  =  2.19575e-07
tk                  =  2.22138e-07
tk                  =  2.24703e-07
tk                  =  2.27266e-07
tk                  =  2.29830e-07
tk                  =  2.32393e-07
tk                  =  2.34957e-07
tk                  =  2.37520e-07
tk                  =  2.40083e-07
tk                  =  2.42645e-07
tk                  =  2.45208e-07
tk                  =  2.47772e-07
tk                  =  2.50334e-07
tk                  =  2.52897e-07
tk                  =  2.55461e-07
tk                  =  2.58024e-07
tk                  =  2.60587e-07
tk                  =  2.63151e-07
tk                  =  2.65713e-07
tk                  =  2.68277e-07
tk                  =  2.70842e-07
tk                  =  2.73405e-07
tk                  =  2.75969e-07
tk                  =  2.78532e-07
tk                  =  2.81096e-07
tk                  =  2.83660e-07
tk                  =  2.86224e-07
tk                  =  2.88788e-07
tk                  =  2.91352e-07
tk                  =  2.93915e-07
tk                  =  2.96478e-07
tk                  =  2.99042e-07
tk                  =  3.01605e-07
tk                  =  3.04168e-07
tk                  =  3.06732e-07
tk                  =  3.09295e-07
tk                  =  3.11858e-07
tk                  =  3.14422e-07
tk                  =  3.16986e-07
tk                  =  3.19549e-07
tk                  =  3.22114e-07
tk                  =  3.24677e-07
tk                  =  3.27240e-07
tk                  =  3.29805e-07
tk                  =  3.32368e-07
tk                  =  3.34932e-07
tk                  =  3.37496e-07
tk                  =  3.40058e-07
tk                  =  3.42623e-07
tk                  =  3.45187e-07
tk                  =  3.47751e-07
tk                  =  3.50314e-07
tk                  =  3.52879e-07
tk                  =  3.55442e-07
tk                  =  3.58005e-07
tk                  =  3.60569e-07
tk                  =  3.63133e-07
tk                  =  3.65695e-07
tk                  =  3.68259e-07
tk                  =  3.70821e-07
tk                  =  3.73386e-07
tk                  =  3.75949e-07
tk                  =  3.78512e-07
tk                  =  3.81076e-07
tk                  =  3.83639e-07
tk                  =  3.86204e-07
tk                  =  3.88767e-07
tk                  =  3.91330e-07
tk                  =  3.93893e-07
tk                  =  3.96457e-07
tk                  =  3.99021e-07
tk                  =  4.01584e-07
tk                  =  4.04148e-07
tk                  =  4.06711e-07
tk                  =  4.09275e-07
tk                  =  4.11838e-07
tk                  =  4.14402e-07
tk                  =  4.16965e-07
tk                  =  4.19527e-07
tk                  =  4.22091e-07
tk                  =  4.24654e-07
tk                  =  4.27217e-07
tk                  =  4.29781e-07
tk                  =  4.32343e-07
tk                  =  4.34907e-07
tk                  =  4.37470e-07
tk                  =  4.40033e-07
tk                  =  4.42595e-07
tk                  =  4.45159e-07
tk                  =  4.47723e-07
tk                  =  4.50286e-07
tk                  =  4.52850e-07
tk                  =  4.55413e-07
tk                  =  4.57977e-07
tk                  =  4.60540e-07
tk                  =  4.63103e-07
tk                  =  4.65666e-07
tk                  =  4.68230e-07
tk                  =  4.70793e-07
tk                  =  4.73357e-07
tk                  =  4.75921e-07
tk                  =  4.78485e-07
tk                  =  4.81049e-07
tk                  =  4.83612e-07
tk                  =  4.86176e-07
tk                  =  4.88739e-07
tk                  =  4.91301e-07
tk                  =  4.93867e-07
tk                  =  4.96430e-07
tk                  =  4.98994e-07
tk                  =  5.01557e-07
tk                  =  5.04120e-07
tk                  =  5.06684e-07
tk                  =  5.09248e-07
tk                  =  5.11812e-07
tk                  =  5.14374e-07
tk                  =  5.16938e-07
tk                  =  5.19502e-07
tk                  =  5.22066e-07
tk                  =  5.24630e-07
tk                  =  5.27193e-07
tk                  =  5.29758e-07
tk                  =  5.32321e-07
tk                  =  5.34885e-07
tk                  =  5.37448e-07
tk                  =  5.40011e-07
tk                  =  5.42575e-07
tk                  =  5.45139e-07
tk                  =  5.47702e-07
tk                  =  5.50266e-07
tk                  =  5.52830e-07
tk                  =  5.55393e-07
tk                  =  5.57956e-07
tk                  =  5.60520e-07
tk                  =  5.63084e-07
tk                  =  5.65647e-07
tk                  =  5.68211e-07
tk                  =  5.70775e-07
tk                  =  5.73338e-07
tk                  =  5.75901e-07
tk                  =  5.78464e-07
tk                  =  5.81028e-07
tk                  =  5.83591e-07
tk                  =  5.86153e-07
tk                  =  5.88716e-07
tk                  =  5.91280e-07
tk                  =  5.93844e-07
tk                  =  5.96409e-07
tk                  =  5.98972e-07
tk                  =  6.01535e-07
tk                  =  6.04099e-07
tk                  =  6.06663e-07
tk                  =  6.09227e-07
tk                  =  6.11791e-07
tk                  =  6.14354e-07
tk                  =  6.16917e-07
tk                  =  6.19481e-07
tk                  =  6.22045e-07
tk                  =  6.24609e-07
tk                  =  6.27172e-07
tk                  =  6.29735e-07
tk                  =  6.32298e-07
tk                  =  6.34862e-07
tk                  =  6.37426e-07
tk                  =  6.39989e-07
tk                  =  6.42553e-07
tk                  =  6.45117e-07
tk                  =  6.47680e-07
tk                  =  6.50244e-07
tk                  =  6.52807e-07
tk                  =  6.55371e-07
tk                  =  6.57935e-07
tk                  =  6.60498e-07
tk                  =  6.63061e-07
tk                  =  6.65624e-07
tk                  =  6.68187e-07
tk                  =  6.70751e-07
tk                  =  6.73314e-07
tk                  =  6.75878e-07
tk                  =  6.78441e-07
tk                  =  6.81004e-07
tk                  =  6.83568e-07
tk                  =  6.86132e-07
tk                  =  6.88695e-07
tk                  =  6.91259e-07
tk                  =  6.93822e-07
tk                  =  6.96385e-07
tk                  =  6.98949e-07
tk                  =  7.01512e-07
tk                  =  7.04076e-07
tk                  =  7.06640e-07
tk                  =  7.09202e-07
tk                  =  7.11766e-07
tk                  =  7.14329e-07
tk                  =  7.16892e-07
tk                  =  7.19457e-07
tk                  =  7.22022e-07
tk                  =  7.24585e-07
tk                  =  7.27149e-07
tk                  =  7.29713e-07
tk                  =  7.32277e-07
tk                  =  7.34840e-07
tk                  =  7.37403e-07
tk                  =  7.39967e-07
tk                  =  7.42532e-07
tk                  =  7.45096e-07
tk                  =  7.47660e-07
tk                  =  7.50223e-07
tk                  =  7.52786e-07
tk                  =  7.55350e-07
tk                  =  7.57913e-07
tk                  =  7.60476e-07
tk                  =  7.63040e-07
tk                  =  7.65604e-07
tk                  =  7.68167e-07
tk                  =  7.70730e-07
tk                  =  7.73295e-07
tk                  =  7.75859e-07
tk                  =  7.78422e-07
tk                  =  7.80986e-07
tk                  =  7.83549e-07
tk                  =  7.86111e-07
tk                  =  7.88674e-07
tk                  =  7.91239e-07
tk                  =  7.93801e-07
tk                  =  7.96365e-07
tk                  =  7.98929e-07
tk                  =  8.01492e-07
tk                  =  8.04055e-07
tk                  =  8.06619e-07
tk                  =  8.09182e-07
tk                  =  8.11745e-07
tk                  =  8.14309e-07
tk                  =  8.16872e-07
tk                  =  8.19436e-07
tk                  =  8.22001e-07
tk                  =  8.24564e-07
tk                  =  8.27128e-07
tk                  =  8.29692e-07
tk                  =  8.32255e-07
tk                  =  8.34818e-07
tk                  =  8.37382e-07
tk                  =  8.39945e-07
tk                  =  8.42509e-07
tk                  =  8.45073e-07
tk                  =  8.47638e-07
tk                  =  8.50201e-07
tk                  =  8.52763e-07
tk                  =  8.55327e-07
tk                  =  8.57890e-07
tk                  =  8.60454e-07
tk                  =  8.63017e-07
tk                  =  8.65581e-07
tk                  =  8.68146e-07
tk                  =  8.70709e-07
tk                  =  8.73271e-07
tk                  =  8.75835e-07
tk                  =  8.78398e-07
tk                  =  8.80960e-07
tk                  =  8.83525e-07
tk                  =  8.86088e-07
tk                  =  8.88651e-07
tk                  =  8.91215e-07
tk                  =  8.93779e-07
tk                  =  8.96342e-07
tk                  =  8.98907e-07
tk                  =  9.01470e-07
tk                  =  9.04034e-07
tk                  =  9.06597e-07
tk                  =  9.09161e-07
tk                  =  9.11724e-07
tk                  =  9.14287e-07
tk                  =  9.16851e-07
tk                  =  9.19414e-07
tk                  =  9.21978e-07
tk                  =  9.24540e-07
tk                  =  9.27104e-07
tk                  =  9.29668e-07
tk                  =  9.32232e-07
tk                  =  9.34796e-07
tk                  =  9.37360e-07
tk                  =  9.39923e-07
tk                  =  9.42486e-07
tk                  =  9.45050e-07
tk                  =  9.47613e-07
tk                  =  9.50177e-07
tk                  =  9.52740e-07
tk                  =  9.55302e-07
tk                  =  9.57866e-07
tk                  =  9.60429e-07
tk                  =  9.62993e-07
tk                  =  9.65556e-07
tk                  =  9.68119e-07
tk                  =  9.70682e-07
tk                  =  9.73246e-07
tk                  =  9.75809e-07
tk                  =  9.78372e-07
tk                  =  9.80936e-07
tk                  =  9.83500e-07
tk                  =  9.86062e-07
tk                  =  9.88627e-07
tk                  =  9.91190e-07
tk                  =  9.93753e-07
tk                  =  9.96316e-07
tk                  =  9.98880e-07
tk                  =  1.00144e-06
tk                  =  1.00401e-06
tk                  =  1.00657e-06
tk                  =  1.00913e-06
tk                  =  1.01170e-06
tk                  =  1.01426e-06
tk                  =  1.01682e-06
tk                  =  1.01939e-06
tk                  =  1.02195e-06
tk                  =  1.02451e-06
tk                  =  1.02708e-06
tk                  =  1.02964e-06
tk                  =  1.03220e-06
tk                  =  1.03477e-06
tk                  =  1.03733e-06
tk                  =  1.03989e-06
tk                  =  1.04246e-06
tk                  =  1.04502e-06
tk                  =  1.04759e-06
tk                  =  1.05015e-06
tk                  =  1.05271e-06
tk                  =  1.05528e-06
tk                  =  1.05784e-06
tk                  =  1.06040e-06
tk                  =  1.06297e-06
tk                  =  1.06553e-06
tk                  =  1.06809e-06
tk                  =  1.07066e-06
tk                  =  1.07322e-06
tk                  =  1.07579e-06
tk                  =  1.07835e-06
tk                  =  1.08091e-06
tk                  =  1.08347e-06
tk                  =  1.08604e-06
tk                  =  1.08860e-06
tk                  =  1.09117e-06
tk                  =  1.09373e-06
tk                  =  1.09629e-06
tk                  =  1.09885e-06
tk                  =  1.10142e-06
tk                  =  1.10398e-06
tk                  =  1.10655e-06
tk                  =  1.10911e-06
tk                  =  1.11167e-06
tk                  =  1.11424e-06
tk                  =  1.11680e-06
tk                  =  1.11936e-06
tk                  =  1.12193e-06
tk                  =  1.12449e-06
tk                  =  1.12705e-06
tk                  =  1.12962e-06
tk                  =  1.13218e-06
tk                  =  1.13475e-06
tk                  =  1.13731e-06
tk                  =  1.13987e-06
tk                  =  1.14243e-06
tk                  =  1.14500e-06
tk                  =  1.14756e-06
tk                  =  1.15012e-06
tk                  =  1.15269e-06
tk                  =  1.15525e-06
tk                  =  1.15781e-06
tk                  =  1.16038e-06
tk                  =  1.16294e-06
tk                  =  1.16551e-06
tk                  =  1.16807e-06
tk                  =  1.17063e-06
tk                  =  1.17320e-06
tk                  =  1.17576e-06
tk                  =  1.17832e-06
tk                  =  1.18089e-06
tk                  =  1.18345e-06
tk                  =  1.18601e-06
tk                  =  1.18858e-06
tk                  =  1.19114e-06
tk                  =  1.19370e-06
tk                  =  1.19627e-06
tk                  =  1.19883e-06
tk                  =  1.20139e-06
tk                  =  1.20396e-06
tk                  =  1.20652e-06
tk                  =  1.20909e-06
tk                  =  1.21165e-06
tk                  =  1.21421e-06
tk                  =  1.21678e-06
tk                  =  1.21934e-06
tk                  =  1.22190e-06
tk                  =  1.22447e-06
tk                  =  1.22703e-06
tk                  =  1.22960e-06
tk                  =  1.23216e-06
tk                  =  1.23472e-06
tk                  =  1.23729e-06
tk                  =  1.23985e-06
tk                  =  1.24241e-06
tk                  =  1.24498e-06
tk                  =  1.24754e-06
tk                  =  1.25010e-06
tk                  =  1.25267e-06
tk                  =  1.25523e-06
tk                  =  1.25779e-06
tk                  =  1.26036e-06
tk                  =  1.26292e-06
tk                  =  1.26548e-06
tk                  =  1.26805e-06
tk                  =  1.27061e-06
tk                  =  1.27317e-06
tk                  =  1.27574e-06
tk                  =  1.27830e-06
tk                  =  1.28086e-06
tk                  =  1.28343e-06
tk                  =  1.28599e-06
tk                  =  1.28856e-06
tk                  =  1.29112e-06
tk                  =  1.29368e-06
tk                  =  1.29625e-06
tk                  =  1.29881e-06
tk                  =  1.30137e-06
tk                  =  1.30394e-06
tk                  =  1.30650e-06
tk                  =  1.30906e-06
tk                  =  1.31163e-06
tk                  =  1.31419e-06
tk                  =  1.31676e-06
tk                  =  1.31932e-06
tk                  =  1.32188e-06
tk                  =  1.32445e-06
tk                  =  1.32701e-06
tk                  =  1.32957e-06
tk                  =  1.33214e-06
tk                  =  1.33470e-06
tk                  =  1.33726e-06
tk                  =  1.33983e-06
tk                  =  1.34239e-06
tk                  =  1.34496e-06
tk                  =  1.34752e-06
tk                  =  1.35008e-06
tk                  =  1.35265e-06
tk                  =  1.35521e-06
tk                  =  1.35777e-06
tk                  =  1.36034e-06
tk                  =  1.36290e-06
tk                  =  1.36546e-06
tk                  =  1.36803e-06
tk                  =  1.37059e-06
tk                  =  1.37315e-06
tk                  =  1.37572e-06
tk                  =  1.37828e-06
tk                  =  1.38084e-06
tk                  =  1.38341e-06
tk                  =  1.38597e-06
tk                  =  1.38853e-06
tk                  =  1.39110e-06
tk                  =  1.39366e-06
tk                  =  1.39623e-06
tk                  =  1.39879e-06
tk                  =  1.40135e-06
tk                  =  1.40392e-06
tk                  =  1.40648e-06
tk                  =  1.40904e-06
tk                  =  1.41161e-06
tk                  =  1.41417e-06
tk                  =  1.41673e-06
tk                  =  1.41930e-06
tk                  =  1.42186e-06
tk                  =  1.42442e-06
tk                  =  1.42699e-06
tk                  =  1.42955e-06
tk                  =  1.43211e-06
tk                  =  1.43468e-06
tk                  =  1.43724e-06
tk                  =  1.43981e-06
tk                  =  1.44237e-06
tk                  =  1.44493e-06
tk                  =  1.44750e-06
tk                  =  1.45006e-06
tk                  =  1.45262e-06
tk                  =  1.45519e-06
tk                  =  1.45775e-06
tk                  =  1.46031e-06
tk                  =  1.46288e-06
tk                  =  1.46544e-06
tk                  =  1.46801e-06
tk                  =  1.47057e-06
tk                  =  1.47313e-06
tk                  =  1.47570e-06
tk                  =  1.47826e-06
tk                  =  1.48082e-06
tk                  =  1.48339e-06
tk                  =  1.48595e-06
tk                  =  1.48851e-06
tk                  =  1.49108e-06
tk                  =  1.49364e-06
tk                  =  1.49620e-06
tk                  =  1.49877e-06
tk                  =  1.50133e-06
tk                  =  1.50390e-06
tk                  =  1.50646e-06
tk                  =  1.50902e-06
tk                  =  1.51159e-06
tk                  =  1.51415e-06
tk                  =  1.51671e-06
tk                  =  1.51928e-06
tk                  =  1.52184e-06
tk                  =  1.52440e-06
tk                  =  1.52697e-06
tk                  =  1.52953e-06
tk                  =  1.53209e-06
tk                  =  1.53466e-06
tk                  =  1.53722e-06
tk                  =  1.53978e-06
tk                  =  1.54235e-06
tk                  =  1.54491e-06
tk                  =  1.54747e-06
tk                  =  1.55004e-06
tk                  =  1.55260e-06
tk                  =  1.55516e-06
tk                  =  1.55773e-06
tk                  =  1.56029e-06
tk                  =  1.56285e-06
tk                  =  1.56542e-06
tk                  =  1.56798e-06
tk                  =  1.57055e-06
tk                  =  1.57311e-06
tk                  =  1.57567e-06
tk                  =  1.57824e-06
tk                  =  1.58080e-06
tk                  =  1.58336e-06
tk                  =  1.58593e-06
tk                  =  1.58849e-06
tk                  =  1.59105e-06
tk                  =  1.59362e-06
tk                  =  1.59618e-06
tk                  =  1.59874e-06
tk                  =  1.60131e-06
tk                  =  1.60387e-06
tk                  =  1.60643e-06
tk                  =  1.60900e-06
tk                  =  1.61156e-06
tk                  =  1.61413e-06
tk                  =  1.61669e-06
tk                  =  1.61925e-06
tk                  =  1.62182e-06
tk                  =  1.62438e-06
tk                  =  1.62694e-06
tk                  =  1.62951e-06
tk                  =  1.63207e-06
tk                  =  1.63463e-06
tk                  =  1.63720e-06
tk                  =  1.63976e-06
tk                  =  1.64232e-06
tk                  =  1.64489e-06
tk                  =  1.64745e-06
tk                  =  1.65001e-06
tk                  =  1.65258e-06
tk                  =  1.65514e-06
tk                  =  1.65771e-06
tk                  =  1.66027e-06
tk                  =  1.66283e-06
tk                  =  1.66540e-06
tk                  =  1.66796e-06
tk                  =  1.67052e-06
tk                  =  1.67309e-06
tk                  =  1.67565e-06
tk                  =  1.67821e-06
tk                  =  1.68078e-06
tk                  =  1.68334e-06
tk                  =  1.68590e-06
tk                  =  1.68847e-06
tk                  =  1.69103e-06
tk                  =  1.69359e-06
tk                  =  1.69616e-06
tk                  =  1.69872e-06
tk                  =  1.70128e-06
tk                  =  1.70385e-06
tk                  =  1.70641e-06
tk                  =  1.70897e-06
tk                  =  1.71154e-06
tk                  =  1.71410e-06
tk                  =  1.71666e-06
tk                  =  1.71923e-06
tk                  =  1.72179e-06
tk                  =  1.72436e-06
tk                  =  1.72692e-06
tk                  =  1.72948e-06
tk                  =  1.73204e-06
tk                  =  1.73461e-06
tk                  =  1.73717e-06
tk                  =  1.73974e-06
tk                  =  1.74230e-06
tk                  =  1.74486e-06
tk                  =  1.74742e-06
tk                  =  1.74999e-06
tk                  =  1.75255e-06
tk                  =  1.75511e-06
tk                  =  1.75768e-06
tk                  =  1.76024e-06
tk                  =  1.76280e-06
tk                  =  1.76537e-06
tk                  =  1.76793e-06
tk                  =  1.77050e-06
tk                  =  1.77306e-06
tk                  =  1.77562e-06
tk                  =  1.77819e-06
tk                  =  1.78075e-06
tk                  =  1.78331e-06
tk                  =  1.78588e-06
tk                  =  1.78844e-06
tk                  =  1.79101e-06
tk                  =  1.79357e-06
tk                  =  1.79613e-06
tk                  =  1.79869e-06
tk                  =  1.80126e-06
tk                  =  1.80382e-06
tk                  =  1.80638e-06
tk                  =  1.80895e-06
tk                  =  1.81151e-06
tk                  =  1.81407e-06
tk                  =  1.81664e-06
tk                  =  1.81920e-06
tk                  =  1.82177e-06
tk                  =  1.82433e-06
tk                  =  1.82689e-06
tk                  =  1.82946e-06
tk                  =  1.83202e-06
tk                  =  1.83458e-06
tk                  =  1.83714e-06
tk                  =  1.83971e-06
tk                  =  1.84227e-06
tk                  =  1.84484e-06
tk                  =  1.84740e-06
tk                  =  1.84996e-06
tk                  =  1.85253e-06
tk                  =  1.85509e-06
tk                  =  1.85765e-06
tk                  =  1.86022e-06
tk                  =  1.86278e-06
tk                  =  1.86534e-06
tk                  =  1.86791e-06
tk                  =  1.87047e-06
tk                  =  1.87303e-06
tk                  =  1.87560e-06
tk                  =  1.87816e-06
tk                  =  1.88073e-06
tk                  =  1.88329e-06
tk                  =  1.88585e-06
tk                  =  1.88842e-06
tk                  =  1.89098e-06
tk                  =  1.89354e-06
tk                  =  1.89611e-06
tk                  =  1.89867e-06
tk                  =  1.90123e-06
tk                  =  1.90380e-06
tk                  =  1.90636e-06
tk                  =  1.90892e-06
tk                  =  1.91149e-06
tk                  =  1.91405e-06
tk                  =  1.91661e-06
tk                  =  1.91918e-06
tk                  =  1.92174e-06
tk                  =  1.92431e-06
tk                  =  1.92687e-06
tk                  =  1.92943e-06
tk                  =  1.93200e-06
tk                  =  1.93456e-06
tk                  =  1.93712e-06
tk                  =  1.93969e-06
tk                  =  1.94225e-06
tk                  =  1.94481e-06
tk                  =  1.94738e-06
tk                  =  1.94994e-06
tk                  =  1.95250e-06
tk                  =  1.95507e-06
tk                  =  1.95763e-06
tk                  =  1.96019e-06
tk                  =  1.96276e-06
tk                  =  1.96532e-06
tk                  =  1.96788e-06
tk                  =  1.97045e-06
tk                  =  1.97301e-06
qw0                 =  -1.27077e-02
qw1                 =  -3.79770e-02
m_period = 2.5635064453e-09
m_f_osc = 3.9009069075e+08
m_period_startup16 = 2.5635350000e-09
m_period_b00 = 2.5635016667e-09
m_period_b01 = 2.5635250000e-09
m_period_b02 = 2.5635791667e-09
m_period_b03 = 2.5634020833e-09
m_period_b04 = 2.5635750000e-09
m_period_b05 = 2.5635604167e-09
m_period_b06 = 2.5635208333e-09
m_period_b07 = 2.5634520833e-09
m_period_b08 = 2.5634645833e-09
m_period_b09 = 2.5635208333e-09
m_period_b10 = 2.5635416667e-09
m_period_b11 = 2.5635416667e-09
m_period_b12 = 2.5635416667e-09
m_period_b13 = 2.5634791667e-09
m_period_b14 = 2.5634375000e-09
m_period_b15 = 2.5635208333e-09
m_sigma_1 = 6.4387636386e-13
m_sigma_2 = 7.8414734147e-13
m_sigma_4 = 9.7063871574e-13
m_sigma_8 = 1.2043374503e-12
m_sigma_16 = 1.6536412715e-12
m_sigma_32 = 2.1011293081e-12
m_sigma_64 = 3.1717072333e-12
m_sigma_128 = 4.7114581249e-12
m_sigma_startup16_1 = 5.7523479264e-13
m_sigma_startup16_2 = 7.4036459487e-13
m_sigma_startup16_4 = 9.9127397956e-13
m_sigma_startup16_8 = 1.6756242618e-12
m_i_ring_a = 1.9252590808e-05
m_p_active_w = 6.3533549667e-05
m_e_per_cycle_j = 1.6286866406e-13
m_c_eff_node_f = 2.9911600379e-15
m_vsup_v = 3.3000000000e+00
Note: Simulation executed from .control section 

Warning: m=xx on .subckt line will override multiplier m hierarchy!

