
Note: Compatibility modes selected: hs a


Circuit: * ro-ring5-starved-jitter-long @ tt_27c_3.30v -- generated by sim/harness, do not edit

Doing analysis at TEMP = 27.000000 and TNOM = 27.000000

Using SPARSE 1.3 as Direct Linear Solver

Initial Transient Solution
--------------------------

Node                                   Voltage
----                                   -------
vsup                                       3.3
en                                         3.3
vddr1                                      3.3
xg1.py                                 1.58325
n11                                          0
g10                                1.24707e-07
xg1.nm                             1.10387e-25
xg1.ny                              9.9841e-26
x11.py                                     3.3
n12                                        3.3
g11                                          0
x11.ny                             2.35462e-08
x12.py                                     3.3
n13                                1.24708e-07
g12                                        3.3
x12.ny                             1.06256e-07
x13.py                                     3.3
n14                                        3.3
g13                                1.24708e-07
x13.ny                             2.35463e-08
x14.py                                     3.3
ro1                                1.24707e-07
g14                                        3.3
x14.ny                             1.06256e-07
q1                                 -9.2686e-16
x1                                       -1.65
bx1#branch                                   0
vr1#branch                          9.2686e-06
vn14#branch                                  0
vn13#branch                                  0
vn12#branch                                  0
vn11#branch                                  0
vn10#branch                       -3.62442e-24
ven#branch                                   0
vsup#branch                        -9.2686e-06

 Reference value :  0.00000e+00
 Reference value :  1.18000e-09
 Reference value :  2.44000e-09
 Reference value :  3.84000e-09
 Reference value :  5.35030e-09
 Reference value :  6.73550e-09
 Reference value :  7.98650e-09
 Reference value :  9.18000e-09
 Reference value :  1.03700e-08
 Reference value :  1.15503e-08
 Reference value :  1.29835e-08
 Reference value :  1.44245e-08
 Reference value :  1.59601e-08
 Reference value :  1.78600e-08
 Reference value :  1.90425e-08
 Reference value :  2.02185e-08
 Reference value :  2.14465e-08
 Reference value :  2.29835e-08
 Reference value :  2.43207e-08
 Reference value :  2.57315e-08
 Reference value :  2.69103e-08
 Reference value :  2.81492e-08
 Reference value :  2.93085e-08
 Reference value :  3.07075e-08
 Reference value :  3.19835e-08
 Reference value :  3.33601e-08
 Reference value :  3.45903e-08
 Reference value :  3.57885e-08
 Reference value :  3.69903e-08
 Reference value :  3.82200e-08
 Reference value :  3.96201e-08
 Reference value :  4.08835e-08
 Reference value :  4.20765e-08
 Reference value :  4.33007e-08
 Reference value :  4.45815e-08
 Reference value :  4.58392e-08
 Reference value :  4.70275e-08
 Reference value :  4.81765e-08
 Reference value :  4.94825e-08
 Reference value :  5.07092e-08
 Reference value :  5.19435e-08
 Reference value :  5.31707e-08
 Reference value :  5.43955e-08
 Reference value :  5.58175e-08
 Reference value :  5.70292e-08
 Reference value :  5.82303e-08
 Reference value :  5.94707e-08
 Reference value :  6.06601e-08
 Reference value :  6.18601e-08
 Reference value :  6.30800e-08
 Reference value :  6.42901e-08
 Reference value :  6.54565e-08
 Reference value :  6.66325e-08
 Reference value :  6.78400e-08
 Reference value :  6.90365e-08
 Reference value :  7.02015e-08
 Reference value :  7.14135e-08
 Reference value :  7.26385e-08
 Reference value :  7.38401e-08
 Reference value :  7.50507e-08
 Reference value :  7.63145e-08
 Reference value :  7.75203e-08
 Reference value :  7.87145e-08
 Reference value :  7.99207e-08
 Reference value :  8.11025e-08
 Reference value :  8.23525e-08
 Reference value :  8.35585e-08
 Reference value :  8.47401e-08
 Reference value :  8.59335e-08
 Reference value :  8.71565e-08
 Reference value :  8.84300e-08
 Reference value :  8.96475e-08
 Reference value :  9.08192e-08
 Reference value :  9.20645e-08
 Reference value :  9.32565e-08
 Reference value :  9.44575e-08
 Reference value :  9.56185e-08
 Reference value :  9.68003e-08
 Reference value :  9.79685e-08
 Reference value :  9.91775e-08
 Reference value :  1.00367e-07
 Reference value :  1.01590e-07
 Reference value :  1.02811e-07
 Reference value :  1.03978e-07
 Reference value :  1.05141e-07
 Reference value :  1.06310e-07
 Reference value :  1.07540e-07
 Reference value :  1.08709e-07
 Reference value :  1.09881e-07
 Reference value :  1.11114e-07
 Reference value :  1.12303e-07
 Reference value :  1.13574e-07
 Reference value :  1.15156e-07
 Reference value :  1.16563e-07
 Reference value :  1.17951e-07
 Reference value :  1.19130e-07
 Reference value :  1.20320e-07
 Reference value :  1.21520e-07
 Reference value :  1.22733e-07
 Reference value :  1.23924e-07
 Reference value :  1.25089e-07
 Reference value :  1.26290e-07
 Reference value :  1.27924e-07
 Reference value :  1.29199e-07
 Reference value :  1.30546e-07
 Reference value :  1.31727e-07
 Reference value :  1.32953e-07
 Reference value :  1.34150e-07
 Reference value :  1.35575e-07
 Reference value :  1.37098e-07
 Reference value :  1.38510e-07
 Reference value :  1.39765e-07
 Reference value :  1.41023e-07
 Reference value :  1.42293e-07
 Reference value :  1.43890e-07
 Reference value :  1.45244e-07
 Reference value :  1.46524e-07
 Reference value :  1.47775e-07
 Reference value :  1.49046e-07
 Reference value :  1.50301e-07
 Reference value :  1.51593e-07
 Reference value :  1.52934e-07
 Reference value :  1.54282e-07
 Reference value :  1.55549e-07
 Reference value :  1.56725e-07
 Reference value :  1.57881e-07
 Reference value :  1.59059e-07
 Reference value :  1.60260e-07
 Reference value :  1.61422e-07
 Reference value :  1.62675e-07
 Reference value :  1.63841e-07
 Reference value :  1.65022e-07
 Reference value :  1.66230e-07
 Reference value :  1.67434e-07
 Reference value :  1.68652e-07
 Reference value :  1.69939e-07
 Reference value :  1.71161e-07
 Reference value :  1.72356e-07
 Reference value :  1.73523e-07
 Reference value :  1.74690e-07
 Reference value :  1.75898e-07
 Reference value :  1.77064e-07
 Reference value :  1.78252e-07
 Reference value :  1.79437e-07
 Reference value :  1.80610e-07
 Reference value :  1.81790e-07
 Reference value :  1.82945e-07
 Reference value :  1.84207e-07
 Reference value :  1.85490e-07
 Reference value :  1.86762e-07
 Reference value :  1.88007e-07
 Reference value :  1.89243e-07
 Reference value :  1.90536e-07
 Reference value :  1.91825e-07
 Reference value :  1.93112e-07
 Reference value :  1.94410e-07
 Reference value :  1.95688e-07
 Reference value :  1.96966e-07
 Reference value :  1.98223e-07
 Reference value :  1.99474e-07
 Reference value :  2.00751e-07
 Reference value :  2.02012e-07
 Reference value :  2.03254e-07
 Reference value :  2.04557e-07
 Reference value :  2.05778e-07
 Reference value :  2.07030e-07
 Reference value :  2.08281e-07
 Reference value :  2.09606e-07
 Reference value :  2.10826e-07
 Reference value :  2.12078e-07
 Reference value :  2.13381e-07
 Reference value :  2.14631e-07
 Reference value :  2.15894e-07
 Reference value :  2.17220e-07
 Reference value :  2.18543e-07
 Reference value :  2.19790e-07
 Reference value :  2.21026e-07
 Reference value :  2.22349e-07
 Reference value :  2.23700e-07
 Reference value :  2.24960e-07
 Reference value :  2.26222e-07
 Reference value :  2.27453e-07
 Reference value :  2.28723e-07
 Reference value :  2.30063e-07
 Reference value :  2.31411e-07
 Reference value :  2.32698e-07
 Reference value :  2.33980e-07
 Reference value :  2.35203e-07
 Reference value :  2.36525e-07
 Reference value :  2.37762e-07
 Reference value :  2.39050e-07
 Reference value :  2.40286e-07
 Reference value :  2.41608e-07
 Reference value :  2.43318e-07
 Reference value :  2.44649e-07
 Reference value :  2.45983e-07
 Reference value :  2.47341e-07
 Reference value :  2.48641e-07
 Reference value :  2.50056e-07
 Reference value :  2.51931e-07
 Reference value :  2.53714e-07
 Reference value :  2.55083e-07
 Reference value :  2.56339e-07
 Reference value :  2.57540e-07
 Reference value :  2.58779e-07
 Reference value :  2.60050e-07
 Reference value :  2.61275e-07
 Reference value :  2.62498e-07
 Reference value :  2.63777e-07
 Reference value :  2.65180e-07
 Reference value :  2.66512e-07
 Reference value :  2.67922e-07
 Reference value :  2.69204e-07
 Reference value :  2.70560e-07
 Reference value :  2.71842e-07
 Reference value :  2.73079e-07
 Reference value :  2.74340e-07
 Reference value :  2.75540e-07
 Reference value :  2.76786e-07
 Reference value :  2.77981e-07
 Reference value :  2.79217e-07
 Reference value :  2.80456e-07
 Reference value :  2.81743e-07
 Reference value :  2.82990e-07
 Reference value :  2.84260e-07
 Reference value :  2.85487e-07
 Reference value :  2.86709e-07
 Reference value :  2.88011e-07
 Reference value :  2.89294e-07
 Reference value :  2.90520e-07
 Reference value :  2.91794e-07
 Reference value :  2.93022e-07
 Reference value :  2.94271e-07
 Reference value :  2.95511e-07
 Reference value :  2.96761e-07
 Reference value :  2.98007e-07
 Reference value :  2.99211e-07
 Reference value :  3.00529e-07
 Reference value :  3.01760e-07
 Reference value :  3.03049e-07
 Reference value :  3.04353e-07
 Reference value :  3.05554e-07
 Reference value :  3.06821e-07
 Reference value :  3.08033e-07
 Reference value :  3.09260e-07
 Reference value :  3.10499e-07
 Reference value :  3.11770e-07
 Reference value :  3.12990e-07
 Reference value :  3.14201e-07
 Reference value :  3.15449e-07
 Reference value :  3.16678e-07
 Reference value :  3.17921e-07
 Reference value :  3.19183e-07
 Reference value :  3.20480e-07
 Reference value :  3.21719e-07
 Reference value :  3.22927e-07
 Reference value :  3.24146e-07
 Reference value :  3.25460e-07
 Reference value :  3.26684e-07
 Reference value :  3.27920e-07
 Reference value :  3.29201e-07
 Reference value :  3.30431e-07
 Reference value :  3.31650e-07
 Reference value :  3.32861e-07
 Reference value :  3.34128e-07
 Reference value :  3.35400e-07
 Reference value :  3.36630e-07
 Reference value :  3.37839e-07
 Reference value :  3.39049e-07
 Reference value :  3.40351e-07
 Reference value :  3.41579e-07
 Reference value :  3.42835e-07
 Reference value :  3.44449e-07
 Reference value :  3.45761e-07
 Reference value :  3.47017e-07
 Reference value :  3.48307e-07
 Reference value :  3.49597e-07
 Reference value :  3.50901e-07
 Reference value :  3.52159e-07
 Reference value :  3.53358e-07
 Reference value :  3.54588e-07
 Reference value :  3.55841e-07
 Reference value :  3.57120e-07
 Reference value :  3.58350e-07
 Reference value :  3.59635e-07
 Reference value :  3.60900e-07
 Reference value :  3.62089e-07
 Reference value :  3.63361e-07
 Reference value :  3.64630e-07
 Reference value :  3.65909e-07
 Reference value :  3.67231e-07
 Reference value :  3.68541e-07
 Reference value :  3.69853e-07
 Reference value :  3.71106e-07
 Reference value :  3.72391e-07
 Reference value :  3.73710e-07
 Reference value :  3.75029e-07
 Reference value :  3.76314e-07
 Reference value :  3.77600e-07
 Reference value :  3.78894e-07
 Reference value :  3.80215e-07
 Reference value :  3.81464e-07
 Reference value :  3.82724e-07
 Reference value :  3.84010e-07
 Reference value :  3.85247e-07
 Reference value :  3.86666e-07
 Reference value :  3.88090e-07
 Reference value :  3.89440e-07
 Reference value :  3.90765e-07
 Reference value :  3.92130e-07
 Reference value :  3.93470e-07
 Reference value :  3.94912e-07
 Reference value :  3.96313e-07
 Reference value :  3.97780e-07
 Reference value :  3.99209e-07
 Reference value :  4.00680e-07
 Reference value :  4.02081e-07
 Reference value :  4.03421e-07
 Reference value :  4.04820e-07
 Reference value :  4.06190e-07
 Reference value :  4.07608e-07
 Reference value :  4.08950e-07
 Reference value :  4.10350e-07
 Reference value :  4.11821e-07
 Reference value :  4.13238e-07
 Reference value :  4.14669e-07
 Reference value :  4.16041e-07
 Reference value :  4.17370e-07
 Reference value :  4.18706e-07
 Reference value :  4.20100e-07
 Reference value :  4.21376e-07
 Reference value :  4.22702e-07
 Reference value :  4.24020e-07
 Reference value :  4.25257e-07
 Reference value :  4.26531e-07
 Reference value :  4.27805e-07
 Reference value :  4.29220e-07
 Reference value :  4.30624e-07
 Reference value :  4.32009e-07
 Reference value :  4.33336e-07
 Reference value :  4.34640e-07
 Reference value :  4.36004e-07
 Reference value :  4.37320e-07
 Reference value :  4.38663e-07
 Reference value :  4.40086e-07
 Reference value :  4.41404e-07
 Reference value :  4.42733e-07
 Reference value :  4.44010e-07
 Reference value :  4.45346e-07
 Reference value :  4.46590e-07
 Reference value :  4.48013e-07
 Reference value :  4.49415e-07
 Reference value :  4.50846e-07
 Reference value :  4.52480e-07
 Reference value :  4.53968e-07
 Reference value :  4.55483e-07
 Reference value :  4.56975e-07
 Reference value :  4.58485e-07
 Reference value :  4.60051e-07
 Reference value :  4.61496e-07
 Reference value :  4.62891e-07
 Reference value :  4.64265e-07
 Reference value :  4.66034e-07
 Reference value :  4.67606e-07
 Reference value :  4.69139e-07
 Reference value :  4.70608e-07
 Reference value :  4.72001e-07
 Reference value :  4.73352e-07
 Reference value :  4.74751e-07
 Reference value :  4.76152e-07
 Reference value :  4.77559e-07
 Reference value :  4.78878e-07
 Reference value :  4.80278e-07
 Reference value :  4.81653e-07
 Reference value :  4.83114e-07
 Reference value :  4.84464e-07
 Reference value :  4.85817e-07
 Reference value :  4.87224e-07
 Reference value :  4.88651e-07
 Reference value :  4.90059e-07
 Reference value :  4.91407e-07
 Reference value :  4.92811e-07
 Reference value :  4.94280e-07
 Reference value :  4.95745e-07
 Reference value :  4.97141e-07
 Reference value :  4.98507e-07
 Reference value :  4.99820e-07
 Reference value :  5.01562e-07
 Reference value :  5.03050e-07
 Reference value :  5.04780e-07
 Reference value :  5.06177e-07
 Reference value :  5.07531e-07
 Reference value :  5.09170e-07
 Reference value :  5.10660e-07
 Reference value :  5.12030e-07
 Reference value :  5.13313e-07
 Reference value :  5.14605e-07
 Reference value :  5.15833e-07
 Reference value :  5.17210e-07
 Reference value :  5.18585e-07
 Reference value :  5.20470e-07
 Reference value :  5.22500e-07
 Reference value :  5.24686e-07
 Reference value :  5.26814e-07
 Reference value :  5.28791e-07
 Reference value :  5.30731e-07
 Reference value :  5.32722e-07
 Reference value :  5.34669e-07
 Reference value :  5.36655e-07
 Reference value :  5.38508e-07
 Reference value :  5.40440e-07
 Reference value :  5.42521e-07
 Reference value :  5.44523e-07
 Reference value :  5.46516e-07
 Reference value :  5.48454e-07
 Reference value :  5.50517e-07
 Reference value :  5.52516e-07
 Reference value :  5.54490e-07
 Reference value :  5.56490e-07
 Reference value :  5.58434e-07
 Reference value :  5.60480e-07
 Reference value :  5.62482e-07
 Reference value :  5.64407e-07
 Reference value :  5.66480e-07
 Reference value :  5.68400e-07
 Reference value :  5.70148e-07
 Reference value :  5.71440e-07
 Reference value :  5.72726e-07
 Reference value :  5.73997e-07
 Reference value :  5.75369e-07
 Reference value :  5.76646e-07
 Reference value :  5.78012e-07
 Reference value :  5.79423e-07
 Reference value :  5.80760e-07
 Reference value :  5.82069e-07
 Reference value :  5.83395e-07
 Reference value :  5.84710e-07
 Reference value :  5.86109e-07
 Reference value :  5.87460e-07
 Reference value :  5.88880e-07
 Reference value :  5.90290e-07
 Reference value :  5.91764e-07
 Reference value :  5.93235e-07
 Reference value :  5.94655e-07
 Reference value :  5.96054e-07
 Reference value :  5.97568e-07
 Reference value :  5.99261e-07
 Reference value :  6.01381e-07
 Reference value :  6.03584e-07
 Reference value :  6.05861e-07
 Reference value :  6.08067e-07
 Reference value :  6.10300e-07
 Reference value :  6.12389e-07
 Reference value :  6.14337e-07
 Reference value :  6.16212e-07
 Reference value :  6.18132e-07
 Reference value :  6.20210e-07
 Reference value :  6.21785e-07
 Reference value :  6.23120e-07
 Reference value :  6.24437e-07
 Reference value :  6.25738e-07
 Reference value :  6.27037e-07
 Reference value :  6.28352e-07
 Reference value :  6.29706e-07
 Reference value :  6.30980e-07
 Reference value :  6.32250e-07
 Reference value :  6.33533e-07
 Reference value :  6.34886e-07
 Reference value :  6.36194e-07
 Reference value :  6.37410e-07
 Reference value :  6.38915e-07
 Reference value :  6.40230e-07
 Reference value :  6.41493e-07
 Reference value :  6.42810e-07
 Reference value :  6.44086e-07
 Reference value :  6.45360e-07
 Reference value :  6.46668e-07
 Reference value :  6.47982e-07
 Reference value :  6.49286e-07
 Reference value :  6.50576e-07
 Reference value :  6.51823e-07
 Reference value :  6.53065e-07
 Reference value :  6.54350e-07
 Reference value :  6.55582e-07
 Reference value :  6.56840e-07
 Reference value :  6.58138e-07
 Reference value :  6.59529e-07
 Reference value :  6.61006e-07
 Reference value :  6.62690e-07
 Reference value :  6.63954e-07
 Reference value :  6.65310e-07
 Reference value :  6.66621e-07
 Reference value :  6.67947e-07
 Reference value :  6.69294e-07
 Reference value :  6.70583e-07
 Reference value :  6.71862e-07
 Reference value :  6.73115e-07
 Reference value :  6.74416e-07
 Reference value :  6.75756e-07
 Reference value :  6.77071e-07
 Reference value :  6.78479e-07
 Reference value :  6.79950e-07
 Reference value :  6.81311e-07
 Reference value :  6.82623e-07
 Reference value :  6.83889e-07
 Reference value :  6.85170e-07
 Reference value :  6.86794e-07
 Reference value :  6.88111e-07
 Reference value :  6.89545e-07
 Reference value :  6.90880e-07
 Reference value :  6.92147e-07
 Reference value :  6.93465e-07
 Reference value :  6.94671e-07
 Reference value :  6.96021e-07
 Reference value :  6.97209e-07
 Reference value :  6.98520e-07
 Reference value :  6.99758e-07
 Reference value :  7.00980e-07
 Reference value :  7.02200e-07
 Reference value :  7.03391e-07
 Reference value :  7.04581e-07
 Reference value :  7.05800e-07
 Reference value :  7.06988e-07
 Reference value :  7.08181e-07
 Reference value :  7.09412e-07
 Reference value :  7.10605e-07
 Reference value :  7.11787e-07
 Reference value :  7.12992e-07
 Reference value :  7.14181e-07
 Reference value :  7.15391e-07
 Reference value :  7.16594e-07
 Reference value :  7.17774e-07
 Reference value :  7.18950e-07
 Reference value :  7.20211e-07
 Reference value :  7.21382e-07
 Reference value :  7.22559e-07
 Reference value :  7.23745e-07
 Reference value :  7.24941e-07
 Reference value :  7.26121e-07
 Reference value :  7.27301e-07
 Reference value :  7.28515e-07
 Reference value :  7.29704e-07
 Reference value :  7.30868e-07
 Reference value :  7.32040e-07
 Reference value :  7.33230e-07
 Reference value :  7.34400e-07
 Reference value :  7.35591e-07
 Reference value :  7.36775e-07
 Reference value :  7.37971e-07
 Reference value :  7.39131e-07
 Reference value :  7.40358e-07
 Reference value :  7.41540e-07
 Reference value :  7.42738e-07
 Reference value :  7.43953e-07
 Reference value :  7.45146e-07
 Reference value :  7.46311e-07
 Reference value :  7.47487e-07
 Reference value :  7.48694e-07
 Reference value :  7.49855e-07
 Reference value :  7.51086e-07
 Reference value :  7.52301e-07
 Reference value :  7.53480e-07
 Reference value :  7.54653e-07
 Reference value :  7.55843e-07
 Reference value :  7.57016e-07
 Reference value :  7.58211e-07
 Reference value :  7.59468e-07
 Reference value :  7.61113e-07
 Reference value :  7.62652e-07
 Reference value :  7.63950e-07
 Reference value :  7.65159e-07
 Reference value :  7.66344e-07
 Reference value :  7.67544e-07
 Reference value :  7.68720e-07
 Reference value :  7.69878e-07
 Reference value :  7.71142e-07
 Reference value :  7.72370e-07
 Reference value :  7.73567e-07
 Reference value :  7.74800e-07
 Reference value :  7.75997e-07
 Reference value :  7.77185e-07
 Reference value :  7.78409e-07
 Reference value :  7.79651e-07
 Reference value :  7.80817e-07
 Reference value :  7.82000e-07
 Reference value :  7.83174e-07
 Reference value :  7.84370e-07
 Reference value :  7.85551e-07
 Reference value :  7.86721e-07
 Reference value :  7.87887e-07
 Reference value :  7.89113e-07
 Reference value :  7.90303e-07
 Reference value :  7.91480e-07
 Reference value :  7.92660e-07
 Reference value :  7.93911e-07
 Reference value :  7.95151e-07
 Reference value :  7.96341e-07
 Reference value :  7.97540e-07
 Reference value :  7.98749e-07
 Reference value :  7.99951e-07
 Reference value :  8.01180e-07
 Reference value :  8.02384e-07
 Reference value :  8.03569e-07
 Reference value :  8.04780e-07
 Reference value :  8.05979e-07
 Reference value :  8.07140e-07
 Reference value :  8.08424e-07
 Reference value :  8.09760e-07
 Reference value :  8.10934e-07
 Reference value :  8.12125e-07
 Reference value :  8.13308e-07
 Reference value :  8.14479e-07
 Reference value :  8.15654e-07
 Reference value :  8.16860e-07
 Reference value :  8.18070e-07
 Reference value :  8.19253e-07
 Reference value :  8.20444e-07
 Reference value :  8.21612e-07
 Reference value :  8.22813e-07
 Reference value :  8.24012e-07
 Reference value :  8.25580e-07
 Reference value :  8.26757e-07
 Reference value :  8.27924e-07
 Reference value :  8.29134e-07
 Reference value :  8.30310e-07
 Reference value :  8.31995e-07
 Reference value :  8.33473e-07
 Reference value :  8.34655e-07
 Reference value :  8.36068e-07
 Reference value :  8.37301e-07
 Reference value :  8.38491e-07
 Reference value :  8.39669e-07
 Reference value :  8.40852e-07
 Reference value :  8.42041e-07
 Reference value :  8.43481e-07
 Reference value :  8.44962e-07
 Reference value :  8.46351e-07
 Reference value :  8.47649e-07
 Reference value :  8.48860e-07
 Reference value :  8.50094e-07
 Reference value :  8.51315e-07
 Reference value :  8.52510e-07
 Reference value :  8.53728e-07
 Reference value :  8.55205e-07
 Reference value :  8.56646e-07
 Reference value :  8.57898e-07
 Reference value :  8.59410e-07
 Reference value :  8.60617e-07
 Reference value :  8.61760e-07
 Reference value :  8.62940e-07
 Reference value :  8.64110e-07
 Reference value :  8.65310e-07
 Reference value :  8.66736e-07
 Reference value :  8.68095e-07
 Reference value :  8.69273e-07
 Reference value :  8.70680e-07
 Reference value :  8.71860e-07
 Reference value :  8.73030e-07
 Reference value :  8.74235e-07
 Reference value :  8.75429e-07
 Reference value :  8.76598e-07
 Reference value :  8.77910e-07
 Reference value :  8.79320e-07
 Reference value :  8.80611e-07
 Reference value :  8.81926e-07
 Reference value :  8.83115e-07
 Reference value :  8.84321e-07
 Reference value :  8.85496e-07
 Reference value :  8.86710e-07
 Reference value :  8.87930e-07
 Reference value :  8.89144e-07
 Reference value :  8.90655e-07
 Reference value :  8.91993e-07
 Reference value :  8.93229e-07
 Reference value :  8.94480e-07
 Reference value :  8.95658e-07
 Reference value :  8.96860e-07
 Reference value :  8.98020e-07
 Reference value :  8.99220e-07
 Reference value :  9.00410e-07
 Reference value :  9.01592e-07
 Reference value :  9.02751e-07
 Reference value :  9.03929e-07
 Reference value :  9.05134e-07
 Reference value :  9.06304e-07
 Reference value :  9.07488e-07
 Reference value :  9.08680e-07
 Reference value :  9.09870e-07
 Reference value :  9.11026e-07
 Reference value :  9.12223e-07
 Reference value :  9.13411e-07
 Reference value :  9.14604e-07
 Reference value :  9.15789e-07
 Reference value :  9.16976e-07
 Reference value :  9.18167e-07
 Reference value :  9.19337e-07
 Reference value :  9.20534e-07
 Reference value :  9.21746e-07
 Reference value :  9.22950e-07
 Reference value :  9.24154e-07
 Reference value :  9.25420e-07
 Reference value :  9.26644e-07
 Reference value :  9.27839e-07
 Reference value :  9.29009e-07
 Reference value :  9.30177e-07
 Reference value :  9.31378e-07
 Reference value :  9.32610e-07
 Reference value :  9.33794e-07
 Reference value :  9.34968e-07
 Reference value :  9.36141e-07
 Reference value :  9.37353e-07
 Reference value :  9.38534e-07
 Reference value :  9.39710e-07
 Reference value :  9.40894e-07
 Reference value :  9.42129e-07
 Reference value :  9.43310e-07
 Reference value :  9.44499e-07
 Reference value :  9.45667e-07
 Reference value :  9.46831e-07
 Reference value :  9.48006e-07
 Reference value :  9.49164e-07
 Reference value :  9.50369e-07
 Reference value :  9.51550e-07
 Reference value :  9.52741e-07
 Reference value :  9.53925e-07
 Reference value :  9.55131e-07
 Reference value :  9.56331e-07
 Reference value :  9.57500e-07
 Reference value :  9.58719e-07
 Reference value :  9.59930e-07
 Reference value :  9.61160e-07
 Reference value :  9.62420e-07
 Reference value :  9.63611e-07
 Reference value :  9.64799e-07
 Reference value :  9.65977e-07
 Reference value :  9.67160e-07
 Reference value :  9.68370e-07
 Reference value :  9.69598e-07
 Reference value :  9.70794e-07
 Reference value :  9.71969e-07
 Reference value :  9.73170e-07
 Reference value :  9.74386e-07
 Reference value :  9.75558e-07
 Reference value :  9.76760e-07
 Reference value :  9.77958e-07
 Reference value :  9.79120e-07
 Reference value :  9.80302e-07
 Reference value :  9.81490e-07
 Reference value :  9.82634e-07
 Reference value :  9.83837e-07
 Reference value :  9.85098e-07
 Reference value :  9.86290e-07
 Reference value :  9.87469e-07
 Reference value :  9.88663e-07
 Reference value :  9.89851e-07
 Reference value :  9.91061e-07
 Reference value :  9.92240e-07
 Reference value :  9.93452e-07
 Reference value :  9.94685e-07
 Reference value :  9.95884e-07
 Reference value :  9.97069e-07
 Reference value :  9.98279e-07
 Reference value :  9.99460e-07
 Reference value :  1.00066e-06
 Reference value :  1.00186e-06
 Reference value :  1.00306e-06
 Reference value :  1.00426e-06
 Reference value :  1.00542e-06
 Reference value :  1.00663e-06
 Reference value :  1.00784e-06
 Reference value :  1.00907e-06
 Reference value :  1.01026e-06
 Reference value :  1.01144e-06
 Reference value :  1.01264e-06
 Reference value :  1.01386e-06
 Reference value :  1.01504e-06
 Reference value :  1.01622e-06
 Reference value :  1.01741e-06
 Reference value :  1.01859e-06
 Reference value :  1.01979e-06
 Reference value :  1.02102e-06
 Reference value :  1.02220e-06
 Reference value :  1.02340e-06
 Reference value :  1.02462e-06
 Reference value :  1.02583e-06
 Reference value :  1.02702e-06
 Reference value :  1.02820e-06
 Reference value :  1.02939e-06
 Reference value :  1.03062e-06
 Reference value :  1.03185e-06
 Reference value :  1.03304e-06
 Reference value :  1.03426e-06
 Reference value :  1.03546e-06
 Reference value :  1.03664e-06
 Reference value :  1.03779e-06
 Reference value :  1.03898e-06
 Reference value :  1.04051e-06
 Reference value :  1.04238e-06
 Reference value :  1.04403e-06
 Reference value :  1.04528e-06
 Reference value :  1.04693e-06
 Reference value :  1.04813e-06
 Reference value :  1.04934e-06
 Reference value :  1.05053e-06
 Reference value :  1.05174e-06
 Reference value :  1.05294e-06
 Reference value :  1.05412e-06
 Reference value :  1.05530e-06
 Reference value :  1.05648e-06
 Reference value :  1.05765e-06
 Reference value :  1.05887e-06
 Reference value :  1.06007e-06
 Reference value :  1.06127e-06
 Reference value :  1.06288e-06
 Reference value :  1.06418e-06
 Reference value :  1.06581e-06
 Reference value :  1.06703e-06
 Reference value :  1.06858e-06
 Reference value :  1.06978e-06
 Reference value :  1.07099e-06
 Reference value :  1.07216e-06
 Reference value :  1.07337e-06
 Reference value :  1.07457e-06
 Reference value :  1.07572e-06
 Reference value :  1.07737e-06
 Reference value :  1.07867e-06
 Reference value :  1.07985e-06
 Reference value :  1.08140e-06
 Reference value :  1.08268e-06
 Reference value :  1.08390e-06
 Reference value :  1.08507e-06
 Reference value :  1.08624e-06
 Reference value :  1.08743e-06
 Reference value :  1.08864e-06
 Reference value :  1.08985e-06
 Reference value :  1.09108e-06
 Reference value :  1.09234e-06
 Reference value :  1.09353e-06
 Reference value :  1.09478e-06
 Reference value :  1.09595e-06
 Reference value :  1.09716e-06
 Reference value :  1.09834e-06
 Reference value :  1.09952e-06
 Reference value :  1.10074e-06
 Reference value :  1.10194e-06
 Reference value :  1.10320e-06
 Reference value :  1.10438e-06
 Reference value :  1.10556e-06
 Reference value :  1.10675e-06
 Reference value :  1.10795e-06
 Reference value :  1.10915e-06
 Reference value :  1.11042e-06
 Reference value :  1.11164e-06
 Reference value :  1.11284e-06
 Reference value :  1.11402e-06
 Reference value :  1.11528e-06
 Reference value :  1.11648e-06
 Reference value :  1.11769e-06
 Reference value :  1.11890e-06
 Reference value :  1.12007e-06
 Reference value :  1.12127e-06
 Reference value :  1.12249e-06
 Reference value :  1.12371e-06
 Reference value :  1.12490e-06
 Reference value :  1.12617e-06
 Reference value :  1.12741e-06
 Reference value :  1.12862e-06
 Reference value :  1.12982e-06
 Reference value :  1.13100e-06
 Reference value :  1.13220e-06
 Reference value :  1.13343e-06
 Reference value :  1.13465e-06
 Reference value :  1.13583e-06
 Reference value :  1.13699e-06
 Reference value :  1.13821e-06
 Reference value :  1.13937e-06
 Reference value :  1.14053e-06
 Reference value :  1.14172e-06
 Reference value :  1.14291e-06
 Reference value :  1.14412e-06
 Reference value :  1.14530e-06
 Reference value :  1.14650e-06
 Reference value :  1.14773e-06
 Reference value :  1.14892e-06
 Reference value :  1.15008e-06
 Reference value :  1.15131e-06
 Reference value :  1.15257e-06
 Reference value :  1.15378e-06
 Reference value :  1.15496e-06
 Reference value :  1.15622e-06
 Reference value :  1.15747e-06
 Reference value :  1.15874e-06
 Reference value :  1.15997e-06
 Reference value :  1.16117e-06
 Reference value :  1.16242e-06
 Reference value :  1.16366e-06
 Reference value :  1.16485e-06
 Reference value :  1.16608e-06
 Reference value :  1.16726e-06
 Reference value :  1.16847e-06
 Reference value :  1.16966e-06
 Reference value :  1.17090e-06
 Reference value :  1.17210e-06
 Reference value :  1.17335e-06
 Reference value :  1.17456e-06
 Reference value :  1.17575e-06
 Reference value :  1.17692e-06
 Reference value :  1.17817e-06
 Reference value :  1.17936e-06
 Reference value :  1.18056e-06
 Reference value :  1.18181e-06
 Reference value :  1.18300e-06
 Reference value :  1.18421e-06
 Reference value :  1.18543e-06
 Reference value :  1.18671e-06
 Reference value :  1.18792e-06
 Reference value :  1.18909e-06
 Reference value :  1.19029e-06
 Reference value :  1.19194e-06
 Reference value :  1.19317e-06
 Reference value :  1.19437e-06
 Reference value :  1.19558e-06
 Reference value :  1.19683e-06
 Reference value :  1.19802e-06
 Reference value :  1.19925e-06
 Reference value :  1.20047e-06
 Reference value :  1.20168e-06
 Reference value :  1.20288e-06
 Reference value :  1.20410e-06
 Reference value :  1.20532e-06
 Reference value :  1.20650e-06
 Reference value :  1.20771e-06
 Reference value :  1.20892e-06
 Reference value :  1.21014e-06
 Reference value :  1.21132e-06
 Reference value :  1.21252e-06
 Reference value :  1.21369e-06
 Reference value :  1.21487e-06
 Reference value :  1.21606e-06
 Reference value :  1.21726e-06
 Reference value :  1.21847e-06
 Reference value :  1.21966e-06
 Reference value :  1.22082e-06
 Reference value :  1.22200e-06
 Reference value :  1.22317e-06
 Reference value :  1.22438e-06
 Reference value :  1.22557e-06
 Reference value :  1.22677e-06
 Reference value :  1.22798e-06
 Reference value :  1.22917e-06
 Reference value :  1.23040e-06
 Reference value :  1.23160e-06
 Reference value :  1.23280e-06
 Reference value :  1.23398e-06
 Reference value :  1.23516e-06
 Reference value :  1.23636e-06
 Reference value :  1.23758e-06
 Reference value :  1.23887e-06
 Reference value :  1.24004e-06
 Reference value :  1.24122e-06
 Reference value :  1.24245e-06
 Reference value :  1.24364e-06
 Reference value :  1.24497e-06
 Reference value :  1.24651e-06
 Reference value :  1.24768e-06
 Reference value :  1.24889e-06
 Reference value :  1.25009e-06
 Reference value :  1.25134e-06
 Reference value :  1.25252e-06
 Reference value :  1.25373e-06
 Reference value :  1.25493e-06
 Reference value :  1.25614e-06
 Reference value :  1.25738e-06
 Reference value :  1.25862e-06
 Reference value :  1.25987e-06
 Reference value :  1.26106e-06
 Reference value :  1.26226e-06
 Reference value :  1.26354e-06
 Reference value :  1.26482e-06
 Reference value :  1.26612e-06
 Reference value :  1.26732e-06
 Reference value :  1.26854e-06
 Reference value :  1.26976e-06
 Reference value :  1.27096e-06
 Reference value :  1.27221e-06
 Reference value :  1.27343e-06
 Reference value :  1.27467e-06
 Reference value :  1.27592e-06
 Reference value :  1.27714e-06
 Reference value :  1.27835e-06
 Reference value :  1.27957e-06
 Reference value :  1.28078e-06
 Reference value :  1.28200e-06
 Reference value :  1.28326e-06
 Reference value :  1.28449e-06
 Reference value :  1.28576e-06
 Reference value :  1.28700e-06
 Reference value :  1.28836e-06
 Reference value :  1.28967e-06
 Reference value :  1.29105e-06
 Reference value :  1.29235e-06
 Reference value :  1.29356e-06
 Reference value :  1.29477e-06
 Reference value :  1.29596e-06
 Reference value :  1.29718e-06
 Reference value :  1.29842e-06
 Reference value :  1.29973e-06
 Reference value :  1.30099e-06
 Reference value :  1.30223e-06
 Reference value :  1.30351e-06
 Reference value :  1.30469e-06
 Reference value :  1.30596e-06
 Reference value :  1.30734e-06
 Reference value :  1.30860e-06
 Reference value :  1.30988e-06
 Reference value :  1.31120e-06
 Reference value :  1.31250e-06
 Reference value :  1.31374e-06
 Reference value :  1.31501e-06
 Reference value :  1.31623e-06
 Reference value :  1.31741e-06
 Reference value :  1.31861e-06
 Reference value :  1.31982e-06
 Reference value :  1.32108e-06
 Reference value :  1.32238e-06
 Reference value :  1.32366e-06
 Reference value :  1.32491e-06
 Reference value :  1.32613e-06
 Reference value :  1.32732e-06
 Reference value :  1.32855e-06
 Reference value :  1.32976e-06
 Reference value :  1.33144e-06
 Reference value :  1.33268e-06
 Reference value :  1.33393e-06
 Reference value :  1.33517e-06
 Reference value :  1.33645e-06
 Reference value :  1.33768e-06
 Reference value :  1.33893e-06
 Reference value :  1.34014e-06
 Reference value :  1.34136e-06
 Reference value :  1.34261e-06
 Reference value :  1.34381e-06
 Reference value :  1.34501e-06
 Reference value :  1.34621e-06
 Reference value :  1.34748e-06
 Reference value :  1.34867e-06
 Reference value :  1.34989e-06
 Reference value :  1.35111e-06
 Reference value :  1.35238e-06
 Reference value :  1.35356e-06
 Reference value :  1.35479e-06
 Reference value :  1.35599e-06
 Reference value :  1.35719e-06
 Reference value :  1.35842e-06
 Reference value :  1.35963e-06
 Reference value :  1.36082e-06
 Reference value :  1.36202e-06
 Reference value :  1.36324e-06
 Reference value :  1.36441e-06
 Reference value :  1.36560e-06
 Reference value :  1.36676e-06
 Reference value :  1.36794e-06
 Reference value :  1.36913e-06
 Reference value :  1.37033e-06
 Reference value :  1.37157e-06
 Reference value :  1.37276e-06
 Reference value :  1.37395e-06
 Reference value :  1.37519e-06
 Reference value :  1.37636e-06
 Reference value :  1.37754e-06
 Reference value :  1.37873e-06
 Reference value :  1.37993e-06
 Reference value :  1.38113e-06
 Reference value :  1.38230e-06
 Reference value :  1.38346e-06
 Reference value :  1.38465e-06
 Reference value :  1.38587e-06
 Reference value :  1.38712e-06
 Reference value :  1.38833e-06
 Reference value :  1.38953e-06
 Reference value :  1.39069e-06
 Reference value :  1.39188e-06
 Reference value :  1.39309e-06
 Reference value :  1.39427e-06
 Reference value :  1.39546e-06
 Reference value :  1.39665e-06
 Reference value :  1.39784e-06
 Reference value :  1.39903e-06
 Reference value :  1.40024e-06
 Reference value :  1.40141e-06
 Reference value :  1.40258e-06
 Reference value :  1.40376e-06
 Reference value :  1.40492e-06
 Reference value :  1.40611e-06
 Reference value :  1.40735e-06
 Reference value :  1.40853e-06
 Reference value :  1.40965e-06
 Reference value :  1.41092e-06
 Reference value :  1.41205e-06
 Reference value :  1.41326e-06
 Reference value :  1.41443e-06
 Reference value :  1.41556e-06
 Reference value :  1.41671e-06
 Reference value :  1.41792e-06
 Reference value :  1.41913e-06
 Reference value :  1.42039e-06
 Reference value :  1.42155e-06
 Reference value :  1.42275e-06
 Reference value :  1.42391e-06
 Reference value :  1.42508e-06
 Reference value :  1.42624e-06
 Reference value :  1.42749e-06
 Reference value :  1.42868e-06
 Reference value :  1.42983e-06
 Reference value :  1.43107e-06
 Reference value :  1.43261e-06
 Reference value :  1.43386e-06
 Reference value :  1.43505e-06
 Reference value :  1.43627e-06
 Reference value :  1.43749e-06
 Reference value :  1.43869e-06
 Reference value :  1.43989e-06
 Reference value :  1.44109e-06
 Reference value :  1.44231e-06
 Reference value :  1.44350e-06
 Reference value :  1.44470e-06
 Reference value :  1.44587e-06
 Reference value :  1.44710e-06
 Reference value :  1.44822e-06
 Reference value :  1.44938e-06
 Reference value :  1.45057e-06
 Reference value :  1.45173e-06
 Reference value :  1.45290e-06
 Reference value :  1.45411e-06
 Reference value :  1.45530e-06
 Reference value :  1.45645e-06
 Reference value :  1.45762e-06
 Reference value :  1.45876e-06
 Reference value :  1.45996e-06
 Reference value :  1.46112e-06
 Reference value :  1.46228e-06
 Reference value :  1.46347e-06
 Reference value :  1.46465e-06
 Reference value :  1.46580e-06
 Reference value :  1.46693e-06
 Reference value :  1.46809e-06
 Reference value :  1.46925e-06
 Reference value :  1.47042e-06
 Reference value :  1.47159e-06
 Reference value :  1.47274e-06
 Reference value :  1.47389e-06
 Reference value :  1.47507e-06
 Reference value :  1.47621e-06
 Reference value :  1.47738e-06
 Reference value :  1.47854e-06
 Reference value :  1.47969e-06
 Reference value :  1.48084e-06
 Reference value :  1.48196e-06
 Reference value :  1.48324e-06
 Reference value :  1.48522e-06
 Reference value :  1.48641e-06
 Reference value :  1.48758e-06
 Reference value :  1.48880e-06
 Reference value :  1.48996e-06
 Reference value :  1.49115e-06
 Reference value :  1.49233e-06
 Reference value :  1.49352e-06
 Reference value :  1.49469e-06
 Reference value :  1.49586e-06
 Reference value :  1.49704e-06
 Reference value :  1.49821e-06
 Reference value :  1.49942e-06
 Reference value :  1.50065e-06
 Reference value :  1.50184e-06
 Reference value :  1.50302e-06
 Reference value :  1.50420e-06
 Reference value :  1.50539e-06
 Reference value :  1.50658e-06
 Reference value :  1.50779e-06
 Reference value :  1.50899e-06
 Reference value :  1.51019e-06
 Reference value :  1.51140e-06
 Reference value :  1.51257e-06
 Reference value :  1.51375e-06
 Reference value :  1.51493e-06
 Reference value :  1.51611e-06
 Reference value :  1.51731e-06
 Reference value :  1.51850e-06
 Reference value :  1.51970e-06
 Reference value :  1.52088e-06
 Reference value :  1.52209e-06
 Reference value :  1.52333e-06
 Reference value :  1.52457e-06
 Reference value :  1.52576e-06
 Reference value :  1.52692e-06
 Reference value :  1.52808e-06
 Reference value :  1.52926e-06
 Reference value :  1.53046e-06
 Reference value :  1.53170e-06
 Reference value :  1.53292e-06
 Reference value :  1.53409e-06
 Reference value :  1.53565e-06
 Reference value :  1.53684e-06
 Reference value :  1.53802e-06
 Reference value :  1.53921e-06
 Reference value :  1.54043e-06
 Reference value :  1.54161e-06
 Reference value :  1.54281e-06
 Reference value :  1.54398e-06
 Reference value :  1.54516e-06
 Reference value :  1.54648e-06
 Reference value :  1.54772e-06
 Reference value :  1.54889e-06
 Reference value :  1.55008e-06
 Reference value :  1.55155e-06
 Reference value :  1.55314e-06
 Reference value :  1.55429e-06
 Reference value :  1.55546e-06
 Reference value :  1.55665e-06
 Reference value :  1.55785e-06
 Reference value :  1.55901e-06
 Reference value :  1.56019e-06
 Reference value :  1.56138e-06
 Reference value :  1.56254e-06
 Reference value :  1.56373e-06
 Reference value :  1.56492e-06
 Reference value :  1.56609e-06
 Reference value :  1.56730e-06
 Reference value :  1.56848e-06
 Reference value :  1.56965e-06
 Reference value :  1.57085e-06
 Reference value :  1.57204e-06
 Reference value :  1.57322e-06
 Reference value :  1.57442e-06
 Reference value :  1.57564e-06
 Reference value :  1.57684e-06
 Reference value :  1.57816e-06
 Reference value :  1.57933e-06
 Reference value :  1.58064e-06
 Reference value :  1.58186e-06
 Reference value :  1.58304e-06
 Reference value :  1.58426e-06
 Reference value :  1.58549e-06
 Reference value :  1.58668e-06
 Reference value :  1.58791e-06
 Reference value :  1.58918e-06
 Reference value :  1.59049e-06
 Reference value :  1.59174e-06
 Reference value :  1.59304e-06
 Reference value :  1.59425e-06
 Reference value :  1.59543e-06
 Reference value :  1.59664e-06
 Reference value :  1.59787e-06
 Reference value :  1.59907e-06
 Reference value :  1.60035e-06
 Reference value :  1.60154e-06
 Reference value :  1.60271e-06
 Reference value :  1.60395e-06
 Reference value :  1.60520e-06
 Reference value :  1.60643e-06
 Reference value :  1.60768e-06
 Reference value :  1.60892e-06
 Reference value :  1.61013e-06
 Reference value :  1.61131e-06
 Reference value :  1.61253e-06
 Reference value :  1.61372e-06
 Reference value :  1.61490e-06
 Reference value :  1.61608e-06
 Reference value :  1.61725e-06
 Reference value :  1.61841e-06
 Reference value :  1.61959e-06
 Reference value :  1.62076e-06
 Reference value :  1.62200e-06
 Reference value :  1.62319e-06
 Reference value :  1.62441e-06
 Reference value :  1.62559e-06
 Reference value :  1.62682e-06
 Reference value :  1.62803e-06
 Reference value :  1.62925e-06
 Reference value :  1.63045e-06
 Reference value :  1.63164e-06
 Reference value :  1.63281e-06
 Reference value :  1.63434e-06
 Reference value :  1.63560e-06
 Reference value :  1.63680e-06
 Reference value :  1.63797e-06
 Reference value :  1.63914e-06
 Reference value :  1.64032e-06
 Reference value :  1.64151e-06
 Reference value :  1.64270e-06
 Reference value :  1.64393e-06
 Reference value :  1.64510e-06
 Reference value :  1.64627e-06
 Reference value :  1.64742e-06
 Reference value :  1.64860e-06
 Reference value :  1.64975e-06
 Reference value :  1.65091e-06
 Reference value :  1.65207e-06
 Reference value :  1.65326e-06
 Reference value :  1.65448e-06
 Reference value :  1.65566e-06
 Reference value :  1.65683e-06
 Reference value :  1.65801e-06
 Reference value :  1.65920e-06
 Reference value :  1.66042e-06
 Reference value :  1.66166e-06
 Reference value :  1.66282e-06
 Reference value :  1.66402e-06
 Reference value :  1.66522e-06
 Reference value :  1.66642e-06
 Reference value :  1.66762e-06
 Reference value :  1.66884e-06
 Reference value :  1.67006e-06
 Reference value :  1.67124e-06
 Reference value :  1.67246e-06
 Reference value :  1.67364e-06
 Reference value :  1.67485e-06
 Reference value :  1.67603e-06
 Reference value :  1.67723e-06
 Reference value :  1.67846e-06
 Reference value :  1.67962e-06
 Reference value :  1.68083e-06
 Reference value :  1.68205e-06
 Reference value :  1.68325e-06
 Reference value :  1.68443e-06
 Reference value :  1.68562e-06
 Reference value :  1.68684e-06
 Reference value :  1.68800e-06
 Reference value :  1.68917e-06
 Reference value :  1.69034e-06
 Reference value :  1.69152e-06
 Reference value :  1.69274e-06
 Reference value :  1.69396e-06
 Reference value :  1.69518e-06
 Reference value :  1.69640e-06
 Reference value :  1.69759e-06
 Reference value :  1.69877e-06
 Reference value :  1.69992e-06
 Reference value :  1.70111e-06
 Reference value :  1.70227e-06
 Reference value :  1.70349e-06
 Reference value :  1.70466e-06
 Reference value :  1.70588e-06
 Reference value :  1.70705e-06
 Reference value :  1.70822e-06
 Reference value :  1.70944e-06
 Reference value :  1.71063e-06
 Reference value :  1.71180e-06
 Reference value :  1.71296e-06
 Reference value :  1.71419e-06
 Reference value :  1.71537e-06
 Reference value :  1.71656e-06
 Reference value :  1.71777e-06
 Reference value :  1.71898e-06
 Reference value :  1.72016e-06
 Reference value :  1.72136e-06
 Reference value :  1.72254e-06
 Reference value :  1.72375e-06
 Reference value :  1.72493e-06
 Reference value :  1.72610e-06
 Reference value :  1.72732e-06
 Reference value :  1.72847e-06
 Reference value :  1.72964e-06
 Reference value :  1.73083e-06
 Reference value :  1.73204e-06
 Reference value :  1.73324e-06
 Reference value :  1.73443e-06
 Reference value :  1.73562e-06
 Reference value :  1.73681e-06
 Reference value :  1.73800e-06
 Reference value :  1.73916e-06
 Reference value :  1.74039e-06
 Reference value :  1.74155e-06
 Reference value :  1.74274e-06
 Reference value :  1.74395e-06
 Reference value :  1.74515e-06
 Reference value :  1.74632e-06
 Reference value :  1.74750e-06
 Reference value :  1.74872e-06
 Reference value :  1.74989e-06
 Reference value :  1.75110e-06
 Reference value :  1.75228e-06
 Reference value :  1.75345e-06
 Reference value :  1.75462e-06
 Reference value :  1.75577e-06
 Reference value :  1.75690e-06
 Reference value :  1.75807e-06
 Reference value :  1.75924e-06
 Reference value :  1.76061e-06
 Reference value :  1.76207e-06
 Reference value :  1.76324e-06
 Reference value :  1.76445e-06
 Reference value :  1.76565e-06
 Reference value :  1.76687e-06
 Reference value :  1.76806e-06
 Reference value :  1.76926e-06
 Reference value :  1.77046e-06
 Reference value :  1.77164e-06
 Reference value :  1.77284e-06
 Reference value :  1.77403e-06
 Reference value :  1.77520e-06
 Reference value :  1.77640e-06
 Reference value :  1.77762e-06
 Reference value :  1.77878e-06
 Reference value :  1.77997e-06
 Reference value :  1.78117e-06
 Reference value :  1.78239e-06
 Reference value :  1.78361e-06
 Reference value :  1.78482e-06
 Reference value :  1.78604e-06
 Reference value :  1.78726e-06
 Reference value :  1.78847e-06
 Reference value :  1.78987e-06
 Reference value :  1.79113e-06
 Reference value :  1.79236e-06
 Reference value :  1.79357e-06
 Reference value :  1.79477e-06
 Reference value :  1.79610e-06
 Reference value :  1.79726e-06
 Reference value :  1.79861e-06
 Reference value :  1.79988e-06
 Reference value :  1.80110e-06
 Reference value :  1.80230e-06
 Reference value :  1.80350e-06
 Reference value :  1.80477e-06
 Reference value :  1.80598e-06
 Reference value :  1.80718e-06
 Reference value :  1.80839e-06
 Reference value :  1.80957e-06
 Reference value :  1.81073e-06
 Reference value :  1.81204e-06
 Reference value :  1.81324e-06
 Reference value :  1.81445e-06
 Reference value :  1.81566e-06
 Reference value :  1.81687e-06
 Reference value :  1.81806e-06
 Reference value :  1.81939e-06
 Reference value :  1.82067e-06
 Reference value :  1.82191e-06
 Reference value :  1.82308e-06
 Reference value :  1.82428e-06
 Reference value :  1.82547e-06
 Reference value :  1.82666e-06
 Reference value :  1.82786e-06
 Reference value :  1.82904e-06
 Reference value :  1.83026e-06
 Reference value :  1.83144e-06
 Reference value :  1.83266e-06
 Reference value :  1.83385e-06
 Reference value :  1.83504e-06
 Reference value :  1.83625e-06
 Reference value :  1.83759e-06
 Reference value :  1.83878e-06
 Reference value :  1.83997e-06
 Reference value :  1.84116e-06
 Reference value :  1.84238e-06
 Reference value :  1.84364e-06
 Reference value :  1.84485e-06
 Reference value :  1.84606e-06
 Reference value :  1.84736e-06
 Reference value :  1.84862e-06
 Reference value :  1.84982e-06
 Reference value :  1.85101e-06
 Reference value :  1.85221e-06
 Reference value :  1.85337e-06
 Reference value :  1.85460e-06
 Reference value :  1.85581e-06
 Reference value :  1.85705e-06
 Reference value :  1.85826e-06
 Reference value :  1.85942e-06
 Reference value :  1.86063e-06
 Reference value :  1.86188e-06
 Reference value :  1.86318e-06
 Reference value :  1.86447e-06
 Reference value :  1.86579e-06
 Reference value :  1.86704e-06
 Reference value :  1.86875e-06
 Reference value :  1.86994e-06
 Reference value :  1.87118e-06
 Reference value :  1.87241e-06
 Reference value :  1.87358e-06
 Reference value :  1.87476e-06
 Reference value :  1.87597e-06
 Reference value :  1.87716e-06
 Reference value :  1.87833e-06
 Reference value :  1.87950e-06
 Reference value :  1.88072e-06
 Reference value :  1.88191e-06
 Reference value :  1.88314e-06
 Reference value :  1.88432e-06
 Reference value :  1.88550e-06
 Reference value :  1.88668e-06
 Reference value :  1.88786e-06
 Reference value :  1.88904e-06
 Reference value :  1.89021e-06
 Reference value :  1.89138e-06
 Reference value :  1.89255e-06
 Reference value :  1.89374e-06
 Reference value :  1.89493e-06
 Reference value :  1.89609e-06
 Reference value :  1.89727e-06
 Reference value :  1.89845e-06
 Reference value :  1.89962e-06
 Reference value :  1.90080e-06
 Reference value :  1.90199e-06
 Reference value :  1.90316e-06
 Reference value :  1.90441e-06
 Reference value :  1.90563e-06
 Reference value :  1.90685e-06
 Reference value :  1.90805e-06
 Reference value :  1.90929e-06
 Reference value :  1.91046e-06
 Reference value :  1.91167e-06
 Reference value :  1.91290e-06
 Reference value :  1.91414e-06
 Reference value :  1.91532e-06
 Reference value :  1.91650e-06
 Reference value :  1.91769e-06
 Reference value :  1.91885e-06
 Reference value :  1.92002e-06
 Reference value :  1.92123e-06
 Reference value :  1.92246e-06
 Reference value :  1.92372e-06
 Reference value :  1.92490e-06
 Reference value :  1.92609e-06
 Reference value :  1.92730e-06
 Reference value :  1.92851e-06
 Reference value :  1.92969e-06
 Reference value :  1.93089e-06
 Reference value :  1.93209e-06
 Reference value :  1.93329e-06
 Reference value :  1.93448e-06
 Reference value :  1.93574e-06
 Reference value :  1.93689e-06
 Reference value :  1.93807e-06
 Reference value :  1.93927e-06
 Reference value :  1.94046e-06
 Reference value :  1.94165e-06
 Reference value :  1.94282e-06
 Reference value :  1.94400e-06
 Reference value :  1.94519e-06
 Reference value :  1.94641e-06
 Reference value :  1.94758e-06
 Reference value :  1.94875e-06
 Reference value :  1.94996e-06
 Reference value :  1.95115e-06
 Reference value :  1.95232e-06
 Reference value :  1.95350e-06
 Reference value :  1.95469e-06
 Reference value :  1.95586e-06
 Reference value :  1.95709e-06
 Reference value :  1.95825e-06
 Reference value :  1.95947e-06
 Reference value :  1.96067e-06
 Reference value :  1.96181e-06
 Reference value :  1.96328e-06
 Reference value :  1.96515e-06
 Reference value :  1.96657e-06
 Reference value :  1.96801e-06
 Reference value :  1.96930e-06
 Reference value :  1.97074e-06
 Reference value :  1.97260e-06
 Reference value :  1.97408e-06
 Reference value :  1.97523e-06
 Reference value :  1.97652e-06
 Reference value :  1.97792e-06
 Reference value :  1.97911e-06
 Reference value :  1.98037e-06
 Reference value :  1.98155e-06
 Reference value :  1.98279e-06
 Reference value :  1.98397e-06
 Reference value :  1.98512e-06
 Reference value :  1.98634e-06
 Reference value :  1.98751e-06
 Reference value :  1.98906e-06
 Reference value :  1.99023e-06
 Reference value :  1.99140e-06
 Reference value :  1.99258e-06
 Reference value :  1.99372e-06
 Reference value :  1.99488e-06
 Reference value :  1.99603e-06
 Reference value :  1.99718e-06
 Reference value :  1.99842e-06
 Reference value :  1.99958e-06
 Reference value :  2.00074e-06
 Reference value :  2.00188e-06
 Reference value :  2.00303e-06
 Reference value :  2.00419e-06
 Reference value :  2.00535e-06
 Reference value :  2.00649e-06
 Reference value :  2.00769e-06
 Reference value :  2.00886e-06
 Reference value :  2.01008e-06
 Reference value :  2.01121e-06
 Reference value :  2.01242e-06
 Reference value :  2.01360e-06
 Reference value :  2.01482e-06
 Reference value :  2.01601e-06
 Reference value :  2.01717e-06
 Reference value :  2.01830e-06
 Reference value :  2.01947e-06
 Reference value :  2.02063e-06
 Reference value :  2.02179e-06
 Reference value :  2.02294e-06
 Reference value :  2.02410e-06
 Reference value :  2.02528e-06
 Reference value :  2.02644e-06
 Reference value :  2.02766e-06
 Reference value :  2.02884e-06
 Reference value :  2.03002e-06
 Reference value :  2.03119e-06
 Reference value :  2.03238e-06
 Reference value :  2.03357e-06
 Reference value :  2.03480e-06
 Reference value :  2.03598e-06
 Reference value :  2.03713e-06
 Reference value :  2.03829e-06
 Reference value :  2.03947e-06
 Reference value :  2.04073e-06
 Reference value :  2.04194e-06
 Reference value :  2.04315e-06
 Reference value :  2.04436e-06
 Reference value :  2.04551e-06
 Reference value :  2.04668e-06
 Reference value :  2.04785e-06
 Reference value :  2.04900e-06
 Reference value :  2.05018e-06
 Reference value :  2.05139e-06
 Reference value :  2.05257e-06
 Reference value :  2.05381e-06
 Reference value :  2.05498e-06
 Reference value :  2.05612e-06
 Reference value :  2.05730e-06
 Reference value :  2.05846e-06
 Reference value :  2.05962e-06
 Reference value :  2.06079e-06
 Reference value :  2.06194e-06
 Reference value :  2.06317e-06
 Reference value :  2.06434e-06
 Reference value :  2.06552e-06
 Reference value :  2.06666e-06
 Reference value :  2.06783e-06
 Reference value :  2.06901e-06
 Reference value :  2.07018e-06
 Reference value :  2.07137e-06
 Reference value :  2.07257e-06
 Reference value :  2.07376e-06
 Reference value :  2.07496e-06
 Reference value :  2.07614e-06
 Reference value :  2.07741e-06
 Reference value :  2.07859e-06
 Reference value :  2.07977e-06
 Reference value :  2.08094e-06
 Reference value :  2.08216e-06
 Reference value :  2.08336e-06
 Reference value :  2.08454e-06
 Reference value :  2.08573e-06
 Reference value :  2.08693e-06
 Reference value :  2.08814e-06
 Reference value :  2.08930e-06
 Reference value :  2.09049e-06
 Reference value :  2.09170e-06
 Reference value :  2.09290e-06
 Reference value :  2.09410e-06
 Reference value :  2.09526e-06
 Reference value :  2.09642e-06
 Reference value :  2.09762e-06
 Reference value :  2.09881e-06
 Reference value :  2.10002e-06
 Reference value :  2.10123e-06
 Reference value :  2.10246e-06
 Reference value :  2.10368e-06
 Reference value :  2.10490e-06
 Reference value :  2.10607e-06
 Reference value :  2.10726e-06
 Reference value :  2.10844e-06
 Reference value :  2.10964e-06
 Reference value :  2.11084e-06
 Reference value :  2.11202e-06
 Reference value :  2.11320e-06
 Reference value :  2.11440e-06
 Reference value :  2.11558e-06
 Reference value :  2.11679e-06
 Reference value :  2.11800e-06
 Reference value :  2.11923e-06
 Reference value :  2.12041e-06
 Reference value :  2.12161e-06
 Reference value :  2.12280e-06
 Reference value :  2.12398e-06
 Reference value :  2.12517e-06
 Reference value :  2.12636e-06
 Reference value :  2.12755e-06
 Reference value :  2.12879e-06
 Reference value :  2.12998e-06
 Reference value :  2.13119e-06
 Reference value :  2.13240e-06
 Reference value :  2.13363e-06
 Reference value :  2.13485e-06
 Reference value :  2.13601e-06
 Reference value :  2.13720e-06
 Reference value :  2.13841e-06
 Reference value :  2.13962e-06
 Reference value :  2.14080e-06
 Reference value :  2.14201e-06
 Reference value :  2.14318e-06
 Reference value :  2.14435e-06
 Reference value :  2.14553e-06
 Reference value :  2.14670e-06
 Reference value :  2.14791e-06
 Reference value :  2.14912e-06
 Reference value :  2.15032e-06
 Reference value :  2.15150e-06
 Reference value :  2.15268e-06
 Reference value :  2.15388e-06
 Reference value :  2.15506e-06
 Reference value :  2.15624e-06
 Reference value :  2.15745e-06
 Reference value :  2.15861e-06
 Reference value :  2.15982e-06
 Reference value :  2.16101e-06
 Reference value :  2.16224e-06
 Reference value :  2.16341e-06
 Reference value :  2.16464e-06
 Reference value :  2.16581e-06
 Reference value :  2.16720e-06
 Reference value :  2.16859e-06
 Reference value :  2.16979e-06
 Reference value :  2.17098e-06
 Reference value :  2.17218e-06
 Reference value :  2.17342e-06
 Reference value :  2.17467e-06
 Reference value :  2.17588e-06
 Reference value :  2.17710e-06
 Reference value :  2.17831e-06
 Reference value :  2.17950e-06
 Reference value :  2.18076e-06
 Reference value :  2.18199e-06
 Reference value :  2.18317e-06
 Reference value :  2.18437e-06
 Reference value :  2.18601e-06
 Reference value :  2.18722e-06
 Reference value :  2.18844e-06
 Reference value :  2.18976e-06
 Reference value :  2.19102e-06
 Reference value :  2.19226e-06
 Reference value :  2.19351e-06
 Reference value :  2.19467e-06
 Reference value :  2.19586e-06
 Reference value :  2.19703e-06
 Reference value :  2.19836e-06
 Reference value :  2.19957e-06
 Reference value :  2.20075e-06
 Reference value :  2.20192e-06
 Reference value :  2.20321e-06
 Reference value :  2.20449e-06
 Reference value :  2.20577e-06
 Reference value :  2.20704e-06
 Reference value :  2.20850e-06
 Reference value :  2.20980e-06
 Reference value :  2.21107e-06
 Reference value :  2.21225e-06
 Reference value :  2.21344e-06
 Reference value :  2.21464e-06
 Reference value :  2.21588e-06
 Reference value :  2.21706e-06
 Reference value :  2.21824e-06
 Reference value :  2.21943e-06
 Reference value :  2.22064e-06
 Reference value :  2.22182e-06
 Reference value :  2.22303e-06
 Reference value :  2.22432e-06
 Reference value :  2.22556e-06
 Reference value :  2.22677e-06
 Reference value :  2.22798e-06
 Reference value :  2.22919e-06
 Reference value :  2.23043e-06
 Reference value :  2.23163e-06
 Reference value :  2.23282e-06
 Reference value :  2.23405e-06
 Reference value :  2.23522e-06
 Reference value :  2.23641e-06
 Reference value :  2.23761e-06
 Reference value :  2.23883e-06
 Reference value :  2.24004e-06
 Reference value :  2.24121e-06
 Reference value :  2.24243e-06
 Reference value :  2.24361e-06
 Reference value :  2.24482e-06
 Reference value :  2.24602e-06
 Reference value :  2.24722e-06
 Reference value :  2.24842e-06
 Reference value :  2.24966e-06
 Reference value :  2.25085e-06
 Reference value :  2.25205e-06
 Reference value :  2.25330e-06
 Reference value :  2.25449e-06
 Reference value :  2.25567e-06
 Reference value :  2.25685e-06
 Reference value :  2.25805e-06
 Reference value :  2.25924e-06
 Reference value :  2.26041e-06
 Reference value :  2.26160e-06
 Reference value :  2.26281e-06
 Reference value :  2.26403e-06
 Reference value :  2.26520e-06
 Reference value :  2.26642e-06
 Reference value :  2.26762e-06
 Reference value :  2.26880e-06
 Reference value :  2.26999e-06
 Reference value :  2.27117e-06
 Reference value :  2.27238e-06
 Reference value :  2.27358e-06
 Reference value :  2.27476e-06
 Reference value :  2.27596e-06
 Reference value :  2.27715e-06
 Reference value :  2.27834e-06
 Reference value :  2.27952e-06
 Reference value :  2.28071e-06
 Reference value :  2.28194e-06
 Reference value :  2.28318e-06
 Reference value :  2.28442e-06
 Reference value :  2.28565e-06
 Reference value :  2.28685e-06
 Reference value :  2.28807e-06
 Reference value :  2.28931e-06
 Reference value :  2.29052e-06
 Reference value :  2.29172e-06
 Reference value :  2.29289e-06
 Reference value :  2.29408e-06
 Reference value :  2.29529e-06
 Reference value :  2.29651e-06
 Reference value :  2.29768e-06
 Reference value :  2.29886e-06
 Reference value :  2.30008e-06
 Reference value :  2.30132e-06
 Reference value :  2.30250e-06
 Reference value :  2.30372e-06
 Reference value :  2.30488e-06
 Reference value :  2.30604e-06
 Reference value :  2.30722e-06
 Reference value :  2.30845e-06
 Reference value :  2.30965e-06
 Reference value :  2.31084e-06
 Reference value :  2.31208e-06
 Reference value :  2.31327e-06
 Reference value :  2.31444e-06
 Reference value :  2.31562e-06
 Reference value :  2.31681e-06
 Reference value :  2.31805e-06
 Reference value :  2.31976e-06
 Reference value :  2.32098e-06
 Reference value :  2.32220e-06
 Reference value :  2.32336e-06
 Reference value :  2.32459e-06
 Reference value :  2.32575e-06
 Reference value :  2.32698e-06
 Reference value :  2.32820e-06
 Reference value :  2.32937e-06
 Reference value :  2.33058e-06
 Reference value :  2.33179e-06
 Reference value :  2.33297e-06
 Reference value :  2.33415e-06
 Reference value :  2.33535e-06
 Reference value :  2.33655e-06
 Reference value :  2.33775e-06
 Reference value :  2.33896e-06
 Reference value :  2.34013e-06
 Reference value :  2.34130e-06
 Reference value :  2.34248e-06
 Reference value :  2.34367e-06
 Reference value :  2.34482e-06
 Reference value :  2.34602e-06
 Reference value :  2.34721e-06
 Reference value :  2.34838e-06
 Reference value :  2.34957e-06
 Reference value :  2.35075e-06
 Reference value :  2.35196e-06
 Reference value :  2.35317e-06
 Reference value :  2.35434e-06
 Reference value :  2.35555e-06
 Reference value :  2.35676e-06
 Reference value :  2.35796e-06
 Reference value :  2.35914e-06
 Reference value :  2.36030e-06
 Reference value :  2.36153e-06
 Reference value :  2.36271e-06
 Reference value :  2.36390e-06
 Reference value :  2.36512e-06
 Reference value :  2.36628e-06
 Reference value :  2.36746e-06
 Reference value :  2.36868e-06
 Reference value :  2.36984e-06
 Reference value :  2.37105e-06
 Reference value :  2.37223e-06
 Reference value :  2.37340e-06
 Reference value :  2.37457e-06
 Reference value :  2.37577e-06
 Reference value :  2.37692e-06
 Reference value :  2.37811e-06
 Reference value :  2.37930e-06
 Reference value :  2.38046e-06
 Reference value :  2.38169e-06
 Reference value :  2.38294e-06
 Reference value :  2.38413e-06
 Reference value :  2.38535e-06
 Reference value :  2.38654e-06
 Reference value :  2.38773e-06
 Reference value :  2.38895e-06
 Reference value :  2.39015e-06
 Reference value :  2.39136e-06
 Reference value :  2.39257e-06
 Reference value :  2.39374e-06
 Reference value :  2.39490e-06
 Reference value :  2.39610e-06
 Reference value :  2.39729e-06
 Reference value :  2.39849e-06
 Reference value :  2.39972e-06
No. of Data Rows : 3120009
tk                  =  4.23694e-09
tk                  =  6.80131e-09
tk                  =  9.36480e-09
tk                  =  1.19284e-08
tk                  =  1.44911e-08
tk                  =  1.70541e-08
tk                  =  1.96183e-08
tk                  =  2.21814e-08
tk                  =  2.47444e-08
tk                  =  2.73088e-08
tk                  =  2.98725e-08
tk                  =  3.24359e-08
tk                  =  3.49993e-08
tk                  =  3.75626e-08
tk                  =  4.01268e-08
tk                  =  4.26902e-08
tk                  =  4.52531e-08
tk                  =  4.78169e-08
tk                  =  5.03815e-08
tk                  =  5.29443e-08
tk                  =  5.55089e-08
tk                  =  5.80727e-08
tk                  =  6.06358e-08
tk                  =  6.31992e-08
tk                  =  6.57630e-08
tk                  =  6.83266e-08
tk                  =  7.08910e-08
tk                  =  7.34547e-08
tk                  =  7.60187e-08
tk                  =  7.85804e-08
tk                  =  8.11449e-08
tk                  =  8.37083e-08
tk                  =  8.62717e-08
tk                  =  8.88360e-08
tk                  =  9.14003e-08
tk                  =  9.39631e-08
tk                  =  9.65265e-08
tk                  =  9.90910e-08
tk                  =  1.01654e-07
tk                  =  1.04217e-07
tk                  =  1.06781e-07
tk                  =  1.09346e-07
tk                  =  1.11910e-07
tk                  =  1.14473e-07
tk                  =  1.17037e-07
tk                  =  1.19601e-07
tk                  =  1.22164e-07
tk                  =  1.24727e-07
tk                  =  1.27291e-07
tk                  =  1.29855e-07
tk                  =  1.32418e-07
tk                  =  1.34982e-07
tk                  =  1.37546e-07
tk                  =  1.40110e-07
tk                  =  1.42673e-07
tk                  =  1.45237e-07
tk                  =  1.47800e-07
tk                  =  1.50363e-07
tk                  =  1.52927e-07
tk                  =  1.55491e-07
tk                  =  1.58054e-07
tk                  =  1.60618e-07
tk                  =  1.63181e-07
tk                  =  1.65745e-07
tk                  =  1.68308e-07
tk                  =  1.70871e-07
tk                  =  1.73434e-07
tk                  =  1.75997e-07
tk                  =  1.78561e-07
tk                  =  1.81124e-07
tk                  =  1.83688e-07
tk                  =  1.86252e-07
tk                  =  1.88815e-07
tk                  =  1.91379e-07
tk                  =  1.93943e-07
tk                  =  1.96506e-07
tk                  =  1.99069e-07
tk                  =  2.01633e-07
tk                  =  2.04196e-07
tk                  =  2.06760e-07
tk                  =  2.09324e-07
tk                  =  2.11887e-07
tk                  =  2.14451e-07
tk                  =  2.17013e-07
tk                  =  2.19577e-07
tk                  =  2.22141e-07
tk                  =  2.24703e-07
tk                  =  2.27267e-07
tk                  =  2.29830e-07
tk                  =  2.32394e-07
tk                  =  2.34957e-07
tk                  =  2.37521e-07
tk                  =  2.40084e-07
tk                  =  2.42647e-07
tk                  =  2.45210e-07
tk                  =  2.47775e-07
tk                  =  2.50338e-07
tk                  =  2.52902e-07
tk                  =  2.55466e-07
tk                  =  2.58029e-07
tk                  =  2.60593e-07
tk                  =  2.63156e-07
tk                  =  2.65721e-07
tk                  =  2.68284e-07
tk                  =  2.70847e-07
tk                  =  2.73411e-07
tk                  =  2.75974e-07
tk                  =  2.78538e-07
tk                  =  2.81100e-07
tk                  =  2.83664e-07
tk                  =  2.86228e-07
tk                  =  2.88791e-07
tk                  =  2.91355e-07
tk                  =  2.93918e-07
tk                  =  2.96482e-07
tk                  =  2.99046e-07
tk                  =  3.01610e-07
tk                  =  3.04174e-07
tk                  =  3.06737e-07
tk                  =  3.09301e-07
tk                  =  3.11864e-07
tk                  =  3.14428e-07
tk                  =  3.16992e-07
tk                  =  3.19555e-07
tk                  =  3.22119e-07
tk                  =  3.24683e-07
tk                  =  3.27246e-07
tk                  =  3.29809e-07
tk                  =  3.32373e-07
tk                  =  3.34937e-07
tk                  =  3.37500e-07
tk                  =  3.40064e-07
tk                  =  3.42627e-07
tk                  =  3.45191e-07
tk                  =  3.47754e-07
tk                  =  3.50318e-07
tk                  =  3.52880e-07
tk                  =  3.55443e-07
tk                  =  3.58007e-07
tk                  =  3.60571e-07
tk                  =  3.63133e-07
tk                  =  3.65697e-07
tk                  =  3.68261e-07
tk                  =  3.70824e-07
tk                  =  3.73389e-07
tk                  =  3.75953e-07
tk                  =  3.78516e-07
tk                  =  3.81079e-07
tk                  =  3.83642e-07
tk                  =  3.86206e-07
tk                  =  3.88769e-07
tk                  =  3.91332e-07
tk                  =  3.93896e-07
tk                  =  3.96460e-07
tk                  =  3.99023e-07
tk                  =  4.01586e-07
tk                  =  4.04150e-07
tk                  =  4.06714e-07
tk                  =  4.09277e-07
tk                  =  4.11841e-07
tk                  =  4.14404e-07
tk                  =  4.16968e-07
tk                  =  4.19531e-07
tk                  =  4.22095e-07
tk                  =  4.24659e-07
tk                  =  4.27223e-07
tk                  =  4.29785e-07
tk                  =  4.32348e-07
tk                  =  4.34912e-07
tk                  =  4.37474e-07
tk                  =  4.40038e-07
tk                  =  4.42601e-07
tk                  =  4.45164e-07
tk                  =  4.47727e-07
tk                  =  4.50290e-07
tk                  =  4.52854e-07
tk                  =  4.55417e-07
tk                  =  4.57980e-07
tk                  =  4.60544e-07
tk                  =  4.63107e-07
tk                  =  4.65671e-07
tk                  =  4.68234e-07
tk                  =  4.70798e-07
tk                  =  4.73360e-07
tk                  =  4.75923e-07
tk                  =  4.78488e-07
tk                  =  4.81051e-07
tk                  =  4.83615e-07
tk                  =  4.86177e-07
tk                  =  4.88740e-07
tk                  =  4.91304e-07
tk                  =  4.93866e-07
tk                  =  4.96430e-07
tk                  =  4.98994e-07
tk                  =  5.01558e-07
tk                  =  5.04122e-07
tk                  =  5.06685e-07
tk                  =  5.09247e-07
tk                  =  5.11811e-07
tk                  =  5.14375e-07
tk                  =  5.16938e-07
tk                  =  5.19502e-07
tk                  =  5.22065e-07
tk                  =  5.24629e-07
tk                  =  5.27193e-07
tk                  =  5.29757e-07
tk                  =  5.32321e-07
tk                  =  5.34885e-07
tk                  =  5.37449e-07
tk                  =  5.40012e-07
tk                  =  5.42575e-07
tk                  =  5.45139e-07
tk                  =  5.47702e-07
tk                  =  5.50265e-07
tk                  =  5.52829e-07
tk                  =  5.55392e-07
tk                  =  5.57955e-07
tk                  =  5.60520e-07
tk                  =  5.63083e-07
tk                  =  5.65647e-07
tk                  =  5.68210e-07
tk                  =  5.70773e-07
tk                  =  5.73337e-07
tk                  =  5.75901e-07
tk                  =  5.78465e-07
tk                  =  5.81027e-07
tk                  =  5.83590e-07
tk                  =  5.86154e-07
tk                  =  5.88718e-07
tk                  =  5.91281e-07
tk                  =  5.93845e-07
tk                  =  5.96408e-07
tk                  =  5.98971e-07
tk                  =  6.01535e-07
tk                  =  6.04098e-07
tk                  =  6.06662e-07
tk                  =  6.09226e-07
tk                  =  6.11790e-07
tk                  =  6.14352e-07
tk                  =  6.16917e-07
tk                  =  6.19481e-07
tk                  =  6.22045e-07
tk                  =  6.24609e-07
tk                  =  6.27173e-07
tk                  =  6.29736e-07
tk                  =  6.32299e-07
tk                  =  6.34862e-07
tk                  =  6.37426e-07
tk                  =  6.39989e-07
tk                  =  6.42553e-07
tk                  =  6.45117e-07
tk                  =  6.47681e-07
tk                  =  6.50244e-07
tk                  =  6.52806e-07
tk                  =  6.55371e-07
tk                  =  6.57934e-07
tk                  =  6.60497e-07
tk                  =  6.63061e-07
tk                  =  6.65624e-07
tk                  =  6.68188e-07
tk                  =  6.70752e-07
tk                  =  6.73315e-07
tk                  =  6.75878e-07
tk                  =  6.78441e-07
tk                  =  6.81005e-07
tk                  =  6.83568e-07
tk                  =  6.86132e-07
tk                  =  6.88695e-07
tk                  =  6.91258e-07
tk                  =  6.93822e-07
tk                  =  6.96385e-07
tk                  =  6.98949e-07
tk                  =  7.01512e-07
tk                  =  7.04075e-07
tk                  =  7.06638e-07
tk                  =  7.09201e-07
tk                  =  7.11764e-07
tk                  =  7.14327e-07
tk                  =  7.16891e-07
tk                  =  7.19454e-07
tk                  =  7.22017e-07
tk                  =  7.24581e-07
tk                  =  7.27145e-07
tk                  =  7.29708e-07
tk                  =  7.32271e-07
tk                  =  7.34834e-07
tk                  =  7.37397e-07
tk                  =  7.39961e-07
tk                  =  7.42525e-07
tk                  =  7.45089e-07
tk                  =  7.47652e-07
tk                  =  7.50215e-07
tk                  =  7.52779e-07
tk                  =  7.55341e-07
tk                  =  7.57905e-07
tk                  =  7.60469e-07
tk                  =  7.63032e-07
tk                  =  7.65596e-07
tk                  =  7.68159e-07
tk                  =  7.70723e-07
tk                  =  7.73287e-07
tk                  =  7.75850e-07
tk                  =  7.78414e-07
tk                  =  7.80977e-07
tk                  =  7.83541e-07
tk                  =  7.86105e-07
tk                  =  7.88669e-07
tk                  =  7.91232e-07
tk                  =  7.93796e-07
tk                  =  7.96359e-07
tk                  =  7.98923e-07
tk                  =  8.01487e-07
tk                  =  8.04050e-07
tk                  =  8.06614e-07
tk                  =  8.09178e-07
tk                  =  8.11742e-07
tk                  =  8.14305e-07
tk                  =  8.16868e-07
tk                  =  8.19432e-07
tk                  =  8.21995e-07
tk                  =  8.24558e-07
tk                  =  8.27122e-07
tk                  =  8.29685e-07
tk                  =  8.32247e-07
tk                  =  8.34811e-07
tk                  =  8.37375e-07
tk                  =  8.39939e-07
tk                  =  8.42503e-07
tk                  =  8.45067e-07
tk                  =  8.47630e-07
tk                  =  8.50194e-07
tk                  =  8.52757e-07
tk                  =  8.55320e-07
tk                  =  8.57882e-07
tk                  =  8.60446e-07
tk                  =  8.63010e-07
tk                  =  8.65574e-07
tk                  =  8.68137e-07
tk                  =  8.70701e-07
tk                  =  8.73265e-07
tk                  =  8.75828e-07
tk                  =  8.78390e-07
tk                  =  8.80955e-07
tk                  =  8.83518e-07
tk                  =  8.86083e-07
tk                  =  8.88647e-07
tk                  =  8.91210e-07
tk                  =  8.93774e-07
tk                  =  8.96338e-07
tk                  =  8.98901e-07
tk                  =  9.01465e-07
tk                  =  9.04028e-07
tk                  =  9.06592e-07
tk                  =  9.09155e-07
tk                  =  9.11719e-07
tk                  =  9.14283e-07
tk                  =  9.16846e-07
tk                  =  9.19410e-07
tk                  =  9.21974e-07
tk                  =  9.24538e-07
tk                  =  9.27101e-07
tk                  =  9.29665e-07
tk                  =  9.32229e-07
tk                  =  9.34793e-07
tk                  =  9.37356e-07
tk                  =  9.39920e-07
tk                  =  9.42484e-07
tk                  =  9.45048e-07
tk                  =  9.47611e-07
tk                  =  9.50173e-07
tk                  =  9.52737e-07
tk                  =  9.55302e-07
tk                  =  9.57865e-07
tk                  =  9.60429e-07
tk                  =  9.62992e-07
tk                  =  9.65556e-07
tk                  =  9.68119e-07
tk                  =  9.70682e-07
tk                  =  9.73246e-07
tk                  =  9.75809e-07
tk                  =  9.78373e-07
tk                  =  9.80936e-07
tk                  =  9.83500e-07
tk                  =  9.86063e-07
tk                  =  9.88627e-07
tk                  =  9.91190e-07
tk                  =  9.93754e-07
tk                  =  9.96317e-07
tk                  =  9.98881e-07
tk                  =  1.00144e-06
tk                  =  1.00401e-06
tk                  =  1.00657e-06
tk                  =  1.00913e-06
tk                  =  1.01170e-06
tk                  =  1.01426e-06
tk                  =  1.01682e-06
tk                  =  1.01939e-06
tk                  =  1.02195e-06
tk                  =  1.02451e-06
tk                  =  1.02708e-06
tk                  =  1.02964e-06
tk                  =  1.03220e-06
tk                  =  1.03477e-06
tk                  =  1.03733e-06
tk                  =  1.03990e-06
tk                  =  1.04246e-06
tk                  =  1.04502e-06
tk                  =  1.04759e-06
tk                  =  1.05015e-06
tk                  =  1.05271e-06
tk                  =  1.05528e-06
tk                  =  1.05784e-06
tk                  =  1.06040e-06
tk                  =  1.06297e-06
tk                  =  1.06553e-06
tk                  =  1.06810e-06
tk                  =  1.07066e-06
tk                  =  1.07322e-06
tk                  =  1.07579e-06
tk                  =  1.07835e-06
tk                  =  1.08091e-06
tk                  =  1.08348e-06
tk                  =  1.08604e-06
tk                  =  1.08860e-06
tk                  =  1.09117e-06
tk                  =  1.09373e-06
tk                  =  1.09630e-06
tk                  =  1.09886e-06
tk                  =  1.10142e-06
tk                  =  1.10399e-06
tk                  =  1.10655e-06
tk                  =  1.10911e-06
tk                  =  1.11168e-06
tk                  =  1.11424e-06
tk                  =  1.11681e-06
tk                  =  1.11937e-06
tk                  =  1.12193e-06
tk                  =  1.12450e-06
tk                  =  1.12706e-06
tk                  =  1.12962e-06
tk                  =  1.13219e-06
tk                  =  1.13475e-06
tk                  =  1.13731e-06
tk                  =  1.13988e-06
tk                  =  1.14244e-06
tk                  =  1.14500e-06
tk                  =  1.14757e-06
tk                  =  1.15013e-06
tk                  =  1.15269e-06
tk                  =  1.15526e-06
tk                  =  1.15782e-06
tk                  =  1.16038e-06
tk                  =  1.16295e-06
tk                  =  1.16551e-06
tk                  =  1.16807e-06
tk                  =  1.17064e-06
tk                  =  1.17320e-06
tk                  =  1.17576e-06
tk                  =  1.17833e-06
tk                  =  1.18089e-06
tk                  =  1.18345e-06
tk                  =  1.18602e-06
tk                  =  1.18858e-06
tk                  =  1.19114e-06
tk                  =  1.19371e-06
tk                  =  1.19627e-06
tk                  =  1.19884e-06
tk                  =  1.20140e-06
tk                  =  1.20396e-06
tk                  =  1.20653e-06
tk                  =  1.20909e-06
tk                  =  1.21165e-06
tk                  =  1.21422e-06
tk                  =  1.21678e-06
tk                  =  1.21934e-06
tk                  =  1.22191e-06
tk                  =  1.22447e-06
tk                  =  1.22703e-06
tk                  =  1.22960e-06
tk                  =  1.23216e-06
tk                  =  1.23472e-06
tk                  =  1.23729e-06
tk                  =  1.23985e-06
tk                  =  1.24242e-06
tk                  =  1.24498e-06
tk                  =  1.24754e-06
tk                  =  1.25011e-06
tk                  =  1.25267e-06
tk                  =  1.25523e-06
tk                  =  1.25780e-06
tk                  =  1.26036e-06
tk                  =  1.26293e-06
tk                  =  1.26549e-06
tk                  =  1.26805e-06
tk                  =  1.27062e-06
tk                  =  1.27318e-06
tk                  =  1.27574e-06
tk                  =  1.27831e-06
tk                  =  1.28087e-06
tk                  =  1.28344e-06
tk                  =  1.28600e-06
tk                  =  1.28856e-06
tk                  =  1.29113e-06
tk                  =  1.29369e-06
tk                  =  1.29625e-06
tk                  =  1.29882e-06
tk                  =  1.30138e-06
tk                  =  1.30394e-06
tk                  =  1.30651e-06
tk                  =  1.30907e-06
tk                  =  1.31164e-06
tk                  =  1.31420e-06
tk                  =  1.31676e-06
tk                  =  1.31933e-06
tk                  =  1.32189e-06
tk                  =  1.32445e-06
tk                  =  1.32702e-06
tk                  =  1.32958e-06
tk                  =  1.33214e-06
tk                  =  1.33471e-06
tk                  =  1.33727e-06
tk                  =  1.33983e-06
tk                  =  1.34240e-06
tk                  =  1.34496e-06
tk                  =  1.34752e-06
tk                  =  1.35009e-06
tk                  =  1.35265e-06
tk                  =  1.35522e-06
tk                  =  1.35778e-06
tk                  =  1.36034e-06
tk                  =  1.36291e-06
tk                  =  1.36547e-06
tk                  =  1.36803e-06
tk                  =  1.37060e-06
tk                  =  1.37316e-06
tk                  =  1.37573e-06
tk                  =  1.37829e-06
tk                  =  1.38085e-06
tk                  =  1.38342e-06
tk                  =  1.38598e-06
tk                  =  1.38854e-06
tk                  =  1.39111e-06
tk                  =  1.39367e-06
tk                  =  1.39623e-06
tk                  =  1.39880e-06
tk                  =  1.40136e-06
tk                  =  1.40393e-06
tk                  =  1.40649e-06
tk                  =  1.40905e-06
tk                  =  1.41161e-06
tk                  =  1.41418e-06
tk                  =  1.41674e-06
tk                  =  1.41931e-06
tk                  =  1.42187e-06
tk                  =  1.42443e-06
tk                  =  1.42700e-06
tk                  =  1.42956e-06
tk                  =  1.43212e-06
tk                  =  1.43469e-06
tk                  =  1.43725e-06
tk                  =  1.43981e-06
tk                  =  1.44238e-06
tk                  =  1.44494e-06
tk                  =  1.44750e-06
tk                  =  1.45007e-06
tk                  =  1.45263e-06
tk                  =  1.45519e-06
tk                  =  1.45776e-06
tk                  =  1.46032e-06
tk                  =  1.46288e-06
tk                  =  1.46545e-06
tk                  =  1.46801e-06
tk                  =  1.47057e-06
tk                  =  1.47314e-06
tk                  =  1.47570e-06
tk                  =  1.47826e-06
tk                  =  1.48083e-06
tk                  =  1.48339e-06
tk                  =  1.48596e-06
tk                  =  1.48852e-06
tk                  =  1.49108e-06
tk                  =  1.49365e-06
tk                  =  1.49621e-06
tk                  =  1.49877e-06
tk                  =  1.50134e-06
tk                  =  1.50390e-06
tk                  =  1.50646e-06
tk                  =  1.50903e-06
tk                  =  1.51159e-06
tk                  =  1.51415e-06
tk                  =  1.51672e-06
tk                  =  1.51928e-06
tk                  =  1.52184e-06
tk                  =  1.52441e-06
tk                  =  1.52697e-06
tk                  =  1.52953e-06
tk                  =  1.53210e-06
tk                  =  1.53466e-06
tk                  =  1.53723e-06
tk                  =  1.53979e-06
tk                  =  1.54235e-06
tk                  =  1.54492e-06
tk                  =  1.54748e-06
tk                  =  1.55004e-06
tk                  =  1.55261e-06
tk                  =  1.55517e-06
tk                  =  1.55773e-06
tk                  =  1.56030e-06
tk                  =  1.56286e-06
tk                  =  1.56542e-06
tk                  =  1.56799e-06
tk                  =  1.57055e-06
tk                  =  1.57311e-06
tk                  =  1.57568e-06
tk                  =  1.57824e-06
tk                  =  1.58081e-06
tk                  =  1.58337e-06
tk                  =  1.58593e-06
tk                  =  1.58850e-06
tk                  =  1.59106e-06
tk                  =  1.59362e-06
tk                  =  1.59619e-06
tk                  =  1.59875e-06
tk                  =  1.60131e-06
tk                  =  1.60388e-06
tk                  =  1.60644e-06
tk                  =  1.60901e-06
tk                  =  1.61157e-06
tk                  =  1.61413e-06
tk                  =  1.61670e-06
tk                  =  1.61926e-06
tk                  =  1.62182e-06
tk                  =  1.62439e-06
tk                  =  1.62695e-06
tk                  =  1.62951e-06
tk                  =  1.63208e-06
tk                  =  1.63464e-06
tk                  =  1.63720e-06
tk                  =  1.63977e-06
tk                  =  1.64233e-06
tk                  =  1.64489e-06
tk                  =  1.64746e-06
tk                  =  1.65002e-06
tk                  =  1.65258e-06
tk                  =  1.65515e-06
tk                  =  1.65771e-06
tk                  =  1.66027e-06
tk                  =  1.66284e-06
tk                  =  1.66540e-06
tk                  =  1.66796e-06
tk                  =  1.67053e-06
tk                  =  1.67309e-06
tk                  =  1.67566e-06
tk                  =  1.67822e-06
tk                  =  1.68078e-06
tk                  =  1.68335e-06
tk                  =  1.68591e-06
tk                  =  1.68847e-06
tk                  =  1.69104e-06
tk                  =  1.69360e-06
tk                  =  1.69616e-06
tk                  =  1.69873e-06
tk                  =  1.70129e-06
tk                  =  1.70386e-06
tk                  =  1.70642e-06
tk                  =  1.70898e-06
tk                  =  1.71155e-06
tk                  =  1.71411e-06
tk                  =  1.71667e-06
tk                  =  1.71924e-06
tk                  =  1.72180e-06
tk                  =  1.72436e-06
tk                  =  1.72693e-06
tk                  =  1.72949e-06
tk                  =  1.73205e-06
tk                  =  1.73462e-06
tk                  =  1.73718e-06
tk                  =  1.73974e-06
tk                  =  1.74231e-06
tk                  =  1.74487e-06
tk                  =  1.74743e-06
tk                  =  1.75000e-06
tk                  =  1.75256e-06
tk                  =  1.75513e-06
tk                  =  1.75769e-06
tk                  =  1.76025e-06
tk                  =  1.76282e-06
tk                  =  1.76538e-06
tk                  =  1.76794e-06
tk                  =  1.77051e-06
tk                  =  1.77307e-06
tk                  =  1.77563e-06
tk                  =  1.77820e-06
tk                  =  1.78076e-06
tk                  =  1.78332e-06
tk                  =  1.78589e-06
tk                  =  1.78845e-06
tk                  =  1.79101e-06
tk                  =  1.79358e-06
tk                  =  1.79614e-06
tk                  =  1.79870e-06
tk                  =  1.80127e-06
tk                  =  1.80383e-06
tk                  =  1.80639e-06
tk                  =  1.80896e-06
tk                  =  1.81152e-06
tk                  =  1.81408e-06
tk                  =  1.81665e-06
tk                  =  1.81921e-06
tk                  =  1.82178e-06
tk                  =  1.82434e-06
tk                  =  1.82690e-06
tk                  =  1.82947e-06
tk                  =  1.83203e-06
tk                  =  1.83460e-06
tk                  =  1.83716e-06
tk                  =  1.83972e-06
tk                  =  1.84228e-06
tk                  =  1.84485e-06
tk                  =  1.84741e-06
tk                  =  1.84998e-06
tk                  =  1.85254e-06
tk                  =  1.85510e-06
tk                  =  1.85767e-06
tk                  =  1.86023e-06
tk                  =  1.86279e-06
tk                  =  1.86536e-06
tk                  =  1.86792e-06
tk                  =  1.87048e-06
tk                  =  1.87305e-06
tk                  =  1.87561e-06
tk                  =  1.87817e-06
tk                  =  1.88074e-06
tk                  =  1.88330e-06
tk                  =  1.88586e-06
tk                  =  1.88843e-06
tk                  =  1.89099e-06
tk                  =  1.89355e-06
tk                  =  1.89612e-06
tk                  =  1.89868e-06
tk                  =  1.90124e-06
tk                  =  1.90381e-06
tk                  =  1.90637e-06
tk                  =  1.90893e-06
tk                  =  1.91150e-06
tk                  =  1.91406e-06
tk                  =  1.91662e-06
tk                  =  1.91919e-06
tk                  =  1.92175e-06
tk                  =  1.92431e-06
tk                  =  1.92688e-06
tk                  =  1.92944e-06
tk                  =  1.93200e-06
tk                  =  1.93457e-06
tk                  =  1.93713e-06
tk                  =  1.93969e-06
tk                  =  1.94226e-06
tk                  =  1.94482e-06
tk                  =  1.94738e-06
tk                  =  1.94995e-06
tk                  =  1.95251e-06
tk                  =  1.95507e-06
tk                  =  1.95764e-06
tk                  =  1.96020e-06
tk                  =  1.96276e-06
tk                  =  1.96533e-06
tk                  =  1.96789e-06
tk                  =  1.97046e-06
tk                  =  1.97302e-06
qw0                 =  -1.27077e-02
qw1                 =  -3.79771e-02
m_period = 2.5635173828e-09
m_f_osc = 3.9008902639e+08
m_period_startup16 = 2.5635073750e-09
m_period_b00 = 2.5636262083e-09
m_period_b01 = 2.5634791667e-09
m_period_b02 = 2.5635541667e-09
m_period_b03 = 2.5633687500e-09
m_period_b04 = 2.5635625000e-09
m_period_b05 = 2.5634020833e-09
m_period_b06 = 2.5635208333e-09
m_period_b07 = 2.5636104167e-09
m_period_b08 = 2.5635854167e-09
m_period_b09 = 2.5634583333e-09
m_period_b10 = 2.5636250000e-09
m_period_b11 = 2.5635416667e-09
m_period_b12 = 2.5635208333e-09
m_period_b13 = 2.5635000000e-09
m_period_b14 = 2.5635208333e-09
m_period_b15 = 2.5633958333e-09
m_sigma_1 = 6.2453942789e-13
m_sigma_2 = 7.3949349165e-13
m_sigma_4 = 9.2715901236e-13
m_sigma_8 = 1.2610356037e-12
m_sigma_16 = 1.8860614793e-12
m_sigma_32 = 2.6214788118e-12
m_sigma_64 = 3.2858096567e-12
m_sigma_128 = 5.1451824650e-12
m_sigma_startup16_1 = 5.3730784162e-13
m_sigma_startup16_2 = 7.0836724064e-13
m_sigma_startup16_4 = 7.2071938776e-13
m_sigma_startup16_8 = 7.4798143174e-13
m_i_ring_a = 1.9252539141e-05
m_p_active_w = 6.3533379164e-05
m_e_per_cycle_j = 1.6286892188e-13
m_c_eff_node_f = 2.9911647727e-15
m_vsup_v = 3.3000000000e+00
Note: Simulation executed from .control section 

Warning: m=xx on .subckt line will override multiplier m hierarchy!

