
Note: Compatibility modes selected: hs a


Circuit: * sampler-dff-reset-current-xsb @ sf_125c_2.97v -- generated by sim/harness, do not edit

Doing analysis at TEMP = 125.000000 and TNOM = 27.000000

Using SPARSE 1.3 as Direct Linear Solver

Initial Transient Solution
--------------------------

Node                                   Voltage
----                                   -------
vdd                                       2.97
rst_n                                        0
clk                                          0
d                                            0
xdut.clkb                                 2.97
xdut.rst                                  2.97
xdut.m                             1.88858e-08
xdut.mb                                   2.97
xdut.mc                            4.41387e-07
xdut.s                                    2.97
q                                  4.15956e-07
xdut.qb                                   2.97
qint                                2.0788e-20
vd#branch                           5.2821e-12
vdd#branch                        -2.13162e-10
vclk#branch                                  0
vrst#branch                                  0

 Reference value :  4.85050e-10
 Reference value :  2.52805e-09
 Reference value :  4.57205e-09
No. of Data Rows : 4720
qint1               =  3.34802e-05
qint2               =  1.67405e-04
qint3               =  3.01329e-04
qout_rst            =  -3.80979e-07
m_i_reset_xsb_a = 6.6962300000e-05
m_p_reset_xsb_w = 1.9887803100e-04
m_i_reset_xsb_first_a = 6.6962300000e-05
m_i_reset_xsb_last_a = 6.6962300000e-05
m_q_v = -3.809793000e-07
Note: Simulation executed from .control section 

Warning: m=xx on .subckt line will override multiplier m hierarchy!

