
Note: Compatibility modes selected: hs a


Circuit: * sampler-dff-reset-clocked @ fs_125c_3.30v -- generated by sim/harness, do not edit

Doing analysis at TEMP = 125.000000 and TNOM = 27.000000

Using SPARSE 1.3 as Direct Linear Solver

Initial Transient Solution
--------------------------

Node                                   Voltage
----                                   -------
vdd                                        3.3
rst_n                                        0
clk                                          0
d                                          3.3
xdut.clkb                              3.29999
xdut.m                                 3.29999
xdut.mb                                3.29999
xdut.mmid                              2.84734
xdut.mc                            4.92886e-06
xdut.s                                     3.3
q                                  3.05973e-08
xdut.qb                                    3.3
xdut.s2mid                           0.0937694
vth                                       1.65
bvth#branch                                  0
vd#branch                          -7.6827e-10
vclk#branch                                  0
vrst#branch                                  0
vdd#branch                        -1.32683e-09

 Reference value :  0.00000e+00
 Reference value :  1.54628e-07
 Reference value :  3.13928e-07
 Reference value :  4.78428e-07
 Reference value :  6.27311e-07
 Reference value :  7.87711e-07
 Reference value :  9.48211e-07
 Reference value :  1.10685e-06
 Reference value :  1.26915e-06
 Reference value :  1.42805e-06
 Reference value :  1.58761e-06
 Reference value :  1.74471e-06
 Reference value :  1.90281e-06
 Reference value :  2.05875e-06
 Reference value :  2.22605e-06
 Reference value :  2.38745e-06
 Reference value :  2.54971e-06
 Reference value :  2.71421e-06
 Reference value :  2.87911e-06
 Reference value :  3.03345e-06
 Reference value :  3.19575e-06
 Reference value :  3.35865e-06
 Reference value :  3.52101e-06
 Reference value :  3.68306e-06
 Reference value :  3.84836e-06
 Reference value :  4.00564e-06
 Reference value :  4.16294e-06
 Reference value :  4.32534e-06
 Reference value :  4.48624e-06
 Reference value :  4.64061e-06
 Reference value :  4.79851e-06
 Reference value :  4.96581e-06
 Reference value :  5.12395e-06
 Reference value :  5.28905e-06
 Reference value :  5.44525e-06
 Reference value :  5.60263e-06
 Reference value :  5.81673e-06
No. of Data Rows : 60177
q_rst_max           =  1.26850e-01 at=  1.50000e-06
s_rst_min           =  2.81944e+00 at=  1.00000e-06
q_rel               =  2.57940e-06
q_cap               =  3.29999e+00
mb_rst_min          =  3.14919e+00 at=  2.50007e-06
m_q_rst_max_v = 1.2685050000e-01
m_q_rst_max_frac = 3.8439545455e-02
m_s_rst_min_v = 2.8194410000e+00
m_s_rst_dev_frac = 1.4562393939e-01
m_mb_rst_min_v = 3.1491860000e+00
m_q_rel_v = 2.5793960000e-06
m_q_cap_v = 3.2999950000e+00
Note: Simulation executed from .control section 

Warning: m=xx on .subckt line will override multiplier m hierarchy!

