
Note: Compatibility modes selected: hs a


Circuit: * sampler-dff-reset-current-xsb @ sf_-40c_3.30v -- generated by sim/harness, do not edit

Doing analysis at TEMP = -40.000000 and TNOM = 27.000000

Using SPARSE 1.3 as Direct Linear Solver

Initial Transient Solution
--------------------------

Node                                   Voltage
----                                   -------
vdd                                        3.3
rst_n                                        0
clk                                          0
d                                            0
xdut.clkb                                  3.3
xdut.rst                                   3.3
xdut.m                             1.22577e-08
xdut.mb                                    3.3
xdut.mc                             3.2707e-08
xdut.s                                     3.3
q                                  1.63536e-08
xdut.qb                                    3.3
qint                               4.05477e-21
vd#branch                           5.8022e-12
vdd#branch                        -4.63499e-11
vclk#branch                                  0
vrst#branch                                  0

 Reference value :  4.66050e-10
 Reference value :  2.58605e-09
No. of Data Rows : 4720
qint1               =  5.30509e-05
qint2               =  2.65261e-04
qint3               =  4.77472e-04
qout_rst            =  3.75894e-08
m_i_reset_xsb_a = 1.0610517500e-04
m_p_reset_xsb_w = 3.5014707750e-04
m_i_reset_xsb_first_a = 1.0610515000e-04
m_i_reset_xsb_last_a = 1.0610520000e-04
m_q_v = 3.7589420000e-08
Note: Simulation executed from .control section 

Warning: m=xx on .subckt line will override multiplier m hierarchy!

