
Note: Compatibility modes selected: hs a


Circuit: * ro-array-core-startup @ tt_125c_2.97v -- generated by sim/harness, do not edit

Doing analysis at TEMP = 125.000000 and TNOM = 27.000000

Using SPARSE 1.3 as Direct Linear Solver

Initial Transient Solution
--------------------------

Node                                   Voltage
----                                   -------
vsup                                      2.97
en                                           0
xdut.xr1.xg.py                         2.96999
xdut.xr1.n1                            2.96999
xdut.rn1                               2.96998
xdut.xr1.xg.nm                         2.53232
xdut.xr1.xg.ny                     3.37898e-06
xdut.xr1.x1.py                            2.97
xdut.xr1.n2                        5.74908e-07
xdut.xr1.x1.ny                     4.96557e-07
xdut.xr1.x2.py                         2.96998
xdut.xr1.n3                            2.96998
xdut.xr1.x2.ny                     5.11424e-06
xdut.xr1.x3.py                            2.97
xdut.xr1.n4                         5.7495e-07
xdut.xr1.x3.ny                     4.96594e-07
xdut.xr1.x4.py                         2.96998
xdut.xr1.n5                            2.96998
xdut.xr1.x4.ny                     5.11424e-06
xdut.xr1.x5.py                            2.97
xdut.xr1.n6                         5.7495e-07
xdut.xr1.x5.ny                     4.96594e-07
xdut.xr1.x6.py                         2.96998
xdut.xr1.n7                            2.96998
xdut.xr1.x6.ny                     5.11424e-06
xdut.xr1.x7.py                            2.97
xdut.xr1.n8                         5.7495e-07
xdut.xr1.x7.ny                     4.96594e-07
xdut.xr1.x8.py                         2.96998
xdut.xr1.n9                            2.96998
xdut.xr1.x8.ny                     5.11424e-06
xdut.xr1.x9.py                            2.97
xdut.xr1.n10                        5.7495e-07
xdut.xr1.x9.ny                     4.96594e-07
xdut.xr1.x10.py                        2.96998
xdut.xr1.x10.ny                    5.11424e-06
xdut.xr2.xg.py                         2.96999
xdut.xr2.n1                            2.96999
xdut.rn2                               2.96998
xdut.xr2.xg.nm                         2.53232
xdut.xr2.xg.ny                     3.13787e-06
xdut.xr2.x1.py                            2.97
xdut.xr2.n2                        5.39467e-07
xdut.xr2.x1.ny                     4.61117e-07
xdut.xr2.x2.py                         2.96998
xdut.xr2.n3                            2.96998
xdut.xr2.x2.ny                     4.74932e-06
xdut.xr2.x3.py                            2.97
xdut.xr2.n4                        5.39504e-07
xdut.xr2.x3.ny                     4.61149e-07
xdut.xr2.x4.py                         2.96998
xdut.xr2.n5                            2.96998
xdut.xr2.x4.ny                     4.74932e-06
xdut.xr2.x5.py                            2.97
xdut.xr2.n6                        5.39504e-07
xdut.xr2.x5.ny                     4.61149e-07
xdut.xr2.x6.py                         2.96998
xdut.xr2.n7                            2.96998
xdut.xr2.x6.ny                     4.74932e-06
xdut.xr2.x7.py                            2.97
xdut.xr2.n8                        5.39504e-07
xdut.xr2.x7.ny                     4.61149e-07
xdut.xr2.x8.py                         2.96998
xdut.xr2.n9                            2.96998
xdut.xr2.x8.ny                     4.74932e-06
xdut.xr2.x9.py                            2.97
xdut.xr2.n10                       5.39504e-07
xdut.xr2.x9.ny                     4.61149e-07
xdut.xr2.x10.py                        2.96998
xdut.xr2.x10.ny                    4.74932e-06
ro1                                7.83583e-08
ro2                                7.83571e-08
xdut.xa1.an                               2.97
xdut.xa1.bn                               2.97
xdut.xa1.mid                              2.97
xo                                 2.45579e-07
xdut.xa1.s1                        1.21667e-07
xdut.xa1.s2                        1.22789e-07
vth                                      1.485
bvth#branch                                  0
ven#branch                                   0
vsup#branch                       -1.61118e-09

 Reference value :  0.00000e+00
 Reference value :  8.54560e-10
 Reference value :  1.64256e-09
 Reference value :  2.62656e-09
 Reference value :  3.48656e-09
 Reference value :  4.27656e-09
 Reference value :  5.00205e-09
 Reference value :  5.96917e-09
 Reference value :  7.04917e-09
 Reference value :  7.78517e-09
 Reference value :  8.51117e-09
 Reference value :  9.19117e-09
 Reference value :  9.88717e-09
 Reference value :  1.05992e-08
 Reference value :  1.12552e-08
 Reference value :  1.20312e-08
 Reference value :  1.27712e-08
 Reference value :  1.34432e-08
 Reference value :  1.41352e-08
 Reference value :  1.48352e-08
 Reference value :  1.62312e-08
 Reference value :  1.69912e-08
 Reference value :  1.76772e-08
 Reference value :  1.84132e-08
 Reference value :  1.91272e-08
 Reference value :  1.98892e-08
 Reference value :  2.06232e-08
 Reference value :  2.13192e-08
 Reference value :  2.19992e-08
 Reference value :  2.26872e-08
 Reference value :  2.33692e-08
 Reference value :  2.41112e-08
 Reference value :  2.52432e-08
 Reference value :  2.63492e-08
 Reference value :  2.70792e-08
 Reference value :  2.77732e-08
 Reference value :  2.84692e-08
 Reference value :  2.92832e-08
 Reference value :  3.01692e-08
 Reference value :  3.09292e-08
 Reference value :  3.16232e-08
 Reference value :  3.23292e-08
 Reference value :  3.35412e-08
 Reference value :  3.44272e-08
 Reference value :  3.51092e-08
 Reference value :  3.57692e-08
 Reference value :  3.64392e-08
 Reference value :  3.71052e-08
 Reference value :  3.77852e-08
 Reference value :  3.84552e-08
 Reference value :  3.91552e-08
 Reference value :  3.98272e-08
 Reference value :  4.05072e-08
 Reference value :  4.11752e-08
 Reference value :  4.24892e-08
 Reference value :  4.33252e-08
 Reference value :  4.41072e-08
 Reference value :  4.49212e-08
 Reference value :  4.56792e-08
 Reference value :  4.63792e-08
 Reference value :  4.71852e-08
 Reference value :  4.79172e-08
 Reference value :  4.88512e-08
 Reference value :  4.97552e-08
 Reference value :  5.06112e-08
 Reference value :  5.14652e-08
 Reference value :  5.28352e-08
 Reference value :  5.36692e-08
 Reference value :  5.45092e-08
 Reference value :  5.53252e-08
 Reference value :  5.62112e-08
 Reference value :  5.70632e-08
 Reference value :  5.79472e-08
 Reference value :  5.87392e-08
 Reference value :  5.95492e-08
 Reference value :  6.04212e-08
 Reference value :  6.12052e-08
 Reference value :  6.22172e-08
 Reference value :  6.32812e-08
 Reference value :  6.41052e-08
 Reference value :  6.48552e-08
 Reference value :  6.55372e-08
 Reference value :  6.62272e-08
 Reference value :  6.69232e-08
 Reference value :  6.75992e-08
 Reference value :  6.82732e-08
 Reference value :  6.89732e-08
 Reference value :  6.96352e-08
 Reference value :  7.03372e-08
 Reference value :  7.10492e-08
 Reference value :  7.19692e-08
 Reference value :  7.29472e-08
 Reference value :  7.36272e-08
 Reference value :  7.43372e-08
 Reference value :  7.50412e-08
 Reference value :  7.59372e-08
 Reference value :  7.69712e-08
 Reference value :  7.78032e-08
 Reference value :  7.86672e-08
 Reference value :  7.95372e-08
 Reference value :  8.10452e-08
 Reference value :  8.19172e-08
 Reference value :  8.28452e-08
 Reference value :  8.36112e-08
 Reference value :  8.42792e-08
 Reference value :  8.50372e-08
 Reference value :  8.57032e-08
 Reference value :  8.63872e-08
 Reference value :  8.70572e-08
 Reference value :  8.77592e-08
 Reference value :  8.84192e-08
 Reference value :  8.92092e-08
 Reference value :  9.02792e-08
 Reference value :  9.13412e-08
 Reference value :  9.23692e-08
 Reference value :  9.31552e-08
 Reference value :  9.39312e-08
 Reference value :  9.47752e-08
 Reference value :  9.55212e-08
 Reference value :  9.62472e-08
 Reference value :  9.70632e-08
 Reference value :  9.79132e-08
 Reference value :  9.87052e-08
 Reference value :  9.94872e-08
 Reference value :  1.00405e-07
 Reference value :  1.01171e-07
 Reference value :  1.01969e-07
 Reference value :  1.02811e-07
 Reference value :  1.03663e-07
 Reference value :  1.04557e-07
 Reference value :  1.05351e-07
 Reference value :  1.06141e-07
 Reference value :  1.06821e-07
 Reference value :  1.07539e-07
 Reference value :  1.08237e-07
 Reference value :  1.08979e-07
 Reference value :  1.09671e-07
 Reference value :  1.10381e-07
 Reference value :  1.11211e-07
 Reference value :  1.12097e-07
 Reference value :  1.12935e-07
 Reference value :  1.13775e-07
 Reference value :  1.14617e-07
 Reference value :  1.15349e-07
 Reference value :  1.16133e-07
 Reference value :  1.16957e-07
 Reference value :  1.17781e-07
 Reference value :  1.18519e-07
 Reference value :  1.19343e-07
 Reference value :  1.20195e-07
 Reference value :  1.21023e-07
 Reference value :  1.21797e-07
 Reference value :  1.22505e-07
 Reference value :  1.23267e-07
 Reference value :  1.23925e-07
 Reference value :  1.24641e-07
 Reference value :  1.25441e-07
 Reference value :  1.26229e-07
 Reference value :  1.26909e-07
 Reference value :  1.27631e-07
 Reference value :  1.28311e-07
 Reference value :  1.29039e-07
 Reference value :  1.29839e-07
 Reference value :  1.30711e-07
 Reference value :  1.31535e-07
 Reference value :  1.32331e-07
 Reference value :  1.33139e-07
 Reference value :  1.33975e-07
 Reference value :  1.34723e-07
 Reference value :  1.35487e-07
 Reference value :  1.36325e-07
 Reference value :  1.37117e-07
 Reference value :  1.37941e-07
 Reference value :  1.38787e-07
 Reference value :  1.39629e-07
 Reference value :  1.40501e-07
 Reference value :  1.41373e-07
 Reference value :  1.42179e-07
 Reference value :  1.42997e-07
 Reference value :  1.43839e-07
 Reference value :  1.44635e-07
 Reference value :  1.45461e-07
 Reference value :  1.46209e-07
 Reference value :  1.47147e-07
 Reference value :  1.48013e-07
 Reference value :  1.48769e-07
 Reference value :  1.49527e-07
 Reference value :  1.50443e-07
 Reference value :  1.51315e-07
 Reference value :  1.52109e-07
 Reference value :  1.52941e-07
 Reference value :  1.53851e-07
 Reference value :  1.54687e-07
 Reference value :  1.55467e-07
 Reference value :  1.56305e-07
 Reference value :  1.57143e-07
 Reference value :  1.57973e-07
 Reference value :  1.58841e-07
 Reference value :  1.59611e-07
 Reference value :  1.60315e-07
 Reference value :  1.61077e-07
 Reference value :  1.61781e-07
 Reference value :  1.62489e-07
 Reference value :  1.63181e-07
 Reference value :  1.63851e-07
 Reference value :  1.64539e-07
 Reference value :  1.65213e-07
 Reference value :  1.66009e-07
 Reference value :  1.66757e-07
 Reference value :  1.67569e-07
 Reference value :  1.68327e-07
 Reference value :  1.69159e-07
 Reference value :  1.69961e-07
 Reference value :  1.70749e-07
 Reference value :  1.71559e-07
 Reference value :  1.72767e-07
 Reference value :  1.73539e-07
 Reference value :  1.74249e-07
 Reference value :  1.75115e-07
 Reference value :  1.76075e-07
 Reference value :  1.77157e-07
 Reference value :  1.78033e-07
 Reference value :  1.79065e-07
No. of Data Rows : 90016
t1r1                =  1.51572e-08
t2r1                =  2.51878e-08
t3r1                =  3.52188e-08
t4r1                =  4.52497e-08
t5r1                =  5.52805e-08
t6r1                =  6.53114e-08
t7r1                =  7.53452e-08
t8r1                =  8.53713e-08
t9r1                =  9.54011e-08
t10r1               =  1.05431e-07
t1r2                =  1.44582e-08
t2r2                =  2.38024e-08
t3r2                =  3.31466e-08
t4r2                =  4.24908e-08
t5r2                =  5.18350e-08
t6r2                =  6.11787e-08
t7r2                =  7.05237e-08
t8r2                =  7.98671e-08
t9r2                =  8.92114e-08
t10r2               =  9.85556e-08
t1xo                =  9.82738e-09
t2xo                =  1.47309e-08
t3xo                =  1.91741e-08
t4xo                =  2.40742e-08
vhi_early           =  3.00117e+00 at=  4.91452e-08
vlo_early           =  -3.80402e-02 at=  3.41672e-08
vhi_late            =  3.00177e+00 at=  1.59473e-07
vlo_late            =  -3.93958e-02 at=  1.64557e-07
vxhi_early          =  3.01169e+00 at=  3.53832e-08
vxlo_early          =  -4.07647e-02 at=  2.83892e-08
vxhi_late           =  3.01169e+00 at=  1.75805e-07
vxlo_late           =  -4.08462e-02 at=  1.59209e-07
v_off_ro1           =  2.96998e+00
v_off_xo            =  2.45579e-07
m_en_assert_s = 5.0000000000e-09
m_t1r1_s = 1.5157250000e-08
m_t2r1_s = 2.5187840000e-08
m_t3r1_s = 3.5218790000e-08
m_t4r1_s = 4.5249670000e-08
m_t5r1_s = 5.5280550000e-08
m_t6r1_s = 6.5311420000e-08
m_t7r1_s = 7.5345190000e-08
m_t8r1_s = 8.5371340000e-08
m_t9r1_s = 9.5401080000e-08
m_t10r1_s = 1.0543090000e-07
m_t1r2_s = 1.4458170000e-08
m_t2r2_s = 2.3802410000e-08
m_t3r2_s = 3.3146610000e-08
m_t4r2_s = 4.2490810000e-08
m_t5r2_s = 5.1834970000e-08
m_t6r2_s = 6.1178720000e-08
m_t7r2_s = 7.0523700000e-08
m_t8r2_s = 7.9867120000e-08
m_t9r2_s = 8.9211360000e-08
m_t10r2_s = 9.8555620000e-08
m_t1xo_s = 9.8273780000e-09
m_t2xo_s = 1.4730930000e-08
m_t3xo_s = 1.9174140000e-08
m_t4xo_s = 2.4074210000e-08
m_ring_swing_early_v = 3.0392152100e+00
m_ring_swing_late_v = 3.0411618100e+00
m_xo_swing_early_v = 3.0524496900e+00
m_xo_swing_late_v = 3.0525312200e+00
m_v_ro1_off_v = 2.9699820000e+00
m_v_xo_off_v = 2.4557870000e-07
Note: Simulation executed from .control section 

Warning: m=xx on .subckt line will override multiplier m hierarchy!

