
Note: Compatibility modes selected: hs a


Circuit: * sampler-bit-bias-static-generic @ tt_27c_3.30v -- generated by sim/harness, do not edit

Doing analysis at TEMP = 27.000000 and TNOM = 27.000000

Using SPARSE 1.3 as Direct Linear Solver

Initial Transient Solution
--------------------------

Node                                   Voltage
----                                   -------
vsup                                       3.3
en                                         3.3
vddr1                                      3.3
vddr2                                      3.3
vdd                                        3.3
xg1.py                                 1.58325
n11                                          0
g10                                1.24708e-07
xg1.nm                            7.45296e-206
xg1.ny                            6.95739e-206
x11.py                                     3.3
n12                                        3.3
g11                                          0
x11.ny                             2.35462e-08
x12.py                                     3.3
n13                                1.24708e-07
g12                                        3.3
x12.ny                             1.06256e-07
x13.py                                     3.3
n14                                        3.3
g13                                1.24708e-07
x13.ny                             2.35463e-08
x14.py                                     3.3
rn1                                1.24708e-07
g14                                        3.3
x14.ny                             1.06256e-07
xg2.py                                 1.59988
n21                                          0
g20                                1.17147e-07
xg2.nm                            1.54244e-206
xg2.ny                            1.43249e-206
x21.py                                     3.3
n22                                        3.3
g21                                          0
x21.ny                             2.18706e-08
x22.py                                     3.3
n23                                1.17147e-07
g22                                        3.3
x22.ny                              9.8695e-08
x23.py                                     3.3
n24                                        3.3
g23                                1.17147e-07
x23.ny                             2.18707e-08
x24.py                                     3.3
rn2                                1.17147e-07
g24                                        3.3
x24.ny                              9.8695e-08
ro1                                        3.3
ro2                                        3.3
xa1.an                             1.84515e-08
xa1.bn                             1.84515e-08
xa1.mid                               0.783853
xo                                 1.79153e-07
xa1.s1                             8.95767e-08
xa1.s2                             3.77439e-08
xsb.clkb                                   3.3
clk                                          0
xsb.m                              2.15825e-07
xsb.mb                                     3.3
rst_n                                      3.3
xsb.mmid                           1.58497e-09
xsb.mc                             3.68602e-08
xsb.s                                      3.3
raw_bit                            1.84515e-08
xsb.qb                                     3.3
xsb.s2mid                          1.58496e-09
xsr1.clkb                          1.84515e-08
clkm                                       3.3
xsr1.m                             1.18322e-07
xsr1.mb                                    3.3
xsr1.mmid                          1.58497e-09
xsr1.mc                            7.75181e-08
xsr1.s                                     3.3
ring_bit1                          1.84515e-08
xsr1.qb                                    3.3
xsr1.s2mid                         1.58496e-09
xsr2.clkb                          1.84515e-08
xsr2.m                             1.18322e-07
xsr2.mb                                    3.3
xsr2.mmid                          1.58497e-09
xsr2.mc                            7.75181e-08
xsr2.s                                     3.3
ring_bit2                          1.84515e-08
xsr2.qb                                    3.3
xsr2.s2mid                         1.58496e-09
x1                                       -1.65
x2                                       -1.65
xc                                       -1.65
vth                                       1.65
tclkv                                1.246e-08
btclk#branch                                 0
bvth#branch                                  0
bxc#branch                                   0
bx2#branch                                   0
bx1#branch                                   0
vrst#branch                                  0
vclkm#branch                                 0
vclk#branch                                  0
vn24#branch                                  0
vn23#branch                                  0
vn22#branch                                  0
vn21#branch                                  0
vn20#branch                       -2.92076e-24
vn14#branch                                  0
vn13#branch                                  0
vn12#branch                                  0
vn11#branch                                  0
vn10#branch                       -5.01638e-29
vtr#branch                         1.65807e-10
vr2#branch                         9.82234e-06
vr1#branch                          9.2686e-06
ven#branch                                   0
vsup#branch                       -1.90911e-05

 Reference value :  0.00000e+00
 Reference value :  3.00000e-09
 Reference value :  5.68500e-09
 Reference value :  8.48500e-09
 Reference value :  1.11500e-08
 Reference value :  1.39700e-08
 Reference value :  1.68300e-08
 Reference value :  1.95850e-08
 Reference value :  2.24700e-08
 Reference value :  2.53500e-08
 Reference value :  2.81000e-08
 Reference value :  3.08700e-08
 Reference value :  3.36300e-08
 Reference value :  3.64500e-08
 Reference value :  3.92850e-08
 Reference value :  4.19700e-08
 Reference value :  4.48000e-08
 Reference value :  4.75300e-08
 Reference value :  5.02500e-08
 Reference value :  5.31060e-08
 Reference value :  5.58300e-08
 Reference value :  5.86020e-08
 Reference value :  6.14000e-08
 Reference value :  6.40500e-08
 Reference value :  6.68020e-08
 Reference value :  6.94700e-08
 Reference value :  7.23140e-08
 Reference value :  7.51300e-08
 Reference value :  7.78300e-08
 Reference value :  8.05500e-08
 Reference value :  8.32300e-08
 Reference value :  8.60020e-08
 Reference value :  8.87300e-08
 Reference value :  9.16000e-08
 Reference value :  9.44000e-08
 Reference value :  9.71000e-08
 Reference value :  1.00006e-07
 Reference value :  1.02700e-07
 Reference value :  1.05450e-07
 Reference value :  1.08285e-07
 Reference value :  1.11185e-07
 Reference value :  1.13906e-07
 Reference value :  1.16650e-07
 Reference value :  1.19530e-07
 Reference value :  1.22270e-07
 Reference value :  1.25050e-07
 Reference value :  1.27730e-07
 Reference value :  1.30602e-07
 Reference value :  1.33350e-07
 Reference value :  1.36085e-07
 Reference value :  1.38806e-07
 Reference value :  1.41470e-07
 Reference value :  1.44285e-07
 Reference value :  1.47185e-07
 Reference value :  1.49930e-07
 Reference value :  1.52650e-07
 Reference value :  1.55314e-07
 Reference value :  1.57985e-07
 Reference value :  1.60806e-07
 Reference value :  1.63570e-07
 Reference value :  1.66506e-07
 Reference value :  1.69350e-07
 Reference value :  1.72014e-07
 Reference value :  1.74702e-07
 Reference value :  1.77550e-07
 Reference value :  1.80502e-07
 Reference value :  1.83485e-07
 Reference value :  1.86300e-07
 Reference value :  1.89170e-07
 Reference value :  1.92106e-07
 Reference value :  1.94914e-07
 Reference value :  1.97770e-07
 Reference value :  2.00606e-07
 Reference value :  2.03350e-07
 Reference value :  2.06070e-07
 Reference value :  2.08830e-07
 Reference value :  2.11550e-07
 Reference value :  2.14306e-07
 Reference value :  2.17250e-07
 Reference value :  2.20102e-07
 Reference value :  2.22800e-07
 Reference value :  2.25585e-07
 Reference value :  2.28202e-07
 Reference value :  2.30970e-07
 Reference value :  2.33750e-07
 Reference value :  2.36550e-07
 Reference value :  2.39400e-07
 Reference value :  2.42200e-07
 Reference value :  2.44930e-07
 Reference value :  2.47702e-07
 Reference value :  2.50370e-07
 Reference value :  2.53330e-07
 Reference value :  2.56185e-07
 Reference value :  2.58970e-07
 Reference value :  2.61614e-07
 Reference value :  2.64350e-07
 Reference value :  2.67100e-07
 Reference value :  2.69930e-07
 Reference value :  2.72700e-07
 Reference value :  2.75485e-07
 Reference value :  2.78202e-07
 Reference value :  2.80814e-07
 Reference value :  2.83506e-07
 Reference value :  2.86202e-07
 Reference value :  2.88914e-07
 Reference value :  2.91602e-07
 Reference value :  2.94150e-07
 Reference value :  2.96850e-07
 Reference value :  2.99630e-07
 Reference value :  3.02250e-07
 Reference value :  3.05085e-07
 Reference value :  3.07700e-07
 Reference value :  3.10370e-07
 Reference value :  3.13002e-07
 Reference value :  3.15870e-07
 Reference value :  3.18650e-07
 Reference value :  3.21400e-07
 Reference value :  3.24302e-07
 Reference value :  3.27002e-07
 Reference value :  3.29906e-07
 Reference value :  3.32685e-07
 Reference value :  3.35414e-07
 Reference value :  3.38202e-07
 Reference value :  3.41100e-07
 Reference value :  3.43802e-07
 Reference value :  3.46570e-07
 Reference value :  3.49370e-07
 Reference value :  3.52130e-07
 Reference value :  3.55130e-07
 Reference value :  3.57814e-07
 Reference value :  3.60714e-07
 Reference value :  3.64785e-07
 Reference value :  3.67530e-07
 Reference value :  3.70350e-07
 Reference value :  3.73085e-07
 Reference value :  3.75770e-07
 Reference value :  3.78570e-07
 Reference value :  3.81200e-07
 Reference value :  3.84000e-07
 Reference value :  3.86702e-07
 Reference value :  3.89530e-07
 Reference value :  3.92406e-07
 Reference value :  3.95106e-07
 Reference value :  3.98100e-07
 Reference value :  4.00802e-07
 Reference value :  4.03630e-07
 Reference value :  4.07270e-07
 Reference value :  4.10614e-07
 Reference value :  4.14006e-07
 Reference value :  4.17050e-07
 Reference value :  4.20200e-07
 Reference value :  4.23885e-07
 Reference value :  4.26706e-07
 Reference value :  4.29702e-07
 Reference value :  4.33606e-07
 Reference value :  4.36650e-07
 Reference value :  4.39530e-07
 Reference value :  4.42500e-07
 Reference value :  4.45250e-07
 Reference value :  4.48002e-07
 Reference value :  4.50630e-07
 Reference value :  4.53485e-07
 Reference value :  4.56306e-07
 Reference value :  4.59030e-07
 Reference value :  4.61814e-07
 Reference value :  4.64470e-07
 Reference value :  4.67200e-07
 Reference value :  4.69985e-07
 Reference value :  4.72785e-07
 Reference value :  4.75585e-07
 Reference value :  4.78400e-07
 Reference value :  4.81014e-07
 Reference value :  4.83985e-07
 Reference value :  4.86730e-07
 Reference value :  4.89350e-07
 Reference value :  4.92270e-07
 Reference value :  4.94985e-07
 Reference value :  4.97806e-07
 Reference value :  5.00550e-07
 Reference value :  5.03314e-07
 Reference value :  5.06100e-07
 Reference value :  5.08870e-07
 Reference value :  5.11514e-07
 Reference value :  5.14250e-07
 Reference value :  5.17085e-07
 Reference value :  5.19785e-07
 Reference value :  5.22670e-07
 Reference value :  5.25300e-07
 Reference value :  5.28200e-07
 Reference value :  5.30930e-07
 Reference value :  5.33670e-07
 Reference value :  5.36485e-07
 Reference value :  5.39150e-07
 Reference value :  5.42014e-07
 Reference value :  5.44606e-07
 Reference value :  5.47330e-07
 Reference value :  5.49850e-07
 Reference value :  5.52670e-07
 Reference value :  5.55585e-07
 Reference value :  5.58314e-07
 Reference value :  5.61200e-07
 Reference value :  5.64150e-07
 Reference value :  5.66930e-07
 Reference value :  5.69630e-07
 Reference value :  5.72600e-07
 Reference value :  5.75350e-07
 Reference value :  5.78185e-07
 Reference value :  5.81050e-07
 Reference value :  5.83800e-07
 Reference value :  5.86530e-07
 Reference value :  5.89430e-07
 Reference value :  5.92350e-07
 Reference value :  5.94970e-07
 Reference value :  5.97802e-07
 Reference value :  6.00530e-07
 Reference value :  6.03350e-07
 Reference value :  6.06170e-07
 Reference value :  6.09002e-07
 Reference value :  6.11772e-07
 Reference value :  6.14702e-07
 Reference value :  6.17470e-07
 Reference value :  6.20150e-07
 Reference value :  6.22785e-07
 Reference value :  6.25570e-07
 Reference value :  6.28485e-07
 Reference value :  6.31206e-07
 Reference value :  6.34214e-07
 Reference value :  6.37070e-07
 Reference value :  6.39902e-07
 Reference value :  6.42770e-07
 Reference value :  6.45406e-07
 Reference value :  6.48270e-07
 Reference value :  6.51130e-07
 Reference value :  6.54030e-07
 Reference value :  6.56785e-07
 Reference value :  6.59485e-07
 Reference value :  6.62230e-07
 Reference value :  6.65100e-07
 Reference value :  6.67970e-07
 Reference value :  6.70785e-07
 Reference value :  6.73602e-07
 Reference value :  6.76314e-07
 Reference value :  6.79250e-07
 Reference value :  6.82014e-07
 Reference value :  6.84930e-07
 Reference value :  6.87670e-07
 Reference value :  6.90502e-07
 Reference value :  6.93200e-07
 Reference value :  6.96006e-07
 Reference value :  6.98734e-07
 Reference value :  7.01570e-07
 Reference value :  7.04485e-07
 Reference value :  7.07202e-07
 Reference value :  7.10006e-07
 Reference value :  7.12750e-07
 Reference value :  7.15650e-07
 Reference value :  7.18270e-07
 Reference value :  7.21170e-07
 Reference value :  7.23950e-07
 Reference value :  7.26714e-07
 Reference value :  7.29650e-07
 Reference value :  7.32750e-07
 Reference value :  7.35585e-07
 Reference value :  7.38185e-07
 Reference value :  7.41006e-07
 Reference value :  7.43785e-07
 Reference value :  7.46630e-07
 Reference value :  7.49306e-07
 Reference value :  7.52130e-07
 Reference value :  7.54851e-07
 Reference value :  7.57806e-07
 Reference value :  7.60700e-07
 Reference value :  7.63400e-07
 Reference value :  7.66230e-07
 Reference value :  7.69050e-07
 Reference value :  7.71806e-07
 Reference value :  7.74500e-07
 Reference value :  7.77400e-07
 Reference value :  7.80085e-07
 Reference value :  7.82830e-07
 Reference value :  7.85750e-07
 Reference value :  7.88630e-07
 Reference value :  7.91530e-07
 Reference value :  7.94502e-07
 Reference value :  7.98014e-07
 Reference value :  8.01550e-07
 Reference value :  8.04714e-07
 Reference value :  8.08100e-07
 Reference value :  8.10888e-07
 Reference value :  8.13700e-07
 Reference value :  8.16485e-07
 Reference value :  8.19130e-07
 Reference value :  8.21814e-07
 Reference value :  8.24730e-07
 Reference value :  8.27814e-07
 Reference value :  8.30850e-07
 Reference value :  8.33800e-07
 Reference value :  8.36714e-07
 Reference value :  8.39600e-07
 Reference value :  8.42514e-07
 Reference value :  8.45470e-07
 Reference value :  8.48476e-07
 Reference value :  8.51400e-07
 Reference value :  8.54106e-07
 Reference value :  8.56885e-07
 Reference value :  8.59585e-07
 Reference value :  8.62170e-07
 Reference value :  8.65050e-07
 Reference value :  8.67770e-07
 Reference value :  8.70650e-07
 Reference value :  8.74585e-07
 Reference value :  8.79200e-07
 Reference value :  8.82270e-07
 Reference value :  8.85100e-07
 Reference value :  8.88050e-07
 Reference value :  8.90850e-07
 Reference value :  8.93550e-07
 Reference value :  8.96370e-07
 Reference value :  8.98970e-07
 Reference value :  9.01930e-07
 Reference value :  9.04706e-07
 Reference value :  9.07606e-07
 Reference value :  9.10500e-07
 Reference value :  9.13430e-07
 Reference value :  9.16585e-07
 Reference value :  9.19314e-07
 Reference value :  9.22306e-07
 Reference value :  9.24950e-07
 Reference value :  9.27730e-07
 Reference value :  9.30570e-07
 Reference value :  9.33330e-07
 Reference value :  9.36014e-07
 Reference value :  9.38900e-07
 Reference value :  9.41650e-07
 Reference value :  9.44214e-07
 Reference value :  9.47030e-07
 Reference value :  9.49770e-07
 Reference value :  9.52730e-07
 Reference value :  9.55406e-07
 Reference value :  9.58302e-07
 Reference value :  9.61050e-07
 Reference value :  9.63902e-07
 Reference value :  9.66627e-07
 Reference value :  9.69370e-07
 Reference value :  9.72406e-07
 Reference value :  9.75130e-07
 Reference value :  9.77914e-07
 Reference value :  9.80670e-07
 Reference value :  9.83470e-07
 Reference value :  9.86070e-07
 Reference value :  9.88902e-07
 Reference value :  9.91700e-07
 Reference value :  9.94530e-07
 Reference value :  9.97350e-07
 Reference value :  1.00013e-06
 Reference value :  1.00300e-06
 Reference value :  1.00555e-06
 Reference value :  1.00858e-06
 Reference value :  1.01140e-06
 Reference value :  1.01430e-06
 Reference value :  1.01703e-06
 Reference value :  1.01971e-06
 Reference value :  1.02255e-06
 Reference value :  1.02523e-06
 Reference value :  1.02793e-06
 Reference value :  1.03067e-06
 Reference value :  1.03345e-06
 Reference value :  1.03617e-06
 Reference value :  1.03903e-06
 Reference value :  1.04178e-06
 Reference value :  1.04461e-06
 Reference value :  1.04745e-06
 Reference value :  1.05015e-06
 Reference value :  1.05297e-06
 Reference value :  1.05561e-06
 Reference value :  1.05840e-06
 Reference value :  1.06125e-06
 Reference value :  1.06410e-06
 Reference value :  1.06678e-06
 Reference value :  1.06953e-06
 Reference value :  1.07231e-06
 Reference value :  1.07507e-06
 Reference value :  1.07778e-06
 Reference value :  1.08057e-06
 Reference value :  1.08331e-06
 Reference value :  1.08605e-06
 Reference value :  1.08895e-06
 Reference value :  1.09168e-06
 Reference value :  1.09468e-06
 Reference value :  1.09749e-06
 Reference value :  1.10025e-06
 Reference value :  1.10310e-06
 Reference value :  1.10587e-06
 Reference value :  1.10855e-06
 Reference value :  1.11105e-06
 Reference value :  1.11383e-06
 Reference value :  1.11658e-06
 Reference value :  1.11937e-06
 Reference value :  1.12213e-06
 Reference value :  1.12485e-06
 Reference value :  1.12770e-06
 Reference value :  1.13031e-06
 Reference value :  1.13320e-06
 Reference value :  1.13588e-06
 Reference value :  1.13885e-06
 Reference value :  1.14160e-06
 Reference value :  1.14441e-06
 Reference value :  1.14708e-06
 Reference value :  1.14981e-06
 Reference value :  1.15273e-06
 Reference value :  1.15548e-06
 Reference value :  1.15815e-06
 Reference value :  1.16070e-06
 Reference value :  1.16347e-06
 Reference value :  1.16624e-06
 Reference value :  1.16921e-06
 Reference value :  1.17203e-06
 Reference value :  1.17471e-06
 Reference value :  1.17761e-06
 Reference value :  1.18030e-06
 Reference value :  1.18301e-06
 Reference value :  1.18570e-06
 Reference value :  1.18851e-06
 Reference value :  1.19120e-06
 Reference value :  1.19407e-06
 Reference value :  1.19700e-06
 Reference value :  1.19983e-06
 Reference value :  1.20288e-06
 Reference value :  1.20565e-06
 Reference value :  1.20845e-06
 Reference value :  1.21121e-06
 Reference value :  1.21397e-06
 Reference value :  1.21668e-06
 Reference value :  1.21955e-06
 Reference value :  1.22229e-06
 Reference value :  1.22521e-06
 Reference value :  1.22810e-06
 Reference value :  1.23080e-06
 Reference value :  1.23357e-06
 Reference value :  1.23628e-06
 Reference value :  1.23940e-06
 Reference value :  1.24211e-06
 Reference value :  1.24485e-06
 Reference value :  1.24778e-06
 Reference value :  1.25065e-06
 Reference value :  1.25340e-06
 Reference value :  1.25603e-06
 Reference value :  1.25880e-06
 Reference value :  1.26167e-06
 Reference value :  1.26455e-06
 Reference value :  1.26728e-06
 Reference value :  1.27003e-06
 Reference value :  1.27395e-06
 Reference value :  1.27681e-06
 Reference value :  1.27941e-06
 Reference value :  1.28218e-06
 Reference value :  1.28485e-06
 Reference value :  1.28761e-06
 Reference value :  1.29041e-06
 Reference value :  1.29308e-06
 Reference value :  1.29585e-06
 Reference value :  1.29848e-06
 Reference value :  1.30110e-06
 Reference value :  1.30383e-06
 Reference value :  1.30640e-06
 Reference value :  1.30940e-06
 Reference value :  1.31238e-06
 Reference value :  1.31500e-06
 Reference value :  1.31790e-06
 Reference value :  1.32065e-06
 Reference value :  1.32315e-06
 Reference value :  1.32725e-06
 Reference value :  1.33151e-06
 Reference value :  1.33590e-06
 Reference value :  1.34080e-06
 Reference value :  1.34508e-06
 Reference value :  1.34947e-06
 Reference value :  1.35375e-06
 Reference value :  1.35850e-06
 Reference value :  1.36191e-06
 Reference value :  1.36471e-06
 Reference value :  1.36820e-06
 Reference value :  1.37227e-06
 Reference value :  1.37690e-06
 Reference value :  1.38111e-06
 Reference value :  1.38500e-06
 Reference value :  1.38945e-06
 Reference value :  1.39340e-06
 Reference value :  1.39725e-06
 Reference value :  1.40153e-06
 Reference value :  1.40618e-06
 Reference value :  1.41058e-06
 Reference value :  1.41483e-06
 Reference value :  1.41935e-06
 Reference value :  1.42317e-06
 Reference value :  1.42780e-06
 Reference value :  1.43277e-06
 Reference value :  1.43693e-06
 Reference value :  1.44131e-06
 Reference value :  1.44605e-06
 Reference value :  1.45027e-06
 Reference value :  1.45423e-06
 Reference value :  1.45860e-06
 Reference value :  1.46297e-06
 Reference value :  1.46703e-06
 Reference value :  1.47145e-06
 Reference value :  1.47591e-06
 Reference value :  1.48010e-06
 Reference value :  1.48277e-06
 Reference value :  1.48530e-06
 Reference value :  1.48801e-06
 Reference value :  1.49063e-06
 Reference value :  1.49333e-06
 Reference value :  1.49616e-06
 Reference value :  1.49887e-06
 Reference value :  1.50150e-06
 Reference value :  1.50391e-06
 Reference value :  1.50651e-06
 Reference value :  1.50901e-06
 Reference value :  1.51177e-06
 Reference value :  1.51440e-06
 Reference value :  1.51703e-06
 Reference value :  1.51980e-06
 Reference value :  1.52221e-06
 Reference value :  1.52480e-06
 Reference value :  1.52740e-06
 Reference value :  1.52991e-06
 Reference value :  1.53268e-06
 Reference value :  1.53561e-06
 Reference value :  1.53820e-06
 Reference value :  1.54071e-06
 Reference value :  1.54345e-06
 Reference value :  1.54605e-06
 Reference value :  1.54860e-06
 Reference value :  1.55117e-06
 Reference value :  1.55371e-06
 Reference value :  1.55635e-06
 Reference value :  1.55883e-06
 Reference value :  1.56155e-06
 Reference value :  1.56421e-06
 Reference value :  1.56670e-06
 Reference value :  1.56948e-06
 Reference value :  1.57210e-06
 Reference value :  1.57480e-06
 Reference value :  1.57750e-06
 Reference value :  1.58043e-06
 Reference value :  1.58311e-06
 Reference value :  1.58567e-06
 Reference value :  1.58830e-06
 Reference value :  1.59088e-06
 Reference value :  1.59350e-06
 Reference value :  1.59610e-06
 Reference value :  1.59877e-06
 Reference value :  1.60137e-06
 Reference value :  1.60391e-06
 Reference value :  1.60657e-06
 Reference value :  1.60900e-06
 Reference value :  1.61168e-06
 Reference value :  1.61453e-06
 Reference value :  1.61698e-06
 Reference value :  1.61960e-06
 Reference value :  1.62227e-06
 Reference value :  1.62490e-06
 Reference value :  1.62745e-06
 Reference value :  1.63000e-06
 Reference value :  1.63250e-06
 Reference value :  1.63498e-06
 Reference value :  1.63757e-06
 Reference value :  1.64011e-06
 Reference value :  1.64278e-06
 Reference value :  1.64541e-06
 Reference value :  1.64800e-06
 Reference value :  1.65068e-06
 Reference value :  1.65315e-06
 Reference value :  1.65585e-06
 Reference value :  1.65840e-06
 Reference value :  1.66103e-06
 Reference value :  1.66380e-06
 Reference value :  1.66627e-06
 Reference value :  1.66888e-06
 Reference value :  1.67130e-06
 Reference value :  1.67400e-06
 Reference value :  1.67690e-06
 Reference value :  1.67941e-06
 Reference value :  1.68213e-06
 Reference value :  1.68470e-06
 Reference value :  1.68747e-06
 Reference value :  1.68995e-06
 Reference value :  1.69271e-06
 Reference value :  1.69521e-06
 Reference value :  1.69780e-06
 Reference value :  1.70060e-06
 Reference value :  1.70303e-06
 Reference value :  1.70553e-06
 Reference value :  1.70820e-06
 Reference value :  1.71075e-06
 Reference value :  1.71350e-06
 Reference value :  1.71597e-06
 Reference value :  1.71851e-06
 Reference value :  1.72100e-06
 Reference value :  1.72370e-06
 Reference value :  1.72641e-06
 Reference value :  1.72903e-06
 Reference value :  1.73181e-06
 Reference value :  1.73443e-06
 Reference value :  1.73708e-06
 Reference value :  1.73970e-06
 Reference value :  1.74221e-06
 Reference value :  1.74475e-06
 Reference value :  1.74748e-06
 Reference value :  1.75020e-06
 Reference value :  1.75281e-06
 Reference value :  1.75551e-06
 Reference value :  1.75811e-06
 Reference value :  1.76083e-06
 Reference value :  1.76351e-06
 Reference value :  1.76635e-06
 Reference value :  1.76900e-06
 Reference value :  1.77167e-06
 Reference value :  1.77467e-06
 Reference value :  1.77713e-06
 Reference value :  1.77983e-06
 Reference value :  1.78241e-06
 Reference value :  1.78515e-06
 Reference value :  1.78791e-06
 Reference value :  1.79045e-06
 Reference value :  1.79315e-06
 Reference value :  1.79560e-06
 Reference value :  1.79830e-06
 Reference value :  1.80105e-06
 Reference value :  1.80381e-06
 Reference value :  1.80658e-06
 Reference value :  1.80953e-06
 Reference value :  1.81228e-06
 Reference value :  1.81485e-06
 Reference value :  1.81748e-06
 Reference value :  1.82010e-06
 Reference value :  1.82288e-06
 Reference value :  1.82567e-06
 Reference value :  1.82830e-06
 Reference value :  1.83095e-06
 Reference value :  1.83347e-06
 Reference value :  1.83618e-06
 Reference value :  1.83880e-06
 Reference value :  1.84115e-06
 Reference value :  1.84375e-06
 Reference value :  1.84630e-06
 Reference value :  1.84881e-06
 Reference value :  1.85143e-06
 Reference value :  1.85410e-06
 Reference value :  1.85680e-06
 Reference value :  1.85925e-06
 Reference value :  1.86187e-06
 Reference value :  1.86447e-06
 Reference value :  1.86695e-06
 Reference value :  1.86955e-06
 Reference value :  1.87221e-06
 Reference value :  1.87487e-06
 Reference value :  1.87721e-06
 Reference value :  1.87980e-06
 Reference value :  1.88243e-06
 Reference value :  1.88501e-06
 Reference value :  1.88768e-06
 Reference value :  1.89011e-06
 Reference value :  1.89267e-06
 Reference value :  1.89511e-06
 Reference value :  1.89775e-06
 Reference value :  1.90035e-06
 Reference value :  1.90287e-06
 Reference value :  1.90540e-06
 Reference value :  1.90785e-06
 Reference value :  1.91031e-06
 Reference value :  1.91300e-06
 Reference value :  1.91551e-06
 Reference value :  1.91800e-06
 Reference value :  1.92040e-06
 Reference value :  1.92305e-06
 Reference value :  1.92583e-06
 Reference value :  1.92825e-06
 Reference value :  1.93098e-06
 Reference value :  1.93365e-06
 Reference value :  1.93630e-06
 Reference value :  1.93883e-06
 Reference value :  1.94147e-06
 Reference value :  1.94425e-06
 Reference value :  1.94690e-06
 Reference value :  1.94960e-06
 Reference value :  1.95203e-06
 Reference value :  1.95465e-06
 Reference value :  1.95720e-06
 Reference value :  1.95970e-06
 Reference value :  1.96221e-06
 Reference value :  1.96467e-06
 Reference value :  1.96737e-06
 Reference value :  1.96985e-06
 Reference value :  1.97250e-06
 Reference value :  1.97520e-06
 Reference value :  1.97770e-06
 Reference value :  1.98028e-06
 Reference value :  1.98285e-06
 Reference value :  1.98558e-06
 Reference value :  1.98833e-06
 Reference value :  1.99088e-06
 Reference value :  1.99345e-06
 Reference value :  1.99600e-06
 Reference value :  1.99863e-06
 Reference value :  2.00117e-06
 Reference value :  2.00370e-06
 Reference value :  2.00621e-06
 Reference value :  2.00875e-06
 Reference value :  2.01141e-06
 Reference value :  2.01400e-06
 Reference value :  2.01697e-06
 Reference value :  2.01949e-06
 Reference value :  2.02210e-06
 Reference value :  2.02475e-06
 Reference value :  2.02711e-06
 Reference value :  2.02988e-06
 Reference value :  2.03241e-06
 Reference value :  2.03505e-06
 Reference value :  2.03781e-06
 Reference value :  2.04037e-06
 Reference value :  2.04303e-06
 Reference value :  2.04537e-06
 Reference value :  2.04798e-06
 Reference value :  2.05073e-06
 Reference value :  2.05337e-06
 Reference value :  2.05603e-06
 Reference value :  2.05855e-06
 Reference value :  2.06131e-06
 Reference value :  2.06377e-06
 Reference value :  2.06631e-06
 Reference value :  2.06887e-06
 Reference value :  2.07140e-06
 Reference value :  2.07410e-06
 Reference value :  2.07661e-06
 Reference value :  2.07903e-06
 Reference value :  2.08155e-06
 Reference value :  2.08421e-06
 Reference value :  2.08720e-06
 Reference value :  2.08997e-06
 Reference value :  2.09253e-06
 Reference value :  2.09500e-06
 Reference value :  2.09753e-06
 Reference value :  2.10021e-06
 Reference value :  2.10287e-06
 Reference value :  2.10551e-06
 Reference value :  2.10787e-06
 Reference value :  2.11057e-06
 Reference value :  2.11311e-06
 Reference value :  2.11601e-06
 Reference value :  2.11857e-06
 Reference value :  2.12123e-06
 Reference value :  2.12400e-06
 Reference value :  2.12677e-06
 Reference value :  2.12955e-06
 Reference value :  2.13211e-06
 Reference value :  2.13458e-06
 Reference value :  2.13725e-06
 Reference value :  2.13977e-06
 Reference value :  2.14241e-06
 Reference value :  2.14515e-06
 Reference value :  2.14787e-06
 Reference value :  2.15041e-06
 Reference value :  2.15287e-06
 Reference value :  2.15543e-06
 Reference value :  2.15791e-06
 Reference value :  2.16060e-06
 Reference value :  2.16331e-06
 Reference value :  2.16601e-06
 Reference value :  2.16871e-06
 Reference value :  2.17121e-06
 Reference value :  2.17387e-06
 Reference value :  2.17640e-06
 Reference value :  2.17910e-06
 Reference value :  2.18170e-06
 Reference value :  2.18428e-06
 Reference value :  2.18690e-06
 Reference value :  2.18943e-06
 Reference value :  2.19200e-06
 Reference value :  2.19460e-06
 Reference value :  2.19728e-06
 Reference value :  2.20003e-06
 Reference value :  2.20255e-06
 Reference value :  2.20503e-06
 Reference value :  2.20751e-06
 Reference value :  2.21007e-06
 Reference value :  2.21266e-06
 Reference value :  2.21527e-06
 Reference value :  2.21791e-06
 Reference value :  2.22037e-06
 Reference value :  2.22285e-06
 Reference value :  2.22541e-06
 Reference value :  2.22797e-06
 Reference value :  2.23065e-06
 Reference value :  2.23308e-06
 Reference value :  2.23570e-06
 Reference value :  2.23840e-06
 Reference value :  2.24091e-06
 Reference value :  2.24343e-06
 Reference value :  2.24600e-06
 Reference value :  2.24871e-06
 Reference value :  2.25120e-06
 Reference value :  2.25390e-06
 Reference value :  2.25643e-06
 Reference value :  2.25910e-06
 Reference value :  2.26175e-06
 Reference value :  2.26427e-06
 Reference value :  2.26681e-06
 Reference value :  2.26933e-06
 Reference value :  2.27193e-06
 Reference value :  2.27451e-06
 Reference value :  2.27693e-06
 Reference value :  2.27950e-06
 Reference value :  2.28207e-06
 Reference value :  2.28471e-06
 Reference value :  2.28737e-06
 Reference value :  2.29005e-06
 Reference value :  2.29271e-06
 Reference value :  2.29503e-06
 Reference value :  2.29761e-06
 Reference value :  2.30025e-06
 Reference value :  2.30295e-06
 Reference value :  2.30578e-06
 Reference value :  2.30833e-06
 Reference value :  2.31105e-06
 Reference value :  2.31351e-06
 Reference value :  2.31631e-06
 Reference value :  2.31885e-06
 Reference value :  2.32141e-06
 Reference value :  2.32420e-06
 Reference value :  2.32670e-06
 Reference value :  2.32921e-06
 Reference value :  2.33171e-06
 Reference value :  2.33433e-06
 Reference value :  2.33687e-06
 Reference value :  2.33951e-06
 Reference value :  2.34223e-06
 Reference value :  2.34477e-06
 Reference value :  2.34747e-06
 Reference value :  2.35008e-06
 Reference value :  2.35268e-06
 Reference value :  2.35528e-06
 Reference value :  2.35778e-06
 Reference value :  2.36041e-06
 Reference value :  2.36300e-06
 Reference value :  2.36550e-06
 Reference value :  2.36815e-06
 Reference value :  2.37061e-06
 Reference value :  2.37331e-06
 Reference value :  2.37580e-06
 Reference value :  2.37843e-06
 Reference value :  2.38104e-06
 Reference value :  2.38388e-06
 Reference value :  2.38658e-06
 Reference value :  2.38908e-06
 Reference value :  2.39167e-06
 Reference value :  2.39418e-06
 Reference value :  2.39685e-06
 Reference value :  2.39941e-06
 Reference value :  2.40195e-06
 Reference value :  2.40451e-06
 Reference value :  2.40700e-06
 Reference value :  2.40960e-06
 Reference value :  2.41240e-06
 Reference value :  2.41501e-06
 Reference value :  2.41770e-06
 Reference value :  2.42033e-06
 Reference value :  2.42305e-06
 Reference value :  2.42555e-06
 Reference value :  2.42831e-06
 Reference value :  2.43089e-06
 Reference value :  2.43367e-06
 Reference value :  2.43641e-06
 Reference value :  2.43890e-06
 Reference value :  2.44221e-06
 Reference value :  2.44490e-06
 Reference value :  2.44763e-06
 Reference value :  2.45035e-06
 Reference value :  2.45310e-06
 Reference value :  2.45564e-06
 Reference value :  2.45845e-06
 Reference value :  2.46133e-06
 Reference value :  2.46390e-06
 Reference value :  2.46650e-06
 Reference value :  2.46908e-06
 Reference value :  2.47168e-06
 Reference value :  2.47431e-06
 Reference value :  2.47680e-06
 Reference value :  2.47961e-06
 Reference value :  2.48223e-06
 Reference value :  2.48507e-06
 Reference value :  2.48760e-06
 Reference value :  2.49025e-06
 Reference value :  2.49285e-06
 Reference value :  2.49587e-06
 Reference value :  2.49880e-06
 Reference value :  2.50138e-06
 Reference value :  2.50395e-06
 Reference value :  2.50673e-06
 Reference value :  2.50947e-06
 Reference value :  2.51195e-06
 Reference value :  2.51457e-06
 Reference value :  2.51727e-06
 Reference value :  2.51988e-06
 Reference value :  2.52255e-06
 Reference value :  2.52498e-06
 Reference value :  2.52745e-06
 Reference value :  2.53003e-06
 Reference value :  2.53261e-06
 Reference value :  2.53531e-06
 Reference value :  2.53778e-06
 Reference value :  2.54050e-06
 Reference value :  2.54300e-06
 Reference value :  2.54560e-06
 Reference value :  2.54840e-06
 Reference value :  2.55158e-06
 Reference value :  2.55448e-06
 Reference value :  2.55771e-06
 Reference value :  2.56033e-06
 Reference value :  2.56287e-06
 Reference value :  2.56540e-06
 Reference value :  2.56791e-06
 Reference value :  2.57051e-06
 Reference value :  2.57315e-06
 Reference value :  2.57557e-06
 Reference value :  2.57810e-06
 Reference value :  2.58060e-06
 Reference value :  2.58325e-06
 Reference value :  2.58585e-06
 Reference value :  2.58850e-06
 Reference value :  2.59107e-06
 Reference value :  2.59371e-06
 Reference value :  2.59640e-06
 Reference value :  2.59909e-06
 Reference value :  2.60157e-06
 Reference value :  2.60403e-06
 Reference value :  2.60727e-06
 Reference value :  2.60987e-06
 Reference value :  2.61255e-06
 Reference value :  2.61520e-06
 Reference value :  2.61761e-06
 Reference value :  2.62010e-06
 Reference value :  2.62278e-06
 Reference value :  2.62525e-06
 Reference value :  2.62805e-06
 Reference value :  2.63060e-06
 Reference value :  2.63323e-06
 Reference value :  2.63591e-06
 Reference value :  2.63841e-06
 Reference value :  2.64105e-06
 Reference value :  2.64358e-06
 Reference value :  2.64620e-06
 Reference value :  2.64874e-06
 Reference value :  2.65137e-06
 Reference value :  2.65400e-06
 Reference value :  2.65651e-06
 Reference value :  2.65911e-06
 Reference value :  2.66167e-06
 Reference value :  2.66438e-06
 Reference value :  2.66697e-06
 Reference value :  2.66940e-06
 Reference value :  2.67243e-06
 Reference value :  2.67503e-06
 Reference value :  2.67773e-06
 Reference value :  2.68058e-06
 Reference value :  2.68331e-06
 Reference value :  2.68600e-06
 Reference value :  2.68848e-06
 Reference value :  2.69110e-06
 Reference value :  2.69363e-06
 Reference value :  2.69623e-06
 Reference value :  2.69885e-06
 Reference value :  2.70145e-06
 Reference value :  2.70403e-06
 Reference value :  2.70650e-06
 Reference value :  2.70930e-06
 Reference value :  2.71180e-06
 Reference value :  2.71440e-06
 Reference value :  2.71697e-06
 Reference value :  2.71957e-06
 Reference value :  2.72221e-06
 Reference value :  2.72475e-06
 Reference value :  2.72720e-06
 Reference value :  2.72971e-06
 Reference value :  2.73221e-06
 Reference value :  2.73487e-06
 Reference value :  2.73747e-06
 Reference value :  2.74003e-06
 Reference value :  2.74261e-06
 Reference value :  2.74530e-06
 Reference value :  2.74800e-06
 Reference value :  2.75053e-06
 Reference value :  2.75341e-06
 Reference value :  2.75593e-06
 Reference value :  2.75861e-06
 Reference value :  2.76110e-06
 Reference value :  2.76370e-06
 Reference value :  2.76630e-06
 Reference value :  2.76898e-06
 Reference value :  2.77181e-06
 Reference value :  2.77448e-06
 Reference value :  2.77708e-06
 Reference value :  2.77954e-06
 Reference value :  2.78200e-06
 Reference value :  2.78477e-06
 Reference value :  2.78733e-06
 Reference value :  2.79018e-06
 Reference value :  2.79267e-06
 Reference value :  2.79535e-06
 Reference value :  2.79803e-06
 Reference value :  2.80068e-06
 Reference value :  2.80320e-06
 Reference value :  2.80567e-06
 Reference value :  2.80843e-06
 Reference value :  2.81100e-06
 Reference value :  2.81383e-06
 Reference value :  2.81637e-06
 Reference value :  2.81885e-06
 Reference value :  2.82151e-06
 Reference value :  2.82410e-06
 Reference value :  2.82660e-06
 Reference value :  2.82935e-06
 Reference value :  2.83193e-06
 Reference value :  2.83455e-06
 Reference value :  2.83707e-06
 Reference value :  2.83983e-06
 Reference value :  2.84258e-06
 Reference value :  2.84550e-06
 Reference value :  2.84826e-06
 Reference value :  2.85097e-06
 Reference value :  2.85365e-06
 Reference value :  2.85627e-06
 Reference value :  2.85905e-06
 Reference value :  2.86177e-06
 Reference value :  2.86457e-06
 Reference value :  2.86720e-06
 Reference value :  2.87001e-06
 Reference value :  2.87281e-06
 Reference value :  2.87530e-06
 Reference value :  2.87815e-06
 Reference value :  2.88091e-06
 Reference value :  2.88388e-06
 Reference value :  2.88658e-06
 Reference value :  2.88930e-06
 Reference value :  2.89201e-06
 Reference value :  2.89481e-06
 Reference value :  2.89770e-06
 Reference value :  2.90043e-06
 Reference value :  2.90335e-06
 Reference value :  2.90611e-06
 Reference value :  2.90893e-06
 Reference value :  2.91163e-06
 Reference value :  2.91467e-06
 Reference value :  2.91740e-06
 Reference value :  2.92021e-06
 Reference value :  2.92298e-06
 Reference value :  2.92570e-06
 Reference value :  2.92850e-06
 Reference value :  2.93130e-06
 Reference value :  2.93413e-06
 Reference value :  2.93690e-06
 Reference value :  2.93970e-06
 Reference value :  2.94240e-06
 Reference value :  2.94533e-06
 Reference value :  2.94811e-06
 Reference value :  2.95100e-06
 Reference value :  2.95380e-06
 Reference value :  2.95655e-06
 Reference value :  2.95950e-06
 Reference value :  2.96210e-06
 Reference value :  2.96490e-06
 Reference value :  2.96768e-06
 Reference value :  2.97048e-06
 Reference value :  2.97323e-06
 Reference value :  2.97607e-06
 Reference value :  2.97880e-06
 Reference value :  2.98148e-06
 Reference value :  2.98430e-06
 Reference value :  2.98723e-06
 Reference value :  2.99001e-06
 Reference value :  2.99268e-06
 Reference value :  2.99560e-06
 Reference value :  2.99828e-06
 Reference value :  3.00115e-06
 Reference value :  3.00400e-06
 Reference value :  3.00690e-06
 Reference value :  3.00977e-06
 Reference value :  3.01260e-06
 Reference value :  3.01540e-06
 Reference value :  3.01808e-06
 Reference value :  3.02090e-06
 Reference value :  3.02361e-06
 Reference value :  3.02648e-06
 Reference value :  3.02917e-06
 Reference value :  3.03193e-06
 Reference value :  3.03487e-06
 Reference value :  3.03761e-06
 Reference value :  3.04033e-06
 Reference value :  3.04290e-06
 Reference value :  3.04580e-06
 Reference value :  3.04850e-06
 Reference value :  3.05125e-06
 Reference value :  3.05388e-06
 Reference value :  3.05670e-06
 Reference value :  3.05960e-06
 Reference value :  3.06220e-06
 Reference value :  3.06491e-06
 Reference value :  3.06755e-06
 Reference value :  3.07027e-06
 Reference value :  3.07305e-06
 Reference value :  3.07590e-06
 Reference value :  3.07870e-06
 Reference value :  3.08145e-06
 Reference value :  3.08427e-06
 Reference value :  3.08720e-06
 Reference value :  3.08997e-06
 Reference value :  3.09277e-06
 Reference value :  3.09567e-06
 Reference value :  3.09840e-06
 Reference value :  3.10127e-06
 Reference value :  3.10391e-06
 Reference value :  3.10681e-06
 Reference value :  3.10968e-06
 Reference value :  3.11248e-06
 Reference value :  3.11541e-06
 Reference value :  3.11811e-06
 Reference value :  3.12100e-06
 Reference value :  3.12368e-06
 Reference value :  3.12641e-06
 Reference value :  3.12907e-06
 Reference value :  3.13217e-06
 Reference value :  3.13486e-06
 Reference value :  3.13757e-06
 Reference value :  3.14035e-06
 Reference value :  3.14305e-06
 Reference value :  3.14597e-06
 Reference value :  3.14873e-06
 Reference value :  3.15158e-06
 Reference value :  3.15437e-06
 Reference value :  3.15717e-06
 Reference value :  3.16010e-06
 Reference value :  3.16278e-06
 Reference value :  3.16570e-06
 Reference value :  3.16850e-06
 Reference value :  3.17121e-06
 Reference value :  3.17388e-06
 Reference value :  3.17651e-06
 Reference value :  3.17911e-06
 Reference value :  3.18195e-06
 Reference value :  3.18470e-06
 Reference value :  3.18748e-06
 Reference value :  3.19035e-06
 Reference value :  3.19300e-06
 Reference value :  3.19585e-06
 Reference value :  3.19853e-06
 Reference value :  3.20137e-06
 Reference value :  3.20415e-06
 Reference value :  3.20705e-06
 Reference value :  3.20975e-06
 Reference value :  3.21245e-06
 Reference value :  3.21521e-06
 Reference value :  3.21801e-06
 Reference value :  3.22098e-06
 Reference value :  3.22378e-06
 Reference value :  3.22687e-06
 Reference value :  3.22980e-06
 Reference value :  3.23295e-06
 Reference value :  3.23593e-06
 Reference value :  3.23911e-06
 Reference value :  3.24201e-06
 Reference value :  3.24491e-06
 Reference value :  3.24760e-06
 Reference value :  3.25040e-06
 Reference value :  3.25307e-06
 Reference value :  3.25590e-06
 Reference value :  3.25875e-06
 Reference value :  3.26143e-06
 Reference value :  3.26438e-06
 Reference value :  3.26730e-06
 Reference value :  3.27011e-06
 Reference value :  3.27290e-06
 Reference value :  3.27578e-06
 Reference value :  3.27868e-06
 Reference value :  3.28177e-06
 Reference value :  3.28471e-06
 Reference value :  3.28790e-06
 Reference value :  3.29078e-06
 Reference value :  3.29368e-06
 Reference value :  3.29670e-06
 Reference value :  3.29950e-06
 Reference value :  3.30220e-06
 Reference value :  3.30511e-06
 Reference value :  3.30787e-06
 Reference value :  3.31061e-06
 Reference value :  3.31358e-06
 Reference value :  3.31620e-06
 Reference value :  3.31905e-06
 Reference value :  3.32181e-06
 Reference value :  3.32475e-06
 Reference value :  3.32751e-06
 Reference value :  3.33025e-06
 Reference value :  3.33320e-06
 Reference value :  3.33591e-06
 Reference value :  3.33878e-06
 Reference value :  3.34150e-06
 Reference value :  3.34435e-06
 Reference value :  3.34720e-06
 Reference value :  3.35000e-06
 Reference value :  3.35290e-06
 Reference value :  3.35570e-06
 Reference value :  3.35851e-06
 Reference value :  3.36130e-06
 Reference value :  3.36410e-06
 Reference value :  3.36685e-06
 Reference value :  3.36975e-06
 Reference value :  3.37238e-06
 Reference value :  3.37513e-06
 Reference value :  3.37785e-06
 Reference value :  3.38061e-06
 Reference value :  3.38333e-06
 Reference value :  3.38607e-06
 Reference value :  3.38890e-06
 Reference value :  3.39160e-06
 Reference value :  3.39451e-06
 Reference value :  3.39718e-06
 Reference value :  3.39998e-06
 Reference value :  3.40275e-06
 Reference value :  3.40558e-06
 Reference value :  3.40845e-06
 Reference value :  3.41111e-06
 Reference value :  3.41383e-06
 Reference value :  3.41660e-06
 Reference value :  3.41951e-06
 Reference value :  3.42221e-06
 Reference value :  3.42490e-06
 Reference value :  3.42755e-06
 Reference value :  3.43027e-06
 Reference value :  3.43315e-06
 Reference value :  3.43583e-06
 Reference value :  3.43875e-06
 Reference value :  3.44163e-06
 Reference value :  3.44447e-06
 Reference value :  3.44720e-06
 Reference value :  3.45005e-06
 Reference value :  3.45277e-06
 Reference value :  3.45568e-06
 Reference value :  3.45851e-06
 Reference value :  3.46117e-06
 Reference value :  3.46390e-06
 Reference value :  3.46661e-06
 Reference value :  3.46941e-06
 Reference value :  3.47221e-06
 Reference value :  3.47503e-06
 Reference value :  3.47781e-06
 Reference value :  3.48055e-06
 Reference value :  3.48345e-06
 Reference value :  3.48615e-06
 Reference value :  3.48908e-06
 Reference value :  3.49190e-06
 Reference value :  3.49468e-06
 Reference value :  3.49725e-06
 Reference value :  3.49990e-06
 Reference value :  3.50251e-06
 Reference value :  3.50535e-06
 Reference value :  3.50811e-06
 Reference value :  3.51087e-06
 Reference value :  3.51378e-06
 Reference value :  3.51647e-06
 Reference value :  3.51951e-06
 Reference value :  3.52225e-06
 Reference value :  3.52508e-06
 Reference value :  3.52820e-06
 Reference value :  3.53108e-06
 Reference value :  3.53388e-06
 Reference value :  3.53661e-06
 Reference value :  3.53938e-06
 Reference value :  3.54213e-06
 Reference value :  3.54501e-06
 Reference value :  3.54771e-06
 Reference value :  3.55045e-06
 Reference value :  3.55325e-06
 Reference value :  3.55621e-06
 Reference value :  3.55895e-06
 Reference value :  3.56200e-06
 Reference value :  3.56487e-06
 Reference value :  3.56763e-06
 Reference value :  3.57063e-06
 Reference value :  3.57347e-06
 Reference value :  3.57640e-06
 Reference value :  3.57910e-06
 Reference value :  3.58190e-06
 Reference value :  3.58465e-06
 Reference value :  3.58773e-06
 Reference value :  3.59051e-06
 Reference value :  3.59351e-06
 Reference value :  3.59621e-06
 Reference value :  3.59921e-06
No. of Data Rows : 292143
t1a                 =  5.68864e-07
t1b                 =  2.84827e-06
t2a                 =  5.27135e-07
t2b                 =  2.63926e-06
vxhi                =  3.43482e+00 at=  3.22821e-06
vxlo                =  -7.08576e-02 at=  6.11670e-07
bk                  =  3.29877e+00
bk                  =  3.29874e+00
bk                  =  -7.61802e-04
bk                  =  3.29885e+00
bk                  =  3.29874e+00
bk                  =  -7.73939e-04
bk                  =  3.29920e+00
bk                  =  -7.62920e-04
bk                  =  -5.68264e-04
bk                  =  3.29921e+00
bk                  =  -7.53680e-04
bk                  =  -7.61259e-04
bk                  =  3.29874e+00
bk                  =  3.29874e+00
bk                  =  3.29917e+00
bk                  =  3.29911e+00
bk                  =  -7.45445e-04
bk                  =  -5.71440e-04
bk                  =  3.29894e+00
bk                  =  -5.73851e-04
bk                  =  -5.63457e-04
bk                  =  3.29874e+00
bk                  =  -7.62321e-04
bk                  =  3.29879e+00
bk                  =  3.29874e+00
bk                  =  -7.44155e-04
bk                  =  3.29920e+00
bk                  =  -7.52128e-04
bk                  =  -5.60759e-04
bk                  =  -5.65896e-04
bk                  =  -7.50266e-04
bk                  =  -7.47639e-04
bk                  =  3.29875e+00
bk                  =  -7.55061e-04
bk                  =  3.29874e+00
bk                  =  3.29875e+00
bk                  =  3.29874e+00
bk                  =  -6.79166e-04
bk                  =  3.29913e+00
bk                  =  -7.57342e-04
bk                  =  -5.65320e-04
bk                  =  -5.62411e-04
bk                  =  -7.61791e-04
bk                  =  -5.64743e-04
bk                  =  3.29874e+00
bk                  =  -7.53679e-04
bk                  =  3.29917e+00
bk                  =  3.29879e+00
bk                  =  -7.47302e-04
bk                  =  3.29921e+00
bk                  =  3.29880e+00
bk                  =  -5.68125e-04
bk                  =  3.29921e+00
bk                  =  3.29874e+00
bk                  =  -7.56410e-04
bk                  =  3.29900e+00
bk                  =  3.29874e+00
bk                  =  3.29882e+00
bk                  =  3.29921e+00
bk                  =  -7.58047e-04
bk                  =  -5.64555e-04
bk                  =  3.29921e+00
bk                  =  -7.55850e-04
bk                  =  -7.58969e-04
bk                  =  3.29874e+00
bk                  =  -7.53771e-04
bk                  =  3.29874e+00
bk                  =  3.29874e+00
bk                  =  3.29874e+00
bk                  =  3.29911e+00
bk                  =  3.29882e+00
bk                  =  -7.37397e-04
bk                  =  -5.71508e-04
bk                  =  -5.65971e-04
bk                  =  -7.58630e-04
bk                  =  -7.33655e-04
bk                  =  3.29874e+00
bk                  =  -7.61720e-04
bk                  =  3.29880e+00
bk                  =  3.29874e+00
bk                  =  -7.41357e-04
bk                  =  3.29920e+00
bk                  =  -7.58155e-04
bk                  =  -5.69012e-04
bk                  =  3.29921e+00
bk                  =  -7.53690e-04
bk                  =  -5.65138e-04
bk                  =  3.29877e+00
bk                  =  3.29874e+00
bk                  =  3.29891e+00
bk                  =  3.29897e+00
bk                  =  -7.48787e-04
bk                  =  3.29921e+00
bk                  =  3.29922e+00
bk                  =  -6.34906e-04
bk                  =  -5.59267e-04
bk                  =  3.29874e+00
bk                  =  -7.63064e-04
bk                  =  3.29875e+00
bk                  =  3.29874e+00
bk                  =  -7.54063e-04
bk                  =  3.29918e+00
bk                  =  3.29875e+00
bk                  =  -5.72591e-04
bk                  =  -5.67266e-04
bk                  =  -5.77026e-04
bk                  =  -7.45598e-04
bk                  =  -7.64627e-04
bk                  =  -7.55367e-04
bk                  =  3.29874e+00
bk                  =  3.29875e+00
bk                  =  3.29874e+00
bk                  =  -7.61422e-04
bk                  =  3.29903e+00
bk                  =  -7.58443e-04
bk                  =  -5.65804e-04
bk                  =  -5.61686e-04
bk                  =  -7.61752e-04
bk                  =  -5.67853e-04
bk                  =  3.29875e+00
bk                  =  -7.53685e-04
bk                  =  3.29914e+00
bk                  =  3.29878e+00
bk                  =  -7.55272e-04
bk                  =  3.29921e+00
bk                  =  3.29921e+00
bk                  =  -5.97865e-04
bk                  =  -5.71310e-04
bk                  =  -7.55754e-04
bk                  =  -7.42121e-04
bk                  =  3.29890e+00
bk                  =  3.29874e+00
bk                  =  -7.50642e-04
bk                  =  3.29921e+00
bk                  =  -7.57956e-04
bk                  =  -5.67995e-04
bk                  =  3.29921e+00
bk                  =  -7.80001e-04
bk                  =  -6.56844e-04
bk                  =  3.29876e+00
bk                  =  -7.53819e-04
bk                  =  3.29874e+00
bk                  =  3.29875e+00
bk                  =  3.29874e+00
bk                  =  3.29887e+00
bk                  =  3.29879e+00
bk                  =  -7.46617e-04
bk                  =  -5.71827e-04
bk                  =  -5.75948e-04
bk                  =  -7.58947e-04
bk                  =  -5.58205e-04
bk                  =  -7.50042e-04
bk                  =  -7.61737e-04
bk                  =  3.29878e+00
bk                  =  3.29874e+00
bk                  =  -7.51457e-04
bk                  =  3.29918e+00
bk                  =  3.29883e+00
bk                  =  -5.80080e-04
bk                  =  3.29921e+00
bk                  =  -7.53812e-04
bk                  =  -5.50922e-04
bk                  =  3.29928e+00
bk                  =  3.29874e+00
bk                  =  3.29878e+00
bk                  =  3.29885e+00
bk                  =  -7.48712e-04
bk                  =  3.29921e+00
bk                  =  3.29921e+00
bk                  =  -7.62337e-04
bk                  =  -5.61769e-04
bk                  =  3.29875e+00
bk                  =  -7.63612e-04
bk                  =  3.29876e+00
bk                  =  3.29874e+00
bk                  =  -7.53724e-04
bk                  =  3.29902e+00
bk                  =  3.29874e+00
bk                  =  -6.36023e-04
bk                  =  -5.67494e-04
bk                  =  -6.75257e-04
bk                  =  -7.52561e-04
bk                  =  -5.90003e-04
bk                  =  -7.56565e-04
bk                  =  -7.57868e-04
bk                  =  3.29875e+00
bk                  =  3.29874e+00
bk                  =  -7.54294e-04
bk                  =  3.29890e+00
bk                  =  3.29876e+00
bk                  =  -5.69690e-04
bk                  =  3.29920e+00
bk                  =  -7.61824e-04
bk                  =  -5.69624e-04
bk                  =  3.29903e+00
bk                  =  -7.53706e-04
bk                  =  3.29901e+00
bk                  =  3.29874e+00
bk                  =  -7.55190e-04
bk                  =  3.29921e+00
bk                  =  3.29917e+00
bk                  =  -7.42344e-04
bk                  =  -5.71326e-04
bk                  =  -7.55926e-04
bk                  =  -7.69229e-04
bk                  =  3.29912e+00
bk                  =  3.29874e+00
bk                  =  -7.62234e-04
bk                  =  3.29920e+00
bk                  =  3.29874e+00
bk                  =  -5.90282e-04
bk                  =  3.29921e+00
bk                  =  -7.46927e-04
bk                  =  -5.66408e-04
bk                  =  3.29888e+00
bk                  =  -7.53893e-04
bk                  =  -7.49641e-04
bk                  =  3.29875e+00
bk                  =  3.29874e+00
bk                  =  3.29878e+00
bk                  =  3.29876e+00
bk                  =  -7.45851e-04
bk                  =  -5.73348e-04
bk                  =  -5.82548e-04
bk                  =  -7.57242e-04
bk                  =  -5.64562e-04
bk                  =  -7.40142e-04
bk                  =  -7.61789e-04
bk                  =  3.29879e+00
bk                  =  3.29874e+00
bk                  =  -7.53776e-04
bk                  =  3.29915e+00
bk                  =  3.29884e+00
bk                  =  -6.53625e-04
bk                  =  3.29921e+00
bk                  =  -7.55207e-04
bk                  =  -5.62777e-04
bk                  =  3.29921e+00
bk                  =  3.29874e+00
bk                  =  -7.60207e-04
bk                  =  3.29879e+00
bk                  =  3.29874e+00
bk                  =  3.29919e+00
bk                  =  3.29920e+00
bk                  =  -7.46956e-04
bk                  =  -5.63406e-04
bk                  =  3.29878e+00
bk                  =  -7.54116e-04
bk                  =  3.29879e+00
bk                  =  3.29874e+00
bk                  =  -7.53778e-04
bk                  =  3.29881e+00
bk                  =  3.29874e+00
bk                  =  -7.69321e-04
bk                  =  -5.68030e-04
bk                  =  -7.76801e-04
m_period_r1 = 2.8492592500e-09
m_period_r2 = 2.6401613750e-09
m_f_r1 = 3.5096841398e+08
m_f_r2 = 3.7876472608e+08
m_ring1_periods_per_sample = 4.3730664383e+00
m_ring2_periods_per_sample = 4.7194084869e+00
m_tclk_s = 1.2460000000e-08
m_n_samples = 2.5600000000e+02
m_ones_frac = 4.8828125000e-01
m_bit_mean = -2.343750000e-02
m_ones_frac_first128 = 4.9218750000e-01
m_ones_frac_last128 = 4.8437500000e-01
m_worst_rail_dev_v = 1.2600000168e-03
m_xo_swing_v = 3.5056816000e+00
m_r_1 = -2.745098039e-02
m_r_2 = -5.511811024e-02
m_r_3 = 3.2015810277e-01
m_r_4 = -3.650793651e-01
m_r_6 = 8.8000000000e-02
m_r_8 = 5.6451612903e-02
m_r_12 = 3.0327868852e-01
m_r_16 = -6.250000000e-01
m_bit_code_00 = 6.2043000000e+04
m_bit_code_01 = 1.4440000000e+03
m_bit_code_02 = 5.3341000000e+04
m_bit_code_03 = 1.0166000000e+04
m_bit_code_04 = 5.3373000000e+04
m_bit_code_05 = 1.4226000000e+04
m_bit_code_06 = 5.7453000000e+04
m_bit_code_07 = 1.3954000000e+04
m_bit_code_08 = 5.9692000000e+04
m_bit_code_09 = 4.6595000000e+04
m_bit_code_10 = 2.7068000000e+04
m_bit_code_11 = 4.6595000000e+04
m_bit_code_12 = 2.5012000000e+04
m_bit_code_13 = 7.7550000000e+03
m_bit_code_14 = 2.6032000000e+04
m_bit_code_15 = 6.9910000000e+03
Note: Simulation executed from .control section 

Warning: m=xx on .subckt line will override multiplier m hierarchy!

