
Note: Compatibility modes selected: hs a


Circuit: * sampler-bit-bias-static-generic @ tt_27c_3.30v -- generated by sim/harness, do not edit

Doing analysis at TEMP = 27.000000 and TNOM = 27.000000

Using SPARSE 1.3 as Direct Linear Solver

Initial Transient Solution
--------------------------

Node                                   Voltage
----                                   -------
vsup                                       3.3
en                                         3.3
vddr1                                      3.3
vddr2                                      3.3
vdd                                        3.3
xg1.py                                 1.58325
n11                                          0
g10                                1.24708e-07
xg1.nm                            7.45296e-206
xg1.ny                            6.95739e-206
x11.py                                     3.3
n12                                        3.3
g11                                          0
x11.ny                             2.35462e-08
x12.py                                     3.3
n13                                1.24708e-07
g12                                        3.3
x12.ny                             1.06256e-07
x13.py                                     3.3
n14                                        3.3
g13                                1.24708e-07
x13.ny                             2.35463e-08
x14.py                                     3.3
rn1                                1.24708e-07
g14                                        3.3
x14.ny                             1.06256e-07
xg2.py                                 1.59988
n21                                          0
g20                                1.17147e-07
xg2.nm                            1.54244e-206
xg2.ny                            1.43249e-206
x21.py                                     3.3
n22                                        3.3
g21                                          0
x21.ny                             2.18706e-08
x22.py                                     3.3
n23                                1.17147e-07
g22                                        3.3
x22.ny                              9.8695e-08
x23.py                                     3.3
n24                                        3.3
g23                                1.17147e-07
x23.ny                             2.18707e-08
x24.py                                     3.3
rn2                                1.17147e-07
g24                                        3.3
x24.ny                              9.8695e-08
ro1                                        3.3
ro2                                        3.3
xa1.an                             1.84515e-08
xa1.bn                             1.84515e-08
xa1.mid                               0.783853
xo                                 1.79153e-07
xa1.s1                             8.95767e-08
xa1.s2                             3.77439e-08
xsb.clkb                                   3.3
clk                                          0
xsb.m                              2.15825e-07
xsb.mb                                     3.3
rst_n                                      3.3
xsb.mmid                           1.58497e-09
xsb.mc                             3.68602e-08
xsb.s                                      3.3
raw_bit                            1.84515e-08
xsb.qb                                     3.3
xsb.s2mid                          1.58496e-09
xsr1.clkb                          1.84515e-08
clkm                                       3.3
xsr1.m                             1.18322e-07
xsr1.mb                                    3.3
xsr1.mmid                          1.58497e-09
xsr1.mc                            7.75181e-08
xsr1.s                                     3.3
ring_bit1                          1.84515e-08
xsr1.qb                                    3.3
xsr1.s2mid                         1.58496e-09
xsr2.clkb                          1.84515e-08
xsr2.m                             1.18322e-07
xsr2.mb                                    3.3
xsr2.mmid                          1.58497e-09
xsr2.mc                            7.75181e-08
xsr2.s                                     3.3
ring_bit2                          1.84515e-08
xsr2.qb                                    3.3
xsr2.s2mid                         1.58496e-09
x1                                       -1.65
x2                                       -1.65
xc                                       -1.65
vth                                       1.65
tclkv                                1.246e-08
btclk#branch                                 0
bvth#branch                                  0
bxc#branch                                   0
bx2#branch                                   0
bx1#branch                                   0
vrst#branch                                  0
vclkm#branch                                 0
vclk#branch                                  0
vn24#branch                                  0
vn23#branch                                  0
vn22#branch                                  0
vn21#branch                                  0
vn20#branch                       -2.92076e-24
vn14#branch                                  0
vn13#branch                                  0
vn12#branch                                  0
vn11#branch                                  0
vn10#branch                       -5.01638e-29
vtr#branch                         1.65807e-10
vr2#branch                         9.82234e-06
vr1#branch                          9.2686e-06
ven#branch                                   0
vsup#branch                       -1.90911e-05

 Reference value :  0.00000e+00
 Reference value :  3.00000e-09
 Reference value :  5.73000e-09
 Reference value :  8.50200e-09
 Reference value :  1.13060e-08
 Reference value :  1.40700e-08
 Reference value :  1.70850e-08
 Reference value :  1.98500e-08
 Reference value :  2.28000e-08
 Reference value :  2.57850e-08
 Reference value :  2.85060e-08
 Reference value :  3.13020e-08
 Reference value :  3.40300e-08
 Reference value :  3.69700e-08
 Reference value :  3.98700e-08
 Reference value :  4.26000e-08
 Reference value :  4.56000e-08
 Reference value :  4.84020e-08
 Reference value :  5.11500e-08
 Reference value :  5.40020e-08
 Reference value :  5.67060e-08
 Reference value :  5.95700e-08
 Reference value :  6.22140e-08
 Reference value :  6.50000e-08
 Reference value :  6.77850e-08
 Reference value :  7.05000e-08
 Reference value :  7.34140e-08
 Reference value :  7.61850e-08
 Reference value :  7.89060e-08
 Reference value :  8.16500e-08
 Reference value :  8.44060e-08
 Reference value :  8.71300e-08
 Reference value :  8.99140e-08
 Reference value :  9.27300e-08
 Reference value :  9.55850e-08
 Reference value :  9.83000e-08
 Reference value :  1.01214e-07
 Reference value :  1.04006e-07
 Reference value :  1.06802e-07
 Reference value :  1.09630e-07
 Reference value :  1.12506e-07
 Reference value :  1.15300e-07
 Reference value :  1.18006e-07
 Reference value :  1.20870e-07
 Reference value :  1.23570e-07
 Reference value :  1.26350e-07
 Reference value :  1.29130e-07
 Reference value :  1.32002e-07
 Reference value :  1.34800e-07
 Reference value :  1.37530e-07
 Reference value :  1.40285e-07
 Reference value :  1.43030e-07
 Reference value :  1.45902e-07
 Reference value :  1.48585e-07
 Reference value :  1.51250e-07
 Reference value :  1.54006e-07
 Reference value :  1.56714e-07
 Reference value :  1.59570e-07
 Reference value :  1.62370e-07
 Reference value :  1.65150e-07
 Reference value :  1.67985e-07
 Reference value :  1.70770e-07
 Reference value :  1.73430e-07
 Reference value :  1.76114e-07
 Reference value :  1.78970e-07
 Reference value :  1.81970e-07
 Reference value :  1.84800e-07
 Reference value :  1.87500e-07
 Reference value :  1.90530e-07
 Reference value :  1.93302e-07
 Reference value :  1.96114e-07
 Reference value :  1.98930e-07
 Reference value :  2.01785e-07
 Reference value :  2.04550e-07
 Reference value :  2.07285e-07
 Reference value :  2.10006e-07
 Reference value :  2.12730e-07
 Reference value :  2.15614e-07
 Reference value :  2.18450e-07
 Reference value :  2.21250e-07
 Reference value :  2.23900e-07
 Reference value :  2.26714e-07
 Reference value :  2.29470e-07
 Reference value :  2.32270e-07
 Reference value :  2.34950e-07
 Reference value :  2.37630e-07
 Reference value :  2.40314e-07
 Reference value :  2.42950e-07
 Reference value :  2.45770e-07
 Reference value :  2.48502e-07
 Reference value :  2.51270e-07
 Reference value :  2.54314e-07
 Reference value :  2.57130e-07
 Reference value :  2.60014e-07
 Reference value :  2.62750e-07
 Reference value :  2.65502e-07
 Reference value :  2.68306e-07
 Reference value :  2.71070e-07
 Reference value :  2.73900e-07
 Reference value :  2.76585e-07
 Reference value :  2.79330e-07
 Reference value :  2.81902e-07
 Reference value :  2.84606e-07
 Reference value :  2.87250e-07
 Reference value :  2.90006e-07
 Reference value :  2.92650e-07
 Reference value :  2.95250e-07
 Reference value :  2.97770e-07
 Reference value :  3.00370e-07
 Reference value :  3.03170e-07
 Reference value :  3.05906e-07
 Reference value :  3.08750e-07
 Reference value :  3.11406e-07
 Reference value :  3.14050e-07
 Reference value :  3.16970e-07
 Reference value :  3.19614e-07
 Reference value :  3.22350e-07
 Reference value :  3.25200e-07
 Reference value :  3.27914e-07
 Reference value :  3.30714e-07
 Reference value :  3.33406e-07
 Reference value :  3.36206e-07
 Reference value :  3.38914e-07
 Reference value :  3.41850e-07
 Reference value :  3.44502e-07
 Reference value :  3.47314e-07
 Reference value :  3.50076e-07
 Reference value :  3.52930e-07
 Reference value :  3.55814e-07
 Reference value :  3.58485e-07
 Reference value :  3.61350e-07
 Reference value :  3.65506e-07
 Reference value :  3.68370e-07
 Reference value :  3.71202e-07
 Reference value :  3.73914e-07
 Reference value :  3.76570e-07
 Reference value :  3.79350e-07
 Reference value :  3.81950e-07
 Reference value :  3.84802e-07
 Reference value :  3.87570e-07
 Reference value :  3.90530e-07
 Reference value :  3.93402e-07
 Reference value :  3.96206e-07
 Reference value :  3.99085e-07
 Reference value :  4.01614e-07
 Reference value :  4.04514e-07
 Reference value :  4.07585e-07
 Reference value :  4.11230e-07
 Reference value :  4.14902e-07
 Reference value :  4.17970e-07
 Reference value :  4.20806e-07
 Reference value :  4.24370e-07
 Reference value :  4.27306e-07
 Reference value :  4.30406e-07
 Reference value :  4.34070e-07
 Reference value :  4.37200e-07
 Reference value :  4.39900e-07
 Reference value :  4.42830e-07
 Reference value :  4.45450e-07
 Reference value :  4.48230e-07
 Reference value :  4.51130e-07
 Reference value :  4.54006e-07
 Reference value :  4.56850e-07
 Reference value :  4.59550e-07
 Reference value :  4.62168e-07
 Reference value :  4.64985e-07
 Reference value :  4.67950e-07
 Reference value :  4.70750e-07
 Reference value :  4.73406e-07
 Reference value :  4.76302e-07
 Reference value :  4.79070e-07
 Reference value :  4.81800e-07
 Reference value :  4.84570e-07
 Reference value :  4.87214e-07
 Reference value :  4.89970e-07
 Reference value :  4.92850e-07
 Reference value :  4.95600e-07
 Reference value :  4.98300e-07
 Reference value :  5.01000e-07
 Reference value :  5.03914e-07
 Reference value :  5.06600e-07
 Reference value :  5.09485e-07
 Reference value :  5.12202e-07
 Reference value :  5.15050e-07
 Reference value :  5.17950e-07
 Reference value :  5.20730e-07
 Reference value :  5.23530e-07
 Reference value :  5.26406e-07
 Reference value :  5.29530e-07
 Reference value :  5.32350e-07
 Reference value :  5.35070e-07
 Reference value :  5.37714e-07
 Reference value :  5.40650e-07
 Reference value :  5.43400e-07
 Reference value :  5.46230e-07
 Reference value :  5.49000e-07
 Reference value :  5.51530e-07
 Reference value :  5.54514e-07
 Reference value :  5.57285e-07
 Reference value :  5.60250e-07
 Reference value :  5.63085e-07
 Reference value :  5.66050e-07
 Reference value :  5.68900e-07
 Reference value :  5.71730e-07
 Reference value :  5.74506e-07
 Reference value :  5.77702e-07
 Reference value :  5.80502e-07
 Reference value :  5.83230e-07
 Reference value :  5.86002e-07
 Reference value :  5.88606e-07
 Reference value :  5.91550e-07
 Reference value :  5.94250e-07
 Reference value :  5.97050e-07
 Reference value :  5.99730e-07
 Reference value :  6.02550e-07
 Reference value :  6.05450e-07
 Reference value :  6.08202e-07
 Reference value :  6.11102e-07
 Reference value :  6.13914e-07
 Reference value :  6.16770e-07
 Reference value :  6.19600e-07
 Reference value :  6.22214e-07
 Reference value :  6.24914e-07
 Reference value :  6.27750e-07
 Reference value :  6.30506e-07
 Reference value :  6.33306e-07
 Reference value :  6.36100e-07
 Reference value :  6.38802e-07
 Reference value :  6.41614e-07
 Reference value :  6.44350e-07
 Reference value :  6.47300e-07
 Reference value :  6.50130e-07
 Reference value :  6.52950e-07
 Reference value :  6.55650e-07
 Reference value :  6.58450e-07
 Reference value :  6.61270e-07
 Reference value :  6.64050e-07
 Reference value :  6.66830e-07
 Reference value :  6.69685e-07
 Reference value :  6.72430e-07
 Reference value :  6.75006e-07
 Reference value :  6.78000e-07
 Reference value :  6.80800e-07
 Reference value :  6.83750e-07
 Reference value :  6.86702e-07
 Reference value :  6.89502e-07
 Reference value :  6.92370e-07
 Reference value :  6.94970e-07
 Reference value :  6.97770e-07
 Reference value :  7.00514e-07
 Reference value :  7.03306e-07
 Reference value :  7.06106e-07
 Reference value :  7.08950e-07
 Reference value :  7.11600e-07
 Reference value :  7.14450e-07
 Reference value :  7.17370e-07
 Reference value :  7.20106e-07
 Reference value :  7.22930e-07
 Reference value :  7.25750e-07
 Reference value :  7.28485e-07
 Reference value :  7.31100e-07
 Reference value :  7.34002e-07
 Reference value :  7.36785e-07
 Reference value :  7.39706e-07
 Reference value :  7.42514e-07
 Reference value :  7.45306e-07
 Reference value :  7.48014e-07
 Reference value :  7.50730e-07
 Reference value :  7.53650e-07
 Reference value :  7.56414e-07
 Reference value :  7.59250e-07
 Reference value :  7.62030e-07
 Reference value :  7.64902e-07
 Reference value :  7.67530e-07
 Reference value :  7.70400e-07
 Reference value :  7.73300e-07
 Reference value :  7.76100e-07
 Reference value :  7.78970e-07
 Reference value :  7.81714e-07
 Reference value :  7.84414e-07
 Reference value :  7.87200e-07
 Reference value :  7.90050e-07
 Reference value :  7.93202e-07
 Reference value :  7.96030e-07
 Reference value :  7.99250e-07
 Reference value :  8.02800e-07
 Reference value :  8.05985e-07
 Reference value :  8.09700e-07
 Reference value :  8.12830e-07
 Reference value :  8.15685e-07
 Reference value :  8.18406e-07
 Reference value :  8.21185e-07
 Reference value :  8.23800e-07
 Reference value :  8.26670e-07
 Reference value :  8.29762e-07
 Reference value :  8.32750e-07
 Reference value :  8.35630e-07
 Reference value :  8.38600e-07
 Reference value :  8.41602e-07
 Reference value :  8.44470e-07
 Reference value :  8.47502e-07
 Reference value :  8.50406e-07
 Reference value :  8.53385e-07
 Reference value :  8.56150e-07
 Reference value :  8.58906e-07
 Reference value :  8.61506e-07
 Reference value :  8.64414e-07
 Reference value :  8.67138e-07
 Reference value :  8.69800e-07
 Reference value :  8.72506e-07
 Reference value :  8.76070e-07
 Reference value :  8.80450e-07
 Reference value :  8.84500e-07
 Reference value :  8.87285e-07
 Reference value :  8.90085e-07
 Reference value :  8.92650e-07
 Reference value :  8.95330e-07
 Reference value :  8.98104e-07
 Reference value :  9.00985e-07
 Reference value :  9.03800e-07
 Reference value :  9.06602e-07
 Reference value :  9.09606e-07
 Reference value :  9.12470e-07
 Reference value :  9.15500e-07
 Reference value :  9.18550e-07
 Reference value :  9.21650e-07
 Reference value :  9.24385e-07
 Reference value :  9.27202e-07
 Reference value :  9.29914e-07
 Reference value :  9.32730e-07
 Reference value :  9.35606e-07
 Reference value :  9.38450e-07
 Reference value :  9.41306e-07
 Reference value :  9.43950e-07
 Reference value :  9.46630e-07
 Reference value :  9.49330e-07
 Reference value :  9.52330e-07
 Reference value :  9.55300e-07
 Reference value :  9.58150e-07
 Reference value :  9.60806e-07
 Reference value :  9.63702e-07
 Reference value :  9.66500e-07
 Reference value :  9.69150e-07
 Reference value :  9.71985e-07
 Reference value :  9.74806e-07
 Reference value :  9.77650e-07
 Reference value :  9.80402e-07
 Reference value :  9.83150e-07
 Reference value :  9.85702e-07
 Reference value :  9.88585e-07
 Reference value :  9.91230e-07
 Reference value :  9.93906e-07
 Reference value :  9.96706e-07
 Reference value :  9.99430e-07
 Reference value :  1.00230e-06
 Reference value :  1.00491e-06
 Reference value :  1.00783e-06
 Reference value :  1.01055e-06
 Reference value :  1.01340e-06
 Reference value :  1.01625e-06
 Reference value :  1.01888e-06
 Reference value :  1.02153e-06
 Reference value :  1.02440e-06
 Reference value :  1.02720e-06
 Reference value :  1.02991e-06
 Reference value :  1.03263e-06
 Reference value :  1.03535e-06
 Reference value :  1.03821e-06
 Reference value :  1.04111e-06
 Reference value :  1.04390e-06
 Reference value :  1.04670e-06
 Reference value :  1.04953e-06
 Reference value :  1.05260e-06
 Reference value :  1.05540e-06
 Reference value :  1.05810e-06
 Reference value :  1.06090e-06
 Reference value :  1.06378e-06
 Reference value :  1.06650e-06
 Reference value :  1.06930e-06
 Reference value :  1.07198e-06
 Reference value :  1.07470e-06
 Reference value :  1.07755e-06
 Reference value :  1.08040e-06
 Reference value :  1.08315e-06
 Reference value :  1.08587e-06
 Reference value :  1.08875e-06
 Reference value :  1.09140e-06
 Reference value :  1.09420e-06
 Reference value :  1.09695e-06
 Reference value :  1.09965e-06
 Reference value :  1.10253e-06
 Reference value :  1.10527e-06
 Reference value :  1.10795e-06
 Reference value :  1.11053e-06
 Reference value :  1.11341e-06
 Reference value :  1.11620e-06
 Reference value :  1.11898e-06
 Reference value :  1.12177e-06
 Reference value :  1.12461e-06
 Reference value :  1.12748e-06
 Reference value :  1.13017e-06
 Reference value :  1.13301e-06
 Reference value :  1.13580e-06
 Reference value :  1.13861e-06
 Reference value :  1.14126e-06
 Reference value :  1.14407e-06
 Reference value :  1.14683e-06
 Reference value :  1.14950e-06
 Reference value :  1.15235e-06
 Reference value :  1.15511e-06
 Reference value :  1.15787e-06
 Reference value :  1.16048e-06
 Reference value :  1.16327e-06
 Reference value :  1.16610e-06
 Reference value :  1.16883e-06
 Reference value :  1.17183e-06
 Reference value :  1.17458e-06
 Reference value :  1.17731e-06
 Reference value :  1.18000e-06
 Reference value :  1.18273e-06
 Reference value :  1.18533e-06
 Reference value :  1.18838e-06
 Reference value :  1.19110e-06
 Reference value :  1.19387e-06
 Reference value :  1.19665e-06
 Reference value :  1.19941e-06
 Reference value :  1.20241e-06
 Reference value :  1.20525e-06
 Reference value :  1.20803e-06
 Reference value :  1.21077e-06
 Reference value :  1.21360e-06
 Reference value :  1.21638e-06
 Reference value :  1.21911e-06
 Reference value :  1.22185e-06
 Reference value :  1.22467e-06
 Reference value :  1.22750e-06
 Reference value :  1.23031e-06
 Reference value :  1.23308e-06
 Reference value :  1.23575e-06
 Reference value :  1.23858e-06
 Reference value :  1.24135e-06
 Reference value :  1.24420e-06
 Reference value :  1.24696e-06
 Reference value :  1.24983e-06
 Reference value :  1.25260e-06
 Reference value :  1.25527e-06
 Reference value :  1.25793e-06
 Reference value :  1.26071e-06
 Reference value :  1.26363e-06
 Reference value :  1.26647e-06
 Reference value :  1.26918e-06
 Reference value :  1.27192e-06
 Reference value :  1.27480e-06
 Reference value :  1.27833e-06
 Reference value :  1.28115e-06
 Reference value :  1.28395e-06
 Reference value :  1.28658e-06
 Reference value :  1.28943e-06
 Reference value :  1.29218e-06
 Reference value :  1.29481e-06
 Reference value :  1.29751e-06
 Reference value :  1.30008e-06
 Reference value :  1.30300e-06
 Reference value :  1.30541e-06
 Reference value :  1.30817e-06
 Reference value :  1.31098e-06
 Reference value :  1.31353e-06
 Reference value :  1.31623e-06
 Reference value :  1.31893e-06
 Reference value :  1.32151e-06
 Reference value :  1.32430e-06
 Reference value :  1.32710e-06
 Reference value :  1.33101e-06
 Reference value :  1.33525e-06
 Reference value :  1.33951e-06
 Reference value :  1.34355e-06
 Reference value :  1.34770e-06
 Reference value :  1.35210e-06
 Reference value :  1.35637e-06
 Reference value :  1.36075e-06
 Reference value :  1.36400e-06
 Reference value :  1.36683e-06
 Reference value :  1.37078e-06
 Reference value :  1.37483e-06
 Reference value :  1.37880e-06
 Reference value :  1.38290e-06
 Reference value :  1.38673e-06
 Reference value :  1.39080e-06
 Reference value :  1.39480e-06
 Reference value :  1.39850e-06
 Reference value :  1.40292e-06
 Reference value :  1.40761e-06
 Reference value :  1.41188e-06
 Reference value :  1.41623e-06
 Reference value :  1.42080e-06
 Reference value :  1.42491e-06
 Reference value :  1.42903e-06
 Reference value :  1.43355e-06
 Reference value :  1.43811e-06
 Reference value :  1.44210e-06
 Reference value :  1.44670e-06
 Reference value :  1.45145e-06
 Reference value :  1.45558e-06
 Reference value :  1.45977e-06
 Reference value :  1.46383e-06
 Reference value :  1.46850e-06
 Reference value :  1.47260e-06
 Reference value :  1.47760e-06
 Reference value :  1.48191e-06
 Reference value :  1.48475e-06
 Reference value :  1.48731e-06
 Reference value :  1.49010e-06
 Reference value :  1.49265e-06
 Reference value :  1.49528e-06
 Reference value :  1.49803e-06
 Reference value :  1.50067e-06
 Reference value :  1.50318e-06
 Reference value :  1.50563e-06
 Reference value :  1.50823e-06
 Reference value :  1.51088e-06
 Reference value :  1.51358e-06
 Reference value :  1.51615e-06
 Reference value :  1.51865e-06
 Reference value :  1.52129e-06
 Reference value :  1.52387e-06
 Reference value :  1.52671e-06
 Reference value :  1.52921e-06
 Reference value :  1.53187e-06
 Reference value :  1.53431e-06
 Reference value :  1.53703e-06
 Reference value :  1.53980e-06
 Reference value :  1.54237e-06
 Reference value :  1.54510e-06
 Reference value :  1.54755e-06
 Reference value :  1.55021e-06
 Reference value :  1.55277e-06
 Reference value :  1.55540e-06
 Reference value :  1.55801e-06
 Reference value :  1.56067e-06
 Reference value :  1.56331e-06
 Reference value :  1.56577e-06
 Reference value :  1.56843e-06
 Reference value :  1.57105e-06
 Reference value :  1.57361e-06
 Reference value :  1.57620e-06
 Reference value :  1.57885e-06
 Reference value :  1.58153e-06
 Reference value :  1.58420e-06
 Reference value :  1.58680e-06
 Reference value :  1.58951e-06
 Reference value :  1.59200e-06
 Reference value :  1.59460e-06
 Reference value :  1.59718e-06
 Reference value :  1.59981e-06
 Reference value :  1.60247e-06
 Reference value :  1.60507e-06
 Reference value :  1.60765e-06
 Reference value :  1.61010e-06
 Reference value :  1.61273e-06
 Reference value :  1.61527e-06
 Reference value :  1.61791e-06
 Reference value :  1.62057e-06
 Reference value :  1.62318e-06
 Reference value :  1.62571e-06
 Reference value :  1.62825e-06
 Reference value :  1.63088e-06
 Reference value :  1.63340e-06
 Reference value :  1.63597e-06
 Reference value :  1.63863e-06
 Reference value :  1.64128e-06
 Reference value :  1.64391e-06
 Reference value :  1.64647e-06
 Reference value :  1.64921e-06
 Reference value :  1.65187e-06
 Reference value :  1.65438e-06
 Reference value :  1.65711e-06
 Reference value :  1.65961e-06
 Reference value :  1.66217e-06
 Reference value :  1.66475e-06
 Reference value :  1.66730e-06
 Reference value :  1.66998e-06
 Reference value :  1.67235e-06
 Reference value :  1.67491e-06
 Reference value :  1.67768e-06
 Reference value :  1.68021e-06
 Reference value :  1.68278e-06
 Reference value :  1.68540e-06
 Reference value :  1.68805e-06
 Reference value :  1.69073e-06
 Reference value :  1.69351e-06
 Reference value :  1.69590e-06
 Reference value :  1.69853e-06
 Reference value :  1.70133e-06
 Reference value :  1.70375e-06
 Reference value :  1.70640e-06
 Reference value :  1.70883e-06
 Reference value :  1.71160e-06
 Reference value :  1.71430e-06
 Reference value :  1.71690e-06
 Reference value :  1.71945e-06
 Reference value :  1.72197e-06
 Reference value :  1.72461e-06
 Reference value :  1.72721e-06
 Reference value :  1.72993e-06
 Reference value :  1.73250e-06
 Reference value :  1.73525e-06
 Reference value :  1.73800e-06
 Reference value :  1.74061e-06
 Reference value :  1.74318e-06
 Reference value :  1.74561e-06
 Reference value :  1.74835e-06
 Reference value :  1.75110e-06
 Reference value :  1.75350e-06
 Reference value :  1.75623e-06
 Reference value :  1.75881e-06
 Reference value :  1.76155e-06
 Reference value :  1.76428e-06
 Reference value :  1.76710e-06
 Reference value :  1.76980e-06
 Reference value :  1.77251e-06
 Reference value :  1.77550e-06
 Reference value :  1.77811e-06
 Reference value :  1.78077e-06
 Reference value :  1.78333e-06
 Reference value :  1.78617e-06
 Reference value :  1.78890e-06
 Reference value :  1.79143e-06
 Reference value :  1.79407e-06
 Reference value :  1.79660e-06
 Reference value :  1.79928e-06
 Reference value :  1.80180e-06
 Reference value :  1.80455e-06
 Reference value :  1.80740e-06
 Reference value :  1.81047e-06
 Reference value :  1.81317e-06
 Reference value :  1.81570e-06
 Reference value :  1.81830e-06
 Reference value :  1.82088e-06
 Reference value :  1.82367e-06
 Reference value :  1.82634e-06
 Reference value :  1.82888e-06
 Reference value :  1.83140e-06
 Reference value :  1.83395e-06
 Reference value :  1.83668e-06
 Reference value :  1.83921e-06
 Reference value :  1.84180e-06
 Reference value :  1.84427e-06
 Reference value :  1.84678e-06
 Reference value :  1.84943e-06
 Reference value :  1.85201e-06
 Reference value :  1.85455e-06
 Reference value :  1.85731e-06
 Reference value :  1.85988e-06
 Reference value :  1.86245e-06
 Reference value :  1.86497e-06
 Reference value :  1.86747e-06
 Reference value :  1.87007e-06
 Reference value :  1.87260e-06
 Reference value :  1.87511e-06
 Reference value :  1.87760e-06
 Reference value :  1.88017e-06
 Reference value :  1.88265e-06
 Reference value :  1.88537e-06
 Reference value :  1.88791e-06
 Reference value :  1.89030e-06
 Reference value :  1.89283e-06
 Reference value :  1.89531e-06
 Reference value :  1.89791e-06
 Reference value :  1.90061e-06
 Reference value :  1.90307e-06
 Reference value :  1.90565e-06
 Reference value :  1.90817e-06
 Reference value :  1.91087e-06
 Reference value :  1.91340e-06
 Reference value :  1.91597e-06
 Reference value :  1.91850e-06
 Reference value :  1.92095e-06
 Reference value :  1.92360e-06
 Reference value :  1.92624e-06
 Reference value :  1.92871e-06
 Reference value :  1.93140e-06
 Reference value :  1.93401e-06
 Reference value :  1.93668e-06
 Reference value :  1.93920e-06
 Reference value :  1.94197e-06
 Reference value :  1.94460e-06
 Reference value :  1.94718e-06
 Reference value :  1.94980e-06
 Reference value :  1.95240e-06
 Reference value :  1.95490e-06
 Reference value :  1.95739e-06
 Reference value :  1.96000e-06
 Reference value :  1.96257e-06
 Reference value :  1.96505e-06
 Reference value :  1.96758e-06
 Reference value :  1.97008e-06
 Reference value :  1.97270e-06
 Reference value :  1.97535e-06
 Reference value :  1.97787e-06
 Reference value :  1.98060e-06
 Reference value :  1.98300e-06
 Reference value :  1.98561e-06
 Reference value :  1.98833e-06
 Reference value :  1.99090e-06
 Reference value :  1.99347e-06
 Reference value :  1.99610e-06
 Reference value :  1.99877e-06
 Reference value :  2.00133e-06
 Reference value :  2.00390e-06
 Reference value :  2.00641e-06
 Reference value :  2.00890e-06
 Reference value :  2.01151e-06
 Reference value :  2.01411e-06
 Reference value :  2.01690e-06
 Reference value :  2.01951e-06
 Reference value :  2.02201e-06
 Reference value :  2.02467e-06
 Reference value :  2.02720e-06
 Reference value :  2.02981e-06
 Reference value :  2.03221e-06
 Reference value :  2.03481e-06
 Reference value :  2.03743e-06
 Reference value :  2.03997e-06
 Reference value :  2.04250e-06
 Reference value :  2.04478e-06
 Reference value :  2.04747e-06
 Reference value :  2.05017e-06
 Reference value :  2.05273e-06
 Reference value :  2.05531e-06
 Reference value :  2.05791e-06
 Reference value :  2.06058e-06
 Reference value :  2.06315e-06
 Reference value :  2.06578e-06
 Reference value :  2.06830e-06
 Reference value :  2.07070e-06
 Reference value :  2.07338e-06
 Reference value :  2.07590e-06
 Reference value :  2.07843e-06
 Reference value :  2.08098e-06
 Reference value :  2.08351e-06
 Reference value :  2.08633e-06
 Reference value :  2.08901e-06
 Reference value :  2.09171e-06
 Reference value :  2.09420e-06
 Reference value :  2.09671e-06
 Reference value :  2.09947e-06
 Reference value :  2.10207e-06
 Reference value :  2.10471e-06
 Reference value :  2.10713e-06
 Reference value :  2.10980e-06
 Reference value :  2.11251e-06
 Reference value :  2.11515e-06
 Reference value :  2.11773e-06
 Reference value :  2.12028e-06
 Reference value :  2.12303e-06
 Reference value :  2.12591e-06
 Reference value :  2.12857e-06
 Reference value :  2.13123e-06
 Reference value :  2.13365e-06
 Reference value :  2.13627e-06
 Reference value :  2.13877e-06
 Reference value :  2.14165e-06
 Reference value :  2.14441e-06
 Reference value :  2.14711e-06
 Reference value :  2.14970e-06
 Reference value :  2.15215e-06
 Reference value :  2.15477e-06
 Reference value :  2.15720e-06
 Reference value :  2.15981e-06
 Reference value :  2.16258e-06
 Reference value :  2.16540e-06
 Reference value :  2.16800e-06
 Reference value :  2.17045e-06
 Reference value :  2.17311e-06
 Reference value :  2.17561e-06
 Reference value :  2.17838e-06
 Reference value :  2.18100e-06
 Reference value :  2.18357e-06
 Reference value :  2.18620e-06
 Reference value :  2.18871e-06
 Reference value :  2.19128e-06
 Reference value :  2.19400e-06
 Reference value :  2.19661e-06
 Reference value :  2.19923e-06
 Reference value :  2.20178e-06
 Reference value :  2.20428e-06
 Reference value :  2.20670e-06
 Reference value :  2.20930e-06
 Reference value :  2.21180e-06
 Reference value :  2.21430e-06
 Reference value :  2.21695e-06
 Reference value :  2.21935e-06
 Reference value :  2.22180e-06
 Reference value :  2.22447e-06
 Reference value :  2.22700e-06
 Reference value :  2.22971e-06
 Reference value :  2.23227e-06
 Reference value :  2.23478e-06
 Reference value :  2.23754e-06
 Reference value :  2.23997e-06
 Reference value :  2.24240e-06
 Reference value :  2.24500e-06
 Reference value :  2.24780e-06
 Reference value :  2.25020e-06
 Reference value :  2.25288e-06
 Reference value :  2.25541e-06
 Reference value :  2.25785e-06
 Reference value :  2.26050e-06
 Reference value :  2.26300e-06
 Reference value :  2.26560e-06
 Reference value :  2.26818e-06
 Reference value :  2.27063e-06
 Reference value :  2.27331e-06
 Reference value :  2.27575e-06
 Reference value :  2.27817e-06
 Reference value :  2.28085e-06
 Reference value :  2.28335e-06
 Reference value :  2.28608e-06
 Reference value :  2.28880e-06
 Reference value :  2.29145e-06
 Reference value :  2.29390e-06
 Reference value :  2.29650e-06
 Reference value :  2.29920e-06
 Reference value :  2.30183e-06
 Reference value :  2.30458e-06
 Reference value :  2.30705e-06
 Reference value :  2.30980e-06
 Reference value :  2.31250e-06
 Reference value :  2.31520e-06
 Reference value :  2.31790e-06
 Reference value :  2.32050e-06
 Reference value :  2.32321e-06
 Reference value :  2.32567e-06
 Reference value :  2.32823e-06
 Reference value :  2.33085e-06
 Reference value :  2.33341e-06
 Reference value :  2.33600e-06
 Reference value :  2.33858e-06
 Reference value :  2.34123e-06
 Reference value :  2.34368e-06
 Reference value :  2.34628e-06
 Reference value :  2.34910e-06
 Reference value :  2.35170e-06
 Reference value :  2.35433e-06
 Reference value :  2.35680e-06
 Reference value :  2.35945e-06
 Reference value :  2.36210e-06
 Reference value :  2.36450e-06
 Reference value :  2.36708e-06
 Reference value :  2.36953e-06
 Reference value :  2.37218e-06
 Reference value :  2.37478e-06
 Reference value :  2.37735e-06
 Reference value :  2.37998e-06
 Reference value :  2.38260e-06
 Reference value :  2.38525e-06
 Reference value :  2.38781e-06
 Reference value :  2.39041e-06
 Reference value :  2.39293e-06
 Reference value :  2.39551e-06
 Reference value :  2.39830e-06
 Reference value :  2.40080e-06
 Reference value :  2.40331e-06
 Reference value :  2.40595e-06
 Reference value :  2.40853e-06
 Reference value :  2.41150e-06
 Reference value :  2.41407e-06
 Reference value :  2.41671e-06
 Reference value :  2.41928e-06
 Reference value :  2.42203e-06
 Reference value :  2.42478e-06
 Reference value :  2.42743e-06
 Reference value :  2.43005e-06
 Reference value :  2.43270e-06
 Reference value :  2.43560e-06
 Reference value :  2.43808e-06
 Reference value :  2.44117e-06
 Reference value :  2.44390e-06
 Reference value :  2.44673e-06
 Reference value :  2.44960e-06
 Reference value :  2.45213e-06
 Reference value :  2.45480e-06
 Reference value :  2.45750e-06
 Reference value :  2.46027e-06
 Reference value :  2.46271e-06
 Reference value :  2.46550e-06
 Reference value :  2.46793e-06
 Reference value :  2.47045e-06
 Reference value :  2.47301e-06
 Reference value :  2.47570e-06
 Reference value :  2.47841e-06
 Reference value :  2.48095e-06
 Reference value :  2.48365e-06
 Reference value :  2.48621e-06
 Reference value :  2.48880e-06
 Reference value :  2.49147e-06
 Reference value :  2.49443e-06
 Reference value :  2.49741e-06
 Reference value :  2.50011e-06
 Reference value :  2.50267e-06
 Reference value :  2.50527e-06
 Reference value :  2.50777e-06
 Reference value :  2.51035e-06
 Reference value :  2.51287e-06
 Reference value :  2.51545e-06
 Reference value :  2.51809e-06
 Reference value :  2.52078e-06
 Reference value :  2.52338e-06
 Reference value :  2.52590e-06
 Reference value :  2.52831e-06
 Reference value :  2.53091e-06
 Reference value :  2.53361e-06
 Reference value :  2.53621e-06
 Reference value :  2.53871e-06
 Reference value :  2.54140e-06
 Reference value :  2.54390e-06
 Reference value :  2.54660e-06
 Reference value :  2.54971e-06
 Reference value :  2.55228e-06
 Reference value :  2.55548e-06
 Reference value :  2.55820e-06
 Reference value :  2.56088e-06
 Reference value :  2.56330e-06
 Reference value :  2.56585e-06
 Reference value :  2.56823e-06
 Reference value :  2.57097e-06
 Reference value :  2.57350e-06
 Reference value :  2.57600e-06
 Reference value :  2.57860e-06
 Reference value :  2.58108e-06
 Reference value :  2.58371e-06
 Reference value :  2.58641e-06
 Reference value :  2.58880e-06
 Reference value :  2.59150e-06
 Reference value :  2.59400e-06
 Reference value :  2.59668e-06
 Reference value :  2.59940e-06
 Reference value :  2.60195e-06
 Reference value :  2.60483e-06
 Reference value :  2.60747e-06
 Reference value :  2.61015e-06
 Reference value :  2.61271e-06
 Reference value :  2.61530e-06
 Reference value :  2.61783e-06
 Reference value :  2.62050e-06
 Reference value :  2.62305e-06
 Reference value :  2.62550e-06
 Reference value :  2.62831e-06
 Reference value :  2.63087e-06
 Reference value :  2.63358e-06
 Reference value :  2.63613e-06
 Reference value :  2.63857e-06
 Reference value :  2.64115e-06
 Reference value :  2.64365e-06
 Reference value :  2.64635e-06
 Reference value :  2.64895e-06
 Reference value :  2.65143e-06
 Reference value :  2.65391e-06
 Reference value :  2.65641e-06
 Reference value :  2.65903e-06
 Reference value :  2.66163e-06
 Reference value :  2.66425e-06
 Reference value :  2.66688e-06
 Reference value :  2.66960e-06
 Reference value :  2.67257e-06
 Reference value :  2.67510e-06
 Reference value :  2.67777e-06
 Reference value :  2.68038e-06
 Reference value :  2.68291e-06
 Reference value :  2.68558e-06
 Reference value :  2.68810e-06
 Reference value :  2.69070e-06
 Reference value :  2.69321e-06
 Reference value :  2.69590e-06
 Reference value :  2.69867e-06
 Reference value :  2.70121e-06
 Reference value :  2.70378e-06
 Reference value :  2.70621e-06
 Reference value :  2.70880e-06
 Reference value :  2.71123e-06
 Reference value :  2.71380e-06
 Reference value :  2.71648e-06
 Reference value :  2.71908e-06
 Reference value :  2.72170e-06
 Reference value :  2.72411e-06
 Reference value :  2.72667e-06
 Reference value :  2.72917e-06
 Reference value :  2.73163e-06
 Reference value :  2.73438e-06
 Reference value :  2.73693e-06
 Reference value :  2.73950e-06
 Reference value :  2.74197e-06
 Reference value :  2.74470e-06
 Reference value :  2.74747e-06
 Reference value :  2.75020e-06
 Reference value :  2.75278e-06
 Reference value :  2.75513e-06
 Reference value :  2.75768e-06
 Reference value :  2.76020e-06
 Reference value :  2.76288e-06
 Reference value :  2.76558e-06
 Reference value :  2.76828e-06
 Reference value :  2.77111e-06
 Reference value :  2.77365e-06
 Reference value :  2.77605e-06
 Reference value :  2.77860e-06
 Reference value :  2.78101e-06
 Reference value :  2.78361e-06
 Reference value :  2.78631e-06
 Reference value :  2.78895e-06
 Reference value :  2.79170e-06
 Reference value :  2.79430e-06
 Reference value :  2.79705e-06
 Reference value :  2.79961e-06
 Reference value :  2.80217e-06
 Reference value :  2.80468e-06
 Reference value :  2.80751e-06
 Reference value :  2.81021e-06
 Reference value :  2.81271e-06
 Reference value :  2.81535e-06
 Reference value :  2.81788e-06
 Reference value :  2.82060e-06
 Reference value :  2.82318e-06
 Reference value :  2.82587e-06
 Reference value :  2.82857e-06
 Reference value :  2.83110e-06
 Reference value :  2.83377e-06
 Reference value :  2.83658e-06
 Reference value :  2.83947e-06
 Reference value :  2.84220e-06
 Reference value :  2.84510e-06
 Reference value :  2.84791e-06
 Reference value :  2.85058e-06
 Reference value :  2.85330e-06
 Reference value :  2.85598e-06
 Reference value :  2.85885e-06
 Reference value :  2.86157e-06
 Reference value :  2.86428e-06
 Reference value :  2.86691e-06
 Reference value :  2.86975e-06
 Reference value :  2.87251e-06
 Reference value :  2.87521e-06
 Reference value :  2.87813e-06
 Reference value :  2.88091e-06
 Reference value :  2.88371e-06
 Reference value :  2.88641e-06
 Reference value :  2.88915e-06
 Reference value :  2.89190e-06
 Reference value :  2.89487e-06
 Reference value :  2.89755e-06
 Reference value :  2.90038e-06
 Reference value :  2.90320e-06
 Reference value :  2.90593e-06
 Reference value :  2.90871e-06
 Reference value :  2.91143e-06
 Reference value :  2.91430e-06
 Reference value :  2.91703e-06
 Reference value :  2.91988e-06
 Reference value :  2.92281e-06
 Reference value :  2.92568e-06
 Reference value :  2.92841e-06
 Reference value :  2.93117e-06
 Reference value :  2.93411e-06
 Reference value :  2.93677e-06
 Reference value :  2.93957e-06
 Reference value :  2.94231e-06
 Reference value :  2.94520e-06
 Reference value :  2.94793e-06
 Reference value :  2.95071e-06
 Reference value :  2.95353e-06
 Reference value :  2.95631e-06
 Reference value :  2.95910e-06
 Reference value :  2.96187e-06
 Reference value :  2.96450e-06
 Reference value :  2.96720e-06
 Reference value :  2.97008e-06
 Reference value :  2.97290e-06
 Reference value :  2.97570e-06
 Reference value :  2.97848e-06
 Reference value :  2.98110e-06
 Reference value :  2.98403e-06
 Reference value :  2.98681e-06
 Reference value :  2.98953e-06
 Reference value :  2.99221e-06
 Reference value :  2.99523e-06
 Reference value :  2.99795e-06
 Reference value :  3.00073e-06
 Reference value :  3.00351e-06
 Reference value :  3.00633e-06
 Reference value :  3.00930e-06
 Reference value :  3.01195e-06
 Reference value :  3.01471e-06
 Reference value :  3.01751e-06
 Reference value :  3.02030e-06
 Reference value :  3.02311e-06
 Reference value :  3.02588e-06
 Reference value :  3.02865e-06
 Reference value :  3.03157e-06
 Reference value :  3.03425e-06
 Reference value :  3.03687e-06
 Reference value :  3.03967e-06
 Reference value :  3.04230e-06
 Reference value :  3.04517e-06
 Reference value :  3.04795e-06
 Reference value :  3.05080e-06
 Reference value :  3.05365e-06
 Reference value :  3.05641e-06
 Reference value :  3.05930e-06
 Reference value :  3.06191e-06
 Reference value :  3.06461e-06
 Reference value :  3.06718e-06
 Reference value :  3.06995e-06
 Reference value :  3.07260e-06
 Reference value :  3.07538e-06
 Reference value :  3.07821e-06
 Reference value :  3.08115e-06
 Reference value :  3.08403e-06
 Reference value :  3.08670e-06
 Reference value :  3.08950e-06
 Reference value :  3.09227e-06
 Reference value :  3.09533e-06
 Reference value :  3.09801e-06
 Reference value :  3.10091e-06
 Reference value :  3.10365e-06
 Reference value :  3.10643e-06
 Reference value :  3.10937e-06
 Reference value :  3.11211e-06
 Reference value :  3.11500e-06
 Reference value :  3.11771e-06
 Reference value :  3.12053e-06
 Reference value :  3.12321e-06
 Reference value :  3.12603e-06
 Reference value :  3.12877e-06
 Reference value :  3.13160e-06
 Reference value :  3.13443e-06
 Reference value :  3.13720e-06
 Reference value :  3.13988e-06
 Reference value :  3.14277e-06
 Reference value :  3.14560e-06
 Reference value :  3.14830e-06
 Reference value :  3.15111e-06
 Reference value :  3.15390e-06
 Reference value :  3.15671e-06
 Reference value :  3.15950e-06
 Reference value :  3.16217e-06
 Reference value :  3.16500e-06
 Reference value :  3.16787e-06
 Reference value :  3.17068e-06
 Reference value :  3.17335e-06
 Reference value :  3.17618e-06
 Reference value :  3.17885e-06
 Reference value :  3.18163e-06
 Reference value :  3.18450e-06
 Reference value :  3.18727e-06
 Reference value :  3.19007e-06
 Reference value :  3.19280e-06
 Reference value :  3.19580e-06
 Reference value :  3.19845e-06
 Reference value :  3.20125e-06
 Reference value :  3.20417e-06
 Reference value :  3.20701e-06
 Reference value :  3.20983e-06
 Reference value :  3.21261e-06
 Reference value :  3.21537e-06
 Reference value :  3.21820e-06
 Reference value :  3.22108e-06
 Reference value :  3.22415e-06
 Reference value :  3.22717e-06
 Reference value :  3.23017e-06
 Reference value :  3.23321e-06
 Reference value :  3.23610e-06
 Reference value :  3.23925e-06
 Reference value :  3.24203e-06
 Reference value :  3.24495e-06
 Reference value :  3.24755e-06
 Reference value :  3.25040e-06
 Reference value :  3.25313e-06
 Reference value :  3.25591e-06
 Reference value :  3.25877e-06
 Reference value :  3.26158e-06
 Reference value :  3.26435e-06
 Reference value :  3.26705e-06
 Reference value :  3.27000e-06
 Reference value :  3.27270e-06
 Reference value :  3.27568e-06
 Reference value :  3.27858e-06
 Reference value :  3.28168e-06
 Reference value :  3.28458e-06
 Reference value :  3.28745e-06
 Reference value :  3.29040e-06
 Reference value :  3.29320e-06
 Reference value :  3.29610e-06
 Reference value :  3.29881e-06
 Reference value :  3.30170e-06
 Reference value :  3.30437e-06
 Reference value :  3.30710e-06
 Reference value :  3.30978e-06
 Reference value :  3.31258e-06
 Reference value :  3.31530e-06
 Reference value :  3.31821e-06
 Reference value :  3.32110e-06
 Reference value :  3.32385e-06
 Reference value :  3.32675e-06
 Reference value :  3.32943e-06
 Reference value :  3.33243e-06
 Reference value :  3.33510e-06
 Reference value :  3.33787e-06
 Reference value :  3.34070e-06
 Reference value :  3.34350e-06
 Reference value :  3.34640e-06
 Reference value :  3.34923e-06
 Reference value :  3.35200e-06
 Reference value :  3.35461e-06
 Reference value :  3.35748e-06
 Reference value :  3.36021e-06
 Reference value :  3.36310e-06
 Reference value :  3.36587e-06
 Reference value :  3.36870e-06
 Reference value :  3.37151e-06
 Reference value :  3.37433e-06
 Reference value :  3.37715e-06
 Reference value :  3.37985e-06
 Reference value :  3.38271e-06
 Reference value :  3.38541e-06
 Reference value :  3.38818e-06
 Reference value :  3.39110e-06
 Reference value :  3.39391e-06
 Reference value :  3.39675e-06
 Reference value :  3.39951e-06
 Reference value :  3.40241e-06
 Reference value :  3.40520e-06
 Reference value :  3.40808e-06
 Reference value :  3.41080e-06
 Reference value :  3.41357e-06
 Reference value :  3.41620e-06
 Reference value :  3.41928e-06
 Reference value :  3.42200e-06
 Reference value :  3.42475e-06
 Reference value :  3.42741e-06
 Reference value :  3.43010e-06
 Reference value :  3.43291e-06
 Reference value :  3.43561e-06
 Reference value :  3.43843e-06
 Reference value :  3.44120e-06
 Reference value :  3.44405e-06
 Reference value :  3.44678e-06
 Reference value :  3.44960e-06
 Reference value :  3.45240e-06
 Reference value :  3.45521e-06
 Reference value :  3.45805e-06
 Reference value :  3.46080e-06
 Reference value :  3.46357e-06
 Reference value :  3.46618e-06
 Reference value :  3.46900e-06
 Reference value :  3.47175e-06
 Reference value :  3.47465e-06
 Reference value :  3.47748e-06
 Reference value :  3.48040e-06
 Reference value :  3.48320e-06
 Reference value :  3.48597e-06
 Reference value :  3.48887e-06
 Reference value :  3.49160e-06
 Reference value :  3.49438e-06
 Reference value :  3.49701e-06
 Reference value :  3.49985e-06
 Reference value :  3.50253e-06
 Reference value :  3.50537e-06
 Reference value :  3.50821e-06
 Reference value :  3.51120e-06
 Reference value :  3.51397e-06
 Reference value :  3.51663e-06
 Reference value :  3.51968e-06
 Reference value :  3.52253e-06
 Reference value :  3.52561e-06
 Reference value :  3.52843e-06
 Reference value :  3.53125e-06
 Reference value :  3.53408e-06
 Reference value :  3.53677e-06
 Reference value :  3.53951e-06
 Reference value :  3.54221e-06
 Reference value :  3.54501e-06
 Reference value :  3.54773e-06
 Reference value :  3.55060e-06
 Reference value :  3.55343e-06
 Reference value :  3.55631e-06
 Reference value :  3.55928e-06
 Reference value :  3.56220e-06
 Reference value :  3.56501e-06
 Reference value :  3.56793e-06
 Reference value :  3.57096e-06
 Reference value :  3.57373e-06
 Reference value :  3.57653e-06
 Reference value :  3.57935e-06
 Reference value :  3.58221e-06
 Reference value :  3.58498e-06
 Reference value :  3.58781e-06
 Reference value :  3.59068e-06
 Reference value :  3.59353e-06
 Reference value :  3.59627e-06
 Reference value :  3.59911e-06
No. of Data Rows : 292143
t1a                 =  5.68877e-07
t1b                 =  2.84829e-06
t2a                 =  5.27135e-07
t2b                 =  2.63925e-06
vxhi                =  3.43589e+00 at=  2.82953e-06
vxlo                =  -7.71099e-02 at=  6.11670e-07
bk                  =  3.29877e+00
bk                  =  3.29874e+00
bk                  =  -7.62632e-04
bk                  =  3.29883e+00
bk                  =  3.29874e+00
bk                  =  -7.74400e-04
bk                  =  3.29920e+00
bk                  =  -7.62858e-04
bk                  =  -5.68033e-04
bk                  =  3.29921e+00
bk                  =  -7.53680e-04
bk                  =  -7.33759e-04
bk                  =  3.29874e+00
bk                  =  3.29874e+00
bk                  =  3.29917e+00
bk                  =  3.29908e+00
bk                  =  -7.45455e-04
bk                  =  -5.71424e-04
bk                  =  3.29895e+00
bk                  =  -5.58299e-04
bk                  =  -5.57714e-04
bk                  =  3.29874e+00
bk                  =  -7.62477e-04
bk                  =  3.29880e+00
bk                  =  3.29874e+00
bk                  =  -7.40463e-04
bk                  =  3.29920e+00
bk                  =  -7.54672e-04
bk                  =  -5.62558e-04
bk                  =  -5.66038e-04
bk                  =  -7.52573e-04
bk                  =  -7.45956e-04
bk                  =  3.29875e+00
bk                  =  -7.55061e-04
bk                  =  3.29874e+00
bk                  =  3.29875e+00
bk                  =  3.29874e+00
bk                  =  -6.90188e-04
bk                  =  3.29911e+00
bk                  =  -7.57170e-04
bk                  =  -5.65261e-04
bk                  =  -5.62583e-04
bk                  =  -7.61805e-04
bk                  =  -5.65571e-04
bk                  =  3.29874e+00
bk                  =  -7.53681e-04
bk                  =  3.29917e+00
bk                  =  3.29879e+00
bk                  =  -7.47397e-04
bk                  =  3.29921e+00
bk                  =  3.29880e+00
bk                  =  -5.68236e-04
bk                  =  3.29921e+00
bk                  =  3.29874e+00
bk                  =  -7.53314e-04
bk                  =  3.29901e+00
bk                  =  3.29874e+00
bk                  =  3.29883e+00
bk                  =  3.29920e+00
bk                  =  -7.58020e-04
bk                  =  -5.64662e-04
bk                  =  3.29921e+00
bk                  =  -7.49381e-04
bk                  =  -7.52261e-04
bk                  =  3.29874e+00
bk                  =  -7.53808e-04
bk                  =  3.29874e+00
bk                  =  3.29874e+00
bk                  =  3.29874e+00
bk                  =  3.29913e+00
bk                  =  3.29881e+00
bk                  =  -6.87588e-04
bk                  =  -5.72331e-04
bk                  =  -5.64460e-04
bk                  =  -7.58805e-04
bk                  =  -7.52072e-04
bk                  =  3.29874e+00
bk                  =  -7.61728e-04
bk                  =  3.29879e+00
bk                  =  3.29875e+00
bk                  =  -7.45383e-04
bk                  =  3.29919e+00
bk                  =  -7.60454e-04
bk                  =  -5.68514e-04
bk                  =  3.29921e+00
bk                  =  -7.53689e-04
bk                  =  -5.41778e-04
bk                  =  3.29877e+00
bk                  =  3.29874e+00
bk                  =  3.29897e+00
bk                  =  3.29892e+00
bk                  =  -7.48829e-04
bk                  =  3.29921e+00
bk                  =  3.29923e+00
bk                  =  -6.19045e-04
bk                  =  -5.60581e-04
bk                  =  3.29874e+00
bk                  =  -7.63328e-04
bk                  =  3.29876e+00
bk                  =  3.29874e+00
bk                  =  -7.55433e-04
bk                  =  3.29920e+00
bk                  =  3.29875e+00
bk                  =  -5.70095e-04
bk                  =  -5.67428e-04
bk                  =  -5.74846e-04
bk                  =  -7.50591e-04
bk                  =  3.29878e+00
bk                  =  -7.55220e-04
bk                  =  3.29874e+00
bk                  =  3.29875e+00
bk                  =  3.29874e+00
bk                  =  -7.64359e-04
bk                  =  3.29897e+00
bk                  =  -7.51487e-04
bk                  =  -5.65480e-04
bk                  =  -5.62509e-04
bk                  =  -7.61820e-04
bk                  =  -5.66075e-04
bk                  =  3.29875e+00
bk                  =  -7.53692e-04
bk                  =  3.29911e+00
bk                  =  3.29876e+00
bk                  =  -7.54984e-04
bk                  =  3.29921e+00
bk                  =  3.29915e+00
bk                  =  -5.87153e-04
bk                  =  3.29921e+00
bk                  =  -7.55611e-04
bk                  =  -7.50279e-04
bk                  =  3.29902e+00
bk                  =  3.29874e+00
bk                  =  3.29877e+00
bk                  =  3.29920e+00
bk                  =  -7.57948e-04
bk                  =  -5.66912e-04
bk                  =  3.29921e+00
bk                  =  -7.77187e-04
bk                  =  -6.11930e-04
bk                  =  3.29876e+00
bk                  =  -7.53951e-04
bk                  =  3.29874e+00
bk                  =  3.29875e+00
bk                  =  3.29874e+00
bk                  =  3.29891e+00
bk                  =  3.29878e+00
bk                  =  -7.02658e-04
bk                  =  -5.71734e-04
bk                  =  -5.77749e-04
bk                  =  -7.58601e-04
bk                  =  -5.56209e-04
bk                  =  -7.50427e-04
bk                  =  -7.61742e-04
bk                  =  3.29877e+00
bk                  =  3.29874e+00
bk                  =  -7.49734e-04
bk                  =  3.29917e+00
bk                  =  3.29879e+00
bk                  =  -5.76056e-04
bk                  =  3.29921e+00
bk                  =  -7.53759e-04
bk                  =  -5.57987e-04
bk                  =  3.29928e+00
bk                  =  3.29874e+00
bk                  =  3.29879e+00
bk                  =  3.29882e+00
bk                  =  -7.48708e-04
bk                  =  3.29921e+00
bk                  =  3.29921e+00
bk                  =  -7.64470e-04
bk                  =  -5.62460e-04
bk                  =  3.29874e+00
bk                  =  -7.63127e-04
bk                  =  3.29877e+00
bk                  =  3.29874e+00
bk                  =  -7.53745e-04
bk                  =  3.29907e+00
bk                  =  3.29874e+00
bk                  =  -6.17400e-04
bk                  =  -5.67445e-04
bk                  =  -7.15380e-04
bk                  =  -7.50458e-04
bk                  =  -6.29657e-04
bk                  =  -7.56250e-04
bk                  =  -7.57944e-04
bk                  =  3.29875e+00
bk                  =  3.29874e+00
bk                  =  -7.51307e-04
bk                  =  3.29886e+00
bk                  =  3.29875e+00
bk                  =  -5.68357e-04
bk                  =  -5.61595e-04
bk                  =  -7.61856e-04
bk                  =  -5.68854e-04
bk                  =  3.29883e+00
bk                  =  -7.53707e-04
bk                  =  3.29906e+00
bk                  =  3.29874e+00
bk                  =  -7.55187e-04
bk                  =  3.29921e+00
bk                  =  3.29916e+00
bk                  =  -7.20078e-04
bk                  =  -5.71363e-04
bk                  =  -7.56124e-04
bk                  =  -7.37694e-04
bk                  =  3.29917e+00
bk                  =  3.29874e+00
bk                  =  -7.62334e-04
bk                  =  3.29919e+00
bk                  =  3.29874e+00
bk                  =  3.29917e+00
bk                  =  3.29921e+00
bk                  =  -7.47755e-04
bk                  =  -5.60709e-04
bk                  =  3.29884e+00
bk                  =  -7.54855e-04
bk                  =  -7.49276e-04
bk                  =  3.29875e+00
bk                  =  -7.55026e-04
bk                  =  3.29879e+00
bk                  =  3.29876e+00
bk                  =  -7.48406e-04
bk                  =  -5.73150e-04
bk                  =  -5.87965e-04
bk                  =  -7.55877e-04
bk                  =  -5.63413e-04
bk                  =  -7.37658e-04
bk                  =  -7.61801e-04
bk                  =  3.29877e+00
bk                  =  3.29874e+00
bk                  =  -7.54699e-04
bk                  =  3.29913e+00
bk                  =  3.29882e+00
bk                  =  -6.56800e-04
bk                  =  3.29921e+00
bk                  =  -7.55160e-04
bk                  =  -5.63419e-04
bk                  =  3.29921e+00
bk                  =  3.29874e+00
bk                  =  -7.59787e-04
bk                  =  3.29879e+00
bk                  =  3.29874e+00
bk                  =  3.29919e+00
bk                  =  3.29920e+00
bk                  =  -7.47556e-04
bk                  =  -5.63533e-04
bk                  =  3.29878e+00
bk                  =  -7.51321e-04
bk                  =  3.29880e+00
bk                  =  3.29874e+00
bk                  =  -7.53789e-04
bk                  =  3.29881e+00
bk                  =  3.29874e+00
bk                  =  -7.67367e-04
bk                  =  -5.68084e-04
bk                  =  -7.75985e-04
m_period_r1 = 2.8492602500e-09
m_period_r2 = 2.6401383750e-09
m_f_r1 = 3.5096829080e+08
m_f_r2 = 3.7876802575e+08
m_ring1_periods_per_sample = 4.3730649034e+00
m_ring2_periods_per_sample = 4.7194496008e+00
m_tclk_s = 1.2460000000e-08
m_n_samples = 2.5600000000e+02
m_ones_frac = 4.9609375000e-01
m_bit_mean = -7.812500000e-03
m_ones_frac_first128 = 5.0781250000e-01
m_ones_frac_last128 = 4.8437500000e-01
m_worst_rail_dev_v = 1.2600000168e-03
m_xo_swing_v = 3.5129988700e+00
m_r_1 = -2.745098039e-02
m_r_2 = -5.511811024e-02
m_r_3 = 3.0434782609e-01
m_r_4 = -3.333333333e-01
m_r_6 = 8.8000000000e-02
m_r_8 = 5.6451612903e-02
m_r_12 = 3.0327868852e-01
m_r_16 = -6.250000000e-01
m_bit_code_00 = 6.2043000000e+04
m_bit_code_01 = 1.4440000000e+03
m_bit_code_02 = 5.3341000000e+04
m_bit_code_03 = 1.0166000000e+04
m_bit_code_04 = 5.3373000000e+04
m_bit_code_05 = 1.4226000000e+04
m_bit_code_06 = 5.9501000000e+04
m_bit_code_07 = 4.6722000000e+04
m_bit_code_08 = 5.9708000000e+04
m_bit_code_09 = 4.6595000000e+04
m_bit_code_10 = 2.7068000000e+04
m_bit_code_11 = 1.3827000000e+04
m_bit_code_12 = 2.5012000000e+04
m_bit_code_13 = 6.7350000000e+03
m_bit_code_14 = 2.6032000000e+04
m_bit_code_15 = 6.9910000000e+03
Note: Simulation executed from .control section 

Warning: m=xx on .subckt line will override multiplier m hierarchy!

