
Note: Compatibility modes selected: hs a


Circuit: * sampler-core-idle-leakage @ tt_27c_2.97v -- generated by sim/harness, do not edit

Doing analysis at TEMP = 27.000000 and TNOM = 27.000000

Using SPARSE 1.3 as Direct Linear Solver

Initial Transient Solution
--------------------------

Node                                   Voltage
----                                   -------
vsup                                      2.97
en                                           0
rst_n                                        0
clk0                                         0
clk1                                         0
vdda                                      2.97
vddb                                      2.97
xduta.xdut.xr1.xg.py                      2.97
xduta.xdut.xr1.n1                         2.97
xduta.xdut.ro1                            2.97
xduta.xdut.xr1.xg.nm                   2.45667
xduta.xdut.xr1.xg.ny               8.16808e-09
xduta.xdut.xr1.x1.py                      2.97
xduta.xdut.xr1.n2                  1.20185e-07
xduta.xdut.xr1.x1.ny               1.02592e-07
xduta.xdut.xr1.x2.py                      2.97
xduta.xdut.xr1.n3                         2.97
xduta.xdut.xr1.x2.ny               1.94423e-08
xduta.xdut.xr1.x3.py                      2.97
xduta.xdut.xr1.n4                  1.20185e-07
xduta.xdut.xr1.x3.ny               1.02592e-07
xduta.xdut.xr1.x4.py                      2.97
xduta.xdut.xr1.n5                         2.97
xduta.xdut.xr1.x4.ny               1.94423e-08
xduta.xdut.xr1.x5.py                      2.97
xduta.xdut.xr1.n6                  1.20185e-07
xduta.xdut.xr1.x5.ny               1.02592e-07
xduta.xdut.xr1.x6.py                      2.97
xduta.xdut.xr1.n7                         2.97
xduta.xdut.xr1.x6.ny               1.94423e-08
xduta.xdut.xr1.x7.py                      2.97
xduta.xdut.xr1.n8                  1.20185e-07
xduta.xdut.xr1.x7.ny               1.02592e-07
xduta.xdut.xr1.x8.py                      2.97
xduta.xdut.xr1.n9                         2.97
xduta.xdut.xr1.x8.ny               1.94423e-08
xduta.xdut.xr1.x9.py                      2.97
xduta.xdut.xr1.n10                 1.20185e-07
xduta.xdut.xr1.x9.ny               1.02592e-07
xduta.xdut.xr1.x10.py                     2.97
xduta.xdut.xr1.x10.ny              1.94423e-08
xduta.xdut.xr2.xg.py                      2.97
xduta.xdut.xr2.n1                         2.97
xduta.xdut.ro2                            2.97
xduta.xdut.xr2.xg.nm                   2.45667
xduta.xdut.xr2.xg.ny               7.58478e-09
xduta.xdut.xr2.x1.py                      2.97
xduta.xdut.xr2.n2                  1.12858e-07
xduta.xdut.xr2.x1.ny               9.52657e-08
xduta.xdut.xr2.x2.py                      2.97
xduta.xdut.xr2.n3                         2.97
xduta.xdut.xr2.x2.ny               1.80539e-08
xduta.xdut.xr2.x3.py                      2.97
xduta.xdut.xr2.n4                  1.12858e-07
xduta.xdut.xr2.x3.ny               9.52657e-08
xduta.xdut.xr2.x4.py                      2.97
xduta.xdut.xr2.n5                         2.97
xduta.xdut.xr2.x4.ny               1.80539e-08
xduta.xdut.xr2.x5.py                      2.97
xduta.xdut.xr2.n6                  1.12858e-07
xduta.xdut.xr2.x5.ny               9.52657e-08
xduta.xdut.xr2.x6.py                      2.97
xduta.xdut.xr2.n7                         2.97
xduta.xdut.xr2.x6.ny               1.80539e-08
xduta.xdut.xr2.x7.py                      2.97
xduta.xdut.xr2.n8                  1.12858e-07
xduta.xdut.xr2.x7.ny               9.52657e-08
xduta.xdut.xr2.x8.py                      2.97
xduta.xdut.xr2.n9                         2.97
xduta.xdut.xr2.x8.ny               1.80539e-08
xduta.xdut.xr2.x9.py                      2.97
xduta.xdut.xr2.n10                 1.12858e-07
xduta.xdut.xr2.x9.ny               9.52657e-08
xduta.xdut.xr2.x10.py                     2.97
xduta.xdut.xr2.x10.ny              1.80539e-08
xduta.xdut.xa1.an                  1.75926e-08
xduta.xdut.xa1.bn                  1.75926e-08
xduta.xdut.xa1.mid                    0.744402
xduta.xo                             1.704e-07
xduta.xdut.xa1.s1                  8.52002e-08
xduta.xdut.xa1.s2                  3.58999e-08
xduta.xsb.clkb                            2.97
xduta.xsb.m                        2.05466e-07
xduta.xsb.mb                              2.97
xduta.xsb.mmid                        0.037438
xduta.xsb.mc                       3.51454e-08
xduta.xsb.s                               2.97
rba                                1.75926e-08
xduta.xsb.qb                              2.97
xduta.xsb.s2mid                      0.0374379
xduta.xsv.clkb                            2.97
xduta.xsv.m                               2.97
xduta.xsv.mb                              2.97
xduta.xsv.mmid                         2.45667
xduta.xsv.mc                       3.85191e-08
xduta.xsv.s                               2.97
rva                                1.75926e-08
xduta.xsv.qb                              2.97
xduta.xsv.s2mid                      0.0374379
xdutb.xdut.xr1.xg.py                      2.97
xdutb.xdut.xr1.n1                         2.97
xdutb.xdut.ro1                            2.97
xdutb.xdut.xr1.xg.nm                   2.45665
xdutb.xdut.xr1.xg.ny               8.16795e-09
xdutb.xdut.xr1.x1.py                      2.97
xdutb.xdut.xr1.n2                  1.20185e-07
xdutb.xdut.xr1.x1.ny               1.02592e-07
xdutb.xdut.xr1.x2.py                      2.97
xdutb.xdut.xr1.n3                         2.97
xdutb.xdut.xr1.x2.ny               1.94423e-08
xdutb.xdut.xr1.x3.py                      2.97
xdutb.xdut.xr1.n4                  1.20185e-07
xdutb.xdut.xr1.x3.ny               1.02592e-07
xdutb.xdut.xr1.x4.py                      2.97
xdutb.xdut.xr1.n5                         2.97
xdutb.xdut.xr1.x4.ny               1.94423e-08
xdutb.xdut.xr1.x5.py                      2.97
xdutb.xdut.xr1.n6                  1.20185e-07
xdutb.xdut.xr1.x5.ny               1.02592e-07
xdutb.xdut.xr1.x6.py                      2.97
xdutb.xdut.xr1.n7                         2.97
xdutb.xdut.xr1.x6.ny               1.94423e-08
xdutb.xdut.xr1.x7.py                      2.97
xdutb.xdut.xr1.n8                  1.20185e-07
xdutb.xdut.xr1.x7.ny               1.02592e-07
xdutb.xdut.xr1.x8.py                      2.97
xdutb.xdut.xr1.n9                         2.97
xdutb.xdut.xr1.x8.ny               1.94423e-08
xdutb.xdut.xr1.x9.py                      2.97
xdutb.xdut.xr1.n10                 1.20185e-07
xdutb.xdut.xr1.x9.ny               1.02592e-07
xdutb.xdut.xr1.x10.py                     2.97
xdutb.xdut.xr1.x10.ny              1.94423e-08
xdutb.xdut.xr2.xg.py                      2.97
xdutb.xdut.xr2.n1                         2.97
xdutb.xdut.ro2                            2.97
xdutb.xdut.xr2.xg.nm                   2.45667
xdutb.xdut.xr2.xg.ny               7.58478e-09
xdutb.xdut.xr2.x1.py                      2.97
xdutb.xdut.xr2.n2                  1.12858e-07
xdutb.xdut.xr2.x1.ny               9.52657e-08
xdutb.xdut.xr2.x2.py                      2.97
xdutb.xdut.xr2.n3                         2.97
xdutb.xdut.xr2.x2.ny               1.80539e-08
xdutb.xdut.xr2.x3.py                      2.97
xdutb.xdut.xr2.n4                  1.12858e-07
xdutb.xdut.xr2.x3.ny               9.52657e-08
xdutb.xdut.xr2.x4.py                      2.97
xdutb.xdut.xr2.n5                         2.97
xdutb.xdut.xr2.x4.ny               1.80539e-08
xdutb.xdut.xr2.x5.py                      2.97
xdutb.xdut.xr2.n6                  1.12858e-07
xdutb.xdut.xr2.x5.ny               9.52657e-08
xdutb.xdut.xr2.x6.py                      2.97
xdutb.xdut.xr2.n7                         2.97
xdutb.xdut.xr2.x6.ny               1.80539e-08
xdutb.xdut.xr2.x7.py                      2.97
xdutb.xdut.xr2.n8                  1.12858e-07
xdutb.xdut.xr2.x7.ny               9.52657e-08
xdutb.xdut.xr2.x8.py                      2.97
xdutb.xdut.xr2.n9                         2.97
xdutb.xdut.xr2.x8.ny               1.80539e-08
xdutb.xdut.xr2.x9.py                      2.97
xdutb.xdut.xr2.n10                 1.12858e-07
xdutb.xdut.xr2.x9.ny               9.52657e-08
xdutb.xdut.xr2.x10.py                     2.97
xdutb.xdut.xr2.x10.ny              1.80539e-08
xdutb.xdut.xa1.an                  1.75926e-08
xdutb.xdut.xa1.bn                  1.75926e-08
xdutb.xdut.xa1.mid                    0.744402
xdutb.xo                           1.70399e-07
xdutb.xdut.xa1.s1                  8.51997e-08
xdutb.xdut.xa1.s2                  3.58997e-08
xdutb.xsb.clkb                            2.97
xdutb.xsb.m                        2.05465e-07
xdutb.xsb.mb                              2.97
xdutb.xsb.mmid                        0.037438
xdutb.xsb.mc                       3.51454e-08
xdutb.xsb.s                               2.97
rbb                                1.75926e-08
xdutb.xsb.qb                              2.97
xdutb.xsb.s2mid                      0.0374379
xdutb.xsv.clkb                            2.97
xdutb.xsv.m                               2.97
xdutb.xsv.mb                              2.97
xdutb.xsv.mmid                         2.45667
xdutb.xsv.mc                       3.85191e-08
xdutb.xsv.s                               2.97
rvb                                1.75926e-08
xdutb.xsv.qb                              2.97
xdutb.xsv.s2mid                      0.0374379
qa                                -1.86776e-20
qb                                -1.86777e-20
vsb#branch                         1.86777e-10
vsa#branch                         1.86776e-10
vclk1#branch                                 0
vclk0#branch                                 0
vrst#branch                                  0
ven#branch                                   0
vsup#branch                       -3.73553e-10

 Reference value :  0.00000e+00
 Reference value :  1.94560e-08
 Reference value :  3.92560e-08
 Reference value :  5.90560e-08
 Reference value :  7.88560e-08
 Reference value :  9.92560e-08
 Reference value :  1.10880e-07
 Reference value :  1.27480e-07
 Reference value :  1.48080e-07
 Reference value :  1.68680e-07
 Reference value :  1.88680e-07
 Reference value :  2.01914e-07
 Reference value :  2.15714e-07
 Reference value :  2.30914e-07
 Reference value :  2.51914e-07
 Reference value :  2.72314e-07
 Reference value :  2.92714e-07
 Reference value :  3.05980e-07
 Reference value :  3.22180e-07
 Reference value :  3.42380e-07
 Reference value :  3.62780e-07
 Reference value :  3.82780e-07
 Reference value :  4.02780e-07
 Reference value :  4.23380e-07
 Reference value :  4.43580e-07
 Reference value :  4.64180e-07
 Reference value :  4.83980e-07
 Reference value :  5.04380e-07
 Reference value :  5.24380e-07
 Reference value :  5.44580e-07
 Reference value :  5.64380e-07
 Reference value :  5.84180e-07
 Reference value :  6.04580e-07
 Reference value :  6.24580e-07
 Reference value :  6.45180e-07
 Reference value :  6.65780e-07
 Reference value :  6.85580e-07
 Reference value :  7.05980e-07
 Reference value :  7.26180e-07
 Reference value :  7.46780e-07
 Reference value :  7.67180e-07
 Reference value :  7.88180e-07
 Reference value :  8.08380e-07
 Reference value :  8.27980e-07
 Reference value :  8.48580e-07
 Reference value :  8.69580e-07
 Reference value :  8.90180e-07
 Reference value :  9.10780e-07
 Reference value :  9.31780e-07
 Reference value :  9.52380e-07
 Reference value :  9.73380e-07
 Reference value :  9.94580e-07
No. of Data Rows : 5059
qax                 =  -2.66682e-05
qa0                 =  -2.67371e-05
qa1                 =  -2.68047e-05
qbx                 =  -1.28544e-05
qb0                 =  -1.28919e-05
qb1                 =  -1.29294e-05
vro1                =  2.97000e+00
vro2                =  2.97000e+00
vxo                 =  7.63224e-07
vn1                 =  2.97000e+00
vn2                 =  1.18701e-07
vrba                =  -5.35786e-06
vrva                =  2.97000e+00
vrbb                =  1.83200e-08
vrvb                =  2.97000e+00
vsupm               =  2.97000e+00
m_i_idle_clklo_a = 3.3825000000e-10
m_i_idle_clkhi_a = 1.8755000000e-10
m_p_idle_clklo_w = 1.0046025000e-09
m_p_idle_clkhi_w = 5.5702350000e-10
m_i_idle_clklo_prev_a = 3.4435000000e-10
m_i_idle_clkhi_prev_a = 1.8755000000e-10
m_i_idle_worst_a = 3.3825000000e-10
m_p_idle_worst_w = 1.0046025000e-09
m_v_ro1_v = 2.9699990000e+00
m_v_ro2_v = 2.9700000000e+00
m_v_xo_v = 7.6322420000e-07
m_v_n1_v = 2.9699990000e+00
m_v_n2_v = 1.1870130000e-07
m_v_rawbit_clklo_v = -5.357857000e-06
m_v_rawvalid_clklo_v = 2.9699990000e+00
m_v_rawbit_clkhi_v = 1.8320040000e-08
m_v_rawvalid_clkhi_v = 2.9700000000e+00
m_v_sup_v = 2.9700000000e+00
Note: Simulation executed from .control section 

Warning: m=xx on .subckt line will override multiplier m hierarchy!

