
Note: Compatibility modes selected: hs a


Circuit: * ro-inv-05stage-power @ tt_27c_3.30v -- generated by sim/harness, do not edit

Doing analysis at TEMP = 27.000000 and TNOM = 27.000000

Using SPARSE 1.3 as Direct Linear Solver

Initial Transient Solution
--------------------------

Node                                   Voltage
----                                   -------
vdd                                        3.3
n2                                         3.3
n1                                           0
n3                                 5.43322e-09
n4                                         3.3
n5                                 5.43322e-09
q                                  4.97416e-14
xing                                     -1.65
bxing#branch                                 0
vdd#branch                        -0.000497416

 Reference value :  0.00000e+00
 Reference value :  3.96128e-09
 Reference value :  7.80928e-09
 Reference value :  1.17303e-08
 Reference value :  1.55133e-08
 Reference value :  1.91983e-08
 Reference value :  2.29293e-08
 Reference value :  2.69453e-08
 Reference value :  3.08843e-08
 Reference value :  3.50143e-08
 Reference value :  3.87883e-08
 Reference value :  4.26413e-08
No. of Data Rows : 45008
t1                  =  1.28056e-09
t2                  =  1.12221e-08
t3                  =  2.11635e-08
q1                  =  4.28632e-04
q2                  =  3.76216e-03
q3                  =  7.09570e-03
m_period = 6.2134312500e-10
m_f_osc = 1.6094166971e+09
m_i_supply_a = 3.3531517408e-04
m_p_active_w = 1.1065400745e-03
m_e_per_cycle_j = 6.8754106781e-13
m_c_eff_node_f = 1.2627016856e-14
m_i_supply_first16_a = 3.3531521935e-04
m_i_supply_last16_a = 3.3531512882e-04
Note: Simulation executed from .control section 

Warning: m=xx on .subckt line will override multiplier m hierarchy!

