
Note: Compatibility modes selected: hs a


Circuit: * sampler-dff-setup-hold @ ff_27c_2.97v -- generated by sim/harness, do not edit

Doing analysis at TEMP = 27.000000 and TNOM = 27.000000

Using SPARSE 1.3 as Direct Linear Solver

Initial Transient Solution
--------------------------

Node                                   Voltage
----                                   -------
vdd                                       2.97
rst_n                                        0
clk                                          0
d                                            0
xdut.clkb                                 2.97
xdut.m                              3.1089e-08
xdut.mb                                   2.97
xdut.mmid                            0.0738638
xdut.mc                            3.20568e-08
xdut.s                                    2.97
q                                  1.64782e-08
xdut.qb                                   2.97
xdut.s2mid                            0.073864
vth                                      1.485
bvth#branch                                  0
vd#branch                          8.92626e-12
vclk#branch                                  0
vrst#branch                                  0
vdd#branch                        -5.14261e-11

 Reference value :  2.10280e-08
 Reference value :  1.90558e-07
 Reference value :  3.53295e-07
 Reference value :  5.19195e-07
 Reference value :  6.83895e-07
 Reference value :  8.39598e-07
 Reference value :  1.00250e-06
 Reference value :  1.16430e-06
 Reference value :  1.31654e-06
 Reference value :  1.43334e-06
 Reference value :  1.54834e-06
 Reference value :  1.65974e-06
 Reference value :  1.77464e-06
 Reference value :  1.92265e-06
 Reference value :  2.08245e-06
 Reference value :  2.25015e-06
 Reference value :  2.40966e-06
 Reference value :  2.57166e-06
 Reference value :  2.73616e-06
 Reference value :  2.89661e-06
 Reference value :  3.06131e-06
 Reference value :  3.22481e-06
 Reference value :  3.38751e-06
 Reference value :  3.55631e-06
 Reference value :  3.72121e-06
 Reference value :  3.88425e-06
 Reference value :  4.05045e-06
 Reference value :  4.21345e-06
 Reference value :  4.36570e-06
 Reference value :  4.52334e-06
 Reference value :  4.69104e-06
 Reference value :  4.85112e-06
 Reference value :  5.01582e-06
 Reference value :  5.17972e-06
 Reference value :  5.34060e-06
 Reference value :  5.50180e-06
 Reference value :  5.66310e-06
 Reference value :  5.82615e-06
 Reference value :  5.99185e-06
 Reference value :  6.15865e-06
 Reference value :  6.31550e-06
 Reference value :  6.47780e-06
No. of Data Rows : 65274
tclk1               =  3.00001e-07
tclk2               =  1.30000e-06
tq_r1               =  3.00097e-07
tq_f1               =  1.30011e-06
q_rst               =  1.64783e-08
q_e1                =  2.97000e+00
q_e2                =  1.72567e-06
q_e3a               =  -2.56122e-05
q_e3b               =  -1.39229e-06
q_e3c               =  -1.32431e-06
q_e4                =  2.21178e-06
q_e5a               =  2.96994e+00
q_e5b               =  2.97000e+00
q_e5c               =  2.97000e+00
q_e6                =  -1.13399e-05
q_e7a               =  2.97147e+00
q_e7b               =  2.97000e+00
q_e7c               =  2.97000e+00
m_tpd_clk_q_rise_s = 9.6100000000e-11
m_tpd_clk_q_fall_s = 1.0700000000e-10
m_q_rst_v = 1.6478310000e-08
m_q_e1_v = 2.9700000000e+00
m_q_e2_v = 1.7256750000e-06
m_q_e4_v = 2.2117790000e-06
m_q_e3_1ns_v = -2.561220000e-05
m_q_e3_10ns_v = -1.392292000e-06
m_q_e3_100ns_v = -1.324308000e-06
m_q_e3_drift_v = 2.4287892000e-05
m_q_e3_rail_dev_v = -1.324308000e-06
m_q_e5_1ns_v = 2.9699400000e+00
m_q_e5_10ns_v = 2.9699990000e+00
m_q_e5_100ns_v = 2.9700010000e+00
m_q_e5_drift_v = 6.1000000000e-05
m_q_e5_rail_dev_v = -9.999989583e-07
m_q_e6_v = -1.133987000e-05
m_q_e7_1ns_v = 2.9714650000e+00
m_q_e7_10ns_v = 2.9700020000e+00
m_q_e7_100ns_v = 2.9700000000e+00
m_q_e7_drift_v = -1.465000000e-03
m_q_e7_rail_dev_v = 1.0418332863e-12
Note: Simulation executed from .control section 

Warning: m=xx on .subckt line will override multiplier m hierarchy!

