
Note: Compatibility modes selected: hs a


Circuit: * sampler-dff-reset-clocked @ ss_-40c_3.30v -- generated by sim/harness, do not edit

Doing analysis at TEMP = -40.000000 and TNOM = 27.000000

Using SPARSE 1.3 as Direct Linear Solver

Initial Transient Solution
--------------------------

Node                                   Voltage
----                                   -------
vdd                                        3.3
rst_n                                        0
clk                                          0
d                                          3.3
xdut.clkb                                  3.3
xdut.m                                     3.3
xdut.mb                                    3.3
xdut.mmid                              2.54114
xdut.mc                            3.40079e-08
xdut.s                                     3.3
q                                  1.70038e-08
xdut.qb                                    3.3
xdut.s2mid                         1.02795e-05
vth                                       1.65
bvth#branch                                  0
vd#branch                         -9.89977e-12
vclk#branch                                  0
vrst#branch                                  0
vdd#branch                        -3.81263e-11

 Reference value :  0.00000e+00
 Reference value :  1.65628e-07
 Reference value :  3.24028e-07
 Reference value :  4.87028e-07
 Reference value :  6.45002e-07
 Reference value :  8.14402e-07
 Reference value :  9.80902e-07
 Reference value :  1.14865e-06
 Reference value :  1.31435e-06
 Reference value :  1.48455e-06
 Reference value :  1.64520e-06
 Reference value :  1.80860e-06
 Reference value :  1.97470e-06
 Reference value :  2.13995e-06
 Reference value :  2.30825e-06
 Reference value :  2.47265e-06
 Reference value :  2.63710e-06
 Reference value :  2.79910e-06
 Reference value :  2.96430e-06
 Reference value :  3.12875e-06
 Reference value :  3.30105e-06
 Reference value :  3.47135e-06
 Reference value :  3.63265e-06
 Reference value :  3.79825e-06
 Reference value :  3.96705e-06
 Reference value :  4.12834e-06
 Reference value :  4.29404e-06
 Reference value :  4.45934e-06
 Reference value :  4.61929e-06
 Reference value :  4.78029e-06
 Reference value :  4.94819e-06
 Reference value :  5.11005e-06
 Reference value :  5.34165e-06
 Reference value :  5.51493e-06
 Reference value :  5.68803e-06
 Reference value :  5.85593e-06
No. of Data Rows : 60178
q_rst_max           =  1.37656e-01 at=  3.50000e-06
s_rst_min           =  2.80994e+00 at=  3.00000e-06
q_rel               =  2.84712e-06
q_cap               =  3.30000e+00
mb_rst_min          =  3.14224e+00 at=  3.00000e-06
m_q_rst_max_v = 1.3765640000e-01
m_q_rst_max_frac = 4.1714060606e-02
m_s_rst_min_v = 2.8099390000e+00
m_s_rst_dev_frac = 1.4850333333e-01
m_mb_rst_min_v = 3.1422410000e+00
m_q_rel_v = 2.8471240000e-06
m_q_cap_v = 3.3000050000e+00
Note: Simulation executed from .control section 

Warning: m=xx on .subckt line will override multiplier m hierarchy!

