
Note: Compatibility modes selected: hs a


Circuit: * sampler-core-idle-leakage @ tt_125c_3.63v -- generated by sim/harness, do not edit

Doing analysis at TEMP = 125.000000 and TNOM = 27.000000

Using SPARSE 1.3 as Direct Linear Solver

Initial Transient Solution
--------------------------

Node                                   Voltage
----                                   -------
vsup                                      3.63
en                                           0
rst_n                                        0
clk0                                         0
clk1                                         0
vdda                                      3.63
vddb                                      3.63
xduta.xdut.xr1.xg.py                   3.62999
xduta.xdut.xr1.n1                      3.62998
xduta.xdut.ro1                         3.62998
xduta.xdut.xr1.xg.nm                   3.13581
xduta.xdut.xr1.xg.ny               4.28107e-06
xduta.xdut.xr1.x1.py                      3.63
xduta.xdut.xr1.n2                  6.19612e-07
xduta.xdut.xr1.x1.ny               5.34834e-07
xduta.xdut.xr1.x2.py                   3.62998
xduta.xdut.xr1.n3                      3.62998
xduta.xdut.xr1.x2.ny               6.76242e-06
xduta.xdut.xr1.x3.py                      3.63
xduta.xdut.xr1.n4                   6.1968e-07
xduta.xdut.xr1.x3.ny               5.34893e-07
xduta.xdut.xr1.x4.py                   3.62998
xduta.xdut.xr1.n5                      3.62998
xduta.xdut.xr1.x4.ny               6.76242e-06
xduta.xdut.xr1.x5.py                      3.63
xduta.xdut.xr1.n6                   6.1968e-07
xduta.xdut.xr1.x5.ny               5.34893e-07
xduta.xdut.xr1.x6.py                   3.62998
xduta.xdut.xr1.n7                      3.62998
xduta.xdut.xr1.x6.ny               6.76242e-06
xduta.xdut.xr1.x7.py                      3.63
xduta.xdut.xr1.n8                   6.1968e-07
xduta.xdut.xr1.x7.ny               5.34893e-07
xduta.xdut.xr1.x8.py                   3.62998
xduta.xdut.xr1.n9                      3.62998
xduta.xdut.xr1.x8.ny               6.76242e-06
xduta.xdut.xr1.x9.py                      3.63
xduta.xdut.xr1.n10                  6.1968e-07
xduta.xdut.xr1.x9.ny               5.34893e-07
xduta.xdut.xr1.x10.py                  3.62998
xduta.xdut.xr1.x10.ny              6.76242e-06
xduta.xdut.xr2.xg.py                   3.62999
xduta.xdut.xr2.n1                      3.62999
xduta.xdut.ro2                         3.62998
xduta.xdut.xr2.xg.nm                   3.13581
xduta.xdut.xr2.xg.ny               3.97604e-06
xduta.xdut.xr2.x1.py                      3.63
xduta.xdut.xr2.n2                  5.81495e-07
xduta.xdut.xr2.x1.ny               4.96718e-07
xduta.xdut.xr2.x2.py                   3.62998
xduta.xdut.xr2.n3                      3.62998
xduta.xdut.xr2.x2.ny               6.28063e-06
xduta.xdut.xr2.x3.py                      3.63
xduta.xdut.xr2.n4                  5.81556e-07
xduta.xdut.xr2.x3.ny                4.9677e-07
xduta.xdut.xr2.x4.py                   3.62998
xduta.xdut.xr2.n5                      3.62998
xduta.xdut.xr2.x4.ny               6.28063e-06
xduta.xdut.xr2.x5.py                      3.63
xduta.xdut.xr2.n6                  5.81556e-07
xduta.xdut.xr2.x5.ny                4.9677e-07
xduta.xdut.xr2.x6.py                   3.62998
xduta.xdut.xr2.n7                      3.62998
xduta.xdut.xr2.x6.ny               6.28063e-06
xduta.xdut.xr2.x7.py                      3.63
xduta.xdut.xr2.n8                  5.81556e-07
xduta.xdut.xr2.x7.ny                4.9677e-07
xduta.xdut.xr2.x8.py                   3.62998
xduta.xdut.xr2.n9                      3.62998
xduta.xdut.xr2.x8.ny               6.28063e-06
xduta.xdut.xr2.x9.py                      3.63
xduta.xdut.xr2.n10                 5.81556e-07
xduta.xdut.xr2.x9.ny                4.9677e-07
xduta.xdut.xr2.x10.py                  3.62998
xduta.xdut.xr2.x10.ny              6.28063e-06
xduta.xdut.xa1.an                   8.4789e-08
xduta.xdut.xa1.bn                  8.47875e-08
xduta.xdut.xa1.mid                    0.655293
xduta.xo                            4.1317e-07
xduta.xdut.xa1.s1                  2.06585e-07
xduta.xdut.xa1.s2                  2.04697e-07
xduta.xsb.clkb                            3.63
xduta.xsb.m                         4.6294e-07
xduta.xsb.mb                              3.63
xduta.xsb.mmid                       0.0935556
xduta.xsb.mc                       1.09913e-07
xduta.xsb.s                               3.63
rba                                8.47615e-08
xduta.xsb.qb                              3.63
xduta.xsb.s2mid                      0.0935554
xduta.xsv.clkb                            3.63
xduta.xsv.m                               3.63
xduta.xsv.mb                              3.63
xduta.xsv.mmid                         3.13583
xduta.xsv.mc                        1.2416e-06
xduta.xsv.s                               3.63
rva                                8.47615e-08
xduta.xsv.qb                              3.63
xduta.xsv.s2mid                      0.0935554
xdutb.xdut.xr1.xg.py                   3.62999
xdutb.xdut.xr1.n1                      3.62998
xdutb.xdut.ro1                         3.62998
xdutb.xdut.xr1.xg.nm                   3.13581
xdutb.xdut.xr1.xg.ny               4.28107e-06
xdutb.xdut.xr1.x1.py                      3.63
xdutb.xdut.xr1.n2                  6.19612e-07
xdutb.xdut.xr1.x1.ny               5.34834e-07
xdutb.xdut.xr1.x2.py                   3.62998
xdutb.xdut.xr1.n3                      3.62998
xdutb.xdut.xr1.x2.ny               6.76242e-06
xdutb.xdut.xr1.x3.py                      3.63
xdutb.xdut.xr1.n4                   6.1968e-07
xdutb.xdut.xr1.x3.ny               5.34893e-07
xdutb.xdut.xr1.x4.py                   3.62998
xdutb.xdut.xr1.n5                      3.62998
xdutb.xdut.xr1.x4.ny               6.76242e-06
xdutb.xdut.xr1.x5.py                      3.63
xdutb.xdut.xr1.n6                   6.1968e-07
xdutb.xdut.xr1.x5.ny               5.34893e-07
xdutb.xdut.xr1.x6.py                   3.62998
xdutb.xdut.xr1.n7                      3.62998
xdutb.xdut.xr1.x6.ny               6.76242e-06
xdutb.xdut.xr1.x7.py                      3.63
xdutb.xdut.xr1.n8                   6.1968e-07
xdutb.xdut.xr1.x7.ny               5.34893e-07
xdutb.xdut.xr1.x8.py                   3.62998
xdutb.xdut.xr1.n9                      3.62998
xdutb.xdut.xr1.x8.ny               6.76242e-06
xdutb.xdut.xr1.x9.py                      3.63
xdutb.xdut.xr1.n10                  6.1968e-07
xdutb.xdut.xr1.x9.ny               5.34893e-07
xdutb.xdut.xr1.x10.py                  3.62998
xdutb.xdut.xr1.x10.ny              6.76242e-06
xdutb.xdut.xr2.xg.py                   3.62999
xdutb.xdut.xr2.n1                      3.62999
xdutb.xdut.ro2                         3.62998
xdutb.xdut.xr2.xg.nm                   3.13581
xdutb.xdut.xr2.xg.ny               3.97604e-06
xdutb.xdut.xr2.x1.py                      3.63
xdutb.xdut.xr2.n2                  5.81495e-07
xdutb.xdut.xr2.x1.ny               4.96718e-07
xdutb.xdut.xr2.x2.py                   3.62998
xdutb.xdut.xr2.n3                      3.62998
xdutb.xdut.xr2.x2.ny               6.28063e-06
xdutb.xdut.xr2.x3.py                      3.63
xdutb.xdut.xr2.n4                  5.81556e-07
xdutb.xdut.xr2.x3.ny                4.9677e-07
xdutb.xdut.xr2.x4.py                   3.62998
xdutb.xdut.xr2.n5                      3.62998
xdutb.xdut.xr2.x4.ny               6.28063e-06
xdutb.xdut.xr2.x5.py                      3.63
xdutb.xdut.xr2.n6                  5.81556e-07
xdutb.xdut.xr2.x5.ny                4.9677e-07
xdutb.xdut.xr2.x6.py                   3.62998
xdutb.xdut.xr2.n7                      3.62998
xdutb.xdut.xr2.x6.ny               6.28063e-06
xdutb.xdut.xr2.x7.py                      3.63
xdutb.xdut.xr2.n8                  5.81556e-07
xdutb.xdut.xr2.x7.ny                4.9677e-07
xdutb.xdut.xr2.x8.py                   3.62998
xdutb.xdut.xr2.n9                      3.62998
xdutb.xdut.xr2.x8.ny               6.28063e-06
xdutb.xdut.xr2.x9.py                      3.63
xdutb.xdut.xr2.n10                 5.81556e-07
xdutb.xdut.xr2.x9.ny                4.9677e-07
xdutb.xdut.xr2.x10.py                  3.62998
xdutb.xdut.xr2.x10.ny              6.28063e-06
xdutb.xdut.xa1.an                   8.4789e-08
xdutb.xdut.xa1.bn                  8.47875e-08
xdutb.xdut.xa1.mid                    0.655293
xdutb.xo                            4.1317e-07
xdutb.xdut.xa1.s1                  2.06585e-07
xdutb.xdut.xa1.s2                  2.04697e-07
xdutb.xsb.clkb                            3.63
xdutb.xsb.m                        4.62941e-07
xdutb.xsb.mb                              3.63
xdutb.xsb.mmid                       0.0935556
xdutb.xsb.mc                       1.09913e-07
xdutb.xsb.s                               3.63
rbb                                8.47615e-08
xdutb.xsb.qb                              3.63
xdutb.xsb.s2mid                      0.0935554
xdutb.xsv.clkb                            3.63
xdutb.xsv.m                               3.63
xdutb.xsv.mb                              3.63
xdutb.xsv.mmid                         3.13583
xdutb.xsv.mc                        1.2416e-06
xdutb.xsv.s                               3.63
rvb                                8.47615e-08
xdutb.xsv.qb                              3.63
xdutb.xsv.s2mid                      0.0935554
qa                                -2.94079e-19
qb                                 -2.9408e-19
vsb#branch                          2.9408e-09
vsa#branch                         2.94079e-09
vclk1#branch                                 0
vclk0#branch                                 0
vrst#branch                                  0
ven#branch                                   0
vsup#branch                       -5.88159e-09

 Reference value :  0.00000e+00
 Reference value :  2.20560e-08
 Reference value :  4.44560e-08
 Reference value :  6.70560e-08
 Reference value :  8.96560e-08
 Reference value :  1.05217e-07
 Reference value :  1.24617e-07
 Reference value :  1.47417e-07
 Reference value :  1.70417e-07
 Reference value :  1.93217e-07
 Reference value :  2.06773e-07
 Reference value :  2.22573e-07
 Reference value :  2.44373e-07
 Reference value :  2.67973e-07
 Reference value :  2.91773e-07
 Reference value :  3.07362e-07
 Reference value :  3.28162e-07
 Reference value :  3.50762e-07
 Reference value :  3.74762e-07
 Reference value :  3.97362e-07
 Reference value :  4.19762e-07
 Reference value :  4.42762e-07
 Reference value :  4.65362e-07
 Reference value :  4.87762e-07
 Reference value :  5.10562e-07
 Reference value :  5.33562e-07
 Reference value :  5.56762e-07
 Reference value :  5.79762e-07
 Reference value :  6.02562e-07
 Reference value :  6.25562e-07
 Reference value :  6.47762e-07
 Reference value :  6.70562e-07
 Reference value :  6.93162e-07
 Reference value :  7.15362e-07
 Reference value :  7.38562e-07
 Reference value :  7.61362e-07
 Reference value :  7.84162e-07
 Reference value :  8.06562e-07
 Reference value :  8.29162e-07
 Reference value :  8.51562e-07
 Reference value :  8.74362e-07
 Reference value :  8.97162e-07
 Reference value :  9.20562e-07
 Reference value :  9.43762e-07
 Reference value :  9.66162e-07
 Reference value :  9.88362e-07
No. of Data Rows : 5059
qax                 =  -3.59020e-05
qa0                 =  -3.66103e-05
qa1                 =  -3.73164e-05
qbx                 =  -1.86707e-05
qb0                 =  -1.92623e-05
qb1                 =  -1.98539e-05
vro1                =  3.62998e+00
vro2                =  3.62998e+00
vxo                 =  1.06771e-06
vn1                 =  3.62998e+00
vn2                 =  6.17652e-07
vrba                =  -7.77044e-06
vrva                =  3.63000e+00
vrbb                =  8.56083e-08
vrvb                =  3.63000e+00
vsupm               =  3.63000e+00
m_i_idle_clklo_a = 3.5303500000e-09
m_i_idle_clkhi_a = 2.9581500000e-09
m_p_idle_clklo_w = 1.2815170500e-08
m_p_idle_clkhi_w = 1.0738084500e-08
m_i_idle_clklo_prev_a = 3.5415000000e-09
m_i_idle_clkhi_prev_a = 2.9582000000e-09
m_i_idle_worst_a = 3.5303500000e-09
m_p_idle_worst_w = 1.2815170500e-08
m_v_ro1_v = 3.6299770000e+00
m_v_ro2_v = 3.6299780000e+00
m_v_xo_v = 1.0677110000e-06
m_v_n1_v = 3.6299850000e+00
m_v_n2_v = 6.1765220000e-07
m_v_rawbit_clklo_v = -7.770445000e-06
m_v_rawvalid_clklo_v = 3.6299960000e+00
m_v_rawbit_clkhi_v = 8.5608250000e-08
m_v_rawvalid_clkhi_v = 3.6299980000e+00
m_v_sup_v = 3.6300000000e+00
Note: Simulation executed from .control section 

Warning: m=xx on .subckt line will override multiplier m hierarchy!

