
Note: Compatibility modes selected: hs a


Circuit: * ro-meta-tap-skew @ ss_-40c_3.63v -- generated by sim/harness, do not edit

Doing analysis at TEMP = -40.000000 and TNOM = 27.000000

Using SPARSE 1.3 as Direct Linear Solver

Initial Transient Solution
--------------------------

Node                                   Voltage
----                                   -------
vsup                                      3.63
vth                                      1.815
xin                                          0
xinp                                         0
xt1.s0                                    3.63
xt1.a1                             1.80022e-08
xt1.pa                                    3.63
xt1.b1                             1.80022e-08
xt1.pb                                    3.63
xt1.mq                                       0
xt1.mqn                                   3.63
xt1.xarb.xna.nm                              0
xt1.xarb.xnb.nm                        2.84943
mo1                                       3.63
xt2.s0                                    3.63
xt2.a1                             1.80022e-08
xt2.pa                                    3.63
xt2.b1                             1.80022e-08
xt2.pb                                    3.63
xt2.mq                                       0
xt2.mqn                                   3.63
xt2.xarb.xna.nm                              0
xt2.xarb.xnb.nm                        2.84943
mo2                                       3.63
xt3.s0                                    3.63
xt3.a1                             1.80022e-08
xt3.pa                                    3.63
xt3.b1                             1.80022e-08
xt3.pb                                    3.63
xt3.mq                                       0
xt3.mqn                                   3.63
xt3.xarb.xna.nm                              0
xt3.xarb.xnb.nm                        2.84943
mo3                                       3.63
xt4.s0                                    3.63
xt4.a1                             1.80022e-08
xt4.pa                                    3.63
xt4.b1                             1.80022e-08
xt4.pb                                    3.63
xt4.mq                                       0
xt4.mqn                                   3.63
xt4.xarb.xna.nm                              0
xt4.xarb.xnb.nm                        2.84943
mo4                                       3.63
vddp                                      3.63
xtp.s0                                    3.63
xtp.a1                             1.80022e-08
xtp.pa                                    3.63
xtp.b1                             1.80022e-08
xtp.pb                                    3.63
xtp.mq                                       0
xtp.mqn                                   3.63
xtp.xarb.xna.nm                              0
xtp.xarb.xnb.nm                        2.84943
mop                                       3.63
qp                                -3.85599e-21
bvth#branch                                  0
vp#branch                          3.85599e-11
vinp#branch                                  0
vin#branch                                   0
vsup#branch                        -1.9281e-10

 Reference value :  0.00000e+00
 Reference value :  9.44560e-11
 Reference value :  1.86900e-10
 Reference value :  2.58700e-10
 Reference value :  3.32500e-10
 Reference value :  4.14900e-10
 Reference value :  5.18300e-10
 Reference value :  5.90900e-10
 Reference value :  6.63300e-10
 Reference value :  7.43300e-10
 Reference value :  8.42300e-10
 Reference value :  9.27900e-10
 Reference value :  1.00570e-09
 Reference value :  1.09190e-09
 Reference value :  1.18790e-09
 Reference value :  1.27390e-09
 Reference value :  1.35670e-09
 Reference value :  1.44090e-09
 Reference value :  1.52210e-09
 Reference value :  1.60870e-09
 Reference value :  1.69290e-09
 Reference value :  1.77430e-09
 Reference value :  1.85810e-09
 Reference value :  1.93950e-09
 Reference value :  2.01590e-09
 Reference value :  2.10710e-09
 Reference value :  2.18990e-09
 Reference value :  2.26750e-09
 Reference value :  2.35210e-09
 Reference value :  2.43550e-09
 Reference value :  2.51770e-09
 Reference value :  2.60970e-09
 Reference value :  2.69390e-09
 Reference value :  2.78050e-09
 Reference value :  2.85930e-09
 Reference value :  2.93050e-09
 Reference value :  3.01930e-09
 Reference value :  3.09910e-09
 Reference value :  3.17550e-09
 Reference value :  3.25330e-09
 Reference value :  3.32670e-09
 Reference value :  3.40010e-09
 Reference value :  3.47330e-09
 Reference value :  3.54550e-09
 Reference value :  3.62250e-09
 Reference value :  3.69230e-09
 Reference value :  3.76450e-09
 Reference value :  3.84610e-09
 Reference value :  3.92810e-09
 Reference value :  4.00750e-09
 Reference value :  4.07910e-09
 Reference value :  4.15010e-09
 Reference value :  4.22490e-09
 Reference value :  4.30090e-09
 Reference value :  4.37090e-09
 Reference value :  4.44410e-09
 Reference value :  4.51430e-09
 Reference value :  4.58830e-09
 Reference value :  4.65970e-09
 Reference value :  4.73070e-09
 Reference value :  4.80730e-09
 Reference value :  4.88070e-09
 Reference value :  4.96370e-09
 Reference value :  5.05430e-09
 Reference value :  5.14010e-09
 Reference value :  5.21070e-09
 Reference value :  5.28050e-09
 Reference value :  5.35370e-09
 Reference value :  5.42550e-09
 Reference value :  5.49770e-09
 Reference value :  5.57110e-09
 Reference value :  5.64170e-09
 Reference value :  5.71650e-09
 Reference value :  5.78790e-09
 Reference value :  5.86110e-09
 Reference value :  5.93390e-09
 Reference value :  6.00930e-09
 Reference value :  6.08070e-09
 Reference value :  6.15090e-09
 Reference value :  6.22730e-09
 Reference value :  6.29930e-09
 Reference value :  6.37030e-09
 Reference value :  6.44090e-09
 Reference value :  6.51370e-09
 Reference value :  6.58490e-09
 Reference value :  6.65710e-09
 Reference value :  6.72990e-09
 Reference value :  6.80530e-09
 Reference value :  6.87650e-09
 Reference value :  6.96550e-09
 Reference value :  7.05770e-09
 Reference value :  7.14430e-09
 Reference value :  7.21790e-09
 Reference value :  7.28970e-09
 Reference value :  7.36270e-09
 Reference value :  7.43750e-09
 Reference value :  7.50830e-09
 Reference value :  7.57930e-09
 Reference value :  7.65150e-09
 Reference value :  7.72410e-09
 Reference value :  7.79950e-09
 Reference value :  7.87570e-09
 Reference value :  7.94970e-09
 Reference value :  8.02150e-09
 Reference value :  8.09550e-09
 Reference value :  8.16730e-09
 Reference value :  8.23850e-09
 Reference value :  8.31250e-09
 Reference value :  8.38730e-09
 Reference value :  8.45990e-09
 Reference value :  8.53030e-09
 Reference value :  8.60090e-09
 Reference value :  8.67270e-09
 Reference value :  8.74530e-09
 Reference value :  8.81490e-09
 Reference value :  8.88690e-09
 Reference value :  8.95950e-09
 Reference value :  9.03270e-09
 Reference value :  9.10950e-09
 Reference value :  9.19550e-09
 Reference value :  9.27470e-09
 Reference value :  9.34630e-09
 Reference value :  9.41770e-09
 Reference value :  9.49390e-09
 Reference value :  9.56410e-09
 Reference value :  9.63970e-09
 Reference value :  9.74230e-09
 Reference value :  9.83430e-09
 Reference value :  9.90930e-09
 Reference value :  9.98410e-09
 Reference value :  1.00705e-08
 Reference value :  1.01523e-08
 Reference value :  1.02267e-08
 Reference value :  1.02967e-08
 Reference value :  1.03685e-08
 Reference value :  1.04405e-08
 Reference value :  1.05113e-08
 Reference value :  1.05831e-08
 Reference value :  1.06535e-08
 Reference value :  1.07249e-08
 Reference value :  1.07961e-08
 Reference value :  1.08677e-08
 Reference value :  1.09401e-08
 Reference value :  1.10109e-08
 Reference value :  1.10833e-08
 Reference value :  1.11591e-08
 Reference value :  1.12329e-08
 Reference value :  1.13049e-08
 Reference value :  1.13821e-08
 Reference value :  1.14519e-08
 Reference value :  1.15263e-08
 Reference value :  1.15977e-08
 Reference value :  1.16651e-08
 Reference value :  1.17343e-08
 Reference value :  1.18045e-08
 Reference value :  1.18749e-08
 Reference value :  1.19445e-08
No. of Data Rows : 60089
txf                 =  6.22500e-09
ta1                 =  6.43869e-09
tb1                 =  6.43972e-09
ta2                 =  6.43857e-09
tb2                 =  6.44845e-09
ta3                 =  6.43847e-09
tb3                 =  6.45798e-09
ta4                 =  6.43835e-09
tb4                 =  6.47660e-09
tq2                 =  6.50272e-09
tq4                 =  6.50002e-09
vmo                 =  3.63000e+00
tpa                 =  2.15900e-09
tpb                 =  1.04950e-08
cpa                 =  -1.03330e-04
cpb                 =  -5.03964e-04
m_dt_005ff_s = 1.0360000000e-12
m_dt_05ff_s = 9.8790000000e-12
m_dt_1ff_s = 1.9507000000e-11
m_dt_2ff_s = 3.8246000000e-11
m_dt_per_ff_s = 1.9123000000e-11
m_lin_2ff_over_1ff = 1.9606295176e+00
m_t_path_s = 2.1368600000e-10
m_t_res_05ff_s = 6.4150000000e-11
m_t_res_2ff_s = 6.1666000000e-11
m_mo_final_v = 3.6300000000e+00
m_i_tap_a = -4.806068858e-05
m_p_tap_w = -1.744602995e-04
m_e_period_j = -3.635752643e-13
m_f_drive_hz = 4.7984644914e+08
Note: Simulation executed from .control section 

Warning: m=xx on .subckt line will override multiplier m hierarchy!

