
Note: Compatibility modes selected: hs a


Circuit: * sampler-dff-setup-hold @ fs_27c_3.30v -- generated by sim/harness, do not edit

Doing analysis at TEMP = 27.000000 and TNOM = 27.000000

Using SPARSE 1.3 as Direct Linear Solver

Initial Transient Solution
--------------------------

Node                                   Voltage
----                                   -------
vdd                                        3.3
rst_n                                        0
clk                                          0
d                                            0
xdut.clkb                                  3.3
xdut.rst                                   3.3
xdut.m                             1.29909e-08
xdut.mb                                    3.3
xdut.mc                            3.43573e-08
xdut.s                                     3.3
q                                  1.71805e-08
xdut.qb                                    3.3
vth                                       1.65
bvth#branch                                  0
vd#branch                          5.81331e-12
vclk#branch                                  0
vrst#branch                                  0
vdd#branch                        -7.58732e-11

 Reference value :  1.55280e-08
 Reference value :  1.94365e-07
 Reference value :  3.79691e-07
 Reference value :  5.67191e-07
 Reference value :  7.45991e-07
 Reference value :  9.15607e-07
 Reference value :  1.09261e-06
 Reference value :  1.27651e-06
 Reference value :  1.42019e-06
 Reference value :  1.57399e-06
 Reference value :  1.71789e-06
 Reference value :  1.88445e-06
 Reference value :  2.06395e-06
 Reference value :  2.24755e-06
 Reference value :  2.43325e-06
 Reference value :  2.62135e-06
 Reference value :  2.82052e-06
 Reference value :  3.02082e-06
 Reference value :  3.24352e-06
 Reference value :  3.45050e-06
 Reference value :  3.66510e-06
 Reference value :  3.85555e-06
 Reference value :  4.05895e-06
 Reference value :  4.26665e-06
 Reference value :  4.46499e-06
 Reference value :  4.65674e-06
 Reference value :  4.85105e-06
 Reference value :  5.09365e-06
 Reference value :  5.30230e-06
 Reference value :  5.53390e-06
 Reference value :  5.72860e-06
 Reference value :  5.92005e-06
 Reference value :  6.09335e-06
 Reference value :  6.28815e-06
 Reference value :  6.46919e-06
No. of Data Rows : 65276
tclk1               =  3.00001e-07
tclk2               =  1.30000e-06
tq_r1               =  3.00121e-07
tq_f1               =  1.30011e-06
q_rst               =  1.71804e-08
q_e1                =  3.30001e+00
q_e2                =  -1.59647e-05
q_e3a               =  1.61824e-06
q_e3b               =  7.35897e-07
q_e3c               =  6.95831e-07
q_e4                =  4.00428e-06
q_e5a               =  4.00243e-04
q_e5b               =  3.87710e-06
q_e5c               =  3.76199e-06
q_e6                =  4.00415e-06
q_e7a               =  3.30276e+00
q_e7b               =  3.30001e+00
q_e7c               =  3.30001e+00
m_tpd_clk_q_rise_s = 1.2050000000e-10
m_tpd_clk_q_fall_s = 1.0500000000e-10
m_q_rst_v = 1.7180440000e-08
m_q_e1_v = 3.3000080000e+00
m_q_e2_v = -1.596468000e-05
m_q_e4_v = 4.0042770000e-06
m_q_e3_1ns_v = 1.6182440000e-06
m_q_e3_10ns_v = 7.3589720000e-07
m_q_e3_100ns_v = 6.9583060000e-07
m_q_e3_drift_v = -9.224134000e-07
m_q_e3_rail_dev_v = 6.9583060003e-07
m_q_e5_1ns_v = 4.0024260000e-04
m_q_e5_10ns_v = 3.8770960000e-06
m_q_e5_100ns_v = 3.7619880000e-06
m_q_e5_drift_v = -3.964806120e-04
m_q_e5_rail_dev_v = 3.7619880000e-06
m_q_e6_v = 4.0041490000e-06
m_q_e7_1ns_v = 3.3027650000e+00
m_q_e7_10ns_v = 3.3000080000e+00
m_q_e7_100ns_v = 3.3000080000e+00
m_q_e7_drift_v = -2.757000000e-03
m_q_e7_rail_dev_v = -8.000003308e-06
Note: Simulation executed from .control section 

Warning: m=xx on .subckt line will override multiplier m hierarchy!

