
Note: Compatibility modes selected: hs a


Circuit: * sampler-dff-active-current @ fs_27c_3.30v -- generated by sim/harness, do not edit

Doing analysis at TEMP = 27.000000 and TNOM = 27.000000

Using SPARSE 1.3 as Direct Linear Solver

Initial Transient Solution
--------------------------

Node                                   Voltage
----                                   -------
vsup                                       3.3
clk                                          0
rst_n                                        0
d                                            0
vddv                                       3.3
vddb                                       3.3
xsv.clkb                                   3.3
xsv.m                                      3.3
xsv.mb                                     3.3
xsv.mmid                               2.82703
xsv.mc                             7.15497e-08
xsv.s                                      3.3
qv                                 1.71805e-08
xsv.qb                                     3.3
xsv.s2mid                            0.0734327
xsb.clkb                                   3.3
xsb.m                              3.42525e-08
xsb.mb                                     3.3
xsb.mmid                             0.0734328
xsb.mc                             3.43573e-08
xsb.s                                      3.3
qb                                 1.71805e-08
xsb.qb                                     3.3
xsb.s2mid                            0.0734327
q1                                 -6.6776e-21
q2                                -6.09739e-21
vd#branch                          9.92419e-12
vr2#branch                         5.10497e-11
vr1#branch                          6.6776e-11
vrst#branch                                  0
vclk#branch                                  0
vsup#branch                       -1.17826e-10

 Reference value :  0.00000e+00
 Reference value :  9.59777e-09
 Reference value :  1.90568e-08
 Reference value :  3.00022e-08
 Reference value :  3.95010e-08
 Reference value :  5.05054e-08
No. of Data Rows : 3777
q1a                 =  -1.79673e-05
q1b                 =  -1.79677e-05
q1c                 =  -2.56088e-05
q1d                 =  -2.56092e-05
q1e                 =  -2.56088e-05
q1f                 =  -3.32674e-05
q2a                 =  -9.56558e-05
q2b                 =  -9.56562e-05
q2c                 =  -1.19827e-04
q2d                 =  -1.68643e-04
q2e                 =  -1.19827e-04
q2f                 =  -2.10230e-04
qv_pre              =  1.71803e-08
qv_post             =  3.30000e+00
qb_pre              =  -4.92388e-07
qb_post             =  3.30000e+00
vdd_mean            =  3.30000e+00 from=  3.20000e-08 to=  5.30168e-08
m_q_d_shut_c = 5.5000000002e-20
m_q_d_open_c = 8.1360000000e-15
m_e_d_shut_j = 1.8150000001e-19
m_e_d_open_j = 2.6848800000e-14
m_q_clkcyc_xsv_c = 7.6586100000e-15
m_e_clkcyc_xsv_j = 2.5273413000e-14
m_q_clkcyc_xsb_resid_c = 9.0655000000e-16
m_q_cyc_xsb_total_c = 9.0403100000e-14
m_q_d_shut_xsv_c = 6.3333333333e-20
m_q_d_open_xsv_c = 7.1666666667e-20
m_vdd_mean_v = 3.3000000000e+00
m_qv_pre_v = 1.7180330000e-08
m_qv_post_v = 3.3000000000e+00
m_qb_pre_v = -4.923881000e-07
m_qb_post_v = 3.3000000000e+00
Note: Simulation executed from .control section 

Warning: m=xx on .subckt line will override multiplier m hierarchy!

