
Note: Compatibility modes selected: hs a


Circuit: * ro-cinv-05stage-jitter @ ss_125c_2.97v -- generated by sim/harness, do not edit

Doing analysis at TEMP = 125.000000 and TNOM = 27.000000

Using SPARSE 1.3 as Direct Linear Solver

Initial Transient Solution
--------------------------

Node                                   Voltage
----                                   -------
vdd                                       2.97
nb                                     1.78349
pb                                    0.735886
x1.ph                                     2.97
n2                                        2.97
g1                                           0
x1.nl                              4.92373e-08
x2.ph                                     2.97
n3                                 2.52907e-08
g2                                        2.97
x2.nl                              1.43115e-08
x3.ph                                     2.97
n4                                        2.97
g3                                 2.52907e-08
x3.nl                              4.92373e-08
x4.ph                                     2.97
n5                                 2.52907e-08
g4                                        2.97
x4.nl                              1.43115e-08
x5.ph                                  2.24927
n1                                           0
g5                                 2.52907e-08
x5.nl                              1.90418e-18
xing                                    -1.485
xs40                                    -1.188
xs60                                    -1.782
bs60#branch                                  0
bs40#branch                                  0
bxing#branch                                 0
vn5#branch                                   0
vn4#branch                                   0
vn3#branch                                   0
vn2#branch                                   0
vn1#branch                                   0
vdd#branch                        -0.000243658

 Reference value :  1.47500e-10
 Reference value :  1.70450e-09
 Reference value :  3.27010e-09
 Reference value :  4.87350e-09
 Reference value :  6.21850e-09
 Reference value :  7.66550e-09
 Reference value :  9.31450e-09
 Reference value :  1.08435e-08
 Reference value :  1.22785e-08
 Reference value :  1.36507e-08
 Reference value :  1.50615e-08
 Reference value :  1.63945e-08
 Reference value :  1.78785e-08
 Reference value :  1.93300e-08
 Reference value :  2.07292e-08
 Reference value :  2.20500e-08
 Reference value :  2.34625e-08
 Reference value :  2.49535e-08
 Reference value :  2.63592e-08
 Reference value :  2.79125e-08
 Reference value :  2.93635e-08
 Reference value :  3.06607e-08
 Reference value :  3.21315e-08
 Reference value :  3.35201e-08
 Reference value :  3.48555e-08
 Reference value :  3.62865e-08
 Reference value :  3.76503e-08
 Reference value :  3.89545e-08
 Reference value :  4.02307e-08
 Reference value :  4.15725e-08
 Reference value :  4.28715e-08
 Reference value :  4.41255e-08
 Reference value :  4.54800e-08
 Reference value :  4.68135e-08
 Reference value :  4.82145e-08
 Reference value :  4.95135e-08
 Reference value :  5.07755e-08
 Reference value :  5.21892e-08
 Reference value :  5.34955e-08
 Reference value :  5.48055e-08
 Reference value :  5.61315e-08
 Reference value :  5.77507e-08
 Reference value :  5.93201e-08
 Reference value :  6.05655e-08
 Reference value :  6.18692e-08
 Reference value :  6.31325e-08
 Reference value :  6.46355e-08
 Reference value :  6.59507e-08
 Reference value :  6.73315e-08
 Reference value :  6.86503e-08
 Reference value :  7.00407e-08
 Reference value :  7.17585e-08
 Reference value :  7.30600e-08
 Reference value :  7.46001e-08
 Reference value :  7.59935e-08
 Reference value :  7.73315e-08
 Reference value :  7.86701e-08
 Reference value :  7.99803e-08
 Reference value :  8.14003e-08
 Reference value :  8.27775e-08
 Reference value :  8.41025e-08
 Reference value :  8.54425e-08
 Reference value :  8.66825e-08
 Reference value :  8.80635e-08
 Reference value :  8.94345e-08
 Reference value :  9.07485e-08
 Reference value :  9.21001e-08
 Reference value :  9.34215e-08
 Reference value :  9.47901e-08
 Reference value :  9.61475e-08
 Reference value :  9.74025e-08
 Reference value :  9.88475e-08
 Reference value :  1.00194e-07
 Reference value :  1.01471e-07
 Reference value :  1.03021e-07
 Reference value :  1.04304e-07
 Reference value :  1.05627e-07
 Reference value :  1.06931e-07
 Reference value :  1.08208e-07
 Reference value :  1.09463e-07
 Reference value :  1.10921e-07
 Reference value :  1.12262e-07
 Reference value :  1.13558e-07
 Reference value :  1.14902e-07
 Reference value :  1.16220e-07
 Reference value :  1.17829e-07
 Reference value :  1.19338e-07
 Reference value :  1.20720e-07
 Reference value :  1.22087e-07
 Reference value :  1.23361e-07
 Reference value :  1.24742e-07
 Reference value :  1.26202e-07
 Reference value :  1.27480e-07
 Reference value :  1.28734e-07
 Reference value :  1.30230e-07
 Reference value :  1.31525e-07
 Reference value :  1.32944e-07
 Reference value :  1.34250e-07
 Reference value :  1.35537e-07
 Reference value :  1.36883e-07
 Reference value :  1.38210e-07
 Reference value :  1.39576e-07
 Reference value :  1.40955e-07
 Reference value :  1.42236e-07
 Reference value :  1.43534e-07
 Reference value :  1.44890e-07
 Reference value :  1.46180e-07
 Reference value :  1.47530e-07
 Reference value :  1.48849e-07
 Reference value :  1.50200e-07
 Reference value :  1.51668e-07
 Reference value :  1.52937e-07
 Reference value :  1.54232e-07
 Reference value :  1.55570e-07
 Reference value :  1.56827e-07
 Reference value :  1.58150e-07
 Reference value :  1.59421e-07
 Reference value :  1.60721e-07
 Reference value :  1.62087e-07
 Reference value :  1.63500e-07
 Reference value :  1.64864e-07
 Reference value :  1.66281e-07
 Reference value :  1.67666e-07
 Reference value :  1.69000e-07
 Reference value :  1.70337e-07
 Reference value :  1.71806e-07
 Reference value :  1.73120e-07
 Reference value :  1.74411e-07
 Reference value :  1.75786e-07
 Reference value :  1.77148e-07
 Reference value :  1.78419e-07
 Reference value :  1.79721e-07
 Reference value :  1.80982e-07
 Reference value :  1.82260e-07
 Reference value :  1.83688e-07
 Reference value :  1.84957e-07
 Reference value :  1.86290e-07
 Reference value :  1.87535e-07
 Reference value :  1.88930e-07
 Reference value :  1.90226e-07
 Reference value :  1.91573e-07
 Reference value :  1.92938e-07
 Reference value :  1.94269e-07
 Reference value :  1.95560e-07
 Reference value :  1.96975e-07
 Reference value :  1.98398e-07
 Reference value :  1.99700e-07
 Reference value :  2.01042e-07
 Reference value :  2.02329e-07
 Reference value :  2.03744e-07
 Reference value :  2.05012e-07
 Reference value :  2.06404e-07
 Reference value :  2.07884e-07
 Reference value :  2.09236e-07
 Reference value :  2.10542e-07
 Reference value :  2.11901e-07
 Reference value :  2.13187e-07
 Reference value :  2.14517e-07
 Reference value :  2.15940e-07
 Reference value :  2.17374e-07
 Reference value :  2.18680e-07
 Reference value :  2.20163e-07
 Reference value :  2.21490e-07
 Reference value :  2.22842e-07
 Reference value :  2.24123e-07
 Reference value :  2.25531e-07
 Reference value :  2.26893e-07
 Reference value :  2.28293e-07
 Reference value :  2.29610e-07
 Reference value :  2.31030e-07
 Reference value :  2.32391e-07
 Reference value :  2.33775e-07
 Reference value :  2.35065e-07
 Reference value :  2.36361e-07
 Reference value :  2.37822e-07
 Reference value :  2.39198e-07
 Reference value :  2.40540e-07
 Reference value :  2.41816e-07
 Reference value :  2.43220e-07
 Reference value :  2.44730e-07
 Reference value :  2.46064e-07
 Reference value :  2.47441e-07
 Reference value :  2.48801e-07
 Reference value :  2.50091e-07
 Reference value :  2.51510e-07
 Reference value :  2.52810e-07
 Reference value :  2.54101e-07
 Reference value :  2.55584e-07
 Reference value :  2.56864e-07
 Reference value :  2.58231e-07
 Reference value :  2.59561e-07
 Reference value :  2.60842e-07
 Reference value :  2.62246e-07
 Reference value :  2.63610e-07
 Reference value :  2.64970e-07
 Reference value :  2.66309e-07
 Reference value :  2.67631e-07
 Reference value :  2.69097e-07
 Reference value :  2.70400e-07
 Reference value :  2.71818e-07
 Reference value :  2.73180e-07
 Reference value :  2.74695e-07
 Reference value :  2.76030e-07
 Reference value :  2.77300e-07
 Reference value :  2.78649e-07
 Reference value :  2.80148e-07
 Reference value :  2.81436e-07
 Reference value :  2.82815e-07
 Reference value :  2.84293e-07
 Reference value :  2.85630e-07
 Reference value :  2.86932e-07
 Reference value :  2.88441e-07
 Reference value :  2.89734e-07
 Reference value :  2.91045e-07
 Reference value :  2.92410e-07
 Reference value :  2.93678e-07
 Reference value :  2.94976e-07
 Reference value :  2.96389e-07
 Reference value :  2.97880e-07
 Reference value :  2.99300e-07
 Reference value :  3.00644e-07
 Reference value :  3.01868e-07
 Reference value :  3.03171e-07
 Reference value :  3.04442e-07
 Reference value :  3.05756e-07
 Reference value :  3.07044e-07
 Reference value :  3.08561e-07
 Reference value :  3.09801e-07
 Reference value :  3.11221e-07
 Reference value :  3.12512e-07
 Reference value :  3.13863e-07
 Reference value :  3.15207e-07
 Reference value :  3.16480e-07
 Reference value :  3.17981e-07
 Reference value :  3.19271e-07
 Reference value :  3.20613e-07
 Reference value :  3.21961e-07
 Reference value :  3.23446e-07
 Reference value :  3.24728e-07
 Reference value :  3.26131e-07
 Reference value :  3.27499e-07
 Reference value :  3.28851e-07
No. of Data Rows : 429009
ts40                =  7.72603e-09
ts60                =  7.79147e-09
tk                  =  2.03839e-09
tk                  =  3.94434e-09
tk                  =  5.85041e-09
tk                  =  7.75663e-09
tk                  =  9.66317e-09
tk                  =  1.15693e-08
tk                  =  1.34755e-08
tk                  =  1.53819e-08
tk                  =  1.72883e-08
tk                  =  1.91946e-08
tk                  =  2.11009e-08
tk                  =  2.30073e-08
tk                  =  2.49137e-08
tk                  =  2.68201e-08
tk                  =  2.87265e-08
tk                  =  3.06327e-08
tk                  =  3.25391e-08
tk                  =  3.44453e-08
tk                  =  3.63513e-08
tk                  =  3.82575e-08
tk                  =  4.01640e-08
tk                  =  4.20703e-08
tk                  =  4.39766e-08
tk                  =  4.58828e-08
tk                  =  4.77891e-08
tk                  =  4.96952e-08
tk                  =  5.16016e-08
tk                  =  5.35076e-08
tk                  =  5.54140e-08
tk                  =  5.73203e-08
tk                  =  5.92264e-08
tk                  =  6.11328e-08
tk                  =  6.30392e-08
tk                  =  6.49454e-08
tk                  =  6.68515e-08
tk                  =  6.87576e-08
tk                  =  7.06640e-08
tk                  =  7.25700e-08
tk                  =  7.44764e-08
tk                  =  7.63827e-08
tk                  =  7.82889e-08
tk                  =  8.01952e-08
tk                  =  8.21015e-08
tk                  =  8.40077e-08
tk                  =  8.59142e-08
tk                  =  8.78201e-08
tk                  =  8.97263e-08
tk                  =  9.16325e-08
tk                  =  9.35384e-08
tk                  =  9.54448e-08
tk                  =  9.73510e-08
tk                  =  9.92574e-08
tk                  =  1.01164e-07
tk                  =  1.03070e-07
tk                  =  1.04977e-07
tk                  =  1.06883e-07
tk                  =  1.08789e-07
tk                  =  1.10695e-07
tk                  =  1.12602e-07
tk                  =  1.14508e-07
tk                  =  1.16414e-07
tk                  =  1.18320e-07
tk                  =  1.20227e-07
tk                  =  1.22133e-07
tk                  =  1.24039e-07
tk                  =  1.25946e-07
tk                  =  1.27852e-07
tk                  =  1.29758e-07
tk                  =  1.31665e-07
tk                  =  1.33571e-07
tk                  =  1.35477e-07
tk                  =  1.37384e-07
tk                  =  1.39290e-07
tk                  =  1.41196e-07
tk                  =  1.43102e-07
tk                  =  1.45008e-07
tk                  =  1.46915e-07
tk                  =  1.48821e-07
tk                  =  1.50728e-07
tk                  =  1.52634e-07
tk                  =  1.54540e-07
tk                  =  1.56446e-07
tk                  =  1.58353e-07
tk                  =  1.60259e-07
tk                  =  1.62165e-07
tk                  =  1.64071e-07
tk                  =  1.65977e-07
tk                  =  1.67884e-07
tk                  =  1.69790e-07
tk                  =  1.71696e-07
tk                  =  1.73602e-07
tk                  =  1.75508e-07
tk                  =  1.77415e-07
tk                  =  1.79321e-07
tk                  =  1.81227e-07
tk                  =  1.83134e-07
tk                  =  1.85040e-07
tk                  =  1.86946e-07
tk                  =  1.88852e-07
tk                  =  1.90759e-07
tk                  =  1.92665e-07
tk                  =  1.94571e-07
tk                  =  1.96477e-07
tk                  =  1.98383e-07
tk                  =  2.00289e-07
tk                  =  2.02196e-07
tk                  =  2.04102e-07
tk                  =  2.06008e-07
tk                  =  2.07914e-07
tk                  =  2.09821e-07
tk                  =  2.11727e-07
tk                  =  2.13633e-07
tk                  =  2.15539e-07
tk                  =  2.17446e-07
tk                  =  2.19352e-07
tk                  =  2.21258e-07
tk                  =  2.23164e-07
tk                  =  2.25070e-07
tk                  =  2.26977e-07
tk                  =  2.28883e-07
tk                  =  2.30790e-07
tk                  =  2.32696e-07
tk                  =  2.34602e-07
tk                  =  2.36508e-07
tk                  =  2.38415e-07
tk                  =  2.40321e-07
tk                  =  2.42227e-07
tk                  =  2.44134e-07
tk                  =  2.46040e-07
m_period = 1.9062617969e-09
m_f_osc = 5.2458691752e+08
m_slew_v_per_s = 9.0779881710e+09
m_sigma_1 = 1.7750161846e-13
m_sigma_2 = 2.2326976846e-13
m_sigma_4 = 2.7702216361e-13
m_sigma_8 = 3.5303406234e-13
m_sigma_16 = 4.9244178168e-13
m_sigma_32 = 6.7910355556e-13
Note: Simulation executed from .control section 

Warning: m=xx on .subckt line will override multiplier m hierarchy!

