
Note: Compatibility modes selected: hs a


Circuit: * ro-cinv-05stage-jitter @ ss_125c_2.97v -- generated by sim/harness, do not edit

Doing analysis at TEMP = 125.000000 and TNOM = 27.000000

Using SPARSE 1.3 as Direct Linear Solver

Initial Transient Solution
--------------------------

Node                                   Voltage
----                                   -------
vdd                                       2.97
nb                                     1.78349
pb                                    0.735886
x1.ph                                     2.97
n2                                        2.97
g1                                           0
x1.nl                              4.92373e-08
x2.ph                                     2.97
n3                                 2.52907e-08
g2                                        2.97
x2.nl                              1.43115e-08
x3.ph                                     2.97
n4                                        2.97
g3                                 2.52907e-08
x3.nl                              4.92373e-08
x4.ph                                     2.97
n5                                 2.52907e-08
g4                                        2.97
x4.nl                              1.43115e-08
x5.ph                                  2.24927
n1                                           0
g5                                 2.52907e-08
x5.nl                              1.90418e-18
xing                                    -1.485
xs40                                    -1.188
xs60                                    -1.782
bs60#branch                                  0
bs40#branch                                  0
bxing#branch                                 0
vn5#branch                                   0
vn4#branch                                   0
vn3#branch                                   0
vn2#branch                                   0
vn1#branch                                   0
vdd#branch                        -0.000243658

 Reference value :  2.79250e-10
 Reference value :  1.77070e-09
 Reference value :  3.46350e-09
 Reference value :  4.92550e-09
 Reference value :  6.27000e-09
 Reference value :  7.72150e-09
 Reference value :  9.16850e-09
 Reference value :  1.05492e-08
 Reference value :  1.19100e-08
 Reference value :  1.33292e-08
 Reference value :  1.46855e-08
 Reference value :  1.61535e-08
 Reference value :  1.75803e-08
 Reference value :  1.89800e-08
 Reference value :  2.03800e-08
 Reference value :  2.17000e-08
 Reference value :  2.31245e-08
 Reference value :  2.46401e-08
 Reference value :  2.61707e-08
 Reference value :  2.76075e-08
 Reference value :  2.89845e-08
 Reference value :  3.03215e-08
 Reference value :  3.17965e-08
 Reference value :  3.31392e-08
 Reference value :  3.45501e-08
 Reference value :  3.60192e-08
 Reference value :  3.72975e-08
 Reference value :  3.86200e-08
 Reference value :  3.99055e-08
 Reference value :  4.12992e-08
 Reference value :  4.26455e-08
 Reference value :  4.39575e-08
 Reference value :  4.53500e-08
 Reference value :  4.66625e-08
 Reference value :  4.80903e-08
 Reference value :  4.93555e-08
 Reference value :  5.07855e-08
 Reference value :  5.20601e-08
 Reference value :  5.33365e-08
 Reference value :  5.46635e-08
 Reference value :  5.62445e-08
 Reference value :  5.78000e-08
 Reference value :  5.92365e-08
 Reference value :  6.04825e-08
 Reference value :  6.18107e-08
 Reference value :  6.33115e-08
 Reference value :  6.46807e-08
 Reference value :  6.59055e-08
 Reference value :  6.72075e-08
 Reference value :  6.86607e-08
 Reference value :  7.03425e-08
 Reference value :  7.16800e-08
 Reference value :  7.33503e-08
 Reference value :  7.47175e-08
 Reference value :  7.59992e-08
 Reference value :  7.73201e-08
 Reference value :  7.86301e-08
 Reference value :  8.00607e-08
 Reference value :  8.13775e-08
 Reference value :  8.26400e-08
 Reference value :  8.39645e-08
 Reference value :  8.55792e-08
 Reference value :  8.68825e-08
 Reference value :  8.81707e-08
 Reference value :  8.94875e-08
 Reference value :  9.08755e-08
 Reference value :  9.22375e-08
 Reference value :  9.37103e-08
 Reference value :  9.50155e-08
 Reference value :  9.63755e-08
 Reference value :  9.79025e-08
 Reference value :  9.91501e-08
 Reference value :  1.00529e-07
 Reference value :  1.01893e-07
 Reference value :  1.03161e-07
 Reference value :  1.04422e-07
 Reference value :  1.05712e-07
 Reference value :  1.07036e-07
 Reference value :  1.08431e-07
 Reference value :  1.09820e-07
 Reference value :  1.11122e-07
 Reference value :  1.12443e-07
 Reference value :  1.13743e-07
 Reference value :  1.15447e-07
 Reference value :  1.17000e-07
 Reference value :  1.18411e-07
 Reference value :  1.19720e-07
 Reference value :  1.21005e-07
 Reference value :  1.22371e-07
 Reference value :  1.23774e-07
 Reference value :  1.25093e-07
 Reference value :  1.26363e-07
 Reference value :  1.27850e-07
 Reference value :  1.29180e-07
 Reference value :  1.30579e-07
 Reference value :  1.31870e-07
 Reference value :  1.33184e-07
 Reference value :  1.34531e-07
 Reference value :  1.35829e-07
 Reference value :  1.37269e-07
 Reference value :  1.38578e-07
 Reference value :  1.39875e-07
 Reference value :  1.41159e-07
 Reference value :  1.42516e-07
 Reference value :  1.43900e-07
 Reference value :  1.45177e-07
 Reference value :  1.46561e-07
 Reference value :  1.47911e-07
 Reference value :  1.49310e-07
 Reference value :  1.50602e-07
 Reference value :  1.51928e-07
 Reference value :  1.53246e-07
 Reference value :  1.54543e-07
 Reference value :  1.55877e-07
 Reference value :  1.57171e-07
 Reference value :  1.58609e-07
 Reference value :  1.59911e-07
 Reference value :  1.61302e-07
 Reference value :  1.62632e-07
 Reference value :  1.64028e-07
 Reference value :  1.65440e-07
 Reference value :  1.66756e-07
 Reference value :  1.68088e-07
 Reference value :  1.69535e-07
 Reference value :  1.70851e-07
 Reference value :  1.72137e-07
 Reference value :  1.73487e-07
 Reference value :  1.74821e-07
 Reference value :  1.76094e-07
 Reference value :  1.77366e-07
 Reference value :  1.78637e-07
 Reference value :  1.79990e-07
 Reference value :  1.81340e-07
 Reference value :  1.82630e-07
 Reference value :  1.83907e-07
 Reference value :  1.85192e-07
 Reference value :  1.86560e-07
 Reference value :  1.87870e-07
 Reference value :  1.89231e-07
 Reference value :  1.90641e-07
 Reference value :  1.91950e-07
 Reference value :  1.93330e-07
 Reference value :  1.94683e-07
 Reference value :  1.95960e-07
 Reference value :  1.97360e-07
 Reference value :  1.98656e-07
 Reference value :  2.00022e-07
 Reference value :  2.01327e-07
 Reference value :  2.02737e-07
 Reference value :  2.04029e-07
 Reference value :  2.05397e-07
 Reference value :  2.06790e-07
 Reference value :  2.08120e-07
 Reference value :  2.09453e-07
 Reference value :  2.10760e-07
 Reference value :  2.12134e-07
 Reference value :  2.13431e-07
 Reference value :  2.14720e-07
 Reference value :  2.16100e-07
 Reference value :  2.17521e-07
 Reference value :  2.18860e-07
 Reference value :  2.20196e-07
 Reference value :  2.21557e-07
 Reference value :  2.22849e-07
 Reference value :  2.24130e-07
 Reference value :  2.25626e-07
 Reference value :  2.27177e-07
 Reference value :  2.28498e-07
 Reference value :  2.29833e-07
 Reference value :  2.31205e-07
 Reference value :  2.32521e-07
 Reference value :  2.33816e-07
 Reference value :  2.35085e-07
 Reference value :  2.36455e-07
 Reference value :  2.38098e-07
 Reference value :  2.39501e-07
 Reference value :  2.40776e-07
 Reference value :  2.42378e-07
 Reference value :  2.43691e-07
 Reference value :  2.45092e-07
 Reference value :  2.46620e-07
 Reference value :  2.47929e-07
 Reference value :  2.49194e-07
 Reference value :  2.50656e-07
 Reference value :  2.51923e-07
 Reference value :  2.53358e-07
 Reference value :  2.54681e-07
 Reference value :  2.55941e-07
 Reference value :  2.57318e-07
 Reference value :  2.58591e-07
 Reference value :  2.60036e-07
 Reference value :  2.61520e-07
 Reference value :  2.62934e-07
 Reference value :  2.64238e-07
 Reference value :  2.65498e-07
 Reference value :  2.67006e-07
 Reference value :  2.68394e-07
 Reference value :  2.69775e-07
 Reference value :  2.71424e-07
 Reference value :  2.72719e-07
 Reference value :  2.74027e-07
 Reference value :  2.75292e-07
 Reference value :  2.76743e-07
 Reference value :  2.78222e-07
 Reference value :  2.79560e-07
 Reference value :  2.81044e-07
 Reference value :  2.82321e-07
 Reference value :  2.83671e-07
 Reference value :  2.85261e-07
 Reference value :  2.86539e-07
 Reference value :  2.87811e-07
 Reference value :  2.89144e-07
 Reference value :  2.90411e-07
 Reference value :  2.91695e-07
 Reference value :  2.93293e-07
 Reference value :  2.94702e-07
 Reference value :  2.96200e-07
 Reference value :  2.97471e-07
 Reference value :  2.98771e-07
 Reference value :  3.00154e-07
 Reference value :  3.01439e-07
 Reference value :  3.02747e-07
 Reference value :  3.04056e-07
 Reference value :  3.05544e-07
 Reference value :  3.07020e-07
 Reference value :  3.08543e-07
 Reference value :  3.09836e-07
 Reference value :  3.11210e-07
 Reference value :  3.12607e-07
 Reference value :  3.13925e-07
 Reference value :  3.15406e-07
 Reference value :  3.16702e-07
 Reference value :  3.18070e-07
 Reference value :  3.19444e-07
 Reference value :  3.20859e-07
 Reference value :  3.22180e-07
 Reference value :  3.23560e-07
 Reference value :  3.24903e-07
 Reference value :  3.26294e-07
 Reference value :  3.27778e-07
 Reference value :  3.29149e-07
No. of Data Rows : 429009
ts40                =  7.72536e-09
ts60                =  7.79094e-09
tk                  =  2.03851e-09
tk                  =  3.94401e-09
tk                  =  5.84982e-09
tk                  =  7.75588e-09
tk                  =  9.66215e-09
tk                  =  1.15681e-08
tk                  =  1.34746e-08
tk                  =  1.53807e-08
tk                  =  1.72864e-08
tk                  =  1.91930e-08
tk                  =  2.10990e-08
tk                  =  2.30056e-08
tk                  =  2.49118e-08
tk                  =  2.68181e-08
tk                  =  2.87245e-08
tk                  =  3.06307e-08
tk                  =  3.25369e-08
tk                  =  3.44433e-08
tk                  =  3.63491e-08
tk                  =  3.82552e-08
tk                  =  4.01613e-08
tk                  =  4.20676e-08
tk                  =  4.39740e-08
tk                  =  4.58805e-08
tk                  =  4.77869e-08
tk                  =  4.96931e-08
tk                  =  5.15992e-08
tk                  =  5.35056e-08
tk                  =  5.54118e-08
tk                  =  5.73181e-08
tk                  =  5.92239e-08
tk                  =  6.11301e-08
tk                  =  6.30363e-08
tk                  =  6.49425e-08
tk                  =  6.68486e-08
tk                  =  6.87548e-08
tk                  =  7.06609e-08
tk                  =  7.25671e-08
tk                  =  7.44735e-08
tk                  =  7.63799e-08
tk                  =  7.82860e-08
tk                  =  8.01923e-08
tk                  =  8.20987e-08
tk                  =  8.40047e-08
tk                  =  8.59110e-08
tk                  =  8.78174e-08
tk                  =  8.97235e-08
tk                  =  9.16301e-08
tk                  =  9.35362e-08
tk                  =  9.54422e-08
tk                  =  9.73483e-08
tk                  =  9.92546e-08
tk                  =  1.01161e-07
tk                  =  1.03068e-07
tk                  =  1.04974e-07
tk                  =  1.06880e-07
tk                  =  1.08787e-07
tk                  =  1.10693e-07
tk                  =  1.12599e-07
tk                  =  1.14506e-07
tk                  =  1.16412e-07
tk                  =  1.18318e-07
tk                  =  1.20224e-07
tk                  =  1.22131e-07
tk                  =  1.24037e-07
tk                  =  1.25944e-07
tk                  =  1.27850e-07
tk                  =  1.29757e-07
tk                  =  1.31663e-07
tk                  =  1.33569e-07
tk                  =  1.35475e-07
tk                  =  1.37382e-07
tk                  =  1.39289e-07
tk                  =  1.41195e-07
tk                  =  1.43101e-07
tk                  =  1.45008e-07
tk                  =  1.46914e-07
tk                  =  1.48820e-07
tk                  =  1.50726e-07
tk                  =  1.52633e-07
tk                  =  1.54539e-07
tk                  =  1.56446e-07
tk                  =  1.58352e-07
tk                  =  1.60258e-07
tk                  =  1.62164e-07
tk                  =  1.64071e-07
tk                  =  1.65977e-07
tk                  =  1.67884e-07
tk                  =  1.69790e-07
tk                  =  1.71696e-07
tk                  =  1.73603e-07
tk                  =  1.75509e-07
tk                  =  1.77415e-07
tk                  =  1.79321e-07
tk                  =  1.81227e-07
tk                  =  1.83134e-07
tk                  =  1.85040e-07
tk                  =  1.86946e-07
tk                  =  1.88853e-07
tk                  =  1.90759e-07
tk                  =  1.92666e-07
tk                  =  1.94572e-07
tk                  =  1.96478e-07
tk                  =  1.98385e-07
tk                  =  2.00291e-07
tk                  =  2.02197e-07
tk                  =  2.04104e-07
tk                  =  2.06010e-07
tk                  =  2.07916e-07
tk                  =  2.09822e-07
tk                  =  2.11729e-07
tk                  =  2.13635e-07
tk                  =  2.15542e-07
tk                  =  2.17448e-07
tk                  =  2.19354e-07
tk                  =  2.21261e-07
tk                  =  2.23167e-07
tk                  =  2.25074e-07
tk                  =  2.26980e-07
tk                  =  2.28886e-07
tk                  =  2.30792e-07
tk                  =  2.32699e-07
tk                  =  2.34605e-07
tk                  =  2.36511e-07
tk                  =  2.38417e-07
tk                  =  2.40324e-07
tk                  =  2.42230e-07
tk                  =  2.44136e-07
tk                  =  2.46042e-07
m_period = 1.9062803750e-09
m_f_osc = 5.2458180502e+08
m_slew_v_per_s = 9.0575014104e+09
m_sigma_1 = 2.2309042692e-13
m_sigma_2 = 3.0928101567e-13
m_sigma_4 = 4.2635345627e-13
m_sigma_8 = 6.3423816124e-13
m_sigma_16 = 1.0244589186e-12
m_sigma_32 = 1.9537546688e-12
Note: Simulation executed from .control section 

Warning: m=xx on .subckt line will override multiplier m hierarchy!

