
Note: Compatibility modes selected: hs a


Circuit: * cinv-stage-noise @ tt_125c_2.97v -- generated by sim/harness, do not edit

Doing analysis at TEMP = 125.000000 and TNOM = 27.000000

Using SPARSE 1.3 as Direct Linear Solver

No. of Data Rows : 1
Doing analysis at TEMP = 125.000000 and TNOM = 27.000000

Using SPARSE 1.3 as Direct Linear Solver

No. of Data Rows : 81
Doing analysis at TEMP = 125.000000 and TNOM = 27.000000

Using SPARSE 1.3 as Direct Linear Solver

No. of Data Rows : 81

No. of Data Rows : 1
Doing analysis at TEMP = 125.000000 and TNOM = 27.000000

Using SPARSE 1.3 as Direct Linear Solver

No. of Data Rows : 31

No. of Data Rows : 1
m_vtrip = 1.3646482238e+00
m_vbias_n = 1.6725378793e+00
m_vbias_p = 8.2815233123e-01
m_gain_1meg = 1.9830169288e+01
m_gain_100meg = 1.7327030112e+01
m_gain_1g = 3.5345625066e+00
m_inoise_dens_1meg = 4.2094265821e-08
m_inoise_dens_10meg = 1.8610323876e-08
m_inoise_dens_100meg = 1.3737486917e-08
m_inoise_dens_1g = 1.2957299402e-08
m_inoise_dens_10g = 1.1598327479e-08
m_onoise_dens_1meg = 8.3473641729e-07
m_onoise_dens_1g = 4.5798384654e-08
m_onoise_rms_1k_100g = 5.1306770953e-03
m_onoise_rms_100meg_100g = 3.6490186544e-03
Note: Simulation executed from .control section 

Warning: m=xx on .subckt line will override multiplier m hierarchy!

