
Note: Compatibility modes selected: hs a


Circuit: * sampler-dff-reset-clocked @ fs_27c_2.97v -- generated by sim/harness, do not edit

Doing analysis at TEMP = 27.000000 and TNOM = 27.000000

Using SPARSE 1.3 as Direct Linear Solver

Initial Transient Solution
--------------------------

Node                                   Voltage
----                                   -------
vdd                                       2.97
rst_n                                        0
clk                                          0
d                                         2.97
xdut.clkb                                 2.97
xdut.m                                    2.97
xdut.mb                                   2.97
xdut.mmid                              2.52133
xdut.mc                            6.21541e-08
xdut.s                                    2.97
q                                  1.63263e-08
xdut.qb                                   2.97
xdut.s2mid                           0.0668071
vth                                      1.485
bvth#branch                                  0
vd#branch                         -1.43555e-11
vclk#branch                                  0
vrst#branch                                  0
vdd#branch                         -4.2819e-11

 Reference value :  0.00000e+00
 Reference value :  1.53428e-07
 Reference value :  3.12328e-07
 Reference value :  4.67528e-07
 Reference value :  6.22805e-07
 Reference value :  7.78805e-07
 Reference value :  9.37205e-07
 Reference value :  1.08675e-06
 Reference value :  1.24045e-06
 Reference value :  1.39875e-06
 Reference value :  1.55551e-06
 Reference value :  1.71861e-06
 Reference value :  1.87391e-06
 Reference value :  2.01415e-06
 Reference value :  2.17475e-06
 Reference value :  2.33625e-06
 Reference value :  2.49135e-06
 Reference value :  2.64711e-06
 Reference value :  2.81611e-06
 Reference value :  2.96241e-06
 Reference value :  3.11965e-06
 Reference value :  3.27725e-06
 Reference value :  3.43775e-06
 Reference value :  3.59161e-06
 Reference value :  3.75396e-06
 Reference value :  3.91546e-06
 Reference value :  4.06774e-06
 Reference value :  4.22784e-06
 Reference value :  4.38674e-06
 Reference value :  4.54620e-06
 Reference value :  4.70600e-06
 Reference value :  4.86890e-06
 Reference value :  5.02105e-06
 Reference value :  5.17535e-06
 Reference value :  5.33815e-06
 Reference value :  5.49285e-06
 Reference value :  5.64542e-06
 Reference value :  5.81062e-06
 Reference value :  5.97592e-06
No. of Data Rows : 60177
q_rst_max           =  1.18216e-01 at=  1.50000e-06
s_rst_min           =  2.54096e+00 at=  1.00000e-06
q_rel               =  2.39822e-06
q_cap               =  2.97000e+00
mb_rst_min          =  2.83744e+00 at=  1.00000e-06
m_q_rst_max_v = 1.1821630000e-01
m_q_rst_max_frac = 3.9803468013e-02
m_s_rst_min_v = 2.5409560000e+00
m_s_rst_dev_frac = 1.4445925926e-01
m_mb_rst_min_v = 2.8374360000e+00
m_q_rel_v = 2.3982190000e-06
m_q_cap_v = 2.9700040000e+00
Note: Simulation executed from .control section 

Warning: m=xx on .subckt line will override multiplier m hierarchy!

