
Note: Compatibility modes selected: hs a


Circuit: * sampler-dff-reset-current-xsb @ ss_125c_3.63v -- generated by sim/harness, do not edit

Doing analysis at TEMP = 125.000000 and TNOM = 27.000000

Using SPARSE 1.3 as Direct Linear Solver

Initial Transient Solution
--------------------------

Node                                   Voltage
----                                   -------
vdd                                       3.63
rst_n                                        0
clk                                          0
d                                            0
xdut.clkb                                 3.63
xdut.rst                                  3.63
xdut.m                             2.09121e-08
xdut.mb                                   3.63
xdut.mc                            6.26631e-08
xdut.s                                    3.63
q                                  3.42943e-08
xdut.qb                                   3.63
qint                                1.1588e-20
vd#branch                          6.44309e-12
vdd#branch                        -1.22323e-10
vclk#branch                                  0
vrst#branch                                  0

 Reference value :  4.12050e-10
 Reference value :  2.64105e-09
No. of Data Rows : 4720
qint1               =  4.10772e-05
qint2               =  2.05391e-04
qint3               =  3.69706e-04
qout_rst            =  -1.37573e-06
m_i_reset_xsb_a = 8.2157120000e-05
m_p_reset_xsb_w = 2.9823034560e-04
m_i_reset_xsb_first_a = 8.2157090000e-05
m_i_reset_xsb_last_a = 8.2157150000e-05
m_q_v = -1.375728000e-06
Note: Simulation executed from .control section 

Warning: m=xx on .subckt line will override multiplier m hierarchy!

