
Note: Compatibility modes selected: hs a


Circuit: * inv-stage-noise @ ff_125c_2.97v -- generated by sim/harness, do not edit

Doing analysis at TEMP = 125.000000 and TNOM = 27.000000

Using SPARSE 1.3 as Direct Linear Solver

No. of Data Rows : 1
Doing analysis at TEMP = 125.000000 and TNOM = 27.000000

Using SPARSE 1.3 as Direct Linear Solver

No. of Data Rows : 81
Doing analysis at TEMP = 125.000000 and TNOM = 27.000000

Using SPARSE 1.3 as Direct Linear Solver

No. of Data Rows : 81

No. of Data Rows : 1
Doing analysis at TEMP = 125.000000 and TNOM = 27.000000

Using SPARSE 1.3 as Direct Linear Solver

No. of Data Rows : 31

No. of Data Rows : 1
m_vtrip = 1.3921015262e+00
m_gain_1meg = 1.4695749520e+01
m_gain_100meg = 1.4462426714e+01
m_gain_1g = 7.1277592151e+00
m_inoise_dens_1meg = 4.4348452833e-08
m_inoise_dens_10meg = 1.6712484456e-08
m_inoise_dens_100meg = 9.7156374835e-09
m_inoise_dens_1g = 8.5985074984e-09
m_inoise_dens_10g = 8.2063711978e-09
m_onoise_dens_1meg = 6.5173375443e-07
m_onoise_dens_1g = 6.1288091058e-08
m_onoise_rms_1k_100g = 4.3418803138e-03
m_onoise_rms_100meg_100g = 3.5679037987e-03
Note: Simulation executed from .control section 

Warning: m=xx on .subckt line will override multiplier m hierarchy!

