
Note: Compatibility modes selected: hs a


Circuit: * ro-inv-05stage-jitter @ ff_125c_2.97v -- generated by sim/harness, do not edit

Doing analysis at TEMP = 125.000000 and TNOM = 27.000000

Using SPARSE 1.3 as Direct Linear Solver

Initial Transient Solution
--------------------------

Node                                   Voltage
----                                   -------
vdd                                       2.97
n2                                        2.97
g1                                           0
n3                                 4.13337e-07
g2                                        2.97
n4                                        2.97
g3                                 4.13337e-07
n5                                 4.13337e-07
g4                                        2.97
n1                                           0
g5                                 4.13337e-07
xing                                    -1.485
xs40                                    -1.188
xs60                                    -1.782
bs60#branch                                  0
bs40#branch                                  0
bxing#branch                                 0
vn5#branch                                   0
vn4#branch                                   0
vn3#branch                                   0
vn2#branch                                   0
vn1#branch                                   0
vdd#branch                        -0.000428541

 Reference value :  4.00000e-14
 Reference value :  2.80850e-09
 Reference value :  5.44250e-09
 Reference value :  8.80150e-09
 Reference value :  1.14700e-08
 Reference value :  1.45000e-08
 Reference value :  1.71900e-08
 Reference value :  2.01535e-08
 Reference value :  2.30115e-08
 Reference value :  2.59685e-08
 Reference value :  2.94875e-08
 Reference value :  3.25355e-08
 Reference value :  3.57645e-08
 Reference value :  3.89507e-08
 Reference value :  4.24275e-08
 Reference value :  4.59775e-08
 Reference value :  4.94225e-08
 Reference value :  5.30165e-08
 Reference value :  5.59025e-08
 Reference value :  5.89400e-08
 Reference value :  6.16103e-08
 Reference value :  6.45675e-08
 Reference value :  6.75875e-08
 Reference value :  7.04601e-08
 Reference value :  7.34725e-08
 Reference value :  7.61785e-08
 Reference value :  7.92192e-08
 Reference value :  8.19185e-08
 Reference value :  8.49607e-08
 Reference value :  8.86555e-08
 Reference value :  9.14675e-08
 Reference value :  9.46603e-08
 Reference value :  9.76565e-08
 Reference value :  1.00795e-07
 Reference value :  1.03646e-07
 Reference value :  1.06730e-07
 Reference value :  1.11034e-07
 Reference value :  1.14572e-07
 Reference value :  1.17320e-07
 Reference value :  1.20640e-07
 Reference value :  1.23434e-07
 Reference value :  1.26409e-07
 Reference value :  1.29681e-07
 Reference value :  1.32464e-07
 Reference value :  1.35441e-07
 Reference value :  1.38191e-07
 Reference value :  1.41360e-07
 Reference value :  1.44175e-07
 Reference value :  1.47296e-07
 Reference value :  1.50215e-07
 Reference value :  1.53241e-07
 Reference value :  1.56419e-07
 Reference value :  1.59572e-07
 Reference value :  1.63460e-07
 Reference value :  1.66589e-07
 Reference value :  1.69390e-07
No. of Data Rows : 221009
ts40                =  2.64912e-09
ts60                =  2.66996e-09
tk                  =  6.94803e-10
tk                  =  1.34961e-09
tk                  =  2.00426e-09
tk                  =  2.65906e-09
tk                  =  3.31388e-09
tk                  =  3.96853e-09
tk                  =  4.62326e-09
tk                  =  5.27810e-09
tk                  =  5.93289e-09
tk                  =  6.58762e-09
tk                  =  7.24250e-09
tk                  =  7.89729e-09
tk                  =  8.55212e-09
tk                  =  9.20705e-09
tk                  =  9.86190e-09
tk                  =  1.05167e-08
tk                  =  1.11716e-08
tk                  =  1.18264e-08
tk                  =  1.24811e-08
tk                  =  1.31360e-08
tk                  =  1.37909e-08
tk                  =  1.44456e-08
tk                  =  1.51003e-08
tk                  =  1.57550e-08
tk                  =  1.64098e-08
tk                  =  1.70648e-08
tk                  =  1.77197e-08
tk                  =  1.83745e-08
tk                  =  1.90292e-08
tk                  =  1.96841e-08
tk                  =  2.03390e-08
tk                  =  2.09937e-08
tk                  =  2.16487e-08
tk                  =  2.23034e-08
tk                  =  2.29582e-08
tk                  =  2.36129e-08
tk                  =  2.42676e-08
tk                  =  2.49225e-08
tk                  =  2.55772e-08
tk                  =  2.62320e-08
tk                  =  2.68867e-08
tk                  =  2.75415e-08
tk                  =  2.81966e-08
tk                  =  2.88514e-08
tk                  =  2.95062e-08
tk                  =  3.01610e-08
tk                  =  3.08158e-08
tk                  =  3.14703e-08
tk                  =  3.21253e-08
tk                  =  3.27801e-08
tk                  =  3.34349e-08
tk                  =  3.40896e-08
tk                  =  3.47444e-08
tk                  =  3.53992e-08
tk                  =  3.60541e-08
tk                  =  3.67087e-08
tk                  =  3.73634e-08
tk                  =  3.80184e-08
tk                  =  3.86731e-08
tk                  =  3.93280e-08
tk                  =  3.99827e-08
tk                  =  4.06376e-08
tk                  =  4.12924e-08
tk                  =  4.19471e-08
tk                  =  4.26018e-08
tk                  =  4.32567e-08
tk                  =  4.39115e-08
tk                  =  4.45662e-08
tk                  =  4.52211e-08
tk                  =  4.58760e-08
tk                  =  4.65309e-08
tk                  =  4.71857e-08
tk                  =  4.78405e-08
tk                  =  4.84953e-08
tk                  =  4.91499e-08
tk                  =  4.98047e-08
tk                  =  5.04595e-08
tk                  =  5.11143e-08
tk                  =  5.17690e-08
tk                  =  5.24237e-08
tk                  =  5.30785e-08
tk                  =  5.37333e-08
tk                  =  5.43882e-08
tk                  =  5.50430e-08
tk                  =  5.56979e-08
tk                  =  5.63526e-08
tk                  =  5.70074e-08
tk                  =  5.76621e-08
tk                  =  5.83168e-08
tk                  =  5.89716e-08
tk                  =  5.96263e-08
tk                  =  6.02810e-08
tk                  =  6.09358e-08
tk                  =  6.15908e-08
tk                  =  6.22456e-08
tk                  =  6.29005e-08
tk                  =  6.35552e-08
tk                  =  6.42101e-08
tk                  =  6.48650e-08
tk                  =  6.55200e-08
tk                  =  6.61748e-08
tk                  =  6.68296e-08
tk                  =  6.74844e-08
tk                  =  6.81392e-08
tk                  =  6.87939e-08
tk                  =  6.94486e-08
tk                  =  7.01034e-08
tk                  =  7.07580e-08
tk                  =  7.14128e-08
tk                  =  7.20678e-08
tk                  =  7.27224e-08
tk                  =  7.33775e-08
tk                  =  7.40321e-08
tk                  =  7.46870e-08
tk                  =  7.53418e-08
tk                  =  7.59967e-08
tk                  =  7.66516e-08
tk                  =  7.73064e-08
tk                  =  7.79614e-08
tk                  =  7.86162e-08
tk                  =  7.92708e-08
tk                  =  7.99257e-08
tk                  =  8.05806e-08
tk                  =  8.12354e-08
tk                  =  8.18901e-08
tk                  =  8.25447e-08
tk                  =  8.31997e-08
tk                  =  8.38544e-08
tk                  =  8.45093e-08
m_period = 6.5480068047e-10
m_f_osc = 1.5271822859e+09
m_slew_v_per_s = 2.8513824885e+10
m_sigma_1 = 9.7899970690e-14
m_sigma_2 = 1.2719589002e-13
m_sigma_4 = 1.7453921413e-13
m_sigma_8 = 2.3435652452e-13
m_sigma_16 = 2.3567358263e-13
m_sigma_32 = 3.3590860759e-13
Note: Simulation executed from .control section 

Warning: m=xx on .subckt line will override multiplier m hierarchy!

