
Note: Compatibility modes selected: hs a


Circuit: * sampler-dff-reset-current-xsb @ ss_27c_3.30v -- generated by sim/harness, do not edit

Doing analysis at TEMP = 27.000000 and TNOM = 27.000000

Using SPARSE 1.3 as Direct Linear Solver

Initial Transient Solution
--------------------------

Node                                   Voltage
----                                   -------
vdd                                        3.3
rst_n                                        0
clk                                          0
d                                            0
xdut.clkb                                  3.3
xdut.m                             4.12719e-08
xdut.mb                                    3.3
xdut.mmid                           0.00915822
xdut.mc                            4.13647e-08
xdut.s                                     3.3
q                                  2.06834e-08
xdut.qb                                    3.3
xdut.s2mid                           0.0091582
qint                               3.31275e-21
vd#branch                          9.91917e-12
vdd#branch                        -4.30467e-11
vclk#branch                                  0
vrst#branch                                  0

 Reference value :  0.00000e+00
 Reference value :  1.54605e-09
 Reference value :  3.07505e-09
No. of Data Rows : 4720
qint1               =  1.61803e-06
qint2               =  1.68522e-06
qint3               =  1.70653e-06
qout_rst            =  -1.40442e-05
m_i_reset_xsb_a = 2.2123500000e-08
m_p_reset_xsb_w = 7.3007550000e-08
m_i_reset_xsb_first_a = 3.3594500000e-08
m_i_reset_xsb_last_a = 1.0652500000e-08
m_q_v = -1.404415000e-05
Note: Simulation executed from .control section 

Warning: m=xx on .subckt line will override multiplier m hierarchy!

