
Note: Compatibility modes selected: hs a


Circuit: * ro-cinv-09stage-jitter @ tt_27c_3.30v -- generated by sim/harness, do not edit

Doing analysis at TEMP = 27.000000 and TNOM = 27.000000

Using SPARSE 1.3 as Direct Linear Solver

Initial Transient Solution
--------------------------

Node                                   Voltage
----                                   -------
vdd                                        3.3
nb                                     1.69667
pb                                     1.06322
x1.ph                                      3.3
n2                                         3.3
g1                                           0
x1.nl                                1.285e-09
x2.ph                                      3.3
n3                                 1.26707e-08
g2                                         3.3
x2.nl                              7.23752e-09
x3.ph                                      3.3
n4                                         3.3
g3                                 1.26707e-08
x3.nl                                1.285e-09
x4.ph                                      3.3
n5                                 1.26707e-08
g4                                         3.3
x4.nl                              7.23752e-09
x5.ph                                      3.3
n6                                         3.3
g5                                 1.26707e-08
x5.nl                                1.285e-09
x6.ph                                      3.3
n7                                 1.26707e-08
g6                                         3.3
x6.nl                              7.23752e-09
x7.ph                                      3.3
n8                                         3.3
g7                                 1.26707e-08
x7.nl                                1.285e-09
x8.ph                                      3.3
n9                                 1.26707e-08
g8                                         3.3
x8.nl                              7.23752e-09
x9.ph                                  2.38584
n1                                           0
g9                                 1.26707e-08
x9.nl                             -1.01318e-71
xing                                     -1.65
xs40                                     -1.32
xs60                                     -1.98
bs60#branch                                  0
bs40#branch                                  0
bxing#branch                                 0
vn9#branch                                   0
vn8#branch                                   0
vn7#branch                                   0
vn6#branch                                   0
vn5#branch                                   0
vn4#branch                                   0
vn3#branch                                   0
vn2#branch                                   0
vn1#branch                                   0
vdd#branch                        -0.000371965

 Reference value :  5.28000e-12
 Reference value :  8.73500e-10
 Reference value :  1.69250e-09
 Reference value :  2.66450e-09
 Reference value :  3.54000e-09
 Reference value :  4.29010e-09
 Reference value :  5.14150e-09
 Reference value :  6.14000e-09
 Reference value :  6.97450e-09
 Reference value :  8.24010e-09
 Reference value :  9.28550e-09
 Reference value :  1.01515e-08
 Reference value :  1.09265e-08
 Reference value :  1.17075e-08
 Reference value :  1.26225e-08
 Reference value :  1.34425e-08
 Reference value :  1.42985e-08
 Reference value :  1.51503e-08
 Reference value :  1.62525e-08
 Reference value :  1.71485e-08
 Reference value :  1.80403e-08
 Reference value :  1.90185e-08
 Reference value :  1.99055e-08
 Reference value :  2.07101e-08
 Reference value :  2.15175e-08
 Reference value :  2.24025e-08
 Reference value :  2.33085e-08
 Reference value :  2.41575e-08
 Reference value :  2.50275e-08
 Reference value :  2.59155e-08
 Reference value :  2.73592e-08
 Reference value :  2.82207e-08
 Reference value :  2.91715e-08
 Reference value :  3.01015e-08
 Reference value :  3.09455e-08
 Reference value :  3.19092e-08
 Reference value :  3.28265e-08
 Reference value :  3.36985e-08
 Reference value :  3.46925e-08
 Reference value :  3.55925e-08
 Reference value :  3.64565e-08
 Reference value :  3.74055e-08
 Reference value :  3.82615e-08
 Reference value :  3.97492e-08
 Reference value :  4.08475e-08
 Reference value :  4.17415e-08
 Reference value :  4.27155e-08
 Reference value :  4.38185e-08
 Reference value :  4.53155e-08
 Reference value :  4.61825e-08
 Reference value :  4.73703e-08
 Reference value :  4.85885e-08
 Reference value :  4.94475e-08
 Reference value :  5.03215e-08
 Reference value :  5.12600e-08
 Reference value :  5.20825e-08
 Reference value :  5.29915e-08
 Reference value :  5.38915e-08
 Reference value :  5.47755e-08
 Reference value :  5.57165e-08
 Reference value :  5.66975e-08
 Reference value :  5.80975e-08
 Reference value :  5.89135e-08
 Reference value :  5.97992e-08
 Reference value :  6.06792e-08
 Reference value :  6.15985e-08
 Reference value :  6.24792e-08
 Reference value :  6.33525e-08
 Reference value :  6.42192e-08
 Reference value :  6.51415e-08
 Reference value :  6.67435e-08
 Reference value :  6.76585e-08
 Reference value :  6.84235e-08
 Reference value :  6.92975e-08
 Reference value :  7.02865e-08
 Reference value :  7.11907e-08
 Reference value :  7.21207e-08
 Reference value :  7.30403e-08
 Reference value :  7.39565e-08
 Reference value :  7.48203e-08
 Reference value :  7.57301e-08
 Reference value :  7.66655e-08
 Reference value :  7.74975e-08
 Reference value :  7.82492e-08
 Reference value :  7.90985e-08
 Reference value :  8.00285e-08
 Reference value :  8.12175e-08
 Reference value :  8.20803e-08
 Reference value :  8.29801e-08
 Reference value :  8.40075e-08
 Reference value :  8.48435e-08
 Reference value :  8.57325e-08
 Reference value :  8.66135e-08
 Reference value :  8.74700e-08
 Reference value :  8.83601e-08
 Reference value :  8.93300e-08
 Reference value :  9.03501e-08
 Reference value :  9.11725e-08
 Reference value :  9.20235e-08
 Reference value :  9.29200e-08
 Reference value :  9.37092e-08
 Reference value :  9.44775e-08
 Reference value :  9.54201e-08
 Reference value :  9.62685e-08
 Reference value :  9.71135e-08
 Reference value :  9.79300e-08
 Reference value :  9.89125e-08
 Reference value :  1.00393e-07
 Reference value :  1.01488e-07
 Reference value :  1.02305e-07
 Reference value :  1.03178e-07
 Reference value :  1.03951e-07
 Reference value :  1.05141e-07
 Reference value :  1.05918e-07
 Reference value :  1.06636e-07
 Reference value :  1.07345e-07
 Reference value :  1.08216e-07
 Reference value :  1.09070e-07
 Reference value :  1.09831e-07
 Reference value :  1.10608e-07
 Reference value :  1.11328e-07
 Reference value :  1.12152e-07
 Reference value :  1.12884e-07
 Reference value :  1.13673e-07
 Reference value :  1.14440e-07
 Reference value :  1.15158e-07
 Reference value :  1.15940e-07
 Reference value :  1.16741e-07
 Reference value :  1.17496e-07
 Reference value :  1.18225e-07
 Reference value :  1.19030e-07
 Reference value :  1.19812e-07
 Reference value :  1.20645e-07
 Reference value :  1.21405e-07
 Reference value :  1.22277e-07
 Reference value :  1.23068e-07
 Reference value :  1.23961e-07
 Reference value :  1.24840e-07
 Reference value :  1.25769e-07
 Reference value :  1.26536e-07
 Reference value :  1.27303e-07
 Reference value :  1.28200e-07
 Reference value :  1.28979e-07
 Reference value :  1.29721e-07
 Reference value :  1.30569e-07
 Reference value :  1.31429e-07
 Reference value :  1.32801e-07
 Reference value :  1.33600e-07
 Reference value :  1.34516e-07
 Reference value :  1.35438e-07
 Reference value :  1.36211e-07
 Reference value :  1.37035e-07
 Reference value :  1.37840e-07
 Reference value :  1.38645e-07
 Reference value :  1.39479e-07
 Reference value :  1.40290e-07
 Reference value :  1.41036e-07
 Reference value :  1.41835e-07
 Reference value :  1.42650e-07
 Reference value :  1.43390e-07
 Reference value :  1.44201e-07
 Reference value :  1.44991e-07
 Reference value :  1.45826e-07
 Reference value :  1.46744e-07
 Reference value :  1.47638e-07
 Reference value :  1.48483e-07
 Reference value :  1.49340e-07
 Reference value :  1.50230e-07
 Reference value :  1.51130e-07
 Reference value :  1.52471e-07
 Reference value :  1.53499e-07
 Reference value :  1.54664e-07
 Reference value :  1.55457e-07
 Reference value :  1.56160e-07
 Reference value :  1.56881e-07
 Reference value :  1.57644e-07
 Reference value :  1.58367e-07
 Reference value :  1.59087e-07
 Reference value :  1.59831e-07
 Reference value :  1.60610e-07
 Reference value :  1.61331e-07
 Reference value :  1.62077e-07
 Reference value :  1.62788e-07
 Reference value :  1.63611e-07
 Reference value :  1.64451e-07
 Reference value :  1.65350e-07
 Reference value :  1.66096e-07
 Reference value :  1.66917e-07
 Reference value :  1.67756e-07
 Reference value :  1.68542e-07
 Reference value :  1.69384e-07
 Reference value :  1.70170e-07
 Reference value :  1.70932e-07
 Reference value :  1.71657e-07
 Reference value :  1.72413e-07
 Reference value :  1.73178e-07
 Reference value :  1.73900e-07
 Reference value :  1.74653e-07
 Reference value :  1.75397e-07
 Reference value :  1.76135e-07
 Reference value :  1.76910e-07
 Reference value :  1.77681e-07
 Reference value :  1.78492e-07
 Reference value :  1.79280e-07
 Reference value :  1.80145e-07
 Reference value :  1.80987e-07
 Reference value :  1.81776e-07
 Reference value :  1.82571e-07
 Reference value :  1.83567e-07
 Reference value :  1.84310e-07
 Reference value :  1.85199e-07
 Reference value :  1.85935e-07
 Reference value :  1.86661e-07
 Reference value :  1.87470e-07
 Reference value :  1.88240e-07
 Reference value :  1.89028e-07
 Reference value :  1.89806e-07
 Reference value :  1.90588e-07
 Reference value :  1.91354e-07
 Reference value :  1.92075e-07
 Reference value :  1.92880e-07
 Reference value :  1.93716e-07
 Reference value :  1.94499e-07
 Reference value :  1.95261e-07
 Reference value :  1.96152e-07
 Reference value :  1.96968e-07
 Reference value :  1.97745e-07
 Reference value :  1.98574e-07
 Reference value :  1.99332e-07
 Reference value :  2.00160e-07
 Reference value :  2.00962e-07
 Reference value :  2.01713e-07
 Reference value :  2.02534e-07
 Reference value :  2.03416e-07
 Reference value :  2.04198e-07
 Reference value :  2.04990e-07
 Reference value :  2.05761e-07
 Reference value :  2.06628e-07
 Reference value :  2.07400e-07
 Reference value :  2.08220e-07
 Reference value :  2.09003e-07
 Reference value :  2.09761e-07
 Reference value :  2.10577e-07
 Reference value :  2.11335e-07
 Reference value :  2.12149e-07
 Reference value :  2.13002e-07
 Reference value :  2.13861e-07
 Reference value :  2.14690e-07
 Reference value :  2.15437e-07
 Reference value :  2.16206e-07
 Reference value :  2.17092e-07
 Reference value :  2.17860e-07
 Reference value :  2.18702e-07
 Reference value :  2.19432e-07
 Reference value :  2.20197e-07
 Reference value :  2.20968e-07
 Reference value :  2.21804e-07
 Reference value :  2.22608e-07
 Reference value :  2.23381e-07
 Reference value :  2.24207e-07
 Reference value :  2.25020e-07
 Reference value :  2.25823e-07
 Reference value :  2.26641e-07
 Reference value :  2.27706e-07
 Reference value :  2.28570e-07
 Reference value :  2.29424e-07
 Reference value :  2.30210e-07
 Reference value :  2.31048e-07
 Reference value :  2.31811e-07
 Reference value :  2.32594e-07
 Reference value :  2.33360e-07
 Reference value :  2.34132e-07
 Reference value :  2.35107e-07
 Reference value :  2.36080e-07
 Reference value :  2.36975e-07
 Reference value :  2.37885e-07
 Reference value :  2.38798e-07
 Reference value :  2.39803e-07
 Reference value :  2.40664e-07
 Reference value :  2.41590e-07
 Reference value :  2.42491e-07
 Reference value :  2.43384e-07
 Reference value :  2.44222e-07
 Reference value :  2.45237e-07
 Reference value :  2.46158e-07
 Reference value :  2.46891e-07
 Reference value :  2.47670e-07
 Reference value :  2.48510e-07
 Reference value :  2.49304e-07
 Reference value :  2.50030e-07
 Reference value :  2.50818e-07
 Reference value :  2.51599e-07
 Reference value :  2.52334e-07
 Reference value :  2.53134e-07
 Reference value :  2.53895e-07
 Reference value :  2.54620e-07
 Reference value :  2.55365e-07
 Reference value :  2.56110e-07
 Reference value :  2.56870e-07
 Reference value :  2.57592e-07
 Reference value :  2.58365e-07
 Reference value :  2.59100e-07
 Reference value :  2.59840e-07
 Reference value :  2.60611e-07
 Reference value :  2.61401e-07
 Reference value :  2.62196e-07
 Reference value :  2.63022e-07
 Reference value :  2.63843e-07
 Reference value :  2.64608e-07
 Reference value :  2.65411e-07
 Reference value :  2.66239e-07
 Reference value :  2.67045e-07
 Reference value :  2.67808e-07
 Reference value :  2.68580e-07
 Reference value :  2.69390e-07
 Reference value :  2.70141e-07
 Reference value :  2.70874e-07
 Reference value :  2.71641e-07
 Reference value :  2.72391e-07
 Reference value :  2.73222e-07
 Reference value :  2.73985e-07
 Reference value :  2.74786e-07
 Reference value :  2.75579e-07
 Reference value :  2.76310e-07
 Reference value :  2.77084e-07
 Reference value :  2.77846e-07
 Reference value :  2.78906e-07
 Reference value :  2.79679e-07
 Reference value :  2.80515e-07
 Reference value :  2.81274e-07
 Reference value :  2.82085e-07
 Reference value :  2.82929e-07
 Reference value :  2.83670e-07
 Reference value :  2.84454e-07
 Reference value :  2.85251e-07
 Reference value :  2.86001e-07
 Reference value :  2.86760e-07
 Reference value :  2.87547e-07
 Reference value :  2.88390e-07
 Reference value :  2.89202e-07
 Reference value :  2.90006e-07
 Reference value :  2.90804e-07
 Reference value :  2.91679e-07
 Reference value :  2.92487e-07
 Reference value :  2.93274e-07
 Reference value :  2.94061e-07
 Reference value :  2.94783e-07
 Reference value :  2.95540e-07
 Reference value :  2.96280e-07
 Reference value :  2.97023e-07
 Reference value :  2.97834e-07
 Reference value :  2.98666e-07
 Reference value :  2.99490e-07
 Reference value :  3.00242e-07
 Reference value :  3.01014e-07
 Reference value :  3.01770e-07
 Reference value :  3.02504e-07
 Reference value :  3.03266e-07
 Reference value :  3.04000e-07
 Reference value :  3.04745e-07
 Reference value :  3.05701e-07
 Reference value :  3.06735e-07
 Reference value :  3.07602e-07
 Reference value :  3.08421e-07
 Reference value :  3.09305e-07
 Reference value :  3.10050e-07
 Reference value :  3.10833e-07
 Reference value :  3.11650e-07
 Reference value :  3.12423e-07
 Reference value :  3.13159e-07
 Reference value :  3.13895e-07
 Reference value :  3.14763e-07
 Reference value :  3.15640e-07
 Reference value :  3.16463e-07
 Reference value :  3.17515e-07
 Reference value :  3.18431e-07
 Reference value :  3.19391e-07
 Reference value :  3.20191e-07
 Reference value :  3.21090e-07
 Reference value :  3.21846e-07
 Reference value :  3.22719e-07
 Reference value :  3.23620e-07
 Reference value :  3.24477e-07
 Reference value :  3.25250e-07
 Reference value :  3.26016e-07
 Reference value :  3.26856e-07
 Reference value :  3.27651e-07
 Reference value :  3.28481e-07
 Reference value :  3.29284e-07
 Reference value :  3.30083e-07
 Reference value :  3.30871e-07
 Reference value :  3.31657e-07
 Reference value :  3.32475e-07
 Reference value :  3.33261e-07
 Reference value :  3.34016e-07
 Reference value :  3.34836e-07
 Reference value :  3.35592e-07
 Reference value :  3.36410e-07
 Reference value :  3.37197e-07
 Reference value :  3.37958e-07
 Reference value :  3.38748e-07
 Reference value :  3.39516e-07
 Reference value :  3.40357e-07
 Reference value :  3.41120e-07
 Reference value :  3.41881e-07
 Reference value :  3.42621e-07
 Reference value :  3.43453e-07
 Reference value :  3.44283e-07
 Reference value :  3.45044e-07
 Reference value :  3.45848e-07
 Reference value :  3.46630e-07
 Reference value :  3.47454e-07
 Reference value :  3.48204e-07
 Reference value :  3.49010e-07
 Reference value :  3.49814e-07
 Reference value :  3.50561e-07
 Reference value :  3.51402e-07
 Reference value :  3.52228e-07
 Reference value :  3.53023e-07
 Reference value :  3.53903e-07
 Reference value :  3.54673e-07
 Reference value :  3.55437e-07
 Reference value :  3.56241e-07
 Reference value :  3.56958e-07
 Reference value :  3.57887e-07
 Reference value :  3.58666e-07
 Reference value :  3.59504e-07
 Reference value :  3.60338e-07
 Reference value :  3.61166e-07
 Reference value :  3.61951e-07
 Reference value :  3.62733e-07
 Reference value :  3.63528e-07
 Reference value :  3.64330e-07
 Reference value :  3.65077e-07
 Reference value :  3.65869e-07
 Reference value :  3.66668e-07
 Reference value :  3.67624e-07
 Reference value :  3.68454e-07
 Reference value :  3.69179e-07
 Reference value :  3.69922e-07
 Reference value :  3.70661e-07
 Reference value :  3.71470e-07
 Reference value :  3.72191e-07
 Reference value :  3.72941e-07
 Reference value :  3.73688e-07
 Reference value :  3.74503e-07
 Reference value :  3.75312e-07
 Reference value :  3.76165e-07
 Reference value :  3.76980e-07
 Reference value :  3.77773e-07
 Reference value :  3.78581e-07
 Reference value :  3.79335e-07
 Reference value :  3.80128e-07
 Reference value :  3.80892e-07
 Reference value :  3.81651e-07
 Reference value :  3.82388e-07
 Reference value :  3.83170e-07
 Reference value :  3.83968e-07
 Reference value :  3.84730e-07
 Reference value :  3.85517e-07
 Reference value :  3.86252e-07
 Reference value :  3.87012e-07
 Reference value :  3.87811e-07
 Reference value :  3.88600e-07
 Reference value :  3.89337e-07
 Reference value :  3.90084e-07
 Reference value :  3.90848e-07
 Reference value :  3.91639e-07
 Reference value :  3.92432e-07
 Reference value :  3.93256e-07
 Reference value :  3.94075e-07
 Reference value :  3.94802e-07
 Reference value :  3.95558e-07
 Reference value :  3.96311e-07
 Reference value :  3.97111e-07
 Reference value :  3.97940e-07
 Reference value :  3.98675e-07
 Reference value :  3.99446e-07
 Reference value :  4.00172e-07
 Reference value :  4.00945e-07
 Reference value :  4.01690e-07
 Reference value :  4.02489e-07
 Reference value :  4.03307e-07
 Reference value :  4.04167e-07
 Reference value :  4.04985e-07
 Reference value :  4.05764e-07
 Reference value :  4.06530e-07
 Reference value :  4.07290e-07
 Reference value :  4.08040e-07
 Reference value :  4.08831e-07
 Reference value :  4.09639e-07
 Reference value :  4.10408e-07
 Reference value :  4.11175e-07
 Reference value :  4.12011e-07
 Reference value :  4.12750e-07
 Reference value :  4.13510e-07
 Reference value :  4.14249e-07
 Reference value :  4.15064e-07
 Reference value :  4.15834e-07
 Reference value :  4.16630e-07
 Reference value :  4.17370e-07
 Reference value :  4.18140e-07
 Reference value :  4.18881e-07
 Reference value :  4.19617e-07
 Reference value :  4.20448e-07
 Reference value :  4.21187e-07
 Reference value :  4.22162e-07
 Reference value :  4.22925e-07
 Reference value :  4.23766e-07
 Reference value :  4.24522e-07
 Reference value :  4.25273e-07
 Reference value :  4.26070e-07
 Reference value :  4.26801e-07
 Reference value :  4.27549e-07
 Reference value :  4.28302e-07
 Reference value :  4.29045e-07
 Reference value :  4.29861e-07
 Reference value :  4.30625e-07
 Reference value :  4.31400e-07
 Reference value :  4.32152e-07
 Reference value :  4.32899e-07
 Reference value :  4.33690e-07
 Reference value :  4.34482e-07
 Reference value :  4.35218e-07
 Reference value :  4.36096e-07
 Reference value :  4.36968e-07
 Reference value :  4.37754e-07
 Reference value :  4.38546e-07
 Reference value :  4.39299e-07
 Reference value :  4.40056e-07
 Reference value :  4.40850e-07
 Reference value :  4.41631e-07
 Reference value :  4.42421e-07
 Reference value :  4.43187e-07
 Reference value :  4.43935e-07
 Reference value :  4.44710e-07
 Reference value :  4.45507e-07
 Reference value :  4.46255e-07
 Reference value :  4.46991e-07
 Reference value :  4.47719e-07
 Reference value :  4.48515e-07
 Reference value :  4.49246e-07
 Reference value :  4.49970e-07
 Reference value :  4.50779e-07
 Reference value :  4.51520e-07
 Reference value :  4.52240e-07
 Reference value :  4.53068e-07
 Reference value :  4.53920e-07
 Reference value :  4.54910e-07
 Reference value :  4.55747e-07
 Reference value :  4.56612e-07
 Reference value :  4.57608e-07
 Reference value :  4.58491e-07
 Reference value :  4.59292e-07
 Reference value :  4.60141e-07
 Reference value :  4.61020e-07
 Reference value :  4.61976e-07
 Reference value :  4.62880e-07
 Reference value :  4.63743e-07
 Reference value :  4.64604e-07
 Reference value :  4.65430e-07
 Reference value :  4.66257e-07
 Reference value :  4.67090e-07
 Reference value :  4.67941e-07
 Reference value :  4.68955e-07
 Reference value :  4.69732e-07
 Reference value :  4.70540e-07
 Reference value :  4.71346e-07
 Reference value :  4.72085e-07
 Reference value :  4.72848e-07
 Reference value :  4.73635e-07
 Reference value :  4.74418e-07
 Reference value :  4.75194e-07
 Reference value :  4.75954e-07
 Reference value :  4.76731e-07
 Reference value :  4.77467e-07
 Reference value :  4.78334e-07
 Reference value :  4.79177e-07
 Reference value :  4.79998e-07
 Reference value :  4.80740e-07
 Reference value :  4.81620e-07
 Reference value :  4.82420e-07
 Reference value :  4.83176e-07
 Reference value :  4.83921e-07
 Reference value :  4.84671e-07
 Reference value :  4.85409e-07
 Reference value :  4.86210e-07
 Reference value :  4.86964e-07
 Reference value :  4.87758e-07
 Reference value :  4.88737e-07
 Reference value :  4.89570e-07
 Reference value :  4.90289e-07
 Reference value :  4.91017e-07
 Reference value :  4.91779e-07
 Reference value :  4.92540e-07
 Reference value :  4.93307e-07
 Reference value :  4.94151e-07
 Reference value :  4.94931e-07
 Reference value :  4.95691e-07
 Reference value :  4.96452e-07
 Reference value :  4.97214e-07
 Reference value :  4.97960e-07
 Reference value :  4.98724e-07
 Reference value :  4.99510e-07
 Reference value :  5.00250e-07
 Reference value :  5.01019e-07
 Reference value :  5.01796e-07
 Reference value :  5.02560e-07
 Reference value :  5.03321e-07
 Reference value :  5.04098e-07
 Reference value :  5.04829e-07
 Reference value :  5.05578e-07
 Reference value :  5.06392e-07
 Reference value :  5.07165e-07
 Reference value :  5.07964e-07
 Reference value :  5.08700e-07
 Reference value :  5.09479e-07
 Reference value :  5.10270e-07
 Reference value :  5.11003e-07
 Reference value :  5.11742e-07
 Reference value :  5.12520e-07
 Reference value :  5.13341e-07
 Reference value :  5.14103e-07
 Reference value :  5.14863e-07
 Reference value :  5.15607e-07
 Reference value :  5.16353e-07
 Reference value :  5.17110e-07
 Reference value :  5.17921e-07
 Reference value :  5.18670e-07
 Reference value :  5.19428e-07
 Reference value :  5.20240e-07
 Reference value :  5.21020e-07
 Reference value :  5.21822e-07
 Reference value :  5.22591e-07
 Reference value :  5.23351e-07
 Reference value :  5.24158e-07
 Reference value :  5.24915e-07
 Reference value :  5.25738e-07
 Reference value :  5.26497e-07
 Reference value :  5.27230e-07
 Reference value :  5.27956e-07
 Reference value :  5.28682e-07
 Reference value :  5.29480e-07
 Reference value :  5.30229e-07
 Reference value :  5.30971e-07
 Reference value :  5.31791e-07
 Reference value :  5.32581e-07
 Reference value :  5.33394e-07
 Reference value :  5.34243e-07
 Reference value :  5.35017e-07
 Reference value :  5.35784e-07
 Reference value :  5.36529e-07
 Reference value :  5.37292e-07
 Reference value :  5.38064e-07
 Reference value :  5.38806e-07
 Reference value :  5.39659e-07
 Reference value :  5.40427e-07
 Reference value :  5.41180e-07
 Reference value :  5.41931e-07
 Reference value :  5.42722e-07
 Reference value :  5.43451e-07
 Reference value :  5.44208e-07
 Reference value :  5.45016e-07
 Reference value :  5.45780e-07
 Reference value :  5.46527e-07
 Reference value :  5.47344e-07
 Reference value :  5.48118e-07
 Reference value :  5.48939e-07
 Reference value :  5.49758e-07
 Reference value :  5.50553e-07
 Reference value :  5.51447e-07
 Reference value :  5.52246e-07
 Reference value :  5.53100e-07
 Reference value :  5.53977e-07
 Reference value :  5.54887e-07
 Reference value :  5.55770e-07
 Reference value :  5.56569e-07
 Reference value :  5.57421e-07
 Reference value :  5.58263e-07
 Reference value :  5.59226e-07
 Reference value :  5.60846e-07
 Reference value :  5.62141e-07
 Reference value :  5.62970e-07
 Reference value :  5.63801e-07
 Reference value :  5.64728e-07
 Reference value :  5.65720e-07
 Reference value :  5.66520e-07
 Reference value :  5.67436e-07
 Reference value :  5.68341e-07
 Reference value :  5.69179e-07
 Reference value :  5.70637e-07
 Reference value :  5.71892e-07
 Reference value :  5.72873e-07
 Reference value :  5.73619e-07
 Reference value :  5.74419e-07
 Reference value :  5.75219e-07
 Reference value :  5.76060e-07
 Reference value :  5.76832e-07
 Reference value :  5.77631e-07
 Reference value :  5.78441e-07
 Reference value :  5.79255e-07
No. of Data Rows : 754009
ts40                =  9.13842e-09
ts60                =  9.18329e-09
tk                  =  2.35475e-09
tk                  =  4.62218e-09
tk                  =  6.89068e-09
tk                  =  9.15898e-09
tk                  =  1.14276e-08
tk                  =  1.36963e-08
tk                  =  1.59646e-08
tk                  =  1.82331e-08
tk                  =  2.05016e-08
tk                  =  2.27701e-08
tk                  =  2.50385e-08
tk                  =  2.73067e-08
tk                  =  2.95753e-08
tk                  =  3.18438e-08
tk                  =  3.41123e-08
tk                  =  3.63809e-08
tk                  =  3.86494e-08
tk                  =  4.09180e-08
tk                  =  4.31867e-08
tk                  =  4.54551e-08
tk                  =  4.77238e-08
tk                  =  4.99925e-08
tk                  =  5.22611e-08
tk                  =  5.45293e-08
tk                  =  5.67979e-08
tk                  =  5.90665e-08
tk                  =  6.13348e-08
tk                  =  6.36036e-08
tk                  =  6.58722e-08
tk                  =  6.81411e-08
tk                  =  7.04094e-08
tk                  =  7.26780e-08
tk                  =  7.49468e-08
tk                  =  7.72148e-08
tk                  =  7.94836e-08
tk                  =  8.17518e-08
tk                  =  8.40204e-08
tk                  =  8.62889e-08
tk                  =  8.85576e-08
tk                  =  9.08260e-08
tk                  =  9.30946e-08
tk                  =  9.53635e-08
tk                  =  9.76320e-08
tk                  =  9.99006e-08
tk                  =  1.02169e-07
tk                  =  1.04438e-07
tk                  =  1.06706e-07
tk                  =  1.08975e-07
tk                  =  1.11243e-07
tk                  =  1.13512e-07
tk                  =  1.15780e-07
tk                  =  1.18049e-07
tk                  =  1.20317e-07
tk                  =  1.22586e-07
tk                  =  1.24854e-07
tk                  =  1.27122e-07
tk                  =  1.29391e-07
tk                  =  1.31659e-07
tk                  =  1.33928e-07
tk                  =  1.36196e-07
tk                  =  1.38465e-07
tk                  =  1.40734e-07
tk                  =  1.43002e-07
tk                  =  1.45270e-07
tk                  =  1.47539e-07
tk                  =  1.49807e-07
tk                  =  1.52075e-07
tk                  =  1.54344e-07
tk                  =  1.56612e-07
tk                  =  1.58881e-07
tk                  =  1.61150e-07
tk                  =  1.63418e-07
tk                  =  1.65687e-07
tk                  =  1.67956e-07
tk                  =  1.70224e-07
tk                  =  1.72493e-07
tk                  =  1.74761e-07
tk                  =  1.77030e-07
tk                  =  1.79299e-07
tk                  =  1.81568e-07
tk                  =  1.83836e-07
tk                  =  1.86105e-07
tk                  =  1.88373e-07
tk                  =  1.90642e-07
tk                  =  1.92911e-07
tk                  =  1.95179e-07
tk                  =  1.97448e-07
tk                  =  1.99717e-07
tk                  =  2.01985e-07
tk                  =  2.04253e-07
tk                  =  2.06522e-07
tk                  =  2.08790e-07
tk                  =  2.11059e-07
tk                  =  2.13328e-07
tk                  =  2.15596e-07
tk                  =  2.17865e-07
tk                  =  2.20133e-07
tk                  =  2.22402e-07
tk                  =  2.24670e-07
tk                  =  2.26939e-07
tk                  =  2.29207e-07
tk                  =  2.31476e-07
tk                  =  2.33744e-07
tk                  =  2.36013e-07
tk                  =  2.38282e-07
tk                  =  2.40550e-07
tk                  =  2.42819e-07
tk                  =  2.45087e-07
tk                  =  2.47356e-07
tk                  =  2.49624e-07
tk                  =  2.51893e-07
tk                  =  2.54162e-07
tk                  =  2.56430e-07
tk                  =  2.58699e-07
tk                  =  2.60967e-07
tk                  =  2.63235e-07
tk                  =  2.65504e-07
tk                  =  2.67772e-07
tk                  =  2.70041e-07
tk                  =  2.72310e-07
tk                  =  2.74578e-07
tk                  =  2.76847e-07
tk                  =  2.79116e-07
tk                  =  2.81384e-07
tk                  =  2.83653e-07
tk                  =  2.85921e-07
tk                  =  2.88190e-07
tk                  =  2.90458e-07
tk                  =  2.92727e-07
m_period = 2.2685347500e-09
m_f_osc = 4.4081317247e+08
m_slew_v_per_s = 1.4710471181e+10
m_sigma_1 = 2.0069077558e-13
m_sigma_2 = 2.4291621182e-13
m_sigma_4 = 3.3490193538e-13
m_sigma_8 = 4.7749452624e-13
m_sigma_16 = 7.0458883833e-13
m_sigma_32 = 9.5624743380e-13
Note: Simulation executed from .control section 

Warning: m=xx on .subckt line will override multiplier m hierarchy!

