
Note: Compatibility modes selected: hs a


Circuit: * ro-cinv-09stage-jitter @ tt_27c_3.30v -- generated by sim/harness, do not edit

Doing analysis at TEMP = 27.000000 and TNOM = 27.000000

Using SPARSE 1.3 as Direct Linear Solver

Initial Transient Solution
--------------------------

Node                                   Voltage
----                                   -------
vdd                                        3.3
nb                                     1.69667
pb                                     1.06322
x1.ph                                      3.3
n2                                         3.3
g1                                           0
x1.nl                                1.285e-09
x2.ph                                      3.3
n3                                 1.26707e-08
g2                                         3.3
x2.nl                              7.23752e-09
x3.ph                                      3.3
n4                                         3.3
g3                                 1.26707e-08
x3.nl                                1.285e-09
x4.ph                                      3.3
n5                                 1.26707e-08
g4                                         3.3
x4.nl                              7.23752e-09
x5.ph                                      3.3
n6                                         3.3
g5                                 1.26707e-08
x5.nl                                1.285e-09
x6.ph                                      3.3
n7                                 1.26707e-08
g6                                         3.3
x6.nl                              7.23752e-09
x7.ph                                      3.3
n8                                         3.3
g7                                 1.26707e-08
x7.nl                                1.285e-09
x8.ph                                      3.3
n9                                 1.26707e-08
g8                                         3.3
x8.nl                              7.23752e-09
x9.ph                                  2.38584
n1                                           0
g9                                 1.26707e-08
x9.nl                             -1.01318e-71
xing                                     -1.65
xs40                                     -1.32
xs60                                     -1.98
bs60#branch                                  0
bs40#branch                                  0
bxing#branch                                 0
vn9#branch                                   0
vn8#branch                                   0
vn7#branch                                   0
vn6#branch                                   0
vn5#branch                                   0
vn4#branch                                   0
vn3#branch                                   0
vn2#branch                                   0
vn1#branch                                   0
vdd#branch                        -0.000371965

 Reference value :  6.07000e-11
 Reference value :  9.13500e-10
 Reference value :  1.89030e-09
 Reference value :  2.74030e-09
 Reference value :  3.70010e-09
 Reference value :  4.73250e-09
 Reference value :  5.62850e-09
 Reference value :  6.69750e-09
 Reference value :  7.70030e-09
 Reference value :  8.55750e-09
 Reference value :  9.41030e-09
 Reference value :  1.02365e-08
 Reference value :  1.10115e-08
 Reference value :  1.18607e-08
 Reference value :  1.27492e-08
 Reference value :  1.35875e-08
 Reference value :  1.43765e-08
 Reference value :  1.54607e-08
 Reference value :  1.63201e-08
 Reference value :  1.76800e-08
 Reference value :  1.94065e-08
 Reference value :  2.05992e-08
 Reference value :  2.14165e-08
 Reference value :  2.22225e-08
 Reference value :  2.35355e-08
 Reference value :  2.43735e-08
 Reference value :  2.51685e-08
 Reference value :  2.59600e-08
 Reference value :  2.76355e-08
 Reference value :  2.93815e-08
 Reference value :  3.02192e-08
 Reference value :  3.10803e-08
 Reference value :  3.19215e-08
 Reference value :  3.27592e-08
 Reference value :  3.36415e-08
 Reference value :  3.52115e-08
 Reference value :  3.60492e-08
 Reference value :  3.69715e-08
 Reference value :  3.77745e-08
 Reference value :  3.85845e-08
 Reference value :  3.94375e-08
 Reference value :  4.02901e-08
 Reference value :  4.10892e-08
 Reference value :  4.18901e-08
 Reference value :  4.27265e-08
 Reference value :  4.35685e-08
 Reference value :  4.43935e-08
 Reference value :  4.51925e-08
 Reference value :  4.60700e-08
 Reference value :  4.68675e-08
 Reference value :  4.77145e-08
 Reference value :  4.86415e-08
 Reference value :  4.95107e-08
 Reference value :  5.04445e-08
 Reference value :  5.12907e-08
 Reference value :  5.23007e-08
 Reference value :  5.31165e-08
 Reference value :  5.39575e-08
 Reference value :  5.47901e-08
 Reference value :  5.56300e-08
 Reference value :  5.64192e-08
 Reference value :  5.72800e-08
 Reference value :  5.81935e-08
 Reference value :  5.90392e-08
 Reference value :  5.98385e-08
 Reference value :  6.06075e-08
 Reference value :  6.13775e-08
 Reference value :  6.21692e-08
 Reference value :  6.29465e-08
 Reference value :  6.37501e-08
 Reference value :  6.45285e-08
 Reference value :  6.53215e-08
 Reference value :  6.61045e-08
 Reference value :  6.69745e-08
 Reference value :  6.77300e-08
 Reference value :  6.85503e-08
 Reference value :  6.93192e-08
 Reference value :  7.00907e-08
 Reference value :  7.08800e-08
 Reference value :  7.17065e-08
 Reference value :  7.25035e-08
 Reference value :  7.32845e-08
 Reference value :  7.40945e-08
 Reference value :  7.48845e-08
 Reference value :  7.56455e-08
 Reference value :  7.64001e-08
 Reference value :  7.72003e-08
 Reference value :  7.79707e-08
 Reference value :  7.87207e-08
 Reference value :  7.94615e-08
 Reference value :  8.02475e-08
 Reference value :  8.10035e-08
 Reference value :  8.17835e-08
 Reference value :  8.25392e-08
 Reference value :  8.33085e-08
 Reference value :  8.40875e-08
 Reference value :  8.49155e-08
 Reference value :  8.56803e-08
 Reference value :  8.64275e-08
 Reference value :  8.73055e-08
 Reference value :  8.81403e-08
 Reference value :  8.89955e-08
 Reference value :  8.97892e-08
 Reference value :  9.05825e-08
 Reference value :  9.13375e-08
 Reference value :  9.21135e-08
 Reference value :  9.28675e-08
 Reference value :  9.36303e-08
 Reference value :  9.43675e-08
 Reference value :  9.50925e-08
 Reference value :  9.59015e-08
 Reference value :  9.66907e-08
 Reference value :  9.74145e-08
 Reference value :  9.81835e-08
 Reference value :  9.89592e-08
 Reference value :  9.97465e-08
 Reference value :  1.00711e-07
 Reference value :  1.01591e-07
 Reference value :  1.02427e-07
 Reference value :  1.03254e-07
 Reference value :  1.04030e-07
 Reference value :  1.04959e-07
 Reference value :  1.06145e-07
 Reference value :  1.07343e-07
 Reference value :  1.08191e-07
 Reference value :  1.09488e-07
 Reference value :  1.10623e-07
 Reference value :  1.11537e-07
 Reference value :  1.12331e-07
 Reference value :  1.13627e-07
 Reference value :  1.14380e-07
 Reference value :  1.15124e-07
 Reference value :  1.15870e-07
 Reference value :  1.17119e-07
 Reference value :  1.18240e-07
 Reference value :  1.19091e-07
 Reference value :  1.19980e-07
 Reference value :  1.20898e-07
 Reference value :  1.22285e-07
 Reference value :  1.23455e-07
 Reference value :  1.24288e-07
 Reference value :  1.25393e-07
 Reference value :  1.26635e-07
 Reference value :  1.27529e-07
 Reference value :  1.28268e-07
 Reference value :  1.29167e-07
 Reference value :  1.30627e-07
 Reference value :  1.31539e-07
 Reference value :  1.32391e-07
 Reference value :  1.33176e-07
 Reference value :  1.33976e-07
 Reference value :  1.34722e-07
 Reference value :  1.35488e-07
 Reference value :  1.36250e-07
 Reference value :  1.37047e-07
 Reference value :  1.37826e-07
 Reference value :  1.38571e-07
 Reference value :  1.39534e-07
 Reference value :  1.40358e-07
 Reference value :  1.41404e-07
 Reference value :  1.42247e-07
 Reference value :  1.42993e-07
 Reference value :  1.43790e-07
 Reference value :  1.45289e-07
 Reference value :  1.46079e-07
 Reference value :  1.46915e-07
 Reference value :  1.47684e-07
 Reference value :  1.48411e-07
 Reference value :  1.49170e-07
 Reference value :  1.49993e-07
 Reference value :  1.50871e-07
 Reference value :  1.51799e-07
 Reference value :  1.52901e-07
 Reference value :  1.53741e-07
 Reference value :  1.54530e-07
 Reference value :  1.55356e-07
 Reference value :  1.56101e-07
 Reference value :  1.57080e-07
 Reference value :  1.57820e-07
 Reference value :  1.58554e-07
 Reference value :  1.59291e-07
 Reference value :  1.60017e-07
 Reference value :  1.61043e-07
 Reference value :  1.62241e-07
 Reference value :  1.63473e-07
 Reference value :  1.64693e-07
 Reference value :  1.66122e-07
 Reference value :  1.67496e-07
 Reference value :  1.68440e-07
 Reference value :  1.69489e-07
 Reference value :  1.70941e-07
 Reference value :  1.72052e-07
 Reference value :  1.72968e-07
 Reference value :  1.74027e-07
 Reference value :  1.75007e-07
 Reference value :  1.76027e-07
 Reference value :  1.77053e-07
 Reference value :  1.78411e-07
 Reference value :  1.80076e-07
 Reference value :  1.81211e-07
 Reference value :  1.82270e-07
 Reference value :  1.83623e-07
 Reference value :  1.84810e-07
 Reference value :  1.85987e-07
 Reference value :  1.87177e-07
 Reference value :  1.88589e-07
 Reference value :  1.89902e-07
 Reference value :  1.91175e-07
 Reference value :  1.92436e-07
 Reference value :  1.93772e-07
 Reference value :  1.95062e-07
 Reference value :  1.96140e-07
 Reference value :  1.97680e-07
 Reference value :  1.98820e-07
 Reference value :  2.00211e-07
 Reference value :  2.01446e-07
 Reference value :  2.02520e-07
 Reference value :  2.03828e-07
 Reference value :  2.05180e-07
 Reference value :  2.06306e-07
 Reference value :  2.07210e-07
 Reference value :  2.08232e-07
 Reference value :  2.09367e-07
 Reference value :  2.10397e-07
 Reference value :  2.11262e-07
 Reference value :  2.12217e-07
 Reference value :  2.13198e-07
 Reference value :  2.14160e-07
 Reference value :  2.15191e-07
 Reference value :  2.16230e-07
 Reference value :  2.17189e-07
 Reference value :  2.18151e-07
 Reference value :  2.19067e-07
 Reference value :  2.20080e-07
 Reference value :  2.21041e-07
 Reference value :  2.22050e-07
 Reference value :  2.23001e-07
 Reference value :  2.23945e-07
 Reference value :  2.24875e-07
 Reference value :  2.25827e-07
 Reference value :  2.26623e-07
 Reference value :  2.27450e-07
 Reference value :  2.28287e-07
 Reference value :  2.29166e-07
 Reference value :  2.30021e-07
 Reference value :  2.30899e-07
 Reference value :  2.31873e-07
 Reference value :  2.32817e-07
 Reference value :  2.33678e-07
 Reference value :  2.34561e-07
 Reference value :  2.35456e-07
 Reference value :  2.36289e-07
 Reference value :  2.37100e-07
 Reference value :  2.37907e-07
 Reference value :  2.38915e-07
 Reference value :  2.39802e-07
 Reference value :  2.40648e-07
 Reference value :  2.41661e-07
 Reference value :  2.42533e-07
 Reference value :  2.43430e-07
 Reference value :  2.44309e-07
 Reference value :  2.45211e-07
 Reference value :  2.46271e-07
 Reference value :  2.47203e-07
 Reference value :  2.48082e-07
 Reference value :  2.48971e-07
 Reference value :  2.49790e-07
 Reference value :  2.50630e-07
 Reference value :  2.51605e-07
 Reference value :  2.52541e-07
 Reference value :  2.53403e-07
 Reference value :  2.54251e-07
 Reference value :  2.55210e-07
 Reference value :  2.56067e-07
 Reference value :  2.56960e-07
 Reference value :  2.58100e-07
 Reference value :  2.59222e-07
 Reference value :  2.60301e-07
 Reference value :  2.61517e-07
 Reference value :  2.62872e-07
 Reference value :  2.64134e-07
 Reference value :  2.65279e-07
 Reference value :  2.66540e-07
 Reference value :  2.67816e-07
 Reference value :  2.69082e-07
 Reference value :  2.70303e-07
 Reference value :  2.71537e-07
 Reference value :  2.72623e-07
 Reference value :  2.73501e-07
 Reference value :  2.74577e-07
 Reference value :  2.75520e-07
 Reference value :  2.76470e-07
 Reference value :  2.77335e-07
 Reference value :  2.78200e-07
 Reference value :  2.79051e-07
 Reference value :  2.79847e-07
 Reference value :  2.80720e-07
 Reference value :  2.81536e-07
 Reference value :  2.82327e-07
 Reference value :  2.83121e-07
 Reference value :  2.84008e-07
 Reference value :  2.84895e-07
 Reference value :  2.85786e-07
 Reference value :  2.86590e-07
 Reference value :  2.87388e-07
 Reference value :  2.88210e-07
 Reference value :  2.89042e-07
 Reference value :  2.89818e-07
 Reference value :  2.90614e-07
 Reference value :  2.91411e-07
 Reference value :  2.92241e-07
 Reference value :  2.93061e-07
 Reference value :  2.93920e-07
 Reference value :  2.94771e-07
 Reference value :  2.95636e-07
 Reference value :  2.96528e-07
 Reference value :  2.97370e-07
 Reference value :  2.98221e-07
 Reference value :  2.99120e-07
 Reference value :  3.00001e-07
 Reference value :  3.00870e-07
 Reference value :  3.01700e-07
 Reference value :  3.02605e-07
 Reference value :  3.03454e-07
 Reference value :  3.04295e-07
 Reference value :  3.05131e-07
 Reference value :  3.05991e-07
 Reference value :  3.06792e-07
 Reference value :  3.07580e-07
 Reference value :  3.08379e-07
 Reference value :  3.09181e-07
 Reference value :  3.09950e-07
 Reference value :  3.10811e-07
 Reference value :  3.11695e-07
 Reference value :  3.12523e-07
 Reference value :  3.13479e-07
 Reference value :  3.14451e-07
 Reference value :  3.15350e-07
 Reference value :  3.16126e-07
 Reference value :  3.16973e-07
 Reference value :  3.17829e-07
 Reference value :  3.18764e-07
 Reference value :  3.19574e-07
 Reference value :  3.20391e-07
 Reference value :  3.21227e-07
 Reference value :  3.22141e-07
 Reference value :  3.22980e-07
 Reference value :  3.23852e-07
 Reference value :  3.24833e-07
 Reference value :  3.25710e-07
 Reference value :  3.27450e-07
 Reference value :  3.28643e-07
 Reference value :  3.29543e-07
 Reference value :  3.30390e-07
 Reference value :  3.31220e-07
 Reference value :  3.32039e-07
 Reference value :  3.32899e-07
 Reference value :  3.33710e-07
 Reference value :  3.34477e-07
 Reference value :  3.35277e-07
 Reference value :  3.36176e-07
 Reference value :  3.36926e-07
 Reference value :  3.37695e-07
 Reference value :  3.38534e-07
 Reference value :  3.39306e-07
 Reference value :  3.40088e-07
 Reference value :  3.41068e-07
 Reference value :  3.41857e-07
 Reference value :  3.42712e-07
 Reference value :  3.43505e-07
 Reference value :  3.44251e-07
 Reference value :  3.45065e-07
 Reference value :  3.45887e-07
 Reference value :  3.46620e-07
 Reference value :  3.47381e-07
 Reference value :  3.48210e-07
 Reference value :  3.48972e-07
 Reference value :  3.49741e-07
 Reference value :  3.50541e-07
 Reference value :  3.51300e-07
 Reference value :  3.52000e-07
 Reference value :  3.52880e-07
 Reference value :  3.53689e-07
 Reference value :  3.54509e-07
 Reference value :  3.55258e-07
 Reference value :  3.55986e-07
 Reference value :  3.56751e-07
 Reference value :  3.57505e-07
 Reference value :  3.58326e-07
 Reference value :  3.59121e-07
 Reference value :  3.59900e-07
 Reference value :  3.60713e-07
 Reference value :  3.61609e-07
 Reference value :  3.62467e-07
 Reference value :  3.63234e-07
 Reference value :  3.64085e-07
 Reference value :  3.64904e-07
 Reference value :  3.65712e-07
 Reference value :  3.66567e-07
 Reference value :  3.67615e-07
 Reference value :  3.68418e-07
 Reference value :  3.69241e-07
 Reference value :  3.70089e-07
 Reference value :  3.70970e-07
 Reference value :  3.71789e-07
 Reference value :  3.72773e-07
 Reference value :  3.73810e-07
 Reference value :  3.74701e-07
 Reference value :  3.75578e-07
 Reference value :  3.76502e-07
 Reference value :  3.77371e-07
 Reference value :  3.78272e-07
 Reference value :  3.79090e-07
 Reference value :  3.79970e-07
 Reference value :  3.80841e-07
 Reference value :  3.81711e-07
 Reference value :  3.82608e-07
 Reference value :  3.83491e-07
 Reference value :  3.84331e-07
 Reference value :  3.85173e-07
 Reference value :  3.85998e-07
 Reference value :  3.86810e-07
 Reference value :  3.87697e-07
 Reference value :  3.88521e-07
 Reference value :  3.89345e-07
 Reference value :  3.90298e-07
 Reference value :  3.91105e-07
 Reference value :  3.91981e-07
 Reference value :  3.92929e-07
 Reference value :  3.93852e-07
 Reference value :  3.94723e-07
 Reference value :  3.95513e-07
 Reference value :  3.96380e-07
 Reference value :  3.97347e-07
 Reference value :  3.98232e-07
 Reference value :  3.99180e-07
 Reference value :  4.00226e-07
 Reference value :  4.01184e-07
 Reference value :  4.02450e-07
 Reference value :  4.04041e-07
 Reference value :  4.04910e-07
 Reference value :  4.05820e-07
 Reference value :  4.06703e-07
 Reference value :  4.07665e-07
 Reference value :  4.08659e-07
 Reference value :  4.09578e-07
 Reference value :  4.10557e-07
 Reference value :  4.11510e-07
 Reference value :  4.12430e-07
 Reference value :  4.13308e-07
 Reference value :  4.14223e-07
 Reference value :  4.15011e-07
 Reference value :  4.15937e-07
 Reference value :  4.16892e-07
 Reference value :  4.17890e-07
 Reference value :  4.18803e-07
 Reference value :  4.19665e-07
 Reference value :  4.20550e-07
 Reference value :  4.21423e-07
 Reference value :  4.22347e-07
 Reference value :  4.23233e-07
 Reference value :  4.24136e-07
 Reference value :  4.25017e-07
 Reference value :  4.25961e-07
 Reference value :  4.26956e-07
 Reference value :  4.27824e-07
 Reference value :  4.28722e-07
 Reference value :  4.29708e-07
 Reference value :  4.30681e-07
 Reference value :  4.31690e-07
 Reference value :  4.32566e-07
 Reference value :  4.33520e-07
 Reference value :  4.34404e-07
 Reference value :  4.35280e-07
 Reference value :  4.36180e-07
 Reference value :  4.37061e-07
 Reference value :  4.37962e-07
 Reference value :  4.38900e-07
 Reference value :  4.39767e-07
 Reference value :  4.40762e-07
 Reference value :  4.41600e-07
 Reference value :  4.42457e-07
 Reference value :  4.43406e-07
 Reference value :  4.44396e-07
 Reference value :  4.45298e-07
 Reference value :  4.46235e-07
 Reference value :  4.47170e-07
 Reference value :  4.48164e-07
 Reference value :  4.49016e-07
 Reference value :  4.49940e-07
 Reference value :  4.50923e-07
 Reference value :  4.51821e-07
 Reference value :  4.52732e-07
 Reference value :  4.53627e-07
 Reference value :  4.54525e-07
 Reference value :  4.55434e-07
 Reference value :  4.56358e-07
 Reference value :  4.57269e-07
 Reference value :  4.58147e-07
 Reference value :  4.59041e-07
 Reference value :  4.59973e-07
 Reference value :  4.60892e-07
 Reference value :  4.61819e-07
 Reference value :  4.62713e-07
 Reference value :  4.63597e-07
 Reference value :  4.64448e-07
 Reference value :  4.65271e-07
 Reference value :  4.66286e-07
 Reference value :  4.67218e-07
 Reference value :  4.68093e-07
 Reference value :  4.69070e-07
 Reference value :  4.69924e-07
 Reference value :  4.70820e-07
 Reference value :  4.71882e-07
 Reference value :  4.72767e-07
 Reference value :  4.73631e-07
 Reference value :  4.74507e-07
 Reference value :  4.75556e-07
 Reference value :  4.76487e-07
 Reference value :  4.77448e-07
 Reference value :  4.78271e-07
 Reference value :  4.79190e-07
 Reference value :  4.80109e-07
 Reference value :  4.81120e-07
 Reference value :  4.81911e-07
 Reference value :  4.82791e-07
 Reference value :  4.83673e-07
 Reference value :  4.84600e-07
 Reference value :  4.85476e-07
 Reference value :  4.86713e-07
 Reference value :  4.88233e-07
 Reference value :  4.89875e-07
 Reference value :  4.91611e-07
 Reference value :  4.92794e-07
 Reference value :  4.94539e-07
 Reference value :  4.96135e-07
 Reference value :  4.97812e-07
 Reference value :  4.99425e-07
 Reference value :  5.00932e-07
 Reference value :  5.01838e-07
 Reference value :  5.02753e-07
 Reference value :  5.03567e-07
 Reference value :  5.04378e-07
 Reference value :  5.05320e-07
 Reference value :  5.06094e-07
 Reference value :  5.06987e-07
 Reference value :  5.07881e-07
 Reference value :  5.08734e-07
 Reference value :  5.09671e-07
 Reference value :  5.10511e-07
 Reference value :  5.11350e-07
 Reference value :  5.12209e-07
 Reference value :  5.13111e-07
 Reference value :  5.13984e-07
 Reference value :  5.14761e-07
 Reference value :  5.15765e-07
 Reference value :  5.16702e-07
 Reference value :  5.17650e-07
 Reference value :  5.18522e-07
 Reference value :  5.19427e-07
 Reference value :  5.20341e-07
 Reference value :  5.21221e-07
 Reference value :  5.22080e-07
 Reference value :  5.22995e-07
 Reference value :  5.23878e-07
 Reference value :  5.24844e-07
 Reference value :  5.25765e-07
 Reference value :  5.26660e-07
 Reference value :  5.27481e-07
 Reference value :  5.28382e-07
 Reference value :  5.29264e-07
 Reference value :  5.30229e-07
 Reference value :  5.31118e-07
 Reference value :  5.32033e-07
 Reference value :  5.32911e-07
 Reference value :  5.33784e-07
 Reference value :  5.34681e-07
 Reference value :  5.35549e-07
 Reference value :  5.36370e-07
 Reference value :  5.37283e-07
 Reference value :  5.38200e-07
 Reference value :  5.39161e-07
 Reference value :  5.40157e-07
 Reference value :  5.41139e-07
 Reference value :  5.42004e-07
 Reference value :  5.42961e-07
 Reference value :  5.43881e-07
 Reference value :  5.44721e-07
 Reference value :  5.45630e-07
 Reference value :  5.46503e-07
 Reference value :  5.47435e-07
 Reference value :  5.48380e-07
 Reference value :  5.49336e-07
 Reference value :  5.50275e-07
 Reference value :  5.51239e-07
 Reference value :  5.52210e-07
 Reference value :  5.53083e-07
 Reference value :  5.53979e-07
 Reference value :  5.54908e-07
 Reference value :  5.55821e-07
 Reference value :  5.56744e-07
 Reference value :  5.57620e-07
 Reference value :  5.58481e-07
 Reference value :  5.59292e-07
 Reference value :  5.60254e-07
 Reference value :  5.61452e-07
 Reference value :  5.62316e-07
 Reference value :  5.63032e-07
 Reference value :  5.63964e-07
 Reference value :  5.64899e-07
 Reference value :  5.65910e-07
 Reference value :  5.67042e-07
 Reference value :  5.67958e-07
 Reference value :  5.68919e-07
 Reference value :  5.69747e-07
 Reference value :  5.70542e-07
 Reference value :  5.71353e-07
 Reference value :  5.72561e-07
 Reference value :  5.73721e-07
 Reference value :  5.74509e-07
 Reference value :  5.75411e-07
 Reference value :  5.76241e-07
 Reference value :  5.77099e-07
 Reference value :  5.77988e-07
 Reference value :  5.78821e-07
 Reference value :  5.79680e-07
No. of Data Rows : 754009
ts40                =  9.13795e-09
ts60                =  9.18269e-09
tk                  =  2.35454e-09
tk                  =  4.62192e-09
tk                  =  6.88994e-09
tk                  =  9.15856e-09
tk                  =  1.14269e-08
tk                  =  1.36957e-08
tk                  =  1.59641e-08
tk                  =  1.82327e-08
tk                  =  2.05012e-08
tk                  =  2.27699e-08
tk                  =  2.50385e-08
tk                  =  2.73070e-08
tk                  =  2.95757e-08
tk                  =  3.18442e-08
tk                  =  3.41126e-08
tk                  =  3.63815e-08
tk                  =  3.86501e-08
tk                  =  4.09187e-08
tk                  =  4.31873e-08
tk                  =  4.54558e-08
tk                  =  4.77244e-08
tk                  =  4.99931e-08
tk                  =  5.22617e-08
tk                  =  5.45301e-08
tk                  =  5.67986e-08
tk                  =  5.90673e-08
tk                  =  6.13355e-08
tk                  =  6.36042e-08
tk                  =  6.58728e-08
tk                  =  6.81413e-08
tk                  =  7.04100e-08
tk                  =  7.26783e-08
tk                  =  7.49467e-08
tk                  =  7.72154e-08
tk                  =  7.94836e-08
tk                  =  8.17518e-08
tk                  =  8.40206e-08
tk                  =  8.62890e-08
tk                  =  8.85576e-08
tk                  =  9.08264e-08
tk                  =  9.30949e-08
tk                  =  9.53637e-08
tk                  =  9.76323e-08
tk                  =  9.99006e-08
tk                  =  1.02169e-07
tk                  =  1.04438e-07
tk                  =  1.06706e-07
tk                  =  1.08975e-07
tk                  =  1.11243e-07
tk                  =  1.13512e-07
tk                  =  1.15781e-07
tk                  =  1.18049e-07
tk                  =  1.20318e-07
tk                  =  1.22587e-07
tk                  =  1.24855e-07
tk                  =  1.27124e-07
tk                  =  1.29392e-07
tk                  =  1.31661e-07
tk                  =  1.33930e-07
tk                  =  1.36199e-07
tk                  =  1.38468e-07
tk                  =  1.40736e-07
tk                  =  1.43005e-07
tk                  =  1.45273e-07
tk                  =  1.47542e-07
tk                  =  1.49810e-07
tk                  =  1.52079e-07
tk                  =  1.54347e-07
tk                  =  1.56616e-07
tk                  =  1.58884e-07
tk                  =  1.61153e-07
tk                  =  1.63421e-07
tk                  =  1.65690e-07
tk                  =  1.67959e-07
tk                  =  1.70228e-07
tk                  =  1.72496e-07
tk                  =  1.74765e-07
tk                  =  1.77034e-07
tk                  =  1.79302e-07
tk                  =  1.81571e-07
tk                  =  1.83839e-07
tk                  =  1.86108e-07
tk                  =  1.88377e-07
tk                  =  1.90645e-07
tk                  =  1.92914e-07
tk                  =  1.95182e-07
tk                  =  1.97451e-07
tk                  =  1.99719e-07
tk                  =  2.01988e-07
tk                  =  2.04257e-07
tk                  =  2.06525e-07
tk                  =  2.08794e-07
tk                  =  2.11062e-07
tk                  =  2.13331e-07
tk                  =  2.15599e-07
tk                  =  2.17868e-07
tk                  =  2.20136e-07
tk                  =  2.22405e-07
tk                  =  2.24674e-07
tk                  =  2.26942e-07
tk                  =  2.29211e-07
tk                  =  2.31479e-07
tk                  =  2.33748e-07
tk                  =  2.36016e-07
tk                  =  2.38285e-07
tk                  =  2.40553e-07
tk                  =  2.42822e-07
tk                  =  2.45091e-07
tk                  =  2.47359e-07
tk                  =  2.49628e-07
tk                  =  2.51896e-07
tk                  =  2.54165e-07
tk                  =  2.56433e-07
tk                  =  2.58702e-07
tk                  =  2.60970e-07
tk                  =  2.63239e-07
tk                  =  2.65507e-07
tk                  =  2.67776e-07
tk                  =  2.70044e-07
tk                  =  2.72313e-07
tk                  =  2.74581e-07
tk                  =  2.76850e-07
tk                  =  2.79118e-07
tk                  =  2.81387e-07
tk                  =  2.83656e-07
tk                  =  2.85924e-07
tk                  =  2.88192e-07
tk                  =  2.90461e-07
tk                  =  2.92730e-07
m_period = 2.2685575078e-09
m_f_osc = 4.4080875030e+08
m_slew_v_per_s = 1.4750251425e+10
m_sigma_1 = 2.0810112609e-13
m_sigma_2 = 2.7097064068e-13
m_sigma_4 = 3.5461328029e-13
m_sigma_8 = 4.7382976774e-13
m_sigma_16 = 7.1735644253e-13
m_sigma_32 = 1.1809345246e-12
Note: Simulation executed from .control section 

Warning: m=xx on .subckt line will override multiplier m hierarchy!

