
Note: Compatibility modes selected: hs a


Circuit: * sampler-dff-setup-hold @ tt_125c_2.97v -- generated by sim/harness, do not edit

Doing analysis at TEMP = 125.000000 and TNOM = 27.000000

Using SPARSE 1.3 as Direct Linear Solver

Initial Transient Solution
--------------------------

Node                                   Voltage
----                                   -------
vdd                                       2.97
rst_n                                        0
clk                                          0
d                                            0
xdut.clkb                                 2.97
xdut.m                              4.6706e-08
xdut.mb                                   2.97
xdut.mmid                            0.0792818
xdut.mc                            1.01717e-07
xdut.s                                    2.97
q                                  7.83383e-08
xdut.qb                                   2.97
xdut.s2mid                           0.0792818
vth                                      1.485
bvth#branch                                  0
vd#branch                          9.08895e-12
vclk#branch                                  0
vrst#branch                                  0
vdd#branch                         -1.8082e-10

 Reference value :  0.00000e+00
 Reference value :  1.55287e-07
 Reference value :  3.13237e-07
 Reference value :  4.74437e-07
 Reference value :  6.47437e-07
 Reference value :  8.02417e-07
 Reference value :  9.85617e-07
 Reference value :  1.15332e-06
 Reference value :  1.31155e-06
 Reference value :  1.42405e-06
 Reference value :  1.54295e-06
 Reference value :  1.67905e-06
 Reference value :  1.82045e-06
 Reference value :  1.98895e-06
 Reference value :  2.15315e-06
 Reference value :  2.31503e-06
 Reference value :  2.47773e-06
 Reference value :  2.63903e-06
 Reference value :  2.79713e-06
 Reference value :  2.96612e-06
 Reference value :  3.12842e-06
 Reference value :  3.29062e-06
 Reference value :  3.44644e-06
 Reference value :  3.60464e-06
 Reference value :  3.77054e-06
 Reference value :  3.92985e-06
 Reference value :  4.09495e-06
 Reference value :  4.25865e-06
 Reference value :  4.43223e-06
 Reference value :  4.61434e-06
 Reference value :  4.79794e-06
 Reference value :  4.97225e-06
 Reference value :  5.13565e-06
 Reference value :  5.30004e-06
 Reference value :  5.52754e-06
 Reference value :  5.69354e-06
 Reference value :  5.86645e-06
 Reference value :  6.02855e-06
 Reference value :  6.19445e-06
 Reference value :  6.34584e-06
No. of Data Rows : 65269
tclk1               =  3.00001e-07
tclk2               =  1.30000e-06
tq_r1               =  3.00136e-07
tq_f1               =  1.30016e-06
q_rst               =  7.83383e-08
q_e1                =  2.97000e+00
q_e2                =  -8.89253e-07
q_e3a               =  4.70480e-05
q_e3b               =  -2.37136e-06
q_e3c               =  -2.25200e-06
q_e4                =  7.20623e-07
q_e5a               =  3.49537e-05
q_e5b               =  1.54810e-06
q_e5c               =  1.46262e-06
q_e6                =  7.20602e-07
q_e7a               =  2.96972e+00
q_e7b               =  2.97000e+00
q_e7c               =  2.97000e+00
m_tpd_clk_q_rise_s = 1.3560000000e-10
m_tpd_clk_q_fall_s = 1.5200000000e-10
m_q_rst_v = 7.8338260000e-08
m_q_e1_v = 2.9700000000e+00
m_q_e2_v = -8.892532000e-07
m_q_e4_v = 7.2062260000e-07
m_q_e3_1ns_v = 4.7047980000e-05
m_q_e3_10ns_v = -2.371359000e-06
m_q_e3_100ns_v = -2.252001000e-06
m_q_e3_drift_v = -4.929998100e-05
m_q_e3_rail_dev_v = -2.252001000e-06
m_q_e5_1ns_v = 3.4953720000e-05
m_q_e5_10ns_v = 1.5480980000e-06
m_q_e5_100ns_v = 1.4626220000e-06
m_q_e5_drift_v = -3.349109800e-05
m_q_e5_rail_dev_v = 1.4626220000e-06
m_q_e6_v = 7.2060210000e-07
m_q_e7_1ns_v = 2.9697250000e+00
m_q_e7_10ns_v = 2.9700000000e+00
m_q_e7_100ns_v = 2.9700000000e+00
m_q_e7_drift_v = 2.7500000000e-04
m_q_e7_rail_dev_v = 1.0418332863e-12
Note: Simulation executed from .control section 

Warning: m=xx on .subckt line will override multiplier m hierarchy!

