
Note: No compatibility mode selected!


Circuit: * sampler-array-digitize @ ss_125c_3.63v -- generated by sim/harness, do not edit

Doing analysis at TEMP = 125.000000 and TNOM = 27.000000

Using SPARSE 1.3 as Direct Linear Solver

Initial Transient Solution
--------------------------

Node                                   Voltage
----                                   -------
vsup                                      3.63
en                                        3.63
vddr1                                     3.63
vddr2                                     3.63
vdd                                       3.63
xg1.py                                 1.71655
n11                                          0
g10                                2.49498e-07
xg1.nm                            9.35551e-135
xg1.ny                            8.79881e-135
x11.py                                    3.63
n12                                       3.63
g11                                          0
x11.ny                             7.83899e-07
x12.py                                    3.63
n13                                2.49498e-07
g12                                       3.63
x12.ny                             2.15203e-07
x13.py                                    3.63
n14                                       3.63
g13                                2.49498e-07
x13.ny                             7.83903e-07
x14.py                                    3.63
n15                                2.49498e-07
g14                                       3.63
x14.ny                             2.15203e-07
x15.py                                    3.63
n16                                       3.63
g15                                2.49498e-07
x15.ny                             7.83903e-07
x16.py                                    3.63
n17                                2.49498e-07
g16                                       3.63
x16.ny                             2.15203e-07
x17.py                                    3.63
n18                                       3.63
g17                                2.49498e-07
x17.ny                             7.83903e-07
x18.py                                    3.63
n19                                2.49498e-07
g18                                       3.63
x18.ny                             2.15203e-07
x19.py                                    3.63
n1a                                       3.63
g19                                2.49498e-07
x19.ny                             7.83903e-07
x1a.py                                    3.63
ro1                                2.49498e-07
g1a                                       3.63
x1a.ny                             2.15203e-07
xg2.py                                 1.73676
n21                                          0
g20                                2.33336e-07
xg2.nm                            1.35715e-184
xg2.ny                            1.27018e-184
x21.py                                    3.63
n22                                       3.63
g21                                          0
x21.ny                             7.25031e-07
x22.py                                    3.63
n23                                2.33336e-07
g22                                       3.63
x22.ny                             1.99042e-07
x23.py                                    3.63
n24                                       3.63
g23                                2.33336e-07
x23.ny                             7.25035e-07
x24.py                                    3.63
n25                                2.33336e-07
g24                                       3.63
x24.ny                             1.99042e-07
x25.py                                    3.63
n26                                       3.63
g25                                2.33336e-07
x25.ny                             7.25035e-07
x26.py                                    3.63
n27                                2.33336e-07
g26                                       3.63
x26.ny                             1.99042e-07
x27.py                                    3.63
n28                                       3.63
g27                                2.33336e-07
x27.ny                             7.25035e-07
x28.py                                    3.63
n29                                2.33336e-07
g28                                       3.63
x28.ny                             1.99042e-07
x29.py                                    3.63
n2a                                       3.63
g29                                2.33336e-07
x29.ny                             7.25035e-07
x2a.py                                    3.63
ro2                                2.33336e-07
g2a                                       3.63
x2a.ny                             1.99042e-07
xa1.an                                    3.63
xa1.bn                                    3.63
xa1.mid                                   3.63
xo                                  1.8819e-07
xa1.s1                             8.79257e-08
xa1.s2                             9.40949e-08
xsb.clkb                                  3.63
clk                                          0
xsb.m                              2.44577e-07
xsb.mb                                    3.63
rst_n                                        0
xsb.mmid                             0.0805034
xsb.mc                             6.26631e-08
xsb.s                                     3.63
raw_bit                            3.42943e-08
xsb.qb                                    3.63
xsb.s2mid                            0.0805033
xsv.clkb                                  3.63
xsv.m                                     3.63
xsv.mb                                    3.63
xsv.mmid                               3.09692
xsv.mc                             1.93513e-07
xsv.s                                     3.63
raw_valid                          3.42943e-08
xsv.qb                                    3.63
xsv.s2mid                            0.0805033
x1                                      -1.815
x2                                      -1.815
vth                                      1.815
tclkv                                    1e-08
btclk#branch                                 0
bvth#branch                                  0
bx2#branch                                   0
bx1#branch                                   0
vclk#branch                                  0
vrst#branch                                  0
vn2a#branch                                  0
vn29#branch                                  0
vn28#branch                                  0
vn27#branch                                  0
vn26#branch                                  0
vn25#branch                                  0
vn24#branch                                  0
vn23#branch                                  0
vn22#branch                                  0
vn21#branch                                  0
vn20#branch                                  0
vn1a#branch                                  0
vn19#branch                                  0
vn18#branch                                  0
vn17#branch                                  0
vn16#branch                                  0
vn15#branch                                  0
vn14#branch                                  0
vn13#branch                                  0
vn12#branch                                  0
vn11#branch                                  0
vn10#branch                       -8.07794e-28
vtr#branch                         2.25726e-10
vr2#branch                         8.23222e-06
vr1#branch                         7.72643e-06
ven#branch                                   0
vsup#branch                       -1.59589e-05

 Reference value :  6.64118e-10
 Reference value :  2.10412e-09
 Reference value :  3.57176e-09
 Reference value :  5.05412e-09
 Reference value :  6.54412e-09
 Reference value :  7.99000e-09
 Reference value :  9.39059e-09
 Reference value :  1.09118e-08
 Reference value :  1.24818e-08
 Reference value :  1.40671e-08
 Reference value :  1.55818e-08
 Reference value :  1.70218e-08
 Reference value :  1.84818e-08
 Reference value :  1.99406e-08
 Reference value :  2.12206e-08
 Reference value :  2.27800e-08
 Reference value :  2.43300e-08
 Reference value :  2.56741e-08
 Reference value :  2.71206e-08
 Reference value :  2.86800e-08
 Reference value :  3.01906e-08
 Reference value :  3.15171e-08
 Reference value :  3.29406e-08
 Reference value :  3.44806e-08
 Reference value :  3.59606e-08
 Reference value :  3.74341e-08
 Reference value :  3.89641e-08
 Reference value :  4.04606e-08
 Reference value :  4.19400e-08
 Reference value :  4.34941e-08
 Reference value :  4.50105e-08
 Reference value :  4.65541e-08
 Reference value :  4.80118e-08
 Reference value :  4.95000e-08
 Reference value :  5.10000e-08
 Reference value :  5.25100e-08
 Reference value :  5.40741e-08
 Reference value :  5.54941e-08
 Reference value :  5.68900e-08
 Reference value :  5.84018e-08
 Reference value :  5.99818e-08
 Reference value :  6.13941e-08
 Reference value :  6.29300e-08
 Reference value :  6.44300e-08
 Reference value :  6.59271e-08
 Reference value :  6.74006e-08
 Reference value :  6.89118e-08
 Reference value :  7.02806e-08
 Reference value :  7.17341e-08
 Reference value :  7.32506e-08
 Reference value :  7.47706e-08
 Reference value :  7.62700e-08
 Reference value :  7.77871e-08
 Reference value :  7.93006e-08
 Reference value :  8.08500e-08
 Reference value :  8.23500e-08
 Reference value :  8.37300e-08
 Reference value :  8.50606e-08
 Reference value :  8.64018e-08
 Reference value :  8.78418e-08
 Reference value :  8.91741e-08
 Reference value :  9.05718e-08
 Reference value :  9.19641e-08
 Reference value :  9.34206e-08
 Reference value :  9.48471e-08
 Reference value :  9.62900e-08
 Reference value :  9.76571e-08
 Reference value :  9.91900e-08
 Reference value :  1.00634e-07
 Reference value :  1.02101e-07
 Reference value :  1.03624e-07
 Reference value :  1.05154e-07
 Reference value :  1.06661e-07
 Reference value :  1.08150e-07
 Reference value :  1.09712e-07
 Reference value :  1.11182e-07
 Reference value :  1.12660e-07
 Reference value :  1.13994e-07
 Reference value :  1.15407e-07
 Reference value :  1.16662e-07
 Reference value :  1.18092e-07
 Reference value :  1.19657e-07
 Reference value :  1.21082e-07
 Reference value :  1.22431e-07
 Reference value :  1.23862e-07
 Reference value :  1.25321e-07
 Reference value :  1.26784e-07
 Reference value :  1.28171e-07
 Reference value :  1.29662e-07
 Reference value :  1.31000e-07
No. of Data Rows : 67052
rb_rst              =  8.13211e-06
rv_rst              =  3.42946e-08
b0                  =  3.63001e+00
b1                  =  3.63000e+00
b2                  =  3.63000e+00
b3                  =  3.63000e+00
b4                  =  3.63000e+00
b5                  =  3.63000e+00
b6                  =  3.63000e+00
b7                  =  3.63000e+00
b8                  =  3.63000e+00
b9                  =  3.63000e+00
v0                  =  3.63000e+00
v9                  =  3.63000e+00
t1a                 =  1.57757e-08
 meas tran t1b when v(x1)=0 rise=14 failed!

t2a                 =  1.47538e-08
t2b                 =  1.29739e-07
vxhi                =  3.69032e+00 at=  9.58241e-08
vxlo                =  -9.41118e-03 at=  1.21967e-07
vrhi                =  3.68269e+00 at=  3.98971e-08
vrlo                =  -5.15827e-02 at=  1.06044e-07
m_rb_rst_v = 8.1321110000e-06
m_rv_rst_v = 3.4294600000e-08
m_b0_v = 3.6300110000e+00
m_b1_v = 3.6300000000e+00
m_b2_v = 3.6300000000e+00
m_b3_v = 3.6300000000e+00
m_b4_v = 3.6300000000e+00
m_b5_v = 3.6300000000e+00
m_b6_v = 3.6300000000e+00
m_b7_v = 3.6300000000e+00
m_b8_v = 3.6300000000e+00
m_b9_v = 3.6299990000e+00
m_rv0_v = 3.6300000000e+00
m_rv9_v = 3.6300000000e+00
m_ones_count = 1.0000000000e+01
m_worst_rail_dev_v = 1.0000030950e-06
m_period_r2 = 9.5820675000e-09
m_f_r2 = 1.0436161089e+08
m_xo_swing_v = 3.6997321790e+00
m_ring1_swing_v = 3.7342726800e+00
Note: Simulation executed from .control section 


Error: measure  t1b  when(WHEN) : out of interval
Warning from checkvalid: vector t1b is not available or has zero length.
Error: RHS "(t1b-t1a)/nper" invalid
Warning from checkvalid: vector t1b is not available or has zero length.
Error: RHS "nper/(t1b-t1a)" invalid
Warning from checkvalid: vector t1b is not available or has zero length.
Error: RHS "(t1b-t1a)/(t2b-t2a)" invalid
Warning from checkvalid: vector t1b is not available or has zero length.
Error: RHS "mean(v(tclkv))*nper/(t1b-t1a)" invalid
Warning from checkvalid: vector t1b is not available or has zero length.
Error: RHS "2*(nper/(t1b-t1a)+nper/(t2b-t2a))" invalid
Warning from checkvalid: vector m_period_r1 is not available or has zero length.
Warning from checkvalid: vector m_f_r1 is not available or has zero length.
Warning from checkvalid: vector m_freq_ratio_r2_r1 is not available or has zero length.
Warning from checkvalid: vector m_ring_periods_per_sample is not available or has zero length.
Warning from checkvalid: vector m_xo_trans_per_s is not available or has zero length.
