
Note: Compatibility modes selected: hs a


Circuit: * ro-array-core-pvt-q @ ss_27c_3.30v -- generated by sim/harness, do not edit

Doing analysis at TEMP = 27.000000 and TNOM = 27.000000

Using SPARSE 1.3 as Direct Linear Solver

Initial Transient Solution
--------------------------

Node                                   Voltage
----                                   -------
vsup                                       3.3
en                                         3.3
vddr1                                      3.3
vddr2                                      3.3
vdd                                        3.3
xdut.xr1.xg.py                         1.69112
xdut.xr1.n1                                  0
xdut.ro1                           1.40636e-07
xdut.xr1.xg.nm                   -6.43168e-135
xdut.xr1.xg.ny                   -6.01328e-135
xdut.xr1.x1.py                             3.3
xdut.xr1.n2                                3.3
xdut.xr1.x1.ny                     1.45091e-09
xdut.xr1.x2.py                             3.3
xdut.xr1.n3                        1.40636e-07
xdut.xr1.x2.ny                     1.19952e-07
xdut.xr1.x3.py                             3.3
xdut.xr1.n4                                3.3
xdut.xr1.x3.ny                     1.45092e-09
xdut.xr1.x4.py                             3.3
xdut.xr1.n5                        1.40636e-07
xdut.xr1.x4.ny                     1.19952e-07
xdut.xr1.x5.py                             3.3
xdut.xr1.n6                                3.3
xdut.xr1.x5.ny                     1.45092e-09
xdut.xr1.x6.py                             3.3
xdut.xr1.n7                        1.40636e-07
xdut.xr1.x6.ny                     1.19952e-07
xdut.xr1.x7.py                             3.3
xdut.xr1.n8                                3.3
xdut.xr1.x7.ny                     1.45092e-09
xdut.xr1.x8.py                             3.3
xdut.xr1.n9                        1.40636e-07
xdut.xr1.x8.ny                     1.19952e-07
xdut.xr1.x9.py                             3.3
xdut.xr1.n10                               3.3
xdut.xr1.x9.ny                     1.45092e-09
xdut.xr1.x10.py                            3.3
xdut.xr1.x10.ny                    1.19952e-07
xdut.xr2.xg.py                         1.70771
xdut.xr2.n1                                  0
xdut.ro2                            1.3164e-07
xdut.xr2.xg.nm                   -2.38656e-123
xdut.xr2.xg.ny                   -2.21946e-123
xdut.xr2.x1.py                             3.3
xdut.xr2.n2                                3.3
xdut.xr2.x1.ny                      1.3421e-09
xdut.xr2.x2.py                             3.3
xdut.xr2.n3                         1.3164e-07
xdut.xr2.x2.ny                     1.10957e-07
xdut.xr2.x3.py                             3.3
xdut.xr2.n4                                3.3
xdut.xr2.x3.ny                     1.34211e-09
xdut.xr2.x4.py                             3.3
xdut.xr2.n5                         1.3164e-07
xdut.xr2.x4.ny                     1.10957e-07
xdut.xr2.x5.py                             3.3
xdut.xr2.n6                                3.3
xdut.xr2.x5.ny                     1.34211e-09
xdut.xr2.x6.py                             3.3
xdut.xr2.n7                         1.3164e-07
xdut.xr2.x6.ny                     1.10957e-07
xdut.xr2.x7.py                             3.3
xdut.xr2.n8                                3.3
xdut.xr2.x7.ny                     1.34211e-09
xdut.xr2.x8.py                             3.3
xdut.xr2.n9                         1.3164e-07
xdut.xr2.x8.ny                     1.10957e-07
xdut.xr2.x9.py                             3.3
xdut.xr2.n10                               3.3
xdut.xr2.x9.ny                     1.34211e-09
xdut.xr2.x10.py                            3.3
xdut.xr2.x10.ny                    1.10957e-07
xdut.xa1.an                                3.3
xdut.xa1.bn                                3.3
xdut.xa1.mid                               3.3
xo                                 4.97583e-08
xdut.xa1.s1                        1.26371e-09
xdut.xa1.s2                        2.48792e-08
q1                                -7.52228e-16
q2                                -7.99873e-16
qt                                -1.33508e-21
vth                                       1.65
bvth#branch                                  0
vtr#branch                         1.33508e-11
vr2#branch                         7.99873e-06
vr1#branch                         7.52228e-06
ven#branch                                   0
vsup#branch                        -1.5521e-05

 Reference value :  0.00000e+00
 Reference value :  1.57140e-09
 Reference value :  3.21640e-09
 Reference value :  4.76140e-09
 Reference value :  6.36640e-09
 Reference value :  8.05640e-09
 Reference value :  9.80140e-09
 Reference value :  1.14314e-08
 Reference value :  1.30814e-08
 Reference value :  1.47414e-08
 Reference value :  1.63914e-08
 Reference value :  1.79164e-08
 Reference value :  1.95114e-08
 Reference value :  2.10964e-08
 Reference value :  2.26364e-08
 Reference value :  2.41714e-08
 Reference value :  2.57714e-08
 Reference value :  2.73664e-08
 Reference value :  2.89764e-08
 Reference value :  3.05464e-08
 Reference value :  3.21214e-08
 Reference value :  3.36964e-08
 Reference value :  3.52864e-08
 Reference value :  3.68864e-08
 Reference value :  3.84964e-08
 Reference value :  4.00664e-08
 Reference value :  4.16864e-08
 Reference value :  4.32764e-08
 Reference value :  4.48914e-08
 Reference value :  4.65114e-08
 Reference value :  4.80764e-08
 Reference value :  4.96964e-08
 Reference value :  5.12964e-08
 Reference value :  5.29614e-08
 Reference value :  5.45714e-08
 Reference value :  5.60964e-08
 Reference value :  5.76714e-08
 Reference value :  5.92564e-08
 Reference value :  6.08814e-08
 Reference value :  6.25014e-08
 Reference value :  6.41264e-08
 Reference value :  6.56914e-08
 Reference value :  6.72864e-08
 Reference value :  6.89214e-08
 Reference value :  7.05914e-08
 Reference value :  7.22014e-08
 Reference value :  7.38014e-08
 Reference value :  7.53414e-08
 Reference value :  7.69714e-08
 Reference value :  7.85864e-08
 Reference value :  8.01764e-08
 Reference value :  8.17214e-08
 Reference value :  8.33864e-08
 Reference value :  8.49514e-08
 Reference value :  8.66514e-08
 Reference value :  8.82364e-08
 Reference value :  8.98114e-08
 Reference value :  9.14664e-08
 Reference value :  9.30364e-08
 Reference value :  9.46014e-08
 Reference value :  9.61864e-08
 Reference value :  9.78114e-08
 Reference value :  9.94764e-08
 Reference value :  1.01046e-07
 Reference value :  1.02671e-07
 Reference value :  1.04316e-07
 Reference value :  1.05906e-07
 Reference value :  1.07541e-07
 Reference value :  1.09131e-07
 Reference value :  1.10721e-07
 Reference value :  1.12351e-07
 Reference value :  1.13971e-07
 Reference value :  1.15786e-07
 Reference value :  1.17486e-07
 Reference value :  1.19126e-07
 Reference value :  1.20711e-07
 Reference value :  1.22351e-07
 Reference value :  1.23981e-07
 Reference value :  1.25606e-07
 Reference value :  1.27211e-07
 Reference value :  1.28786e-07
 Reference value :  1.30401e-07
 Reference value :  1.32046e-07
 Reference value :  1.33646e-07
 Reference value :  1.35266e-07
 Reference value :  1.36886e-07
 Reference value :  1.38571e-07
 Reference value :  1.40231e-07
 Reference value :  1.41826e-07
 Reference value :  1.43376e-07
 Reference value :  1.44936e-07
 Reference value :  1.46571e-07
 Reference value :  1.48126e-07
 Reference value :  1.49711e-07
 Reference value :  1.51411e-07
 Reference value :  1.52991e-07
 Reference value :  1.54541e-07
 Reference value :  1.56081e-07
 Reference value :  1.57631e-07
 Reference value :  1.59231e-07
 Reference value :  1.60816e-07
 Reference value :  1.62421e-07
 Reference value :  1.63976e-07
 Reference value :  1.65591e-07
 Reference value :  1.67156e-07
 Reference value :  1.68761e-07
 Reference value :  1.70341e-07
 Reference value :  1.71956e-07
 Reference value :  1.73576e-07
 Reference value :  1.75066e-07
 Reference value :  1.76716e-07
 Reference value :  1.78371e-07
 Reference value :  1.79991e-07
 Reference value :  1.81581e-07
 Reference value :  1.83191e-07
 Reference value :  1.85376e-07
 Reference value :  1.87051e-07
 Reference value :  1.88586e-07
 Reference value :  1.90226e-07
 Reference value :  1.91836e-07
 Reference value :  1.93486e-07
 Reference value :  1.95091e-07
 Reference value :  1.96746e-07
 Reference value :  1.98321e-07
 Reference value :  1.99931e-07
 Reference value :  2.01516e-07
 Reference value :  2.03121e-07
 Reference value :  2.04756e-07
 Reference value :  2.06346e-07
 Reference value :  2.07936e-07
 Reference value :  2.09621e-07
 Reference value :  2.11201e-07
 Reference value :  2.12791e-07
 Reference value :  2.14391e-07
 Reference value :  2.15966e-07
 Reference value :  2.17566e-07
 Reference value :  2.19331e-07
 Reference value :  2.20936e-07
 Reference value :  2.22546e-07
 Reference value :  2.24171e-07
 Reference value :  2.25766e-07
 Reference value :  2.27406e-07
 Reference value :  2.29006e-07
 Reference value :  2.30591e-07
 Reference value :  2.32156e-07
 Reference value :  2.33761e-07
 Reference value :  2.35386e-07
 Reference value :  2.36941e-07
 Reference value :  2.38546e-07
 Reference value :  2.40156e-07
 Reference value :  2.41726e-07
 Reference value :  2.43286e-07
 Reference value :  2.44901e-07
 Reference value :  2.46521e-07
 Reference value :  2.48076e-07
 Reference value :  2.49656e-07
 Reference value :  2.51231e-07
 Reference value :  2.52746e-07
 Reference value :  2.54346e-07
 Reference value :  2.55936e-07
 Reference value :  2.57551e-07
 Reference value :  2.59136e-07
 Reference value :  2.60671e-07
 Reference value :  2.62206e-07
 Reference value :  2.63766e-07
 Reference value :  2.65416e-07
 Reference value :  2.67026e-07
 Reference value :  2.68616e-07
 Reference value :  2.70196e-07
 Reference value :  2.71846e-07
 Reference value :  2.73436e-07
 Reference value :  2.74991e-07
 Reference value :  2.76576e-07
 Reference value :  2.78146e-07
 Reference value :  2.79676e-07
 Reference value :  2.81256e-07
 Reference value :  2.82831e-07
 Reference value :  2.84441e-07
 Reference value :  2.86076e-07
 Reference value :  2.87621e-07
 Reference value :  2.89181e-07
 Reference value :  2.90761e-07
 Reference value :  2.92301e-07
 Reference value :  2.93886e-07
 Reference value :  2.95516e-07
 Reference value :  2.97066e-07
 Reference value :  2.98641e-07
No. of Data Rows : 60008
t1a                 =  1.35196e-08
t1b                 =  4.83876e-08
t2a                 =  1.26503e-08
t2b                 =  4.53794e-08
c1a                 =  -1.86605e-04
c1b                 =  -6.85576e-04
c2a                 =  -1.86504e-04
c2b                 =  -6.88497e-04
cta                 =  -1.47055e-04
ctb                 =  -6.05682e-04
vhi                 =  3.50416e+00 at=  2.86556e-07
vlo                 =  -6.98531e-02 at=  2.21131e-07
vxhi                =  3.38575e+00 at=  2.12716e-07
vxlo                =  -3.35891e-02 at=  2.69681e-07
m_period_r1 = 8.7169975000e-09
m_period_r2 = 8.1822800000e-09
m_f_r1 = 1.1471839931e+08
m_f_r2 = 1.2221532385e+08
m_i_r1_a = -1.431030295e-05
m_i_r2_a = -1.533783065e-05
m_i_tree_a = -1.315322736e-05
m_e_cycle_r1_j = -4.116514875e-13
m_c_eff_node_r1_f = -3.436442837e-15
m_ring_swing_v = 3.5740180700e+00
m_xo_swing_v = 3.4193401400e+00
m_i_total_a = -4.280136096e-05
m_p_rings_w = -9.783884088e-05
m_p_total_w = -1.412444912e-04
m_xo_trans_per_s = 4.7386744631e+08
Note: Simulation executed from .control section 

Warning: m=xx on .subckt line will override multiplier m hierarchy!

