
Note: Compatibility modes selected: hs a


Circuit: * inv-stage-noise @ ss_27c_3.30v -- generated by sim/harness, do not edit

Doing analysis at TEMP = 27.000000 and TNOM = 27.000000

Using SPARSE 1.3 as Direct Linear Solver

No. of Data Rows : 1
Doing analysis at TEMP = 27.000000 and TNOM = 27.000000

Using SPARSE 1.3 as Direct Linear Solver

No. of Data Rows : 81
Doing analysis at TEMP = 27.000000 and TNOM = 27.000000

Using SPARSE 1.3 as Direct Linear Solver

No. of Data Rows : 81

No. of Data Rows : 1
Doing analysis at TEMP = 27.000000 and TNOM = 27.000000

Using SPARSE 1.3 as Direct Linear Solver

No. of Data Rows : 31

No. of Data Rows : 1
m_vtrip = 1.5269627942e+00
m_gain_1meg = 2.1310766855e+01
m_gain_100meg = 2.0517216422e+01
m_gain_1g = 7.1517797199e+00
m_inoise_dens_1meg = 3.8331408271e-08
m_inoise_dens_10meg = 1.4618896111e-08
m_inoise_dens_100meg = 8.7157997624e-09
m_inoise_dens_1g = 7.7907521781e-09
m_inoise_dens_10g = 7.3741670721e-09
m_onoise_dens_1meg = 8.1687170487e-07
m_onoise_dens_1g = 5.5717743430e-08
m_onoise_rms_1k_100g = 4.8069750078e-03
m_onoise_rms_100meg_100g = 3.6516516478e-03
Note: Simulation executed from .control section 

Warning: m=xx on .subckt line will override multiplier m hierarchy!

