
Note: Compatibility modes selected: hs a


Circuit: * ro-array-core-startup @ ff_27c_3.63v -- generated by sim/harness, do not edit

Doing analysis at TEMP = 27.000000 and TNOM = 27.000000

Using SPARSE 1.3 as Direct Linear Solver

Initial Transient Solution
--------------------------

Node                                   Voltage
----                                   -------
vsup                                      3.63
en                                           0
xdut.xr1.xg.py                            3.63
xdut.xr1.n1                               3.63
xdut.ro1                                  3.63
xdut.xr1.xg.nm                         3.15561
xdut.xr1.xg.ny                     2.22421e-07
xdut.xr1.x1.py                            3.63
xdut.xr1.n2                        1.25943e-07
xdut.xr1.x1.ny                     1.07085e-07
xdut.xr1.x2.py                            3.63
xdut.xr1.n3                               3.63
xdut.xr1.x2.ny                     5.51202e-07
xdut.xr1.x3.py                            3.63
xdut.xr1.n4                        1.25943e-07
xdut.xr1.x3.ny                     1.07085e-07
xdut.xr1.x4.py                            3.63
xdut.xr1.n5                               3.63
xdut.xr1.x4.ny                     5.51202e-07
xdut.xr1.x5.py                            3.63
xdut.xr1.n6                        1.25943e-07
xdut.xr1.x5.ny                     1.07085e-07
xdut.xr1.x6.py                            3.63
xdut.xr1.n7                               3.63
xdut.xr1.x6.ny                     5.51202e-07
xdut.xr1.x7.py                            3.63
xdut.xr1.n8                        1.25943e-07
xdut.xr1.x7.ny                     1.07085e-07
xdut.xr1.x8.py                            3.63
xdut.xr1.n9                               3.63
xdut.xr1.x8.ny                     5.51202e-07
xdut.xr1.x9.py                            3.63
xdut.xr1.n10                       1.25943e-07
xdut.xr1.x9.ny                     1.07085e-07
xdut.xr1.x10.py                           3.63
xdut.xr1.x10.ny                    5.51202e-07
xdut.xr2.xg.py                            3.63
xdut.xr2.n1                               3.63
xdut.ro2                                  3.63
xdut.xr2.xg.nm                         3.15562
xdut.xr2.xg.ny                     2.07448e-07
xdut.xr2.x1.py                            3.63
xdut.xr2.n2                        1.18733e-07
xdut.xr2.x1.ny                     9.98748e-08
xdut.xr2.x2.py                            3.63
xdut.xr2.n3                               3.63
xdut.xr2.x2.ny                      5.1409e-07
xdut.xr2.x3.py                            3.63
xdut.xr2.n4                        1.18733e-07
xdut.xr2.x3.ny                     9.98749e-08
xdut.xr2.x4.py                            3.63
xdut.xr2.n5                               3.63
xdut.xr2.x4.ny                      5.1409e-07
xdut.xr2.x5.py                            3.63
xdut.xr2.n6                        1.18733e-07
xdut.xr2.x5.ny                     9.98749e-08
xdut.xr2.x6.py                            3.63
xdut.xr2.n7                               3.63
xdut.xr2.x6.ny                      5.1409e-07
xdut.xr2.x7.py                            3.63
xdut.xr2.n8                        1.18733e-07
xdut.xr2.x7.ny                     9.98749e-08
xdut.xr2.x8.py                            3.63
xdut.xr2.n9                               3.63
xdut.xr2.x8.ny                      5.1409e-07
xdut.xr2.x9.py                            3.63
xdut.xr2.n10                       1.18733e-07
xdut.xr2.x9.ny                     9.98749e-08
xdut.xr2.x10.py                           3.63
xdut.xr2.x10.ny                     5.1409e-07
xdut.xa1.an                        1.88584e-08
xdut.xa1.bn                        1.88584e-08
xdut.xa1.mid                          0.679796
xo                                 1.13907e-07
xdut.xa1.s1                        5.69535e-08
xdut.xa1.s2                        5.20596e-08
vth                                      1.815
bvth#branch                                  0
ven#branch                                   0
vsup#branch                       -3.58716e-10

 Reference value :  0.00000e+00
 Reference value :  7.26560e-10
 Reference value :  1.45056e-09
 Reference value :  2.17456e-09
 Reference value :  2.87456e-09
 Reference value :  3.55256e-09
 Reference value :  4.25456e-09
 Reference value :  4.99056e-09
 Reference value :  5.68317e-09
 Reference value :  6.43717e-09
 Reference value :  7.12717e-09
 Reference value :  7.85317e-09
 Reference value :  8.55317e-09
 Reference value :  9.23917e-09
 Reference value :  9.95917e-09
 Reference value :  1.06652e-08
 Reference value :  1.13832e-08
 Reference value :  1.20992e-08
 Reference value :  1.27932e-08
 Reference value :  1.35452e-08
 Reference value :  1.42392e-08
 Reference value :  1.49592e-08
 Reference value :  1.56572e-08
 Reference value :  1.63732e-08
 Reference value :  1.71552e-08
 Reference value :  1.78772e-08
 Reference value :  1.86752e-08
 Reference value :  1.94272e-08
 Reference value :  2.02332e-08
 Reference value :  2.09832e-08
 Reference value :  2.17372e-08
 Reference value :  2.25072e-08
 Reference value :  2.32732e-08
 Reference value :  2.40492e-08
 Reference value :  2.48112e-08
 Reference value :  2.56152e-08
 Reference value :  2.63512e-08
 Reference value :  2.71432e-08
 Reference value :  2.78792e-08
 Reference value :  2.86372e-08
 Reference value :  2.94172e-08
 Reference value :  3.02232e-08
 Reference value :  3.09792e-08
 Reference value :  3.16912e-08
 Reference value :  3.24532e-08
 Reference value :  3.31952e-08
 Reference value :  3.39372e-08
 Reference value :  3.46552e-08
 Reference value :  3.54072e-08
 Reference value :  3.61672e-08
 Reference value :  3.69352e-08
 Reference value :  3.76512e-08
 Reference value :  3.83872e-08
 Reference value :  3.90872e-08
 Reference value :  3.98072e-08
 Reference value :  4.04992e-08
 Reference value :  4.12312e-08
 Reference value :  4.19292e-08
 Reference value :  4.27192e-08
 Reference value :  4.34672e-08
 Reference value :  4.41992e-08
 Reference value :  4.49452e-08
 Reference value :  4.56292e-08
 Reference value :  4.63272e-08
 Reference value :  4.70912e-08
 Reference value :  4.77972e-08
 Reference value :  4.84872e-08
 Reference value :  4.92252e-08
 Reference value :  4.99072e-08
 Reference value :  5.06092e-08
 Reference value :  5.13092e-08
 Reference value :  5.21272e-08
 Reference value :  5.28392e-08
 Reference value :  5.35712e-08
 Reference value :  5.42852e-08
 Reference value :  5.50072e-08
 Reference value :  5.56952e-08
 Reference value :  5.63852e-08
 Reference value :  5.70772e-08
 Reference value :  5.77932e-08
 Reference value :  5.84992e-08
 Reference value :  5.91972e-08
 Reference value :  5.99012e-08
 Reference value :  6.06152e-08
 Reference value :  6.12972e-08
 Reference value :  6.19812e-08
 Reference value :  6.26992e-08
 Reference value :  6.33852e-08
 Reference value :  6.41192e-08
 Reference value :  6.48192e-08
 Reference value :  6.55292e-08
 Reference value :  6.62192e-08
 Reference value :  6.69012e-08
 Reference value :  6.76092e-08
 Reference value :  6.83172e-08
 Reference value :  6.90212e-08
 Reference value :  6.97232e-08
 Reference value :  7.04332e-08
 Reference value :  7.11252e-08
 Reference value :  7.18192e-08
 Reference value :  7.25112e-08
 Reference value :  7.31972e-08
 Reference value :  7.39072e-08
 Reference value :  7.46112e-08
 Reference value :  7.53432e-08
 Reference value :  7.60572e-08
 Reference value :  7.67832e-08
 Reference value :  7.74812e-08
 Reference value :  7.81712e-08
 Reference value :  7.88872e-08
 Reference value :  7.96032e-08
 Reference value :  8.03752e-08
 Reference value :  8.10872e-08
 Reference value :  8.18032e-08
 Reference value :  8.25132e-08
 Reference value :  8.32252e-08
 Reference value :  8.39332e-08
 Reference value :  8.46332e-08
 Reference value :  8.53352e-08
 Reference value :  8.60472e-08
 Reference value :  8.67492e-08
 Reference value :  8.74772e-08
 Reference value :  8.81872e-08
 Reference value :  8.89012e-08
 Reference value :  8.96152e-08
 Reference value :  9.02992e-08
 Reference value :  9.10152e-08
 Reference value :  9.17072e-08
 Reference value :  9.24172e-08
 Reference value :  9.31132e-08
 Reference value :  9.38112e-08
 Reference value :  9.45252e-08
 Reference value :  9.52172e-08
 Reference value :  9.59552e-08
 Reference value :  9.66872e-08
 Reference value :  9.73992e-08
 Reference value :  9.81332e-08
 Reference value :  9.88232e-08
 Reference value :  9.95192e-08
 Reference value :  1.00215e-07
 Reference value :  1.00949e-07
 Reference value :  1.01651e-07
 Reference value :  1.02359e-07
 Reference value :  1.03061e-07
 Reference value :  1.03751e-07
 Reference value :  1.04439e-07
 Reference value :  1.05163e-07
 Reference value :  1.05845e-07
 Reference value :  1.06535e-07
 Reference value :  1.07275e-07
 Reference value :  1.07963e-07
 Reference value :  1.08655e-07
 Reference value :  1.09357e-07
 Reference value :  1.10081e-07
 Reference value :  1.10813e-07
 Reference value :  1.11537e-07
 Reference value :  1.12271e-07
 Reference value :  1.12959e-07
 Reference value :  1.13659e-07
 Reference value :  1.14359e-07
 Reference value :  1.15061e-07
 Reference value :  1.15775e-07
 Reference value :  1.16495e-07
 Reference value :  1.17207e-07
 Reference value :  1.17913e-07
 Reference value :  1.18607e-07
 Reference value :  1.19295e-07
 Reference value :  1.19981e-07
 Reference value :  1.20681e-07
 Reference value :  1.21387e-07
 Reference value :  1.22091e-07
 Reference value :  1.22791e-07
 Reference value :  1.23495e-07
 Reference value :  1.24181e-07
 Reference value :  1.24909e-07
 Reference value :  1.25623e-07
 Reference value :  1.26309e-07
 Reference value :  1.27021e-07
 Reference value :  1.27717e-07
 Reference value :  1.28451e-07
 Reference value :  1.29151e-07
 Reference value :  1.29883e-07
 Reference value :  1.30567e-07
 Reference value :  1.31255e-07
 Reference value :  1.31957e-07
 Reference value :  1.32691e-07
 Reference value :  1.33383e-07
 Reference value :  1.34111e-07
 Reference value :  1.34837e-07
 Reference value :  1.35537e-07
 Reference value :  1.36311e-07
 Reference value :  1.37053e-07
 Reference value :  1.37759e-07
 Reference value :  1.38521e-07
 Reference value :  1.39223e-07
 Reference value :  1.39953e-07
 Reference value :  1.40645e-07
 Reference value :  1.41359e-07
 Reference value :  1.42095e-07
 Reference value :  1.42821e-07
 Reference value :  1.43523e-07
 Reference value :  1.44251e-07
 Reference value :  1.44949e-07
 Reference value :  1.45683e-07
 Reference value :  1.46411e-07
 Reference value :  1.47133e-07
 Reference value :  1.47859e-07
 Reference value :  1.48573e-07
 Reference value :  1.49275e-07
 Reference value :  1.49975e-07
 Reference value :  1.50671e-07
 Reference value :  1.51451e-07
 Reference value :  1.52203e-07
 Reference value :  1.52925e-07
 Reference value :  1.53661e-07
 Reference value :  1.54393e-07
 Reference value :  1.55079e-07
 Reference value :  1.55777e-07
 Reference value :  1.56525e-07
 Reference value :  1.57225e-07
 Reference value :  1.57955e-07
 Reference value :  1.58649e-07
 Reference value :  1.59403e-07
 Reference value :  1.60107e-07
 Reference value :  1.60811e-07
 Reference value :  1.61547e-07
 Reference value :  1.62255e-07
 Reference value :  1.62951e-07
 Reference value :  1.63663e-07
 Reference value :  1.64351e-07
 Reference value :  1.65051e-07
 Reference value :  1.65737e-07
 Reference value :  1.66423e-07
 Reference value :  1.67125e-07
 Reference value :  1.67829e-07
 Reference value :  1.68535e-07
 Reference value :  1.69271e-07
 Reference value :  1.69987e-07
 Reference value :  1.70707e-07
 Reference value :  1.71427e-07
 Reference value :  1.72135e-07
 Reference value :  1.72827e-07
 Reference value :  1.73519e-07
 Reference value :  1.74231e-07
 Reference value :  1.74925e-07
 Reference value :  1.75639e-07
 Reference value :  1.76345e-07
 Reference value :  1.77051e-07
 Reference value :  1.77753e-07
 Reference value :  1.78449e-07
 Reference value :  1.79151e-07
 Reference value :  1.79855e-07
No. of Data Rows : 90016
t1r1                =  1.06058e-08
t2r1                =  1.60754e-08
t3r1                =  2.15327e-08
t4r1                =  2.69872e-08
t5r1                =  3.24373e-08
t6r1                =  3.78843e-08
t7r1                =  4.33266e-08
t8r1                =  4.87309e-08
t9r1                =  5.41722e-08
t10r1               =  5.95990e-08
t1r2                =  1.02852e-08
t2r2                =  1.54409e-08
t3r2                =  2.05971e-08
t4r2                =  2.57521e-08
t5r2                =  3.09057e-08
t6r2                =  3.60581e-08
t7r2                =  4.12102e-08
t8r2                =  4.63637e-08
t9r2                =  5.15161e-08
t10r2               =  5.66630e-08
t1xo                =  7.49256e-09
t2xo                =  1.04003e-08
t3xo                =  1.26709e-08
t4xo                =  1.55295e-08
vhi_early           =  3.69142e+00 at=  2.34512e-08
vlo_early           =  -3.94981e-02 at=  2.06792e-08
vhi_late            =  3.56394e+00 at=  1.54149e-07
vlo_late            =  -4.08910e-02 at=  1.62277e-07
vxhi_early          =  3.65341e+00 at=  4.57492e-08
vxlo_early          =  -6.56377e-03 at=  4.61412e-08
vxhi_late           =  3.67518e+00 at=  1.56877e-07
vxlo_late           =  -5.72275e-03 at=  1.76217e-07
v_off_ro1           =  3.63000e+00
v_off_xo            =  1.13907e-07
m_en_assert_s = 5.0000000000e-09
m_t1r1_s = 1.0605840000e-08
m_t2r1_s = 1.6075400000e-08
m_t3r1_s = 2.1532670000e-08
m_t4r1_s = 2.6987240000e-08
m_t5r1_s = 3.2437280000e-08
m_t6r1_s = 3.7884340000e-08
m_t7r1_s = 4.3326570000e-08
m_t8r1_s = 4.8730930000e-08
m_t9r1_s = 5.4172210000e-08
m_t10r1_s = 5.9599020000e-08
m_t1r2_s = 1.0285170000e-08
m_t2r2_s = 1.5440900000e-08
m_t3r2_s = 2.0597130000e-08
m_t4r2_s = 2.5752090000e-08
m_t5r2_s = 3.0905660000e-08
m_t6r2_s = 3.6058130000e-08
m_t7r2_s = 4.1210200000e-08
m_t8r2_s = 4.6363730000e-08
m_t9r2_s = 5.1516120000e-08
m_t10r2_s = 5.6662990000e-08
m_t1xo_s = 7.4925590000e-09
m_t2xo_s = 1.0400290000e-08
m_t3xo_s = 1.2670870000e-08
m_t4xo_s = 1.5529500000e-08
m_ring_swing_early_v = 3.7309171300e+00
m_ring_swing_late_v = 3.6048280100e+00
m_xo_swing_early_v = 3.6599727690e+00
m_xo_swing_late_v = 3.6808977450e+00
m_v_ro1_off_v = 3.6299980000e+00
m_v_xo_off_v = 1.1390690000e-07
Note: Simulation executed from .control section 

Warning: m=xx on .subckt line will override multiplier m hierarchy!

