
Note: Compatibility modes selected: hs a


Circuit: * sampler-dff-setup-hold @ sf_-40c_3.63v -- generated by sim/harness, do not edit

Doing analysis at TEMP = -40.000000 and TNOM = 27.000000

Using SPARSE 1.3 as Direct Linear Solver

Initial Transient Solution
--------------------------

Node                                   Voltage
----                                   -------
vdd                                       3.63
rst_n                                        0
clk                                          0
d                                            0
xdut.clkb                                 3.63
xdut.rst                                  3.63
xdut.m                             1.30008e-08
xdut.mb                                   3.63
xdut.mc                             3.5029e-08
xdut.s                                    3.63
q                                  1.75147e-08
xdut.qb                                   3.63
vth                                      1.815
bvth#branch                                  0
vd#branch                          6.40506e-12
vclk#branch                                  0
vrst#branch                                  0
vdd#branch                        -5.12554e-11

 Reference value :  9.28347e-08
 Reference value :  3.63365e-07
 Reference value :  6.49165e-07
 Reference value :  9.19759e-07
 Reference value :  1.19886e-06
 Reference value :  1.40632e-06
 Reference value :  1.60692e-06
 Reference value :  1.79852e-06
 Reference value :  2.07781e-06
 Reference value :  2.34565e-06
 Reference value :  2.63435e-06
 Reference value :  2.89747e-06
 Reference value :  3.16567e-06
 Reference value :  3.43078e-06
 Reference value :  3.71468e-06
 Reference value :  3.97031e-06
 Reference value :  4.23561e-06
 Reference value :  4.50164e-06
 Reference value :  4.76554e-06
 Reference value :  5.02829e-06
 Reference value :  5.27729e-06
 Reference value :  5.54260e-06
 Reference value :  5.74060e-06
 Reference value :  5.93621e-06
 Reference value :  6.11021e-06
 Reference value :  6.29501e-06
 Reference value :  6.47526e-06
No. of Data Rows : 65281
tclk1               =  3.00001e-07
tclk2               =  1.30000e-06
tq_r1               =  3.00098e-07
tq_f1               =  1.30012e-06
q_rst               =  1.75148e-08
q_e1                =  3.63000e+00
q_e2                =  3.58522e-06
q_e3a               =  5.51149e-06
q_e3b               =  6.98909e-07
q_e3c               =  6.61769e-07
q_e4                =  2.75244e-06
q_e5a               =  3.63805e+00
q_e5b               =  3.63001e+00
q_e5c               =  3.63001e+00
q_e6                =  -1.33332e-05
q_e7a               =  3.63070e+00
q_e7b               =  3.63000e+00
q_e7c               =  3.63000e+00
m_tpd_clk_q_rise_s = 9.7900000000e-11
m_tpd_clk_q_fall_s = 1.1600000000e-10
m_q_rst_v = 1.7514840000e-08
m_q_e1_v = 3.6300020000e+00
m_q_e2_v = 3.5852250000e-06
m_q_e4_v = 2.7524400000e-06
m_q_e3_1ns_v = 5.5114900000e-06
m_q_e3_10ns_v = 6.9890870000e-07
m_q_e3_100ns_v = 6.6176880000e-07
m_q_e3_drift_v = -4.849721200e-06
m_q_e3_rail_dev_v = 6.6176879998e-07
m_q_e5_1ns_v = 3.6380480000e+00
m_q_e5_10ns_v = 3.6300100000e+00
m_q_e5_100ns_v = 3.6300100000e+00
m_q_e5_drift_v = -8.038000000e-03
m_q_e5_rail_dev_v = -9.999996947e-06
m_q_e6_v = -1.333324000e-05
m_q_e7_1ns_v = 3.6307000000e+00
m_q_e7_10ns_v = 3.6300020000e+00
m_q_e7_100ns_v = 3.6300020000e+00
m_q_e7_drift_v = -6.980000000e-04
m_q_e7_rail_dev_v = -1.999996948e-06
Note: Simulation executed from .control section 

Warning: m=xx on .subckt line will override multiplier m hierarchy!

