
Note: Compatibility modes selected: hs a


Circuit: * sampler-dff-setup-hold @ ss_-40c_3.63v -- generated by sim/harness, do not edit

Doing analysis at TEMP = -40.000000 and TNOM = 27.000000

Using SPARSE 1.3 as Direct Linear Solver

Initial Transient Solution
--------------------------

Node                                   Voltage
----                                   -------
vdd                                       3.63
rst_n                                        0
clk                                          0
d                                            0
xdut.clkb                                 3.63
xdut.rst                                  3.63
xdut.m                             1.33845e-08
xdut.mb                                   3.63
xdut.mc                            3.60043e-08
xdut.s                                    3.63
q                                  1.80022e-08
xdut.qb                                   3.63
vth                                      1.815
bvth#branch                                  0
vd#branch                          6.36614e-12
vclk#branch                                  0
vrst#branch                                  0
vdd#branch                        -5.10187e-11

 Reference value :  0.00000e+00
 Reference value :  1.60540e-07
 Reference value :  3.28166e-07
 Reference value :  5.10466e-07
 Reference value :  6.92666e-07
 Reference value :  8.78882e-07
 Reference value :  1.05538e-06
 Reference value :  1.23068e-06
 Reference value :  1.36792e-06
 Reference value :  1.48562e-06
 Reference value :  1.60362e-06
 Reference value :  1.73082e-06
 Reference value :  1.87714e-06
 Reference value :  2.05254e-06
 Reference value :  2.27824e-06
 Reference value :  2.47106e-06
 Reference value :  2.65126e-06
 Reference value :  2.82599e-06
 Reference value :  3.00359e-06
 Reference value :  3.18019e-06
 Reference value :  3.35289e-06
 Reference value :  3.52879e-06
 Reference value :  3.70119e-06
 Reference value :  3.87384e-06
 Reference value :  4.04674e-06
 Reference value :  4.21874e-06
 Reference value :  4.38208e-06
 Reference value :  4.55614e-06
 Reference value :  4.73074e-06
 Reference value :  4.90134e-06
 Reference value :  5.07914e-06
 Reference value :  5.25484e-06
 Reference value :  5.43309e-06
 Reference value :  5.61059e-06
 Reference value :  5.78569e-06
 Reference value :  5.96134e-06
 Reference value :  6.14524e-06
 Reference value :  6.32027e-06
No. of Data Rows : 65278
tclk1               =  3.00001e-07
tclk2               =  1.30000e-06
tq_r1               =  3.00116e-07
tq_f1               =  1.30012e-06
q_rst               =  1.80023e-08
q_e1                =  3.63000e+00
q_e2                =  3.91581e-06
q_e3a               =  1.09207e-04
q_e3b               =  -1.66347e-06
q_e3c               =  -1.59578e-06
q_e4                =  3.58303e-06
q_e5a               =  1.14813e-03
q_e5b               =  2.92821e-06
q_e5c               =  2.82303e-06
q_e6                =  3.58121e-06
q_e7a               =  3.63349e+00
q_e7b               =  3.63000e+00
q_e7c               =  3.63000e+00
m_tpd_clk_q_rise_s = 1.1560000000e-10
m_tpd_clk_q_fall_s = 1.2200000000e-10
m_q_rst_v = 1.8002270000e-08
m_q_e1_v = 3.6300050000e+00
m_q_e2_v = 3.9158080000e-06
m_q_e4_v = 3.5830280000e-06
m_q_e3_1ns_v = 1.0920690000e-04
m_q_e3_10ns_v = -1.663468000e-06
m_q_e3_100ns_v = -1.595782000e-06
m_q_e3_drift_v = -1.108026820e-04
m_q_e3_rail_dev_v = -1.595782000e-06
m_q_e5_1ns_v = 1.1481310000e-03
m_q_e5_10ns_v = 2.9282140000e-06
m_q_e5_100ns_v = 2.8230270000e-06
m_q_e5_drift_v = -1.145307973e-03
m_q_e5_rail_dev_v = 2.8230269999e-06
m_q_e6_v = 3.5812060000e-06
m_q_e7_1ns_v = 3.6334880000e+00
m_q_e7_10ns_v = 3.6300050000e+00
m_q_e7_100ns_v = 3.6300050000e+00
m_q_e7_drift_v = -3.483000000e-03
m_q_e7_rail_dev_v = -4.999996948e-06
Note: Simulation executed from .control section 

Warning: m=xx on .subckt line will override multiplier m hierarchy!

