
Note: Compatibility modes selected: hs a


Circuit: * ro-inv-05stage-jitter @ tt_125c_2.97v -- generated by sim/harness, do not edit

Doing analysis at TEMP = 125.000000 and TNOM = 27.000000

Using SPARSE 1.3 as Direct Linear Solver

Initial Transient Solution
--------------------------

Node                                   Voltage
----                                   -------
vdd                                       2.97
n2                                        2.97
g1                                           0
n3                                 4.40792e-08
g2                                        2.97
n4                                        2.97
g3                                 4.40792e-08
n5                                 4.40792e-08
g4                                        2.97
n1                                           0
g5                                 4.40792e-08
xing                                    -1.485
xs40                                    -1.188
xs60                                    -1.782
bs60#branch                                  0
bs40#branch                                  0
bxing#branch                                 0
vn5#branch                                   0
vn4#branch                                   0
vn3#branch                                   0
vn2#branch                                   0
vn1#branch                                   0
vdd#branch                        -0.000362282

 Reference value :  8.18500e-10
 Reference value :  4.56250e-09
 Reference value :  8.18550e-09
 Reference value :  1.14701e-08
 Reference value :  1.42303e-08
 Reference value :  1.77185e-08
 Reference value :  2.22355e-08
 Reference value :  2.66665e-08
 Reference value :  3.05600e-08
 Reference value :  3.45185e-08
 Reference value :  3.85485e-08
 Reference value :  4.18235e-08
 Reference value :  4.52345e-08
 Reference value :  4.87375e-08
 Reference value :  5.22785e-08
 Reference value :  5.61835e-08
 Reference value :  5.97015e-08
 Reference value :  6.25685e-08
 Reference value :  6.57401e-08
 Reference value :  6.86135e-08
 Reference value :  7.17592e-08
 Reference value :  7.46585e-08
 Reference value :  7.85275e-08
 Reference value :  8.22065e-08
 Reference value :  8.62715e-08
 Reference value :  9.05775e-08
 Reference value :  9.46992e-08
 Reference value :  9.80955e-08
 Reference value :  1.01199e-07
 Reference value :  1.04314e-07
 Reference value :  1.07609e-07
 Reference value :  1.10670e-07
 Reference value :  1.14386e-07
 Reference value :  1.17529e-07
 Reference value :  1.21133e-07
 Reference value :  1.24153e-07
 Reference value :  1.27321e-07
 Reference value :  1.30401e-07
 Reference value :  1.33511e-07
 Reference value :  1.36593e-07
 Reference value :  1.39637e-07
 Reference value :  1.42499e-07
 Reference value :  1.45345e-07
 Reference value :  1.48590e-07
 Reference value :  1.51609e-07
 Reference value :  1.54640e-07
 Reference value :  1.57558e-07
 Reference value :  1.60440e-07
 Reference value :  1.63661e-07
 Reference value :  1.66740e-07
 Reference value :  1.69923e-07
No. of Data Rows : 221009
ts40                =  3.19913e-09
ts60                =  3.22341e-09
tk                  =  8.38177e-10
tk                  =  1.62893e-09
tk                  =  2.41977e-09
tk                  =  3.21077e-09
tk                  =  4.00165e-09
tk                  =  4.79249e-09
tk                  =  5.58339e-09
tk                  =  6.37428e-09
tk                  =  7.16502e-09
tk                  =  7.95574e-09
tk                  =  8.74656e-09
tk                  =  9.53737e-09
tk                  =  1.03281e-08
tk                  =  1.11190e-08
tk                  =  1.19098e-08
tk                  =  1.27006e-08
tk                  =  1.34915e-08
tk                  =  1.42821e-08
tk                  =  1.50729e-08
tk                  =  1.58637e-08
tk                  =  1.66545e-08
tk                  =  1.74453e-08
tk                  =  1.82361e-08
tk                  =  1.90267e-08
tk                  =  1.98175e-08
tk                  =  2.06083e-08
tk                  =  2.13991e-08
tk                  =  2.21901e-08
tk                  =  2.29809e-08
tk                  =  2.37718e-08
tk                  =  2.45628e-08
tk                  =  2.53537e-08
tk                  =  2.61445e-08
tk                  =  2.69354e-08
tk                  =  2.77263e-08
tk                  =  2.85171e-08
tk                  =  2.93079e-08
tk                  =  3.00987e-08
tk                  =  3.08895e-08
tk                  =  3.16803e-08
tk                  =  3.24711e-08
tk                  =  3.32621e-08
tk                  =  3.40529e-08
tk                  =  3.48436e-08
tk                  =  3.56342e-08
tk                  =  3.64251e-08
tk                  =  3.72160e-08
tk                  =  3.80067e-08
tk                  =  3.87978e-08
tk                  =  3.95887e-08
tk                  =  4.03795e-08
tk                  =  4.11701e-08
tk                  =  4.19608e-08
tk                  =  4.27515e-08
tk                  =  4.35423e-08
tk                  =  4.43332e-08
tk                  =  4.51240e-08
tk                  =  4.59146e-08
tk                  =  4.67053e-08
tk                  =  4.74961e-08
tk                  =  4.82869e-08
tk                  =  4.90779e-08
tk                  =  4.98687e-08
tk                  =  5.06594e-08
tk                  =  5.14502e-08
tk                  =  5.22409e-08
tk                  =  5.30317e-08
tk                  =  5.38225e-08
tk                  =  5.46135e-08
tk                  =  5.54043e-08
tk                  =  5.61951e-08
tk                  =  5.69860e-08
tk                  =  5.77768e-08
tk                  =  5.85676e-08
tk                  =  5.93583e-08
tk                  =  6.01491e-08
tk                  =  6.09398e-08
tk                  =  6.17306e-08
tk                  =  6.25214e-08
tk                  =  6.33123e-08
tk                  =  6.41032e-08
tk                  =  6.48940e-08
tk                  =  6.56847e-08
tk                  =  6.64755e-08
tk                  =  6.72665e-08
tk                  =  6.80573e-08
tk                  =  6.88483e-08
tk                  =  6.96389e-08
tk                  =  7.04298e-08
tk                  =  7.12207e-08
tk                  =  7.20115e-08
tk                  =  7.28024e-08
tk                  =  7.35933e-08
tk                  =  7.43842e-08
tk                  =  7.51752e-08
tk                  =  7.59659e-08
tk                  =  7.67566e-08
tk                  =  7.75475e-08
tk                  =  7.83385e-08
tk                  =  7.91292e-08
tk                  =  7.99200e-08
tk                  =  8.07107e-08
tk                  =  8.15014e-08
tk                  =  8.22924e-08
tk                  =  8.30832e-08
tk                  =  8.38739e-08
tk                  =  8.46648e-08
tk                  =  8.54556e-08
tk                  =  8.62464e-08
tk                  =  8.70374e-08
tk                  =  8.78283e-08
tk                  =  8.86190e-08
tk                  =  8.94096e-08
tk                  =  9.02004e-08
tk                  =  9.09912e-08
tk                  =  9.17823e-08
tk                  =  9.25732e-08
tk                  =  9.33642e-08
tk                  =  9.41550e-08
tk                  =  9.49458e-08
tk                  =  9.57366e-08
tk                  =  9.65274e-08
tk                  =  9.73185e-08
tk                  =  9.81094e-08
tk                  =  9.89001e-08
tk                  =  9.96908e-08
tk                  =  1.00482e-07
tk                  =  1.01272e-07
tk                  =  1.02063e-07
m_period = 7.9081893125e-10
m_f_osc = 1.2645119641e+09
m_slew_v_per_s = 2.4463572340e+10
m_sigma_1 = 1.0532937597e-13
m_sigma_2 = 1.5615014092e-13
m_sigma_4 = 2.1585068967e-13
m_sigma_8 = 2.8231797188e-13
m_sigma_16 = 3.8636465892e-13
m_sigma_32 = 5.0809186062e-13
Note: Simulation executed from .control section 

Warning: m=xx on .subckt line will override multiplier m hierarchy!

