
Note: Compatibility modes selected: hs a


Circuit: * ro-inv-05stage-jitter @ tt_125c_2.97v -- generated by sim/harness, do not edit

Doing analysis at TEMP = 125.000000 and TNOM = 27.000000

Using SPARSE 1.3 as Direct Linear Solver

Initial Transient Solution
--------------------------

Node                                   Voltage
----                                   -------
vdd                                       2.97
n2                                        2.97
g1                                           0
n3                                 4.40792e-08
g2                                        2.97
n4                                        2.97
g3                                 4.40792e-08
n5                                 4.40792e-08
g4                                        2.97
n1                                           0
g5                                 4.40792e-08
xing                                    -1.485
xs40                                    -1.188
xs60                                    -1.782
bs60#branch                                  0
bs40#branch                                  0
bxing#branch                                 0
vn5#branch                                   0
vn4#branch                                   0
vn3#branch                                   0
vn2#branch                                   0
vn1#branch                                   0
vdd#branch                        -0.000362282

 Reference value :  7.12500e-10
 Reference value :  3.55925e-09
 Reference value :  7.18850e-09
 Reference value :  1.16385e-08
 Reference value :  1.60892e-08
 Reference value :  2.04135e-08
 Reference value :  2.40285e-08
 Reference value :  2.81692e-08
 Reference value :  3.12315e-08
 Reference value :  3.51365e-08
 Reference value :  3.85575e-08
 Reference value :  4.18101e-08
 Reference value :  4.50385e-08
 Reference value :  4.89875e-08
 Reference value :  5.18755e-08
 Reference value :  5.50165e-08
 Reference value :  5.80245e-08
 Reference value :  6.09875e-08
 Reference value :  6.41707e-08
 Reference value :  6.79503e-08
 Reference value :  7.13901e-08
 Reference value :  7.55401e-08
 Reference value :  7.99592e-08
 Reference value :  8.39401e-08
 Reference value :  8.75907e-08
 Reference value :  9.05515e-08
 Reference value :  9.39092e-08
 Reference value :  9.70475e-08
 Reference value :  1.00444e-07
 Reference value :  1.03812e-07
 Reference value :  1.07340e-07
 Reference value :  1.10676e-07
 Reference value :  1.13566e-07
 Reference value :  1.16609e-07
 Reference value :  1.19887e-07
 Reference value :  1.22908e-07
 Reference value :  1.25940e-07
 Reference value :  1.28949e-07
 Reference value :  1.31748e-07
 Reference value :  1.34790e-07
 Reference value :  1.37843e-07
 Reference value :  1.41046e-07
 Reference value :  1.44107e-07
 Reference value :  1.46971e-07
 Reference value :  1.50061e-07
 Reference value :  1.53112e-07
 Reference value :  1.56411e-07
 Reference value :  1.59548e-07
 Reference value :  1.62527e-07
 Reference value :  1.65470e-07
 Reference value :  1.68277e-07
No. of Data Rows : 221009
ts40                =  3.19880e-09
ts60                =  3.22302e-09
tk                  =  8.37906e-10
tk                  =  1.62852e-09
tk                  =  2.41944e-09
tk                  =  3.21035e-09
tk                  =  4.00114e-09
tk                  =  4.79226e-09
tk                  =  5.58305e-09
tk                  =  6.37378e-09
tk                  =  7.16468e-09
tk                  =  7.95555e-09
tk                  =  8.74637e-09
tk                  =  9.53739e-09
tk                  =  1.03282e-08
tk                  =  1.11190e-08
tk                  =  1.19098e-08
tk                  =  1.27008e-08
tk                  =  1.34918e-08
tk                  =  1.42825e-08
tk                  =  1.50731e-08
tk                  =  1.58640e-08
tk                  =  1.66551e-08
tk                  =  1.74460e-08
tk                  =  1.82367e-08
tk                  =  1.90274e-08
tk                  =  1.98182e-08
tk                  =  2.06091e-08
tk                  =  2.14002e-08
tk                  =  2.21911e-08
tk                  =  2.29818e-08
tk                  =  2.37726e-08
tk                  =  2.45637e-08
tk                  =  2.53545e-08
tk                  =  2.61455e-08
tk                  =  2.69360e-08
tk                  =  2.77270e-08
tk                  =  2.85179e-08
tk                  =  2.93085e-08
tk                  =  3.00994e-08
tk                  =  3.08902e-08
tk                  =  3.16811e-08
tk                  =  3.24720e-08
tk                  =  3.32628e-08
tk                  =  3.40537e-08
tk                  =  3.48447e-08
tk                  =  3.56355e-08
tk                  =  3.64262e-08
tk                  =  3.72172e-08
tk                  =  3.80081e-08
tk                  =  3.87987e-08
tk                  =  3.95895e-08
tk                  =  4.03805e-08
tk                  =  4.11712e-08
tk                  =  4.19619e-08
tk                  =  4.27526e-08
tk                  =  4.35435e-08
tk                  =  4.43344e-08
tk                  =  4.51252e-08
tk                  =  4.59159e-08
tk                  =  4.67067e-08
tk                  =  4.74975e-08
tk                  =  4.82886e-08
tk                  =  4.90792e-08
tk                  =  4.98700e-08
tk                  =  5.06608e-08
tk                  =  5.14516e-08
tk                  =  5.22425e-08
tk                  =  5.30334e-08
tk                  =  5.38240e-08
tk                  =  5.46148e-08
tk                  =  5.54056e-08
tk                  =  5.61964e-08
tk                  =  5.69874e-08
tk                  =  5.77783e-08
tk                  =  5.85692e-08
tk                  =  5.93602e-08
tk                  =  6.01509e-08
tk                  =  6.09415e-08
tk                  =  6.17324e-08
tk                  =  6.25233e-08
tk                  =  6.33142e-08
tk                  =  6.41050e-08
tk                  =  6.48958e-08
tk                  =  6.56867e-08
tk                  =  6.64777e-08
tk                  =  6.72685e-08
tk                  =  6.80595e-08
tk                  =  6.88503e-08
tk                  =  6.96411e-08
tk                  =  7.04319e-08
tk                  =  7.12227e-08
tk                  =  7.20136e-08
tk                  =  7.28043e-08
tk                  =  7.35951e-08
tk                  =  7.43859e-08
tk                  =  7.51770e-08
tk                  =  7.59677e-08
tk                  =  7.67585e-08
tk                  =  7.75493e-08
tk                  =  7.83402e-08
tk                  =  7.91308e-08
tk                  =  7.99218e-08
tk                  =  8.07128e-08
tk                  =  8.15036e-08
tk                  =  8.22943e-08
tk                  =  8.30851e-08
tk                  =  8.38760e-08
tk                  =  8.46668e-08
tk                  =  8.54576e-08
tk                  =  8.62484e-08
tk                  =  8.70392e-08
tk                  =  8.78301e-08
tk                  =  8.86209e-08
tk                  =  8.94117e-08
tk                  =  9.02025e-08
tk                  =  9.09934e-08
tk                  =  9.17841e-08
tk                  =  9.25749e-08
tk                  =  9.33657e-08
tk                  =  9.41564e-08
tk                  =  9.49473e-08
tk                  =  9.57382e-08
tk                  =  9.65290e-08
tk                  =  9.73198e-08
tk                  =  9.81107e-08
tk                  =  9.89015e-08
tk                  =  9.96924e-08
tk                  =  1.00483e-07
tk                  =  1.01274e-07
tk                  =  1.02065e-07
m_period = 7.9083510625e-10
m_f_osc = 1.2644861010e+09
m_slew_v_per_s = 2.4530249845e+10
m_sigma_1 = 1.1136324600e-13
m_sigma_2 = 1.4865619794e-13
m_sigma_4 = 1.6166146587e-13
m_sigma_8 = 2.2028578208e-13
m_sigma_16 = 3.2098779415e-13
m_sigma_32 = 4.7517754179e-13
Note: Simulation executed from .control section 

Warning: m=xx on .subckt line will override multiplier m hierarchy!

