
Note: Compatibility modes selected: hs a


Circuit: * ro-inv-05stage-jitter @ tt_125c_2.97v -- generated by sim/harness, do not edit

Doing analysis at TEMP = 125.000000 and TNOM = 27.000000

Using SPARSE 1.3 as Direct Linear Solver

Initial Transient Solution
--------------------------

Node                                   Voltage
----                                   -------
vdd                                       2.97
n2                                        2.97
g1                                           0
n3                                 4.40792e-08
g2                                        2.97
n4                                        2.97
g3                                 4.40792e-08
n5                                 4.40792e-08
g4                                        2.97
n1                                           0
g5                                 4.40792e-08
xing                                    -1.485
xs40                                    -1.188
xs60                                    -1.782
bs60#branch                                  0
bs40#branch                                  0
bxing#branch                                 0
vn5#branch                                   0
vn4#branch                                   0
vn3#branch                                   0
vn2#branch                                   0
vn1#branch                                   0
vdd#branch                        -0.000362282

 Reference value :  1.93500e-10
 Reference value :  3.81030e-09
 Reference value :  7.11150e-09
 Reference value :  1.07603e-08
 Reference value :  1.37203e-08
 Reference value :  1.65607e-08
 Reference value :  2.01275e-08
 Reference value :  2.45915e-08
 Reference value :  2.89401e-08
 Reference value :  3.29900e-08
 Reference value :  3.68525e-08
 Reference value :  4.04515e-08
 Reference value :  4.37645e-08
 Reference value :  4.77901e-08
 Reference value :  5.16001e-08
 Reference value :  5.52392e-08
 Reference value :  5.86935e-08
 Reference value :  6.20265e-08
 Reference value :  6.49103e-08
 Reference value :  6.81535e-08
 Reference value :  7.10745e-08
 Reference value :  7.41245e-08
 Reference value :  7.74065e-08
 Reference value :  8.10807e-08
 Reference value :  8.47475e-08
 Reference value :  8.92692e-08
 Reference value :  9.39507e-08
 Reference value :  9.78301e-08
 Reference value :  1.01282e-07
 Reference value :  1.04300e-07
 Reference value :  1.07624e-07
 Reference value :  1.10651e-07
 Reference value :  1.14077e-07
 Reference value :  1.17229e-07
 Reference value :  1.20340e-07
 Reference value :  1.23700e-07
 Reference value :  1.26560e-07
 Reference value :  1.30071e-07
 Reference value :  1.33119e-07
 Reference value :  1.36206e-07
 Reference value :  1.39355e-07
 Reference value :  1.42332e-07
 Reference value :  1.45197e-07
 Reference value :  1.48066e-07
 Reference value :  1.51238e-07
 Reference value :  1.54421e-07
 Reference value :  1.57337e-07
 Reference value :  1.60108e-07
 Reference value :  1.63218e-07
 Reference value :  1.66545e-07
 Reference value :  1.69570e-07
No. of Data Rows : 221009
ts40                =  3.19948e-09
ts60                =  3.22371e-09
tk                  =  8.38380e-10
tk                  =  1.62914e-09
tk                  =  2.41995e-09
tk                  =  3.21103e-09
tk                  =  4.00183e-09
tk                  =  4.79261e-09
tk                  =  5.58346e-09
tk                  =  6.37423e-09
tk                  =  7.16495e-09
tk                  =  7.95573e-09
tk                  =  8.74659e-09
tk                  =  9.53741e-09
tk                  =  1.03284e-08
tk                  =  1.11194e-08
tk                  =  1.19102e-08
tk                  =  1.27009e-08
tk                  =  1.34916e-08
tk                  =  1.42825e-08
tk                  =  1.50731e-08
tk                  =  1.58641e-08
tk                  =  1.66549e-08
tk                  =  1.74458e-08
tk                  =  1.82366e-08
tk                  =  1.90274e-08
tk                  =  1.98182e-08
tk                  =  2.06092e-08
tk                  =  2.13998e-08
tk                  =  2.21906e-08
tk                  =  2.29814e-08
tk                  =  2.37725e-08
tk                  =  2.45633e-08
tk                  =  2.53543e-08
tk                  =  2.61449e-08
tk                  =  2.69358e-08
tk                  =  2.77265e-08
tk                  =  2.85173e-08
tk                  =  2.93083e-08
tk                  =  3.00992e-08
tk                  =  3.08900e-08
tk                  =  3.16808e-08
tk                  =  3.24716e-08
tk                  =  3.32625e-08
tk                  =  3.40533e-08
tk                  =  3.48442e-08
tk                  =  3.56350e-08
tk                  =  3.64260e-08
tk                  =  3.72169e-08
tk                  =  3.80078e-08
tk                  =  3.87985e-08
tk                  =  3.95895e-08
tk                  =  4.03804e-08
tk                  =  4.11713e-08
tk                  =  4.19620e-08
tk                  =  4.27528e-08
tk                  =  4.35436e-08
tk                  =  4.43345e-08
tk                  =  4.51253e-08
tk                  =  4.59161e-08
tk                  =  4.67067e-08
tk                  =  4.74978e-08
tk                  =  4.82885e-08
tk                  =  4.90796e-08
tk                  =  4.98705e-08
tk                  =  5.06613e-08
tk                  =  5.14524e-08
tk                  =  5.22432e-08
tk                  =  5.30342e-08
tk                  =  5.38252e-08
tk                  =  5.46160e-08
tk                  =  5.54067e-08
tk                  =  5.61975e-08
tk                  =  5.69883e-08
tk                  =  5.77791e-08
tk                  =  5.85700e-08
tk                  =  5.93608e-08
tk                  =  6.01516e-08
tk                  =  6.09423e-08
tk                  =  6.17334e-08
tk                  =  6.25241e-08
tk                  =  6.33151e-08
tk                  =  6.41059e-08
tk                  =  6.48966e-08
tk                  =  6.56874e-08
tk                  =  6.64784e-08
tk                  =  6.72692e-08
tk                  =  6.80602e-08
tk                  =  6.88510e-08
tk                  =  6.96421e-08
tk                  =  7.04326e-08
tk                  =  7.12236e-08
tk                  =  7.20143e-08
tk                  =  7.28051e-08
tk                  =  7.35958e-08
tk                  =  7.43866e-08
tk                  =  7.51773e-08
tk                  =  7.59683e-08
tk                  =  7.67591e-08
tk                  =  7.75500e-08
tk                  =  7.83409e-08
tk                  =  7.91318e-08
tk                  =  7.99225e-08
tk                  =  8.07134e-08
tk                  =  8.15044e-08
tk                  =  8.22951e-08
tk                  =  8.30860e-08
tk                  =  8.38771e-08
tk                  =  8.46677e-08
tk                  =  8.54585e-08
tk                  =  8.62493e-08
tk                  =  8.70402e-08
tk                  =  8.78309e-08
tk                  =  8.86217e-08
tk                  =  8.94124e-08
tk                  =  9.02033e-08
tk                  =  9.09940e-08
tk                  =  9.17849e-08
tk                  =  9.25758e-08
tk                  =  9.33665e-08
tk                  =  9.41572e-08
tk                  =  9.49481e-08
tk                  =  9.57388e-08
tk                  =  9.65296e-08
tk                  =  9.73205e-08
tk                  =  9.81112e-08
tk                  =  9.89019e-08
tk                  =  9.96927e-08
tk                  =  1.00484e-07
tk                  =  1.01274e-07
tk                  =  1.02065e-07
m_period = 7.9083375078e-10
m_f_osc = 1.2644882683e+09
m_slew_v_per_s = 2.4516075777e+10
m_sigma_1 = 1.1479829143e-13
m_sigma_2 = 1.4343897788e-13
m_sigma_4 = 1.9597393490e-13
m_sigma_8 = 2.7333498355e-13
m_sigma_16 = 3.5164931604e-13
m_sigma_32 = 5.7934187707e-13
Note: Simulation executed from .control section 

Warning: m=xx on .subckt line will override multiplier m hierarchy!

