
Note: Compatibility modes selected: hs a


Circuit: * ro-array-core-startup @ tt_-40c_2.97v -- generated by sim/harness, do not edit

Doing analysis at TEMP = -40.000000 and TNOM = 27.000000

Using SPARSE 1.3 as Direct Linear Solver

Initial Transient Solution
--------------------------

Node                                   Voltage
----                                   -------
vsup                                      2.97
en                                           0
xdut.xr1.xg.py                            2.97
xdut.xr1.n1                               2.97
xdut.ro1                                  2.97
xdut.xr1.xg.nm                         2.33875
xdut.xr1.xg.ny                     7.59875e-12
xdut.xr1.x1.py                            2.97
xdut.xr1.n2                        9.01398e-08
xdut.xr1.x1.ny                       7.569e-08
xdut.xr1.x2.py                            2.97
xdut.xr1.n3                               2.97
xdut.xr1.x2.ny                     3.18231e-11
xdut.xr1.x3.py                            2.97
xdut.xr1.n4                        9.01398e-08
xdut.xr1.x3.ny                       7.569e-08
xdut.xr1.x4.py                            2.97
xdut.xr1.n5                               2.97
xdut.xr1.x4.ny                     3.18233e-11
xdut.xr1.x5.py                            2.97
xdut.xr1.n6                        9.01398e-08
xdut.xr1.x5.ny                       7.569e-08
xdut.xr1.x6.py                            2.97
xdut.xr1.n7                               2.97
xdut.xr1.x6.ny                     3.18231e-11
xdut.xr1.x7.py                            2.97
xdut.xr1.n8                        9.01398e-08
xdut.xr1.x7.ny                       7.569e-08
xdut.xr1.x8.py                            2.97
xdut.xr1.n9                               2.97
xdut.xr1.x8.ny                     3.18231e-11
xdut.xr1.x9.py                            2.97
xdut.xr1.n10                       9.01398e-08
xdut.xr1.x9.ny                       7.569e-08
xdut.xr1.x10.py                           2.97
xdut.xr1.x10.ny                    3.18231e-11
xdut.xr2.xg.py                            2.97
xdut.xr2.n1                               2.97
xdut.ro2                                  2.97
xdut.xr2.xg.nm                         2.33875
xdut.xr2.xg.ny                     7.05357e-12
xdut.xr2.x1.py                            2.97
xdut.xr2.n2                        8.47121e-08
xdut.xr2.x1.ny                     7.02623e-08
xdut.xr2.x2.py                            2.97
xdut.xr2.n3                               2.97
xdut.xr2.x2.ny                     2.95413e-11
xdut.xr2.x3.py                            2.97
xdut.xr2.n4                        8.47121e-08
xdut.xr2.x3.ny                     7.02623e-08
xdut.xr2.x4.py                            2.97
xdut.xr2.n5                               2.97
xdut.xr2.x4.ny                     2.95413e-11
xdut.xr2.x5.py                            2.97
xdut.xr2.n6                        8.47121e-08
xdut.xr2.x5.ny                     7.02623e-08
xdut.xr2.x6.py                            2.97
xdut.xr2.n7                               2.97
xdut.xr2.x6.ny                     2.95413e-11
xdut.xr2.x7.py                            2.97
xdut.xr2.n8                        8.47121e-08
xdut.xr2.x7.ny                     7.02623e-08
xdut.xr2.x8.py                            2.97
xdut.xr2.n9                               2.97
xdut.xr2.x8.ny                     2.95413e-11
xdut.xr2.x9.py                            2.97
xdut.xr2.n10                       8.47121e-08
xdut.xr2.x9.ny                     7.02623e-08
xdut.xr2.x10.py                           2.97
xdut.xr2.x10.ny                    2.95413e-11
xdut.xa1.an                        1.44498e-08
xdut.xa1.bn                        1.44498e-08
xdut.xa1.mid                          0.883701
xo                                 8.43139e-08
xdut.xa1.s1                         4.2157e-08
xdut.xa1.s2                        2.98637e-11
vth                                      1.485
bvth#branch                                  0
ven#branch                                   0
vsup#branch                       -9.50603e-11

 Reference value :  0.00000e+00
 Reference value :  6.96560e-10
 Reference value :  1.42656e-09
 Reference value :  2.14656e-09
 Reference value :  2.86256e-09
 Reference value :  3.56656e-09
 Reference value :  4.26856e-09
 Reference value :  5.01117e-09
 Reference value :  5.77717e-09
 Reference value :  6.46517e-09
 Reference value :  7.16917e-09
 Reference value :  7.87317e-09
 Reference value :  8.58517e-09
 Reference value :  9.27317e-09
 Reference value :  9.98117e-09
 Reference value :  1.06832e-08
 Reference value :  1.13972e-08
 Reference value :  1.20832e-08
 Reference value :  1.27872e-08
 Reference value :  1.34752e-08
 Reference value :  1.41692e-08
 Reference value :  1.48912e-08
 Reference value :  1.56092e-08
 Reference value :  1.63372e-08
 Reference value :  1.71572e-08
 Reference value :  1.78732e-08
 Reference value :  1.85952e-08
 Reference value :  1.92992e-08
 Reference value :  2.00212e-08
 Reference value :  2.07192e-08
 Reference value :  2.14172e-08
 Reference value :  2.21032e-08
 Reference value :  2.28092e-08
 Reference value :  2.35092e-08
 Reference value :  2.42332e-08
 Reference value :  2.49352e-08
 Reference value :  2.56292e-08
 Reference value :  2.63292e-08
 Reference value :  2.70432e-08
 Reference value :  2.77912e-08
 Reference value :  2.84892e-08
 Reference value :  2.92112e-08
 Reference value :  2.98952e-08
 Reference value :  3.06592e-08
 Reference value :  3.13472e-08
 Reference value :  3.20592e-08
 Reference value :  3.27632e-08
 Reference value :  3.34492e-08
 Reference value :  3.41672e-08
 Reference value :  3.48772e-08
 Reference value :  3.55812e-08
 Reference value :  3.62992e-08
 Reference value :  3.70012e-08
 Reference value :  3.77032e-08
 Reference value :  3.83952e-08
 Reference value :  3.90892e-08
 Reference value :  3.97952e-08
 Reference value :  4.05252e-08
 Reference value :  4.12732e-08
 Reference value :  4.19592e-08
 Reference value :  4.26852e-08
 Reference value :  4.33932e-08
 Reference value :  4.41672e-08
 Reference value :  4.48752e-08
 Reference value :  4.55752e-08
 Reference value :  4.62872e-08
 Reference value :  4.70492e-08
 Reference value :  4.77592e-08
 Reference value :  4.84532e-08
 Reference value :  4.91952e-08
 Reference value :  4.98752e-08
 Reference value :  5.05852e-08
 Reference value :  5.12852e-08
 Reference value :  5.19812e-08
 Reference value :  5.27012e-08
 Reference value :  5.33912e-08
 Reference value :  5.41232e-08
 Reference value :  5.48532e-08
 Reference value :  5.55572e-08
 Reference value :  5.62572e-08
 Reference value :  5.69692e-08
 Reference value :  5.81952e-08
 Reference value :  5.88952e-08
 Reference value :  5.96092e-08
 Reference value :  6.03092e-08
 Reference value :  6.10032e-08
 Reference value :  6.17012e-08
 Reference value :  6.24012e-08
 Reference value :  6.30952e-08
 Reference value :  6.37892e-08
 Reference value :  6.44932e-08
 Reference value :  6.51992e-08
 Reference value :  6.59112e-08
 Reference value :  6.66152e-08
 Reference value :  6.73092e-08
 Reference value :  6.80092e-08
 Reference value :  6.87512e-08
 Reference value :  6.94652e-08
 Reference value :  7.01912e-08
 Reference value :  7.08852e-08
 Reference value :  7.15872e-08
 Reference value :  7.23372e-08
 Reference value :  7.30752e-08
 Reference value :  7.38012e-08
 Reference value :  7.45172e-08
 Reference value :  7.52452e-08
 Reference value :  7.59392e-08
 Reference value :  7.66872e-08
 Reference value :  7.73792e-08
 Reference value :  7.80652e-08
 Reference value :  7.87832e-08
 Reference value :  7.94732e-08
 Reference value :  8.01732e-08
 Reference value :  8.08872e-08
 Reference value :  8.15852e-08
 Reference value :  8.22732e-08
 Reference value :  8.29672e-08
 Reference value :  8.36652e-08
 Reference value :  8.43732e-08
 Reference value :  8.50772e-08
 Reference value :  8.57712e-08
 Reference value :  8.64772e-08
 Reference value :  8.71712e-08
 Reference value :  8.78772e-08
 Reference value :  8.85712e-08
 Reference value :  8.92972e-08
 Reference value :  8.99932e-08
 Reference value :  9.07012e-08
 Reference value :  9.14032e-08
 Reference value :  9.20912e-08
 Reference value :  9.28012e-08
 Reference value :  9.35092e-08
 Reference value :  9.42032e-08
 Reference value :  9.49272e-08
 Reference value :  9.56392e-08
 Reference value :  9.63352e-08
 Reference value :  9.70372e-08
 Reference value :  9.77492e-08
 Reference value :  9.84292e-08
 Reference value :  9.90892e-08
 Reference value :  9.97872e-08
 Reference value :  1.00479e-07
 Reference value :  1.01165e-07
 Reference value :  1.01831e-07
 Reference value :  1.02517e-07
 Reference value :  1.03211e-07
 Reference value :  1.03927e-07
 Reference value :  1.04623e-07
 Reference value :  1.05309e-07
 Reference value :  1.06003e-07
 Reference value :  1.06711e-07
 Reference value :  1.07431e-07
 Reference value :  1.08127e-07
 Reference value :  1.08809e-07
 Reference value :  1.09511e-07
 Reference value :  1.10229e-07
 Reference value :  1.10931e-07
 Reference value :  1.11633e-07
 Reference value :  1.12335e-07
 Reference value :  1.13045e-07
 Reference value :  1.13741e-07
 Reference value :  1.14433e-07
 Reference value :  1.15159e-07
 Reference value :  1.15869e-07
 Reference value :  1.16583e-07
 Reference value :  1.17291e-07
 Reference value :  1.17973e-07
 Reference value :  1.18711e-07
 Reference value :  1.19451e-07
 Reference value :  1.20139e-07
 Reference value :  1.20819e-07
 Reference value :  1.21505e-07
 Reference value :  1.22185e-07
 Reference value :  1.22861e-07
 Reference value :  1.23561e-07
 Reference value :  1.24211e-07
 Reference value :  1.24885e-07
 Reference value :  1.25597e-07
 Reference value :  1.26241e-07
 Reference value :  1.26925e-07
 Reference value :  1.27577e-07
 Reference value :  1.28259e-07
 Reference value :  1.28997e-07
 Reference value :  1.29703e-07
 Reference value :  1.30419e-07
 Reference value :  1.31073e-07
 Reference value :  1.31751e-07
 Reference value :  1.32451e-07
 Reference value :  1.33159e-07
 Reference value :  1.33837e-07
 Reference value :  1.34531e-07
 Reference value :  1.35221e-07
 Reference value :  1.35915e-07
 Reference value :  1.36617e-07
 Reference value :  1.37321e-07
 Reference value :  1.38041e-07
 Reference value :  1.38749e-07
 Reference value :  1.39455e-07
 Reference value :  1.40107e-07
 Reference value :  1.40769e-07
 Reference value :  1.41465e-07
 Reference value :  1.42159e-07
 Reference value :  1.42873e-07
 Reference value :  1.43563e-07
 Reference value :  1.44269e-07
 Reference value :  1.44957e-07
 Reference value :  1.45681e-07
 Reference value :  1.46387e-07
 Reference value :  1.47069e-07
 Reference value :  1.47775e-07
 Reference value :  1.48465e-07
 Reference value :  1.49179e-07
 Reference value :  1.49871e-07
 Reference value :  1.50557e-07
 Reference value :  1.51283e-07
 Reference value :  1.51973e-07
 Reference value :  1.52693e-07
 Reference value :  1.53385e-07
 Reference value :  1.54093e-07
 Reference value :  1.54803e-07
 Reference value :  1.55499e-07
 Reference value :  1.56215e-07
 Reference value :  1.56915e-07
 Reference value :  1.57629e-07
 Reference value :  1.58327e-07
 Reference value :  1.59023e-07
 Reference value :  1.59711e-07
 Reference value :  1.60427e-07
 Reference value :  1.61145e-07
 Reference value :  1.61873e-07
 Reference value :  1.62587e-07
 Reference value :  1.63281e-07
 Reference value :  1.63985e-07
 Reference value :  1.64705e-07
 Reference value :  1.65425e-07
 Reference value :  1.66121e-07
 Reference value :  1.66859e-07
 Reference value :  1.67543e-07
 Reference value :  1.68251e-07
 Reference value :  1.68953e-07
 Reference value :  1.69665e-07
 Reference value :  1.70351e-07
 Reference value :  1.71053e-07
 Reference value :  1.71793e-07
 Reference value :  1.72491e-07
 Reference value :  1.73199e-07
 Reference value :  1.73895e-07
 Reference value :  1.74609e-07
 Reference value :  1.75367e-07
 Reference value :  1.76095e-07
 Reference value :  1.76799e-07
 Reference value :  1.77505e-07
 Reference value :  1.78193e-07
 Reference value :  1.78895e-07
 Reference value :  1.79595e-07
No. of Data Rows : 90016
t1r1                =  1.14900e-08
t2r1                =  1.78817e-08
t3r1                =  2.42671e-08
t4r1                =  3.06505e-08
t5r1                =  3.70287e-08
t6r1                =  4.34042e-08
t7r1                =  4.97493e-08
t8r1                =  5.61084e-08
t9r1                =  6.24564e-08
t10r1               =  6.88100e-08
t1r2                =  1.10754e-08
t2r2                =  1.70780e-08
t3r2                =  2.30803e-08
t4r2                =  2.90804e-08
t5r2                =  3.50787e-08
t6r2                =  4.10755e-08
t7r2                =  4.70722e-08
t8r2                =  5.30736e-08
t9r2                =  5.90735e-08
t10r2               =  6.50845e-08
t1xo                =  7.86171e-09
t2xo                =  1.12100e-08
t3xo                =  1.38654e-08
t4xo                =  1.71941e-08
vhi_early           =  3.10354e+00 at=  2.01752e-08
vlo_early           =  -4.40588e-02 at=  4.88232e-08
vhi_late            =  2.98502e+00 at=  1.53983e-07
vlo_late            =  -5.07838e-02 at=  1.76149e-07
vxhi_early          =  3.02922e+00 at=  4.62912e-08
vxlo_early          =  -1.35681e-02 at=  4.69812e-08
vxhi_late           =  3.04986e+00 at=  1.69821e-07
vxlo_late           =  -1.50168e-02 at=  1.64295e-07
v_off_ro1           =  2.97000e+00
v_off_xo            =  8.43152e-08
m_en_assert_s = 5.0000000000e-09
m_t1r1_s = 1.1490020000e-08
m_t2r1_s = 1.7881680000e-08
m_t3r1_s = 2.4267120000e-08
m_t4r1_s = 3.0650540000e-08
m_t5r1_s = 3.7028730000e-08
m_t6r1_s = 4.3404160000e-08
m_t7r1_s = 4.9749310000e-08
m_t8r1_s = 5.6108420000e-08
m_t9r1_s = 6.2456380000e-08
m_t10r1_s = 6.8810000000e-08
m_t1r2_s = 1.1075430000e-08
m_t2r2_s = 1.7077970000e-08
m_t3r2_s = 2.3080320000e-08
m_t4r2_s = 2.9080360000e-08
m_t5r2_s = 3.5078730000e-08
m_t6r2_s = 4.1075530000e-08
m_t7r2_s = 4.7072210000e-08
m_t8r2_s = 5.3073570000e-08
m_t9r2_s = 5.9073460000e-08
m_t10r2_s = 6.5084460000e-08
m_t1xo_s = 7.8617100000e-09
m_t2xo_s = 1.1210010000e-08
m_t3xo_s = 1.3865370000e-08
m_t4xo_s = 1.7194110000e-08
m_ring_swing_early_v = 3.1476038100e+00
m_ring_swing_late_v = 3.0358007800e+00
m_xo_swing_early_v = 3.0427861300e+00
m_xo_swing_late_v = 3.0648728000e+00
m_v_ro1_off_v = 2.9700000000e+00
m_v_xo_off_v = 8.4315240000e-08
Note: Simulation executed from .control section 

Warning: m=xx on .subckt line will override multiplier m hierarchy!

