
Note: Compatibility modes selected: hs a


Circuit: * ro-array-core-xo-slew @ ss_-40c_2.97v -- generated by sim/harness, do not edit

Doing analysis at TEMP = -40.000000 and TNOM = 27.000000

Using SPARSE 1.3 as Direct Linear Solver

Initial Transient Solution
--------------------------

Node                                   Voltage
----                                   -------
vsup                                      2.97
en                                        2.97
vddr1                                     2.97
vddr2                                     2.97
vdd                                       2.97
xdut.xr1.xg.py                         1.63875
xdut.xr1.n1                                  0
xdut.ro1                           1.02528e-07
xdut.xr1.xg.nm                    4.74371e-210
xdut.xr1.xg.ny                    4.40934e-210
xdut.xr1.x1.py                            2.97
xdut.xr1.n2                               2.97
xdut.xr1.x1.ny                     9.55182e-13
xdut.xr1.x2.py                            2.97
xdut.xr1.n3                        1.02528e-07
xdut.xr1.x2.ny                     8.63558e-08
xdut.xr1.x3.py                            2.97
xdut.xr1.n4                               2.97
xdut.xr1.x3.ny                     9.55186e-13
xdut.xr1.x4.py                            2.97
xdut.xr1.n5                        1.02528e-07
xdut.xr1.x4.ny                     8.63558e-08
xdut.xr1.x5.py                            2.97
xdut.xr1.n6                               2.97
xdut.xr1.x5.ny                     9.55186e-13
xdut.xr1.x6.py                            2.97
xdut.xr1.n7                        1.02528e-07
xdut.xr1.x6.ny                     8.63558e-08
xdut.xr1.x7.py                            2.97
xdut.xr1.n8                               2.97
xdut.xr1.x7.ny                     9.55186e-13
xdut.xr1.x8.py                            2.97
xdut.xr1.n9                        1.02528e-07
xdut.xr1.x8.ny                     8.63558e-08
xdut.xr1.x9.py                            2.97
xdut.xr1.n10                              2.97
xdut.xr1.x9.ny                     9.55186e-13
xdut.xr1.x10.py                           2.97
xdut.xr1.x10.ny                    8.63558e-08
xdut.xr2.xg.py                         1.65232
xdut.xr2.n1                                  0
xdut.ro2                           9.60084e-08
xdut.xr2.xg.nm                    -1.42876e-14
xdut.xr2.xg.ny                    -9.60593e-15
xdut.xr2.x1.py                            2.97
xdut.xr2.n2                               2.97
xdut.xr2.x1.ny                     8.83022e-13
xdut.xr2.x2.py                            2.97
xdut.xr2.n3                        9.60084e-08
xdut.xr2.x2.ny                      7.9836e-08
xdut.xr2.x3.py                            2.97
xdut.xr2.n4                               2.97
xdut.xr2.x3.ny                     8.83025e-13
xdut.xr2.x4.py                            2.97
xdut.xr2.n5                        9.60084e-08
xdut.xr2.x4.ny                      7.9836e-08
xdut.xr2.x5.py                            2.97
xdut.xr2.n6                               2.97
xdut.xr2.x5.ny                     8.83025e-13
xdut.xr2.x6.py                            2.97
xdut.xr2.n7                        9.60084e-08
xdut.xr2.x6.ny                      7.9836e-08
xdut.xr2.x7.py                            2.97
xdut.xr2.n8                               2.97
xdut.xr2.x7.ny                     8.83025e-13
xdut.xr2.x8.py                            2.97
xdut.xr2.n9                        9.60084e-08
xdut.xr2.x8.ny                      7.9836e-08
xdut.xr2.x9.py                            2.97
xdut.xr2.n10                              2.97
xdut.xr2.x9.ny                     8.83025e-13
xdut.xr2.x10.py                           2.97
xdut.xr2.x10.ny                     7.9836e-08
xdut.xa1.an                               2.97
xdut.xa1.bn                               2.97
xdut.xa1.mid                              2.97
xo                                 3.88692e-08
xdut.xa1.s1                        5.10089e-13
xdut.xa1.s2                        1.94346e-08
vth                                      1.485
v40                                      1.188
v60                                      1.782
bv60#branch                                  0
bv40#branch                                  0
bvth#branch                                  0
vtr#branch                         1.18941e-11
vr2#branch                         7.35436e-06
vr1#branch                         6.92314e-06
ven#branch                                   0
vsup#branch                       -1.42775e-05

 Reference value :  4.00006e-08
 Reference value :  4.07246e-08
 Reference value :  4.14026e-08
 Reference value :  4.20586e-08
 Reference value :  4.27126e-08
 Reference value :  4.33566e-08
 Reference value :  4.39926e-08
 Reference value :  4.47986e-08
 Reference value :  4.55146e-08
 Reference value :  4.63106e-08
 Reference value :  4.70766e-08
 Reference value :  4.77506e-08
 Reference value :  4.83846e-08
 Reference value :  4.90666e-08
 Reference value :  4.97426e-08
 Reference value :  5.04146e-08
 Reference value :  5.10726e-08
 Reference value :  5.17206e-08
 Reference value :  5.23826e-08
 Reference value :  5.30126e-08
 Reference value :  5.36406e-08
 Reference value :  5.42886e-08
 Reference value :  5.49406e-08
 Reference value :  5.55826e-08
 Reference value :  5.62346e-08
 Reference value :  5.69086e-08
 Reference value :  5.75506e-08
 Reference value :  5.82286e-08
 Reference value :  5.88626e-08
 Reference value :  5.95226e-08
 Reference value :  6.01646e-08
 Reference value :  6.08166e-08
 Reference value :  6.14706e-08
 Reference value :  6.21286e-08
 Reference value :  6.27646e-08
 Reference value :  6.34066e-08
 Reference value :  6.40446e-08
 Reference value :  6.46926e-08
 Reference value :  6.53426e-08
 Reference value :  6.60006e-08
 Reference value :  6.66406e-08
 Reference value :  6.72966e-08
 Reference value :  6.79366e-08
 Reference value :  6.86846e-08
 Reference value :  6.94066e-08
 Reference value :  7.01386e-08
 Reference value :  7.08086e-08
 Reference value :  7.14626e-08
 Reference value :  7.21306e-08
 Reference value :  7.27766e-08
 Reference value :  7.34526e-08
 Reference value :  7.41246e-08
 Reference value :  7.47746e-08
 Reference value :  7.54186e-08
 Reference value :  7.60766e-08
 Reference value :  7.67126e-08
 Reference value :  7.73586e-08
 Reference value :  7.80066e-08
 Reference value :  7.86646e-08
 Reference value :  7.93006e-08
 Reference value :  7.99486e-08
 Reference value :  8.06046e-08
 Reference value :  8.12546e-08
 Reference value :  8.18886e-08
 Reference value :  8.25326e-08
 Reference value :  8.31746e-08
 Reference value :  8.38206e-08
 Reference value :  8.44786e-08
 Reference value :  8.51206e-08
 Reference value :  8.57706e-08
 Reference value :  8.64366e-08
 Reference value :  8.70986e-08
 Reference value :  8.77506e-08
 Reference value :  8.83866e-08
 Reference value :  8.90386e-08
 Reference value :  8.97206e-08
 Reference value :  9.03646e-08
 Reference value :  9.10166e-08
 Reference value :  9.16826e-08
 Reference value :  9.23306e-08
 Reference value :  9.29726e-08
 Reference value :  9.36186e-08
 Reference value :  9.42566e-08
 Reference value :  9.49006e-08
 Reference value :  9.55326e-08
 Reference value :  9.61806e-08
 Reference value :  9.68426e-08
 Reference value :  9.74986e-08
 Reference value :  9.81486e-08
 Reference value :  9.88086e-08
 Reference value :  9.94326e-08
 Reference value :  1.00095e-07
 Reference value :  1.00745e-07
 Reference value :  1.01383e-07
 Reference value :  1.02031e-07
 Reference value :  1.02689e-07
 Reference value :  1.03335e-07
 Reference value :  1.03991e-07
 Reference value :  1.04673e-07
 Reference value :  1.05323e-07
 Reference value :  1.05965e-07
 Reference value :  1.06599e-07
 Reference value :  1.07317e-07
 Reference value :  1.08085e-07
 Reference value :  1.08735e-07
 Reference value :  1.09623e-07
 Reference value :  1.10273e-07
 Reference value :  1.11151e-07
 Reference value :  1.11863e-07
 Reference value :  1.12533e-07
 Reference value :  1.13191e-07
 Reference value :  1.13829e-07
 Reference value :  1.14485e-07
 Reference value :  1.15141e-07
 Reference value :  1.15779e-07
 Reference value :  1.16447e-07
 Reference value :  1.17097e-07
 Reference value :  1.17761e-07
 Reference value :  1.18411e-07
 Reference value :  1.19043e-07
 Reference value :  1.19687e-07
 Reference value :  1.20321e-07
 Reference value :  1.20989e-07
 Reference value :  1.21649e-07
 Reference value :  1.22291e-07
 Reference value :  1.22953e-07
 Reference value :  1.23605e-07
 Reference value :  1.24259e-07
 Reference value :  1.24911e-07
 Reference value :  1.25553e-07
 Reference value :  1.26221e-07
 Reference value :  1.26861e-07
 Reference value :  1.27497e-07
 Reference value :  1.28131e-07
 Reference value :  1.28771e-07
 Reference value :  1.29419e-07
 Reference value :  1.30069e-07
 Reference value :  1.30711e-07
 Reference value :  1.31345e-07
 Reference value :  1.31991e-07
 Reference value :  1.32657e-07
 Reference value :  1.33307e-07
 Reference value :  1.33961e-07
 Reference value :  1.34599e-07
 Reference value :  1.35241e-07
 Reference value :  1.35917e-07
 Reference value :  1.36579e-07
 Reference value :  1.37221e-07
 Reference value :  1.37861e-07
 Reference value :  1.38513e-07
 Reference value :  1.39171e-07
 Reference value :  1.39825e-07
No. of Data Rows : 50001
sxr                 =  2.64146e+10 at=  1.00631e-07
sxf                 =  -3.78929e+10 at=  9.05086e-08
srr                 =  2.34460e+09 at=  5.15486e-08
srf                 =  -4.10812e+09 at=  6.39526e-08
ta                  =  5.22735e-08
tb                  =  5.28000e-08
tc                  =  6.82487e-08
td                  =  6.87478e-08
xhi                 =  3.06623e+00 at=  6.78346e-08
xlo                 =  -2.99483e-02 at=  1.27841e-07
m_xo_slew_rise_v_per_s = 2.6414570000e+10
m_xo_slew_fall_v_per_s = -3.789286000e+10
m_ro1_slew_rise_v_per_s = 2.3446020000e+09
m_ro1_slew_fall_v_per_s = -4.108123000e+09
m_ro1_band_slew_a_v_per_s = 1.1280979964e+09
m_ro1_band_slew_b_v_per_s = 1.1902137977e+09
m_xo_swing_v = 3.0961802700e+00
Note: Simulation executed from .control section 

Warning: m=xx on .subckt line will override multiplier m hierarchy!

