
Note: Compatibility modes selected: hs a


Circuit: * sampler-dff-reset-clocked @ ff_-40c_3.30v -- generated by sim/harness, do not edit

Doing analysis at TEMP = -40.000000 and TNOM = 27.000000

Using SPARSE 1.3 as Direct Linear Solver

Initial Transient Solution
--------------------------

Node                                   Voltage
----                                   -------
vdd                                        3.3
rst_n                                        0
clk                                          0
d                                          3.3
xdut.clkb                                  3.3
xdut.m                                     3.3
xdut.mb                                    3.3
xdut.mmid                              2.75183
xdut.mc                            2.82613e-08
xdut.s                                     3.3
q                                  1.39663e-08
xdut.qb                                    3.3
xdut.s2mid                           0.0105529
vth                                       1.65
bvth#branch                                  0
vd#branch                          -9.9817e-12
vclk#branch                                  0
vrst#branch                                  0
vdd#branch                        -3.87695e-11

 Reference value :  0.00000e+00
 Reference value :  1.66028e-07
 Reference value :  3.27128e-07
 Reference value :  4.92228e-07
 Reference value :  6.52880e-07
 Reference value :  8.14380e-07
 Reference value :  9.84480e-07
 Reference value :  1.15140e-06
 Reference value :  1.31270e-06
 Reference value :  1.47300e-06
 Reference value :  1.63238e-06
 Reference value :  1.79498e-06
 Reference value :  1.96068e-06
 Reference value :  2.11990e-06
 Reference value :  2.28240e-06
 Reference value :  2.44720e-06
 Reference value :  2.60458e-06
 Reference value :  2.77138e-06
 Reference value :  2.93898e-06
 Reference value :  3.09770e-06
 Reference value :  3.26200e-06
 Reference value :  3.42100e-06
 Reference value :  3.57968e-06
 Reference value :  3.73786e-06
 Reference value :  3.90206e-06
 Reference value :  4.06879e-06
 Reference value :  4.24549e-06
 Reference value :  4.41449e-06
 Reference value :  4.57017e-06
 Reference value :  4.74287e-06
 Reference value :  4.91107e-06
 Reference value :  5.07312e-06
 Reference value :  5.24612e-06
 Reference value :  5.41062e-06
 Reference value :  5.57059e-06
 Reference value :  5.73349e-06
 Reference value :  5.96799e-06
No. of Data Rows : 60187
q_rst_max           =  1.36007e-01 at=  3.50000e-06
s_rst_min           =  2.79505e+00 at=  3.00000e-06
q_rel               =  1.49394e-06
q_cap               =  3.30000e+00
mb_rst_min          =  3.14990e+00 at=  3.00000e-06
m_q_rst_max_v = 1.3600720000e-01
m_q_rst_max_frac = 4.1214303030e-02
m_s_rst_min_v = 2.7950510000e+00
m_s_rst_dev_frac = 1.5301484848e-01
m_mb_rst_min_v = 3.1499040000e+00
m_q_rel_v = 1.4939440000e-06
m_q_cap_v = 3.2999970000e+00
Note: Simulation executed from .control section 

Warning: m=xx on .subckt line will override multiplier m hierarchy!

