
Note: Compatibility modes selected: hs a


Circuit: * sampler-dff-reset-current-xsb @ ss_-40c_3.63v -- generated by sim/harness, do not edit

Doing analysis at TEMP = -40.000000 and TNOM = 27.000000

Using SPARSE 1.3 as Direct Linear Solver

Initial Transient Solution
--------------------------

Node                                   Voltage
----                                   -------
vdd                                       3.63
rst_n                                        0
clk                                          0
d                                            0
xdut.clkb                                 3.63
xdut.rst                                  3.63
xdut.m                             1.33845e-08
xdut.mb                                   3.63
xdut.mc                            3.60043e-08
xdut.s                                    3.63
q                                  1.80022e-08
xdut.qb                                   3.63
qint                               4.46527e-21
vd#branch                          6.36614e-12
vdd#branch                        -5.10189e-11
vclk#branch                                  0
vrst#branch                                  0

 Reference value :  6.12050e-10
 Reference value :  2.49905e-09
No. of Data Rows : 4720
qint1               =  5.28480e-05
qint2               =  2.64247e-04
qint3               =  4.75647e-04
qout_rst            =  1.74147e-08
m_i_reset_xsb_a = 1.0569964250e-04
m_p_reset_xsb_w = 3.8368970227e-04
m_i_reset_xsb_first_a = 1.0569963500e-04
m_i_reset_xsb_last_a = 1.0569965000e-04
m_q_v = 1.7414700000e-08
Note: Simulation executed from .control section 

Warning: m=xx on .subckt line will override multiplier m hierarchy!

