
Note: Compatibility modes selected: hs a


Circuit: * ro-array-core-pvt-q @ ss_27c_3.63v -- generated by sim/harness, do not edit

Doing analysis at TEMP = 27.000000 and TNOM = 27.000000

Using SPARSE 1.3 as Direct Linear Solver

Initial Transient Solution
--------------------------

Node                                   Voltage
----                                   -------
vsup                                      3.63
en                                        3.63
vddr1                                     3.63
vddr2                                     3.63
vdd                                       3.63
xdut.xr1.xg.py                         1.80101
xdut.xr1.n1                                  0
xdut.ro1                           1.46165e-07
xdut.xr1.xg.nm                    3.12778e-170
xdut.xr1.xg.ny                    2.92261e-170
xdut.xr1.x1.py                            3.63
xdut.xr1.n2                               3.63
xdut.xr1.x1.ny                     1.73449e-09
xdut.xr1.x2.py                            3.63
xdut.xr1.n3                        1.46165e-07
xdut.xr1.x2.ny                     1.24526e-07
xdut.xr1.x3.py                            3.63
xdut.xr1.n4                               3.63
xdut.xr1.x3.ny                     1.73449e-09
xdut.xr1.x4.py                            3.63
xdut.xr1.n5                        1.46165e-07
xdut.xr1.x4.ny                     1.24526e-07
xdut.xr1.x5.py                            3.63
xdut.xr1.n6                               3.63
xdut.xr1.x5.ny                     1.73449e-09
xdut.xr1.x6.py                            3.63
xdut.xr1.n7                        1.46165e-07
xdut.xr1.x6.ny                     1.24526e-07
xdut.xr1.x7.py                            3.63
xdut.xr1.n8                               3.63
xdut.xr1.x7.ny                     1.73449e-09
xdut.xr1.x8.py                            3.63
xdut.xr1.n9                        1.46165e-07
xdut.xr1.x8.ny                     1.24526e-07
xdut.xr1.x9.py                            3.63
xdut.xr1.n10                              3.63
xdut.xr1.x9.ny                     1.73449e-09
xdut.xr1.x10.py                           3.63
xdut.xr1.x10.ny                    1.24526e-07
xdut.xr2.xg.py                         1.81987
xdut.xr2.n1                                  0
xdut.ro2                           1.36861e-07
xdut.xr2.xg.nm                    1.86514e-315
xdut.xr2.xg.ny                    1.73351e-315
xdut.xr2.x1.py                            3.63
xdut.xr2.n2                               3.63
xdut.xr2.x1.ny                     1.60489e-09
xdut.xr2.x2.py                            3.63
xdut.xr2.n3                        1.36861e-07
xdut.xr2.x2.ny                     1.15222e-07
xdut.xr2.x3.py                            3.63
xdut.xr2.n4                               3.63
xdut.xr2.x3.ny                      1.6049e-09
xdut.xr2.x4.py                            3.63
xdut.xr2.n5                        1.36861e-07
xdut.xr2.x4.ny                     1.15222e-07
xdut.xr2.x5.py                            3.63
xdut.xr2.n6                               3.63
xdut.xr2.x5.ny                      1.6049e-09
xdut.xr2.x6.py                            3.63
xdut.xr2.n7                        1.36861e-07
xdut.xr2.x6.ny                     1.15222e-07
xdut.xr2.x7.py                            3.63
xdut.xr2.n8                               3.63
xdut.xr2.x7.ny                      1.6049e-09
xdut.xr2.x8.py                            3.63
xdut.xr2.n9                        1.36861e-07
xdut.xr2.x8.ny                     1.15222e-07
xdut.xr2.x9.py                            3.63
xdut.xr2.n10                              3.63
xdut.xr2.x9.ny                      1.6049e-09
xdut.xr2.x10.py                           3.63
xdut.xr2.x10.ny                    1.15222e-07
xdut.xa1.an                               3.63
xdut.xa1.bn                               3.63
xdut.xa1.mid                              3.63
xo                                 5.25499e-08
xdut.xa1.s1                        1.33461e-09
xdut.xa1.s2                        2.62749e-08
q1                                -9.60453e-16
q2                                -1.01966e-15
qt                                -1.48248e-21
vth                                      1.815
bvth#branch                                  0
vtr#branch                         1.48248e-11
vr2#branch                         1.01966e-05
vr1#branch                         9.60453e-06
ven#branch                                   0
vsup#branch                       -1.98012e-05

 Reference value :  0.00000e+00
 Reference value :  1.57140e-09
 Reference value :  3.13640e-09
 Reference value :  4.81140e-09
 Reference value :  6.48640e-09
 Reference value :  8.05640e-09
 Reference value :  9.63640e-09
 Reference value :  1.12014e-08
 Reference value :  1.28264e-08
 Reference value :  1.44364e-08
 Reference value :  1.60014e-08
 Reference value :  1.75964e-08
 Reference value :  1.91514e-08
 Reference value :  2.07064e-08
 Reference value :  2.22764e-08
 Reference value :  2.38714e-08
 Reference value :  2.54814e-08
 Reference value :  2.70264e-08
 Reference value :  2.85914e-08
 Reference value :  3.01714e-08
 Reference value :  3.17764e-08
 Reference value :  3.33864e-08
 Reference value :  3.49964e-08
 Reference value :  3.65614e-08
 Reference value :  3.81914e-08
 Reference value :  3.97614e-08
 Reference value :  4.13564e-08
 Reference value :  4.29564e-08
 Reference value :  4.45764e-08
 Reference value :  4.61614e-08
 Reference value :  4.78364e-08
 Reference value :  4.94714e-08
 Reference value :  5.10914e-08
 Reference value :  5.26414e-08
 Reference value :  5.42264e-08
 Reference value :  5.58214e-08
 Reference value :  5.74114e-08
 Reference value :  5.89914e-08
 Reference value :  6.06514e-08
 Reference value :  6.22514e-08
 Reference value :  6.38714e-08
 Reference value :  6.55314e-08
 Reference value :  6.70664e-08
 Reference value :  6.86614e-08
 Reference value :  7.02414e-08
 Reference value :  7.18314e-08
 Reference value :  7.34614e-08
 Reference value :  7.50664e-08
 Reference value :  7.67164e-08
 Reference value :  7.83014e-08
 Reference value :  7.99564e-08
 Reference value :  8.15214e-08
 Reference value :  8.31214e-08
 Reference value :  8.46714e-08
 Reference value :  8.62764e-08
 Reference value :  8.79414e-08
 Reference value :  8.95464e-08
 Reference value :  9.10814e-08
 Reference value :  9.26814e-08
 Reference value :  9.42714e-08
 Reference value :  9.58914e-08
 Reference value :  9.75014e-08
 Reference value :  9.91214e-08
 Reference value :  1.00701e-07
 Reference value :  1.02336e-07
 Reference value :  1.04031e-07
 Reference value :  1.05641e-07
 Reference value :  1.07281e-07
 Reference value :  1.08906e-07
 Reference value :  1.10536e-07
 Reference value :  1.12461e-07
 Reference value :  1.14196e-07
 Reference value :  1.15866e-07
 Reference value :  1.17451e-07
 Reference value :  1.19046e-07
 Reference value :  1.20646e-07
 Reference value :  1.22246e-07
 Reference value :  1.23821e-07
 Reference value :  1.25436e-07
 Reference value :  1.27106e-07
 Reference value :  1.28726e-07
 Reference value :  1.30361e-07
 Reference value :  1.31961e-07
 Reference value :  1.33546e-07
 Reference value :  1.35196e-07
 Reference value :  1.36791e-07
 Reference value :  1.38401e-07
 Reference value :  1.39946e-07
 Reference value :  1.41596e-07
 Reference value :  1.43156e-07
 Reference value :  1.44711e-07
 Reference value :  1.46336e-07
 Reference value :  1.47941e-07
 Reference value :  1.49576e-07
 Reference value :  1.51176e-07
 Reference value :  1.52776e-07
 Reference value :  1.54371e-07
 Reference value :  1.55956e-07
 Reference value :  1.57571e-07
 Reference value :  1.59186e-07
 Reference value :  1.60731e-07
 Reference value :  1.62331e-07
 Reference value :  1.63881e-07
 Reference value :  1.65461e-07
 Reference value :  1.67046e-07
 Reference value :  1.68626e-07
 Reference value :  1.70236e-07
 Reference value :  1.71821e-07
 Reference value :  1.73451e-07
 Reference value :  1.75041e-07
 Reference value :  1.76621e-07
 Reference value :  1.78191e-07
 Reference value :  1.79801e-07
 Reference value :  1.82001e-07
 Reference value :  1.83591e-07
 Reference value :  1.85166e-07
 Reference value :  1.86801e-07
 Reference value :  1.88366e-07
 Reference value :  1.89976e-07
 Reference value :  1.91581e-07
 Reference value :  1.93181e-07
 Reference value :  1.94771e-07
 Reference value :  1.96361e-07
 Reference value :  1.97991e-07
 Reference value :  1.99551e-07
 Reference value :  2.01151e-07
 Reference value :  2.02766e-07
 Reference value :  2.04311e-07
 Reference value :  2.05971e-07
 Reference value :  2.07521e-07
 Reference value :  2.09126e-07
 Reference value :  2.10696e-07
 Reference value :  2.12266e-07
 Reference value :  2.13861e-07
 Reference value :  2.15621e-07
 Reference value :  2.17216e-07
 Reference value :  2.18811e-07
 Reference value :  2.20446e-07
 Reference value :  2.22041e-07
 Reference value :  2.23646e-07
 Reference value :  2.25196e-07
 Reference value :  2.26781e-07
 Reference value :  2.28461e-07
 Reference value :  2.30076e-07
 Reference value :  2.31721e-07
 Reference value :  2.33261e-07
 Reference value :  2.34836e-07
 Reference value :  2.36461e-07
 Reference value :  2.38051e-07
 Reference value :  2.39631e-07
 Reference value :  2.41206e-07
 Reference value :  2.42781e-07
 Reference value :  2.44406e-07
 Reference value :  2.45961e-07
 Reference value :  2.47566e-07
 Reference value :  2.49126e-07
 Reference value :  2.50701e-07
 Reference value :  2.52251e-07
 Reference value :  2.53836e-07
 Reference value :  2.55416e-07
 Reference value :  2.57021e-07
 Reference value :  2.58596e-07
 Reference value :  2.60171e-07
 Reference value :  2.61806e-07
 Reference value :  2.63341e-07
 Reference value :  2.64941e-07
 Reference value :  2.66546e-07
 Reference value :  2.68106e-07
 Reference value :  2.69676e-07
 Reference value :  2.71281e-07
 Reference value :  2.72851e-07
 Reference value :  2.74386e-07
 Reference value :  2.75966e-07
 Reference value :  2.77516e-07
 Reference value :  2.79091e-07
 Reference value :  2.80701e-07
 Reference value :  2.82276e-07
 Reference value :  2.83906e-07
 Reference value :  2.85511e-07
 Reference value :  2.87051e-07
 Reference value :  2.88631e-07
 Reference value :  2.90216e-07
 Reference value :  2.91821e-07
 Reference value :  2.93406e-07
 Reference value :  2.94971e-07
 Reference value :  2.96571e-07
 Reference value :  2.98231e-07
 Reference value :  2.99811e-07
No. of Data Rows : 60008
t1a                 =  1.20145e-08
t1b                 =  4.30496e-08
t2a                 =  1.12610e-08
t2b                 =  4.04520e-08
c1a                 =  -2.12203e-04
c1b                 =  -7.80111e-04
c2a                 =  -2.12205e-04
c2b                 =  -7.83636e-04
cta                 =  -1.78738e-04
ctb                 =  -7.35859e-04
vhi                 =  3.82955e+00 at=  2.62876e-07
vlo                 =  -6.04331e-02 at=  2.04621e-07
vxhi                =  3.70673e+00 at=  2.04251e-07
vxlo                =  -3.09122e-02 at=  2.47756e-07
m_period_r1 = 7.7587725000e-09
m_period_r2 = 7.2977475000e-09
m_f_r1 = 1.2888636701e+08
m_f_r2 = 1.3702858313e+08
m_i_r1_a = -1.829888684e-05
m_i_r2_a = -1.957558822e-05
m_i_tree_a = -1.795133186e-05
m_e_cycle_r1_j = -5.153761470e-13
m_c_eff_node_r1_f = -3.555644879e-15
m_ring_swing_v = 3.8899851300e+00
m_xo_swing_v = 3.7376471900e+00
m_i_total_a = -5.582580692e-05
m_p_rings_w = -1.374843445e-04
m_p_total_w = -2.026476791e-04
m_xo_trans_per_s = 5.3182990029e+08
Note: Simulation executed from .control section 

Warning: m=xx on .subckt line will override multiplier m hierarchy!

