
Note: Compatibility modes selected: hs a


Circuit: * ro-inv-05stage-power @ ff_125c_2.97v -- generated by sim/harness, do not edit

Doing analysis at TEMP = 125.000000 and TNOM = 27.000000

Using SPARSE 1.3 as Direct Linear Solver

Initial Transient Solution
--------------------------

Node                                   Voltage
----                                   -------
vdd                                       2.97
n2                                        2.97
n1                                           0
n3                                 4.13337e-07
n4                                        2.97
n5                                 4.13337e-07
q                                  4.28541e-14
xing                                    -1.485
bxing#branch                                 0
vdd#branch                        -0.000428541

 Reference value :  7.52800e-11
 Reference value :  3.85028e-09
 Reference value :  7.81028e-09
 Reference value :  1.15563e-08
 Reference value :  1.56353e-08
 Reference value :  1.94423e-08
 Reference value :  2.31683e-08
 Reference value :  2.71673e-08
 Reference value :  3.10023e-08
 Reference value :  3.48143e-08
 Reference value :  3.86793e-08
 Reference value :  4.25193e-08
No. of Data Rows : 45008
t1                  =  1.34957e-09
t2                  =  1.18264e-08
t3                  =  2.23032e-08
q1                  =  3.95639e-04
q2                  =  3.47552e-03
q3                  =  6.55540e-03
m_period = 6.5480162500e-10
m_f_osc = 1.5271800830e+09
m_i_supply_a = 2.9397088870e-04
m_p_active_w = 8.7309353945e-04
m_e_per_cycle_j = 5.7170306841e-13
m_c_eff_node_f = 1.2962465699e-14
m_i_supply_first16_a = 2.9397070603e-04
m_i_supply_last16_a = 2.9397107137e-04
Note: Simulation executed from .control section 

Warning: m=xx on .subckt line will override multiplier m hierarchy!

