
Note: Compatibility modes selected: hs a


Circuit: * sampler-dff-active-current @ fs_125c_2.97v -- generated by sim/harness, do not edit

Doing analysis at TEMP = 125.000000 and TNOM = 27.000000

Using SPARSE 1.3 as Direct Linear Solver

Initial Transient Solution
--------------------------

Node                                   Voltage
----                                   -------
vsup                                      2.97
clk                                          0
rst_n                                        0
d                                            0
vddv                                      2.97
vddb                                      2.97
xsv.clkb                               2.96999
xsv.m                                  2.96999
xsv.mb                                 2.96999
xsv.mmid                               2.54621
xsv.mc                             4.22791e-06
xsv.s                                     2.97
qv                                 2.95677e-08
xsv.qb                                    2.97
xsv.s2mid                            0.0859614
xsb.clkb                               2.96999
xsb.m                              4.30504e-08
xsb.mb                                    2.97
xsb.mmid                             0.0859614
xsb.mc                             5.11101e-08
xsb.s                                     2.97
qb                                 2.95677e-08
xsb.qb                                    2.97
xsb.s2mid                            0.0859614
q1                                -1.67004e-19
q2                                -7.46673e-20
vd#branch                          9.08802e-12
vr2#branch                         7.37585e-10
vr1#branch                         1.67004e-09
vrst#branch                                  0
vclk#branch                                  0
vsup#branch                       -2.40762e-09

 Reference value :  0.00000e+00
 Reference value :  9.73777e-09
 Reference value :  1.97178e-08
 Reference value :  3.06168e-08
 Reference value :  4.05003e-08
 Reference value :  5.14778e-08
No. of Data Rows : 3769
q1a                 =  -1.71188e-05
q1b                 =  -1.71263e-05
q1c                 =  -2.40698e-05
q1d                 =  -2.40808e-05
q1e                 =  -2.40698e-05
q1f                 =  -3.11229e-05
q2a                 =  -9.02911e-05
q2b                 =  -9.02959e-05
q2c                 =  -1.12779e-04
q2d                 =  -1.58706e-04
q2e                 =  -1.12779e-04
q2f                 =  -1.97933e-04
qv_pre              =  2.95718e-08
qv_post             =  2.96999e+00
qb_pre              =  -2.52512e-06
qb_post             =  2.96999e+00
vdd_mean            =  2.97000e+00 from=  3.20000e-08 to=  5.30168e-08
m_q_d_shut_c = 8.0000000000e-19
m_q_d_open_c = 7.6543666667e-15
m_e_d_shut_j = 2.3760000000e-18
m_e_d_open_j = 2.2733469000e-14
m_q_clkcyc_xsv_c = 7.0531500000e-15
m_e_clkcyc_xsv_j = 2.0947855500e-14
m_q_clkcyc_xsb_resid_c = 9.4736666667e-16
m_q_cyc_xsb_total_c = 8.5153400000e-14
m_q_d_shut_xsv_c = 1.2383333333e-18
m_q_d_open_xsv_c = 1.8316666667e-18
m_vdd_mean_v = 2.9700000000e+00
m_qv_pre_v = 2.9571760000e-08
m_qv_post_v = 2.9699910000e+00
m_qb_pre_v = -2.525121000e-06
m_qb_post_v = 2.9699910000e+00
Note: Simulation executed from .control section 

Warning: m=xx on .subckt line will override multiplier m hierarchy!

