
Note: Compatibility modes selected: hs a


Circuit: * sampler-dff-setup-hold @ ss_125c_3.63v -- generated by sim/harness, do not edit

Doing analysis at TEMP = 125.000000 and TNOM = 27.000000

Using SPARSE 1.3 as Direct Linear Solver

Initial Transient Solution
--------------------------

Node                                   Voltage
----                                   -------
vdd                                       3.63
rst_n                                        0
clk                                          0
d                                            0
xdut.clkb                                 3.63
xdut.rst                                  3.63
xdut.m                             2.09121e-08
xdut.mb                                   3.63
xdut.mc                            6.26631e-08
xdut.s                                    3.63
q                                  3.42943e-08
xdut.qb                                   3.63
vth                                      1.815
bvth#branch                                  0
vd#branch                          6.44309e-12
vclk#branch                                  0
vrst#branch                                  0
vdd#branch                        -1.22321e-10

 Reference value :  0.00000e+00
 Reference value :  1.79792e-07
 Reference value :  3.56538e-07
 Reference value :  5.31938e-07
 Reference value :  7.17038e-07
 Reference value :  8.90217e-07
 Reference value :  1.07012e-06
 Reference value :  1.26692e-06
 Reference value :  1.40919e-06
 Reference value :  1.53529e-06
 Reference value :  1.66819e-06
 Reference value :  1.79989e-06
 Reference value :  1.97875e-06
 Reference value :  2.19305e-06
 Reference value :  2.38341e-06
 Reference value :  2.58211e-06
 Reference value :  2.78121e-06
 Reference value :  2.98552e-06
 Reference value :  3.17742e-06
 Reference value :  3.36134e-06
 Reference value :  3.55454e-06
 Reference value :  3.73794e-06
 Reference value :  3.92145e-06
 Reference value :  4.11575e-06
 Reference value :  4.30000e-06
 Reference value :  4.49771e-06
 Reference value :  4.69054e-06
 Reference value :  4.87845e-06
 Reference value :  5.06205e-06
 Reference value :  5.24375e-06
 Reference value :  5.43304e-06
 Reference value :  5.61904e-06
 Reference value :  5.80165e-06
 Reference value :  5.98475e-06
 Reference value :  6.16215e-06
 Reference value :  6.32674e-06
 Reference value :  6.49854e-06
No. of Data Rows : 65270
tclk1               =  3.00001e-07
tclk2               =  1.30000e-06
tq_r1               =  3.00164e-07
tq_f1               =  1.30017e-06
q_rst               =  3.42945e-08
q_e1                =  3.63000e+00
q_e2                =  -1.80115e-06
q_e3a               =  8.72935e-05
q_e3b               =  -5.25408e-06
q_e3c               =  -5.03957e-06
q_e4                =  1.27801e-06
q_e5a               =  1.73569e-04
q_e5b               =  3.86495e-06
q_e5c               =  3.68673e-06
q_e6                =  1.27796e-06
q_e7a               =  3.63015e+00
q_e7b               =  3.63000e+00
q_e7c               =  3.63000e+00
m_tpd_clk_q_rise_s = 1.6300000000e-10
m_tpd_clk_q_fall_s = 1.6600000000e-10
m_q_rst_v = 3.4294530000e-08
m_q_e1_v = 3.6300010000e+00
m_q_e2_v = -1.801149000e-06
m_q_e4_v = 1.2780050000e-06
m_q_e3_1ns_v = 8.7293490000e-05
m_q_e3_10ns_v = -5.254080000e-06
m_q_e3_100ns_v = -5.039573000e-06
m_q_e3_drift_v = -9.233306300e-05
m_q_e3_rail_dev_v = -5.039573000e-06
m_q_e5_1ns_v = 1.7356900000e-04
m_q_e5_10ns_v = 3.8649500000e-06
m_q_e5_100ns_v = 3.6867320000e-06
m_q_e5_drift_v = -1.698822680e-04
m_q_e5_rail_dev_v = 3.6867319999e-06
m_q_e6_v = 1.2779570000e-06
m_q_e7_1ns_v = 3.6301540000e+00
m_q_e7_10ns_v = 3.6300010000e+00
m_q_e7_100ns_v = 3.6300010000e+00
m_q_e7_drift_v = -1.530000000e-04
m_q_e7_rail_dev_v = -9.999969479e-07
Note: Simulation executed from .control section 

Warning: m=xx on .subckt line will override multiplier m hierarchy!

