
Note: Compatibility modes selected: hs a


Circuit: * sampler-dff-reset-current-xsb @ tt_-40c_3.63v -- generated by sim/harness, do not edit

Doing analysis at TEMP = -40.000000 and TNOM = 27.000000

Using SPARSE 1.3 as Direct Linear Solver

Initial Transient Solution
--------------------------

Node                                   Voltage
----                                   -------
vdd                                       3.63
rst_n                                        0
clk                                          0
d                                            0
xdut.clkb                                 3.63
xdut.m                             3.25044e-08
xdut.mb                                   3.63
xdut.mmid                           0.00053568
xdut.mc                            3.28561e-08
xdut.s                                    3.63
q                                  1.64281e-08
xdut.qb                                   3.63
xdut.s2mid                          0.00053568
qint                               3.65485e-21
vd#branch                          1.09746e-11
vdd#branch                        -4.75232e-11
vclk#branch                                  0
vrst#branch                                  0

 Reference value :  0.00000e+00
 Reference value :  1.45505e-09
 Reference value :  2.91905e-09
 Reference value :  4.36605e-09
No. of Data Rows : 4720
qint1               =  1.83849e-06
qint2               =  1.89370e-06
qint3               =  1.91639e-06
qout_rst            =  -1.40309e-06
m_i_reset_xsb_a = 1.9473250000e-08
m_p_reset_xsb_w = 7.0687897500e-08
m_i_reset_xsb_first_a = 2.7600000000e-08
m_i_reset_xsb_last_a = 1.1346500000e-08
m_q_v = -1.403090000e-06
Note: Simulation executed from .control section 

Warning: m=xx on .subckt line will override multiplier m hierarchy!

