
Note: Compatibility modes selected: hs a


Circuit: * sampler-dff-setup-hold @ ss_27c_2.97v -- generated by sim/harness, do not edit

Doing analysis at TEMP = 27.000000 and TNOM = 27.000000

Using SPARSE 1.3 as Direct Linear Solver

Initial Transient Solution
--------------------------

Node                                   Voltage
----                                   -------
vdd                                       2.97
rst_n                                        0
clk                                          0
d                                            0
xdut.clkb                                 2.97
xdut.rst                                  2.97
xdut.m                             1.49009e-08
xdut.mb                                   2.97
xdut.mc                            3.98408e-08
xdut.s                                    2.97
q                                  1.99214e-08
xdut.qb                                   2.97
vth                                      1.485
bvth#branch                                  0
vd#branch                          5.19623e-12
vclk#branch                                  0
vrst#branch                                  0
vdd#branch                        -4.17305e-11

 Reference value :  0.00000e+00
 Reference value :  1.63393e-07
 Reference value :  3.38738e-07
 Reference value :  5.19738e-07
 Reference value :  6.95038e-07
 Reference value :  8.63117e-07
 Reference value :  1.03982e-06
 Reference value :  1.21092e-06
 Reference value :  1.35975e-06
 Reference value :  1.49625e-06
 Reference value :  1.65825e-06
 Reference value :  1.82895e-06
 Reference value :  1.99835e-06
 Reference value :  2.17585e-06
 Reference value :  2.40101e-06
 Reference value :  2.58911e-06
 Reference value :  2.76221e-06
 Reference value :  2.93772e-06
 Reference value :  3.11392e-06
 Reference value :  3.28962e-06
 Reference value :  3.45524e-06
 Reference value :  3.62084e-06
 Reference value :  3.79204e-06
 Reference value :  3.96535e-06
 Reference value :  4.13785e-06
 Reference value :  4.30000e-06
 Reference value :  4.46301e-06
 Reference value :  4.63084e-06
 Reference value :  4.80000e-06
 Reference value :  4.97195e-06
 Reference value :  5.14925e-06
 Reference value :  5.32084e-06
 Reference value :  5.50274e-06
 Reference value :  5.67744e-06
 Reference value :  5.84645e-06
 Reference value :  6.02125e-06
 Reference value :  6.19265e-06
 Reference value :  6.36864e-06
No. of Data Rows : 65269
tclk1               =  3.00001e-07
tclk2               =  1.30000e-06
tq_r1               =  3.00164e-07
tq_f1               =  1.30018e-06
q_rst               =  1.99216e-08
q_e1                =  2.97000e+00
q_e2                =  4.76783e-07
q_e3a               =  1.48335e-04
q_e3b               =  -3.83297e-06
q_e3c               =  -3.66938e-06
q_e4                =  5.48112e-07
q_e5a               =  1.83380e-04
q_e5b               =  1.81353e-06
q_e5c               =  1.74894e-06
q_e6                =  5.48119e-07
q_e7a               =  2.97036e+00
q_e7b               =  2.97000e+00
q_e7c               =  2.97000e+00
m_tpd_clk_q_rise_s = 1.6310000000e-10
m_tpd_clk_q_fall_s = 1.7300000000e-10
m_q_rst_v = 1.9921600000e-08
m_q_e1_v = 2.9700010000e+00
m_q_e2_v = 4.7678340000e-07
m_q_e4_v = 5.4811170000e-07
m_q_e3_1ns_v = 1.4833500000e-04
m_q_e3_10ns_v = -3.832975000e-06
m_q_e3_100ns_v = -3.669382000e-06
m_q_e3_drift_v = -1.520043820e-04
m_q_e3_rail_dev_v = -3.669382000e-06
m_q_e5_1ns_v = 1.8337950000e-04
m_q_e5_10ns_v = 1.8135250000e-06
m_q_e5_100ns_v = 1.7489420000e-06
m_q_e5_drift_v = -1.816305580e-04
m_q_e5_rail_dev_v = 1.7489419999e-06
m_q_e6_v = 5.4811900000e-07
m_q_e7_1ns_v = 2.9703570000e+00
m_q_e7_10ns_v = 2.9700010000e+00
m_q_e7_100ns_v = 2.9700010000e+00
m_q_e7_drift_v = -3.560000000e-04
m_q_e7_rail_dev_v = -9.999989583e-07
Note: Simulation executed from .control section 

Warning: m=xx on .subckt line will override multiplier m hierarchy!

