
Note: Compatibility modes selected: hs a


Circuit: * ro-array-core-mc-freq-extracted-routed @ tt_27c_3.30v -- generated by sim/harness, do not edit

Doing analysis at TEMP = 27.000000 and TNOM = 27.000000

Using SPARSE 1.3 as Direct Linear Solver

Initial Transient Solution
--------------------------

Node                                   Voltage
----                                   -------
vsup                                       3.3
en                                         3.3
vddr1                                      3.3
vddr2                                      3.3
vdd                                        3.3
xdut.xr1.xcore.\$15                2.45111e-07
xdut.xr1.xcore.a\x7cy__t0                    0
xdut.xr1.xcore.a\x7cy__t02                 3.3
vsubs                                 0.317747
xdut.xr1.xcore.vddr__t0                    3.3
xdut.xr1.xcore.vss__t0             7.53593e-10
xdut.xr1.xcore.\$17                1.41296e-07
xdut.xr1.xcore.a\x7cy__t32                 3.3
xdut.xr1.xcore.a\x7cy__t13         1.63357e-07
xdut.xr1.xcore.vddr__t21                   3.3
xdut.xr1.xcore.vss__t21            3.39829e-10
xdut.xr1.xcore.\$18                 1.6159e-07
xdut.xr1.xcore.a\x7cy__t33          1.6344e-07
xdut.xr1.xcore.a\x7cy__t14                 3.3
xdut.xr1.xcore.vddr__t20                   3.3
xdut.xr1.xcore.vss__t20            2.51193e-10
xdut.xr1.xcore.\$20                1.40341e-07
xdut.xr1.xcore.a\x7cy__t34                 3.3
xdut.xr1.xcore.a\x7cy__t15           1.617e-07
xdut.xr1.xcore.vddr__t19                   3.3
xdut.xr1.xcore.vss__t19            1.10879e-10
xdut.xr1.xcore.\$21                2.32398e-07
xdut.xr1.xcore.a\x7cy__t35         1.61782e-07
xdut.xr1.xcore.a\x7cy__t16                 3.3
xdut.xr1.xcore.vddr__t18                   3.3
xdut.xr1.xcore.vss__t18            2.22725e-11
xdut.xr1.xcore.\$22                1.43885e-07
xdut.xr1.xcore.a\x7cy__t36                 3.3
xdut.xr1.xcore.a\x7cy__t17         1.66134e-07
xdut.xr1.xcore.vddr__t17                   3.3
xdut.xr1.xcore.vss__t17             1.2087e-10
xdut.xr1.xcore.\$24                 2.6116e-07
xdut.xr1.xcore.a\x7cy__t37         1.66219e-07
xdut.xr1.xcore.a\x7cy__t18                 3.3
xdut.xr1.xcore.vddr__t16                   3.3
xdut.xr1.xcore.vss__t16            4.08512e-10
xdut.xr1.xcore.\$23                1.52117e-07
xdut.xr1.xcore.a\x7cy__t38                 3.3
xdut.xr1.xcore.a\x7cy__t19         1.75364e-07
xdut.xr1.xcore.vddr__t15                   3.3
xdut.xr1.xcore.vss__t15            3.66963e-10
xdut.xr1.xcore.\$19                1.00884e-06
xdut.xr1.xcore.a\x7cy__t39         1.75454e-07
xdut.xr1.xcore.a\x7cy__t110                3.3
xdut.xr1.xcore.vddr__t14                   3.3
xdut.xr1.xcore.vss__t14            3.00053e-09
xdut.xr1.xcore.\$16                1.38373e-07
xdut.xr1.xcore.a\x7cy__t310                3.3
xdut.xr1.xcore.a\x7cy__t311        1.59655e-07
xdut.xr1.xcore.vddr__t13                   3.3
xdut.xr1.xcore.vss__t13            5.58285e-10
xdut.xr1.xcore.vss__t1             2.12598e-10
xdut.xr1.xcore.vddr__t1                    3.3
xdut.xr1.xcore.\$14                4.55516e-08
xdut.xr1.xcore.\$13                4.79848e-08
xdut.xr1.xcore.a\x7cy__t011        1.59747e-07
xdut.xr1.xcore.a\x7cy__t1          7.71165e-12
xdut.xr1.xcore.en__t0                      3.3
xdut.xr1.xcore.\$27__t1                1.57294
xdut.xr1.xcore.vss__t2                       0
xdut.xr1.xcore.vddr__t2                3.29901
xdut.xr1.xcore.\$28                     2.8741
xdut.xr1.xcore.a\x7cy__t3          0.000180022
xdut.xr1.xcore.a\x7cy__t111        1.59747e-07
xdut.xr1.xcore.\$27__t2                1.57293
xdut.xr1.xcore.\$27__t0                1.57293
xdut.xr1.xcore.en__t1                      3.3
xdut.xr1.xcore.a\x7cy__t4          3.47678e-11
xdut.xr1.xcore.vddr__t3                    3.3
xdut.xr1.xcore.vss__t3                       0
xdut.xr1.xcore.\$29                        3.3
xdut.xr1.xcore.\$30                        3.3
xdut.xr1.xcore.a\x7cy__t2                    0
xdut.xr1.xcore.a\x7cy__t12                 3.3
xdut.xr1.xcore.vddr__t12                   3.3
xdut.xr1.xcore.vss__t12                      0
xdut.xr1.xcore.\$31                        3.3
xdut.xr1.xcore.\$32                    2.92745
xdut.xr1.xcore.a\x7cy__t22                 3.3
xdut.xr1.xcore.a\x7cy__t03         1.63523e-07
xdut.xr1.xcore.vddr__t11                   3.3
xdut.xr1.xcore.vss__t11                      0
xdut.xr1.xcore.\$33                        3.3
xdut.xr1.xcore.\$34                        3.3
xdut.xr1.xcore.a\x7cy__t23          1.6344e-07
xdut.xr1.xcore.a\x7cy__t04                 3.3
xdut.xr1.xcore.vddr__t10                   3.3
xdut.xr1.xcore.vss__t10                      0
xdut.xr1.xcore.\$35                        3.3
xdut.xr1.xcore.\$36                    2.92745
xdut.xr1.xcore.a\x7cy__t24                 3.3
xdut.xr1.xcore.a\x7cy__t05         1.61864e-07
xdut.xr1.xcore.vddr__t9                    3.3
xdut.xr1.xcore.vss__t9                       0
xdut.xr1.xcore.\$37                        3.3
xdut.xr1.xcore.\$38                        3.3
xdut.xr1.xcore.a\x7cy__t25         1.61782e-07
xdut.xr1.xcore.a\x7cy__t06                 3.3
xdut.xr1.xcore.vddr__t8                    3.3
xdut.xr1.xcore.vss__t8                       0
xdut.xr1.xcore.\$39                        3.3
xdut.xr1.xcore.\$40                    2.92744
xdut.xr1.xcore.a\x7cy__t26                 3.3
xdut.xr1.xcore.a\x7cy__t07         1.66304e-07
xdut.xr1.xcore.vddr__t7                    3.3
xdut.xr1.xcore.vss__t7                       0
xdut.xr1.xcore.\$41                        3.3
xdut.xr1.xcore.\$42                        3.3
xdut.xr1.xcore.a\x7cy__t27         1.66219e-07
xdut.xr1.xcore.a\x7cy__t08                 3.3
xdut.xr1.xcore.vddr__t6                    3.3
xdut.xr1.xcore.vss__t6                       0
xdut.xr1.xcore.\$43                        3.3
xdut.xr1.xcore.\$44                    2.92744
xdut.xr1.xcore.a\x7cy__t28                 3.3
xdut.xr1.xcore.a\x7cy__t09         1.75544e-07
xdut.xr1.xcore.vddr__t5                    3.3
xdut.xr1.xcore.vss__t5                       0
xdut.xr1.xcore.\$45                        3.3
xdut.xr1.xcore.\$46                        3.3
xdut.xr1.xcore.a\x7cy__t29         1.75454e-07
xdut.xr1.xcore.a\x7cy__t010                3.3
xdut.xr1.xcore.vddr__t4                    3.3
xdut.xr1.xcore.vss__t4                       0
xdut.xr1.xcore.\$47                        3.3
xdut.xr1.xcore.\$48                    2.92745
xdut.xr1.xcore.a\x7cy__t210                3.3
xdut.xr1.xcore.a\x7cy__t211        1.59838e-07
xdut.xr1.xcore.\$27                    1.57293
xdut.xr1.n1                                  0
xdut.xr1.n2                                3.3
xdut.xr1.n3                         1.6344e-07
xdut.xr1.n4                                3.3
xdut.xr1.n5                        1.61782e-07
xdut.xr1.n6                                3.3
xdut.xr1.n7                        1.66219e-07
xdut.xr1.n8                                3.3
xdut.xr1.n9                        1.75454e-07
xdut.xr1.n10                               3.3
xdut.rn1                           1.59747e-07
xdut.xr2.xcore.vss__t0             2.14803e-10
xdut.xr2.xcore.vddr__t0                    3.3
xdut.xr2.xcore.\$15                4.19381e-08
xdut.xr2.xcore.\$14                4.43725e-08
xdut.xr2.xcore.a\x7cy__t2          1.53508e-07
xdut.xr2.xcore.a\x7cy__t02         7.71166e-12
xdut.xr2.xcore.en__t0                      3.3
xdut.xr2.xcore.\$17                2.65227e-07
xdut.xr2.xcore.a\x7cy__t12                   0
xdut.xr2.xcore.a\x7cy__t33                 3.3
xdut.xr2.xcore.vss__t1              8.7457e-10
xdut.xr2.xcore.vddr__t1                    3.3
xdut.xr2.xcore.\$18                1.35328e-07
xdut.xr2.xcore.a\x7cy__t13                 3.3
xdut.xr2.xcore.a\x7cy__t34         1.57313e-07
xdut.xr2.xcore.vss__t21            3.48565e-10
xdut.xr2.xcore.vddr__t21                   3.3
xdut.xr2.xcore.\$20                 3.8798e-07
xdut.xr2.xcore.a\x7cy__t14         1.57397e-07
xdut.xr2.xcore.a\x7cy__t35                 3.3
xdut.xr2.xcore.vss__t20            6.32714e-10
xdut.xr2.xcore.vddr__t20                   3.3
xdut.xr2.xcore.\$21                1.44467e-07
xdut.xr2.xcore.a\x7cy__t15                 3.3
xdut.xr2.xcore.a\x7cy__t36         1.68291e-07
xdut.xr2.xcore.vss__t19            1.22259e-10
xdut.xr2.xcore.vddr__t19                   3.3
xdut.xr2.xcore.\$23                4.99941e-07
xdut.xr2.xcore.a\x7cy__t16         1.68383e-07
xdut.xr2.xcore.a\x7cy__t37                 3.3
xdut.xr2.xcore.vss__t18            5.04782e-11
xdut.xr2.xcore.vddr__t18                   3.3
xdut.xr2.xcore.\$24                1.30527e-07
xdut.xr2.xcore.a\x7cy__t17                 3.3
xdut.xr2.xcore.a\x7cy__t38         1.52553e-07
xdut.xr2.xcore.vss__t17            1.19078e-10
xdut.xr2.xcore.vddr__t17                   3.3
xdut.xr2.xcore.\$25                4.83323e-07
xdut.xr2.xcore.a\x7cy__t18         1.52634e-07
xdut.xr2.xcore.a\x7cy__t39                 3.3
xdut.xr2.xcore.vss__t16             8.0027e-10
xdut.xr2.xcore.vddr__t16                   3.3
xdut.xr2.xcore.\$22                1.49471e-07
xdut.xr2.xcore.a\x7cy__t19                 3.3
xdut.xr2.xcore.a\x7cy__t310        1.74454e-07
xdut.xr2.xcore.vss__t15            3.91825e-10
xdut.xr2.xcore.vddr__t15                   3.3
xdut.xr2.xcore.\$19                5.34459e-07
xdut.xr2.xcore.a\x7cy__t110         1.7455e-07
xdut.xr2.xcore.a\x7cy__t311                3.3
xdut.xr2.xcore.vss__t14            1.73326e-09
xdut.xr2.xcore.vddr__t14                   3.3
xdut.xr2.xcore.\$16                1.32195e-07
xdut.xr2.xcore.a\x7cy__t111                3.3
xdut.xr2.xcore.a\x7cy__t0          1.53414e-07
xdut.xr2.xcore.vss__t13            5.78882e-10
xdut.xr2.xcore.vddr__t13                   3.3
xdut.xr2.xcore.\$27__t1                 1.6204
xdut.xr2.xcore.vss__t2                       0
xdut.xr2.xcore.vddr__t2                3.29895
xdut.xr2.xcore.\$28                    2.87421
xdut.xr2.xcore.a\x7cy__t32         0.000190752
xdut.xr2.xcore.a\x7cy__t3          1.53508e-07
xdut.xr2.xcore.\$27__t2                 1.6204
xdut.xr2.xcore.\$27__t0                 1.6204
xdut.xr2.xcore.en__t1                      3.3
xdut.xr2.xcore.a\x7cy__t4          3.47691e-11
xdut.xr2.xcore.vddr__t3                    3.3
xdut.xr2.xcore.vss__t3                       0
xdut.xr2.xcore.\$29                        3.3
xdut.xr2.xcore.\$30                        3.3
xdut.xr2.xcore.a\x7cy__t22                   0
xdut.xr2.xcore.a\x7cy__t23                 3.3
xdut.xr2.xcore.vddr__t12                   3.3
xdut.xr2.xcore.vss__t12                      0
xdut.xr2.xcore.\$31                        3.3
xdut.xr2.xcore.\$32                    2.92716
xdut.xr2.xcore.a\x7cy__t03                 3.3
xdut.xr2.xcore.a\x7cy__t24         1.57481e-07
xdut.xr2.xcore.vddr__t11                   3.3
xdut.xr2.xcore.vss__t11                      0
xdut.xr2.xcore.\$33                        3.3
xdut.xr2.xcore.\$34                        3.3
xdut.xr2.xcore.a\x7cy__t04         1.57397e-07
xdut.xr2.xcore.a\x7cy__t25                 3.3
xdut.xr2.xcore.vddr__t10                   3.3
xdut.xr2.xcore.vss__t10                      0
xdut.xr2.xcore.\$35                        3.3
xdut.xr2.xcore.\$36                    2.92715
xdut.xr2.xcore.a\x7cy__t05                 3.3
xdut.xr2.xcore.a\x7cy__t26         1.68475e-07
xdut.xr2.xcore.vddr__t9                    3.3
xdut.xr2.xcore.vss__t9                       0
xdut.xr2.xcore.\$37                        3.3
xdut.xr2.xcore.\$38                        3.3
xdut.xr2.xcore.a\x7cy__t06         1.68383e-07
xdut.xr2.xcore.a\x7cy__t27                 3.3
xdut.xr2.xcore.vddr__t8                    3.3
xdut.xr2.xcore.vss__t8                       0
xdut.xr2.xcore.\$39                        3.3
xdut.xr2.xcore.\$40                    2.92716
xdut.xr2.xcore.a\x7cy__t07                 3.3
xdut.xr2.xcore.a\x7cy__t28         1.52716e-07
xdut.xr2.xcore.vddr__t7                    3.3
xdut.xr2.xcore.vss__t7                       0
xdut.xr2.xcore.\$41                        3.3
xdut.xr2.xcore.\$42                        3.3
xdut.xr2.xcore.a\x7cy__t08         1.52634e-07
xdut.xr2.xcore.a\x7cy__t29                 3.3
xdut.xr2.xcore.vddr__t6                    3.3
xdut.xr2.xcore.vss__t6                       0
xdut.xr2.xcore.\$43                        3.3
xdut.xr2.xcore.\$44                    2.92715
xdut.xr2.xcore.a\x7cy__t09                 3.3
xdut.xr2.xcore.a\x7cy__t210        1.74647e-07
xdut.xr2.xcore.vddr__t5                    3.3
xdut.xr2.xcore.vss__t5                       0
xdut.xr2.xcore.\$45                        3.3
xdut.xr2.xcore.\$46                        3.3
xdut.xr2.xcore.a\x7cy__t010         1.7455e-07
xdut.xr2.xcore.a\x7cy__t211                3.3
xdut.xr2.xcore.vddr__t4                    3.3
xdut.xr2.xcore.vss__t4                       0
xdut.xr2.xcore.\$47                        3.3
xdut.xr2.xcore.\$48                    2.92716
xdut.xr2.xcore.a\x7cy__t011                3.3
xdut.xr2.xcore.a\x7cy__t1          1.53602e-07
xdut.xr2.xcore.\$27                     1.6204
xdut.rn2                           1.53508e-07
xdut.xr2.n1                                  0
xdut.xr2.n2                                3.3
xdut.xr2.n3                        1.57397e-07
xdut.xr2.n4                                3.3
xdut.xr2.n5                        1.68383e-07
xdut.xr2.n6                                3.3
xdut.xr2.n7                        1.52634e-07
xdut.xr2.n8                                3.3
xdut.xr2.n9                         1.7455e-07
xdut.xr2.n10                               3.3
xdut.xb1.vss__t0                    5.6416e-13
xdut.xb1.a__t0                     1.59747e-07
xdut.xb1.y__t0                             3.3
xdut.xb1.vdd__t0                           3.3
xdut.xb1.a__t1                     1.59747e-07
xdut.xb1.y__t1                             3.3
xdut.xb1.\$5                           3.29847
ro1                                        3.3
xdut.xb2.vss__t0                   1.85613e-12
xdut.xb2.a__t0                     1.53508e-07
xdut.xb2.y__t0                             3.3
xdut.xb2.vdd__t0                           3.3
xdut.xb2.a__t1                     1.53508e-07
xdut.xb2.y__t1                             3.3
xdut.xb2.\$5                           3.29847
ro2                                        3.3
xdut.xa1.\$2__t0                   2.66024e-08
xdut.xa1.a__t0                             3.3
xdut.xa1.vss__t0                   2.13224e-11
xdut.xa1.\$3__t3                   2.60896e-08
xdut.xa1.b__t1                             3.3
xdut.xa1.vss__t3                   1.13067e-11
xdut.xa1.y__t3                     1.31816e-07
xdut.xa1.a__t3                             3.3
xdut.xa1.\$4__t1                   6.84685e-08
xdut.xa1.\$4__t0                   6.83308e-08
xdut.xa1.b__t3                             3.3
xdut.xa1.vss__t1                   2.71448e-11
xdut.xa1.y__t2                     1.31901e-07
xdut.xa1.\$2__t1                   2.68218e-08
xdut.xa1.\$6__t1                     0.0391793
xdut.xa1.\$6__t0                     0.0391793
xdut.xa1.\$3__t2                   2.62982e-08
xdut.xa1.vss__t2                   3.73006e-12
xdut.xa1.\$2__t2                   2.68805e-08
xdut.xa1.a__t1                             3.3
xdut.xa1.vdd__t0                           3.3
xdut.xa1.\$11                          2.89856
xdut.xa1.\$3__t1                   2.63539e-08
xdut.xa1.b__t0                             3.3
xdut.xa1.vdd__t3                           3.3
xdut.xa1.\$8__t3                      0.748219
xdut.xa1.a__t2                             3.3
xdut.xa1.vdd__t1                           3.3
xdut.xa1.\$8__t2                      0.748219
xdut.xa1.b__t2                             3.3
xdut.xa1.vdd__t2                           3.3
xdut.xa1.y__t0                     1.31924e-07
xdut.xa1.\$2__t3                   2.68218e-08
xdut.xa1.\$8__t1                      0.748219
xdut.xa1.y__t1                     1.31939e-07
xdut.xa1.\$3__t0                   2.62982e-08
xdut.xa1.\$8__t0                      0.748219
xdut.xa1.\$2                       2.68218e-08
xdut.xa1.\$3                       2.62982e-08
xdut.xa1.\$4                       6.83997e-08
xdut.xa1.\$6                         0.0391793
xdut.xa1.\$8                          0.748219
xo                                 1.31899e-07
q1                                -1.05001e-15
q2                                -1.11259e-15
qt                                -5.98713e-21
vth                                       1.65
bvth#branch                                  0
vtr#branch                         5.98713e-11
vr2#branch                         1.11259e-05
vr1#branch                         1.05001e-05
ven#branch                        -2.28026e-17
vsup#branch                        -2.1626e-05

 Reference value :  0.00000e+00
 Reference value :  4.98280e-10
 Reference value :  1.00628e-09
 Reference value :  1.50628e-09
 Reference value :  2.01228e-09
 Reference value :  2.53928e-09
 Reference value :  3.09028e-09
 Reference value :  3.59228e-09
 Reference value :  4.13128e-09
 Reference value :  4.63228e-09
 Reference value :  5.13128e-09
 Reference value :  5.62628e-09
 Reference value :  6.03328e-09
 Reference value :  6.46728e-09
 Reference value :  6.97628e-09
 Reference value :  7.49228e-09
 Reference value :  8.09028e-09
 Reference value :  8.63128e-09
 Reference value :  9.17528e-09
 Reference value :  9.68028e-09
 Reference value :  1.02013e-08
 Reference value :  1.07083e-08
 Reference value :  1.12193e-08
 Reference value :  1.17323e-08
 Reference value :  1.22483e-08
 Reference value :  1.27073e-08
 Reference value :  1.31863e-08
 Reference value :  1.36883e-08
 Reference value :  1.42163e-08
 Reference value :  1.47553e-08
 Reference value :  1.52653e-08
 Reference value :  1.58143e-08
 Reference value :  1.63583e-08
 Reference value :  1.68673e-08
 Reference value :  1.73623e-08
 Reference value :  1.79283e-08
 Reference value :  1.84253e-08
 Reference value :  1.89273e-08
 Reference value :  1.94423e-08
 Reference value :  1.98993e-08
 Reference value :  2.03563e-08
 Reference value :  2.08773e-08
 Reference value :  2.13823e-08
 Reference value :  2.18843e-08
 Reference value :  2.24423e-08
 Reference value :  2.30073e-08
 Reference value :  2.35413e-08
 Reference value :  2.40433e-08
 Reference value :  2.45603e-08
 Reference value :  2.50643e-08
 Reference value :  2.55893e-08
 Reference value :  2.62993e-08
 Reference value :  2.68103e-08
 Reference value :  2.73013e-08
 Reference value :  2.77803e-08
 Reference value :  2.82893e-08
 Reference value :  2.87813e-08
 Reference value :  2.93003e-08
 Reference value :  2.98303e-08
 Reference value :  3.03523e-08
 Reference value :  3.08463e-08
 Reference value :  3.13383e-08
 Reference value :  3.18513e-08
 Reference value :  3.23653e-08
 Reference value :  3.28883e-08
 Reference value :  3.34763e-08
 Reference value :  3.39863e-08
 Reference value :  3.45023e-08
 Reference value :  3.49993e-08
 Reference value :  3.54973e-08
 Reference value :  3.60053e-08
 Reference value :  3.65053e-08
 Reference value :  3.69993e-08
 Reference value :  3.75033e-08
 Reference value :  3.80883e-08
 Reference value :  3.85863e-08
 Reference value :  3.91003e-08
 Reference value :  3.95983e-08
 Reference value :  4.00943e-08
 Reference value :  4.05993e-08
 Reference value :  4.10913e-08
 Reference value :  4.15973e-08
 Reference value :  4.21183e-08
 Reference value :  4.26273e-08
 Reference value :  4.31073e-08
 Reference value :  4.36083e-08
 Reference value :  4.41113e-08
 Reference value :  4.46273e-08
 Reference value :  4.51513e-08
 Reference value :  4.56733e-08
 Reference value :  4.61713e-08
 Reference value :  4.67253e-08
 Reference value :  4.72693e-08
 Reference value :  4.77793e-08
 Reference value :  4.82833e-08
 Reference value :  4.88003e-08
 Reference value :  4.93043e-08
 Reference value :  4.98413e-08
 Reference value :  5.03423e-08
 Reference value :  5.08313e-08
 Reference value :  5.13403e-08
 Reference value :  5.18413e-08
 Reference value :  5.23473e-08
 Reference value :  5.28603e-08
 Reference value :  5.33643e-08
 Reference value :  5.38793e-08
 Reference value :  5.43863e-08
 Reference value :  5.49043e-08
 Reference value :  5.54173e-08
 Reference value :  5.59323e-08
 Reference value :  5.64433e-08
 Reference value :  5.69553e-08
 Reference value :  5.74513e-08
 Reference value :  5.79823e-08
 Reference value :  5.84893e-08
 Reference value :  5.90023e-08
 Reference value :  5.95133e-08
 Reference value :  6.00803e-08
 Reference value :  6.06113e-08
 Reference value :  6.11183e-08
 Reference value :  6.16173e-08
 Reference value :  6.21763e-08
 Reference value :  6.26993e-08
 Reference value :  6.32343e-08
 Reference value :  6.37803e-08
 Reference value :  6.42963e-08
 Reference value :  6.48113e-08
 Reference value :  6.53173e-08
 Reference value :  6.58233e-08
 Reference value :  6.63293e-08
 Reference value :  6.68463e-08
 Reference value :  6.73553e-08
 Reference value :  6.78653e-08
 Reference value :  6.83753e-08
 Reference value :  6.88823e-08
 Reference value :  6.93763e-08
 Reference value :  6.98883e-08
 Reference value :  7.03873e-08
 Reference value :  7.08823e-08
 Reference value :  7.13853e-08
 Reference value :  7.18953e-08
 Reference value :  7.24143e-08
 Reference value :  7.29173e-08
 Reference value :  7.34193e-08
 Reference value :  7.39273e-08
 Reference value :  7.44303e-08
 Reference value :  7.49443e-08
 Reference value :  7.54673e-08
 Reference value :  7.59833e-08
 Reference value :  7.65193e-08
 Reference value :  7.70533e-08
 Reference value :  7.75713e-08
 Reference value :  7.80763e-08
 Reference value :  7.85943e-08
 Reference value :  7.91023e-08
 Reference value :  7.96063e-08
 Reference value :  8.00983e-08
 Reference value :  8.05923e-08
 Reference value :  8.10833e-08
 Reference value :  8.15913e-08
 Reference value :  8.20803e-08
 Reference value :  8.25763e-08
 Reference value :  8.30693e-08
 Reference value :  8.35813e-08
 Reference value :  8.40723e-08
 Reference value :  8.45673e-08
 Reference value :  8.50693e-08
 Reference value :  8.55603e-08
 Reference value :  8.60393e-08
 Reference value :  8.65233e-08
 Reference value :  8.70113e-08
 Reference value :  8.75073e-08
 Reference value :  8.80313e-08
 Reference value :  8.85323e-08
 Reference value :  8.90323e-08
 Reference value :  8.95253e-08
 Reference value :  9.00443e-08
 Reference value :  9.05463e-08
 Reference value :  9.10433e-08
 Reference value :  9.15513e-08
 Reference value :  9.20753e-08
 Reference value :  9.25803e-08
 Reference value :  9.31243e-08
 Reference value :  9.36453e-08
 Reference value :  9.41433e-08
 Reference value :  9.46393e-08
 Reference value :  9.51533e-08
 Reference value :  9.56553e-08
 Reference value :  9.61513e-08
 Reference value :  9.66363e-08
 Reference value :  9.71433e-08
 Reference value :  9.76313e-08
 Reference value :  9.81173e-08
 Reference value :  9.86163e-08
 Reference value :  9.91203e-08
 Reference value :  9.96123e-08
No. of Data Rows : 100008
t1a                 =  2.32838e-08
t1b                 =  7.05380e-08
t2a                 =  2.19437e-08
t2b                 =  6.65891e-08
c1a                 =  -4.39611e-04
c1b                 =  -1.32296e-03
c2a                 =  -4.40011e-04
c2b                 =  -1.32285e-03
m_period_r1 = 1.1813557500e-08
m_period_r2 = 1.1161367500e-08
m_f_r1 = 8.4648506599e+07
m_f_r2 = 8.9594756198e+07
m_i_r1_a = -1.869354765e-05
m_i_r2_a = -1.977440264e-05
Note: Simulation executed from .control section 

Warning: m=xx on .subckt line will override multiplier m hierarchy!

Note: Starting dynamic gmin stepping
Note: Dynamic gmin stepping completed
