
Note: Compatibility modes selected: hs a


Circuit: * ro-array-core-mc-freq-extracted-routed @ tt_27c_3.30v -- generated by sim/harness, do not edit

Doing analysis at TEMP = 27.000000 and TNOM = 27.000000

Using SPARSE 1.3 as Direct Linear Solver

Initial Transient Solution
--------------------------

Node                                   Voltage
----                                   -------
vsup                                       3.3
en                                         3.3
vddr1                                      3.3
vddr2                                      3.3
vdd                                        3.3
xdut.xr1.xcore.\$15                5.49175e-07
xdut.xr1.xcore.a\x7cy__t0                    0
xdut.xr1.xcore.a\x7cy__t02                 3.3
vsubs                                 0.317132
xdut.xr1.xcore.vddr__t0                    3.3
xdut.xr1.xcore.vss__t0             1.63962e-09
xdut.xr1.xcore.\$17                1.50413e-07
xdut.xr1.xcore.a\x7cy__t32                 3.3
xdut.xr1.xcore.a\x7cy__t13         1.73569e-07
xdut.xr1.xcore.vddr__t21                   3.3
xdut.xr1.xcore.vss__t21            3.57995e-10
xdut.xr1.xcore.\$18                  4.397e-07
xdut.xr1.xcore.a\x7cy__t33         1.73658e-07
xdut.xr1.xcore.a\x7cy__t14                 3.3
xdut.xr1.xcore.vddr__t20                   3.3
xdut.xr1.xcore.vss__t20            6.55645e-10
xdut.xr1.xcore.\$20                  1.437e-07
xdut.xr1.xcore.a\x7cy__t34                 3.3
xdut.xr1.xcore.a\x7cy__t15         1.65633e-07
xdut.xr1.xcore.vddr__t19                   3.3
xdut.xr1.xcore.vss__t19            1.12519e-10
xdut.xr1.xcore.\$21                2.94627e-07
xdut.xr1.xcore.a\x7cy__t35         1.65717e-07
xdut.xr1.xcore.a\x7cy__t16                 3.3
xdut.xr1.xcore.vddr__t18                   3.3
xdut.xr1.xcore.vss__t18            2.80983e-11
xdut.xr1.xcore.\$22                1.34121e-07
xdut.xr1.xcore.a\x7cy__t36                 3.3
xdut.xr1.xcore.a\x7cy__t17          1.5446e-07
xdut.xr1.xcore.vddr__t17                   3.3
xdut.xr1.xcore.vss__t17            1.12329e-10
xdut.xr1.xcore.\$24                 6.8005e-07
xdut.xr1.xcore.a\x7cy__t37         1.54537e-07
xdut.xr1.xcore.a\x7cy__t18                 3.3
xdut.xr1.xcore.vddr__t16                   3.3
xdut.xr1.xcore.vss__t16            1.02754e-09
xdut.xr1.xcore.\$23                1.38274e-07
xdut.xr1.xcore.a\x7cy__t38                 3.3
xdut.xr1.xcore.a\x7cy__t19         1.59551e-07
xdut.xr1.xcore.vddr__t15                   3.3
xdut.xr1.xcore.vss__t15            3.35923e-10
xdut.xr1.xcore.\$19                2.53286e-07
xdut.xr1.xcore.a\x7cy__t39         1.59631e-07
xdut.xr1.xcore.a\x7cy__t110                3.3
xdut.xr1.xcore.vddr__t14                   3.3
xdut.xr1.xcore.vss__t14            7.84211e-10
xdut.xr1.xcore.\$16                1.43838e-07
xdut.xr1.xcore.a\x7cy__t310                3.3
xdut.xr1.xcore.a\x7cy__t311        1.65849e-07
xdut.xr1.xcore.vddr__t13                   3.3
xdut.xr1.xcore.vss__t13            5.66225e-10
xdut.xr1.xcore.vss__t1              2.1133e-10
xdut.xr1.xcore.vddr__t1                    3.3
xdut.xr1.xcore.\$14                4.53728e-08
xdut.xr1.xcore.\$13                4.77648e-08
xdut.xr1.xcore.a\x7cy__t011        1.65942e-07
xdut.xr1.xcore.a\x7cy__t1          7.65101e-12
xdut.xr1.xcore.en__t0                      3.3
xdut.xr1.xcore.\$27__t1                 1.5719
xdut.xr1.xcore.vss__t2                       0
xdut.xr1.xcore.vddr__t2                3.29902
xdut.xr1.xcore.\$28                     2.8741
xdut.xr1.xcore.a\x7cy__t3          0.000179087
xdut.xr1.xcore.a\x7cy__t111        1.65942e-07
xdut.xr1.xcore.\$27__t2                 1.5719
xdut.xr1.xcore.\$27__t0                 1.5719
xdut.xr1.xcore.en__t1                      3.3
xdut.xr1.xcore.a\x7cy__t4          3.47678e-11
xdut.xr1.xcore.vddr__t3                    3.3
xdut.xr1.xcore.vss__t3                       0
xdut.xr1.xcore.\$29                        3.3
xdut.xr1.xcore.\$30                        3.3
xdut.xr1.xcore.a\x7cy__t2                    0
xdut.xr1.xcore.a\x7cy__t12                 3.3
xdut.xr1.xcore.vddr__t12                   3.3
xdut.xr1.xcore.vss__t12                      0
xdut.xr1.xcore.\$31                        3.3
xdut.xr1.xcore.\$32                    2.92744
xdut.xr1.xcore.a\x7cy__t22                 3.3
xdut.xr1.xcore.a\x7cy__t03         1.73748e-07
xdut.xr1.xcore.vddr__t11                   3.3
xdut.xr1.xcore.vss__t11                      0
xdut.xr1.xcore.\$33                        3.3
xdut.xr1.xcore.\$34                        3.3
xdut.xr1.xcore.a\x7cy__t23         1.73658e-07
xdut.xr1.xcore.a\x7cy__t04                 3.3
xdut.xr1.xcore.vddr__t10                   3.3
xdut.xr1.xcore.vss__t10                      0
xdut.xr1.xcore.\$35                        3.3
xdut.xr1.xcore.\$36                    2.92745
xdut.xr1.xcore.a\x7cy__t24                 3.3
xdut.xr1.xcore.a\x7cy__t05         1.65801e-07
xdut.xr1.xcore.vddr__t9                    3.3
xdut.xr1.xcore.vss__t9                       0
xdut.xr1.xcore.\$37                        3.3
xdut.xr1.xcore.\$38                        3.3
xdut.xr1.xcore.a\x7cy__t25         1.65717e-07
xdut.xr1.xcore.a\x7cy__t06                 3.3
xdut.xr1.xcore.vddr__t8                    3.3
xdut.xr1.xcore.vss__t8                       0
xdut.xr1.xcore.\$39                        3.3
xdut.xr1.xcore.\$40                    2.92745
xdut.xr1.xcore.a\x7cy__t26                 3.3
xdut.xr1.xcore.a\x7cy__t07         1.54613e-07
xdut.xr1.xcore.vddr__t7                    3.3
xdut.xr1.xcore.vss__t7                       0
xdut.xr1.xcore.\$41                        3.3
xdut.xr1.xcore.\$42                        3.3
xdut.xr1.xcore.a\x7cy__t27         1.54537e-07
xdut.xr1.xcore.a\x7cy__t08                 3.3
xdut.xr1.xcore.vddr__t6                    3.3
xdut.xr1.xcore.vss__t6                       0
xdut.xr1.xcore.\$43                        3.3
xdut.xr1.xcore.\$44                    2.92745
xdut.xr1.xcore.a\x7cy__t28                 3.3
xdut.xr1.xcore.a\x7cy__t09          1.5971e-07
xdut.xr1.xcore.vddr__t5                    3.3
xdut.xr1.xcore.vss__t5                       0
xdut.xr1.xcore.\$45                        3.3
xdut.xr1.xcore.\$46                        3.3
xdut.xr1.xcore.a\x7cy__t29         1.59631e-07
xdut.xr1.xcore.a\x7cy__t010                3.3
xdut.xr1.xcore.vddr__t4                    3.3
xdut.xr1.xcore.vss__t4                       0
xdut.xr1.xcore.\$47                        3.3
xdut.xr1.xcore.\$48                    2.92745
xdut.xr1.xcore.a\x7cy__t210                3.3
xdut.xr1.xcore.a\x7cy__t211        1.66036e-07
xdut.xr1.xcore.\$27                     1.5719
xdut.xr1.n1                                  0
xdut.xr1.n2                                3.3
xdut.xr1.n3                        1.73658e-07
xdut.xr1.n4                                3.3
xdut.xr1.n5                        1.65717e-07
xdut.xr1.n6                                3.3
xdut.xr1.n7                        1.54537e-07
xdut.xr1.n8                                3.3
xdut.xr1.n9                        1.59631e-07
xdut.xr1.n10                               3.3
xdut.rn1                           1.65942e-07
xdut.xr2.xcore.vss__t0             2.13526e-10
xdut.xr2.xcore.vddr__t0                    3.3
xdut.xr2.xcore.\$15                4.21447e-08
xdut.xr2.xcore.\$14                4.46158e-08
xdut.xr2.xcore.a\x7cy__t2           1.5562e-07
xdut.xr2.xcore.a\x7cy__t02         7.65102e-12
xdut.xr2.xcore.en__t0                      3.3
xdut.xr2.xcore.\$17                3.82287e-07
xdut.xr2.xcore.a\x7cy__t12                   0
xdut.xr2.xcore.a\x7cy__t33                 3.3
xdut.xr2.xcore.vss__t1             1.24692e-09
xdut.xr2.xcore.vddr__t1                    3.3
xdut.xr2.xcore.\$18                1.38369e-07
xdut.xr2.xcore.a\x7cy__t13                 3.3
xdut.xr2.xcore.a\x7cy__t34         1.61518e-07
xdut.xr2.xcore.vss__t21            3.56566e-10
xdut.xr2.xcore.vddr__t21                   3.3
xdut.xr2.xcore.\$20                 2.7247e-07
xdut.xr2.xcore.a\x7cy__t14         1.61605e-07
xdut.xr2.xcore.a\x7cy__t35                 3.3
xdut.xr2.xcore.vss__t20            4.48038e-10
xdut.xr2.xcore.vddr__t20                   3.3
xdut.xr2.xcore.\$21                 1.4389e-07
xdut.xr2.xcore.a\x7cy__t15                 3.3
xdut.xr2.xcore.a\x7cy__t36         1.67938e-07
xdut.xr2.xcore.vss__t19            1.21797e-10
xdut.xr2.xcore.vddr__t19                   3.3
xdut.xr2.xcore.\$23                5.21685e-07
xdut.xr2.xcore.a\x7cy__t16          1.6803e-07
xdut.xr2.xcore.a\x7cy__t37                 3.3
xdut.xr2.xcore.vss__t18            5.26683e-11
xdut.xr2.xcore.vddr__t18                   3.3
xdut.xr2.xcore.\$24                1.27322e-07
xdut.xr2.xcore.a\x7cy__t17                 3.3
xdut.xr2.xcore.a\x7cy__t38         1.48599e-07
xdut.xr2.xcore.vss__t17            1.15739e-10
xdut.xr2.xcore.vddr__t17                   3.3
xdut.xr2.xcore.\$25                1.56871e-07
xdut.xr2.xcore.a\x7cy__t18         1.48677e-07
xdut.xr2.xcore.a\x7cy__t39                 3.3
xdut.xr2.xcore.vss__t16            2.71065e-10
xdut.xr2.xcore.vddr__t16                   3.3
xdut.xr2.xcore.\$22                1.49847e-07
xdut.xr2.xcore.a\x7cy__t19                 3.3
xdut.xr2.xcore.a\x7cy__t310         1.7487e-07
xdut.xr2.xcore.vss__t15            3.91536e-10
xdut.xr2.xcore.vddr__t15                   3.3
xdut.xr2.xcore.\$19                2.92796e-07
xdut.xr2.xcore.a\x7cy__t110        1.74967e-07
xdut.xr2.xcore.a\x7cy__t311                3.3
xdut.xr2.xcore.vss__t14            9.90327e-10
xdut.xr2.xcore.vddr__t14                   3.3
xdut.xr2.xcore.\$16                1.33798e-07
xdut.xr2.xcore.a\x7cy__t111                3.3
xdut.xr2.xcore.a\x7cy__t0          1.55523e-07
xdut.xr2.xcore.vss__t13            5.87989e-10
xdut.xr2.xcore.vddr__t13                   3.3
xdut.xr2.xcore.\$27__t1                 1.5834
xdut.xr2.xcore.vss__t2                       0
xdut.xr2.xcore.vddr__t2                3.29896
xdut.xr2.xcore.\$28                    2.87392
xdut.xr2.xcore.a\x7cy__t32         0.000188662
xdut.xr2.xcore.a\x7cy__t3           1.5562e-07
xdut.xr2.xcore.\$27__t2                1.58339
xdut.xr2.xcore.\$27__t0                1.58339
xdut.xr2.xcore.en__t1                      3.3
xdut.xr2.xcore.a\x7cy__t4          3.47655e-11
xdut.xr2.xcore.vddr__t3                    3.3
xdut.xr2.xcore.vss__t3                       0
xdut.xr2.xcore.\$29                        3.3
xdut.xr2.xcore.\$30                        3.3
xdut.xr2.xcore.a\x7cy__t22                   0
xdut.xr2.xcore.a\x7cy__t23                 3.3
xdut.xr2.xcore.vddr__t12                   3.3
xdut.xr2.xcore.vss__t12                      0
xdut.xr2.xcore.\$31                        3.3
xdut.xr2.xcore.\$32                    2.92716
xdut.xr2.xcore.a\x7cy__t03                 3.3
xdut.xr2.xcore.a\x7cy__t24         1.61692e-07
xdut.xr2.xcore.vddr__t11                   3.3
xdut.xr2.xcore.vss__t11                      0
xdut.xr2.xcore.\$33                        3.3
xdut.xr2.xcore.\$34                        3.3
xdut.xr2.xcore.a\x7cy__t04         1.61605e-07
xdut.xr2.xcore.a\x7cy__t25                 3.3
xdut.xr2.xcore.vddr__t10                   3.3
xdut.xr2.xcore.vss__t10                      0
xdut.xr2.xcore.\$35                        3.3
xdut.xr2.xcore.\$36                    2.92715
xdut.xr2.xcore.a\x7cy__t05                 3.3
xdut.xr2.xcore.a\x7cy__t26         1.68121e-07
xdut.xr2.xcore.vddr__t9                    3.3
xdut.xr2.xcore.vss__t9                       0
xdut.xr2.xcore.\$37                        3.3
xdut.xr2.xcore.\$38                        3.3
xdut.xr2.xcore.a\x7cy__t06          1.6803e-07
xdut.xr2.xcore.a\x7cy__t27                 3.3
xdut.xr2.xcore.vddr__t8                    3.3
xdut.xr2.xcore.vss__t8                       0
xdut.xr2.xcore.\$39                        3.3
xdut.xr2.xcore.\$40                    2.92717
xdut.xr2.xcore.a\x7cy__t07                 3.3
xdut.xr2.xcore.a\x7cy__t28         1.48755e-07
xdut.xr2.xcore.vddr__t7                    3.3
xdut.xr2.xcore.vss__t7                       0
xdut.xr2.xcore.\$41                        3.3
xdut.xr2.xcore.\$42                        3.3
xdut.xr2.xcore.a\x7cy__t08         1.48677e-07
xdut.xr2.xcore.a\x7cy__t29                 3.3
xdut.xr2.xcore.vddr__t6                    3.3
xdut.xr2.xcore.vss__t6                       0
xdut.xr2.xcore.\$43                        3.3
xdut.xr2.xcore.\$44                    2.92715
xdut.xr2.xcore.a\x7cy__t09                 3.3
xdut.xr2.xcore.a\x7cy__t210        1.75063e-07
xdut.xr2.xcore.vddr__t5                    3.3
xdut.xr2.xcore.vss__t5                       0
xdut.xr2.xcore.\$45                        3.3
xdut.xr2.xcore.\$46                        3.3
xdut.xr2.xcore.a\x7cy__t010        1.74967e-07
xdut.xr2.xcore.a\x7cy__t211                3.3
xdut.xr2.xcore.vddr__t4                    3.3
xdut.xr2.xcore.vss__t4                       0
xdut.xr2.xcore.\$47                        3.3
xdut.xr2.xcore.\$48                    2.92716
xdut.xr2.xcore.a\x7cy__t011                3.3
xdut.xr2.xcore.a\x7cy__t1          1.55716e-07
xdut.xr2.xcore.\$27                    1.58339
xdut.rn2                            1.5562e-07
xdut.xr2.n1                                  0
xdut.xr2.n2                                3.3
xdut.xr2.n3                        1.61605e-07
xdut.xr2.n4                                3.3
xdut.xr2.n5                         1.6803e-07
xdut.xr2.n6                                3.3
xdut.xr2.n7                        1.48677e-07
xdut.xr2.n8                                3.3
xdut.xr2.n9                        1.74967e-07
xdut.xr2.n10                               3.3
xdut.xb1.vss__t0                   9.78851e-13
xdut.xb1.a__t0                     1.65942e-07
xdut.xb1.y__t0                             3.3
xdut.xb1.vdd__t0                           3.3
xdut.xb1.a__t1                     1.65942e-07
xdut.xb1.y__t1                             3.3
xdut.xb1.\$5                               3.3
ro1                                        3.3
xdut.xb2.vss__t0                   1.52685e-12
xdut.xb2.a__t0                      1.5562e-07
xdut.xb2.y__t0                             3.3
xdut.xb2.vdd__t0                           3.3
xdut.xb2.a__t1                      1.5562e-07
xdut.xb2.y__t1                             3.3
xdut.xb2.\$5                               3.3
ro2                                        3.3
xdut.xa1.\$2__t0                    2.6753e-08
xdut.xa1.a__t0                             3.3
xdut.xa1.vss__t0                   2.12053e-11
xdut.xa1.\$3__t3                   2.21767e-08
xdut.xa1.b__t1                             3.3
xdut.xa1.vss__t3                   9.95428e-12
xdut.xa1.y__t3                     1.23527e-07
xdut.xa1.a__t3                             3.3
xdut.xa1.\$4__t1                   6.38493e-08
xdut.xa1.\$4__t0                   6.37189e-08
xdut.xa1.b__t3                             3.3
xdut.xa1.vss__t1                   2.57725e-11
xdut.xa1.y__t2                     1.23608e-07
xdut.xa1.\$2__t1                   2.69714e-08
xdut.xa1.\$6__t1                     0.0297575
xdut.xa1.\$6__t0                     0.0297575
xdut.xa1.\$3__t2                   2.23552e-08
xdut.xa1.vss__t2                   3.30016e-12
xdut.xa1.\$2__t2                   2.70298e-08
xdut.xa1.a__t1                             3.3
xdut.xa1.vdd__t0                           3.3
xdut.xa1.\$11                          2.89852
xdut.xa1.\$3__t1                   2.24029e-08
xdut.xa1.b__t0                             3.3
xdut.xa1.vdd__t3                           3.3
xdut.xa1.\$8__t3                       0.74079
xdut.xa1.a__t2                             3.3
xdut.xa1.vdd__t1                           3.3
xdut.xa1.\$8__t2                       0.74079
xdut.xa1.b__t2                             3.3
xdut.xa1.vdd__t2                           3.3
xdut.xa1.y__t0                     1.23634e-07
xdut.xa1.\$2__t3                   2.69714e-08
xdut.xa1.\$8__t1                       0.74079
xdut.xa1.y__t1                     1.23637e-07
xdut.xa1.\$3__t0                   2.23552e-08
xdut.xa1.\$8__t0                       0.74079
xdut.xa1.\$2                       2.69714e-08
xdut.xa1.\$3                       2.23552e-08
xdut.xa1.\$4                       6.37841e-08
xdut.xa1.\$6                         0.0297575
xdut.xa1.\$8                           0.74079
xo                                 1.23605e-07
q1                                -1.04455e-15
q2                                 -1.1004e-15
qt                                -5.90342e-21
vth                                       1.65
bvth#branch                                  0
vtr#branch                         5.90342e-11
vr2#branch                          1.1004e-05
vr1#branch                         1.04455e-05
ven#branch                        -2.28026e-17
vsup#branch                       -2.14496e-05

 Reference value :  0.00000e+00
 Reference value :  5.10280e-10
 Reference value :  1.00028e-09
 Reference value :  1.49328e-09
 Reference value :  2.00928e-09
 Reference value :  2.49928e-09
 Reference value :  2.99628e-09
 Reference value :  3.50628e-09
 Reference value :  4.00228e-09
 Reference value :  4.47228e-09
 Reference value :  4.97728e-09
 Reference value :  5.47628e-09
 Reference value :  5.98028e-09
 Reference value :  6.48928e-09
 Reference value :  6.98528e-09
 Reference value :  7.47728e-09
 Reference value :  7.96628e-09
 Reference value :  8.44828e-09
 Reference value :  8.93928e-09
 Reference value :  9.44928e-09
 Reference value :  9.93828e-09
 Reference value :  1.04333e-08
 Reference value :  1.09223e-08
 Reference value :  1.14103e-08
 Reference value :  1.18503e-08
 Reference value :  1.22853e-08
 Reference value :  1.27673e-08
 Reference value :  1.32553e-08
 Reference value :  1.37713e-08
 Reference value :  1.43173e-08
 Reference value :  1.48253e-08
 Reference value :  1.53123e-08
 Reference value :  1.58153e-08
 Reference value :  1.63083e-08
 Reference value :  1.68143e-08
 Reference value :  1.72993e-08
 Reference value :  1.77863e-08
 Reference value :  1.82483e-08
 Reference value :  1.87083e-08
 Reference value :  1.91873e-08
 Reference value :  1.96753e-08
 Reference value :  2.01703e-08
 Reference value :  2.06723e-08
 Reference value :  2.11753e-08
 Reference value :  2.16603e-08
 Reference value :  2.21603e-08
 Reference value :  2.26443e-08
 Reference value :  2.31593e-08
 Reference value :  2.36573e-08
 Reference value :  2.41573e-08
 Reference value :  2.46763e-08
 Reference value :  2.51403e-08
 Reference value :  2.56073e-08
 Reference value :  2.60913e-08
 Reference value :  2.65893e-08
 Reference value :  2.70743e-08
 Reference value :  2.76033e-08
 Reference value :  2.81573e-08
 Reference value :  2.86463e-08
 Reference value :  2.91263e-08
 Reference value :  2.96273e-08
 Reference value :  3.01163e-08
 Reference value :  3.06043e-08
 Reference value :  3.10873e-08
 Reference value :  3.15803e-08
 Reference value :  3.20743e-08
 Reference value :  3.25623e-08
 Reference value :  3.30223e-08
 Reference value :  3.34803e-08
 Reference value :  3.39733e-08
 Reference value :  3.45463e-08
 Reference value :  3.50963e-08
 Reference value :  3.55953e-08
 Reference value :  3.61723e-08
 Reference value :  3.66643e-08
 Reference value :  3.71583e-08
 Reference value :  3.76683e-08
 Reference value :  3.81773e-08
 Reference value :  3.86743e-08
 Reference value :  3.91683e-08
 Reference value :  3.96623e-08
 Reference value :  4.01593e-08
 Reference value :  4.06463e-08
 Reference value :  4.11373e-08
 Reference value :  4.16323e-08
 Reference value :  4.21393e-08
 Reference value :  4.26563e-08
 Reference value :  4.31503e-08
 Reference value :  4.36303e-08
 Reference value :  4.41413e-08
 Reference value :  4.46453e-08
 Reference value :  4.51393e-08
 Reference value :  4.56373e-08
 Reference value :  4.61503e-08
 Reference value :  4.66373e-08
 Reference value :  4.71233e-08
 Reference value :  4.76053e-08
 Reference value :  4.80953e-08
 Reference value :  4.85803e-08
 Reference value :  4.90673e-08
 Reference value :  4.95743e-08
 Reference value :  5.00753e-08
 Reference value :  5.05923e-08
 Reference value :  5.11023e-08
 Reference value :  5.15913e-08
 Reference value :  5.20793e-08
 Reference value :  5.25713e-08
 Reference value :  5.30653e-08
 Reference value :  5.35643e-08
 Reference value :  5.40583e-08
 Reference value :  5.45333e-08
 Reference value :  5.50303e-08
 Reference value :  5.55563e-08
 Reference value :  5.60593e-08
 Reference value :  5.65743e-08
 Reference value :  5.70803e-08
 Reference value :  5.75913e-08
 Reference value :  5.80913e-08
 Reference value :  5.85893e-08
 Reference value :  5.90843e-08
 Reference value :  5.95733e-08
 Reference value :  6.00733e-08
 Reference value :  6.05843e-08
 Reference value :  6.10863e-08
 Reference value :  6.15793e-08
 Reference value :  6.20923e-08
 Reference value :  6.25853e-08
 Reference value :  6.30923e-08
 Reference value :  6.35903e-08
 Reference value :  6.40893e-08
 Reference value :  6.46103e-08
 Reference value :  6.51123e-08
 Reference value :  6.56173e-08
 Reference value :  6.61083e-08
 Reference value :  6.66083e-08
 Reference value :  6.71203e-08
 Reference value :  6.76103e-08
 Reference value :  6.81193e-08
 Reference value :  6.86233e-08
 Reference value :  6.91263e-08
 Reference value :  6.96313e-08
 Reference value :  7.01463e-08
 Reference value :  7.06613e-08
 Reference value :  7.11683e-08
 Reference value :  7.16873e-08
 Reference value :  7.22203e-08
 Reference value :  7.27553e-08
 Reference value :  7.32743e-08
 Reference value :  7.37773e-08
 Reference value :  7.42923e-08
 Reference value :  7.48193e-08
 Reference value :  7.53233e-08
 Reference value :  7.58273e-08
 Reference value :  7.63373e-08
 Reference value :  7.68493e-08
 Reference value :  7.73413e-08
 Reference value :  7.78383e-08
 Reference value :  7.83493e-08
 Reference value :  7.88413e-08
 Reference value :  7.93283e-08
 Reference value :  7.98293e-08
 Reference value :  8.03223e-08
 Reference value :  8.08223e-08
 Reference value :  8.13223e-08
 Reference value :  8.18243e-08
 Reference value :  8.23183e-08
 Reference value :  8.28223e-08
 Reference value :  8.33293e-08
 Reference value :  8.38293e-08
 Reference value :  8.43413e-08
 Reference value :  8.48603e-08
 Reference value :  8.53743e-08
 Reference value :  8.58903e-08
 Reference value :  8.64123e-08
 Reference value :  8.69413e-08
 Reference value :  8.74653e-08
 Reference value :  8.79763e-08
 Reference value :  8.84923e-08
 Reference value :  8.89953e-08
 Reference value :  8.95033e-08
 Reference value :  9.00263e-08
 Reference value :  9.05173e-08
 Reference value :  9.10143e-08
 Reference value :  9.15313e-08
 Reference value :  9.20473e-08
 Reference value :  9.25333e-08
 Reference value :  9.30293e-08
 Reference value :  9.35223e-08
 Reference value :  9.40163e-08
 Reference value :  9.45453e-08
 Reference value :  9.50553e-08
 Reference value :  9.55583e-08
 Reference value :  9.60793e-08
 Reference value :  9.65933e-08
 Reference value :  9.71013e-08
 Reference value :  9.76013e-08
 Reference value :  9.81203e-08
 Reference value :  9.86173e-08
 Reference value :  9.91233e-08
 Reference value :  9.96213e-08
No. of Data Rows : 100008
t1a                 =  2.33148e-08
t1b                 =  7.05690e-08
t2a                 =  2.21026e-08
t2b                 =  6.70503e-08
c1a                 =  -4.40916e-04
c1b                 =  -1.32524e-03
c2a                 =  -4.39079e-04
c2b                 =  -1.31968e-03
m_period_r1 = 1.1813547500e-08
m_period_r2 = 1.1236910000e-08
m_f_r1 = 8.4648578253e+07
m_f_r2 = 8.8992436533e+07
m_i_r1_a = -1.871413519e-05
m_i_r2_a = -1.959172940e-05
Note: Simulation executed from .control section 

Warning: m=xx on .subckt line will override multiplier m hierarchy!

