
Note: Compatibility modes selected: hs a


Circuit: * ro-array-core-mc-freq-extracted-routed @ tt_27c_3.30v -- generated by sim/harness, do not edit

Doing analysis at TEMP = 27.000000 and TNOM = 27.000000

Using SPARSE 1.3 as Direct Linear Solver

Initial Transient Solution
--------------------------

Node                                   Voltage
----                                   -------
vsup                                       3.3
en                                         3.3
vddr1                                      3.3
vddr2                                      3.3
vdd                                        3.3
xdut.xr1.xcore.\$15                 2.9883e-07
xdut.xr1.xcore.a\x7cy__t0                    0
xdut.xr1.xcore.a\x7cy__t02                 3.3
vsubs                                 0.315489
xdut.xr1.xcore.vddr__t0                    3.3
xdut.xr1.xcore.vss__t0             9.05086e-10
xdut.xr1.xcore.\$17                1.42507e-07
xdut.xr1.xcore.a\x7cy__t32                 3.3
xdut.xr1.xcore.a\x7cy__t13         1.64008e-07
xdut.xr1.xcore.vddr__t21                   3.3
xdut.xr1.xcore.vss__t21             3.3575e-10
xdut.xr1.xcore.\$18                1.38084e-07
xdut.xr1.xcore.a\x7cy__t33          1.6409e-07
xdut.xr1.xcore.a\x7cy__t14                 3.3
xdut.xr1.xcore.vddr__t20                   3.3
xdut.xr1.xcore.vss__t20            2.17586e-10
xdut.xr1.xcore.\$20                1.66183e-07
xdut.xr1.xcore.a\x7cy__t34                 3.3
xdut.xr1.xcore.a\x7cy__t15         1.91893e-07
xdut.xr1.xcore.vddr__t19                   3.3
xdut.xr1.xcore.vss__t19            1.27986e-10
xdut.xr1.xcore.\$21                1.88068e-07
xdut.xr1.xcore.a\x7cy__t35         1.91994e-07
xdut.xr1.xcore.a\x7cy__t16                 3.3
xdut.xr1.xcore.vddr__t18                   3.3
xdut.xr1.xcore.vss__t18            1.81982e-11
xdut.xr1.xcore.\$22                1.42472e-07
xdut.xr1.xcore.a\x7cy__t36                 3.3
xdut.xr1.xcore.a\x7cy__t17         1.64309e-07
xdut.xr1.xcore.vddr__t17                   3.3
xdut.xr1.xcore.vss__t17            1.16964e-10
xdut.xr1.xcore.\$24                 3.4391e-07
xdut.xr1.xcore.a\x7cy__t37         1.64391e-07
xdut.xr1.xcore.a\x7cy__t18                 3.3
xdut.xr1.xcore.vddr__t16                   3.3
xdut.xr1.xcore.vss__t16            5.35211e-10
xdut.xr1.xcore.\$23                1.44418e-07
xdut.xr1.xcore.a\x7cy__t38                 3.3
xdut.xr1.xcore.a\x7cy__t19         1.66864e-07
xdut.xr1.xcore.vddr__t15                   3.3
xdut.xr1.xcore.vss__t15            3.50507e-10
xdut.xr1.xcore.\$19                5.85821e-07
xdut.xr1.xcore.a\x7cy__t39         1.66949e-07
xdut.xr1.xcore.a\x7cy__t110                3.3
xdut.xr1.xcore.vddr__t14                   3.3
xdut.xr1.xcore.vss__t14            1.77019e-09
xdut.xr1.xcore.\$16                1.39497e-07
xdut.xr1.xcore.a\x7cy__t310                3.3
xdut.xr1.xcore.a\x7cy__t311        1.60807e-07
xdut.xr1.xcore.vddr__t13                   3.3
xdut.xr1.xcore.vss__t13            5.59179e-10
xdut.xr1.xcore.vss__t1             2.08044e-10
xdut.xr1.xcore.vddr__t1                    3.3
xdut.xr1.xcore.\$14                4.49208e-08
xdut.xr1.xcore.\$13                4.73627e-08
xdut.xr1.xcore.a\x7cy__t011        1.60899e-07
xdut.xr1.xcore.a\x7cy__t1          7.49446e-12
xdut.xr1.xcore.en__t0                      3.3
xdut.xr1.xcore.\$27__t1                 1.5857
xdut.xr1.xcore.vss__t2                       0
xdut.xr1.xcore.vddr__t2                3.29902
xdut.xr1.xcore.\$28                    2.87422
xdut.xr1.xcore.a\x7cy__t3          0.000178784
xdut.xr1.xcore.a\x7cy__t111        1.60899e-07
xdut.xr1.xcore.\$27__t2                 1.5857
xdut.xr1.xcore.\$27__t0                 1.5857
xdut.xr1.xcore.en__t1                      3.3
xdut.xr1.xcore.a\x7cy__t4          3.47692e-11
xdut.xr1.xcore.vddr__t3                    3.3
xdut.xr1.xcore.vss__t3                       0
xdut.xr1.xcore.\$29                        3.3
xdut.xr1.xcore.\$30                        3.3
xdut.xr1.xcore.a\x7cy__t2                    0
xdut.xr1.xcore.a\x7cy__t12                 3.3
xdut.xr1.xcore.vddr__t12                   3.3
xdut.xr1.xcore.vss__t12                      0
xdut.xr1.xcore.\$31                        3.3
xdut.xr1.xcore.\$32                    2.92745
xdut.xr1.xcore.a\x7cy__t22                 3.3
xdut.xr1.xcore.a\x7cy__t03         1.64173e-07
xdut.xr1.xcore.vddr__t11                   3.3
xdut.xr1.xcore.vss__t11                      0
xdut.xr1.xcore.\$33                        3.3
xdut.xr1.xcore.\$34                        3.3
xdut.xr1.xcore.a\x7cy__t23          1.6409e-07
xdut.xr1.xcore.a\x7cy__t04                 3.3
xdut.xr1.xcore.vddr__t10                   3.3
xdut.xr1.xcore.vss__t10                      0
xdut.xr1.xcore.\$35                        3.3
xdut.xr1.xcore.\$36                    2.92743
xdut.xr1.xcore.a\x7cy__t24                 3.3
xdut.xr1.xcore.a\x7cy__t05         1.92095e-07
xdut.xr1.xcore.vddr__t9                    3.3
xdut.xr1.xcore.vss__t9                       0
xdut.xr1.xcore.\$37                        3.3
xdut.xr1.xcore.\$38                        3.3
xdut.xr1.xcore.a\x7cy__t25         1.91994e-07
xdut.xr1.xcore.a\x7cy__t06                 3.3
xdut.xr1.xcore.vddr__t8                    3.3
xdut.xr1.xcore.vss__t8                       0
xdut.xr1.xcore.\$39                        3.3
xdut.xr1.xcore.\$40                    2.92745
xdut.xr1.xcore.a\x7cy__t26                 3.3
xdut.xr1.xcore.a\x7cy__t07         1.64473e-07
xdut.xr1.xcore.vddr__t7                    3.3
xdut.xr1.xcore.vss__t7                       0
xdut.xr1.xcore.\$41                        3.3
xdut.xr1.xcore.\$42                        3.3
xdut.xr1.xcore.a\x7cy__t27         1.64391e-07
xdut.xr1.xcore.a\x7cy__t08                 3.3
xdut.xr1.xcore.vddr__t6                    3.3
xdut.xr1.xcore.vss__t6                       0
xdut.xr1.xcore.\$43                        3.3
xdut.xr1.xcore.\$44                    2.92744
xdut.xr1.xcore.a\x7cy__t28                 3.3
xdut.xr1.xcore.a\x7cy__t09         1.67034e-07
xdut.xr1.xcore.vddr__t5                    3.3
xdut.xr1.xcore.vss__t5                       0
xdut.xr1.xcore.\$45                        3.3
xdut.xr1.xcore.\$46                        3.3
xdut.xr1.xcore.a\x7cy__t29         1.66949e-07
xdut.xr1.xcore.a\x7cy__t010                3.3
xdut.xr1.xcore.vddr__t4                    3.3
xdut.xr1.xcore.vss__t4                       0
xdut.xr1.xcore.\$47                        3.3
xdut.xr1.xcore.\$48                    2.92743
xdut.xr1.xcore.a\x7cy__t210                3.3
xdut.xr1.xcore.a\x7cy__t211        1.60992e-07
xdut.xr1.xcore.\$27                     1.5857
xdut.xr1.n1                                  0
xdut.xr1.n2                                3.3
xdut.xr1.n3                         1.6409e-07
xdut.xr1.n4                                3.3
xdut.xr1.n5                        1.91994e-07
xdut.xr1.n6                                3.3
xdut.xr1.n7                        1.64391e-07
xdut.xr1.n8                                3.3
xdut.xr1.n9                        1.66949e-07
xdut.xr1.n10                               3.3
xdut.rn1                           1.60899e-07
xdut.xr2.xcore.vss__t0             2.10217e-10
xdut.xr2.xcore.vddr__t0                    3.3
xdut.xr2.xcore.\$15                4.12727e-08
xdut.xr2.xcore.\$14                4.36512e-08
xdut.xr2.xcore.a\x7cy__t2          1.58483e-07
xdut.xr2.xcore.a\x7cy__t02         7.49445e-12
xdut.xr2.xcore.en__t0                      3.3
xdut.xr2.xcore.\$17                 1.5556e-07
xdut.xr2.xcore.a\x7cy__t12                   0
xdut.xr2.xcore.a\x7cy__t33                 3.3
xdut.xr2.xcore.vss__t1             5.32457e-10
xdut.xr2.xcore.vddr__t1                    3.3
xdut.xr2.xcore.\$18                1.29008e-07
xdut.xr2.xcore.a\x7cy__t13                 3.3
xdut.xr2.xcore.a\x7cy__t34         1.50448e-07
xdut.xr2.xcore.vss__t21            3.33232e-10
xdut.xr2.xcore.vddr__t21                   3.3
xdut.xr2.xcore.\$20                 2.2564e-07
xdut.xr2.xcore.a\x7cy__t14         1.50527e-07
xdut.xr2.xcore.a\x7cy__t35                 3.3
xdut.xr2.xcore.vss__t20            3.71473e-10
xdut.xr2.xcore.vddr__t20                   3.3
xdut.xr2.xcore.\$21                1.37427e-07
xdut.xr2.xcore.a\x7cy__t15                 3.3
xdut.xr2.xcore.a\x7cy__t36         1.59926e-07
xdut.xr2.xcore.vss__t19            1.15509e-10
xdut.xr2.xcore.vddr__t19                   3.3
xdut.xr2.xcore.\$23                3.15938e-07
xdut.xr2.xcore.a\x7cy__t16         1.60012e-07
xdut.xr2.xcore.a\x7cy__t37                 3.3
xdut.xr2.xcore.vss__t18            3.25532e-11
xdut.xr2.xcore.vddr__t18                   3.3
xdut.xr2.xcore.\$24                1.30072e-07
xdut.xr2.xcore.a\x7cy__t17                 3.3
xdut.xr2.xcore.a\x7cy__t38         1.51648e-07
xdut.xr2.xcore.vss__t17            1.17286e-10
xdut.xr2.xcore.vddr__t17                   3.3
xdut.xr2.xcore.\$25                5.89002e-07
xdut.xr2.xcore.a\x7cy__t18         1.51729e-07
xdut.xr2.xcore.a\x7cy__t39                 3.3
xdut.xr2.xcore.vss__t16            9.65036e-10
xdut.xr2.xcore.vddr__t16                   3.3
xdut.xr2.xcore.\$22                1.65812e-07
xdut.xr2.xcore.a\x7cy__t19                 3.3
xdut.xr2.xcore.a\x7cy__t310        1.94752e-07
xdut.xr2.xcore.vss__t15            4.29902e-10
xdut.xr2.xcore.vddr__t15                   3.3
xdut.xr2.xcore.\$19                9.51223e-08
xdut.xr2.xcore.a\x7cy__t110        1.94862e-07
xdut.xr2.xcore.a\x7cy__t311                3.3
xdut.xr2.xcore.vss__t14            3.44522e-10
xdut.xr2.xcore.vddr__t14                   3.3
xdut.xr2.xcore.\$16                1.36039e-07
xdut.xr2.xcore.a\x7cy__t111                3.3
xdut.xr2.xcore.a\x7cy__t0          1.58386e-07
xdut.xr2.xcore.vss__t13            5.90207e-10
xdut.xr2.xcore.vddr__t13                   3.3
xdut.xr2.xcore.\$27__t1                1.56277
xdut.xr2.xcore.vss__t2                       0
xdut.xr2.xcore.vddr__t2                3.29894
xdut.xr2.xcore.\$28                    2.87373
xdut.xr2.xcore.a\x7cy__t32         0.000191754
xdut.xr2.xcore.a\x7cy__t3          1.58483e-07
xdut.xr2.xcore.\$27__t2                1.56276
xdut.xr2.xcore.\$27__t0                1.56276
xdut.xr2.xcore.en__t1                      3.3
xdut.xr2.xcore.a\x7cy__t4          3.47633e-11
xdut.xr2.xcore.vddr__t3                    3.3
xdut.xr2.xcore.vss__t3                       0
xdut.xr2.xcore.\$29                        3.3
xdut.xr2.xcore.\$30                        3.3
xdut.xr2.xcore.a\x7cy__t22                   0
xdut.xr2.xcore.a\x7cy__t23                 3.3
xdut.xr2.xcore.vddr__t12                   3.3
xdut.xr2.xcore.vss__t12                      0
xdut.xr2.xcore.\$31                        3.3
xdut.xr2.xcore.\$32                    2.92717
xdut.xr2.xcore.a\x7cy__t03                 3.3
xdut.xr2.xcore.a\x7cy__t24         1.50607e-07
xdut.xr2.xcore.vddr__t11                   3.3
xdut.xr2.xcore.vss__t11                      0
xdut.xr2.xcore.\$33                        3.3
xdut.xr2.xcore.\$34                        3.3
xdut.xr2.xcore.a\x7cy__t04         1.50527e-07
xdut.xr2.xcore.a\x7cy__t25                 3.3
xdut.xr2.xcore.vddr__t10                   3.3
xdut.xr2.xcore.vss__t10                      0
xdut.xr2.xcore.\$35                        3.3
xdut.xr2.xcore.\$36                    2.92716
xdut.xr2.xcore.a\x7cy__t05                 3.3
xdut.xr2.xcore.a\x7cy__t26         1.60097e-07
xdut.xr2.xcore.vddr__t9                    3.3
xdut.xr2.xcore.vss__t9                       0
xdut.xr2.xcore.\$37                        3.3
xdut.xr2.xcore.\$38                        3.3
xdut.xr2.xcore.a\x7cy__t06         1.60012e-07
xdut.xr2.xcore.a\x7cy__t27                 3.3
xdut.xr2.xcore.vddr__t8                    3.3
xdut.xr2.xcore.vss__t8                       0
xdut.xr2.xcore.\$39                        3.3
xdut.xr2.xcore.\$40                    2.92716
xdut.xr2.xcore.a\x7cy__t07                 3.3
xdut.xr2.xcore.a\x7cy__t28         1.51809e-07
xdut.xr2.xcore.vddr__t7                    3.3
xdut.xr2.xcore.vss__t7                       0
xdut.xr2.xcore.\$41                        3.3
xdut.xr2.xcore.\$42                        3.3
xdut.xr2.xcore.a\x7cy__t08         1.51729e-07
xdut.xr2.xcore.a\x7cy__t29                 3.3
xdut.xr2.xcore.vddr__t6                    3.3
xdut.xr2.xcore.vss__t6                       0
xdut.xr2.xcore.\$43                        3.3
xdut.xr2.xcore.\$44                    2.92713
xdut.xr2.xcore.a\x7cy__t09                 3.3
xdut.xr2.xcore.a\x7cy__t210        1.94973e-07
xdut.xr2.xcore.vddr__t5                    3.3
xdut.xr2.xcore.vss__t5                       0
xdut.xr2.xcore.\$45                        3.3
xdut.xr2.xcore.\$46                        3.3
xdut.xr2.xcore.a\x7cy__t010        1.94862e-07
xdut.xr2.xcore.a\x7cy__t211                3.3
xdut.xr2.xcore.vddr__t4                    3.3
xdut.xr2.xcore.vss__t4                       0
xdut.xr2.xcore.\$47                        3.3
xdut.xr2.xcore.\$48                    2.92716
xdut.xr2.xcore.a\x7cy__t011                3.3
xdut.xr2.xcore.a\x7cy__t1          1.58581e-07
xdut.xr2.xcore.\$27                    1.56276
xdut.rn2                           1.58483e-07
xdut.xr2.n1                                  0
xdut.xr2.n2                                3.3
xdut.xr2.n3                        1.50527e-07
xdut.xr2.n4                                3.3
xdut.xr2.n5                        1.60012e-07
xdut.xr2.n6                                3.3
xdut.xr2.n7                        1.51729e-07
xdut.xr2.n8                                3.3
xdut.xr2.n9                        1.94862e-07
xdut.xr2.n10                               3.3
xdut.xb1.vss__t0                   1.17943e-12
xdut.xb1.a__t0                     1.60899e-07
xdut.xb1.y__t0                             3.3
xdut.xb1.vdd__t0                           3.3
xdut.xb1.a__t1                     1.60899e-07
xdut.xb1.y__t1                             3.3
xdut.xb1.\$5                               3.3
ro1                                        3.3
xdut.xb2.vss__t0                   1.34827e-12
xdut.xb2.a__t0                     1.58483e-07
xdut.xb2.y__t0                             3.3
xdut.xb2.vdd__t0                           3.3
xdut.xb2.a__t1                     1.58483e-07
xdut.xb2.y__t1                             3.3
xdut.xb2.\$5                               3.3
ro2                                        3.3
xdut.xa1.\$2__t0                   2.43342e-08
xdut.xa1.a__t0                             3.3
xdut.xa1.vss__t0                   1.93403e-11
xdut.xa1.\$3__t3                   2.05304e-08
xdut.xa1.b__t1                             3.3
xdut.xa1.vss__t3                   9.26078e-12
xdut.xa1.y__t3                     1.18111e-07
xdut.xa1.a__t3                             3.3
xdut.xa1.\$4__t1                   5.98414e-08
xdut.xa1.\$4__t0                   5.97181e-08
xdut.xa1.b__t3                             3.3
xdut.xa1.vss__t1                   2.43989e-11
xdut.xa1.y__t2                     1.18187e-07
xdut.xa1.\$2__t1                   2.45305e-08
xdut.xa1.\$6__t1                     0.0781865
xdut.xa1.\$6__t0                     0.0781865
xdut.xa1.\$3__t2                   2.06943e-08
xdut.xa1.vss__t2                   3.33795e-12
xdut.xa1.\$2__t2                   2.45829e-08
xdut.xa1.a__t1                             3.3
xdut.xa1.vdd__t0                           3.3
xdut.xa1.\$11                          2.89855
xdut.xa1.\$3__t1                   2.07382e-08
xdut.xa1.b__t0                             3.3
xdut.xa1.vdd__t3                           3.3
xdut.xa1.\$8__t3                       0.74721
xdut.xa1.a__t2                             3.3
xdut.xa1.vdd__t1                           3.3
xdut.xa1.\$8__t2                       0.74721
xdut.xa1.b__t2                             3.3
xdut.xa1.vdd__t2                           3.3
xdut.xa1.y__t0                      1.1821e-07
xdut.xa1.\$2__t3                   2.45305e-08
xdut.xa1.\$8__t1                       0.74721
xdut.xa1.y__t1                     1.18219e-07
xdut.xa1.\$3__t0                   2.06943e-08
xdut.xa1.\$8__t0                       0.74721
xdut.xa1.\$2                       2.45305e-08
xdut.xa1.\$3                       2.06943e-08
xdut.xa1.\$4                       5.97797e-08
xdut.xa1.\$6                         0.0781865
xdut.xa1.\$8                           0.74721
xo                                 1.18185e-07
q1                                -1.04279e-15
q2                                -1.11844e-15
qt                                -5.77219e-21
vth                                       1.65
bvth#branch                                  0
vtr#branch                         5.77219e-11
vr2#branch                         1.11844e-05
vr1#branch                         1.04279e-05
ven#branch                        -2.28026e-17
vsup#branch                       -2.16123e-05

 Reference value :  0.00000e+00
 Reference value :  4.96280e-10
 Reference value :  1.00228e-09
 Reference value :  1.51428e-09
 Reference value :  2.01828e-09
 Reference value :  2.52828e-09
 Reference value :  3.02328e-09
 Reference value :  3.52328e-09
 Reference value :  4.04228e-09
 Reference value :  4.53228e-09
 Reference value :  5.02428e-09
 Reference value :  5.51628e-09
 Reference value :  6.01328e-09
 Reference value :  6.52928e-09
 Reference value :  7.02528e-09
 Reference value :  7.52428e-09
 Reference value :  8.03228e-09
 Reference value :  8.54928e-09
 Reference value :  9.05028e-09
 Reference value :  9.54928e-09
 Reference value :  1.00423e-08
 Reference value :  1.05503e-08
 Reference value :  1.10553e-08
 Reference value :  1.15583e-08
 Reference value :  1.20473e-08
 Reference value :  1.25373e-08
 Reference value :  1.30283e-08
 Reference value :  1.35173e-08
 Reference value :  1.39963e-08
 Reference value :  1.44903e-08
 Reference value :  1.49923e-08
 Reference value :  1.55113e-08
 Reference value :  1.60233e-08
 Reference value :  1.65223e-08
 Reference value :  1.70343e-08
 Reference value :  1.75353e-08
 Reference value :  1.80393e-08
 Reference value :  1.85423e-08
 Reference value :  1.90573e-08
 Reference value :  1.95503e-08
 Reference value :  2.00533e-08
 Reference value :  2.05633e-08
 Reference value :  2.10403e-08
 Reference value :  2.15293e-08
 Reference value :  2.20233e-08
 Reference value :  2.25323e-08
 Reference value :  2.30283e-08
 Reference value :  2.35263e-08
 Reference value :  2.40003e-08
 Reference value :  2.44803e-08
 Reference value :  2.49723e-08
 Reference value :  2.54853e-08
 Reference value :  2.59923e-08
 Reference value :  2.65533e-08
 Reference value :  2.71303e-08
 Reference value :  2.76583e-08
 Reference value :  2.81413e-08
 Reference value :  2.86323e-08
 Reference value :  2.91343e-08
 Reference value :  2.96423e-08
 Reference value :  3.01373e-08
 Reference value :  3.05843e-08
 Reference value :  3.10543e-08
 Reference value :  3.15603e-08
 Reference value :  3.20573e-08
 Reference value :  3.25563e-08
 Reference value :  3.30463e-08
 Reference value :  3.35993e-08
 Reference value :  3.40863e-08
 Reference value :  3.45663e-08
 Reference value :  3.50563e-08
 Reference value :  3.55693e-08
 Reference value :  3.60583e-08
 Reference value :  3.65623e-08
 Reference value :  3.70563e-08
 Reference value :  3.75563e-08
 Reference value :  3.79943e-08
 Reference value :  3.84503e-08
 Reference value :  3.89633e-08
 Reference value :  3.95053e-08
 Reference value :  4.00203e-08
 Reference value :  4.06153e-08
 Reference value :  4.11473e-08
 Reference value :  4.16523e-08
 Reference value :  4.21553e-08
 Reference value :  4.26523e-08
 Reference value :  4.31443e-08
 Reference value :  4.36513e-08
 Reference value :  4.41613e-08
 Reference value :  4.46793e-08
 Reference value :  4.51623e-08
 Reference value :  4.56383e-08
 Reference value :  4.61113e-08
 Reference value :  4.66183e-08
 Reference value :  4.71143e-08
 Reference value :  4.76263e-08
 Reference value :  4.81553e-08
 Reference value :  4.86813e-08
 Reference value :  4.91723e-08
 Reference value :  4.96893e-08
 Reference value :  5.01903e-08
 Reference value :  5.07783e-08
 Reference value :  5.12963e-08
 Reference value :  5.17933e-08
 Reference value :  5.22973e-08
 Reference value :  5.28163e-08
 Reference value :  5.33193e-08
 Reference value :  5.38253e-08
 Reference value :  5.43273e-08
 Reference value :  5.48503e-08
 Reference value :  5.53493e-08
 Reference value :  5.59033e-08
 Reference value :  5.64203e-08
 Reference value :  5.69193e-08
 Reference value :  5.74163e-08
 Reference value :  5.79143e-08
 Reference value :  5.84133e-08
 Reference value :  5.89203e-08
 Reference value :  5.94183e-08
 Reference value :  5.99343e-08
 Reference value :  6.04333e-08
 Reference value :  6.09373e-08
 Reference value :  6.14513e-08
 Reference value :  6.20023e-08
 Reference value :  6.25173e-08
 Reference value :  6.30153e-08
 Reference value :  6.35053e-08
 Reference value :  6.40023e-08
 Reference value :  6.44963e-08
 Reference value :  6.50203e-08
 Reference value :  6.55603e-08
 Reference value :  6.60843e-08
 Reference value :  6.66013e-08
 Reference value :  6.71053e-08
 Reference value :  6.76013e-08
 Reference value :  6.81053e-08
 Reference value :  6.86003e-08
 Reference value :  6.91543e-08
 Reference value :  6.96353e-08
 Reference value :  7.01413e-08
 Reference value :  7.06223e-08
 Reference value :  7.10963e-08
 Reference value :  7.15413e-08
 Reference value :  7.19533e-08
 Reference value :  7.23913e-08
 Reference value :  7.28123e-08
 Reference value :  7.32353e-08
 Reference value :  7.36733e-08
 Reference value :  7.40863e-08
 Reference value :  7.45123e-08
 Reference value :  7.49423e-08
 Reference value :  7.53773e-08
 Reference value :  7.58323e-08
 Reference value :  7.62773e-08
 Reference value :  7.67223e-08
 Reference value :  7.71693e-08
 Reference value :  7.76223e-08
 Reference value :  7.80433e-08
 Reference value :  7.85143e-08
 Reference value :  7.89783e-08
 Reference value :  7.94313e-08
 Reference value :  7.98933e-08
 Reference value :  8.03443e-08
 Reference value :  8.07723e-08
 Reference value :  8.12163e-08
 Reference value :  8.16843e-08
 Reference value :  8.21673e-08
 Reference value :  8.26343e-08
 Reference value :  8.31203e-08
 Reference value :  8.36103e-08
 Reference value :  8.40583e-08
 Reference value :  8.45163e-08
 Reference value :  8.49743e-08
 Reference value :  8.54373e-08
 Reference value :  8.58923e-08
 Reference value :  8.63253e-08
 Reference value :  8.67863e-08
 Reference value :  8.72463e-08
 Reference value :  8.77263e-08
 Reference value :  8.81553e-08
 Reference value :  8.86213e-08
 Reference value :  8.90423e-08
 Reference value :  8.95213e-08
 Reference value :  8.99843e-08
 Reference value :  9.04383e-08
 Reference value :  9.08883e-08
 Reference value :  9.13343e-08
 Reference value :  9.17913e-08
 Reference value :  9.22643e-08
 Reference value :  9.27103e-08
 Reference value :  9.31783e-08
 Reference value :  9.36593e-08
 Reference value :  9.41093e-08
 Reference value :  9.45833e-08
 Reference value :  9.50483e-08
 Reference value :  9.55223e-08
 Reference value :  9.59803e-08
 Reference value :  9.64333e-08
 Reference value :  9.68703e-08
 Reference value :  9.73233e-08
 Reference value :  9.77933e-08
 Reference value :  9.82503e-08
 Reference value :  9.87293e-08
 Reference value :  9.91983e-08
 Reference value :  9.96613e-08
No. of Data Rows : 100008
t1a                 =  2.33153e-08
t1b                 =  7.05767e-08
t2a                 =  2.21408e-08
t2b                 =  6.71778e-08
c1a                 =  -4.39104e-04
c1b                 =  -1.32011e-03
c2a                 =  -4.38277e-04
c2b                 =  -1.31747e-03
m_period_r1 = 1.1815365000e-08
m_period_r2 = 1.1259242500e-08
m_f_r1 = 8.4635557175e+07
m_f_r2 = 8.8815921675e+07
m_i_r1_a = -1.864107245e-05
m_i_r2_a = -1.952167741e-05
Note: Simulation executed from .control section 

Warning: m=xx on .subckt line will override multiplier m hierarchy!

