
Note: Compatibility modes selected: hs a


Circuit: * ro-array-core-mc-freq-extracted-routed @ tt_27c_3.30v -- generated by sim/harness, do not edit

Doing analysis at TEMP = 27.000000 and TNOM = 27.000000

Using SPARSE 1.3 as Direct Linear Solver

Initial Transient Solution
--------------------------

Node                                   Voltage
----                                   -------
vsup                                       3.3
en                                         3.3
vddr1                                      3.3
vddr2                                      3.3
vdd                                        3.3
xdut.xr1.xcore.\$15                   5.41e-07
xdut.xr1.xcore.a\x7cy__t0                    0
xdut.xr1.xcore.a\x7cy__t02                 3.3
vsubs                                  0.31845
xdut.xr1.xcore.vddr__t0                    3.3
xdut.xr1.xcore.vss__t0             1.62006e-09
xdut.xr1.xcore.\$17                1.38693e-07
xdut.xr1.xcore.a\x7cy__t32                 3.3
xdut.xr1.xcore.a\x7cy__t13         1.59661e-07
xdut.xr1.xcore.vddr__t21                   3.3
xdut.xr1.xcore.vss__t21            3.28905e-10
xdut.xr1.xcore.\$18                2.45923e-07
xdut.xr1.xcore.a\x7cy__t33          1.5974e-07
xdut.xr1.xcore.a\x7cy__t14                 3.3
xdut.xr1.xcore.vddr__t20                   3.3
xdut.xr1.xcore.vss__t20            3.73894e-10
xdut.xr1.xcore.\$20                1.42592e-07
xdut.xr1.xcore.a\x7cy__t34                 3.3
xdut.xr1.xcore.a\x7cy__t15         1.64267e-07
xdut.xr1.xcore.vddr__t19                   3.3
xdut.xr1.xcore.vss__t19            1.11321e-10
xdut.xr1.xcore.\$21                3.79895e-07
xdut.xr1.xcore.a\x7cy__t35         1.64349e-07
xdut.xr1.xcore.a\x7cy__t16                 3.3
xdut.xr1.xcore.vddr__t18                   3.3
xdut.xr1.xcore.vss__t18            3.54565e-11
xdut.xr1.xcore.\$22                1.39752e-07
xdut.xr1.xcore.a\x7cy__t36                 3.3
xdut.xr1.xcore.a\x7cy__t17         1.61031e-07
xdut.xr1.xcore.vddr__t17                   3.3
xdut.xr1.xcore.vss__t17            1.14896e-10
xdut.xr1.xcore.\$24                2.93889e-07
xdut.xr1.xcore.a\x7cy__t37         1.61109e-07
xdut.xr1.xcore.a\x7cy__t18                 3.3
xdut.xr1.xcore.vddr__t16                   3.3
xdut.xr1.xcore.vss__t16            4.62007e-10
xdut.xr1.xcore.\$23                1.60108e-07
xdut.xr1.xcore.a\x7cy__t38                 3.3
xdut.xr1.xcore.a\x7cy__t19         1.84988e-07
xdut.xr1.xcore.vddr__t15                   3.3
xdut.xr1.xcore.vss__t15            3.81957e-10
xdut.xr1.xcore.\$19                4.71189e-07
xdut.xr1.xcore.a\x7cy__t39         1.85082e-07
xdut.xr1.xcore.a\x7cy__t110                3.3
xdut.xr1.xcore.vddr__t14                   3.3
xdut.xr1.xcore.vss__t14             1.4138e-09
xdut.xr1.xcore.\$16                1.41021e-07
xdut.xr1.xcore.a\x7cy__t310                3.3
xdut.xr1.xcore.a\x7cy__t311        1.63282e-07
xdut.xr1.xcore.vddr__t13                   3.3
xdut.xr1.xcore.vss__t13            5.72639e-10
xdut.xr1.xcore.vss__t1             2.14076e-10
xdut.xr1.xcore.vddr__t1                    3.3
xdut.xr1.xcore.\$14                4.64205e-08
xdut.xr1.xcore.\$13                4.88785e-08
xdut.xr1.xcore.a\x7cy__t011        1.63377e-07
xdut.xr1.xcore.a\x7cy__t1           7.7825e-12
xdut.xr1.xcore.en__t0                      3.3
xdut.xr1.xcore.\$27__t1                1.56713
xdut.xr1.xcore.vss__t2                       0
xdut.xr1.xcore.vddr__t2                3.29902
xdut.xr1.xcore.\$28                    2.87406
xdut.xr1.xcore.a\x7cy__t3          0.000179043
xdut.xr1.xcore.a\x7cy__t111        1.63377e-07
xdut.xr1.xcore.\$27__t2                1.56712
xdut.xr1.xcore.\$27__t0                1.56712
xdut.xr1.xcore.en__t1                      3.3
xdut.xr1.xcore.a\x7cy__t4          3.47673e-11
xdut.xr1.xcore.vddr__t3                    3.3
xdut.xr1.xcore.vss__t3                       0
xdut.xr1.xcore.\$29                        3.3
xdut.xr1.xcore.\$30                        3.3
xdut.xr1.xcore.a\x7cy__t2                    0
xdut.xr1.xcore.a\x7cy__t12                 3.3
xdut.xr1.xcore.vddr__t12                   3.3
xdut.xr1.xcore.vss__t12                      0
xdut.xr1.xcore.\$31                        3.3
xdut.xr1.xcore.\$32                    2.92745
xdut.xr1.xcore.a\x7cy__t22                 3.3
xdut.xr1.xcore.a\x7cy__t03         1.59818e-07
xdut.xr1.xcore.vddr__t11                   3.3
xdut.xr1.xcore.vss__t11                      0
xdut.xr1.xcore.\$33                        3.3
xdut.xr1.xcore.\$34                        3.3
xdut.xr1.xcore.a\x7cy__t23          1.5974e-07
xdut.xr1.xcore.a\x7cy__t04                 3.3
xdut.xr1.xcore.vddr__t10                   3.3
xdut.xr1.xcore.vss__t10                      0
xdut.xr1.xcore.\$35                        3.3
xdut.xr1.xcore.\$36                    2.92745
xdut.xr1.xcore.a\x7cy__t24                 3.3
xdut.xr1.xcore.a\x7cy__t05         1.64431e-07
xdut.xr1.xcore.vddr__t9                    3.3
xdut.xr1.xcore.vss__t9                       0
xdut.xr1.xcore.\$37                        3.3
xdut.xr1.xcore.\$38                        3.3
xdut.xr1.xcore.a\x7cy__t25         1.64349e-07
xdut.xr1.xcore.a\x7cy__t06                 3.3
xdut.xr1.xcore.vddr__t8                    3.3
xdut.xr1.xcore.vss__t8                       0
xdut.xr1.xcore.\$39                        3.3
xdut.xr1.xcore.\$40                    2.92745
xdut.xr1.xcore.a\x7cy__t26                 3.3
xdut.xr1.xcore.a\x7cy__t07         1.61188e-07
xdut.xr1.xcore.vddr__t7                    3.3
xdut.xr1.xcore.vss__t7                       0
xdut.xr1.xcore.\$41                        3.3
xdut.xr1.xcore.\$42                        3.3
xdut.xr1.xcore.a\x7cy__t27         1.61109e-07
xdut.xr1.xcore.a\x7cy__t08                 3.3
xdut.xr1.xcore.vddr__t6                    3.3
xdut.xr1.xcore.vss__t6                       0
xdut.xr1.xcore.\$43                        3.3
xdut.xr1.xcore.\$44                    2.92743
xdut.xr1.xcore.a\x7cy__t28                 3.3
xdut.xr1.xcore.a\x7cy__t09         1.85177e-07
xdut.xr1.xcore.vddr__t5                    3.3
xdut.xr1.xcore.vss__t5                       0
xdut.xr1.xcore.\$45                        3.3
xdut.xr1.xcore.\$46                        3.3
xdut.xr1.xcore.a\x7cy__t29         1.85082e-07
xdut.xr1.xcore.a\x7cy__t010                3.3
xdut.xr1.xcore.vddr__t4                    3.3
xdut.xr1.xcore.vss__t4                       0
xdut.xr1.xcore.\$47                        3.3
xdut.xr1.xcore.\$48                    2.92745
xdut.xr1.xcore.a\x7cy__t210                3.3
xdut.xr1.xcore.a\x7cy__t211        1.63471e-07
xdut.xr1.xcore.\$27                    1.56712
xdut.xr1.n1                                  0
xdut.xr1.n2                                3.3
xdut.xr1.n3                         1.5974e-07
xdut.xr1.n4                                3.3
xdut.xr1.n5                        1.64349e-07
xdut.xr1.n6                                3.3
xdut.xr1.n7                        1.61109e-07
xdut.xr1.n8                                3.3
xdut.xr1.n9                        1.85082e-07
xdut.xr1.n10                               3.3
xdut.rn1                           1.63377e-07
xdut.xr2.xcore.vss__t0             2.16292e-10
xdut.xr2.xcore.vddr__t0                    3.3
xdut.xr2.xcore.\$15                4.26642e-08
xdut.xr2.xcore.\$14                4.50953e-08
xdut.xr2.xcore.a\x7cy__t2          1.45587e-07
xdut.xr2.xcore.a\x7cy__t02         7.78249e-12
xdut.xr2.xcore.en__t0                      3.3
xdut.xr2.xcore.\$17                1.01021e-06
xdut.xr2.xcore.a\x7cy__t12                   0
xdut.xr2.xcore.a\x7cy__t33                 3.3
xdut.xr2.xcore.vss__t1             3.20873e-09
xdut.xr2.xcore.vddr__t1                    3.3
xdut.xr2.xcore.\$18                1.35533e-07
xdut.xr2.xcore.a\x7cy__t13                 3.3
xdut.xr2.xcore.a\x7cy__t34         1.58317e-07
xdut.xr2.xcore.vss__t21            3.53458e-10
xdut.xr2.xcore.vddr__t21                   3.3
xdut.xr2.xcore.\$20                5.11885e-07
xdut.xr2.xcore.a\x7cy__t14         1.58402e-07
xdut.xr2.xcore.a\x7cy__t35                 3.3
xdut.xr2.xcore.vss__t20            8.30476e-10
xdut.xr2.xcore.vddr__t20                   3.3
xdut.xr2.xcore.\$21                1.40913e-07
xdut.xr2.xcore.a\x7cy__t15                 3.3
xdut.xr2.xcore.a\x7cy__t36         1.64534e-07
xdut.xr2.xcore.vss__t19            1.20655e-10
xdut.xr2.xcore.vddr__t19                   3.3
xdut.xr2.xcore.\$23                4.27383e-07
xdut.xr2.xcore.a\x7cy__t16         1.64624e-07
xdut.xr2.xcore.a\x7cy__t37                 3.3
xdut.xr2.xcore.vss__t18             4.3321e-11
xdut.xr2.xcore.vddr__t18                   3.3
xdut.xr2.xcore.\$24                1.26905e-07
xdut.xr2.xcore.a\x7cy__t17                 3.3
xdut.xr2.xcore.a\x7cy__t38           1.478e-07
xdut.xr2.xcore.vss__t17            1.15714e-10
xdut.xr2.xcore.vddr__t17                   3.3
xdut.xr2.xcore.\$25                3.25926e-07
xdut.xr2.xcore.a\x7cy__t18         1.47877e-07
xdut.xr2.xcore.a\x7cy__t39                 3.3
xdut.xr2.xcore.vss__t16            5.52621e-10
xdut.xr2.xcore.vddr__t16                   3.3
xdut.xr2.xcore.\$22                1.42678e-07
xdut.xr2.xcore.a\x7cy__t19                 3.3
xdut.xr2.xcore.a\x7cy__t310        1.66512e-07
xdut.xr2.xcore.vss__t15            3.74173e-10
xdut.xr2.xcore.vddr__t15                   3.3
xdut.xr2.xcore.\$19                4.43851e-07
xdut.xr2.xcore.a\x7cy__t110        1.66602e-07
xdut.xr2.xcore.a\x7cy__t311                3.3
xdut.xr2.xcore.vss__t14            1.46762e-09
xdut.xr2.xcore.vddr__t14                   3.3
xdut.xr2.xcore.\$16                1.24964e-07
xdut.xr2.xcore.a\x7cy__t111                3.3
xdut.xr2.xcore.a\x7cy__t0            1.455e-07
xdut.xr2.xcore.vss__t13            5.50503e-10
xdut.xr2.xcore.vddr__t13                   3.3
xdut.xr2.xcore.\$27__t1                1.59532
xdut.xr2.xcore.vss__t2                       0
xdut.xr2.xcore.vddr__t2                3.29894
xdut.xr2.xcore.\$28                      2.874
xdut.xr2.xcore.a\x7cy__t32         0.000191397
xdut.xr2.xcore.a\x7cy__t3          1.45587e-07
xdut.xr2.xcore.\$27__t2                1.59532
xdut.xr2.xcore.\$27__t0                1.59532
xdut.xr2.xcore.en__t1                      3.3
xdut.xr2.xcore.a\x7cy__t4          3.47666e-11
xdut.xr2.xcore.vddr__t3                    3.3
xdut.xr2.xcore.vss__t3                       0
xdut.xr2.xcore.\$29                        3.3
xdut.xr2.xcore.\$30                        3.3
xdut.xr2.xcore.a\x7cy__t22                   0
xdut.xr2.xcore.a\x7cy__t23                 3.3
xdut.xr2.xcore.vddr__t12                   3.3
xdut.xr2.xcore.vss__t12                      0
xdut.xr2.xcore.\$31                        3.3
xdut.xr2.xcore.\$32                    2.92716
xdut.xr2.xcore.a\x7cy__t03                 3.3
xdut.xr2.xcore.a\x7cy__t24         1.58487e-07
xdut.xr2.xcore.vddr__t11                   3.3
xdut.xr2.xcore.vss__t11                      0
xdut.xr2.xcore.\$33                        3.3
xdut.xr2.xcore.\$34                        3.3
xdut.xr2.xcore.a\x7cy__t04         1.58402e-07
xdut.xr2.xcore.a\x7cy__t25                 3.3
xdut.xr2.xcore.vddr__t10                   3.3
xdut.xr2.xcore.vss__t10                      0
xdut.xr2.xcore.\$35                        3.3
xdut.xr2.xcore.\$36                    2.92715
xdut.xr2.xcore.a\x7cy__t05                 3.3
xdut.xr2.xcore.a\x7cy__t26         1.64714e-07
xdut.xr2.xcore.vddr__t9                    3.3
xdut.xr2.xcore.vss__t9                       0
xdut.xr2.xcore.\$37                        3.3
xdut.xr2.xcore.\$38                        3.3
xdut.xr2.xcore.a\x7cy__t06         1.64624e-07
xdut.xr2.xcore.a\x7cy__t27                 3.3
xdut.xr2.xcore.vddr__t8                    3.3
xdut.xr2.xcore.vss__t8                       0
xdut.xr2.xcore.\$39                        3.3
xdut.xr2.xcore.\$40                    2.92717
xdut.xr2.xcore.a\x7cy__t07                 3.3
xdut.xr2.xcore.a\x7cy__t28         1.47955e-07
xdut.xr2.xcore.vddr__t7                    3.3
xdut.xr2.xcore.vss__t7                       0
xdut.xr2.xcore.\$41                        3.3
xdut.xr2.xcore.\$42                        3.3
xdut.xr2.xcore.a\x7cy__t08         1.47877e-07
xdut.xr2.xcore.a\x7cy__t29                 3.3
xdut.xr2.xcore.vddr__t6                    3.3
xdut.xr2.xcore.vss__t6                       0
xdut.xr2.xcore.\$43                        3.3
xdut.xr2.xcore.\$44                    2.92715
xdut.xr2.xcore.a\x7cy__t09                 3.3
xdut.xr2.xcore.a\x7cy__t210        1.66692e-07
xdut.xr2.xcore.vddr__t5                    3.3
xdut.xr2.xcore.vss__t5                       0
xdut.xr2.xcore.\$45                        3.3
xdut.xr2.xcore.\$46                        3.3
xdut.xr2.xcore.a\x7cy__t010        1.66602e-07
xdut.xr2.xcore.a\x7cy__t211                3.3
xdut.xr2.xcore.vddr__t4                    3.3
xdut.xr2.xcore.vss__t4                       0
xdut.xr2.xcore.\$47                        3.3
xdut.xr2.xcore.\$48                    2.92717
xdut.xr2.xcore.a\x7cy__t011                3.3
xdut.xr2.xcore.a\x7cy__t1          1.45674e-07
xdut.xr2.xcore.\$27                    1.59532
xdut.rn2                           1.45587e-07
xdut.xr2.n1                                  0
xdut.xr2.n2                                3.3
xdut.xr2.n3                        1.58402e-07
xdut.xr2.n4                                3.3
xdut.xr2.n5                        1.64624e-07
xdut.xr2.n6                                3.3
xdut.xr2.n7                        1.47877e-07
xdut.xr2.n8                                3.3
xdut.xr2.n9                        1.66602e-07
xdut.xr2.n10                               3.3
xdut.xb1.vss__t0                   1.25024e-12
xdut.xb1.a__t0                     1.63377e-07
xdut.xb1.y__t0                             3.3
xdut.xb1.vdd__t0                           3.3
xdut.xb1.a__t1                     1.63377e-07
xdut.xb1.y__t1                             3.3
xdut.xb1.\$5                           3.29847
ro1                                        3.3
xdut.xb2.vss__t0                   5.96348e-13
xdut.xb2.a__t0                     1.45587e-07
xdut.xb2.y__t0                             3.3
xdut.xb2.vdd__t0                           3.3
xdut.xb2.a__t1                     1.45587e-07
xdut.xb2.y__t1                             3.3
xdut.xb2.\$5                           3.29847
ro2                                        3.3
xdut.xa1.\$2__t0                   2.23977e-08
xdut.xa1.a__t0                             3.3
xdut.xa1.vss__t0                    1.7732e-11
xdut.xa1.\$3__t3                   2.71847e-08
xdut.xa1.b__t1                             3.3
xdut.xa1.vss__t3                    1.1829e-11
xdut.xa1.y__t3                     1.23172e-07
xdut.xa1.a__t3                             3.3
xdut.xa1.\$4__t1                   6.29638e-08
xdut.xa1.\$4__t0                   6.28363e-08
xdut.xa1.b__t3                             3.3
xdut.xa1.vss__t1                   2.52403e-11
xdut.xa1.y__t2                      1.2325e-07
xdut.xa1.\$2__t1                   2.25719e-08
xdut.xa1.\$6__t1                     0.0227211
xdut.xa1.\$6__t0                     0.0227211
xdut.xa1.\$3__t2                   2.74046e-08
xdut.xa1.vss__t2                    4.2831e-12
xdut.xa1.\$2__t2                   2.26185e-08
xdut.xa1.a__t1                             3.3
xdut.xa1.vdd__t0                           3.3
xdut.xa1.\$11                          2.89855
xdut.xa1.\$3__t1                   2.74634e-08
xdut.xa1.b__t0                             3.3
xdut.xa1.vdd__t3                           3.3
xdut.xa1.\$8__t3                      0.746158
xdut.xa1.a__t2                             3.3
xdut.xa1.vdd__t1                           3.3
xdut.xa1.\$8__t2                      0.746158
xdut.xa1.b__t2                             3.3
xdut.xa1.vdd__t2                           3.3
xdut.xa1.y__t0                      1.2327e-07
xdut.xa1.\$2__t3                   2.25719e-08
xdut.xa1.\$8__t1                      0.746158
xdut.xa1.y__t1                     1.23287e-07
xdut.xa1.\$3__t0                   2.74046e-08
xdut.xa1.\$8__t0                      0.746158
xdut.xa1.\$2                       2.25719e-08
xdut.xa1.\$3                       2.74046e-08
xdut.xa1.\$4                          6.29e-08
xdut.xa1.\$6                         0.0227211
xdut.xa1.\$8                          0.746158
xo                                 1.23248e-07
q1                                 -1.0443e-15
q2                                -1.11636e-15
qt                                -5.11125e-21
vth                                       1.65
bvth#branch                                  0
vtr#branch                         5.11125e-11
vr2#branch                         1.11636e-05
vr1#branch                          1.0443e-05
ven#branch                        -2.28026e-17
vsup#branch                       -2.16066e-05

 Reference value :  0.00000e+00
 Reference value :  5.08280e-10
 Reference value :  1.01428e-09
 Reference value :  1.67928e-09
 Reference value :  2.21528e-09
 Reference value :  2.74228e-09
 Reference value :  3.26028e-09
 Reference value :  3.76128e-09
 Reference value :  4.30828e-09
 Reference value :  4.81928e-09
 Reference value :  5.35428e-09
 Reference value :  5.93628e-09
 Reference value :  6.45628e-09
 Reference value :  6.98428e-09
 Reference value :  7.50728e-09
 Reference value :  8.07228e-09
 Reference value :  8.59128e-09
 Reference value :  9.07928e-09
 Reference value :  9.57828e-09
 Reference value :  1.00673e-08
 Reference value :  1.05613e-08
 Reference value :  1.10593e-08
 Reference value :  1.15563e-08
 Reference value :  1.20693e-08
 Reference value :  1.25793e-08
 Reference value :  1.32863e-08
 Reference value :  1.38103e-08
 Reference value :  1.43243e-08
 Reference value :  1.48223e-08
 Reference value :  1.53243e-08
 Reference value :  1.58743e-08
 Reference value :  1.63873e-08
 Reference value :  1.69253e-08
 Reference value :  1.74263e-08
 Reference value :  1.79333e-08
 Reference value :  1.84473e-08
 Reference value :  1.89553e-08
 Reference value :  1.94423e-08
 Reference value :  1.99303e-08
 Reference value :  2.04523e-08
 Reference value :  2.09593e-08
 Reference value :  2.14723e-08
 Reference value :  2.19973e-08
 Reference value :  2.25073e-08
 Reference value :  2.30133e-08
 Reference value :  2.36693e-08
 Reference value :  2.41923e-08
 Reference value :  2.47603e-08
 Reference value :  2.52703e-08
 Reference value :  2.58013e-08
 Reference value :  2.63303e-08
 Reference value :  2.68593e-08
 Reference value :  2.73693e-08
 Reference value :  2.78763e-08
 Reference value :  2.83723e-08
 Reference value :  2.88633e-08
 Reference value :  2.93573e-08
 Reference value :  2.99083e-08
 Reference value :  3.03993e-08
 Reference value :  3.08923e-08
 Reference value :  3.14203e-08
 Reference value :  3.19073e-08
 Reference value :  3.24013e-08
 Reference value :  3.28953e-08
 Reference value :  3.33933e-08
 Reference value :  3.38833e-08
 Reference value :  3.44153e-08
 Reference value :  3.49233e-08
 Reference value :  3.54273e-08
 Reference value :  3.59513e-08
 Reference value :  3.64843e-08
 Reference value :  3.69893e-08
 Reference value :  3.74913e-08
 Reference value :  3.79933e-08
 Reference value :  3.85133e-08
 Reference value :  3.90163e-08
 Reference value :  3.95083e-08
 Reference value :  4.00053e-08
 Reference value :  4.05313e-08
 Reference value :  4.10273e-08
 Reference value :  4.15383e-08
 Reference value :  4.20553e-08
 Reference value :  4.25733e-08
 Reference value :  4.30843e-08
 Reference value :  4.35823e-08
 Reference value :  4.41083e-08
 Reference value :  4.46243e-08
 Reference value :  4.51183e-08
 Reference value :  4.56253e-08
 Reference value :  4.61313e-08
 Reference value :  4.66213e-08
 Reference value :  4.71223e-08
 Reference value :  4.76213e-08
 Reference value :  4.81153e-08
 Reference value :  4.86353e-08
 Reference value :  4.91313e-08
 Reference value :  4.96413e-08
 Reference value :  5.01523e-08
 Reference value :  5.06523e-08
 Reference value :  5.11553e-08
 Reference value :  5.16613e-08
 Reference value :  5.22053e-08
 Reference value :  5.27253e-08
 Reference value :  5.32373e-08
 Reference value :  5.37573e-08
 Reference value :  5.43713e-08
 Reference value :  5.49613e-08
 Reference value :  5.55433e-08
 Reference value :  5.61733e-08
 Reference value :  5.66823e-08
 Reference value :  5.72003e-08
 Reference value :  5.76983e-08
 Reference value :  5.82343e-08
 Reference value :  5.87483e-08
 Reference value :  5.93063e-08
 Reference value :  5.98373e-08
 Reference value :  6.03413e-08
 Reference value :  6.08503e-08
 Reference value :  6.14033e-08
 Reference value :  6.19263e-08
 Reference value :  6.24423e-08
 Reference value :  6.29673e-08
 Reference value :  6.34683e-08
 Reference value :  6.39683e-08
 Reference value :  6.44753e-08
 Reference value :  6.49833e-08
 Reference value :  6.54903e-08
 Reference value :  6.59973e-08
 Reference value :  6.64993e-08
 Reference value :  6.70283e-08
 Reference value :  6.75583e-08
 Reference value :  6.80543e-08
 Reference value :  6.85693e-08
 Reference value :  6.90643e-08
 Reference value :  6.95593e-08
 Reference value :  7.00523e-08
 Reference value :  7.05833e-08
 Reference value :  7.10773e-08
 Reference value :  7.15773e-08
 Reference value :  7.20673e-08
 Reference value :  7.25623e-08
 Reference value :  7.30593e-08
 Reference value :  7.36053e-08
 Reference value :  7.40973e-08
 Reference value :  7.45823e-08
 Reference value :  7.50703e-08
 Reference value :  7.55623e-08
 Reference value :  7.60513e-08
 Reference value :  7.65573e-08
 Reference value :  7.70753e-08
 Reference value :  7.75883e-08
 Reference value :  7.81023e-08
 Reference value :  7.86303e-08
 Reference value :  7.91373e-08
 Reference value :  7.96523e-08
 Reference value :  8.01593e-08
 Reference value :  8.06793e-08
 Reference value :  8.11983e-08
 Reference value :  8.16923e-08
 Reference value :  8.22223e-08
 Reference value :  8.27073e-08
 Reference value :  8.32003e-08
 Reference value :  8.37153e-08
 Reference value :  8.42113e-08
 Reference value :  8.47093e-08
 Reference value :  8.52003e-08
 Reference value :  8.57033e-08
 Reference value :  8.62153e-08
 Reference value :  8.67083e-08
 Reference value :  8.72133e-08
 Reference value :  8.77243e-08
 Reference value :  8.82243e-08
 Reference value :  8.87293e-08
 Reference value :  8.92453e-08
 Reference value :  8.97393e-08
 Reference value :  9.02333e-08
 Reference value :  9.07323e-08
 Reference value :  9.12353e-08
 Reference value :  9.17353e-08
 Reference value :  9.22323e-08
 Reference value :  9.27563e-08
 Reference value :  9.32623e-08
 Reference value :  9.37823e-08
 Reference value :  9.43173e-08
 Reference value :  9.48673e-08
 Reference value :  9.54143e-08
 Reference value :  9.60603e-08
 Reference value :  9.65563e-08
 Reference value :  9.70473e-08
 Reference value :  9.75413e-08
 Reference value :  9.80703e-08
 Reference value :  9.86103e-08
 Reference value :  9.91043e-08
 Reference value :  9.95933e-08
No. of Data Rows : 100008
t1a                 =  2.33622e-08
t1b                 =  7.07016e-08
t2a                 =  2.20864e-08
t2b                 =  6.70016e-08
c1a                 =  -4.39325e-04
c1b                 =  -1.32131e-03
c2a                 =  -4.38189e-04
c2b                 =  -1.31712e-03
m_period_r1 = 1.1834845000e-08
m_period_r2 = 1.1228777500e-08
m_f_r1 = 8.4496248155e+07
m_f_r2 = 8.9056889764e+07
m_i_r1_a = -1.863107628e-05
m_i_r2_a = -1.956866854e-05
Note: Simulation executed from .control section 

Warning: m=xx on .subckt line will override multiplier m hierarchy!

Note: Starting dynamic gmin stepping
Note: Dynamic gmin stepping completed
