
Note: Compatibility modes selected: hs a


Circuit: * sampler-dff-reset-clocked @ sf_27c_3.30v -- generated by sim/harness, do not edit

Doing analysis at TEMP = 27.000000 and TNOM = 27.000000

Using SPARSE 1.3 as Direct Linear Solver

Initial Transient Solution
--------------------------

Node                                   Voltage
----                                   -------
vdd                                        3.3
rst_n                                        0
clk                                          0
d                                          3.3
xdut.clkb                                  3.3
xdut.m                                     3.3
xdut.mb                                    3.3
xdut.mmid                              2.68895
xdut.mc                            4.11113e-08
xdut.s                                     3.3
q                                  2.03193e-08
xdut.qb                                    3.3
xdut.s2mid                           0.0144882
vth                                       1.65
bvth#branch                                  0
vd#branch                         -1.00715e-11
vclk#branch                                  0
vrst#branch                                  0
vdd#branch                        -3.88125e-11

 Reference value :  0.00000e+00
 Reference value :  1.62228e-07
 Reference value :  3.15528e-07
 Reference value :  4.70728e-07
 Reference value :  6.31520e-07
 Reference value :  7.92420e-07
 Reference value :  9.50720e-07
 Reference value :  1.10813e-06
 Reference value :  1.27133e-06
 Reference value :  1.42713e-06
 Reference value :  1.58382e-06
 Reference value :  1.74942e-06
 Reference value :  1.92242e-06
 Reference value :  2.08973e-06
 Reference value :  2.25453e-06
 Reference value :  2.42143e-06
 Reference value :  2.58462e-06
 Reference value :  2.75162e-06
 Reference value :  2.91902e-06
 Reference value :  3.08513e-06
 Reference value :  3.25263e-06
 Reference value :  3.41593e-06
 Reference value :  3.57502e-06
 Reference value :  3.73776e-06
 Reference value :  3.89746e-06
 Reference value :  4.06132e-06
 Reference value :  4.22662e-06
 Reference value :  4.38292e-06
 Reference value :  4.54029e-06
 Reference value :  4.70249e-06
 Reference value :  4.87259e-06
 Reference value :  5.03215e-06
 Reference value :  5.19815e-06
 Reference value :  5.36955e-06
 Reference value :  5.53123e-06
 Reference value :  5.69613e-06
 Reference value :  5.86453e-06
No. of Data Rows : 60178
q_rst_max           =  1.35260e-01 at=  1.50000e-06
s_rst_min           =  2.79738e+00 at=  1.00000e-06
q_rel               =  2.04337e-06
q_cap               =  3.30001e+00
mb_rst_min          =  3.14766e+00 at=  3.00000e-06
m_q_rst_max_v = 1.3526030000e-01
m_q_rst_max_frac = 4.0987969697e-02
m_s_rst_min_v = 2.7973840000e+00
m_s_rst_dev_frac = 1.5230787879e-01
m_mb_rst_min_v = 3.1476560000e+00
m_q_rel_v = 2.0433700000e-06
m_q_cap_v = 3.3000050000e+00
Note: Simulation executed from .control section 

Warning: m=xx on .subckt line will override multiplier m hierarchy!

