
Note: Compatibility modes selected: hs a


Circuit: * ro-inv-05stage-power @ ss_125c_2.97v -- generated by sim/harness, do not edit

Doing analysis at TEMP = 125.000000 and TNOM = 27.000000

Using SPARSE 1.3 as Direct Linear Solver

Initial Transient Solution
--------------------------

Node                                   Voltage
----                                   -------
vdd                                       2.97
n2                                        2.97
n1                                           0
n3                                 1.09792e-08
n4                                        2.97
n5                                 1.09792e-08
q                                  2.99952e-14
xing                                    -1.485
bxing#branch                                 0
vdd#branch                        -0.000299952

 Reference value :  8.02800e-11
 Reference value :  3.88628e-09
 Reference value :  7.88228e-09
 Reference value :  1.19953e-08
 Reference value :  1.58833e-08
 Reference value :  1.98013e-08
 Reference value :  2.36973e-08
 Reference value :  2.75443e-08
 Reference value :  3.15413e-08
 Reference value :  3.53923e-08
 Reference value :  3.92253e-08
 Reference value :  4.30143e-08
No. of Data Rows : 45008
t1                  =  2.00192e-09
t2                  =  1.75602e-08
t3                  =  3.31184e-08
q1                  =  3.87612e-04
q2                  =  3.40227e-03
q3                  =  6.41694e-03
m_period = 9.7238971875e-10
m_f_osc = 1.0283942546e+09
m_i_supply_a = 1.9376635287e-04
m_p_active_w = 5.7548606804e-04
m_e_per_cycle_j = 5.5959673584e-13
m_c_eff_node_f = 1.2687973695e-14
m_i_supply_first16_a = 1.9376631973e-04
m_i_supply_last16_a = 1.9376638602e-04
Note: Simulation executed from .control section 

Warning: m=xx on .subckt line will override multiplier m hierarchy!

