
Note: Compatibility modes selected: hs a


Circuit: * ro-array-core-power-extracted-fullchip-control @ ff_-40c_3.63v -- generated by sim/harness, do not edit

Doing analysis at TEMP = -40.000000 and TNOM = 27.000000

Using SPARSE 1.3 as Direct Linear Solver

Initial Transient Solution
--------------------------

Node                                   Voltage
----                                   -------
vsup                                      3.63
en                                        3.63
clk                                          0
rst_n                                     3.63
vddr1                                     3.63
vddr2                                     3.63
vdd                                       3.63
xdut.xr1.xcore.\$15                1.21952e-06
xdut.xr1.xcore.a\x7cy__t0                    0
xdut.xr1.xcore.a\x7cy__t02             3.62999
vsubs                                 0.568044
xdut.xr1.xcore.vddr__t0                   3.63
xdut.xr1.xcore.vss__t0             5.98632e-09
xdut.xr1.xcore.\$17                1.50372e-07
xdut.xr1.xcore.a\x7cy__t32             3.62999
xdut.xr1.xcore.a\x7cy__t13         1.76788e-07
xdut.xr1.xcore.vddr__t21                  3.63
xdut.xr1.xcore.vss__t21             6.4232e-10
xdut.xr1.xcore.\$18                1.21651e-06
xdut.xr1.xcore.a\x7cy__t33         1.76907e-07
xdut.xr1.xcore.a\x7cy__t14             3.62999
xdut.xr1.xcore.vddr__t20                  3.63
xdut.xr1.xcore.vss__t20            2.97495e-09
xdut.xr1.xcore.\$20                1.49941e-07
xdut.xr1.xcore.a\x7cy__t34             3.62999
xdut.xr1.xcore.a\x7cy__t15         1.76357e-07
xdut.xr1.xcore.vddr__t19                  3.63
xdut.xr1.xcore.vss__t19            2.11255e-10
xdut.xr1.xcore.\$21                1.21373e-06
xdut.xr1.xcore.a\x7cy__t35         1.76476e-07
xdut.xr1.xcore.a\x7cy__t16             3.62999
xdut.xr1.xcore.vddr__t18                  3.63
xdut.xr1.xcore.vss__t18            1.86386e-10
xdut.xr1.xcore.\$22                1.49954e-07
xdut.xr1.xcore.a\x7cy__t36             3.62999
xdut.xr1.xcore.a\x7cy__t17          1.7637e-07
xdut.xr1.xcore.vddr__t17                  3.63
xdut.xr1.xcore.vss__t17             2.2399e-10
xdut.xr1.xcore.\$24                 1.2166e-06
xdut.xr1.xcore.a\x7cy__t37         1.76489e-07
xdut.xr1.xcore.a\x7cy__t18             3.62999
xdut.xr1.xcore.vddr__t16                  3.63
xdut.xr1.xcore.vss__t16            3.06425e-09
xdut.xr1.xcore.\$23                1.50385e-07
xdut.xr1.xcore.a\x7cy__t38             3.62999
xdut.xr1.xcore.a\x7cy__t19         1.76801e-07
xdut.xr1.xcore.vddr__t15                  3.63
xdut.xr1.xcore.vss__t15            6.55137e-10
xdut.xr1.xcore.\$19                1.21962e-06
xdut.xr1.xcore.a\x7cy__t39          1.7692e-07
xdut.xr1.xcore.a\x7cy__t110            3.62999
xdut.xr1.xcore.vddr__t14                  3.63
xdut.xr1.xcore.vss__t14            6.07577e-09
xdut.xr1.xcore.\$16                1.50817e-07
xdut.xr1.xcore.a\x7cy__t310            3.62999
xdut.xr1.xcore.a\x7cy__t311        1.77233e-07
xdut.xr1.xcore.vddr__t13                  3.63
xdut.xr1.xcore.vss__t13            1.08707e-09
xdut.xr1.xcore.vss__t1             6.03711e-10
xdut.xr1.xcore.vddr__t1                   3.63
xdut.xr1.xcore.\$14                7.30895e-08
xdut.xr1.xcore.\$13                7.77338e-08
xdut.xr1.xcore.a\x7cy__t011         1.7737e-07
xdut.xr1.xcore.a\x7cy__t1          2.57679e-11
xdut.xr1.xcore.en__t0                     3.63
xdut.xr1.xcore.\$27__t1                1.62209
xdut.xr1.xcore.vss__t2                       0
xdut.xr1.xcore.vddr__t2                3.62812
xdut.xr1.xcore.\$28                    3.01637
xdut.xr1.xcore.a\x7cy__t3          0.000341207
xdut.xr1.xcore.a\x7cy__t111         1.7737e-07
xdut.xr1.xcore.\$27__t2                1.62208
xdut.xr1.xcore.\$27__t0                1.62208
xdut.xr1.xcore.en__t1                     3.63
xdut.xr1.xcore.a\x7cy__t4          3.76794e-11
xdut.xr1.xcore.vddr__t3                   3.63
xdut.xr1.xcore.vss__t3                       0
xdut.xr1.xcore.\$29                       3.63
xdut.xr1.xcore.\$30                       3.63
xdut.xr1.xcore.a\x7cy__t2                    0
xdut.xr1.xcore.a\x7cy__t12             3.62999
xdut.xr1.xcore.vddr__t12                  3.63
xdut.xr1.xcore.vss__t12                      0
xdut.xr1.xcore.\$31                       3.63
xdut.xr1.xcore.\$32                    3.06386
xdut.xr1.xcore.a\x7cy__t22             3.62999
xdut.xr1.xcore.a\x7cy__t03         1.77027e-07
xdut.xr1.xcore.vddr__t11                  3.63
xdut.xr1.xcore.vss__t11                      0
xdut.xr1.xcore.\$33                       3.63
xdut.xr1.xcore.\$34                       3.63
xdut.xr1.xcore.a\x7cy__t23         1.76907e-07
xdut.xr1.xcore.a\x7cy__t04             3.62999
xdut.xr1.xcore.vddr__t10                  3.63
xdut.xr1.xcore.vss__t10                      0
xdut.xr1.xcore.\$35                       3.63
xdut.xr1.xcore.\$36                    3.06386
xdut.xr1.xcore.a\x7cy__t24             3.62999
xdut.xr1.xcore.a\x7cy__t05         1.76596e-07
xdut.xr1.xcore.vddr__t9                   3.63
xdut.xr1.xcore.vss__t9                       0
xdut.xr1.xcore.\$37                       3.63
xdut.xr1.xcore.\$38                       3.63
xdut.xr1.xcore.a\x7cy__t25         1.76476e-07
xdut.xr1.xcore.a\x7cy__t06             3.62999
xdut.xr1.xcore.vddr__t8                   3.63
xdut.xr1.xcore.vss__t8                       0
xdut.xr1.xcore.\$39                       3.63
xdut.xr1.xcore.\$40                    3.06386
xdut.xr1.xcore.a\x7cy__t26             3.62999
xdut.xr1.xcore.a\x7cy__t07         1.76608e-07
xdut.xr1.xcore.vddr__t7                   3.63
xdut.xr1.xcore.vss__t7                       0
xdut.xr1.xcore.\$41                       3.63
xdut.xr1.xcore.\$42                       3.63
xdut.xr1.xcore.a\x7cy__t27         1.76489e-07
xdut.xr1.xcore.a\x7cy__t08             3.62999
xdut.xr1.xcore.vddr__t6                   3.63
xdut.xr1.xcore.vss__t6                       0
xdut.xr1.xcore.\$43                       3.63
xdut.xr1.xcore.\$44                    3.06386
xdut.xr1.xcore.a\x7cy__t28             3.62999
xdut.xr1.xcore.a\x7cy__t09          1.7704e-07
xdut.xr1.xcore.vddr__t5                   3.63
xdut.xr1.xcore.vss__t5                       0
xdut.xr1.xcore.\$45                       3.63
xdut.xr1.xcore.\$46                       3.63
xdut.xr1.xcore.a\x7cy__t29          1.7692e-07
xdut.xr1.xcore.a\x7cy__t010            3.62999
xdut.xr1.xcore.vddr__t4                   3.63
xdut.xr1.xcore.vss__t4                       0
xdut.xr1.xcore.\$47                       3.63
xdut.xr1.xcore.\$48                    3.06386
xdut.xr1.xcore.a\x7cy__t210            3.62999
xdut.xr1.xcore.a\x7cy__t211        1.77508e-07
xdut.xr1.xcore.\$27                    1.62208
xdut.xr1.n1                                  0
xdut.xr1.n2                            3.62999
xdut.xr1.n3                        1.76907e-07
xdut.xr1.n4                            3.62999
xdut.xr1.n5                        1.76476e-07
xdut.xr1.n6                            3.62999
xdut.xr1.n7                        1.76489e-07
xdut.xr1.n8                            3.62999
xdut.xr1.n9                         1.7692e-07
xdut.xr1.n10                           3.62999
xdut.rn1                            1.7737e-07
xdut.xr2.xcore.vss__t0             6.08844e-10
xdut.xr2.xcore.vddr__t0                   3.63
xdut.xr2.xcore.\$15                6.80078e-08
xdut.xr2.xcore.\$14                7.26521e-08
xdut.xr2.xcore.a\x7cy__t2          1.71027e-07
xdut.xr2.xcore.a\x7cy__t02         2.57679e-11
xdut.xr2.xcore.en__t0                     3.63
xdut.xr2.xcore.\$17                1.14044e-06
xdut.xr2.xcore.a\x7cy__t12                   0
xdut.xr2.xcore.a\x7cy__t33                3.63
xdut.xr2.xcore.vss__t1             6.07366e-09
xdut.xr2.xcore.vddr__t1                   3.63
xdut.xr2.xcore.\$18                1.43975e-07
xdut.xr2.xcore.a\x7cy__t13                3.63
xdut.xr2.xcore.a\x7cy__t34          1.7043e-07
xdut.xr2.xcore.vss__t21            6.64053e-10
xdut.xr2.xcore.vddr__t21                  3.63
xdut.xr2.xcore.\$20                1.13739e-06
xdut.xr2.xcore.a\x7cy__t14         1.70549e-07
xdut.xr2.xcore.a\x7cy__t35                3.63
xdut.xr2.xcore.vss__t20            3.01836e-09
xdut.xr2.xcore.vddr__t20                  3.63
xdut.xr2.xcore.\$21                 1.4353e-07
xdut.xr2.xcore.a\x7cy__t15                3.63
xdut.xr2.xcore.a\x7cy__t36         1.69984e-07
xdut.xr2.xcore.vss__t19            2.18403e-10
xdut.xr2.xcore.vddr__t19                  3.63
xdut.xr2.xcore.\$23                1.13456e-06
xdut.xr2.xcore.a\x7cy__t16         1.70104e-07
xdut.xr2.xcore.a\x7cy__t37                3.63
xdut.xr2.xcore.vss__t18            1.89106e-10
xdut.xr2.xcore.vddr__t18                  3.63
xdut.xr2.xcore.\$24                1.43543e-07
xdut.xr2.xcore.a\x7cy__t17                3.63
xdut.xr2.xcore.a\x7cy__t38         1.69997e-07
xdut.xr2.xcore.vss__t17            2.31569e-10
xdut.xr2.xcore.vddr__t17                  3.63
xdut.xr2.xcore.\$25                1.13748e-06
xdut.xr2.xcore.a\x7cy__t18         1.70117e-07
xdut.xr2.xcore.a\x7cy__t39                3.63
xdut.xr2.xcore.vss__t16            3.10896e-09
xdut.xr2.xcore.vddr__t16                  3.63
xdut.xr2.xcore.\$22                1.43988e-07
xdut.xr2.xcore.a\x7cy__t19                3.63
xdut.xr2.xcore.a\x7cy__t310        1.70443e-07
xdut.xr2.xcore.vss__t15            6.77303e-10
xdut.xr2.xcore.vddr__t15                  3.63
xdut.xr2.xcore.\$19                1.14054e-06
xdut.xr2.xcore.a\x7cy__t110        1.70563e-07
xdut.xr2.xcore.a\x7cy__t311               3.63
xdut.xr2.xcore.vss__t14            6.16443e-09
xdut.xr2.xcore.vddr__t14                  3.63
xdut.xr2.xcore.\$16                1.44435e-07
xdut.xr2.xcore.a\x7cy__t111               3.63
xdut.xr2.xcore.a\x7cy__t0           1.7089e-07
xdut.xr2.xcore.vss__t13            1.12385e-09
xdut.xr2.xcore.vddr__t13                  3.63
xdut.xr2.xcore.\$27__t1                 1.6431
xdut.xr2.xcore.vss__t2                       0
xdut.xr2.xcore.vddr__t2                3.62801
xdut.xr2.xcore.\$28                    3.01621
xdut.xr2.xcore.a\x7cy__t32         0.000360696
xdut.xr2.xcore.a\x7cy__t3          1.71027e-07
xdut.xr2.xcore.\$27__t2                1.64308
xdut.xr2.xcore.\$27__t0                1.64309
xdut.xr2.xcore.en__t1                     3.63
xdut.xr2.xcore.a\x7cy__t4          3.76774e-11
xdut.xr2.xcore.vddr__t3                   3.63
xdut.xr2.xcore.vss__t3                       0
xdut.xr2.xcore.\$29                       3.63
xdut.xr2.xcore.\$30                       3.63
xdut.xr2.xcore.a\x7cy__t22                   0
xdut.xr2.xcore.a\x7cy__t23                3.63
xdut.xr2.xcore.vddr__t12                  3.63
xdut.xr2.xcore.vss__t12                      0
xdut.xr2.xcore.\$31                       3.63
xdut.xr2.xcore.\$32                    3.06364
xdut.xr2.xcore.a\x7cy__t03                3.63
xdut.xr2.xcore.a\x7cy__t24         1.70669e-07
xdut.xr2.xcore.vddr__t11                  3.63
xdut.xr2.xcore.vss__t11                      0
xdut.xr2.xcore.\$33                       3.63
xdut.xr2.xcore.\$34                       3.63
xdut.xr2.xcore.a\x7cy__t04         1.70549e-07
xdut.xr2.xcore.a\x7cy__t25                3.63
xdut.xr2.xcore.vddr__t10                  3.63
xdut.xr2.xcore.vss__t10                      0
xdut.xr2.xcore.\$35                       3.63
xdut.xr2.xcore.\$36                    3.06364
xdut.xr2.xcore.a\x7cy__t05                3.63
xdut.xr2.xcore.a\x7cy__t26         1.70223e-07
xdut.xr2.xcore.vddr__t9                   3.63
xdut.xr2.xcore.vss__t9                       0
xdut.xr2.xcore.\$37                       3.63
xdut.xr2.xcore.\$38                       3.63
xdut.xr2.xcore.a\x7cy__t06         1.70104e-07
xdut.xr2.xcore.a\x7cy__t27                3.63
xdut.xr2.xcore.vddr__t8                   3.63
xdut.xr2.xcore.vss__t8                       0
xdut.xr2.xcore.\$39                       3.63
xdut.xr2.xcore.\$40                    3.06364
xdut.xr2.xcore.a\x7cy__t07                3.63
xdut.xr2.xcore.a\x7cy__t28         1.70237e-07
xdut.xr2.xcore.vddr__t7                   3.63
xdut.xr2.xcore.vss__t7                       0
xdut.xr2.xcore.\$41                       3.63
xdut.xr2.xcore.\$42                       3.63
xdut.xr2.xcore.a\x7cy__t08         1.70117e-07
xdut.xr2.xcore.a\x7cy__t29                3.63
xdut.xr2.xcore.vddr__t6                   3.63
xdut.xr2.xcore.vss__t6                       0
xdut.xr2.xcore.\$43                       3.63
xdut.xr2.xcore.\$44                    3.06364
xdut.xr2.xcore.a\x7cy__t09                3.63
xdut.xr2.xcore.a\x7cy__t210        1.70682e-07
xdut.xr2.xcore.vddr__t5                   3.63
xdut.xr2.xcore.vss__t5                       0
xdut.xr2.xcore.\$45                       3.63
xdut.xr2.xcore.\$46                       3.63
xdut.xr2.xcore.a\x7cy__t010        1.70563e-07
xdut.xr2.xcore.a\x7cy__t211               3.63
xdut.xr2.xcore.vddr__t4                   3.63
xdut.xr2.xcore.vss__t4                       0
xdut.xr2.xcore.\$47                       3.63
xdut.xr2.xcore.\$48                    3.06364
xdut.xr2.xcore.a\x7cy__t011               3.63
xdut.xr2.xcore.a\x7cy__t1          1.71165e-07
xdut.xr2.xcore.\$27                    1.64309
xdut.rn2                           1.71027e-07
xdut.xr2.n1                                  0
xdut.xr2.n2                               3.63
xdut.xr2.n3                        1.70549e-07
xdut.xr2.n4                               3.63
xdut.xr2.n5                        1.70104e-07
xdut.xr2.n6                               3.63
xdut.xr2.n7                        1.70117e-07
xdut.xr2.n8                               3.63
xdut.xr2.n9                        1.70563e-07
xdut.xr2.n10                              3.63
xdut.xcs.xcore.vss__t0             1.10642e-09
xdut.xcs.xcore.a__t0                1.7737e-07
xdut.xcs.xcore.a\x7cd\x7cy__t0            3.63
xdut.xcs.xcore.vss__t25            1.03137e-09
xdut.xcs.xcore.a__t12              1.71027e-07
xdut.xcs.xcore.b\x7cd\x7cy__t7            3.63
xdut.xcs.xcore.d\x7cy__t1          2.15046e-07
xdut.xcs.xcore.a\x7cd\x7cy__t3            3.63
xdut.xcs.xcore.\$6__t0             1.11938e-07
xdut.xcs.xcore.\$6__t1             1.11628e-07
xdut.xcs.xcore.b\x7cd\x7cy__t4            3.63
xdut.xcs.xcore.vss__t4             6.45643e-10
xdut.xcs.xcore.d\x7cy__t0          2.15676e-07
xdut.xcs.xcore.\$4__t2             3.42126e-08
xdut.xcs.xcore.\$8__t1                0.029231
xdut.xcs.xcore.\$8__t0                0.029231
xdut.xcs.xcore.\$5__t2             3.42114e-08
xdut.xcs.xcore.vss__t3             3.11924e-11
xdut.xcs.xcore.\$46__t1                   3.63
xdut.xcs.xcore.\$11__t3            2.53981e-07
xdut.xcs.xcore.\$16__t1            9.24219e-08
xdut.xcs.xcore.\$16__t0             9.2144e-08
xdut.xcs.xcore.rst_n__t8                  3.63
xdut.xcs.xcore.vss__t2             2.76534e-10
xdut.xcs.xcore.\$15__t0            4.65691e-07
xdut.xcs.xcore.q__t3                      3.63
xdut.xcs.xcore.\$17__t1            2.37521e-07
xdut.xcs.xcore.\$17__t0            2.36673e-07
xdut.xcs.xcore.rst_n__t11                 3.63
xdut.xcs.xcore.vss__t7             6.28327e-10
xdut.xcs.xcore.\$48__t1            8.98994e-08
xdut.xcs.xcore.\$20__t3                   3.63
xdut.xcs.xcore.\$25__t1            4.89716e-08
xdut.xcs.xcore.\$25__t0            4.88298e-08
xdut.xcs.xcore.rst_n__t10                 3.63
xdut.xcs.xcore.vss__t6             2.72059e-11
xdut.xcs.xcore.\$24__t0            1.35774e-07
xdut.xcs.xcore.q__t32                     3.63
xdut.xcs.xcore.\$26__t1            7.19777e-08
xdut.xcs.xcore.\$26__t0            7.17303e-08
xdut.xcs.xcore.rst_n__t9                  3.63
xdut.xcs.xcore.vss__t5             5.92807e-11
xdut.xcs.xcore.\$49__t1            3.95893e-07
xdut.xcs.xcore.\$28__t3                   3.63
xdut.xcs.xcore.\$33__t1            2.02598e-07
xdut.xcs.xcore.\$33__t0            2.01974e-07
xdut.xcs.xcore.rst_n__t15                 3.63
xdut.xcs.xcore.vss__t11            8.03635e-10
xdut.xcs.xcore.\$32__t0                   3.63
xdut.xcs.xcore.q__t33              2.32856e-08
xdut.xcs.xcore.\$34__t1            9.25891e-08
xdut.xcs.xcore.\$34__t0             9.2268e-08
xdut.xcs.xcore.rst_n__t14                 3.63
xdut.xcs.xcore.vss__t10            4.01066e-10
xdut.xcs.xcore.\$50__t1            9.02586e-08
xdut.xcs.xcore.\$36__t3                   3.63
xdut.xcs.xcore.\$41__t1            4.93305e-08
xdut.xcs.xcore.\$41__t0            4.91888e-08
xdut.xcs.xcore.rst_n__t13                 3.63
xdut.xcs.xcore.vss__t9             3.86077e-10
xdut.xcs.xcore.\$40__t0            1.36289e-07
xdut.xcs.xcore.q__t34                     3.63
xdut.xcs.xcore.\$42__t1            7.24922e-08
xdut.xcs.xcore.\$42__t0            7.22448e-08
xdut.xcs.xcore.rst_n__t12                 3.63
xdut.xcs.xcore.vss__t8              5.7376e-10
xdut.xcs.xcore.\$4__t0             3.38798e-08
xdut.xcs.xcore.a\x7cd\x7cy__t2            3.63
xdut.xcs.xcore.vss__t1             1.48562e-10
xdut.xcs.xcore.\$5__t1             3.38765e-08
xdut.xcs.xcore.b\x7cd\x7cy__t5            3.63
xdut.xcs.xcore.vss__t24            1.45253e-10
xdut.xcs.xcore.\$10__t3                   3.63
xdut.xcs.xcore.clk__t12                      0
xdut.xcs.xcore.vss__t12            6.32518e-10
xdut.xcs.xcore.d\x7cy__t3          2.15714e-07
xdut.xcs.xcore.\$10__t5                   3.63
xdut.xcs.xcore.\$11__t5            2.53717e-07
xdut.xcs.xcore.\$12__t2            4.90305e-08
xdut.xcs.xcore.\$46__t6                   3.63
xdut.xcs.xcore.vss__t13            1.25153e-10
xdut.xcs.xcore.\$12__t3            4.91056e-08
xdut.xcs.xcore.clk__t13                      0
xdut.xcs.xcore.\$11__t4            2.54024e-07
xdut.xcs.xcore.\$46__t5                   3.63
xdut.xcs.xcore.clk__t14                      0
xdut.xcs.xcore.\$13__t4            7.74476e-07
xdut.xcs.xcore.q__t2                      3.63
xdut.xcs.xcore.\$13__t3            7.72657e-07
xdut.xcs.xcore.vss__t14            5.25411e-10
xdut.xcs.xcore.\$15__t4            4.66914e-07
xdut.xcs.xcore.\$10__t4                   3.63
xdut.xcs.xcore.\$13__t5            7.71093e-07
xdut.xcs.xcore.\$19__t3                   3.63
xdut.xcs.xcore.clk__t15                      0
xdut.xcs.xcore.vss__t15             8.8982e-11
xdut.xcs.xcore.d\x7cvdd__t34              3.63
xdut.xcs.xcore.\$19__t4                   3.63
xdut.xcs.xcore.\$20__t4                   3.63
xdut.xcs.xcore.\$21__t2                   3.63
xdut.xcs.xcore.\$48__t6            9.01128e-08
xdut.xcs.xcore.vss__t16            4.61363e-11
xdut.xcs.xcore.\$21__t3                   3.63
xdut.xcs.xcore.clk__t16                      0
xdut.xcs.xcore.\$20__t5                   3.63
xdut.xcs.xcore.\$48__t5            9.01557e-08
xdut.xcs.xcore.clk__t17                      0
xdut.xcs.xcore.\$22__t4            1.74312e-07
xdut.xcs.xcore.q__t22                     3.63
xdut.xcs.xcore.\$22__t3            1.74265e-07
xdut.xcs.xcore.vss__t17             1.8146e-11
xdut.xcs.xcore.\$24__t4            1.36018e-07
xdut.xcs.xcore.\$19__t5                   3.63
xdut.xcs.xcore.\$22__t5              1.741e-07
xdut.xcs.xcore.\$27__t3                   3.63
xdut.xcs.xcore.clk__t18                      0
xdut.xcs.xcore.vss__t18            4.54557e-10
xdut.xcs.xcore.a\x7cd\x7cy__t7            3.63
xdut.xcs.xcore.\$27__t4                   3.63
xdut.xcs.xcore.\$28__t4                   3.63
xdut.xcs.xcore.\$29__t2                   3.63
xdut.xcs.xcore.\$49__t6            3.96986e-07
xdut.xcs.xcore.vss__t19             4.9741e-10
xdut.xcs.xcore.\$29__t3                   3.63
xdut.xcs.xcore.clk__t19                      0
xdut.xcs.xcore.\$28__t5                   3.63
xdut.xcs.xcore.\$49__t5            3.98633e-07
xdut.xcs.xcore.clk__t20                      0
xdut.xcs.xcore.\$30__t4                   3.63
xdut.xcs.xcore.q__t23               2.3116e-08
xdut.xcs.xcore.\$30__t3                   3.63
xdut.xcs.xcore.vss__t20            6.39149e-11
xdut.xcs.xcore.\$32__t4                   3.63
xdut.xcs.xcore.\$27__t5                   3.63
xdut.xcs.xcore.\$30__t5                   3.63
xdut.xcs.xcore.\$35__t3                   3.63
xdut.xcs.xcore.clk__t21                      0
xdut.xcs.xcore.vss__t21            9.98094e-10
xdut.xcs.xcore.b\x7cd\x7cy__t3            3.63
xdut.xcs.xcore.\$35__t4                   3.63
xdut.xcs.xcore.\$36__t4                   3.63
xdut.xcs.xcore.\$37__t2                   3.63
xdut.xcs.xcore.\$50__t6            9.04719e-08
xdut.xcs.xcore.vss__t22            1.04094e-09
xdut.xcs.xcore.\$37__t3                   3.63
xdut.xcs.xcore.clk__t22                      0
xdut.xcs.xcore.\$36__t5                   3.63
xdut.xcs.xcore.\$50__t5            9.05148e-08
xdut.xcs.xcore.clk__t23                      0
xdut.xcs.xcore.\$38__t4            1.74827e-07
xdut.xcs.xcore.q__t24                     3.63
xdut.xcs.xcore.\$38__t3            1.74779e-07
xdut.xcs.xcore.vss__t23            1.10522e-09
xdut.xcs.xcore.\$40__t4            1.36532e-07
xdut.xcs.xcore.\$35__t5                   3.63
xdut.xcs.xcore.\$38__t5            1.74615e-07
xdut.xcs.xcore.\$9__t0                0.773661
xdut.xcs.xcore.a\x7cd\x7cy__t1            3.63
xdut.xcs.xcore.d\x7cvdd__t0               3.63
xdut.xcs.xcore.\$53                    3.03697
xdut.xcs.xcore.\$9__t1                0.773661
xdut.xcs.xcore.b\x7cd\x7cy__t6            3.63
xdut.xcs.xcore.d\x7cvdd__t35              3.63
xdut.xcs.xcore.d\x7cy__t5           2.1567e-07
xdut.xcs.xcore.\$4__t3             3.42126e-08
xdut.xcs.xcore.\$9__t3                0.773661
xdut.xcs.xcore.d\x7cy__t4          2.15653e-07
xdut.xcs.xcore.\$5__t3             3.42114e-08
xdut.xcs.xcore.\$9__t2                0.773661
xdut.xcs.xcore.\$4__t1             3.43015e-08
xdut.xcs.xcore.a\x7cd\x7cy__t4            3.63
xdut.xcs.xcore.d\x7cvdd__t1               3.63
xdut.xcs.xcore.\$5__t0             3.43009e-08
xdut.xcs.xcore.b\x7cd\x7cy__t1            3.63
xdut.xcs.xcore.d\x7cvdd__t4               3.63
xdut.xcs.xcore.\$10__t2                   3.63
xdut.xcs.xcore.clk__t10                      0
xdut.xcs.xcore.d\x7cvdd__t31              3.63
xdut.xcs.xcore.\$54                     3.0514
xdut.xcs.xcore.d\x7cy__t2          2.15716e-07
xdut.xcs.xcore.clk__t9                       0
xdut.xcs.xcore.\$11__t2            2.54028e-07
xdut.xcs.xcore.\$46__t4                   3.63
xdut.xcs.xcore.\$11__t0            2.53981e-07
xdut.xcs.xcore.d\x7cvdd__t30              3.63
xdut.xcs.xcore.\$46__t3                   3.63
xdut.xcs.xcore.rst_n__t7                  3.63
xdut.xcs.xcore.d\x7cvdd__t29              3.63
xdut.xcs.xcore.\$12__t1            4.91273e-08
xdut.xcs.xcore.\$46__t0                   3.63
xdut.xcs.xcore.d\x7cvdd__t28              3.63
xdut.xcs.xcore.\$12__t0            4.91158e-08
xdut.xcs.xcore.\$10__t1                   3.63
xdut.xcs.xcore.\$11__t1            2.54081e-07
xdut.xcs.xcore.\$46__t2                   3.63
xdut.xcs.xcore.\$10__t0                   3.63
xdut.xcs.xcore.\$13__t2            7.72764e-07
xdut.xcs.xcore.q__t1                      3.63
xdut.xcs.xcore.\$13__t0            7.72657e-07
xdut.xcs.xcore.d\x7cvdd__t27              3.63
xdut.xcs.xcore.\$15__t3            4.66262e-07
xdut.xcs.xcore.q__t0                      3.63
xdut.xcs.xcore.d\x7cvdd__t26              3.63
xdut.xcs.xcore.\$15__t2            4.66267e-07
xdut.xcs.xcore.rst_n__t6                  3.63
xdut.xcs.xcore.d\x7cvdd__t25              3.63
xdut.xcs.xcore.\$15__t1            4.66256e-07
xdut.xcs.xcore.clk__t8                       0
xdut.xcs.xcore.\$13__t1            7.72753e-07
xdut.xcs.xcore.\$19__t2                   3.63
xdut.xcs.xcore.clk__t7                       0
xdut.xcs.xcore.d\x7cvdd__t24              3.63
xdut.xcs.xcore.\$55                    3.06135
xdut.xcs.xcore.d\x7cvdd__t33              3.63
xdut.xcs.xcore.clk__t11                      0
xdut.xcs.xcore.\$20__t2                   3.63
xdut.xcs.xcore.\$48__t4            9.01723e-08
xdut.xcs.xcore.\$20__t0                   3.63
xdut.xcs.xcore.d\x7cvdd__t32              3.63
xdut.xcs.xcore.\$48__t2            9.01914e-08
xdut.xcs.xcore.rst_n__t0                  3.63
xdut.xcs.xcore.d\x7cvdd__t5               3.63
xdut.xcs.xcore.\$21__t0                   3.63
xdut.xcs.xcore.\$48__t0            9.01128e-08
xdut.xcs.xcore.d\x7cvdd__t6               3.63
xdut.xcs.xcore.\$21__t1                   3.63
xdut.xcs.xcore.\$19__t0                   3.63
xdut.xcs.xcore.\$20__t1                   3.63
xdut.xcs.xcore.\$48__t3            9.01944e-08
xdut.xcs.xcore.\$19__t1                   3.63
xdut.xcs.xcore.\$22__t1            1.74323e-07
xdut.xcs.xcore.q__t12                     3.63
xdut.xcs.xcore.\$22__t0            1.74265e-07
xdut.xcs.xcore.d\x7cvdd__t7               3.63
xdut.xcs.xcore.\$24__t1            1.35941e-07
xdut.xcs.xcore.q__t02                     3.63
xdut.xcs.xcore.d\x7cvdd__t8               3.63
xdut.xcs.xcore.\$24__t2            1.35946e-07
xdut.xcs.xcore.rst_n__t1                  3.63
xdut.xcs.xcore.d\x7cvdd__t9               3.63
xdut.xcs.xcore.\$24__t3            1.35938e-07
xdut.xcs.xcore.clk__t0                       0
xdut.xcs.xcore.\$22__t2            1.74361e-07
xdut.xcs.xcore.\$27__t2                   3.63
xdut.xcs.xcore.clk__t1                       0
xdut.xcs.xcore.d\x7cvdd__t10              3.63
xdut.xcs.xcore.\$56                    3.09926
xdut.xcs.xcore.a\x7cd\x7cy__t6            3.63
xdut.xcs.xcore.clk__t2                       0
xdut.xcs.xcore.\$28__t1                   3.63
xdut.xcs.xcore.\$49__t2            3.97032e-07
xdut.xcs.xcore.\$28__t0                   3.63
xdut.xcs.xcore.d\x7cvdd__t11              3.63
xdut.xcs.xcore.\$49__t3            3.97047e-07
xdut.xcs.xcore.rst_n__t2                  3.63
xdut.xcs.xcore.d\x7cvdd__t12              3.63
xdut.xcs.xcore.\$29__t0                   3.63
xdut.xcs.xcore.\$49__t0            3.96986e-07
xdut.xcs.xcore.d\x7cvdd__t13              3.63
xdut.xcs.xcore.\$29__t1                   3.63
xdut.xcs.xcore.\$27__t0                   3.63
xdut.xcs.xcore.\$28__t2                   3.63
xdut.xcs.xcore.\$49__t4            3.97092e-07
xdut.xcs.xcore.\$27__t1                   3.63
xdut.xcs.xcore.\$30__t1                   3.63
xdut.xcs.xcore.q__t13              2.34036e-08
xdut.xcs.xcore.\$30__t0                   3.63
xdut.xcs.xcore.d\x7cvdd__t14              3.63
xdut.xcs.xcore.\$32__t1                   3.63
xdut.xcs.xcore.q__t03              2.32856e-08
xdut.xcs.xcore.d\x7cvdd__t15              3.63
xdut.xcs.xcore.\$32__t2                   3.63
xdut.xcs.xcore.rst_n__t3                  3.63
xdut.xcs.xcore.d\x7cvdd__t16              3.63
xdut.xcs.xcore.\$32__t3                   3.63
xdut.xcs.xcore.clk__t3                       0
xdut.xcs.xcore.\$30__t2                   3.63
xdut.xcs.xcore.\$35__t2                   3.63
xdut.xcs.xcore.clk__t4                       0
xdut.xcs.xcore.d\x7cvdd__t17              3.63
xdut.xcs.xcore.\$57                    3.06135
xdut.xcs.xcore.b\x7cd\x7cy__t2            3.63
xdut.xcs.xcore.clk__t5                       0
xdut.xcs.xcore.\$36__t1                   3.63
xdut.xcs.xcore.\$50__t2            9.05314e-08
xdut.xcs.xcore.\$36__t0                   3.63
xdut.xcs.xcore.d\x7cvdd__t18              3.63
xdut.xcs.xcore.\$50__t3            9.05505e-08
xdut.xcs.xcore.rst_n__t4                  3.63
xdut.xcs.xcore.d\x7cvdd__t19              3.63
xdut.xcs.xcore.\$37__t0                   3.63
xdut.xcs.xcore.\$50__t0            9.04719e-08
xdut.xcs.xcore.d\x7cvdd__t20              3.63
xdut.xcs.xcore.\$37__t1                   3.63
xdut.xcs.xcore.\$35__t0                   3.63
xdut.xcs.xcore.\$36__t2                   3.63
xdut.xcs.xcore.\$50__t4            9.05535e-08
xdut.xcs.xcore.\$35__t1                   3.63
xdut.xcs.xcore.\$38__t1            1.74838e-07
xdut.xcs.xcore.q__t14                     3.63
xdut.xcs.xcore.\$38__t0            1.74779e-07
xdut.xcs.xcore.d\x7cvdd__t21              3.63
xdut.xcs.xcore.\$40__t1            1.36456e-07
xdut.xcs.xcore.q__t04                     3.63
xdut.xcs.xcore.d\x7cvdd__t22              3.63
xdut.xcs.xcore.\$40__t2             1.3646e-07
xdut.xcs.xcore.rst_n__t5                  3.63
xdut.xcs.xcore.d\x7cvdd__t23              3.63
xdut.xcs.xcore.\$40__t3            1.36452e-07
xdut.xcs.xcore.clk__t6                       0
xdut.xcs.xcore.\$38__t2            1.74876e-07
xdut.xcs.xcore.d\x7cvdd__t2               3.63
xdut.xcs.xcore.a__t1                1.7737e-07
xdut.xcs.xcore.a\x7cd\x7cy__t5            3.63
xdut.xcs.xcore.\$51                       3.63
xdut.xcs.xcore.d\x7cvdd__t3               3.63
xdut.xcs.xcore.a__t02              1.71027e-07
xdut.xcs.xcore.b\x7cd\x7cy__t0            3.63
xdut.xcs.xcore.\$52                       3.63
xdut.xcs.xcore.\$10                       3.63
xdut.xcs.xcore.\$11                2.53981e-07
xdut.xcs.xcore.\$12                4.90964e-08
xdut.xcs.xcore.\$13                7.72657e-07
xdut.xcs.xcore.\$15                4.66239e-07
xdut.xcs.xcore.\$16                 9.2283e-08
xdut.xcs.xcore.\$17                2.37097e-07
xdut.xcs.xcore.\$19                       3.63
xdut.xcs.xcore.\$20                       3.63
xdut.xcs.xcore.\$21                       3.63
xdut.xcs.xcore.\$22                1.74265e-07
xdut.xcs.xcore.\$24                 1.3592e-07
xdut.xcs.xcore.\$25                4.89007e-08
xdut.xcs.xcore.\$26                 7.1854e-08
xdut.xcs.xcore.\$27                       3.63
xdut.xcs.xcore.\$28                       3.63
xdut.xcs.xcore.\$29                       3.63
xdut.xcs.xcore.\$30                       3.63
xdut.xcs.xcore.\$32                       3.63
xdut.xcs.xcore.\$33                2.02286e-07
xdut.xcs.xcore.\$34                9.24285e-08
xdut.xcs.xcore.\$35                       3.63
xdut.xcs.xcore.\$36                       3.63
xdut.xcs.xcore.\$37                       3.63
xdut.xcs.xcore.\$38                1.74779e-07
xdut.xcs.xcore.\$4                 3.42126e-08
xdut.xcs.xcore.\$40                1.36435e-07
xdut.xcs.xcore.\$41                4.92597e-08
xdut.xcs.xcore.\$42                7.23685e-08
xdut.xcs.xcore.\$46                       3.63
xdut.xcs.xcore.\$48                9.01128e-08
xdut.xcs.xcore.\$49                3.96986e-07
xdut.xcs.xcore.\$5                 3.42114e-08
xdut.xcs.xcore.\$50                9.04719e-08
xdut.xcs.xcore.\$6                 1.11783e-07
xdut.xcs.xcore.\$8                    0.029231
xdut.xcs.xcore.\$9                    0.773661
xdut.xcs.ro1                              3.63
xdut.xcs.ro2                              3.63
xdut.xcs.xo                        2.15647e-07
rb                                        3.63
rv                                        3.63
rbit1                              2.32856e-08
rbit2                                     3.63
q1                                -1.99016e-15
q2                                -2.10384e-15
qt                                -1.30191e-19
vth                                      1.815
bvth#branch                                  0
vtr#branch                         1.30191e-09
vr2#branch                         2.10384e-05
vr1#branch                         1.99016e-05
vrst#branch                       -6.85859e-17
vclk#branch                                  0
ven#branch                        -4.92434e-17
vsup#branch                       -4.09413e-05

 Reference value :  0.00000e+00
 Reference value :  1.29280e-10
 Reference value :  2.69280e-10
 Reference value :  4.07280e-10
 Reference value :  5.38280e-10
 Reference value :  6.75280e-10
 Reference value :  8.10280e-10
 Reference value :  9.47280e-10
 Reference value :  1.07928e-09
 Reference value :  1.21528e-09
 Reference value :  1.35228e-09
 Reference value :  1.49428e-09
 Reference value :  1.62728e-09
 Reference value :  1.76928e-09
 Reference value :  1.90828e-09
 Reference value :  2.04328e-09
 Reference value :  2.17828e-09
 Reference value :  2.31528e-09
 Reference value :  2.45328e-09
 Reference value :  2.58828e-09
 Reference value :  2.72928e-09
 Reference value :  2.86628e-09
 Reference value :  3.00128e-09
 Reference value :  3.14128e-09
 Reference value :  3.28128e-09
 Reference value :  3.41928e-09
 Reference value :  3.55528e-09
 Reference value :  3.68828e-09
 Reference value :  3.82328e-09
 Reference value :  3.95828e-09
 Reference value :  4.09328e-09
 Reference value :  4.22928e-09
 Reference value :  4.36328e-09
 Reference value :  4.49628e-09
 Reference value :  4.62928e-09
 Reference value :  4.77128e-09
 Reference value :  4.90928e-09
 Reference value :  5.04528e-09
 Reference value :  5.19228e-09
 Reference value :  5.34228e-09
 Reference value :  5.49228e-09
 Reference value :  5.63628e-09
 Reference value :  5.77728e-09
 Reference value :  5.91228e-09
 Reference value :  6.06428e-09
 Reference value :  6.20128e-09
 Reference value :  6.34628e-09
 Reference value :  6.48428e-09
 Reference value :  6.62928e-09
 Reference value :  6.77428e-09
 Reference value :  6.91228e-09
 Reference value :  7.05028e-09
 Reference value :  7.19128e-09
 Reference value :  7.32328e-09
 Reference value :  7.47228e-09
 Reference value :  7.61428e-09
 Reference value :  7.75828e-09
 Reference value :  7.89928e-09
 Reference value :  8.03728e-09
 Reference value :  8.17728e-09
 Reference value :  8.32028e-09
 Reference value :  8.47328e-09
 Reference value :  8.60628e-09
 Reference value :  8.74528e-09
 Reference value :  8.88328e-09
 Reference value :  9.02328e-09
 Reference value :  9.16128e-09
 Reference value :  9.29628e-09
 Reference value :  9.42928e-09
 Reference value :  9.56628e-09
 Reference value :  9.70328e-09
 Reference value :  9.83728e-09
 Reference value :  9.97228e-09
 Reference value :  1.01083e-08
 Reference value :  1.02433e-08
 Reference value :  1.03773e-08
 Reference value :  1.05213e-08
 Reference value :  1.06583e-08
 Reference value :  1.07933e-08
 Reference value :  1.09293e-08
 Reference value :  1.10623e-08
 Reference value :  1.11963e-08
 Reference value :  1.13293e-08
 Reference value :  1.14583e-08
 Reference value :  1.15953e-08
 Reference value :  1.17273e-08
 Reference value :  1.18623e-08
 Reference value :  1.19953e-08
 Reference value :  1.21303e-08
 Reference value :  1.22613e-08
 Reference value :  1.23953e-08
 Reference value :  1.25283e-08
 Reference value :  1.26693e-08
 Reference value :  1.28053e-08
 Reference value :  1.29423e-08
 Reference value :  1.30843e-08
 Reference value :  1.32203e-08
 Reference value :  1.33593e-08
 Reference value :  1.34973e-08
 Reference value :  1.36333e-08
 Reference value :  1.37663e-08
 Reference value :  1.39003e-08
 Reference value :  1.40353e-08
 Reference value :  1.41703e-08
 Reference value :  1.43063e-08
 Reference value :  1.44413e-08
 Reference value :  1.45763e-08
 Reference value :  1.47093e-08
 Reference value :  1.48423e-08
 Reference value :  1.49833e-08
 Reference value :  1.51133e-08
 Reference value :  1.52573e-08
 Reference value :  1.53883e-08
 Reference value :  1.55253e-08
 Reference value :  1.56983e-08
 Reference value :  1.58363e-08
 Reference value :  1.59713e-08
 Reference value :  1.61083e-08
 Reference value :  1.62433e-08
 Reference value :  1.63773e-08
 Reference value :  1.65083e-08
 Reference value :  1.66513e-08
 Reference value :  1.67933e-08
 Reference value :  1.69953e-08
 Reference value :  1.71393e-08
 Reference value :  1.72853e-08
 Reference value :  1.74473e-08
 Reference value :  1.75853e-08
 Reference value :  1.77323e-08
 Reference value :  1.78693e-08
 Reference value :  1.80073e-08
 Reference value :  1.81433e-08
 Reference value :  1.82843e-08
 Reference value :  1.84303e-08
 Reference value :  1.85653e-08
 Reference value :  1.87063e-08
 Reference value :  1.88413e-08
 Reference value :  1.89753e-08
 Reference value :  1.91133e-08
 Reference value :  1.92483e-08
 Reference value :  1.93863e-08
 Reference value :  1.95323e-08
 Reference value :  1.96713e-08
 Reference value :  1.98173e-08
 Reference value :  1.99503e-08
 Reference value :  2.00913e-08
 Reference value :  2.02463e-08
 Reference value :  2.04223e-08
 Reference value :  2.05593e-08
 Reference value :  2.06953e-08
 Reference value :  2.08303e-08
 Reference value :  2.09603e-08
 Reference value :  2.10973e-08
 Reference value :  2.12343e-08
 Reference value :  2.13763e-08
 Reference value :  2.15263e-08
 Reference value :  2.16683e-08
 Reference value :  2.18003e-08
 Reference value :  2.19363e-08
 Reference value :  2.20673e-08
 Reference value :  2.22103e-08
 Reference value :  2.23413e-08
 Reference value :  2.24753e-08
 Reference value :  2.26063e-08
 Reference value :  2.27373e-08
 Reference value :  2.28713e-08
 Reference value :  2.30053e-08
 Reference value :  2.31463e-08
 Reference value :  2.32803e-08
 Reference value :  2.34143e-08
 Reference value :  2.35533e-08
 Reference value :  2.36943e-08
 Reference value :  2.38293e-08
 Reference value :  2.39633e-08
 Reference value :  2.40973e-08
 Reference value :  2.42443e-08
 Reference value :  2.43793e-08
 Reference value :  2.45093e-08
 Reference value :  2.46403e-08
 Reference value :  2.47743e-08
 Reference value :  2.49133e-08
 Reference value :  2.50433e-08
 Reference value :  2.51753e-08
 Reference value :  2.53093e-08
 Reference value :  2.54423e-08
 Reference value :  2.55783e-08
 Reference value :  2.57143e-08
 Reference value :  2.58493e-08
 Reference value :  2.59873e-08
 Reference value :  2.61313e-08
 Reference value :  2.62653e-08
 Reference value :  2.64213e-08
 Reference value :  2.65863e-08
 Reference value :  2.67203e-08
 Reference value :  2.68573e-08
 Reference value :  2.69923e-08
 Reference value :  2.71273e-08
 Reference value :  2.72623e-08
 Reference value :  2.74013e-08
 Reference value :  2.75343e-08
 Reference value :  2.76703e-08
 Reference value :  2.78063e-08
 Reference value :  2.79393e-08
 Reference value :  2.80633e-08
 Reference value :  2.81953e-08
 Reference value :  2.83323e-08
 Reference value :  2.84703e-08
 Reference value :  2.85983e-08
 Reference value :  2.87353e-08
 Reference value :  2.88683e-08
 Reference value :  2.90063e-08
 Reference value :  2.91403e-08
 Reference value :  2.92753e-08
 Reference value :  2.94083e-08
 Reference value :  2.95473e-08
 Reference value :  2.96783e-08
 Reference value :  2.98133e-08
 Reference value :  2.99493e-08
 Reference value :  3.00803e-08
 Reference value :  3.02173e-08
 Reference value :  3.03613e-08
 Reference value :  3.04973e-08
 Reference value :  3.06363e-08
 Reference value :  3.07733e-08
 Reference value :  3.09083e-08
 Reference value :  3.10893e-08
 Reference value :  3.12273e-08
 Reference value :  3.13703e-08
 Reference value :  3.15093e-08
 Reference value :  3.16553e-08
 Reference value :  3.17933e-08
 Reference value :  3.19313e-08
 Reference value :  3.20653e-08
 Reference value :  3.22013e-08
 Reference value :  3.23383e-08
 Reference value :  3.24793e-08
 Reference value :  3.26133e-08
 Reference value :  3.27543e-08
 Reference value :  3.28853e-08
 Reference value :  3.30263e-08
 Reference value :  3.31633e-08
 Reference value :  3.33033e-08
 Reference value :  3.34353e-08
 Reference value :  3.35753e-08
 Reference value :  3.37133e-08
 Reference value :  3.38473e-08
 Reference value :  3.39853e-08
 Reference value :  3.41273e-08
 Reference value :  3.42623e-08
 Reference value :  3.44003e-08
 Reference value :  3.45393e-08
 Reference value :  3.46763e-08
 Reference value :  3.48133e-08
 Reference value :  3.49513e-08
 Reference value :  3.51033e-08
 Reference value :  3.52383e-08
 Reference value :  3.53773e-08
 Reference value :  3.55103e-08
 Reference value :  3.56463e-08
 Reference value :  3.57963e-08
 Reference value :  3.59373e-08
 Reference value :  3.60703e-08
 Reference value :  3.62063e-08
 Reference value :  3.63413e-08
 Reference value :  3.64763e-08
 Reference value :  3.66483e-08
 Reference value :  3.67953e-08
 Reference value :  3.69253e-08
 Reference value :  3.70663e-08
 Reference value :  3.72023e-08
 Reference value :  3.73363e-08
 Reference value :  3.74723e-08
 Reference value :  3.76083e-08
 Reference value :  3.77423e-08
 Reference value :  3.78773e-08
 Reference value :  3.80103e-08
 Reference value :  3.81493e-08
 Reference value :  3.82833e-08
 Reference value :  3.84183e-08
 Reference value :  3.85513e-08
 Reference value :  3.86853e-08
 Reference value :  3.88203e-08
 Reference value :  3.89533e-08
 Reference value :  3.90913e-08
 Reference value :  3.92243e-08
 Reference value :  3.93583e-08
 Reference value :  3.94903e-08
 Reference value :  3.96273e-08
 Reference value :  3.97643e-08
 Reference value :  3.99013e-08
 Reference value :  4.00343e-08
 Reference value :  4.01683e-08
 Reference value :  4.03003e-08
 Reference value :  4.04433e-08
 Reference value :  4.05783e-08
 Reference value :  4.07133e-08
 Reference value :  4.08473e-08
 Reference value :  4.09843e-08
 Reference value :  4.11223e-08
 Reference value :  4.12633e-08
 Reference value :  4.14093e-08
 Reference value :  4.15433e-08
 Reference value :  4.16843e-08
 Reference value :  4.18203e-08
 Reference value :  4.19683e-08
 Reference value :  4.21013e-08
 Reference value :  4.22423e-08
 Reference value :  4.23793e-08
 Reference value :  4.25173e-08
 Reference value :  4.26543e-08
 Reference value :  4.27933e-08
 Reference value :  4.29363e-08
 Reference value :  4.30753e-08
 Reference value :  4.32083e-08
 Reference value :  4.33443e-08
 Reference value :  4.34803e-08
 Reference value :  4.36183e-08
 Reference value :  4.37573e-08
 Reference value :  4.38903e-08
 Reference value :  4.40253e-08
 Reference value :  4.41613e-08
 Reference value :  4.42983e-08
 Reference value :  4.44363e-08
 Reference value :  4.45693e-08
 Reference value :  4.47033e-08
 Reference value :  4.48423e-08
 Reference value :  4.49813e-08
 Reference value :  4.51203e-08
 Reference value :  4.52633e-08
 Reference value :  4.53963e-08
 Reference value :  4.55303e-08
 Reference value :  4.56673e-08
 Reference value :  4.58063e-08
 Reference value :  4.59483e-08
 Reference value :  4.60883e-08
 Reference value :  4.62213e-08
 Reference value :  4.63473e-08
 Reference value :  4.64853e-08
 Reference value :  4.66203e-08
 Reference value :  4.67673e-08
 Reference value :  4.69323e-08
 Reference value :  4.70793e-08
 Reference value :  4.72273e-08
 Reference value :  4.73643e-08
 Reference value :  4.75153e-08
 Reference value :  4.76503e-08
 Reference value :  4.77853e-08
 Reference value :  4.79183e-08
 Reference value :  4.80613e-08
 Reference value :  4.81973e-08
 Reference value :  4.83323e-08
 Reference value :  4.84683e-08
 Reference value :  4.86083e-08
 Reference value :  4.87453e-08
 Reference value :  4.88723e-08
 Reference value :  4.90063e-08
 Reference value :  4.91433e-08
 Reference value :  4.92743e-08
 Reference value :  4.94143e-08
 Reference value :  4.95513e-08
 Reference value :  4.96883e-08
 Reference value :  4.98243e-08
 Reference value :  4.99593e-08
No. of Data Rows : 50008
t1a                 =  1.45469e-08
t1b                 =  4.32462e-08
t2a                 =  1.37993e-08
t2b                 =  4.08969e-08
c1a                 =  -5.28961e-04
c1b                 =  -1.54259e-03
c2a                 =  -5.33041e-04
c2b                 =  -1.54333e-03
cta                 =  -2.21541e-03
ctb                 =  -7.70444e-03
vhi                 =  3.65800e+00 at=  4.58363e-08
vlo                 =  6.16790e-03 at=  4.21893e-08
vxhi                =  3.62912e+00 at=  4.27563e-08
vxlo                =  -5.23663e-03 at=  3.07313e-08
m_period_r1 = 7.1748300000e-09
m_period_r2 = 6.7743825000e-09
m_f_r1 = 1.3937612459e+08
m_f_r2 = 1.4761493022e+08
m_i_r1_a = -3.531904589e-05
m_i_r2_a = -3.728353839e-05
m_i_tree_a = -1.912598278e-04
m_e_cycle_r1_j = -9.198715845e-13
m_c_eff_node_r1_f = -6.346309792e-15
m_ring_swing_v = 3.6518290990e+00
m_xo_swing_v = 3.6343576260e+00
m_i_total_a = -2.638624120e-04
m_p_rings_w = -2.635473809e-04
m_p_total_w = -9.578205557e-04
m_xo_trans_per_s = 5.7398210962e+08
Note: Simulation executed from .control section 

Warning: m=xx on .subckt line will override multiplier m hierarchy!

Note: Starting dynamic gmin stepping
Note: Dynamic gmin stepping completed
