
Note: Compatibility modes selected: hs a


Circuit: * ro-inv-09stage-jitter @ tt_27c_3.30v -- generated by sim/harness, do not edit

Doing analysis at TEMP = 27.000000 and TNOM = 27.000000

Using SPARSE 1.3 as Direct Linear Solver

Initial Transient Solution
--------------------------

Node                                   Voltage
----                                   -------
vdd                                        3.3
n2                                         3.3
g1                                           0
n3                                 5.43322e-09
g2                                         3.3
n4                                         3.3
g3                                 5.43322e-09
n5                                 5.43322e-09
g4                                         3.3
n6                                         3.3
g5                                 5.43322e-09
n7                                 5.43322e-09
g6                                         3.3
n8                                         3.3
g7                                 5.43322e-09
n9                                 5.43322e-09
g8                                         3.3
n1                                           0
g9                                 5.43322e-09
xing                                     -1.65
xs40                                     -1.32
xs60                                     -1.98
bs60#branch                                  0
bs40#branch                                  0
bxing#branch                                 0
vn9#branch                                   0
vn8#branch                                   0
vn7#branch                                   0
vn6#branch                                   0
vn5#branch                                   0
vn4#branch                                   0
vn3#branch                                   0
vn2#branch                                   0
vn1#branch                                   0
vdd#branch                        -0.000497416

 Reference value :  1.40700e-10
 Reference value :  1.86150e-09
 Reference value :  3.48150e-09
 Reference value :  5.36850e-09
 Reference value :  7.35010e-09
 Reference value :  9.01850e-09
 Reference value :  1.08325e-08
 Reference value :  1.24255e-08
 Reference value :  1.40875e-08
 Reference value :  1.57492e-08
 Reference value :  1.75707e-08
 Reference value :  1.93955e-08
 Reference value :  2.10403e-08
 Reference value :  2.27555e-08
 Reference value :  2.44500e-08
 Reference value :  2.62075e-08
 Reference value :  2.78835e-08
 Reference value :  2.96265e-08
 Reference value :  3.12507e-08
 Reference value :  3.30445e-08
 Reference value :  3.47145e-08
 Reference value :  3.64485e-08
 Reference value :  3.82501e-08
 Reference value :  3.99645e-08
 Reference value :  4.15203e-08
 Reference value :  4.34665e-08
 Reference value :  4.50703e-08
 Reference value :  4.67225e-08
 Reference value :  4.84703e-08
 Reference value :  5.01985e-08
 Reference value :  5.21375e-08
 Reference value :  5.40355e-08
 Reference value :  5.57135e-08
 Reference value :  5.74000e-08
 Reference value :  5.91045e-08
 Reference value :  6.08745e-08
 Reference value :  6.25165e-08
 Reference value :  6.41385e-08
 Reference value :  6.59355e-08
 Reference value :  6.75407e-08
 Reference value :  6.93635e-08
 Reference value :  7.10892e-08
 Reference value :  7.26775e-08
 Reference value :  7.44007e-08
 Reference value :  7.61801e-08
 Reference value :  7.78655e-08
 Reference value :  7.97665e-08
 Reference value :  8.14545e-08
 Reference value :  8.33325e-08
 Reference value :  8.49900e-08
 Reference value :  8.67625e-08
 Reference value :  8.83775e-08
 Reference value :  9.03407e-08
 Reference value :  9.21235e-08
 Reference value :  9.39692e-08
 Reference value :  9.56115e-08
 Reference value :  9.74103e-08
 Reference value :  9.91007e-08
 Reference value :  1.00950e-07
 Reference value :  1.02742e-07
 Reference value :  1.04685e-07
 Reference value :  1.06960e-07
 Reference value :  1.08680e-07
 Reference value :  1.10296e-07
 Reference value :  1.12087e-07
 Reference value :  1.13821e-07
 Reference value :  1.15562e-07
 Reference value :  1.17234e-07
 Reference value :  1.18903e-07
 Reference value :  1.20591e-07
 Reference value :  1.22234e-07
 Reference value :  1.24101e-07
 Reference value :  1.25731e-07
 Reference value :  1.27620e-07
 Reference value :  1.29331e-07
 Reference value :  1.31071e-07
 Reference value :  1.32706e-07
 Reference value :  1.34540e-07
 Reference value :  1.36210e-07
 Reference value :  1.37962e-07
 Reference value :  1.39814e-07
 Reference value :  1.41588e-07
 Reference value :  1.43141e-07
 Reference value :  1.45036e-07
 Reference value :  1.47140e-07
 Reference value :  1.49107e-07
 Reference value :  1.50901e-07
 Reference value :  1.52526e-07
 Reference value :  1.54334e-07
 Reference value :  1.55911e-07
 Reference value :  1.57704e-07
 Reference value :  1.59504e-07
 Reference value :  1.61437e-07
 Reference value :  1.63169e-07
 Reference value :  1.64761e-07
 Reference value :  1.66396e-07
 Reference value :  1.68037e-07
 Reference value :  1.69903e-07
 Reference value :  1.71510e-07
 Reference value :  1.73283e-07
 Reference value :  1.74986e-07
 Reference value :  1.76628e-07
 Reference value :  1.78470e-07
 Reference value :  1.80061e-07
 Reference value :  1.82070e-07
 Reference value :  1.83928e-07
 Reference value :  1.85844e-07
 Reference value :  1.87773e-07
 Reference value :  1.89834e-07
 Reference value :  1.91857e-07
 Reference value :  1.93809e-07
 Reference value :  1.95822e-07
 Reference value :  1.97535e-07
 Reference value :  1.99542e-07
 Reference value :  2.01131e-07
 Reference value :  2.02890e-07
 Reference value :  2.04718e-07
 Reference value :  2.06435e-07
 Reference value :  2.08209e-07
 Reference value :  2.09823e-07
 Reference value :  2.11550e-07
 Reference value :  2.13239e-07
 Reference value :  2.14933e-07
 Reference value :  2.17050e-07
 Reference value :  2.18777e-07
 Reference value :  2.20591e-07
 Reference value :  2.22480e-07
 Reference value :  2.24331e-07
 Reference value :  2.26218e-07
 Reference value :  2.27833e-07
 Reference value :  2.29524e-07
 Reference value :  2.32370e-07
 Reference value :  2.34114e-07
 Reference value :  2.35735e-07
 Reference value :  2.37687e-07
 Reference value :  2.39345e-07
 Reference value :  2.41140e-07
 Reference value :  2.42899e-07
 Reference value :  2.44702e-07
 Reference value :  2.46400e-07
 Reference value :  2.48170e-07
 Reference value :  2.49843e-07
 Reference value :  2.51550e-07
 Reference value :  2.53254e-07
 Reference value :  2.54887e-07
 Reference value :  2.56799e-07
 Reference value :  2.58572e-07
 Reference value :  2.60554e-07
 Reference value :  2.62841e-07
 Reference value :  2.64434e-07
 Reference value :  2.66272e-07
 Reference value :  2.68182e-07
 Reference value :  2.69992e-07
 Reference value :  2.71851e-07
 Reference value :  2.73499e-07
 Reference value :  2.75222e-07
 Reference value :  2.77232e-07
 Reference value :  2.79011e-07
 Reference value :  2.80700e-07
 Reference value :  2.82542e-07
 Reference value :  2.84097e-07
 Reference value :  2.86048e-07
 Reference value :  2.87860e-07
 Reference value :  2.89855e-07
 Reference value :  2.91437e-07
 Reference value :  2.93261e-07
 Reference value :  2.95231e-07
 Reference value :  2.97115e-07
 Reference value :  2.98838e-07
No. of Data Rows : 390009
ts40                =  4.50615e-09
ts60                =  4.52522e-09
tk                  =  1.15716e-09
tk                  =  2.27663e-09
tk                  =  3.39602e-09
tk                  =  4.51531e-09
tk                  =  5.63492e-09
tk                  =  6.75402e-09
tk                  =  7.87327e-09
tk                  =  8.99254e-09
tk                  =  1.01120e-08
tk                  =  1.12314e-08
tk                  =  1.23507e-08
tk                  =  1.34698e-08
tk                  =  1.45893e-08
tk                  =  1.57087e-08
tk                  =  1.68282e-08
tk                  =  1.79474e-08
tk                  =  1.90670e-08
tk                  =  2.01861e-08
tk                  =  2.13052e-08
tk                  =  2.24247e-08
tk                  =  2.35440e-08
tk                  =  2.46632e-08
tk                  =  2.57823e-08
tk                  =  2.69015e-08
tk                  =  2.80207e-08
tk                  =  2.91399e-08
tk                  =  3.02594e-08
tk                  =  3.13787e-08
tk                  =  3.24978e-08
tk                  =  3.36172e-08
tk                  =  3.47363e-08
tk                  =  3.58556e-08
tk                  =  3.69749e-08
tk                  =  3.80941e-08
tk                  =  3.92135e-08
tk                  =  4.03328e-08
tk                  =  4.14524e-08
tk                  =  4.25718e-08
tk                  =  4.36910e-08
tk                  =  4.48104e-08
tk                  =  4.59297e-08
tk                  =  4.70490e-08
tk                  =  4.81684e-08
tk                  =  4.92877e-08
tk                  =  5.04070e-08
tk                  =  5.15263e-08
tk                  =  5.26455e-08
tk                  =  5.37647e-08
tk                  =  5.48839e-08
tk                  =  5.60032e-08
tk                  =  5.71226e-08
tk                  =  5.82419e-08
tk                  =  5.93613e-08
tk                  =  6.04808e-08
tk                  =  6.15999e-08
tk                  =  6.27192e-08
tk                  =  6.38387e-08
tk                  =  6.49580e-08
tk                  =  6.60773e-08
tk                  =  6.71965e-08
tk                  =  6.83157e-08
tk                  =  6.94348e-08
tk                  =  7.05542e-08
tk                  =  7.16735e-08
tk                  =  7.27931e-08
tk                  =  7.39125e-08
tk                  =  7.50317e-08
tk                  =  7.61513e-08
tk                  =  7.72705e-08
tk                  =  7.83896e-08
tk                  =  7.95088e-08
tk                  =  8.06280e-08
tk                  =  8.17474e-08
tk                  =  8.28667e-08
tk                  =  8.39860e-08
tk                  =  8.51054e-08
tk                  =  8.62248e-08
tk                  =  8.73439e-08
tk                  =  8.84632e-08
tk                  =  8.95826e-08
tk                  =  9.07017e-08
tk                  =  9.18210e-08
tk                  =  9.29406e-08
tk                  =  9.40601e-08
tk                  =  9.51793e-08
tk                  =  9.62988e-08
tk                  =  9.74180e-08
tk                  =  9.85373e-08
tk                  =  9.96565e-08
tk                  =  1.00776e-07
tk                  =  1.01895e-07
tk                  =  1.03015e-07
tk                  =  1.04134e-07
tk                  =  1.05253e-07
tk                  =  1.06373e-07
tk                  =  1.07492e-07
tk                  =  1.08611e-07
tk                  =  1.09730e-07
tk                  =  1.10850e-07
tk                  =  1.11969e-07
tk                  =  1.13089e-07
tk                  =  1.14208e-07
tk                  =  1.15327e-07
tk                  =  1.16446e-07
tk                  =  1.17566e-07
tk                  =  1.18685e-07
tk                  =  1.19804e-07
tk                  =  1.20924e-07
tk                  =  1.22043e-07
tk                  =  1.23162e-07
tk                  =  1.24282e-07
tk                  =  1.25401e-07
tk                  =  1.26520e-07
tk                  =  1.27640e-07
tk                  =  1.28759e-07
tk                  =  1.29878e-07
tk                  =  1.30998e-07
tk                  =  1.32117e-07
tk                  =  1.33236e-07
tk                  =  1.34356e-07
tk                  =  1.35475e-07
tk                  =  1.36594e-07
tk                  =  1.37714e-07
tk                  =  1.38833e-07
tk                  =  1.39953e-07
tk                  =  1.41072e-07
tk                  =  1.42191e-07
tk                  =  1.43311e-07
tk                  =  1.44430e-07
m_period = 1.1193182734e-09
m_f_osc = 8.9340094210e+08
m_slew_v_per_s = 3.4600262123e+10
m_sigma_1 = 1.2654853197e-13
m_sigma_2 = 1.6798535568e-13
m_sigma_4 = 2.3370689068e-13
m_sigma_8 = 3.0111270971e-13
m_sigma_16 = 3.9121865279e-13
m_sigma_32 = 5.2441717035e-13
Note: Simulation executed from .control section 

Warning: m=xx on .subckt line will override multiplier m hierarchy!

