
Note: Compatibility modes selected: hs a


Circuit: * sampler-dff-reset-clocked @ tt_-40c_2.97v -- generated by sim/harness, do not edit

Doing analysis at TEMP = -40.000000 and TNOM = 27.000000

Using SPARSE 1.3 as Direct Linear Solver

Initial Transient Solution
--------------------------

Node                                   Voltage
----                                   -------
vdd                                       2.97
rst_n                                        0
clk                                          0
d                                         2.97
xdut.clkb                                 2.97
xdut.m                                    2.97
xdut.mb                                   2.97
xdut.mmid                              2.33875
xdut.mc                            2.89058e-08
xdut.s                                    2.97
q                                  1.44498e-08
xdut.qb                                   2.97
xdut.s2mid                         0.000278824
vth                                      1.485
bvth#branch                                  0
vd#branch                         -8.91087e-12
vclk#branch                                  0
vrst#branch                                  0
vdd#branch                        -3.44023e-11

 Reference value :  0.00000e+00
 Reference value :  1.64228e-07
 Reference value :  3.23928e-07
 Reference value :  4.84028e-07
 Reference value :  6.42201e-07
 Reference value :  8.03201e-07
 Reference value :  9.64801e-07
 Reference value :  1.12334e-06
 Reference value :  1.28504e-06
 Reference value :  1.45094e-06
 Reference value :  1.60890e-06
 Reference value :  1.77520e-06
 Reference value :  1.94080e-06
 Reference value :  2.10074e-06
 Reference value :  2.26614e-06
 Reference value :  2.42614e-06
 Reference value :  2.58380e-06
 Reference value :  2.74690e-06
 Reference value :  2.90830e-06
 Reference value :  3.06804e-06
 Reference value :  3.23524e-06
 Reference value :  3.40004e-06
 Reference value :  3.56030e-06
 Reference value :  3.72066e-06
 Reference value :  3.88496e-06
 Reference value :  4.04333e-06
 Reference value :  4.20833e-06
 Reference value :  4.37343e-06
 Reference value :  4.53139e-06
 Reference value :  4.69489e-06
 Reference value :  4.86059e-06
 Reference value :  5.01795e-06
 Reference value :  5.18815e-06
 Reference value :  5.35065e-06
 Reference value :  5.51202e-06
 Reference value :  5.67922e-06
 Reference value :  5.84442e-06
No. of Data Rows : 60178
q_rst_max           =  1.23330e-01 at=  3.50000e-06
s_rst_min           =  2.52819e+00 at=  3.00000e-06
q_rel               =  2.67428e-06
q_cap               =  2.97000e+00
mb_rst_min          =  2.83179e+00 at=  3.00000e-06
m_q_rst_max_v = 1.2333030000e-01
m_q_rst_max_frac = 4.1525353535e-02
m_s_rst_min_v = 2.5281900000e+00
m_s_rst_dev_frac = 1.4875757576e-01
m_mb_rst_min_v = 2.8317880000e+00
m_q_rel_v = 2.6742760000e-06
m_q_cap_v = 2.9700020000e+00
Note: Simulation executed from .control section 

Warning: m=xx on .subckt line will override multiplier m hierarchy!

