
Note: Compatibility modes selected: hs a


Circuit: * sampler-dff-setup-hold @ sf_27c_3.63v -- generated by sim/harness, do not edit

Doing analysis at TEMP = 27.000000 and TNOM = 27.000000

Using SPARSE 1.3 as Direct Linear Solver

Initial Transient Solution
--------------------------

Node                                   Voltage
----                                   -------
vdd                                       3.63
rst_n                                        0
clk                                          0
d                                            0
xdut.clkb                                 3.63
xdut.rst                                  3.63
xdut.m                             1.55774e-08
xdut.mb                                   3.63
xdut.mc                            4.24696e-08
xdut.s                                    3.63
q                                  2.15297e-08
xdut.qb                                   3.63
vth                                      1.815
bvth#branch                                  0
vd#branch                          6.41193e-12
vclk#branch                                  0
vrst#branch                                  0
vdd#branch                        -5.18987e-11

 Reference value :  3.82800e-09
 Reference value :  1.87353e-07
 Reference value :  3.75975e-07
 Reference value :  5.75075e-07
 Reference value :  7.72575e-07
 Reference value :  9.54381e-07
 Reference value :  1.14068e-06
 Reference value :  1.31752e-06
 Reference value :  1.44802e-06
 Reference value :  1.57792e-06
 Reference value :  1.71492e-06
 Reference value :  1.88563e-06
 Reference value :  2.09223e-06
 Reference value :  2.28303e-06
 Reference value :  2.48127e-06
 Reference value :  2.68857e-06
 Reference value :  2.90239e-06
 Reference value :  3.17489e-06
 Reference value :  3.44800e-06
 Reference value :  3.73840e-06
 Reference value :  4.04493e-06
 Reference value :  4.33890e-06
 Reference value :  4.62974e-06
 Reference value :  4.93543e-06
 Reference value :  5.16403e-06
 Reference value :  5.40950e-06
 Reference value :  5.69840e-06
 Reference value :  5.94813e-06
 Reference value :  6.12553e-06
 Reference value :  6.31308e-06
 Reference value :  6.48468e-06
No. of Data Rows : 65279
tclk1               =  3.00001e-07
tclk2               =  1.30000e-06
tq_r1               =  3.00112e-07
tq_f1               =  1.30013e-06
q_rst               =  2.15297e-08
q_e1                =  3.63001e+00
q_e2                =  4.58168e-06
q_e3a               =  7.88641e-05
q_e3b               =  -1.52007e-06
q_e3c               =  -1.46573e-06
q_e4                =  4.67792e-06
q_e5a               =  2.72884e-04
q_e5b               =  4.41588e-06
q_e5c               =  4.30364e-06
q_e6                =  4.67470e-06
q_e7a               =  3.63377e+00
q_e7b               =  3.63001e+00
q_e7c               =  3.63001e+00
m_tpd_clk_q_rise_s = 1.1150000000e-10
m_tpd_clk_q_fall_s = 1.3100000000e-10
m_q_rst_v = 2.1529680000e-08
m_q_e1_v = 3.6300070000e+00
m_q_e2_v = 4.5816820000e-06
m_q_e4_v = 4.6779180000e-06
m_q_e3_1ns_v = 7.8864130000e-05
m_q_e3_10ns_v = -1.520068000e-06
m_q_e3_100ns_v = -1.465728000e-06
m_q_e3_drift_v = -8.032985800e-05
m_q_e3_rail_dev_v = -1.465728000e-06
m_q_e5_1ns_v = 2.7288380000e-04
m_q_e5_10ns_v = 4.4158830000e-06
m_q_e5_100ns_v = 4.3036370000e-06
m_q_e5_drift_v = -2.685801630e-04
m_q_e5_rail_dev_v = 4.3036370001e-06
m_q_e6_v = 4.6747000000e-06
m_q_e7_1ns_v = 3.6337690000e+00
m_q_e7_10ns_v = 3.6300080000e+00
m_q_e7_100ns_v = 3.6300070000e+00
m_q_e7_drift_v = -3.762000000e-03
m_q_e7_rail_dev_v = -6.999996947e-06
Note: Simulation executed from .control section 

Warning: m=xx on .subckt line will override multiplier m hierarchy!

