
Note: Compatibility modes selected: hs a


Circuit: * inv-stage-noise @ ss_125c_3.63v -- generated by sim/harness, do not edit

Doing analysis at TEMP = 125.000000 and TNOM = 27.000000

Using SPARSE 1.3 as Direct Linear Solver

No. of Data Rows : 1
Doing analysis at TEMP = 125.000000 and TNOM = 27.000000

Using SPARSE 1.3 as Direct Linear Solver

No. of Data Rows : 81
Doing analysis at TEMP = 125.000000 and TNOM = 27.000000

Using SPARSE 1.3 as Direct Linear Solver

No. of Data Rows : 81

No. of Data Rows : 1
Doing analysis at TEMP = 125.000000 and TNOM = 27.000000

Using SPARSE 1.3 as Direct Linear Solver

No. of Data Rows : 31

No. of Data Rows : 1
m_vtrip = 1.7099555851e+00
m_gain_1meg = 1.8244288081e+01
m_gain_100meg = 1.7612831087e+01
m_gain_1g = 6.3357530674e+00
m_inoise_dens_1meg = 4.5631271686e-08
m_inoise_dens_10meg = 1.7496543936e-08
m_inoise_dens_100meg = 1.0585311230e-08
m_inoise_dens_1g = 9.5169156118e-09
m_inoise_dens_10g = 8.9315042072e-09
m_onoise_dens_1meg = 8.3251006614e-07
m_onoise_dens_1g = 6.0296827280e-08
m_onoise_rms_1k_100g = 5.0522210860e-03
m_onoise_rms_100meg_100g = 3.8999647959e-03
Note: Simulation executed from .control section 

Warning: m=xx on .subckt line will override multiplier m hierarchy!

