
Note: Compatibility modes selected: hs a


Circuit: * sampler-dff-reset-current-xsb @ sf_27c_2.97v -- generated by sim/harness, do not edit

Doing analysis at TEMP = 27.000000 and TNOM = 27.000000

Using SPARSE 1.3 as Direct Linear Solver

Initial Transient Solution
--------------------------

Node                                   Voltage
----                                   -------
vdd                                       2.97
rst_n                                        0
clk                                          0
d                                            0
xdut.clkb                                 2.97
xdut.m                             3.77915e-08
xdut.mb                                   2.97
xdut.mmid                             0.012256
xdut.mc                            3.83445e-08
xdut.s                                    2.97
q                                  1.94189e-08
xdut.qb                                   2.97
xdut.s2mid                            0.012256
qint                               3.00033e-21
vd#branch                           8.9226e-12
vdd#branch                        -3.89259e-11
vclk#branch                                  0
vrst#branch                                  0

 Reference value :  0.00000e+00
 Reference value :  1.48305e-09
 Reference value :  2.97405e-09
 Reference value :  4.45605e-09
No. of Data Rows : 4720
qint1               =  1.45200e-06
qint2               =  1.51620e-06
qint3               =  1.53524e-06
qout_rst            =  -6.77580e-06
m_i_reset_xsb_a = 2.0808500000e-08
m_p_reset_xsb_w = 6.1801245000e-08
m_i_reset_xsb_first_a = 3.2098500000e-08
m_i_reset_xsb_last_a = 9.5185000000e-09
m_q_v = -6.775803000e-06
Note: Simulation executed from .control section 

Warning: m=xx on .subckt line will override multiplier m hierarchy!

