
Note: Compatibility modes selected: hs a


Circuit: * ro-array-core-startup @ ff_27c_2.97v -- generated by sim/harness, do not edit

Doing analysis at TEMP = 27.000000 and TNOM = 27.000000

Using SPARSE 1.3 as Direct Linear Solver

Initial Transient Solution
--------------------------

Node                                   Voltage
----                                   -------
vsup                                      2.97
en                                           0
xdut.xr1.xg.py                            2.97
xdut.xr1.n1                               2.97
xdut.rn1                                  2.97
xdut.xr1.xg.nm                         2.54268
xdut.xr1.xg.ny                     1.44273e-07
xdut.xr1.x1.py                            2.97
xdut.xr1.n2                        1.11573e-07
xdut.xr1.x1.ny                     9.50945e-08
xdut.xr1.x2.py                            2.97
xdut.xr1.n3                               2.97
xdut.xr1.x2.ny                     3.39794e-07
xdut.xr1.x3.py                            2.97
xdut.xr1.n4                        1.11573e-07
xdut.xr1.x3.ny                     9.50945e-08
xdut.xr1.x4.py                            2.97
xdut.xr1.n5                               2.97
xdut.xr1.x4.ny                     3.39794e-07
xdut.xr1.x5.py                            2.97
xdut.xr1.n6                        1.11573e-07
xdut.xr1.x5.ny                     9.50945e-08
xdut.xr1.x6.py                            2.97
xdut.xr1.n7                               2.97
xdut.xr1.x6.ny                     3.39794e-07
xdut.xr1.x7.py                            2.97
xdut.xr1.n8                        1.11573e-07
xdut.xr1.x7.ny                     9.50945e-08
xdut.xr1.x8.py                            2.97
xdut.xr1.n9                               2.97
xdut.xr1.x8.ny                     3.39794e-07
xdut.xr1.x9.py                            2.97
xdut.xr1.n10                       1.11573e-07
xdut.xr1.x9.ny                     9.50945e-08
xdut.xr1.x10.py                           2.97
xdut.xr1.x10.ny                    3.39794e-07
xdut.xr2.xg.py                            2.97
xdut.xr2.n1                               2.97
xdut.rn2                                  2.97
xdut.xr2.xg.nm                         2.54268
xdut.xr2.xg.ny                     1.34469e-07
xdut.xr2.x1.py                            2.97
xdut.xr2.n2                        1.05111e-07
xdut.xr2.x1.ny                     8.86326e-08
xdut.xr2.x2.py                            2.97
xdut.xr2.n3                               2.97
xdut.xr2.x2.ny                     3.16705e-07
xdut.xr2.x3.py                            2.97
xdut.xr2.n4                        1.05111e-07
xdut.xr2.x3.ny                     8.86326e-08
xdut.xr2.x4.py                            2.97
xdut.xr2.n5                               2.97
xdut.xr2.x4.ny                     3.16705e-07
xdut.xr2.x5.py                            2.97
xdut.xr2.n6                        1.05111e-07
xdut.xr2.x5.ny                     8.86326e-08
xdut.xr2.x6.py                            2.97
xdut.xr2.n7                               2.97
xdut.xr2.x6.ny                     3.16705e-07
xdut.xr2.x7.py                            2.97
xdut.xr2.n8                        1.05111e-07
xdut.xr2.x7.ny                     8.86326e-08
xdut.xr2.x8.py                            2.97
xdut.xr2.n9                               2.97
xdut.xr2.x8.ny                     3.16705e-07
xdut.xr2.x9.py                            2.97
xdut.xr2.n10                       1.05111e-07
xdut.xr2.x9.ny                     8.86326e-08
xdut.xr2.x10.py                           2.97
xdut.xr2.x10.ny                    3.16705e-07
ro1                                1.64782e-08
ro2                                1.64782e-08
xdut.xa1.an                               2.97
xdut.xa1.bn                               2.97
xdut.xa1.mid                              2.97
xo                                 4.15893e-08
xdut.xa1.s1                        1.90078e-08
xdut.xa1.s2                        2.07946e-08
vth                                      1.485
bvth#branch                                  0
ven#branch                                   0
vsup#branch                       -2.42803e-10

 Reference value :  0.00000e+00
 Reference value :  6.60560e-10
 Reference value :  1.31056e-09
 Reference value :  1.97056e-09
 Reference value :  2.64056e-09
 Reference value :  3.32856e-09
 Reference value :  3.99056e-09
 Reference value :  4.65856e-09
 Reference value :  5.36317e-09
 Reference value :  6.12517e-09
 Reference value :  6.81317e-09
 Reference value :  7.50317e-09
 Reference value :  8.16517e-09
 Reference value :  8.84117e-09
 Reference value :  9.65317e-09
 Reference value :  1.04192e-08
 Reference value :  1.11192e-08
 Reference value :  1.17772e-08
 Reference value :  1.24592e-08
 Reference value :  1.31692e-08
 Reference value :  1.38352e-08
 Reference value :  1.45152e-08
 Reference value :  1.51992e-08
 Reference value :  1.58812e-08
 Reference value :  1.65552e-08
 Reference value :  1.72472e-08
 Reference value :  1.79352e-08
 Reference value :  1.86592e-08
 Reference value :  1.93152e-08
 Reference value :  1.99912e-08
 Reference value :  2.06512e-08
 Reference value :  2.13292e-08
 Reference value :  2.20212e-08
 Reference value :  2.27012e-08
 Reference value :  2.33892e-08
 Reference value :  2.40612e-08
 Reference value :  2.47592e-08
 Reference value :  2.54312e-08
 Reference value :  2.61012e-08
 Reference value :  2.67732e-08
 Reference value :  2.74632e-08
 Reference value :  2.81312e-08
 Reference value :  2.87872e-08
 Reference value :  2.94692e-08
 Reference value :  3.01172e-08
 Reference value :  3.08212e-08
 Reference value :  3.14932e-08
 Reference value :  3.21812e-08
 Reference value :  3.28812e-08
 Reference value :  3.35552e-08
 Reference value :  3.42332e-08
 Reference value :  3.49452e-08
 Reference value :  3.56092e-08
 Reference value :  3.62792e-08
 Reference value :  3.70052e-08
 Reference value :  3.77032e-08
 Reference value :  3.83872e-08
 Reference value :  3.90412e-08
 Reference value :  3.97252e-08
 Reference value :  4.04092e-08
 Reference value :  4.10692e-08
 Reference value :  4.18952e-08
 Reference value :  4.26352e-08
 Reference value :  4.33812e-08
 Reference value :  4.41312e-08
 Reference value :  4.48252e-08
 Reference value :  4.55392e-08
 Reference value :  4.62092e-08
 Reference value :  4.68732e-08
 Reference value :  4.75532e-08
 Reference value :  4.83472e-08
 Reference value :  4.91692e-08
 Reference value :  4.99432e-08
 Reference value :  5.07132e-08
 Reference value :  5.15372e-08
 Reference value :  5.23272e-08
 Reference value :  5.31032e-08
 Reference value :  5.37952e-08
 Reference value :  5.45132e-08
 Reference value :  5.53192e-08
 Reference value :  5.61092e-08
 Reference value :  5.68532e-08
 Reference value :  5.76652e-08
 Reference value :  5.83972e-08
 Reference value :  5.92052e-08
 Reference value :  5.99132e-08
 Reference value :  6.06072e-08
 Reference value :  6.13052e-08
 Reference value :  6.20572e-08
 Reference value :  6.28652e-08
 Reference value :  6.36752e-08
 Reference value :  6.44532e-08
 Reference value :  6.52672e-08
 Reference value :  6.60712e-08
 Reference value :  6.68532e-08
 Reference value :  6.75752e-08
 Reference value :  6.82832e-08
 Reference value :  6.89692e-08
 Reference value :  6.97392e-08
 Reference value :  7.05092e-08
 Reference value :  7.12672e-08
 Reference value :  7.20492e-08
 Reference value :  7.28152e-08
 Reference value :  7.36572e-08
 Reference value :  7.43572e-08
 Reference value :  7.50372e-08
 Reference value :  7.57572e-08
 Reference value :  7.65352e-08
 Reference value :  7.72872e-08
 Reference value :  7.81012e-08
 Reference value :  7.89572e-08
 Reference value :  7.97372e-08
 Reference value :  8.04292e-08
 Reference value :  8.12992e-08
 Reference value :  8.21152e-08
 Reference value :  8.29192e-08
 Reference value :  8.37312e-08
 Reference value :  8.45852e-08
 Reference value :  8.53752e-08
 Reference value :  8.61972e-08
 Reference value :  8.70352e-08
 Reference value :  8.77672e-08
 Reference value :  8.85472e-08
 Reference value :  8.94892e-08
 Reference value :  9.02832e-08
 Reference value :  9.10872e-08
 Reference value :  9.18732e-08
 Reference value :  9.25332e-08
 Reference value :  9.32452e-08
 Reference value :  9.39112e-08
 Reference value :  9.47212e-08
 Reference value :  9.56192e-08
 Reference value :  9.64992e-08
 Reference value :  9.75832e-08
 Reference value :  9.89892e-08
 Reference value :  9.97852e-08
 Reference value :  1.00477e-07
 Reference value :  1.01519e-07
 Reference value :  1.02563e-07
 Reference value :  1.03445e-07
 Reference value :  1.04399e-07
 Reference value :  1.05127e-07
 Reference value :  1.05815e-07
 Reference value :  1.06673e-07
 Reference value :  1.07527e-07
 Reference value :  1.08381e-07
 Reference value :  1.09223e-07
 Reference value :  1.10083e-07
 Reference value :  1.10955e-07
 Reference value :  1.11683e-07
 Reference value :  1.12359e-07
 Reference value :  1.13147e-07
 Reference value :  1.13999e-07
 Reference value :  1.14833e-07
 Reference value :  1.15641e-07
 Reference value :  1.16345e-07
 Reference value :  1.17021e-07
 Reference value :  1.17841e-07
 Reference value :  1.18589e-07
 Reference value :  1.19277e-07
 Reference value :  1.19937e-07
 Reference value :  1.20601e-07
 Reference value :  1.21279e-07
 Reference value :  1.21943e-07
 Reference value :  1.22607e-07
 Reference value :  1.23289e-07
 Reference value :  1.23967e-07
 Reference value :  1.24655e-07
 Reference value :  1.25349e-07
 Reference value :  1.26075e-07
 Reference value :  1.26969e-07
 Reference value :  1.27851e-07
 Reference value :  1.28725e-07
 Reference value :  1.29557e-07
 Reference value :  1.30383e-07
 Reference value :  1.31119e-07
 Reference value :  1.31917e-07
 Reference value :  1.32753e-07
 Reference value :  1.33541e-07
 Reference value :  1.34251e-07
 Reference value :  1.35027e-07
 Reference value :  1.35901e-07
 Reference value :  1.36695e-07
 Reference value :  1.37529e-07
 Reference value :  1.38361e-07
 Reference value :  1.39253e-07
 Reference value :  1.40071e-07
 Reference value :  1.40823e-07
 Reference value :  1.41667e-07
 Reference value :  1.42453e-07
 Reference value :  1.43327e-07
 Reference value :  1.44143e-07
 Reference value :  1.44939e-07
 Reference value :  1.45735e-07
 Reference value :  1.46497e-07
 Reference value :  1.47343e-07
 Reference value :  1.48179e-07
 Reference value :  1.49015e-07
 Reference value :  1.49853e-07
 Reference value :  1.50719e-07
 Reference value :  1.51573e-07
 Reference value :  1.52369e-07
 Reference value :  1.53223e-07
 Reference value :  1.54019e-07
 Reference value :  1.54855e-07
 Reference value :  1.55647e-07
 Reference value :  1.56499e-07
 Reference value :  1.57405e-07
 Reference value :  1.58255e-07
 Reference value :  1.59017e-07
 Reference value :  1.59731e-07
 Reference value :  1.60413e-07
 Reference value :  1.61069e-07
 Reference value :  1.61755e-07
 Reference value :  1.62439e-07
 Reference value :  1.63143e-07
 Reference value :  1.63817e-07
 Reference value :  1.64603e-07
 Reference value :  1.65323e-07
 Reference value :  1.66053e-07
 Reference value :  1.66809e-07
 Reference value :  1.67607e-07
 Reference value :  1.68465e-07
 Reference value :  1.69237e-07
 Reference value :  1.70053e-07
 Reference value :  1.70865e-07
 Reference value :  1.71669e-07
 Reference value :  1.72451e-07
 Reference value :  1.73271e-07
 Reference value :  1.74171e-07
 Reference value :  1.75029e-07
 Reference value :  1.75849e-07
 Reference value :  1.76757e-07
 Reference value :  1.77643e-07
 Reference value :  1.78429e-07
 Reference value :  1.79113e-07
 Reference value :  1.79813e-07
No. of Data Rows : 90016
t1r1                =  1.12744e-08
t2r1                =  1.74577e-08
t3r1                =  2.36407e-08
t4r1                =  2.98237e-08
t5r1                =  3.60066e-08
t6r1                =  4.21895e-08
t7r1                =  4.83736e-08
t8r1                =  5.45553e-08
t9r1                =  6.07373e-08
t10r1               =  6.69194e-08
t1r2                =  1.08667e-08
t2r2                =  1.66492e-08
t3r2                =  2.24317e-08
t4r2                =  2.82142e-08
t5r2                =  3.39966e-08
t6r2                =  3.97789e-08
t7r2                =  4.55614e-08
t8r2                =  5.13437e-08
t9r2                =  5.71262e-08
t10r2               =  6.29087e-08
t1xo                =  8.01108e-09
t2xo                =  1.10392e-08
t3xo                =  1.37951e-08
t4xo                =  1.68208e-08
vhi_early           =  2.99351e+00 at=  4.45772e-08
vlo_early           =  -3.85750e-02 at=  2.29732e-08
vhi_late            =  2.99345e+00 at=  1.55861e-07
vlo_late            =  -3.79140e-02 at=  1.77535e-07
vxhi_early          =  3.01273e+00 at=  2.99232e-08
vxlo_early          =  -4.13205e-02 at=  2.52712e-08
vxhi_late           =  3.05619e+00 at=  1.55565e-07
vxlo_late           =  -2.79928e-02 at=  1.78211e-07
v_off_ro1           =  2.97000e+00
v_off_xo            =  4.15893e-08
m_en_assert_s = 5.0000000000e-09
m_t1r1_s = 1.1274410000e-08
m_t2r1_s = 1.7457720000e-08
m_t3r1_s = 2.3640740000e-08
m_t4r1_s = 2.9823660000e-08
m_t5r1_s = 3.6006590000e-08
m_t6r1_s = 4.2189510000e-08
m_t7r1_s = 4.8373570000e-08
m_t8r1_s = 5.4555320000e-08
m_t9r1_s = 6.0737340000e-08
m_t10r1_s = 6.6919430000e-08
m_t1r2_s = 1.0866740000e-08
m_t2r2_s = 1.6649230000e-08
m_t3r2_s = 2.2431700000e-08
m_t4r2_s = 2.8214180000e-08
m_t5r2_s = 3.3996630000e-08
m_t6r2_s = 3.9778890000e-08
m_t7r2_s = 4.5561420000e-08
m_t8r2_s = 5.1343680000e-08
m_t9r2_s = 5.7126210000e-08
m_t10r2_s = 6.2908660000e-08
m_t1xo_s = 8.0110840000e-09
m_t2xo_s = 1.1039190000e-08
m_t3xo_s = 1.3795100000e-08
m_t4xo_s = 1.6820810000e-08
m_ring_swing_early_v = 3.0320799800e+00
m_ring_swing_late_v = 3.0313639600e+00
m_xo_swing_early_v = 3.0540475200e+00
m_xo_swing_late_v = 3.0841797900e+00
m_v_ro1_off_v = 2.9699980000e+00
m_v_xo_off_v = 4.1589310000e-08
Note: Simulation executed from .control section 

Warning: m=xx on .subckt line will override multiplier m hierarchy!

