
Note: Compatibility modes selected: hs a


Circuit: * ro-inv-05stage-jitter @ ff_-40c_2.97v -- generated by sim/harness, do not edit

Doing analysis at TEMP = -40.000000 and TNOM = 27.000000

Using SPARSE 1.3 as Direct Linear Solver

Initial Transient Solution
--------------------------

Node                                   Voltage
----                                   -------
vdd                                       2.97
n2                                        2.97
g1                                           0
n3                                 3.80589e-09
g2                                        2.97
n4                                        2.97
g3                                 3.80589e-09
n5                                 3.80589e-09
g4                                        2.97
n1                                           0
g5                                 3.80589e-09
xing                                    -1.485
xs40                                    -1.188
xs60                                    -1.782
bs60#branch                                  0
bs40#branch                                  0
bxing#branch                                 0
vn5#branch                                   0
vn4#branch                                   0
vn3#branch                                   0
vn2#branch                                   0
vn1#branch                                   0
vdd#branch                        -0.000542629

 Reference value :  2.10100e-10
 Reference value :  2.98350e-09
 Reference value :  5.80650e-09
 Reference value :  8.69070e-09
 Reference value :  1.16915e-08
 Reference value :  1.46292e-08
 Reference value :  1.74245e-08
 Reference value :  2.05003e-08
 Reference value :  2.34203e-08
 Reference value :  2.62700e-08
 Reference value :  2.90465e-08
 Reference value :  3.19200e-08
 Reference value :  3.46875e-08
 Reference value :  3.74235e-08
 Reference value :  4.04200e-08
 Reference value :  4.36407e-08
 Reference value :  4.66703e-08
 Reference value :  4.98303e-08
 Reference value :  5.28135e-08
 Reference value :  5.56575e-08
 Reference value :  5.84403e-08
 Reference value :  6.17500e-08
 Reference value :  6.47845e-08
 Reference value :  6.76035e-08
 Reference value :  7.04115e-08
 Reference value :  7.34425e-08
 Reference value :  7.62825e-08
 Reference value :  7.90915e-08
 Reference value :  8.17955e-08
 Reference value :  8.47955e-08
 Reference value :  8.81101e-08
 Reference value :  9.12201e-08
 Reference value :  9.39415e-08
 Reference value :  9.67407e-08
 Reference value :  1.00057e-07
 Reference value :  1.03270e-07
 Reference value :  1.06283e-07
 Reference value :  1.09199e-07
 Reference value :  1.11950e-07
 Reference value :  1.14693e-07
 Reference value :  1.17820e-07
 Reference value :  1.20527e-07
 Reference value :  1.23566e-07
 Reference value :  1.26498e-07
 Reference value :  1.29220e-07
 Reference value :  1.32031e-07
 Reference value :  1.34825e-07
 Reference value :  1.38071e-07
 Reference value :  1.41060e-07
 Reference value :  1.43800e-07
 Reference value :  1.46814e-07
 Reference value :  1.49577e-07
 Reference value :  1.52609e-07
 Reference value :  1.55437e-07
 Reference value :  1.58738e-07
 Reference value :  1.62024e-07
 Reference value :  1.64954e-07
 Reference value :  1.67710e-07
No. of Data Rows : 221009
ts40                =  2.00016e-09
ts60                =  2.01560e-09
tk                  =  5.24888e-10
tk                  =  1.01906e-09
tk                  =  1.51338e-09
tk                  =  2.00759e-09
tk                  =  2.50179e-09
tk                  =  2.99591e-09
tk                  =  3.49013e-09
tk                  =  3.98426e-09
tk                  =  4.47857e-09
tk                  =  4.97262e-09
tk                  =  5.46680e-09
tk                  =  5.96101e-09
tk                  =  6.45520e-09
tk                  =  6.94933e-09
tk                  =  7.44368e-09
tk                  =  7.93782e-09
tk                  =  8.43193e-09
tk                  =  8.92621e-09
tk                  =  9.42046e-09
tk                  =  9.91464e-09
tk                  =  1.04088e-08
tk                  =  1.09030e-08
tk                  =  1.13972e-08
tk                  =  1.18914e-08
tk                  =  1.23855e-08
tk                  =  1.28799e-08
tk                  =  1.33740e-08
tk                  =  1.38683e-08
tk                  =  1.43625e-08
tk                  =  1.48568e-08
tk                  =  1.53510e-08
tk                  =  1.58452e-08
tk                  =  1.63394e-08
tk                  =  1.68335e-08
tk                  =  1.73276e-08
tk                  =  1.78217e-08
tk                  =  1.83158e-08
tk                  =  1.88098e-08
tk                  =  1.93041e-08
tk                  =  1.97982e-08
tk                  =  2.02923e-08
tk                  =  2.07865e-08
tk                  =  2.12808e-08
tk                  =  2.17750e-08
tk                  =  2.22691e-08
tk                  =  2.27631e-08
tk                  =  2.32572e-08
tk                  =  2.37514e-08
tk                  =  2.42453e-08
tk                  =  2.47395e-08
tk                  =  2.52337e-08
tk                  =  2.57278e-08
tk                  =  2.62221e-08
tk                  =  2.67163e-08
tk                  =  2.72104e-08
tk                  =  2.77044e-08
tk                  =  2.81986e-08
tk                  =  2.86929e-08
tk                  =  2.91872e-08
tk                  =  2.96813e-08
tk                  =  3.01754e-08
tk                  =  3.06696e-08
tk                  =  3.11638e-08
tk                  =  3.16579e-08
tk                  =  3.21521e-08
tk                  =  3.26462e-08
tk                  =  3.31404e-08
tk                  =  3.36345e-08
tk                  =  3.41287e-08
tk                  =  3.46228e-08
tk                  =  3.51171e-08
tk                  =  3.56112e-08
tk                  =  3.61055e-08
tk                  =  3.65999e-08
tk                  =  3.70941e-08
tk                  =  3.75883e-08
tk                  =  3.80826e-08
tk                  =  3.85768e-08
tk                  =  3.90710e-08
tk                  =  3.95652e-08
tk                  =  4.00594e-08
tk                  =  4.05536e-08
tk                  =  4.10478e-08
tk                  =  4.15420e-08
tk                  =  4.20362e-08
tk                  =  4.25302e-08
tk                  =  4.30244e-08
tk                  =  4.35185e-08
tk                  =  4.40129e-08
tk                  =  4.45071e-08
tk                  =  4.50014e-08
tk                  =  4.54956e-08
tk                  =  4.59898e-08
tk                  =  4.64839e-08
tk                  =  4.69781e-08
tk                  =  4.74723e-08
tk                  =  4.79664e-08
tk                  =  4.84607e-08
tk                  =  4.89549e-08
tk                  =  4.94493e-08
tk                  =  4.99434e-08
tk                  =  5.04375e-08
tk                  =  5.09317e-08
tk                  =  5.14258e-08
tk                  =  5.19201e-08
tk                  =  5.24142e-08
tk                  =  5.29085e-08
tk                  =  5.34027e-08
tk                  =  5.38969e-08
tk                  =  5.43912e-08
tk                  =  5.48853e-08
tk                  =  5.53796e-08
tk                  =  5.58736e-08
tk                  =  5.63679e-08
tk                  =  5.68621e-08
tk                  =  5.73562e-08
tk                  =  5.78506e-08
tk                  =  5.83448e-08
tk                  =  5.88390e-08
tk                  =  5.93331e-08
tk                  =  5.98274e-08
tk                  =  6.03215e-08
tk                  =  6.08156e-08
tk                  =  6.13097e-08
tk                  =  6.18039e-08
tk                  =  6.22981e-08
tk                  =  6.27922e-08
tk                  =  6.32865e-08
tk                  =  6.37806e-08
m_period = 4.9418525313e-10
m_f_osc = 2.0235326604e+09
m_slew_v_per_s = 3.8478979076e+10
m_sigma_1 = 8.3225126749e-14
m_sigma_2 = 1.1160980663e-13
m_sigma_4 = 1.6238670582e-13
m_sigma_8 = 2.4353904824e-13
m_sigma_16 = 3.9872296403e-13
m_sigma_32 = 6.7381564010e-13
Note: Simulation executed from .control section 

Warning: m=xx on .subckt line will override multiplier m hierarchy!

