
Note: Compatibility modes selected: hs a


Circuit: * ro-inv-05stage-jitter @ ff_-40c_2.97v -- generated by sim/harness, do not edit

Doing analysis at TEMP = -40.000000 and TNOM = 27.000000

Using SPARSE 1.3 as Direct Linear Solver

Initial Transient Solution
--------------------------

Node                                   Voltage
----                                   -------
vdd                                       2.97
n2                                        2.97
g1                                           0
n3                                 3.80589e-09
g2                                        2.97
n4                                        2.97
g3                                 3.80589e-09
n5                                 3.80589e-09
g4                                        2.97
n1                                           0
g5                                 3.80589e-09
xing                                    -1.485
xs40                                    -1.188
xs60                                    -1.782
bs60#branch                                  0
bs40#branch                                  0
bxing#branch                                 0
vn5#branch                                   0
vn4#branch                                   0
vn3#branch                                   0
vn2#branch                                   0
vn1#branch                                   0
vdd#branch                        -0.000542629

 Reference value :  2.22500e-10
 Reference value :  3.14450e-09
 Reference value :  6.02000e-09
 Reference value :  9.12150e-09
 Reference value :  1.21045e-08
 Reference value :  1.48992e-08
 Reference value :  1.77907e-08
 Reference value :  2.05715e-08
 Reference value :  2.36255e-08
 Reference value :  2.64055e-08
 Reference value :  2.93665e-08
 Reference value :  3.24615e-08
 Reference value :  3.55107e-08
 Reference value :  3.83415e-08
 Reference value :  4.10345e-08
 Reference value :  4.41185e-08
 Reference value :  4.69165e-08
 Reference value :  4.97400e-08
 Reference value :  5.27000e-08
 Reference value :  5.58325e-08
 Reference value :  5.86315e-08
 Reference value :  6.20215e-08
 Reference value :  6.49035e-08
 Reference value :  6.78135e-08
 Reference value :  7.05907e-08
 Reference value :  7.38815e-08
 Reference value :  7.71992e-08
 Reference value :  7.99601e-08
 Reference value :  8.28085e-08
 Reference value :  8.58307e-08
 Reference value :  8.87845e-08
 Reference value :  9.16645e-08
 Reference value :  9.43935e-08
 Reference value :  9.73645e-08
 Reference value :  1.00571e-07
 Reference value :  1.03618e-07
 Reference value :  1.06619e-07
 Reference value :  1.09382e-07
 Reference value :  1.12700e-07
 Reference value :  1.15570e-07
 Reference value :  1.18660e-07
 Reference value :  1.21800e-07
 Reference value :  1.24614e-07
 Reference value :  1.27450e-07
 Reference value :  1.30551e-07
 Reference value :  1.33193e-07
 Reference value :  1.36146e-07
 Reference value :  1.39014e-07
 Reference value :  1.41811e-07
 Reference value :  1.44760e-07
 Reference value :  1.47526e-07
 Reference value :  1.50711e-07
 Reference value :  1.53875e-07
 Reference value :  1.56661e-07
 Reference value :  1.59860e-07
 Reference value :  1.62705e-07
 Reference value :  1.65752e-07
 Reference value :  1.68649e-07
No. of Data Rows : 221009
ts40                =  2.00007e-09
ts60                =  2.01542e-09
tk                  =  5.24947e-10
tk                  =  1.01913e-09
tk                  =  1.51324e-09
tk                  =  2.00745e-09
tk                  =  2.50172e-09
tk                  =  2.99599e-09
tk                  =  3.49011e-09
tk                  =  3.98417e-09
tk                  =  4.47830e-09
tk                  =  4.97241e-09
tk                  =  5.46669e-09
tk                  =  5.96085e-09
tk                  =  6.45496e-09
tk                  =  6.94923e-09
tk                  =  7.44340e-09
tk                  =  7.93763e-09
tk                  =  8.43190e-09
tk                  =  8.92602e-09
tk                  =  9.42013e-09
tk                  =  9.91430e-09
tk                  =  1.04086e-08
tk                  =  1.09028e-08
tk                  =  1.13969e-08
tk                  =  1.18912e-08
tk                  =  1.23854e-08
tk                  =  1.28796e-08
tk                  =  1.33737e-08
tk                  =  1.38678e-08
tk                  =  1.43620e-08
tk                  =  1.48560e-08
tk                  =  1.53502e-08
tk                  =  1.58444e-08
tk                  =  1.63386e-08
tk                  =  1.68328e-08
tk                  =  1.73269e-08
tk                  =  1.78210e-08
tk                  =  1.83152e-08
tk                  =  1.88092e-08
tk                  =  1.93036e-08
tk                  =  1.97977e-08
tk                  =  2.02918e-08
tk                  =  2.07860e-08
tk                  =  2.12804e-08
tk                  =  2.17746e-08
tk                  =  2.22687e-08
tk                  =  2.27628e-08
tk                  =  2.32569e-08
tk                  =  2.37511e-08
tk                  =  2.42452e-08
tk                  =  2.47394e-08
tk                  =  2.52336e-08
tk                  =  2.57277e-08
tk                  =  2.62217e-08
tk                  =  2.67160e-08
tk                  =  2.72102e-08
tk                  =  2.77042e-08
tk                  =  2.81985e-08
tk                  =  2.86925e-08
tk                  =  2.91870e-08
tk                  =  2.96814e-08
tk                  =  3.01756e-08
tk                  =  3.06697e-08
tk                  =  3.11639e-08
tk                  =  3.16581e-08
tk                  =  3.21524e-08
tk                  =  3.26465e-08
tk                  =  3.31407e-08
tk                  =  3.36350e-08
tk                  =  3.41291e-08
tk                  =  3.46233e-08
tk                  =  3.51174e-08
tk                  =  3.56115e-08
tk                  =  3.61057e-08
tk                  =  3.65999e-08
tk                  =  3.70939e-08
tk                  =  3.75882e-08
tk                  =  3.80824e-08
tk                  =  3.85765e-08
tk                  =  3.90707e-08
tk                  =  3.95646e-08
tk                  =  4.00588e-08
tk                  =  4.05530e-08
tk                  =  4.10471e-08
tk                  =  4.15413e-08
tk                  =  4.20355e-08
tk                  =  4.25297e-08
tk                  =  4.30238e-08
tk                  =  4.35180e-08
tk                  =  4.40123e-08
tk                  =  4.45063e-08
tk                  =  4.50005e-08
tk                  =  4.54947e-08
tk                  =  4.59889e-08
tk                  =  4.64831e-08
tk                  =  4.69774e-08
tk                  =  4.74717e-08
tk                  =  4.79658e-08
tk                  =  4.84600e-08
tk                  =  4.89542e-08
tk                  =  4.94483e-08
tk                  =  4.99425e-08
tk                  =  5.04367e-08
tk                  =  5.09309e-08
tk                  =  5.14251e-08
tk                  =  5.19194e-08
tk                  =  5.24135e-08
tk                  =  5.29076e-08
tk                  =  5.34018e-08
tk                  =  5.38960e-08
tk                  =  5.43902e-08
tk                  =  5.48844e-08
tk                  =  5.53786e-08
tk                  =  5.58728e-08
tk                  =  5.63671e-08
tk                  =  5.68613e-08
tk                  =  5.73554e-08
tk                  =  5.78497e-08
tk                  =  5.83438e-08
tk                  =  5.88381e-08
tk                  =  5.93323e-08
tk                  =  5.98266e-08
tk                  =  6.03207e-08
tk                  =  6.08150e-08
tk                  =  6.13093e-08
tk                  =  6.18036e-08
tk                  =  6.22979e-08
tk                  =  6.27921e-08
tk                  =  6.32863e-08
tk                  =  6.37806e-08
m_period = 4.9418463438e-10
m_f_osc = 2.0235351940e+09
m_slew_v_per_s = 3.8684467600e+10
m_sigma_1 = 8.5698479335e-14
m_sigma_2 = 1.2052780457e-13
m_sigma_4 = 1.7046524181e-13
m_sigma_8 = 2.4515147513e-13
m_sigma_16 = 3.5578509860e-13
m_sigma_32 = 4.9852047561e-13
Note: Simulation executed from .control section 

Warning: m=xx on .subckt line will override multiplier m hierarchy!

