
Note: No compatibility mode selected!


Circuit: * klt sim -- generated corner deck, do not edit

Doing analysis at TEMP = 125.000000 and TNOM = 27.000000

Using SPARSE 1.3 as Direct Linear Solver

Initial Transient Solution
--------------------------

Node                                   Voltage
----                                   -------
vddr                                      2.97
en                                        2.97
vss                                          0
vsubs                                        0
xdut.\$15                          4.47389e-05
xdut.a|y__t0                                 0
xdut.a|y__t02                          2.96985
xdut.vddr__t0                             2.97
xdut.vss__t0                       9.13758e-08
xdut.\$17                          3.87855e-06
xdut.a|y__t32                          2.96985
xdut.a|y__t13                      4.48726e-06
xdut.vddr__t18                            2.97
xdut.vss__t18                      5.93166e-09
xdut.\$18                          4.46972e-05
xdut.a|y__t33                      4.48935e-06
xdut.a|y__t14                          2.96985
xdut.vddr__t14                            2.97
xdut.vss__t14                       4.5414e-08
xdut.\$20                          3.87457e-06
xdut.a|y__t34                          2.96985
xdut.a|y__t15                      4.48328e-06
xdut.vddr__t21                            2.97
xdut.vss__t21                      1.95089e-09
xdut.\$21                          4.46546e-05
xdut.a|y__t35                      4.48536e-06
xdut.a|y__t16                          2.96985
xdut.vddr__t13                            2.97
xdut.vss__t13                      2.84528e-09
xdut.\$22                          3.87468e-06
xdut.a|y__t36                          2.96985
xdut.a|y__t17                      4.48339e-06
xdut.vddr__t15                            2.97
xdut.vss__t15                      2.06849e-09
xdut.\$24                          4.46985e-05
xdut.a|y__t37                      4.48548e-06
xdut.a|y__t18                          2.96985
xdut.vddr__t16                            2.97
xdut.vss__t16                      4.67773e-08
xdut.\$23                          3.87866e-06
xdut.a|y__t38                          2.96985
xdut.a|y__t19                      4.48738e-06
xdut.vddr__t17                            2.97
xdut.vss__t17                      6.05001e-09
xdut.\$19                          4.47444e-05
xdut.a|y__t39                      4.48946e-06
xdut.a|y__t110                         2.96985
xdut.vddr__t19                            2.97
xdut.vss__t19                      9.27494e-08
xdut.\$16                          3.88266e-06
xdut.a|y__t310                         2.96985
xdut.a|y__t311                     4.49137e-06
xdut.vddr__t20                            2.97
xdut.vss__t20                      1.00388e-08
xdut.vss__t1                      -6.20507e-23
xdut.vddr__t1                             2.97
xdut.\$14                         -3.40401e-16
xdut.\$13                         -4.16789e-16
xdut.a|y__t011                     4.49377e-06
xdut.a|y__t1                        1.0038e-23
xdut.en__t0                               2.97
xdut.\$27__t1                          1.27966
xdut.vss__t2                                 0
xdut.vddr__t2                          2.96933
xdut.a|y__t3                       0.000121109
xdut.a|y__t111                     4.49377e-06
xdut.\$27__t2                          1.27965
xdut.\$27__t0                          1.27965
xdut.en__t1                               2.97
xdut.a|y__t4                       3.65125e-11
xdut.vddr__t3                             2.97
xdut.vss__t3                                 0
xdut.\$29                              2.96986
xdut.a|y__t2                                 0
xdut.a|y__t12                          2.96985
xdut.vddr__t12                            2.97
xdut.vss__t12                                0
xdut.\$31                              2.96999
xdut.a|y__t22                          2.96985
xdut.a|y__t03                      4.49143e-06
xdut.vddr__t10                            2.97
xdut.vss__t10                                0
xdut.\$33                              2.96986
xdut.a|y__t23                      4.48935e-06
xdut.a|y__t04                          2.96985
xdut.vddr__t9                             2.97
xdut.vss__t9                                 0
xdut.\$35                              2.96999
xdut.a|y__t24                          2.96985
xdut.a|y__t05                      4.48745e-06
xdut.vddr__t7                             2.97
xdut.vss__t7                                 0
xdut.\$37                              2.96986
xdut.a|y__t25                      4.48536e-06
xdut.a|y__t06                          2.96985
xdut.vddr__t6                             2.97
xdut.vss__t6                                 0
xdut.\$39                              2.96999
xdut.a|y__t26                          2.96985
xdut.a|y__t07                      4.48756e-06
xdut.vddr__t4                             2.97
xdut.vss__t4                                 0
xdut.\$41                              2.96986
xdut.a|y__t27                      4.48548e-06
xdut.a|y__t08                          2.96985
xdut.vddr__t5                             2.97
xdut.vss__t5                                 0
xdut.\$43                              2.96999
xdut.a|y__t28                          2.96985
xdut.a|y__t09                      4.49155e-06
xdut.vddr__t8                             2.97
xdut.vss__t8                                 0
xdut.\$45                              2.96986
xdut.a|y__t29                      4.48946e-06
xdut.a|y__t010                         2.96985
xdut.vddr__t11                            2.97
xdut.vss__t11                                0
xdut.\$47                              2.96999
xdut.a|y__t210                         2.96985
xdut.a|y__t211                     4.49617e-06
xdut.\$27                              1.27965
n1                                           0
n2                                     2.96985
n3                                 4.48935e-06
n4                                     2.96985
n5                                 4.48536e-06
n6                                     2.96985
n7                                 4.48548e-06
n8                                     2.96985
n9                                 4.48946e-06
n10                                    2.96985
ro                                 4.49377e-06
ron                                1.51305e-06
bron#branch                                  0
een#branch                        -2.77556e-17
vvsubs#branch                      7.86793e-11
vvss#branch                        5.68568e-09
vsupply#branch                    -7.06958e-06


No. of Data Rows : 130008

  Measurements for Transient Analysis

period_s            =  1.67177e-08 targ=  1.76338e-07 trig=  1.59620e-07
supply_current_avg_a=  -1.38755e-05 from=  3.00000e-07 to=  1.30000e-06
ro_swing_v          =  2.89750e+00 from=  3.00000e-07 to=  1.30000e-06

ngspice-46 done
