
Note: Compatibility modes selected: hs a


Circuit: * ro-array-core-mc-freq-extracted-routed @ ss_125c_3.63v -- generated by sim/harness, do not edit

Doing analysis at TEMP = 125.000000 and TNOM = 27.000000

Using SPARSE 1.3 as Direct Linear Solver

Initial Transient Solution
--------------------------

Node                                   Voltage
----                                   -------
vsup                                      3.63
en                                        3.63
vddr1                                     3.63
vddr2                                     3.63
vdd                                       3.63
xdut.xr1.xcore.\$15                1.09812e-06
xdut.xr1.xcore.a\x7cy__t0                    0
xdut.xr1.xcore.a\x7cy__t02                3.63
vsubs                                0.0680641
xdut.xr1.xcore.vddr__t0                   3.63
xdut.xr1.xcore.vss__t0             2.11256e-09
xdut.xr1.xcore.\$17                3.14563e-07
xdut.xr1.xcore.a\x7cy__t32                3.63
xdut.xr1.xcore.a\x7cy__t13         3.60465e-07
xdut.xr1.xcore.vddr__t21                  3.63
xdut.xr1.xcore.vss__t21            4.92207e-10
xdut.xr1.xcore.\$18                5.68697e-07
xdut.xr1.xcore.a\x7cy__t33         3.60585e-07
xdut.xr1.xcore.a\x7cy__t14                3.63
xdut.xr1.xcore.vddr__t20                  3.63
xdut.xr1.xcore.vss__t20            5.61502e-10
xdut.xr1.xcore.\$20                3.81474e-07
xdut.xr1.xcore.a\x7cy__t34                3.63
xdut.xr1.xcore.a\x7cy__t15         4.37738e-07
xdut.xr1.xcore.vddr__t19                  3.63
xdut.xr1.xcore.vss__t19            1.93022e-10
xdut.xr1.xcore.\$21                7.45905e-07
xdut.xr1.xcore.a\x7cy__t35         4.37892e-07
xdut.xr1.xcore.a\x7cy__t16                3.63
xdut.xr1.xcore.vddr__t18                  3.63
xdut.xr1.xcore.vss__t18            4.54685e-11
xdut.xr1.xcore.\$22                3.14623e-07
xdut.xr1.xcore.a\x7cy__t36                3.63
xdut.xr1.xcore.a\x7cy__t17         3.61385e-07
xdut.xr1.xcore.vddr__t17                  3.63
xdut.xr1.xcore.vss__t17            1.71381e-10
xdut.xr1.xcore.\$24                1.23927e-06
xdut.xr1.xcore.a\x7cy__t37         3.61505e-07
xdut.xr1.xcore.a\x7cy__t18                3.63
xdut.xr1.xcore.vddr__t16                  3.63
xdut.xr1.xcore.vss__t16            1.22598e-09
xdut.xr1.xcore.\$23                3.21431e-07
xdut.xr1.xcore.a\x7cy__t38                3.63
xdut.xr1.xcore.a\x7cy__t19         3.69732e-07
xdut.xr1.xcore.vddr__t15                  3.63
xdut.xr1.xcore.vss__t15            5.17227e-10
xdut.xr1.xcore.\$19                 1.8961e-06
xdut.xr1.xcore.a\x7cy__t39         3.69858e-07
xdut.xr1.xcore.a\x7cy__t110            3.62999
xdut.xr1.xcore.vddr__t14                  3.63
xdut.xr1.xcore.vss__t14            3.65593e-09
xdut.xr1.xcore.\$16                3.05559e-07
xdut.xr1.xcore.a\x7cy__t310            3.62999
xdut.xr1.xcore.a\x7cy__t311        3.50819e-07
xdut.xr1.xcore.vddr__t13                  3.63
xdut.xr1.xcore.vss__t13            8.15052e-10
xdut.xr1.xcore.vss__t1              2.8992e-10
xdut.xr1.xcore.vddr__t1                   3.63
xdut.xr1.xcore.\$14                8.37338e-08
xdut.xr1.xcore.\$13                8.75379e-08
xdut.xr1.xcore.a\x7cy__t011        3.50953e-07
xdut.xr1.xcore.a\x7cy__t1           1.4652e-11
xdut.xr1.xcore.en__t0                     3.63
xdut.xr1.xcore.\$27__t1                1.72963
xdut.xr1.xcore.vss__t2                       0
xdut.xr1.xcore.vddr__t2                3.62925
xdut.xr1.xcore.\$28                    3.47714
xdut.xr1.xcore.a\x7cy__t3           0.00013736
xdut.xr1.xcore.a\x7cy__t111        3.50953e-07
xdut.xr1.xcore.\$27__t2                1.72963
xdut.xr1.xcore.\$27__t0                1.72963
xdut.xr1.xcore.en__t1                     3.63
xdut.xr1.xcore.a\x7cy__t4          4.30075e-11
xdut.xr1.xcore.vddr__t3                   3.63
xdut.xr1.xcore.vss__t3                       0
xdut.xr1.xcore.\$29                       3.63
xdut.xr1.xcore.\$30                    3.62986
xdut.xr1.xcore.a\x7cy__t2                    0
xdut.xr1.xcore.a\x7cy__t12                3.63
xdut.xr1.xcore.vddr__t12                  3.63
xdut.xr1.xcore.vss__t12                      0
xdut.xr1.xcore.\$31                       3.63
xdut.xr1.xcore.\$32                    3.53452
xdut.xr1.xcore.a\x7cy__t22                3.63
xdut.xr1.xcore.a\x7cy__t03         3.60706e-07
xdut.xr1.xcore.vddr__t11                  3.63
xdut.xr1.xcore.vss__t11                      0
xdut.xr1.xcore.\$33                       3.63
xdut.xr1.xcore.\$34                    3.62986
xdut.xr1.xcore.a\x7cy__t23         3.60585e-07
xdut.xr1.xcore.a\x7cy__t04                3.63
xdut.xr1.xcore.vddr__t10                  3.63
xdut.xr1.xcore.vss__t10                      0
xdut.xr1.xcore.\$35                       3.63
xdut.xr1.xcore.\$36                    3.53446
xdut.xr1.xcore.a\x7cy__t24                3.63
xdut.xr1.xcore.a\x7cy__t05         4.38046e-07
xdut.xr1.xcore.vddr__t9                   3.63
xdut.xr1.xcore.vss__t9                       0
xdut.xr1.xcore.\$37                       3.63
xdut.xr1.xcore.\$38                    3.62986
xdut.xr1.xcore.a\x7cy__t25         4.37892e-07
xdut.xr1.xcore.a\x7cy__t06                3.63
xdut.xr1.xcore.vddr__t8                   3.63
xdut.xr1.xcore.vss__t8                       0
xdut.xr1.xcore.\$39                       3.63
xdut.xr1.xcore.\$40                    3.53452
xdut.xr1.xcore.a\x7cy__t26                3.63
xdut.xr1.xcore.a\x7cy__t07         3.61625e-07
xdut.xr1.xcore.vddr__t7                   3.63
xdut.xr1.xcore.vss__t7                       0
xdut.xr1.xcore.\$41                       3.63
xdut.xr1.xcore.\$42                    3.62986
xdut.xr1.xcore.a\x7cy__t27         3.61505e-07
xdut.xr1.xcore.a\x7cy__t08                3.63
xdut.xr1.xcore.vddr__t6                   3.63
xdut.xr1.xcore.vss__t6                       0
xdut.xr1.xcore.\$43                       3.63
xdut.xr1.xcore.\$44                    3.53451
xdut.xr1.xcore.a\x7cy__t28                3.63
xdut.xr1.xcore.a\x7cy__t09         3.69984e-07
xdut.xr1.xcore.vddr__t5                   3.63
xdut.xr1.xcore.vss__t5                       0
xdut.xr1.xcore.\$45                    3.62999
xdut.xr1.xcore.\$46                    3.62986
xdut.xr1.xcore.a\x7cy__t29         3.69858e-07
xdut.xr1.xcore.a\x7cy__t010            3.62999
xdut.xr1.xcore.vddr__t4                   3.63
xdut.xr1.xcore.vss__t4                       0
xdut.xr1.xcore.\$47                       3.63
xdut.xr1.xcore.\$48                    3.53453
xdut.xr1.xcore.a\x7cy__t210            3.62999
xdut.xr1.xcore.a\x7cy__t211        3.51088e-07
xdut.xr1.xcore.\$27                    1.72963
xdut.xr1.n1                                  0
xdut.xr1.n2                               3.63
xdut.xr1.n3                        3.60585e-07
xdut.xr1.n4                               3.63
xdut.xr1.n5                        4.37892e-07
xdut.xr1.n6                               3.63
xdut.xr1.n7                        3.61505e-07
xdut.xr1.n8                               3.63
xdut.xr1.n9                        3.69858e-07
xdut.xr1.n10                           3.62999
xdut.rn1                           3.50953e-07
xdut.xr2.xcore.vss__t0              2.9172e-10
xdut.xr2.xcore.vddr__t0                   3.63
xdut.xr2.xcore.\$15                 7.6355e-08
xdut.xr2.xcore.\$14                8.00523e-08
xdut.xr2.xcore.a\x7cy__t2           3.5579e-07
xdut.xr2.xcore.a\x7cy__t02          1.4652e-11
xdut.xr2.xcore.en__t0                     3.63
xdut.xr2.xcore.\$17                  6.294e-07
xdut.xr2.xcore.a\x7cy__t12                   0
xdut.xr2.xcore.a\x7cy__t33                3.63
xdut.xr2.xcore.vss__t1             1.35946e-09
xdut.xr2.xcore.vddr__t1                   3.63
xdut.xr2.xcore.\$18                2.86804e-07
xdut.xr2.xcore.a\x7cy__t13                3.63
xdut.xr2.xcore.a\x7cy__t34         3.32429e-07
xdut.xr2.xcore.vss__t21            4.92983e-10
xdut.xr2.xcore.vddr__t21                  3.63
xdut.xr2.xcore.\$20                8.54667e-07
xdut.xr2.xcore.a\x7cy__t14         3.32544e-07
xdut.xr2.xcore.a\x7cy__t35                3.63
xdut.xr2.xcore.vss__t20            8.94371e-10
xdut.xr2.xcore.vddr__t20                  3.63
xdut.xr2.xcore.\$21                3.12099e-07
xdut.xr2.xcore.a\x7cy__t15                3.63
xdut.xr2.xcore.a\x7cy__t36         3.60578e-07
xdut.xr2.xcore.vss__t19            1.73696e-10
xdut.xr2.xcore.vddr__t19                  3.63
xdut.xr2.xcore.\$23                1.13562e-06
xdut.xr2.xcore.a\x7cy__t16         3.60705e-07
xdut.xr2.xcore.a\x7cy__t37                3.63
xdut.xr2.xcore.vss__t18            7.46075e-11
xdut.xr2.xcore.vddr__t18                  3.63
xdut.xr2.xcore.\$24                2.90366e-07
xdut.xr2.xcore.a\x7cy__t17                3.63
xdut.xr2.xcore.a\x7cy__t38         3.36324e-07
xdut.xr2.xcore.vss__t17              1.741e-10
xdut.xr2.xcore.vddr__t17                  3.63
xdut.xr2.xcore.\$25                1.87213e-06
xdut.xr2.xcore.a\x7cy__t18         3.36441e-07
xdut.xr2.xcore.a\x7cy__t39             3.62999
xdut.xr2.xcore.vss__t16            1.96536e-09
xdut.xr2.xcore.vddr__t16                  3.63
xdut.xr2.xcore.\$22                3.87124e-07
xdut.xr2.xcore.a\x7cy__t19             3.62999
xdut.xr2.xcore.a\x7cy__t310        4.51073e-07
xdut.xr2.xcore.vss__t15            6.60043e-10
xdut.xr2.xcore.vddr__t15                  3.63
xdut.xr2.xcore.\$19                4.07301e-07
xdut.xr2.xcore.a\x7cy__t110        4.51241e-07
xdut.xr2.xcore.a\x7cy__t311               3.63
xdut.xr2.xcore.vss__t14            9.18709e-10
xdut.xr2.xcore.vddr__t14                  3.63
xdut.xr2.xcore.\$16                3.07667e-07
xdut.xr2.xcore.a\x7cy__t111               3.63
xdut.xr2.xcore.a\x7cy__t0          3.55645e-07
xdut.xr2.xcore.vss__t13            8.85641e-10
xdut.xr2.xcore.vddr__t13                  3.63
xdut.xr2.xcore.\$27__t1                1.70938
xdut.xr2.xcore.vss__t2                       0
xdut.xr2.xcore.vddr__t2                3.62918
xdut.xr2.xcore.\$28                    3.47663
xdut.xr2.xcore.a\x7cy__t32         0.000147799
xdut.xr2.xcore.a\x7cy__t3           3.5579e-07
xdut.xr2.xcore.\$27__t2                1.70937
xdut.xr2.xcore.\$27__t0                1.70937
xdut.xr2.xcore.en__t1                     3.63
xdut.xr2.xcore.a\x7cy__t4          4.30013e-11
xdut.xr2.xcore.vddr__t3                   3.63
xdut.xr2.xcore.vss__t3                       0
xdut.xr2.xcore.\$29                       3.63
xdut.xr2.xcore.\$30                    3.62986
xdut.xr2.xcore.a\x7cy__t22                   0
xdut.xr2.xcore.a\x7cy__t23                3.63
xdut.xr2.xcore.vddr__t12                  3.63
xdut.xr2.xcore.vss__t12                      0
xdut.xr2.xcore.\$31                       3.63
xdut.xr2.xcore.\$32                    3.53417
xdut.xr2.xcore.a\x7cy__t03                3.63
xdut.xr2.xcore.a\x7cy__t24         3.32659e-07
xdut.xr2.xcore.vddr__t11                  3.63
xdut.xr2.xcore.vss__t11                      0
xdut.xr2.xcore.\$33                       3.63
xdut.xr2.xcore.\$34                    3.62986
xdut.xr2.xcore.a\x7cy__t04         3.32544e-07
xdut.xr2.xcore.a\x7cy__t25                3.63
xdut.xr2.xcore.vddr__t10                  3.63
xdut.xr2.xcore.vss__t10                      0
xdut.xr2.xcore.\$35                       3.63
xdut.xr2.xcore.\$36                    3.53415
xdut.xr2.xcore.a\x7cy__t05                3.63
xdut.xr2.xcore.a\x7cy__t26         3.60832e-07
xdut.xr2.xcore.vddr__t9                   3.63
xdut.xr2.xcore.vss__t9                       0
xdut.xr2.xcore.\$37                       3.63
xdut.xr2.xcore.\$38                    3.62986
xdut.xr2.xcore.a\x7cy__t06         3.60705e-07
xdut.xr2.xcore.a\x7cy__t27                3.63
xdut.xr2.xcore.vddr__t8                   3.63
xdut.xr2.xcore.vss__t8                       0
xdut.xr2.xcore.\$39                       3.63
xdut.xr2.xcore.\$40                    3.53417
xdut.xr2.xcore.a\x7cy__t07                3.63
xdut.xr2.xcore.a\x7cy__t28         3.36558e-07
xdut.xr2.xcore.vddr__t7                   3.63
xdut.xr2.xcore.vss__t7                       0
xdut.xr2.xcore.\$41                    3.62999
xdut.xr2.xcore.\$42                    3.62986
xdut.xr2.xcore.a\x7cy__t08         3.36441e-07
xdut.xr2.xcore.a\x7cy__t29             3.62999
xdut.xr2.xcore.vddr__t6                   3.63
xdut.xr2.xcore.vss__t6                       0
xdut.xr2.xcore.\$43                       3.63
xdut.xr2.xcore.\$44                    3.53408
xdut.xr2.xcore.a\x7cy__t09             3.62999
xdut.xr2.xcore.a\x7cy__t210        4.51409e-07
xdut.xr2.xcore.vddr__t5                   3.63
xdut.xr2.xcore.vss__t5                       0
xdut.xr2.xcore.\$45                       3.63
xdut.xr2.xcore.\$46                    3.62986
xdut.xr2.xcore.a\x7cy__t010        4.51241e-07
xdut.xr2.xcore.a\x7cy__t211               3.63
xdut.xr2.xcore.vddr__t4                   3.63
xdut.xr2.xcore.vss__t4                       0
xdut.xr2.xcore.\$47                       3.63
xdut.xr2.xcore.\$48                    3.53415
xdut.xr2.xcore.a\x7cy__t011               3.63
xdut.xr2.xcore.a\x7cy__t1          3.55934e-07
xdut.xr2.xcore.\$27                    1.70937
xdut.rn2                            3.5579e-07
xdut.xr2.n1                                  0
xdut.xr2.n2                               3.63
xdut.xr2.n3                        3.32544e-07
xdut.xr2.n4                               3.63
xdut.xr2.n5                        3.60705e-07
xdut.xr2.n6                               3.63
xdut.xr2.n7                        3.36441e-07
xdut.xr2.n8                            3.62999
xdut.xr2.n9                        4.51241e-07
xdut.xr2.n10                              3.63
xdut.xb1.vss__t0                   2.67666e-12
xdut.xb1.a__t0                     3.50953e-07
xdut.xb1.y__t0                            3.63
xdut.xb1.vdd__t0                          3.63
xdut.xb1.a__t1                     3.50953e-07
xdut.xb1.y__t1                            3.63
xdut.xb1.\$5                           3.62936
ro1                                       3.63
xdut.xb2.vss__t0                    2.9979e-12
xdut.xb2.a__t0                      3.5579e-07
xdut.xb2.y__t0                            3.63
xdut.xb2.vdd__t0                          3.63
xdut.xb2.a__t1                      3.5579e-07
xdut.xb2.y__t1                            3.63
xdut.xb2.\$5                           3.62936
ro2                                       3.63
xdut.xa1.\$2__t0                   5.26822e-08
xdut.xa1.a__t0                            3.63
xdut.xa1.vss__t0                    3.1388e-11
xdut.xa1.\$3__t3                   4.35383e-08
xdut.xa1.b__t1                            3.63
xdut.xa1.vss__t3                   1.48975e-11
xdut.xa1.y__t3                     2.38663e-07
xdut.xa1.a__t3                            3.63
xdut.xa1.\$4__t1                   1.21981e-07
xdut.xa1.\$4__t0                   1.21798e-07
xdut.xa1.b__t3                            3.63
xdut.xa1.vss__t1                   3.71519e-11
xdut.xa1.y__t2                     2.38775e-07
xdut.xa1.\$2__t1                   5.29697e-08
xdut.xa1.\$6__t1                     0.0187958
xdut.xa1.\$6__t0                     0.0187958
xdut.xa1.\$3__t2                   4.37703e-08
xdut.xa1.vss__t2                   7.26939e-12
xdut.xa1.\$2__t2                   5.30465e-08
xdut.xa1.a__t1                            3.63
xdut.xa1.vdd__t0                          3.63
xdut.xa1.\$11                          3.50704
xdut.xa1.\$3__t1                   4.38323e-08
xdut.xa1.b__t0                            3.63
xdut.xa1.vdd__t3                          3.63
xdut.xa1.\$8__t3                      0.761686
xdut.xa1.a__t2                            3.63
xdut.xa1.vdd__t1                          3.63
xdut.xa1.\$8__t2                      0.761686
xdut.xa1.b__t2                            3.63
xdut.xa1.vdd__t2                          3.63
xdut.xa1.y__t0                     2.38806e-07
xdut.xa1.\$2__t3                   5.29697e-08
xdut.xa1.\$8__t1                      0.761686
xdut.xa1.y__t1                     2.38817e-07
xdut.xa1.\$3__t0                   4.37703e-08
xdut.xa1.\$8__t0                      0.761686
xdut.xa1.\$2                       5.29697e-08
xdut.xa1.\$3                       4.37703e-08
xdut.xa1.\$4                        1.2189e-07
xdut.xa1.\$6                         0.0187958
xdut.xa1.\$8                          0.761686
xo                                 2.38771e-07
q1                                -8.01187e-16
q2                                -8.62072e-16
qt                                -1.05675e-20
vth                                      1.815
bvth#branch                                  0
vtr#branch                         1.05675e-10
vr2#branch                         8.62072e-06
vr1#branch                         8.01187e-06
ven#branch                        -4.92434e-17
vsup#branch                       -1.66327e-05

 Reference value :  0.00000e+00
 Reference value :  5.06280e-10
 Reference value :  1.04328e-09
 Reference value :  1.55828e-09
 Reference value :  2.08528e-09
 Reference value :  2.61128e-09
 Reference value :  3.21828e-09
 Reference value :  3.71628e-09
 Reference value :  4.19128e-09
 Reference value :  4.68428e-09
 Reference value :  5.15228e-09
 Reference value :  5.57928e-09
 Reference value :  6.05228e-09
 Reference value :  6.52028e-09
 Reference value :  7.01028e-09
 Reference value :  7.64428e-09
 Reference value :  8.21528e-09
 Reference value :  8.73128e-09
 Reference value :  9.26028e-09
 Reference value :  9.76128e-09
 Reference value :  1.03123e-08
 Reference value :  1.08173e-08
 Reference value :  1.13233e-08
 Reference value :  1.18363e-08
 Reference value :  1.23453e-08
 Reference value :  1.28523e-08
 Reference value :  1.33613e-08
 Reference value :  1.38903e-08
 Reference value :  1.44043e-08
 Reference value :  1.49353e-08
 Reference value :  1.54593e-08
 Reference value :  1.59843e-08
 Reference value :  1.65033e-08
 Reference value :  1.70123e-08
 Reference value :  1.75243e-08
 Reference value :  1.80393e-08
 Reference value :  1.85443e-08
 Reference value :  1.90633e-08
 Reference value :  1.95853e-08
 Reference value :  2.01133e-08
 Reference value :  2.06353e-08
 Reference value :  2.11563e-08
 Reference value :  2.16863e-08
 Reference value :  2.22053e-08
 Reference value :  2.27283e-08
 Reference value :  2.32593e-08
 Reference value :  2.37713e-08
 Reference value :  2.42923e-08
 Reference value :  2.48043e-08
 Reference value :  2.53323e-08
 Reference value :  2.58623e-08
 Reference value :  2.63693e-08
 Reference value :  2.68703e-08
 Reference value :  2.73863e-08
 Reference value :  2.79073e-08
 Reference value :  2.84913e-08
 Reference value :  2.90443e-08
 Reference value :  2.95613e-08
 Reference value :  3.00863e-08
 Reference value :  3.05953e-08
 Reference value :  3.11103e-08
 Reference value :  3.16343e-08
 Reference value :  3.21613e-08
 Reference value :  3.26813e-08
 Reference value :  3.32043e-08
 Reference value :  3.37373e-08
 Reference value :  3.42773e-08
 Reference value :  3.47903e-08
 Reference value :  3.52903e-08
 Reference value :  3.58153e-08
 Reference value :  3.63333e-08
 Reference value :  3.68553e-08
 Reference value :  3.73863e-08
 Reference value :  3.79143e-08
 Reference value :  3.84393e-08
 Reference value :  3.89503e-08
 Reference value :  3.94593e-08
 Reference value :  3.99663e-08
 Reference value :  4.04903e-08
 Reference value :  4.10013e-08
 Reference value :  4.15283e-08
 Reference value :  4.20603e-08
 Reference value :  4.25923e-08
 Reference value :  4.31203e-08
 Reference value :  4.36503e-08
 Reference value :  4.41703e-08
 Reference value :  4.46893e-08
 Reference value :  4.52083e-08
 Reference value :  4.57273e-08
 Reference value :  4.62723e-08
 Reference value :  4.68093e-08
 Reference value :  4.73353e-08
 Reference value :  4.78623e-08
 Reference value :  4.83923e-08
 Reference value :  4.89033e-08
 Reference value :  4.94063e-08
 Reference value :  5.00043e-08
 Reference value :  5.05143e-08
 Reference value :  5.11193e-08
 Reference value :  5.16433e-08
 Reference value :  5.21723e-08
 Reference value :  5.27033e-08
 Reference value :  5.32453e-08
 Reference value :  5.37663e-08
 Reference value :  5.42923e-08
 Reference value :  5.48193e-08
 Reference value :  5.53393e-08
 Reference value :  5.58713e-08
 Reference value :  5.64093e-08
 Reference value :  5.69433e-08
 Reference value :  5.74743e-08
 Reference value :  5.80053e-08
 Reference value :  5.85233e-08
 Reference value :  5.90193e-08
 Reference value :  5.95213e-08
 Reference value :  6.00413e-08
 Reference value :  6.05583e-08
 Reference value :  6.10793e-08
 Reference value :  6.16033e-08
 Reference value :  6.21303e-08
 Reference value :  6.26603e-08
 Reference value :  6.31833e-08
 Reference value :  6.37063e-08
 Reference value :  6.42253e-08
 Reference value :  6.47573e-08
 Reference value :  6.52833e-08
 Reference value :  6.58073e-08
 Reference value :  6.63413e-08
 Reference value :  6.68513e-08
 Reference value :  6.73603e-08
 Reference value :  6.78643e-08
 Reference value :  6.84123e-08
 Reference value :  6.89373e-08
 Reference value :  6.94593e-08
 Reference value :  6.99793e-08
 Reference value :  7.05063e-08
 Reference value :  7.10283e-08
 Reference value :  7.15393e-08
 Reference value :  7.20493e-08
 Reference value :  7.25813e-08
 Reference value :  7.31063e-08
 Reference value :  7.36273e-08
 Reference value :  7.41353e-08
 Reference value :  7.46513e-08
 Reference value :  7.51603e-08
 Reference value :  7.56683e-08
 Reference value :  7.61773e-08
 Reference value :  7.66883e-08
 Reference value :  7.71823e-08
 Reference value :  7.76883e-08
 Reference value :  7.82083e-08
 Reference value :  7.87093e-08
 Reference value :  7.92123e-08
 Reference value :  7.97383e-08
 Reference value :  8.02713e-08
 Reference value :  8.07983e-08
 Reference value :  8.13173e-08
 Reference value :  8.18273e-08
 Reference value :  8.23703e-08
 Reference value :  8.28723e-08
 Reference value :  8.34133e-08
 Reference value :  8.39363e-08
 Reference value :  8.44633e-08
 Reference value :  8.49843e-08
 Reference value :  8.55183e-08
 Reference value :  8.60373e-08
 Reference value :  8.65633e-08
 Reference value :  8.70583e-08
 Reference value :  8.75603e-08
 Reference value :  8.80623e-08
 Reference value :  8.85613e-08
 Reference value :  8.90623e-08
 Reference value :  8.95523e-08
 Reference value :  9.00383e-08
 Reference value :  9.04983e-08
 Reference value :  9.09423e-08
 Reference value :  9.13803e-08
 Reference value :  9.18183e-08
 Reference value :  9.22773e-08
 Reference value :  9.27183e-08
 Reference value :  9.31713e-08
 Reference value :  9.36293e-08
 Reference value :  9.40933e-08
 Reference value :  9.45593e-08
 Reference value :  9.50293e-08
 Reference value :  9.55063e-08
 Reference value :  9.59583e-08
 Reference value :  9.64113e-08
 Reference value :  9.68913e-08
 Reference value :  9.73573e-08
 Reference value :  9.78283e-08
 Reference value :  9.82673e-08
 Reference value :  9.87313e-08
 Reference value :  9.92043e-08
 Reference value :  9.96623e-08
 Reference value :  1.00125e-07
 Reference value :  1.00585e-07
 Reference value :  1.01060e-07
 Reference value :  1.01520e-07
 Reference value :  1.01987e-07
 Reference value :  1.02458e-07
 Reference value :  1.02931e-07
 Reference value :  1.03398e-07
 Reference value :  1.03856e-07
 Reference value :  1.04337e-07
 Reference value :  1.04803e-07
 Reference value :  1.05275e-07
 Reference value :  1.05744e-07
 Reference value :  1.06214e-07
 Reference value :  1.06695e-07
 Reference value :  1.07149e-07
 Reference value :  1.07623e-07
 Reference value :  1.08084e-07
 Reference value :  1.08555e-07
 Reference value :  1.09040e-07
 Reference value :  1.09532e-07
 Reference value :  1.10022e-07
 Reference value :  1.10505e-07
 Reference value :  1.10992e-07
 Reference value :  1.11489e-07
 Reference value :  1.11961e-07
 Reference value :  1.12457e-07
 Reference value :  1.12936e-07
 Reference value :  1.13434e-07
 Reference value :  1.13919e-07
 Reference value :  1.14400e-07
 Reference value :  1.14863e-07
 Reference value :  1.15346e-07
 Reference value :  1.15838e-07
 Reference value :  1.16313e-07
 Reference value :  1.16797e-07
 Reference value :  1.17263e-07
 Reference value :  1.17738e-07
 Reference value :  1.18214e-07
 Reference value :  1.18693e-07
 Reference value :  1.19177e-07
 Reference value :  1.19659e-07
 Reference value :  1.20142e-07
 Reference value :  1.20603e-07
 Reference value :  1.21089e-07
 Reference value :  1.21579e-07
 Reference value :  1.22058e-07
 Reference value :  1.22540e-07
 Reference value :  1.23007e-07
 Reference value :  1.23479e-07
 Reference value :  1.23965e-07
 Reference value :  1.24446e-07
 Reference value :  1.24927e-07
 Reference value :  1.25419e-07
 Reference value :  1.25895e-07
 Reference value :  1.26377e-07
 Reference value :  1.26864e-07
 Reference value :  1.27339e-07
 Reference value :  1.27799e-07
 Reference value :  1.28263e-07
 Reference value :  1.28727e-07
 Reference value :  1.29197e-07
 Reference value :  1.29650e-07
 Reference value :  1.30101e-07
 Reference value :  1.30572e-07
 Reference value :  1.31077e-07
 Reference value :  1.31538e-07
 Reference value :  1.32019e-07
 Reference value :  1.32493e-07
 Reference value :  1.32966e-07
 Reference value :  1.33417e-07
 Reference value :  1.33902e-07
 Reference value :  1.34397e-07
 Reference value :  1.34885e-07
 Reference value :  1.35375e-07
 Reference value :  1.35862e-07
 Reference value :  1.36314e-07
 Reference value :  1.36772e-07
 Reference value :  1.37242e-07
 Reference value :  1.37729e-07
 Reference value :  1.38225e-07
 Reference value :  1.38717e-07
 Reference value :  1.39176e-07
 Reference value :  1.39626e-07
 Reference value :  1.40090e-07
 Reference value :  1.40577e-07
 Reference value :  1.41092e-07
 Reference value :  1.41561e-07
 Reference value :  1.42017e-07
 Reference value :  1.42485e-07
 Reference value :  1.42919e-07
 Reference value :  1.43388e-07
 Reference value :  1.43857e-07
 Reference value :  1.44362e-07
 Reference value :  1.44824e-07
 Reference value :  1.45295e-07
 Reference value :  1.45737e-07
 Reference value :  1.46192e-07
 Reference value :  1.46650e-07
 Reference value :  1.47130e-07
 Reference value :  1.47631e-07
 Reference value :  1.48105e-07
 Reference value :  1.48573e-07
 Reference value :  1.49040e-07
 Reference value :  1.49509e-07
 Reference value :  1.49985e-07
 Reference value :  1.50470e-07
 Reference value :  1.50951e-07
 Reference value :  1.51411e-07
 Reference value :  1.51865e-07
 Reference value :  1.52338e-07
 Reference value :  1.52799e-07
 Reference value :  1.53271e-07
 Reference value :  1.53708e-07
 Reference value :  1.54186e-07
 Reference value :  1.54648e-07
 Reference value :  1.55119e-07
 Reference value :  1.55565e-07
 Reference value :  1.56026e-07
 Reference value :  1.56502e-07
 Reference value :  1.56978e-07
 Reference value :  1.57470e-07
 Reference value :  1.57947e-07
 Reference value :  1.58413e-07
 Reference value :  1.58885e-07
 Reference value :  1.59361e-07
 Reference value :  1.59824e-07
No. of Data Rows : 160008
t1a                 =  3.44774e-08
t1b                 =  1.04140e-07
t2a                 =  3.26302e-08
t2b                 =  9.87090e-08
c1a                 =  -4.82343e-04
c1b                 =  -1.44807e-03
c2a                 =  -4.81626e-04
c2b                 =  -1.44455e-03
m_period_r1 = 1.7415640000e-08
m_period_r2 = 1.6519690000e-08
m_f_r1 = 5.7419652680e+07
m_f_r2 = 6.0533823577e+07
m_i_r1_a = -1.386289134e-05
m_i_r2_a = -1.457232097e-05
Note: Simulation executed from .control section 

Warning: m=xx on .subckt line will override multiplier m hierarchy!

Note: Starting dynamic gmin stepping
Note: Dynamic gmin stepping completed
