
Note: Compatibility modes selected: hs a


Circuit: * ro-inv-05stage-jitter @ ss_-40c_2.97v -- generated by sim/harness, do not edit

Doing analysis at TEMP = -40.000000 and TNOM = 27.000000

Using SPARSE 1.3 as Direct Linear Solver

Initial Transient Solution
--------------------------

Node                                   Voltage
----                                   -------
vdd                                       2.97
n2                                        2.97
g1                                           0
n3                                 4.45773e-09
g2                                        2.97
n4                                        2.97
g3                                 4.45773e-09
n5                                 4.45773e-09
g4                                        2.97
n1                                           0
g5                                 4.45773e-09
xing                                    -1.485
xs40                                    -1.188
xs60                                    -1.782
bs60#branch                                  0
bs40#branch                                  0
bxing#branch                                 0
vn5#branch                                   0
vn4#branch                                   0
vn3#branch                                   0
vn2#branch                                   0
vn1#branch                                   0
vdd#branch                         -0.00037949

 Reference value :  1.00000e-10
 Reference value :  2.95650e-09
 Reference value :  5.78030e-09
 Reference value :  8.64010e-09
 Reference value :  1.15585e-08
 Reference value :  1.45335e-08
 Reference value :  1.75400e-08
 Reference value :  2.05365e-08
 Reference value :  2.35601e-08
 Reference value :  2.64100e-08
 Reference value :  2.91625e-08
 Reference value :  3.25215e-08
 Reference value :  3.52325e-08
 Reference value :  3.80725e-08
 Reference value :  4.08145e-08
 Reference value :  4.35785e-08
 Reference value :  4.66365e-08
 Reference value :  4.95025e-08
 Reference value :  5.22925e-08
 Reference value :  5.49865e-08
 Reference value :  5.79155e-08
 Reference value :  6.13835e-08
 Reference value :  6.42715e-08
 Reference value :  6.70565e-08
 Reference value :  6.99535e-08
 Reference value :  7.31825e-08
 Reference value :  7.59585e-08
 Reference value :  7.89365e-08
 Reference value :  8.20515e-08
 Reference value :  8.48565e-08
 Reference value :  8.76615e-08
 Reference value :  9.06085e-08
 Reference value :  9.33592e-08
 Reference value :  9.63355e-08
 Reference value :  9.92400e-08
 Reference value :  1.01996e-07
 Reference value :  1.04804e-07
 Reference value :  1.07740e-07
 Reference value :  1.10815e-07
 Reference value :  1.13990e-07
 Reference value :  1.17351e-07
 Reference value :  1.20351e-07
 Reference value :  1.23659e-07
 Reference value :  1.27140e-07
 Reference value :  1.30530e-07
 Reference value :  1.33976e-07
 Reference value :  1.37145e-07
 Reference value :  1.40709e-07
 Reference value :  1.43888e-07
 Reference value :  1.47261e-07
 Reference value :  1.50183e-07
 Reference value :  1.53610e-07
 Reference value :  1.56735e-07
 Reference value :  1.60291e-07
 Reference value :  1.63567e-07
 Reference value :  1.66560e-07
 Reference value :  1.69755e-07
No. of Data Rows : 221009
ts40                =  2.96338e-09
ts60                =  2.98464e-09
tk                  =  7.76456e-10
tk                  =  1.50904e-09
tk                  =  2.24134e-09
tk                  =  2.97367e-09
tk                  =  3.70587e-09
tk                  =  4.43808e-09
tk                  =  5.17040e-09
tk                  =  5.90251e-09
tk                  =  6.63465e-09
tk                  =  7.36723e-09
tk                  =  8.09946e-09
tk                  =  8.83172e-09
tk                  =  9.56404e-09
tk                  =  1.02963e-08
tk                  =  1.10286e-08
tk                  =  1.17610e-08
tk                  =  1.24934e-08
tk                  =  1.32258e-08
tk                  =  1.39582e-08
tk                  =  1.46905e-08
tk                  =  1.54229e-08
tk                  =  1.61552e-08
tk                  =  1.68876e-08
tk                  =  1.76199e-08
tk                  =  1.83520e-08
tk                  =  1.90844e-08
tk                  =  1.98167e-08
tk                  =  2.05489e-08
tk                  =  2.12811e-08
tk                  =  2.20135e-08
tk                  =  2.27457e-08
tk                  =  2.34781e-08
tk                  =  2.42102e-08
tk                  =  2.49424e-08
tk                  =  2.56749e-08
tk                  =  2.64073e-08
tk                  =  2.71397e-08
tk                  =  2.78720e-08
tk                  =  2.86041e-08
tk                  =  2.93362e-08
tk                  =  3.00686e-08
tk                  =  3.08010e-08
tk                  =  3.15333e-08
tk                  =  3.22655e-08
tk                  =  3.29978e-08
tk                  =  3.37301e-08
tk                  =  3.44624e-08
tk                  =  3.51947e-08
tk                  =  3.59271e-08
tk                  =  3.66592e-08
tk                  =  3.73914e-08
tk                  =  3.81237e-08
tk                  =  3.88561e-08
tk                  =  3.95883e-08
tk                  =  4.03206e-08
tk                  =  4.10530e-08
tk                  =  4.17851e-08
tk                  =  4.25175e-08
tk                  =  4.32497e-08
tk                  =  4.39820e-08
tk                  =  4.47144e-08
tk                  =  4.54469e-08
tk                  =  4.61791e-08
tk                  =  4.69113e-08
tk                  =  4.76433e-08
tk                  =  4.83759e-08
tk                  =  4.91083e-08
tk                  =  4.98406e-08
tk                  =  5.05728e-08
tk                  =  5.13052e-08
tk                  =  5.20373e-08
tk                  =  5.27695e-08
tk                  =  5.35016e-08
tk                  =  5.42339e-08
tk                  =  5.49662e-08
tk                  =  5.56985e-08
tk                  =  5.64308e-08
tk                  =  5.71633e-08
tk                  =  5.78957e-08
tk                  =  5.86278e-08
tk                  =  5.93601e-08
tk                  =  6.00923e-08
tk                  =  6.08246e-08
tk                  =  6.15569e-08
tk                  =  6.22891e-08
tk                  =  6.30215e-08
tk                  =  6.37538e-08
tk                  =  6.44861e-08
tk                  =  6.52183e-08
tk                  =  6.59509e-08
tk                  =  6.66832e-08
tk                  =  6.74154e-08
tk                  =  6.81478e-08
tk                  =  6.88801e-08
tk                  =  6.96126e-08
tk                  =  7.03450e-08
tk                  =  7.10773e-08
tk                  =  7.18093e-08
tk                  =  7.25417e-08
tk                  =  7.32741e-08
tk                  =  7.40063e-08
tk                  =  7.47388e-08
tk                  =  7.54709e-08
tk                  =  7.62031e-08
tk                  =  7.69355e-08
tk                  =  7.76678e-08
tk                  =  7.84001e-08
tk                  =  7.91326e-08
tk                  =  7.98651e-08
tk                  =  8.05975e-08
tk                  =  8.13300e-08
tk                  =  8.20623e-08
tk                  =  8.27946e-08
tk                  =  8.35271e-08
tk                  =  8.42593e-08
tk                  =  8.49916e-08
tk                  =  8.57239e-08
tk                  =  8.64562e-08
tk                  =  8.71885e-08
tk                  =  8.79209e-08
tk                  =  8.86533e-08
tk                  =  8.93858e-08
tk                  =  9.01180e-08
tk                  =  9.08502e-08
tk                  =  9.15825e-08
tk                  =  9.23145e-08
tk                  =  9.30468e-08
tk                  =  9.37790e-08
tk                  =  9.45114e-08
m_period = 7.3230448594e-10
m_f_osc = 1.3655521975e+09
m_slew_v_per_s = 2.7929283430e+10
m_sigma_1 = 1.1816831099e-13
m_sigma_2 = 1.6425424403e-13
m_sigma_4 = 2.2452774114e-13
m_sigma_8 = 2.9959712771e-13
m_sigma_16 = 4.2508695623e-13
m_sigma_32 = 6.6056792458e-13
Note: Simulation executed from .control section 

Warning: m=xx on .subckt line will override multiplier m hierarchy!

