
Note: Compatibility modes selected: hs a


Circuit: * sampler-dff-reset-current-xsb @ ff_-40c_2.97v -- generated by sim/harness, do not edit

Doing analysis at TEMP = -40.000000 and TNOM = 27.000000

Using SPARSE 1.3 as Direct Linear Solver

Initial Transient Solution
--------------------------

Node                                   Voltage
----                                   -------
vdd                                       2.97
rst_n                                        0
clk                                          0
d                                            0
xdut.clkb                                 2.97
xdut.rst                                  2.97
xdut.m                              9.8817e-09
xdut.mb                                   2.97
xdut.mc                            2.60177e-08
xdut.s                                    2.97
q                                  1.30091e-08
xdut.qb                                   2.97
qint                               3.66225e-21
vd#branch                          5.23749e-12
vdd#branch                          -4.186e-11
vclk#branch                                  0
vrst#branch                                  0

 Reference value :  4.64050e-10
 Reference value :  2.63305e-09
No. of Data Rows : 4720
qint1               =  5.51891e-05
qint2               =  2.75952e-04
qint3               =  4.96715e-04
qout_rst            =  2.91127e-08
m_i_reset_xsb_a = 1.1038150000e-04
m_p_reset_xsb_w = 3.2783305500e-04
m_i_reset_xsb_first_a = 1.1038150000e-04
m_i_reset_xsb_last_a = 1.1038150000e-04
m_q_v = 2.9112660000e-08
Note: Simulation executed from .control section 

Warning: m=xx on .subckt line will override multiplier m hierarchy!

