
Note: Compatibility modes selected: hs a


Circuit: * sampler-dff-reset-current-xsb @ ff_-40c_3.63v -- generated by sim/harness, do not edit

Doing analysis at TEMP = -40.000000 and TNOM = 27.000000

Using SPARSE 1.3 as Direct Linear Solver

Initial Transient Solution
--------------------------

Node                                   Voltage
----                                   -------
vdd                                       3.63
rst_n                                        0
clk                                          0
d                                            0
xdut.clkb                                 3.63
xdut.m                             2.97883e-08
xdut.mb                                   3.63
xdut.mmid                            0.0134548
xdut.mc                            3.03418e-08
xdut.s                                    3.63
q                                  1.51713e-08
xdut.qb                                   3.63
xdut.s2mid                           0.0134548
qint                               3.69009e-21
vd#branch                          1.10325e-11
vdd#branch                        -4.79334e-11
vclk#branch                                  0
vrst#branch                                  0

 Reference value :  0.00000e+00
 Reference value :  1.39005e-09
 Reference value :  2.76705e-09
 Reference value :  4.13405e-09
No. of Data Rows : 4720
qint1               =  1.92978e-06
qint2               =  1.97951e-06
qint3               =  1.99916e-06
qout_rst            =  -3.76800e-07
m_i_reset_xsb_a = 1.7344250000e-08
m_p_reset_xsb_w = 6.2959627500e-08
m_i_reset_xsb_first_a = 2.4862500000e-08
m_i_reset_xsb_last_a = 9.8260000000e-09
m_q_v = -3.767995000e-07
Note: Simulation executed from .control section 

Warning: m=xx on .subckt line will override multiplier m hierarchy!

