
Note: Compatibility modes selected: hs a


Circuit: * ro-array-core-pvt-q @ ss_27c_2.97v -- generated by sim/harness, do not edit

Doing analysis at TEMP = 27.000000 and TNOM = 27.000000

Using SPARSE 1.3 as Direct Linear Solver

Initial Transient Solution
--------------------------

Node                                   Voltage
----                                   -------
vsup                                      2.97
en                                        2.97
vddr1                                     2.97
vddr2                                     2.97
vdd                                       2.97
xdut.xr1.xg.py                         1.57949
xdut.xr1.n1                                  0
xdut.ro1                           1.37048e-07
xdut.xr1.xg.nm                    7.08738e-122
xdut.xr1.xg.ny                    6.63258e-122
xdut.xr1.x1.py                            2.97
xdut.xr1.n2                               2.97
xdut.xr1.x1.ny                      1.2406e-09
xdut.xr1.x2.py                            2.97
xdut.xr1.n3                        1.37048e-07
xdut.xr1.x2.ny                     1.17127e-07
xdut.xr1.x3.py                            2.97
xdut.xr1.n4                               2.97
xdut.xr1.x3.ny                      1.2406e-09
xdut.xr1.x4.py                            2.97
xdut.xr1.n5                        1.37048e-07
xdut.xr1.x4.ny                     1.17127e-07
xdut.xr1.x5.py                            2.97
xdut.xr1.n6                               2.97
xdut.xr1.x5.ny                      1.2406e-09
xdut.xr1.x6.py                            2.97
xdut.xr1.n7                        1.37048e-07
xdut.xr1.x6.ny                     1.17127e-07
xdut.xr1.x7.py                            2.97
xdut.xr1.n8                               2.97
xdut.xr1.x7.ny                      1.2406e-09
xdut.xr1.x8.py                            2.97
xdut.xr1.n9                        1.37048e-07
xdut.xr1.x8.ny                     1.17127e-07
xdut.xr1.x9.py                            2.97
xdut.xr1.n10                              2.97
xdut.xr1.x9.ny                      1.2406e-09
xdut.xr1.x10.py                           2.97
xdut.xr1.x10.ny                    1.17127e-07
xdut.xr2.xg.py                         1.59377
xdut.xr2.n1                                  0
xdut.ro2                            1.2824e-07
xdut.xr2.xg.nm                    -2.57311e-13
xdut.xr2.xg.ny                    -3.21128e-17
xdut.xr2.x1.py                            2.97
xdut.xr2.n2                               2.97
xdut.xr2.x1.ny                      1.1473e-09
xdut.xr2.x2.py                            2.97
xdut.xr2.n3                         1.2824e-07
xdut.xr2.x2.ny                     1.08318e-07
xdut.xr2.x3.py                            2.97
xdut.xr2.n4                               2.97
xdut.xr2.x3.ny                      1.1473e-09
xdut.xr2.x4.py                            2.97
xdut.xr2.n5                         1.2824e-07
xdut.xr2.x4.ny                     1.08318e-07
xdut.xr2.x5.py                            2.97
xdut.xr2.n6                               2.97
xdut.xr2.x5.ny                      1.1473e-09
xdut.xr2.x6.py                            2.97
xdut.xr2.n7                         1.2824e-07
xdut.xr2.x6.ny                     1.08318e-07
xdut.xr2.x7.py                            2.97
xdut.xr2.n8                               2.97
xdut.xr2.x7.ny                      1.1473e-09
xdut.xr2.x8.py                            2.97
xdut.xr2.n9                         1.2824e-07
xdut.xr2.x8.ny                     1.08318e-07
xdut.xr2.x9.py                            2.97
xdut.xr2.n10                              2.97
xdut.xr2.x9.ny                      1.1473e-09
xdut.xr2.x10.py                           2.97
xdut.xr2.x10.ny                    1.08318e-07
xdut.xa1.an                               2.97
xdut.xa1.bn                               2.97
xdut.xa1.mid                              2.97
xo                                 4.77306e-08
xdut.xa1.s1                        1.21221e-09
xdut.xa1.s2                        2.38653e-08
q1                                -5.67623e-16
q2                                -6.04525e-16
qt                                -1.19621e-21
vth                                      1.485
bvth#branch                                  0
vtr#branch                         1.19621e-11
vr2#branch                         6.04525e-06
vr1#branch                         5.67623e-06
ven#branch                                   0
vsup#branch                       -1.17215e-05

 Reference value :  0.00000e+00
 Reference value :  1.55140e-09
 Reference value :  3.11640e-09
 Reference value :  4.70640e-09
 Reference value :  6.26640e-09
 Reference value :  7.86140e-09
 Reference value :  9.52140e-09
 Reference value :  1.11464e-08
 Reference value :  1.28464e-08
 Reference value :  1.44264e-08
 Reference value :  1.60964e-08
 Reference value :  1.76814e-08
 Reference value :  1.92464e-08
 Reference value :  2.08314e-08
 Reference value :  2.24414e-08
 Reference value :  2.40264e-08
 Reference value :  2.56214e-08
 Reference value :  2.72264e-08
 Reference value :  2.87864e-08
 Reference value :  3.04314e-08
 Reference value :  3.19964e-08
 Reference value :  3.35664e-08
 Reference value :  3.51664e-08
 Reference value :  3.67414e-08
 Reference value :  3.83114e-08
 Reference value :  3.99214e-08
 Reference value :  4.15114e-08
 Reference value :  4.31314e-08
 Reference value :  4.46664e-08
 Reference value :  4.62864e-08
 Reference value :  4.78414e-08
 Reference value :  4.94514e-08
 Reference value :  5.10614e-08
 Reference value :  5.27114e-08
 Reference value :  5.43514e-08
 Reference value :  5.59714e-08
 Reference value :  5.75514e-08
 Reference value :  5.91264e-08
 Reference value :  6.07214e-08
 Reference value :  6.23364e-08
 Reference value :  6.39164e-08
 Reference value :  6.55514e-08
 Reference value :  6.71164e-08
 Reference value :  6.87264e-08
 Reference value :  7.03464e-08
 Reference value :  7.19064e-08
 Reference value :  7.34664e-08
 Reference value :  7.51314e-08
 Reference value :  7.67514e-08
 Reference value :  7.83364e-08
 Reference value :  8.00014e-08
 Reference value :  8.16264e-08
 Reference value :  8.32014e-08
 Reference value :  8.48514e-08
 Reference value :  8.64464e-08
 Reference value :  8.81614e-08
 Reference value :  8.97614e-08
 Reference value :  9.14264e-08
 Reference value :  9.31314e-08
 Reference value :  9.47214e-08
 Reference value :  9.62764e-08
 Reference value :  9.78814e-08
 Reference value :  9.95014e-08
 Reference value :  1.01091e-07
 Reference value :  1.02656e-07
 Reference value :  1.04291e-07
 Reference value :  1.05961e-07
 Reference value :  1.07536e-07
 Reference value :  1.09226e-07
 Reference value :  1.10791e-07
 Reference value :  1.12386e-07
 Reference value :  1.13971e-07
 Reference value :  1.15581e-07
 Reference value :  1.17416e-07
 Reference value :  1.19101e-07
 Reference value :  1.20741e-07
 Reference value :  1.22351e-07
 Reference value :  1.23936e-07
 Reference value :  1.25521e-07
 Reference value :  1.27176e-07
 Reference value :  1.28756e-07
 Reference value :  1.30376e-07
 Reference value :  1.32046e-07
 Reference value :  1.33671e-07
 Reference value :  1.35306e-07
 Reference value :  1.36906e-07
 Reference value :  1.38536e-07
 Reference value :  1.40226e-07
 Reference value :  1.41816e-07
 Reference value :  1.43421e-07
 Reference value :  1.45016e-07
 Reference value :  1.46726e-07
 Reference value :  1.48271e-07
 Reference value :  1.49871e-07
 Reference value :  1.51441e-07
 Reference value :  1.53026e-07
 Reference value :  1.54656e-07
 Reference value :  1.56241e-07
 Reference value :  1.57816e-07
 Reference value :  1.59461e-07
 Reference value :  1.61041e-07
 Reference value :  1.62651e-07
 Reference value :  1.64306e-07
 Reference value :  1.65896e-07
 Reference value :  1.67486e-07
 Reference value :  1.69086e-07
 Reference value :  1.70666e-07
 Reference value :  1.72206e-07
 Reference value :  1.73811e-07
 Reference value :  1.75456e-07
 Reference value :  1.77051e-07
 Reference value :  1.78691e-07
 Reference value :  1.80331e-07
 Reference value :  1.81896e-07
 Reference value :  1.83501e-07
 Reference value :  1.85111e-07
 Reference value :  1.87356e-07
 Reference value :  1.88956e-07
 Reference value :  1.90516e-07
 Reference value :  1.92196e-07
 Reference value :  1.93771e-07
 Reference value :  1.95326e-07
 Reference value :  1.96936e-07
 Reference value :  1.98546e-07
 Reference value :  2.00171e-07
 Reference value :  2.01741e-07
 Reference value :  2.03306e-07
 Reference value :  2.04896e-07
 Reference value :  2.06501e-07
 Reference value :  2.08076e-07
 Reference value :  2.09671e-07
 Reference value :  2.11301e-07
 Reference value :  2.12896e-07
 Reference value :  2.14491e-07
 Reference value :  2.16081e-07
 Reference value :  2.17626e-07
 Reference value :  2.19291e-07
 Reference value :  2.21066e-07
 Reference value :  2.22686e-07
 Reference value :  2.24306e-07
 Reference value :  2.25906e-07
 Reference value :  2.27491e-07
 Reference value :  2.29081e-07
 Reference value :  2.30701e-07
 Reference value :  2.32281e-07
 Reference value :  2.33896e-07
 Reference value :  2.35486e-07
 Reference value :  2.37081e-07
 Reference value :  2.38651e-07
 Reference value :  2.40231e-07
 Reference value :  2.41856e-07
 Reference value :  2.43496e-07
 Reference value :  2.45086e-07
 Reference value :  2.46726e-07
 Reference value :  2.48356e-07
 Reference value :  2.49906e-07
 Reference value :  2.51481e-07
 Reference value :  2.53086e-07
 Reference value :  2.54661e-07
 Reference value :  2.56221e-07
 Reference value :  2.57811e-07
 Reference value :  2.59426e-07
 Reference value :  2.60986e-07
 Reference value :  2.62631e-07
 Reference value :  2.64231e-07
 Reference value :  2.65811e-07
 Reference value :  2.67436e-07
 Reference value :  2.69036e-07
 Reference value :  2.70636e-07
 Reference value :  2.72206e-07
 Reference value :  2.73776e-07
 Reference value :  2.75351e-07
 Reference value :  2.76951e-07
 Reference value :  2.78511e-07
 Reference value :  2.80056e-07
 Reference value :  2.81596e-07
 Reference value :  2.83201e-07
 Reference value :  2.84886e-07
 Reference value :  2.86526e-07
 Reference value :  2.88106e-07
 Reference value :  2.89716e-07
 Reference value :  2.91286e-07
 Reference value :  2.92841e-07
 Reference value :  2.94351e-07
 Reference value :  2.95986e-07
 Reference value :  2.97541e-07
 Reference value :  2.99066e-07
No. of Data Rows : 60008
t1a                 =  1.56418e-08
t1b                 =  5.59319e-08
t2a                 =  1.46109e-08
t2b                 =  5.23486e-08
c1a                 =  -1.61574e-04
c1b                 =  -5.93315e-04
c2a                 =  -1.61410e-04
c2b                 =  -5.95748e-04
cta                 =  -1.16010e-04
ctb                 =  -4.80500e-04
vhi                 =  3.00969e+00 at=  2.00376e-07
vlo                 =  -6.36202e-02 at=  2.45471e-07
vxhi                =  3.05547e+00 at=  2.35911e-07
vxlo                =  -1.71881e-02 at=  2.91401e-07
m_period_r1 = 1.0072525000e-08
m_period_r2 = 9.4344350000e-09
m_f_r1 = 9.9279972003e+07
m_f_r2 = 1.0599468861e+08
m_i_r1_a = -1.071580612e-05
m_i_r2_a = -1.150939351e-05
m_i_tree_a = -9.046644213e-06
m_e_cycle_r1_j = -3.205676183e-13
m_c_eff_node_r1_f = -3.303802418e-15
m_ring_swing_v = 3.0733131800e+00
m_xo_swing_v = 3.0726600800e+00
m_i_total_a = -3.127184384e-05
m_p_rings_w = -6.600884290e-05
m_p_total_w = -9.287737621e-05
m_xo_trans_per_s = 4.1054932122e+08
Note: Simulation executed from .control section 

Warning: m=xx on .subckt line will override multiplier m hierarchy!

