
Note: Compatibility modes selected: hs a


Circuit: * sampler-dff-setup-hold @ sf_125c_3.30v -- generated by sim/harness, do not edit

Doing analysis at TEMP = 125.000000 and TNOM = 27.000000

Using SPARSE 1.3 as Direct Linear Solver

Initial Transient Solution
--------------------------

Node                                   Voltage
----                                   -------
vdd                                        3.3
rst_n                                        0
clk                                          0
d                                            0
xdut.clkb                                  3.3
xdut.m                             5.20735e-08
xdut.mb                                    3.3
xdut.mmid                               0.0777
xdut.mc                            4.56262e-07
xdut.s                                     3.3
q                                   4.3009e-07
xdut.qb                                    3.3
xdut.s2mid                           0.0777003
vth                                       1.65
bvth#branch                                  0
vd#branch                          1.01084e-11
vclk#branch                                  0
vrst#branch                                  0
vdd#branch                        -1.77343e-10

 Reference value :  0.00000e+00
 Reference value :  1.55383e-07
 Reference value :  3.14528e-07
 Reference value :  4.79628e-07
 Reference value :  6.44328e-07
 Reference value :  8.00317e-07
 Reference value :  9.66417e-07
 Reference value :  1.13152e-06
 Reference value :  1.29172e-06
 Reference value :  1.40812e-06
 Reference value :  1.52192e-06
 Reference value :  1.63362e-06
 Reference value :  1.74632e-06
 Reference value :  1.89115e-06
 Reference value :  2.05505e-06
 Reference value :  2.21855e-06
 Reference value :  2.37912e-06
 Reference value :  2.54102e-06
 Reference value :  2.70032e-06
 Reference value :  2.85972e-06
 Reference value :  3.02442e-06
 Reference value :  3.18982e-06
 Reference value :  3.34794e-06
 Reference value :  3.51064e-06
 Reference value :  3.67604e-06
 Reference value :  3.83555e-06
 Reference value :  4.00205e-06
 Reference value :  4.16845e-06
 Reference value :  4.33013e-06
 Reference value :  4.49423e-06
 Reference value :  4.66034e-06
 Reference value :  4.82355e-06
 Reference value :  4.98305e-06
 Reference value :  5.14325e-06
 Reference value :  5.30144e-06
 Reference value :  5.46324e-06
 Reference value :  5.62394e-06
 Reference value :  5.78464e-06
 Reference value :  5.94785e-06
 Reference value :  6.11335e-06
 Reference value :  6.27485e-06
 Reference value :  6.43383e-06
No. of Data Rows : 65269
tclk1               =  3.00001e-07
tclk2               =  1.30000e-06
tq_r1               =  3.00125e-07
tq_f1               =  1.30017e-06
q_rst               =  4.30090e-07
q_e1                =  3.30000e+00
q_e2                =  -2.47879e-06
q_e3a               =  8.80386e-05
q_e3b               =  -3.33512e-06
q_e3c               =  -3.15300e-06
q_e4                =  1.22518e-06
q_e5a               =  1.39698e-04
q_e5b               =  2.61557e-06
q_e5c               =  2.49823e-06
q_e6                =  1.22519e-06
q_e7a               =  3.29996e+00
q_e7b               =  3.30000e+00
q_e7c               =  3.30000e+00
m_tpd_clk_q_rise_s = 1.2490000000e-10
m_tpd_clk_q_fall_s = 1.6300000000e-10
m_q_rst_v = 4.3008960000e-07
m_q_e1_v = 3.3000040000e+00
m_q_e2_v = -2.478790000e-06
m_q_e4_v = 1.2251820000e-06
m_q_e3_1ns_v = 8.8038570000e-05
m_q_e3_10ns_v = -3.335115000e-06
m_q_e3_100ns_v = -3.152999000e-06
m_q_e3_drift_v = -9.119156900e-05
m_q_e3_rail_dev_v = -3.152999000e-06
m_q_e5_1ns_v = 1.3969800000e-04
m_q_e5_10ns_v = 2.6155710000e-06
m_q_e5_100ns_v = 2.4982330000e-06
m_q_e5_drift_v = -1.371997670e-04
m_q_e5_rail_dev_v = 2.4982330000e-06
m_q_e6_v = 1.2251850000e-06
m_q_e7_1ns_v = 3.2999610000e+00
m_q_e7_10ns_v = 3.3000040000e+00
m_q_e7_100ns_v = 3.3000040000e+00
m_q_e7_drift_v = 4.3000000000e-05
m_q_e7_rail_dev_v = -4.000003307e-06
Note: Simulation executed from .control section 

Warning: m=xx on .subckt line will override multiplier m hierarchy!

