
Note: Compatibility modes selected: hs a


Circuit: * ro-cinv-09stage-jitter @ ss_125c_2.97v -- generated by sim/harness, do not edit

Doing analysis at TEMP = 125.000000 and TNOM = 27.000000

Using SPARSE 1.3 as Direct Linear Solver

Initial Transient Solution
--------------------------

Node                                   Voltage
----                                   -------
vdd                                       2.97
nb                                     1.78349
pb                                    0.735886
x1.ph                                     2.97
n2                                        2.97
g1                                           0
x1.nl                              4.92373e-08
x2.ph                                     2.97
n3                                 2.52907e-08
g2                                        2.97
x2.nl                              1.43115e-08
x3.ph                                     2.97
n4                                        2.97
g3                                 2.52907e-08
x3.nl                              4.92373e-08
x4.ph                                     2.97
n5                                 2.52907e-08
g4                                        2.97
x4.nl                              1.43115e-08
x5.ph                                     2.97
n6                                        2.97
g5                                 2.52907e-08
x5.nl                              4.92373e-08
x6.ph                                     2.97
n7                                 2.52907e-08
g6                                        2.97
x6.nl                              1.43115e-08
x7.ph                                     2.97
n8                                        2.97
g7                                 2.52907e-08
x7.nl                              4.92373e-08
x8.ph                                     2.97
n9                                 2.52907e-08
g8                                        2.97
x8.nl                              1.43115e-08
x9.ph                                  2.24927
n1                                           0
g9                                 2.52907e-08
x9.nl                             -8.62058e-17
xing                                    -1.485
xs40                                    -1.188
xs60                                    -1.782
bs60#branch                                  0
bs40#branch                                  0
bxing#branch                                 0
vn9#branch                                   0
vn8#branch                                   0
vn7#branch                                   0
vn6#branch                                   0
vn5#branch                                   0
vn4#branch                                   0
vn3#branch                                   0
vn2#branch                                   0
vn1#branch                                   0
vdd#branch                        -0.000243658

 Reference value :  4.03000e-11
 Reference value :  1.08850e-09
 Reference value :  2.87000e-09
 Reference value :  4.42000e-09
 Reference value :  5.56450e-09
 Reference value :  6.37350e-09
 Reference value :  7.25350e-09
 Reference value :  8.07030e-09
 Reference value :  8.97070e-09
 Reference value :  9.88550e-09
 Reference value :  1.07945e-08
 Reference value :  1.16375e-08
 Reference value :  1.25755e-08
 Reference value :  1.35403e-08
 Reference value :  1.44515e-08
 Reference value :  1.54265e-08
 Reference value :  1.63892e-08
 Reference value :  1.73025e-08
 Reference value :  1.83001e-08
 Reference value :  1.92225e-08
 Reference value :  2.01125e-08
 Reference value :  2.14001e-08
 Reference value :  2.29945e-08
 Reference value :  2.43385e-08
 Reference value :  2.53145e-08
 Reference value :  2.61655e-08
 Reference value :  2.69901e-08
 Reference value :  2.79007e-08
 Reference value :  2.88065e-08
 Reference value :  2.97600e-08
 Reference value :  3.07075e-08
 Reference value :  3.16665e-08
 Reference value :  3.25701e-08
 Reference value :  3.34792e-08
 Reference value :  3.43155e-08
 Reference value :  3.52375e-08
 Reference value :  3.61825e-08
 Reference value :  3.75245e-08
 Reference value :  3.87925e-08
 Reference value :  3.98803e-08
 Reference value :  4.09215e-08
 Reference value :  4.18525e-08
 Reference value :  4.28075e-08
 Reference value :  4.41745e-08
 Reference value :  4.51165e-08
 Reference value :  4.59692e-08
 Reference value :  4.68975e-08
 Reference value :  4.77803e-08
 Reference value :  4.86507e-08
 Reference value :  4.95475e-08
 Reference value :  5.04992e-08
 Reference value :  5.14115e-08
 Reference value :  5.23315e-08
 Reference value :  5.32955e-08
 Reference value :  5.46735e-08
 Reference value :  5.56400e-08
 Reference value :  5.66715e-08
 Reference value :  5.76835e-08
 Reference value :  5.87000e-08
 Reference value :  5.98025e-08
 Reference value :  6.09503e-08
 Reference value :  6.20355e-08
 Reference value :  6.30775e-08
 Reference value :  6.43345e-08
 Reference value :  6.53665e-08
 Reference value :  6.62945e-08
 Reference value :  6.72965e-08
 Reference value :  6.81465e-08
 Reference value :  6.90355e-08
 Reference value :  6.98665e-08
 Reference value :  7.07625e-08
 Reference value :  7.17001e-08
 Reference value :  7.26207e-08
 Reference value :  7.35735e-08
 Reference value :  7.44875e-08
 Reference value :  7.54615e-08
 Reference value :  7.65645e-08
 Reference value :  7.76435e-08
 Reference value :  7.86001e-08
 Reference value :  7.94945e-08
 Reference value :  8.04335e-08
 Reference value :  8.13203e-08
 Reference value :  8.21700e-08
 Reference value :  8.31507e-08
 Reference value :  8.40265e-08
 Reference value :  8.49485e-08
 Reference value :  8.58745e-08
 Reference value :  8.68501e-08
 Reference value :  8.77735e-08
 Reference value :  8.86365e-08
 Reference value :  8.94945e-08
 Reference value :  9.03400e-08
 Reference value :  9.13545e-08
 Reference value :  9.23375e-08
 Reference value :  9.33725e-08
 Reference value :  9.42775e-08
 Reference value :  9.52800e-08
 Reference value :  9.62475e-08
 Reference value :  9.74900e-08
 Reference value :  9.84985e-08
 Reference value :  9.94545e-08
 Reference value :  1.00372e-07
 Reference value :  1.01341e-07
 Reference value :  1.02333e-07
 Reference value :  1.03310e-07
 Reference value :  1.04335e-07
 Reference value :  1.05270e-07
 Reference value :  1.06409e-07
 Reference value :  1.07431e-07
 Reference value :  1.08361e-07
 Reference value :  1.09386e-07
 Reference value :  1.10250e-07
 Reference value :  1.11356e-07
 Reference value :  1.12390e-07
 Reference value :  1.13356e-07
 Reference value :  1.14301e-07
 Reference value :  1.15241e-07
 Reference value :  1.16198e-07
 Reference value :  1.17138e-07
 Reference value :  1.17964e-07
 Reference value :  1.18868e-07
 Reference value :  1.19761e-07
 Reference value :  1.20670e-07
 Reference value :  1.21608e-07
 Reference value :  1.22523e-07
 Reference value :  1.23322e-07
 Reference value :  1.24215e-07
 Reference value :  1.25060e-07
 Reference value :  1.25920e-07
 Reference value :  1.27250e-07
 Reference value :  1.28186e-07
 Reference value :  1.29214e-07
 Reference value :  1.30230e-07
 Reference value :  1.31165e-07
 Reference value :  1.32143e-07
 Reference value :  1.33098e-07
 Reference value :  1.34157e-07
 Reference value :  1.35216e-07
 Reference value :  1.36200e-07
 Reference value :  1.37072e-07
 Reference value :  1.38070e-07
 Reference value :  1.39041e-07
 Reference value :  1.40070e-07
 Reference value :  1.41020e-07
 Reference value :  1.41891e-07
 Reference value :  1.42788e-07
 Reference value :  1.43729e-07
 Reference value :  1.44566e-07
 Reference value :  1.45531e-07
 Reference value :  1.46564e-07
 Reference value :  1.47450e-07
 Reference value :  1.48375e-07
 Reference value :  1.49284e-07
 Reference value :  1.50164e-07
 Reference value :  1.51049e-07
 Reference value :  1.51960e-07
 Reference value :  1.52760e-07
 Reference value :  1.53663e-07
 Reference value :  1.54542e-07
 Reference value :  1.55421e-07
 Reference value :  1.56299e-07
 Reference value :  1.57258e-07
 Reference value :  1.58209e-07
 Reference value :  1.59083e-07
 Reference value :  1.59900e-07
 Reference value :  1.60761e-07
 Reference value :  1.61732e-07
 Reference value :  1.62675e-07
 Reference value :  1.63643e-07
 Reference value :  1.64530e-07
 Reference value :  1.65600e-07
 Reference value :  1.66621e-07
 Reference value :  1.67663e-07
 Reference value :  1.68685e-07
 Reference value :  1.69684e-07
 Reference value :  1.71047e-07
 Reference value :  1.71925e-07
 Reference value :  1.72753e-07
 Reference value :  1.73730e-07
 Reference value :  1.74551e-07
 Reference value :  1.75310e-07
 Reference value :  1.76273e-07
 Reference value :  1.77156e-07
 Reference value :  1.78036e-07
 Reference value :  1.78831e-07
 Reference value :  1.79709e-07
 Reference value :  1.80621e-07
 Reference value :  1.81496e-07
 Reference value :  1.82527e-07
 Reference value :  1.83355e-07
 Reference value :  1.84166e-07
 Reference value :  1.85149e-07
 Reference value :  1.85971e-07
 Reference value :  1.86811e-07
 Reference value :  1.87770e-07
 Reference value :  1.88600e-07
 Reference value :  1.89591e-07
 Reference value :  1.90519e-07
 Reference value :  1.91341e-07
 Reference value :  1.92187e-07
 Reference value :  1.93032e-07
 Reference value :  1.94571e-07
 Reference value :  1.95331e-07
 Reference value :  1.96145e-07
 Reference value :  1.97050e-07
 Reference value :  1.97830e-07
 Reference value :  1.98685e-07
 Reference value :  2.00183e-07
 Reference value :  2.01496e-07
 Reference value :  2.02292e-07
 Reference value :  2.03185e-07
 Reference value :  2.04407e-07
 Reference value :  2.05334e-07
 Reference value :  2.06221e-07
 Reference value :  2.07022e-07
 Reference value :  2.08180e-07
 Reference value :  2.09181e-07
 Reference value :  2.09990e-07
 Reference value :  2.10819e-07
 Reference value :  2.11601e-07
 Reference value :  2.12434e-07
 Reference value :  2.13215e-07
 Reference value :  2.14069e-07
 Reference value :  2.14823e-07
 Reference value :  2.15590e-07
 Reference value :  2.16422e-07
 Reference value :  2.17283e-07
 Reference value :  2.18270e-07
 Reference value :  2.19200e-07
 Reference value :  2.20180e-07
 Reference value :  2.21071e-07
 Reference value :  2.22001e-07
 Reference value :  2.22866e-07
 Reference value :  2.23815e-07
 Reference value :  2.24841e-07
 Reference value :  2.25643e-07
 Reference value :  2.27001e-07
 Reference value :  2.27896e-07
 Reference value :  2.28705e-07
 Reference value :  2.29600e-07
 Reference value :  2.30540e-07
 Reference value :  2.31561e-07
 Reference value :  2.32950e-07
 Reference value :  2.34000e-07
 Reference value :  2.34940e-07
 Reference value :  2.35860e-07
 Reference value :  2.36648e-07
 Reference value :  2.37493e-07
 Reference value :  2.38851e-07
 Reference value :  2.39761e-07
 Reference value :  2.40612e-07
 Reference value :  2.41440e-07
 Reference value :  2.42442e-07
 Reference value :  2.43257e-07
 Reference value :  2.44116e-07
 Reference value :  2.45000e-07
 Reference value :  2.45773e-07
 Reference value :  2.46818e-07
 Reference value :  2.47725e-07
 Reference value :  2.48651e-07
 Reference value :  2.49660e-07
 Reference value :  2.50670e-07
 Reference value :  2.51670e-07
 Reference value :  2.52680e-07
 Reference value :  2.53569e-07
 Reference value :  2.54551e-07
 Reference value :  2.55452e-07
 Reference value :  2.56341e-07
 Reference value :  2.57211e-07
 Reference value :  2.58118e-07
 Reference value :  2.58870e-07
 Reference value :  2.59821e-07
 Reference value :  2.60880e-07
 Reference value :  2.61752e-07
 Reference value :  2.62525e-07
 Reference value :  2.63341e-07
 Reference value :  2.64124e-07
 Reference value :  2.64920e-07
 Reference value :  2.65822e-07
 Reference value :  2.66628e-07
 Reference value :  2.67411e-07
 Reference value :  2.68317e-07
 Reference value :  2.69214e-07
 Reference value :  2.70076e-07
 Reference value :  2.70909e-07
 Reference value :  2.71680e-07
 Reference value :  2.72451e-07
 Reference value :  2.73211e-07
 Reference value :  2.74050e-07
 Reference value :  2.74853e-07
 Reference value :  2.75690e-07
 Reference value :  2.76430e-07
 Reference value :  2.77242e-07
 Reference value :  2.78000e-07
 Reference value :  2.78760e-07
 Reference value :  2.79586e-07
 Reference value :  2.80337e-07
 Reference value :  2.81129e-07
 Reference value :  2.81959e-07
 Reference value :  2.82810e-07
 Reference value :  2.83652e-07
 Reference value :  2.84496e-07
 Reference value :  2.85292e-07
 Reference value :  2.86135e-07
 Reference value :  2.87074e-07
 Reference value :  2.87981e-07
 Reference value :  2.88930e-07
 Reference value :  2.89730e-07
 Reference value :  2.90517e-07
 Reference value :  2.91286e-07
 Reference value :  2.92090e-07
 Reference value :  2.93040e-07
 Reference value :  2.93812e-07
 Reference value :  2.94604e-07
 Reference value :  2.95440e-07
 Reference value :  2.96306e-07
 Reference value :  2.97100e-07
 Reference value :  2.97900e-07
 Reference value :  2.98856e-07
 Reference value :  2.99859e-07
 Reference value :  3.00719e-07
 Reference value :  3.01511e-07
 Reference value :  3.02408e-07
 Reference value :  3.03350e-07
 Reference value :  3.04170e-07
 Reference value :  3.04945e-07
 Reference value :  3.05756e-07
 Reference value :  3.06542e-07
 Reference value :  3.07327e-07
 Reference value :  3.08162e-07
 Reference value :  3.09002e-07
 Reference value :  3.09770e-07
 Reference value :  3.10576e-07
 Reference value :  3.11493e-07
 Reference value :  3.12383e-07
 Reference value :  3.13269e-07
 Reference value :  3.14290e-07
 Reference value :  3.15211e-07
 Reference value :  3.16499e-07
 Reference value :  3.17480e-07
 Reference value :  3.18330e-07
 Reference value :  3.19440e-07
 Reference value :  3.20273e-07
 Reference value :  3.21070e-07
 Reference value :  3.22013e-07
 Reference value :  3.22995e-07
 Reference value :  3.23990e-07
 Reference value :  3.24938e-07
 Reference value :  3.25790e-07
 Reference value :  3.26727e-07
 Reference value :  3.27642e-07
 Reference value :  3.28518e-07
 Reference value :  3.29591e-07
 Reference value :  3.30473e-07
 Reference value :  3.31416e-07
 Reference value :  3.32250e-07
 Reference value :  3.33211e-07
 Reference value :  3.34090e-07
 Reference value :  3.34903e-07
 Reference value :  3.35798e-07
 Reference value :  3.36639e-07
 Reference value :  3.37470e-07
 Reference value :  3.38395e-07
 Reference value :  3.39346e-07
 Reference value :  3.40460e-07
 Reference value :  3.41462e-07
 Reference value :  3.42410e-07
 Reference value :  3.43342e-07
 Reference value :  3.44300e-07
 Reference value :  3.45188e-07
 Reference value :  3.46002e-07
 Reference value :  3.46908e-07
 Reference value :  3.47770e-07
 Reference value :  3.48670e-07
 Reference value :  3.49661e-07
 Reference value :  3.50460e-07
 Reference value :  3.51268e-07
 Reference value :  3.52280e-07
 Reference value :  3.53063e-07
 Reference value :  3.53868e-07
 Reference value :  3.54649e-07
 Reference value :  3.55471e-07
 Reference value :  3.56401e-07
 Reference value :  3.57231e-07
 Reference value :  3.58820e-07
 Reference value :  3.60525e-07
 Reference value :  3.61562e-07
 Reference value :  3.62351e-07
 Reference value :  3.63140e-07
 Reference value :  3.63930e-07
 Reference value :  3.64714e-07
 Reference value :  3.65488e-07
 Reference value :  3.66252e-07
 Reference value :  3.67027e-07
 Reference value :  3.67776e-07
 Reference value :  3.68891e-07
 Reference value :  3.70458e-07
 Reference value :  3.71198e-07
 Reference value :  3.72000e-07
 Reference value :  3.72777e-07
 Reference value :  3.73686e-07
 Reference value :  3.74612e-07
 Reference value :  3.75467e-07
 Reference value :  3.76370e-07
 Reference value :  3.77175e-07
 Reference value :  3.77981e-07
 Reference value :  3.78810e-07
 Reference value :  3.79630e-07
 Reference value :  3.81223e-07
 Reference value :  3.82790e-07
 Reference value :  3.83620e-07
 Reference value :  3.84460e-07
 Reference value :  3.85366e-07
 Reference value :  3.86251e-07
 Reference value :  3.87210e-07
 Reference value :  3.88121e-07
 Reference value :  3.89014e-07
 Reference value :  3.90016e-07
 Reference value :  3.90791e-07
 Reference value :  3.91668e-07
 Reference value :  3.92598e-07
 Reference value :  3.93650e-07
 Reference value :  3.94530e-07
 Reference value :  3.95478e-07
 Reference value :  3.96381e-07
 Reference value :  3.97442e-07
 Reference value :  3.98510e-07
 Reference value :  3.99552e-07
 Reference value :  4.00460e-07
 Reference value :  4.01403e-07
 Reference value :  4.02386e-07
 Reference value :  4.03390e-07
 Reference value :  4.04231e-07
 Reference value :  4.05186e-07
 Reference value :  4.06750e-07
 Reference value :  4.07634e-07
 Reference value :  4.08590e-07
 Reference value :  4.09430e-07
 Reference value :  4.10508e-07
 Reference value :  4.11606e-07
 Reference value :  4.12501e-07
 Reference value :  4.13445e-07
 Reference value :  4.14402e-07
 Reference value :  4.15780e-07
 Reference value :  4.16755e-07
 Reference value :  4.17661e-07
 Reference value :  4.18520e-07
 Reference value :  4.19490e-07
 Reference value :  4.20471e-07
 Reference value :  4.21611e-07
 Reference value :  4.22690e-07
 Reference value :  4.23701e-07
 Reference value :  4.24556e-07
 Reference value :  4.25364e-07
 Reference value :  4.26219e-07
 Reference value :  4.27087e-07
 Reference value :  4.27930e-07
 Reference value :  4.28816e-07
 Reference value :  4.29710e-07
 Reference value :  4.30548e-07
 Reference value :  4.31458e-07
 Reference value :  4.32487e-07
 Reference value :  4.33429e-07
 Reference value :  4.34202e-07
 Reference value :  4.34999e-07
 Reference value :  4.35855e-07
 Reference value :  4.36726e-07
 Reference value :  4.37790e-07
 Reference value :  4.38590e-07
 Reference value :  4.39419e-07
 Reference value :  4.40300e-07
 Reference value :  4.41461e-07
 Reference value :  4.42321e-07
 Reference value :  4.43170e-07
 Reference value :  4.43990e-07
 Reference value :  4.44789e-07
 Reference value :  4.45600e-07
 Reference value :  4.46489e-07
 Reference value :  4.47304e-07
 Reference value :  4.48075e-07
 Reference value :  4.48887e-07
 Reference value :  4.49663e-07
 Reference value :  4.50438e-07
 Reference value :  4.51259e-07
 Reference value :  4.52091e-07
 Reference value :  4.52890e-07
 Reference value :  4.53652e-07
 Reference value :  4.54487e-07
 Reference value :  4.55330e-07
 Reference value :  4.56140e-07
 Reference value :  4.56900e-07
 Reference value :  4.57659e-07
 Reference value :  4.58425e-07
 Reference value :  4.59281e-07
 Reference value :  4.60057e-07
 Reference value :  4.60925e-07
 Reference value :  4.62040e-07
 Reference value :  4.62826e-07
 Reference value :  4.63680e-07
 Reference value :  4.64431e-07
 Reference value :  4.65226e-07
 Reference value :  4.66141e-07
 Reference value :  4.66942e-07
 Reference value :  4.67696e-07
 Reference value :  4.68487e-07
 Reference value :  4.69230e-07
 Reference value :  4.70017e-07
 Reference value :  4.70775e-07
 Reference value :  4.71610e-07
 Reference value :  4.72366e-07
 Reference value :  4.73140e-07
 Reference value :  4.73986e-07
 Reference value :  4.74742e-07
 Reference value :  4.75533e-07
 Reference value :  4.76329e-07
 Reference value :  4.77236e-07
 Reference value :  4.78181e-07
 Reference value :  4.78981e-07
 Reference value :  4.79791e-07
 Reference value :  4.80557e-07
 Reference value :  4.81451e-07
 Reference value :  4.82290e-07
 Reference value :  4.83195e-07
 Reference value :  4.84117e-07
 Reference value :  4.85053e-07
 Reference value :  4.85862e-07
 Reference value :  4.86738e-07
 Reference value :  4.87620e-07
 Reference value :  4.88450e-07
 Reference value :  4.89353e-07
 Reference value :  4.90110e-07
 Reference value :  4.90940e-07
 Reference value :  4.92367e-07
 Reference value :  4.93234e-07
 Reference value :  4.94020e-07
 Reference value :  4.94893e-07
 Reference value :  4.95766e-07
 Reference value :  4.96514e-07
 Reference value :  4.97374e-07
 Reference value :  4.98134e-07
 Reference value :  4.98920e-07
 Reference value :  4.99724e-07
 Reference value :  5.00597e-07
 Reference value :  5.01413e-07
 Reference value :  5.02232e-07
 Reference value :  5.03061e-07
 Reference value :  5.03845e-07
 Reference value :  5.04644e-07
 Reference value :  5.05496e-07
 Reference value :  5.06274e-07
 Reference value :  5.07087e-07
 Reference value :  5.07932e-07
 Reference value :  5.08686e-07
 Reference value :  5.09462e-07
 Reference value :  5.10240e-07
 Reference value :  5.11021e-07
 Reference value :  5.11759e-07
 Reference value :  5.12551e-07
 Reference value :  5.13397e-07
 Reference value :  5.14184e-07
 Reference value :  5.14998e-07
 Reference value :  5.15851e-07
 Reference value :  5.16684e-07
 Reference value :  5.17604e-07
 Reference value :  5.18425e-07
 Reference value :  5.19224e-07
 Reference value :  5.19973e-07
 Reference value :  5.20791e-07
 Reference value :  5.21661e-07
 Reference value :  5.22402e-07
 Reference value :  5.23180e-07
 Reference value :  5.24052e-07
 Reference value :  5.24863e-07
 Reference value :  5.25648e-07
 Reference value :  5.26511e-07
 Reference value :  5.27449e-07
 Reference value :  5.28244e-07
 Reference value :  5.29008e-07
 Reference value :  5.29890e-07
 Reference value :  5.30691e-07
 Reference value :  5.31545e-07
 Reference value :  5.32414e-07
 Reference value :  5.33230e-07
 Reference value :  5.34047e-07
 Reference value :  5.35106e-07
 Reference value :  5.36226e-07
 Reference value :  5.37040e-07
 Reference value :  5.37779e-07
 Reference value :  5.38571e-07
 Reference value :  5.39382e-07
 Reference value :  5.40273e-07
 Reference value :  5.41133e-07
 Reference value :  5.41947e-07
 Reference value :  5.42694e-07
 Reference value :  5.43560e-07
 Reference value :  5.44336e-07
 Reference value :  5.45733e-07
 Reference value :  5.46740e-07
 Reference value :  5.47489e-07
 Reference value :  5.48333e-07
 Reference value :  5.49140e-07
 Reference value :  5.49874e-07
 Reference value :  5.50642e-07
 Reference value :  5.51430e-07
 Reference value :  5.52181e-07
 Reference value :  5.52949e-07
 Reference value :  5.53730e-07
 Reference value :  5.54571e-07
 Reference value :  5.55366e-07
 Reference value :  5.56179e-07
 Reference value :  5.57033e-07
 Reference value :  5.57871e-07
 Reference value :  5.58637e-07
 Reference value :  5.59391e-07
 Reference value :  5.60250e-07
 Reference value :  5.61076e-07
 Reference value :  5.61950e-07
 Reference value :  5.62770e-07
 Reference value :  5.63545e-07
 Reference value :  5.64320e-07
 Reference value :  5.65173e-07
 Reference value :  5.66130e-07
 Reference value :  5.67034e-07
 Reference value :  5.67900e-07
 Reference value :  5.68870e-07
 Reference value :  5.69811e-07
 Reference value :  5.70767e-07
 Reference value :  5.71567e-07
 Reference value :  5.72430e-07
 Reference value :  5.73400e-07
 Reference value :  5.74271e-07
 Reference value :  5.75186e-07
 Reference value :  5.76141e-07
 Reference value :  5.77108e-07
 Reference value :  5.78041e-07
 Reference value :  5.78964e-07
 Reference value :  5.79819e-07
No. of Data Rows : 754009
ts40                =  1.38856e-08
ts60                =  1.39511e-08
tk                  =  3.57638e-09
tk                  =  7.02256e-09
tk                  =  1.04692e-08
tk                  =  1.39163e-08
tk                  =  1.73628e-08
tk                  =  2.08102e-08
tk                  =  2.42573e-08
tk                  =  2.77043e-08
tk                  =  3.11512e-08
tk                  =  3.45982e-08
tk                  =  3.80452e-08
tk                  =  4.14919e-08
tk                  =  4.49387e-08
tk                  =  4.83858e-08
tk                  =  5.18325e-08
tk                  =  5.52799e-08
tk                  =  5.87267e-08
tk                  =  6.21736e-08
tk                  =  6.56202e-08
tk                  =  6.90673e-08
tk                  =  7.25141e-08
tk                  =  7.59608e-08
tk                  =  7.94078e-08
tk                  =  8.28550e-08
tk                  =  8.63016e-08
tk                  =  8.97490e-08
tk                  =  9.31960e-08
tk                  =  9.66429e-08
tk                  =  1.00090e-07
tk                  =  1.03537e-07
tk                  =  1.06984e-07
tk                  =  1.10431e-07
tk                  =  1.13878e-07
tk                  =  1.17325e-07
tk                  =  1.20772e-07
tk                  =  1.24218e-07
tk                  =  1.27665e-07
tk                  =  1.31112e-07
tk                  =  1.34559e-07
tk                  =  1.38006e-07
tk                  =  1.41453e-07
tk                  =  1.44900e-07
tk                  =  1.48347e-07
tk                  =  1.51793e-07
tk                  =  1.55241e-07
tk                  =  1.58687e-07
tk                  =  1.62134e-07
tk                  =  1.65581e-07
tk                  =  1.69028e-07
tk                  =  1.72474e-07
tk                  =  1.75922e-07
tk                  =  1.79369e-07
tk                  =  1.82815e-07
tk                  =  1.86262e-07
tk                  =  1.89709e-07
tk                  =  1.93156e-07
tk                  =  1.96603e-07
tk                  =  2.00050e-07
tk                  =  2.03496e-07
tk                  =  2.06943e-07
tk                  =  2.10390e-07
tk                  =  2.13837e-07
tk                  =  2.17284e-07
tk                  =  2.20730e-07
tk                  =  2.24177e-07
tk                  =  2.27624e-07
tk                  =  2.31072e-07
tk                  =  2.34519e-07
tk                  =  2.37966e-07
tk                  =  2.41413e-07
tk                  =  2.44860e-07
tk                  =  2.48307e-07
tk                  =  2.51754e-07
tk                  =  2.55201e-07
tk                  =  2.58648e-07
tk                  =  2.62095e-07
tk                  =  2.65541e-07
tk                  =  2.68988e-07
tk                  =  2.72435e-07
tk                  =  2.75882e-07
tk                  =  2.79329e-07
tk                  =  2.82776e-07
tk                  =  2.86223e-07
tk                  =  2.89670e-07
tk                  =  2.93117e-07
tk                  =  2.96564e-07
tk                  =  3.00011e-07
tk                  =  3.03458e-07
tk                  =  3.06905e-07
tk                  =  3.10352e-07
tk                  =  3.13799e-07
tk                  =  3.17246e-07
tk                  =  3.20692e-07
tk                  =  3.24139e-07
tk                  =  3.27587e-07
tk                  =  3.31033e-07
tk                  =  3.34480e-07
tk                  =  3.37927e-07
tk                  =  3.41374e-07
tk                  =  3.44821e-07
tk                  =  3.48268e-07
tk                  =  3.51714e-07
tk                  =  3.55161e-07
tk                  =  3.58608e-07
tk                  =  3.62054e-07
tk                  =  3.65501e-07
tk                  =  3.68948e-07
tk                  =  3.72395e-07
tk                  =  3.75842e-07
tk                  =  3.79289e-07
tk                  =  3.82736e-07
tk                  =  3.86183e-07
tk                  =  3.89630e-07
tk                  =  3.93077e-07
tk                  =  3.96524e-07
tk                  =  3.99971e-07
tk                  =  4.03418e-07
tk                  =  4.06865e-07
tk                  =  4.10312e-07
tk                  =  4.13759e-07
tk                  =  4.17205e-07
tk                  =  4.20652e-07
tk                  =  4.24099e-07
tk                  =  4.27546e-07
tk                  =  4.30993e-07
tk                  =  4.34440e-07
tk                  =  4.37886e-07
tk                  =  4.41333e-07
tk                  =  4.44781e-07
m_period = 3.4469080000e-09
m_f_osc = 2.9011508285e+08
m_slew_v_per_s = 9.0590208937e+09
m_sigma_1 = 2.2217688208e-13
m_sigma_2 = 2.8418252064e-13
m_sigma_4 = 3.9220061752e-13
m_sigma_8 = 5.3421480600e-13
m_sigma_16 = 7.4300555456e-13
m_sigma_32 = 9.1127149568e-13
Note: Simulation executed from .control section 

Warning: m=xx on .subckt line will override multiplier m hierarchy!

