
Note: Compatibility modes selected: hs a


Circuit: * sampler-array-digitize-extracted-routed @ tt_27c_3.30v -- generated by sim/harness, do not edit

Doing analysis at TEMP = 27.000000 and TNOM = 27.000000

Using SPARSE 1.3 as Direct Linear Solver

Initial Transient Solution
--------------------------

Node                                   Voltage
----                                   -------
vsup                                       3.3
en                                         3.3
vddr1                                      3.3
vddr2                                      3.3
vdd                                        3.3
xr1.xcore.\$15                     5.00349e-07
xr1.xcore.a\x7cy__t0                         0
xr1.xcore.a\x7cy__t02                      3.3
vsubs                                  0.35994
xr1.xcore.vddr__t0                         3.3
xr1.xcore.vss__t0                  1.55497e-09
xr1.xcore.\$17                     1.70824e-07
xr1.xcore.a\x7cy__t32                      3.3
xr1.xcore.a\x7cy__t13              1.96426e-07
xr1.xcore.vddr__t21                        3.3
xr1.xcore.vss__t21                 4.42199e-10
xr1.xcore.\$18                     4.99569e-07
xr1.xcore.a\x7cy__t33              1.96511e-07
xr1.xcore.a\x7cy__t14                      3.3
xr1.xcore.vddr__t20                        3.3
xr1.xcore.vss__t20                 7.72753e-10
xr1.xcore.\$20                     1.70527e-07
xr1.xcore.a\x7cy__t34                      3.3
xr1.xcore.a\x7cy__t15              1.96129e-07
xr1.xcore.vddr__t19                        3.3
xr1.xcore.vss__t19                 1.45437e-10
xr1.xcore.\$21                     4.98845e-07
xr1.xcore.a\x7cy__t35              1.96214e-07
xr1.xcore.a\x7cy__t16                      3.3
xr1.xcore.vddr__t18                        3.3
xr1.xcore.vss__t18                 4.84145e-11
xr1.xcore.\$22                     1.70536e-07
xr1.xcore.a\x7cy__t36                      3.3
xr1.xcore.a\x7cy__t17              1.96138e-07
xr1.xcore.vddr__t17                        3.3
xr1.xcore.vss__t17                 1.54204e-10
xr1.xcore.\$24                     4.99592e-07
xr1.xcore.a\x7cy__t37              1.96223e-07
xr1.xcore.a\x7cy__t18                      3.3
xr1.xcore.vddr__t16                        3.3
xr1.xcore.vss__t16                 7.95951e-10
xr1.xcore.\$23                     1.70832e-07
xr1.xcore.a\x7cy__t38                      3.3
xr1.xcore.a\x7cy__t19              1.96435e-07
xr1.xcore.vddr__t15                        3.3
xr1.xcore.vss__t15                 4.51022e-10
xr1.xcore.\$19                     5.00375e-07
xr1.xcore.a\x7cy__t39               1.9652e-07
xr1.xcore.a\x7cy__t110                     3.3
xr1.xcore.vddr__t14                        3.3
xr1.xcore.vss__t14                  1.5782e-09
xr1.xcore.\$16                      1.7113e-07
xr1.xcore.a\x7cy__t310                     3.3
xr1.xcore.a\x7cy__t311             1.96732e-07
xr1.xcore.vddr__t13                        3.3
xr1.xcore.vss__t13                 7.48384e-10
xr1.xcore.vss__t1                  3.97496e-10
xr1.xcore.vddr__t1                         3.3
xr1.xcore.\$14                     7.84899e-08
xr1.xcore.\$13                     8.26711e-08
xr1.xcore.a\x7cy__t011              1.9683e-07
xr1.xcore.a\x7cy__t1               1.70956e-11
xr1.xcore.en__t0                           3.3
xr1.xcore.\$27__t1                     1.56728
xr1.xcore.vss__t2                            0
xr1.xcore.vddr__t2                     3.29901
xr1.xcore.\$28                         2.87406
xr1.xcore.a\x7cy__t3               0.000179541
xr1.xcore.a\x7cy__t111              1.9683e-07
xr1.xcore.\$27__t2                     1.56727
xr1.xcore.\$27__t0                     1.56727
xr1.xcore.en__t1                           3.3
xr1.xcore.a\x7cy__t4               3.47673e-11
xr1.xcore.vddr__t3                         3.3
xr1.xcore.vss__t3                            0
xr1.xcore.\$29                             3.3
xr1.xcore.\$30                             3.3
xr1.xcore.a\x7cy__t2                         0
xr1.xcore.a\x7cy__t12                      3.3
xr1.xcore.vddr__t12                        3.3
xr1.xcore.vss__t12                           0
xr1.xcore.\$31                             3.3
xr1.xcore.\$32                         2.92744
xr1.xcore.a\x7cy__t22                      3.3
xr1.xcore.a\x7cy__t03              1.96596e-07
xr1.xcore.vddr__t11                        3.3
xr1.xcore.vss__t11                           0
xr1.xcore.\$33                             3.3
xr1.xcore.\$34                             3.3
xr1.xcore.a\x7cy__t23              1.96511e-07
xr1.xcore.a\x7cy__t04                      3.3
xr1.xcore.vddr__t10                        3.3
xr1.xcore.vss__t10                           0
xr1.xcore.\$35                             3.3
xr1.xcore.\$36                         2.92744
xr1.xcore.a\x7cy__t24                      3.3
xr1.xcore.a\x7cy__t05                1.963e-07
xr1.xcore.vddr__t9                         3.3
xr1.xcore.vss__t9                            0
xr1.xcore.\$37                             3.3
xr1.xcore.\$38                             3.3
xr1.xcore.a\x7cy__t25              1.96214e-07
xr1.xcore.a\x7cy__t06                      3.3
xr1.xcore.vddr__t8                         3.3
xr1.xcore.vss__t8                            0
xr1.xcore.\$39                             3.3
xr1.xcore.\$40                         2.92744
xr1.xcore.a\x7cy__t26                      3.3
xr1.xcore.a\x7cy__t07              1.96308e-07
xr1.xcore.vddr__t7                         3.3
xr1.xcore.vss__t7                            0
xr1.xcore.\$41                             3.3
xr1.xcore.\$42                             3.3
xr1.xcore.a\x7cy__t27              1.96223e-07
xr1.xcore.a\x7cy__t08                      3.3
xr1.xcore.vddr__t6                         3.3
xr1.xcore.vss__t6                            0
xr1.xcore.\$43                             3.3
xr1.xcore.\$44                         2.92744
xr1.xcore.a\x7cy__t28                      3.3
xr1.xcore.a\x7cy__t09              1.96605e-07
xr1.xcore.vddr__t5                         3.3
xr1.xcore.vss__t5                            0
xr1.xcore.\$45                             3.3
xr1.xcore.\$46                             3.3
xr1.xcore.a\x7cy__t29               1.9652e-07
xr1.xcore.a\x7cy__t010                     3.3
xr1.xcore.vddr__t4                         3.3
xr1.xcore.vss__t4                            0
xr1.xcore.\$47                             3.3
xr1.xcore.\$48                         2.92744
xr1.xcore.a\x7cy__t210                     3.3
xr1.xcore.a\x7cy__t211             1.96928e-07
xr1.xcore.\$27                         1.56727
g11                                          0
n11                                          0
n12                                        3.3
g12                                        3.3
n13                                1.96511e-07
g13                                1.96511e-07
n14                                        3.3
g14                                        3.3
n15                                1.96214e-07
g15                                1.96214e-07
n16                                        3.3
g16                                        3.3
n17                                1.96223e-07
g17                                1.96223e-07
n18                                        3.3
g18                                        3.3
n19                                 1.9652e-07
g19                                 1.9652e-07
n1a                                        3.3
g1a                                        3.3
g10                                 1.9683e-07
ro1                                 1.9683e-07
xr2.xcore.vss__t0                  4.00838e-10
xr2.xcore.vddr__t0                         3.3
xr2.xcore.\$15                     7.27432e-08
xr2.xcore.\$14                     7.69244e-08
xr2.xcore.a\x7cy__t2               1.88779e-07
xr2.xcore.a\x7cy__t02              1.70956e-11
xr2.xcore.en__t0                           3.3
xr2.xcore.\$17                     4.68686e-07
xr2.xcore.a\x7cy__t12                        0
xr2.xcore.a\x7cy__t33                      3.3
xr2.xcore.vss__t1                  1.58531e-09
xr2.xcore.vddr__t1                         3.3
xr2.xcore.\$18                     1.62747e-07
xr2.xcore.a\x7cy__t13                      3.3
xr2.xcore.a\x7cy__t34              1.88365e-07
xr2.xcore.vss__t21                 4.56771e-10
xr2.xcore.vddr__t21                        3.3
xr2.xcore.\$20                     4.67891e-07
xr2.xcore.a\x7cy__t14               1.8845e-07
xr2.xcore.a\x7cy__t35                      3.3
xr2.xcore.vss__t20                 7.87831e-10
xr2.xcore.vddr__t20                        3.3
xr2.xcore.\$21                     1.62441e-07
xr2.xcore.a\x7cy__t15                      3.3
xr2.xcore.a\x7cy__t36              1.88058e-07
xr2.xcore.vss__t19                 1.50229e-10
xr2.xcore.vddr__t19                        3.3
xr2.xcore.\$23                     4.67152e-07
xr2.xcore.a\x7cy__t16              1.88143e-07
xr2.xcore.a\x7cy__t37                      3.3
xr2.xcore.vss__t18                 4.93592e-11
xr2.xcore.vddr__t18                        3.3
xr2.xcore.\$24                      1.6245e-07
xr2.xcore.a\x7cy__t17                      3.3
xr2.xcore.a\x7cy__t38              1.88067e-07
xr2.xcore.vss__t17                 1.59286e-10
xr2.xcore.vddr__t17                        3.3
xr2.xcore.\$25                     4.67915e-07
xr2.xcore.a\x7cy__t18              1.88153e-07
xr2.xcore.a\x7cy__t39                      3.3
xr2.xcore.vss__t16                 8.11481e-10
xr2.xcore.vddr__t16                        3.3
xr2.xcore.\$22                     1.62756e-07
xr2.xcore.a\x7cy__t19                      3.3
xr2.xcore.a\x7cy__t310             1.88374e-07
xr2.xcore.vss__t15                 4.65885e-10
xr2.xcore.vddr__t15                        3.3
xr2.xcore.\$19                     4.68712e-07
xr2.xcore.a\x7cy__t110             1.88459e-07
xr2.xcore.a\x7cy__t311                     3.3
xr2.xcore.vss__t14                   1.609e-09
xr2.xcore.vddr__t14                        3.3
xr2.xcore.\$16                     1.63063e-07
xr2.xcore.a\x7cy__t111                     3.3
xr2.xcore.a\x7cy__t0               1.88681e-07
xr2.xcore.vss__t13                 7.73046e-10
xr2.xcore.vddr__t13                        3.3
xr2.xcore.\$27__t1                     1.58566
xr2.xcore.vss__t2                            0
xr2.xcore.vddr__t2                     3.29895
xr2.xcore.\$28                         2.87392
xr2.xcore.a\x7cy__t32              0.000190762
xr2.xcore.a\x7cy__t3               1.88779e-07
xr2.xcore.\$27__t2                     1.58565
xr2.xcore.\$27__t0                     1.58565
xr2.xcore.en__t1                           3.3
xr2.xcore.a\x7cy__t4               3.47656e-11
xr2.xcore.vddr__t3                         3.3
xr2.xcore.vss__t3                            0
xr2.xcore.\$29                             3.3
xr2.xcore.\$30                             3.3
xr2.xcore.a\x7cy__t22                        0
xr2.xcore.a\x7cy__t23                      3.3
xr2.xcore.vddr__t12                        3.3
xr2.xcore.vss__t12                           0
xr2.xcore.\$31                             3.3
xr2.xcore.\$32                         2.92716
xr2.xcore.a\x7cy__t03                      3.3
xr2.xcore.a\x7cy__t24              1.88535e-07
xr2.xcore.vddr__t11                        3.3
xr2.xcore.vss__t11                           0
xr2.xcore.\$33                             3.3
xr2.xcore.\$34                             3.3
xr2.xcore.a\x7cy__t04               1.8845e-07
xr2.xcore.a\x7cy__t25                      3.3
xr2.xcore.vddr__t10                        3.3
xr2.xcore.vss__t10                           0
xr2.xcore.\$35                             3.3
xr2.xcore.\$36                         2.92716
xr2.xcore.a\x7cy__t05                      3.3
xr2.xcore.a\x7cy__t26              1.88229e-07
xr2.xcore.vddr__t9                         3.3
xr2.xcore.vss__t9                            0
xr2.xcore.\$37                             3.3
xr2.xcore.\$38                             3.3
xr2.xcore.a\x7cy__t06              1.88143e-07
xr2.xcore.a\x7cy__t27                      3.3
xr2.xcore.vddr__t8                         3.3
xr2.xcore.vss__t8                            0
xr2.xcore.\$39                             3.3
xr2.xcore.\$40                         2.92716
xr2.xcore.a\x7cy__t07                      3.3
xr2.xcore.a\x7cy__t28              1.88238e-07
xr2.xcore.vddr__t7                         3.3
xr2.xcore.vss__t7                            0
xr2.xcore.\$41                             3.3
xr2.xcore.\$42                             3.3
xr2.xcore.a\x7cy__t08              1.88153e-07
xr2.xcore.a\x7cy__t29                      3.3
xr2.xcore.vddr__t6                         3.3
xr2.xcore.vss__t6                            0
xr2.xcore.\$43                             3.3
xr2.xcore.\$44                         2.92716
xr2.xcore.a\x7cy__t09                      3.3
xr2.xcore.a\x7cy__t210             1.88545e-07
xr2.xcore.vddr__t5                         3.3
xr2.xcore.vss__t5                            0
xr2.xcore.\$45                             3.3
xr2.xcore.\$46                             3.3
xr2.xcore.a\x7cy__t010             1.88459e-07
xr2.xcore.a\x7cy__t211                     3.3
xr2.xcore.vddr__t4                         3.3
xr2.xcore.vss__t4                            0
xr2.xcore.\$47                             3.3
xr2.xcore.\$48                         2.92716
xr2.xcore.a\x7cy__t011                     3.3
xr2.xcore.a\x7cy__t1               1.88878e-07
xr2.xcore.\$27                         1.58565
ro2                                1.88779e-07
g20                                1.88779e-07
n21                                          0
g21                                          0
g22                                        3.3
n22                                        3.3
g23                                 1.8845e-07
n23                                 1.8845e-07
g24                                        3.3
n24                                        3.3
g25                                1.88143e-07
n25                                1.88143e-07
g26                                        3.3
n26                                        3.3
g27                                1.88153e-07
n27                                1.88153e-07
g28                                        3.3
n28                                        3.3
g29                                1.88459e-07
n29                                1.88459e-07
g2a                                        3.3
n2a                                        3.3
xa1.\$2__t0                                3.3
xa1.a__t0                           1.9683e-07
xa1.vss__t0                        6.57814e-11
xa1.\$3__t3                                3.3
xa1.b__t1                          1.88779e-07
xa1.vss__t3                        3.65452e-11
xa1.y__t3                          1.53807e-07
xa1.a__t3                           1.9683e-07
xa1.\$4__t1                          0.0318592
xa1.\$4__t0                          0.0318592
xa1.b__t3                          1.88779e-07
xa1.vss__t1                        2.13294e-12
xa1.y__t2                          1.53743e-07
xa1.\$2__t1                                3.3
xa1.\$6__t1                        8.06146e-08
xa1.\$6__t0                        8.04441e-08
xa1.\$3__t2                                3.3
xa1.vss__t2                        1.21927e-10
xa1.\$2__t2                                3.3
xa1.a__t1                           1.9683e-07
xa1.vdd__t0                                3.3
xa1.\$11                               2.97221
xa1.\$3__t1                                3.3
xa1.b__t0                          1.88779e-07
xa1.vdd__t3                                3.3
xa1.\$8__t3                                3.3
xa1.a__t2                           1.9683e-07
xa1.vdd__t1                                3.3
xa1.\$8__t2                                3.3
xa1.b__t2                          1.88779e-07
xa1.vdd__t2                                3.3
xa1.y__t0                          1.53811e-07
xa1.\$2__t3                                3.3
xa1.\$8__t1                                3.3
xa1.y__t1                          1.53814e-07
xa1.\$3__t0                                3.3
xa1.\$8__t0                                3.3
xa1.\$2                                    3.3
xa1.\$3                                    3.3
xa1.\$4                              0.0318592
xa1.\$6                            8.05294e-08
xa1.\$8                                    3.3
xo                                   1.538e-07
xsb.\$2__t0                                3.3
xsb.clk__t5                                  0
xsb.vss__t0                        9.79106e-11
xsb.d__t1                          1.53852e-07
xsb.\$2__t1                                3.3
xsb.\$3__t5                        1.98243e-07
xsb.\$5__t3                        4.78751e-08
xsb.\$13__t5                               3.3
xsb.vss__t4                        3.48064e-11
xsb.\$5__t2                        4.79284e-08
xsb.clk__t4                                  0
xsb.\$3__t4                        1.98506e-07
xsb.\$13__t6                               3.3
xsb.clk__t3                                  0
xsb.\$6__t5                                3.3
xsb.q__t3                          2.55784e-08
xsb.\$6__t3                                3.3
xsb.vss__t3                        5.91398e-15
xsb.\$8__t4                                3.3
xsb.\$2__t5                                3.3
xsb.\$6__t4                                3.3
xsb.\$13__t0                               3.3
xsb.\$3__t0                        1.98477e-07
xsb.\$9__t1                           0.097971
xsb.\$9__t0                           0.097971
xsb.rst_n__t1                                0
xsb.vss__t1                         6.7529e-12
xsb.\$8__t0                                3.3
xsb.q__t0                          2.57248e-08
xsb.\$10__t1                         0.0979709
xsb.\$10__t0                         0.0979709
xsb.rst_n__t0                                0
xsb.vss__t2                        1.12548e-11
xsb.\$2__t2                                3.3
xsb.clk__t2                                  0
xsb.vdd__t6                                3.3
xsb.\$15                               2.94217
xsb.d__t0                          1.53816e-07
xsb.clk__t1                                  0
xsb.\$3__t1                        1.98522e-07
xsb.\$13__t4                               3.3
xsb.\$3__t3                        1.98477e-07
xsb.vdd__t5                                3.3
xsb.\$13__t3                               3.3
xsb.rst_n__t3                                0
xsb.vdd__t4                                3.3
xsb.\$5__t1                        4.79412e-08
xsb.\$13__t1                               3.3
xsb.vdd__t3                                3.3
xsb.\$5__t0                        4.79404e-08
xsb.\$2__t3                                3.3
xsb.\$3__t2                        1.98571e-07
xsb.\$13__t2                               3.3
xsb.\$2__t4                                3.3
xsb.\$6__t1                                3.3
xsb.q__t2                          2.58266e-08
xsb.\$6__t2                                3.3
xsb.vdd__t2                                3.3
xsb.\$8__t3                                3.3
xsb.q__t1                          2.57248e-08
xsb.vdd__t1                                3.3
xsb.\$8__t2                                3.3
xsb.rst_n__t2                                0
xsb.vdd__t0                                3.3
xsb.\$8__t1                                3.3
xsb.clk__t0                                  0
xsb.\$6__t0                                3.3
xsb.\$10                             0.0979709
xsb.\$13                                   3.3
xsb.\$2                                    3.3
xsb.\$3                            1.98477e-07
xsb.\$5                            4.79223e-08
xsb.\$6                                    3.3
xsb.\$8                                    3.3
xsb.\$9                               0.097971
clk                                          0
raw_bit                            2.57248e-08
rst_n                                        0
xsv.\$2__t0                                3.3
xsv.clk__t5                                  0
xsv.vss__t0                        9.79106e-11
xsv.d__t1                                  3.3
xsv.\$2__t1                                3.3
xsv.\$3__t5                                3.3
xsv.\$5__t3                        1.33874e-07
xsv.\$13__t5                               3.3
xsv.vss__t4                         9.0087e-11
xsv.\$5__t2                        1.34108e-07
xsv.clk__t4                                  0
xsv.\$3__t4                                3.3
xsv.\$13__t6                               3.3
xsv.clk__t3                                  0
xsv.\$6__t5                                3.3
xsv.q__t3                          2.43625e-08
xsv.\$6__t3                                3.3
xsv.vss__t3                        5.68821e-15
xsv.\$8__t4                                3.3
xsv.\$2__t5                                3.3
xsv.\$6__t4                                3.3
xsv.\$13__t0                               3.3
xsv.\$3__t0                                3.3
xsv.\$9__t1                            2.76413
xsv.\$9__t0                            2.76413
xsv.rst_n__t1                                0
xsv.vss__t1                        3.00098e-11
xsv.\$8__t0                                3.3
xsv.q__t0                          2.44997e-08
xsv.\$10__t1                         0.0979708
xsv.\$10__t0                         0.0979708
xsv.rst_n__t0                                0
xsv.vss__t2                        1.12548e-11
xsv.\$2__t2                                3.3
xsv.clk__t2                                  0
xsv.vdd__t6                                3.3
xsv.\$15                               2.98256
xsv.d__t0                                  3.3
xsv.clk__t1                                  0
xsv.\$3__t1                                3.3
xsv.\$13__t4                               3.3
xsv.\$3__t3                                3.3
xsv.vdd__t5                                3.3
xsv.\$13__t3                               3.3
xsv.rst_n__t3                                0
xsv.vdd__t4                                3.3
xsv.\$5__t1                        1.34036e-07
xsv.\$13__t1                               3.3
xsv.vdd__t3                                3.3
xsv.\$5__t0                        1.34039e-07
xsv.\$2__t3                                3.3
xsv.\$3__t2                                3.3
xsv.\$13__t2                               3.3
xsv.\$2__t4                                3.3
xsv.\$6__t1                                3.3
xsv.q__t2                          2.45951e-08
xsv.\$6__t2                                3.3
xsv.vdd__t2                                3.3
xsv.\$8__t3                                3.3
xsv.q__t1                          2.44997e-08
xsv.vdd__t1                                3.3
xsv.\$8__t2                                3.3
xsv.rst_n__t2                                0
xsv.vdd__t0                                3.3
xsv.\$8__t1                                3.3
xsv.clk__t0                                  0
xsv.\$6__t0                                3.3
xsv.\$10                             0.0979708
xsv.\$13                                   3.3
xsv.\$2                                    3.3
xsv.\$3                                    3.3
xsv.\$5                            1.34018e-07
xsv.\$6                                    3.3
xsv.\$8                                    3.3
xsv.\$9                                2.76413
raw_valid                          2.44997e-08
x1                                       -1.65
x2                                       -1.65
vth                                       1.65
tclkv                                    1e-08
btclk#branch                                 0
bvth#branch                                  0
bx2#branch                                   0
bx1#branch                                   0
vclk#branch                                  0
vrst#branch                                  0
vn2a#branch                        5.34469e-17
vn29#branch                        2.35604e-24
vn28#branch                        1.71193e-17
vn27#branch                        2.18095e-24
vn26#branch                        3.06035e-17
vn25#branch                        6.04784e-25
vn24#branch                        1.56353e-17
vn23#branch                        1.89463e-24
vn22#branch                        3.51648e-17
vn21#branch                                  0
vn20#branch                       -6.00118e-27
vn1a#branch                        3.93381e-17
vn19#branch                        4.68594e-24
vn18#branch                       -1.43366e-17
vn17#branch                         7.8193e-26
vn16#branch                        2.25484e-18
vn15#branch                        5.77667e-24
vn14#branch                        9.80808e-18
vn13#branch                        2.19781e-24
vn12#branch                       -1.24124e-17
vn11#branch                                  0
vn10#branch                         2.1375e-25
vtr#branch                           1.867e-10
vr2#branch                         1.11265e-05
vr1#branch                          1.0472e-05
ven#branch                        -2.28026e-17
vsup#branch                       -2.15987e-05

 Reference value :  0.00000e+00
 Reference value :  3.50588e-10
 Reference value :  7.04118e-10
 Reference value :  1.05706e-09
 Reference value :  1.42059e-09
 Reference value :  1.76176e-09
 Reference value :  2.09412e-09
 Reference value :  2.44059e-09
 Reference value :  2.78412e-09
 Reference value :  3.12412e-09
 Reference value :  3.50059e-09
 Reference value :  3.85176e-09
 Reference value :  4.20000e-09
 Reference value :  4.54412e-09
 Reference value :  4.90000e-09
 Reference value :  5.26000e-09
 Reference value :  5.60059e-09
 Reference value :  5.93706e-09
 Reference value :  6.29412e-09
 Reference value :  6.61059e-09
 Reference value :  6.93059e-09
 Reference value :  7.26176e-09
 Reference value :  7.59059e-09
 Reference value :  7.93706e-09
 Reference value :  8.26059e-09
 Reference value :  8.62176e-09
 Reference value :  8.96176e-09
 Reference value :  9.30059e-09
 Reference value :  9.66000e-09
 Reference value :  1.00371e-08
 Reference value :  1.03971e-08
 Reference value :  1.07341e-08
 Reference value :  1.10706e-08
 Reference value :  1.15541e-08
 Reference value :  1.20618e-08
 Reference value :  1.24300e-08
 Reference value :  1.27700e-08
 Reference value :  1.31306e-08
 Reference value :  1.35118e-08
 Reference value :  1.38541e-08
 Reference value :  1.42041e-08
 Reference value :  1.45306e-08
 Reference value :  1.48806e-08
 Reference value :  1.52400e-08
 Reference value :  1.55641e-08
 Reference value :  1.59306e-08
 Reference value :  1.62800e-08
 Reference value :  1.66171e-08
 Reference value :  1.69618e-08
 Reference value :  1.73006e-08
 Reference value :  1.76571e-08
 Reference value :  1.79918e-08
 Reference value :  1.83618e-08
 Reference value :  1.86771e-08
 Reference value :  1.90106e-08
 Reference value :  1.93706e-08
 Reference value :  1.96800e-08
 Reference value :  1.99971e-08
 Reference value :  2.02271e-08
 Reference value :  2.05506e-08
 Reference value :  2.09071e-08
 Reference value :  2.12771e-08
 Reference value :  2.16306e-08
 Reference value :  2.19941e-08
 Reference value :  2.23506e-08
 Reference value :  2.26971e-08
 Reference value :  2.30571e-08
 Reference value :  2.33900e-08
 Reference value :  2.37406e-08
 Reference value :  2.41006e-08
 Reference value :  2.44406e-08
 Reference value :  2.47806e-08
 Reference value :  2.51206e-08
 Reference value :  2.54671e-08
 Reference value :  2.58300e-08
 Reference value :  2.62000e-08
 Reference value :  2.65541e-08
 Reference value :  2.68900e-08
 Reference value :  2.72218e-08
 Reference value :  2.75418e-08
 Reference value :  2.78906e-08
 Reference value :  2.82171e-08
 Reference value :  2.85500e-08
 Reference value :  2.88818e-08
 Reference value :  2.92100e-08
 Reference value :  2.95418e-08
 Reference value :  2.98718e-08
 Reference value :  3.01706e-08
 Reference value :  3.05218e-08
 Reference value :  3.08606e-08
 Reference value :  3.11671e-08
 Reference value :  3.15100e-08
 Reference value :  3.18500e-08
 Reference value :  3.21800e-08
 Reference value :  3.25071e-08
 Reference value :  3.28418e-08
 Reference value :  3.32141e-08
 Reference value :  3.35506e-08
 Reference value :  3.39071e-08
 Reference value :  3.42700e-08
 Reference value :  3.46141e-08
 Reference value :  3.49671e-08
 Reference value :  3.52606e-08
 Reference value :  3.56018e-08
 Reference value :  3.59671e-08
 Reference value :  3.62741e-08
 Reference value :  3.66471e-08
 Reference value :  3.70018e-08
 Reference value :  3.73671e-08
 Reference value :  3.77106e-08
 Reference value :  3.80471e-08
 Reference value :  3.84071e-08
 Reference value :  3.87600e-08
 Reference value :  3.91141e-08
 Reference value :  3.94406e-08
 Reference value :  3.97671e-08
 Reference value :  4.00406e-08
 Reference value :  4.03718e-08
 Reference value :  4.07306e-08
 Reference value :  4.10136e-08
 Reference value :  4.13618e-08
 Reference value :  4.17118e-08
 Reference value :  4.20606e-08
 Reference value :  4.24141e-08
 Reference value :  4.27571e-08
 Reference value :  4.30971e-08
 Reference value :  4.34806e-08
 Reference value :  4.38471e-08
 Reference value :  4.41971e-08
 Reference value :  4.45400e-08
 Reference value :  4.48800e-08
 Reference value :  4.51906e-08
 Reference value :  4.55241e-08
 Reference value :  4.58771e-08
 Reference value :  4.61741e-08
 Reference value :  4.65571e-08
 Reference value :  4.69106e-08
 Reference value :  4.72718e-08
 Reference value :  4.76300e-08
 Reference value :  4.79841e-08
 Reference value :  4.83318e-08
 Reference value :  4.87306e-08
 Reference value :  4.90906e-08
 Reference value :  4.94406e-08
 Reference value :  4.97806e-08
 Reference value :  5.00741e-08
 Reference value :  5.04441e-08
 Reference value :  5.08141e-08
 Reference value :  5.11318e-08
 Reference value :  5.14900e-08
 Reference value :  5.18271e-08
 Reference value :  5.23606e-08
 Reference value :  5.28271e-08
 Reference value :  5.31771e-08
 Reference value :  5.35141e-08
 Reference value :  5.38506e-08
 Reference value :  5.42018e-08
 Reference value :  5.45700e-08
 Reference value :  5.48941e-08
 Reference value :  5.52118e-08
 Reference value :  5.55606e-08
 Reference value :  5.59106e-08
 Reference value :  5.62118e-08
 Reference value :  5.65571e-08
 Reference value :  5.68906e-08
 Reference value :  5.72171e-08
 Reference value :  5.75600e-08
 Reference value :  5.79041e-08
 Reference value :  5.82571e-08
 Reference value :  5.85918e-08
 Reference value :  5.89371e-08
 Reference value :  5.92818e-08
 Reference value :  5.96418e-08
 Reference value :  5.99800e-08
 Reference value :  6.02871e-08
 Reference value :  6.06400e-08
 Reference value :  6.09741e-08
 Reference value :  6.12606e-08
 Reference value :  6.16000e-08
 Reference value :  6.19418e-08
 Reference value :  6.22771e-08
 Reference value :  6.26071e-08
 Reference value :  6.29571e-08
 Reference value :  6.32918e-08
 Reference value :  6.36471e-08
 Reference value :  6.41041e-08
 Reference value :  6.45506e-08
 Reference value :  6.50206e-08
 Reference value :  6.53700e-08
 Reference value :  6.57006e-08
 Reference value :  6.60010e-08
 Reference value :  6.63518e-08
 Reference value :  6.66900e-08
 Reference value :  6.70118e-08
 Reference value :  6.73371e-08
 Reference value :  6.76771e-08
 Reference value :  6.80300e-08
 Reference value :  6.83618e-08
 Reference value :  6.87100e-08
 Reference value :  6.90471e-08
 Reference value :  6.93906e-08
 Reference value :  6.97500e-08
 Reference value :  7.00700e-08
 Reference value :  7.04271e-08
 Reference value :  7.07671e-08
 Reference value :  7.10671e-08
 Reference value :  7.14206e-08
 Reference value :  7.17918e-08
 Reference value :  7.22406e-08
 Reference value :  7.26006e-08
 Reference value :  7.29718e-08
 Reference value :  7.33106e-08
 Reference value :  7.36741e-08
 Reference value :  7.40341e-08
 Reference value :  7.43941e-08
 Reference value :  7.47318e-08
 Reference value :  7.50218e-08
 Reference value :  7.53806e-08
 Reference value :  7.57218e-08
 Reference value :  7.60900e-08
 Reference value :  7.66106e-08
 Reference value :  7.70171e-08
 Reference value :  7.74541e-08
 Reference value :  7.78700e-08
 Reference value :  7.83100e-08
 Reference value :  7.86500e-08
 Reference value :  7.89718e-08
 Reference value :  7.93106e-08
 Reference value :  7.96041e-08
 Reference value :  7.99500e-08
 Reference value :  8.02400e-08
 Reference value :  8.05741e-08
 Reference value :  8.09100e-08
 Reference value :  8.12018e-08
 Reference value :  8.15571e-08
 Reference value :  8.19206e-08
 Reference value :  8.22571e-08
 Reference value :  8.26018e-08
 Reference value :  8.29500e-08
 Reference value :  8.32906e-08
 Reference value :  8.36518e-08
 Reference value :  8.40018e-08
 Reference value :  8.43306e-08
 Reference value :  8.46541e-08
 Reference value :  8.50000e-08
 Reference value :  8.53600e-08
 Reference value :  8.57100e-08
 Reference value :  8.60273e-08
 Reference value :  8.63918e-08
 Reference value :  8.67371e-08
 Reference value :  8.70771e-08
 Reference value :  8.74318e-08
 Reference value :  8.77871e-08
 Reference value :  8.81206e-08
 Reference value :  8.84618e-08
 Reference value :  8.87971e-08
 Reference value :  8.91500e-08
 Reference value :  8.94871e-08
 Reference value :  8.98341e-08
 Reference value :  9.01241e-08
 Reference value :  9.04641e-08
 Reference value :  9.08118e-08
 Reference value :  9.11041e-08
 Reference value :  9.14371e-08
 Reference value :  9.17918e-08
 Reference value :  9.21141e-08
 Reference value :  9.24641e-08
 Reference value :  9.27941e-08
 Reference value :  9.31471e-08
 Reference value :  9.35041e-08
 Reference value :  9.38541e-08
 Reference value :  9.42271e-08
 Reference value :  9.45918e-08
 Reference value :  9.49806e-08
 Reference value :  9.53241e-08
 Reference value :  9.56918e-08
 Reference value :  9.60200e-08
 Reference value :  9.63800e-08
 Reference value :  9.67371e-08
 Reference value :  9.70741e-08
 Reference value :  9.74206e-08
 Reference value :  9.77800e-08
 Reference value :  9.81218e-08
 Reference value :  9.84718e-08
 Reference value :  9.88106e-08
 Reference value :  9.91571e-08
 Reference value :  9.95171e-08
 Reference value :  9.98641e-08
 Reference value :  1.00152e-07
 Reference value :  1.00482e-07
 Reference value :  1.00847e-07
 Reference value :  1.01127e-07
 Reference value :  1.01474e-07
 Reference value :  1.01842e-07
 Reference value :  1.02164e-07
 Reference value :  1.02477e-07
 Reference value :  1.02797e-07
 Reference value :  1.03112e-07
 Reference value :  1.03461e-07
 Reference value :  1.03811e-07
 Reference value :  1.04137e-07
 Reference value :  1.04481e-07
 Reference value :  1.04851e-07
 Reference value :  1.05134e-07
 Reference value :  1.05470e-07
 Reference value :  1.05837e-07
 Reference value :  1.06142e-07
 Reference value :  1.06512e-07
 Reference value :  1.06892e-07
 Reference value :  1.07250e-07
 Reference value :  1.07602e-07
 Reference value :  1.07942e-07
 Reference value :  1.08281e-07
 Reference value :  1.08677e-07
 Reference value :  1.09024e-07
 Reference value :  1.09361e-07
 Reference value :  1.09692e-07
 Reference value :  1.10020e-07
 Reference value :  1.10354e-07
 Reference value :  1.10691e-07
 Reference value :  1.11000e-07
 Reference value :  1.11382e-07
 Reference value :  1.11824e-07
 Reference value :  1.12217e-07
 Reference value :  1.12577e-07
 Reference value :  1.12920e-07
 Reference value :  1.13270e-07
 Reference value :  1.13640e-07
 Reference value :  1.13972e-07
 Reference value :  1.14321e-07
 Reference value :  1.14657e-07
 Reference value :  1.15000e-07
 Reference value :  1.15314e-07
 Reference value :  1.15694e-07
 Reference value :  1.16003e-07
 Reference value :  1.16342e-07
 Reference value :  1.16691e-07
 Reference value :  1.17041e-07
 Reference value :  1.17402e-07
 Reference value :  1.17767e-07
 Reference value :  1.18120e-07
 Reference value :  1.18461e-07
 Reference value :  1.18832e-07
 Reference value :  1.19200e-07
 Reference value :  1.19572e-07
 Reference value :  1.19912e-07
 Reference value :  1.20202e-07
 Reference value :  1.20562e-07
 Reference value :  1.20912e-07
 Reference value :  1.21202e-07
 Reference value :  1.21561e-07
 Reference value :  1.21904e-07
 Reference value :  1.22240e-07
 Reference value :  1.22572e-07
 Reference value :  1.22904e-07
 Reference value :  1.23237e-07
 Reference value :  1.23567e-07
 Reference value :  1.23907e-07
 Reference value :  1.24250e-07
 Reference value :  1.24642e-07
 Reference value :  1.24992e-07
 Reference value :  1.25302e-07
 Reference value :  1.25660e-07
 Reference value :  1.25997e-07
 Reference value :  1.26307e-07
 Reference value :  1.26651e-07
 Reference value :  1.26992e-07
 Reference value :  1.27337e-07
 Reference value :  1.27711e-07
 Reference value :  1.28061e-07
 Reference value :  1.28392e-07
 Reference value :  1.28740e-07
 Reference value :  1.29071e-07
 Reference value :  1.29412e-07
 Reference value :  1.29762e-07
 Reference value :  1.30071e-07
 Reference value :  1.30424e-07
 Reference value :  1.30810e-07
 Reference value :  1.31132e-07
 Reference value :  1.31491e-07
 Reference value :  1.31880e-07
 Reference value :  1.32251e-07
 Reference value :  1.32610e-07
 Reference value :  1.32964e-07
 Reference value :  1.33311e-07
 Reference value :  1.33661e-07
 Reference value :  1.34007e-07
 Reference value :  1.34357e-07
 Reference value :  1.34711e-07
 Reference value :  1.35017e-07
 Reference value :  1.35360e-07
 Reference value :  1.35732e-07
 Reference value :  1.36092e-07
 Reference value :  1.36470e-07
 Reference value :  1.36831e-07
 Reference value :  1.37164e-07
 Reference value :  1.37514e-07
 Reference value :  1.37861e-07
 Reference value :  1.38197e-07
 Reference value :  1.38534e-07
 Reference value :  1.38877e-07
 Reference value :  1.39232e-07
 Reference value :  1.39590e-07
 Reference value :  1.39931e-07
 Reference value :  1.40230e-07
 Reference value :  1.40604e-07
 Reference value :  1.40957e-07
 Reference value :  1.41262e-07
 Reference value :  1.41602e-07
 Reference value :  1.41957e-07
 Reference value :  1.42301e-07
 Reference value :  1.42674e-07
 Reference value :  1.43017e-07
 Reference value :  1.43357e-07
 Reference value :  1.43704e-07
 Reference value :  1.44054e-07
 Reference value :  1.44402e-07
 Reference value :  1.44762e-07
 Reference value :  1.45062e-07
 Reference value :  1.45410e-07
 Reference value :  1.45770e-07
 Reference value :  1.46081e-07
 Reference value :  1.46432e-07
 Reference value :  1.46781e-07
 Reference value :  1.47131e-07
 Reference value :  1.47497e-07
 Reference value :  1.47844e-07
 Reference value :  1.48197e-07
 Reference value :  1.48547e-07
 Reference value :  1.48900e-07
 Reference value :  1.49261e-07
 Reference value :  1.49610e-07
 Reference value :  1.49952e-07
 Reference value :  1.50251e-07
 Reference value :  1.50610e-07
 Reference value :  1.50960e-07
 Reference value :  1.51272e-07
 Reference value :  1.51624e-07
 Reference value :  1.51971e-07
 Reference value :  1.52314e-07
 Reference value :  1.52660e-07
 Reference value :  1.52997e-07
 Reference value :  1.53341e-07
 Reference value :  1.53661e-07
 Reference value :  1.53991e-07
 Reference value :  1.54324e-07
 Reference value :  1.54652e-07
 Reference value :  1.54994e-07
 Reference value :  1.55300e-07
 Reference value :  1.55634e-07
 Reference value :  1.55981e-07
 Reference value :  1.56282e-07
 Reference value :  1.56640e-07
 Reference value :  1.56981e-07
 Reference value :  1.57320e-07
 Reference value :  1.57664e-07
 Reference value :  1.58007e-07
 Reference value :  1.58351e-07
 Reference value :  1.58691e-07
 Reference value :  1.59042e-07
 Reference value :  1.59382e-07
 Reference value :  1.59732e-07
 Reference value :  1.60031e-07
 Reference value :  1.60407e-07
 Reference value :  1.60787e-07
 Reference value :  1.61110e-07
 Reference value :  1.61477e-07
 Reference value :  1.61852e-07
 Reference value :  1.62212e-07
 Reference value :  1.62574e-07
 Reference value :  1.62922e-07
 Reference value :  1.63260e-07
 Reference value :  1.63601e-07
 Reference value :  1.63940e-07
 Reference value :  1.64281e-07
 Reference value :  1.64624e-07
 Reference value :  1.64960e-07
 Reference value :  1.65261e-07
 Reference value :  1.65614e-07
 Reference value :  1.65974e-07
 Reference value :  1.66302e-07
 Reference value :  1.66650e-07
 Reference value :  1.67000e-07
 Reference value :  1.67322e-07
 Reference value :  1.67650e-07
 Reference value :  1.67994e-07
 Reference value :  1.68341e-07
 Reference value :  1.68671e-07
 Reference value :  1.69020e-07
 Reference value :  1.69350e-07
 Reference value :  1.69710e-07
 Reference value :  1.70000e-07
 Reference value :  1.70354e-07
 Reference value :  1.70711e-07
 Reference value :  1.71017e-07
 Reference value :  1.71501e-07
 Reference value :  1.71870e-07
 Reference value :  1.72230e-07
 Reference value :  1.72574e-07
 Reference value :  1.72911e-07
 Reference value :  1.73234e-07
 Reference value :  1.73564e-07
 Reference value :  1.73884e-07
 Reference value :  1.74217e-07
 Reference value :  1.74561e-07
 Reference value :  1.74897e-07
 Reference value :  1.75201e-07
 Reference value :  1.75577e-07
 Reference value :  1.75942e-07
 Reference value :  1.76271e-07
 Reference value :  1.76614e-07
 Reference value :  1.76994e-07
 Reference value :  1.77354e-07
 Reference value :  1.77697e-07
 Reference value :  1.78040e-07
 Reference value :  1.78384e-07
 Reference value :  1.78814e-07
 Reference value :  1.79291e-07
 Reference value :  1.79660e-07
 Reference value :  1.80000e-07
 Reference value :  1.80321e-07
 Reference value :  1.80674e-07
 Reference value :  1.81061e-07
 Reference value :  1.81410e-07
 Reference value :  1.81757e-07
 Reference value :  1.82094e-07
 Reference value :  1.82441e-07
 Reference value :  1.82774e-07
 Reference value :  1.83152e-07
 Reference value :  1.83514e-07
 Reference value :  1.83900e-07
 Reference value :  1.84272e-07
 Reference value :  1.84612e-07
 Reference value :  1.84952e-07
 Reference value :  1.85251e-07
 Reference value :  1.85657e-07
 Reference value :  1.86100e-07
 Reference value :  1.86614e-07
 Reference value :  1.86952e-07
 Reference value :  1.87297e-07
 Reference value :  1.87647e-07
 Reference value :  1.88000e-07
 Reference value :  1.88341e-07
 Reference value :  1.88714e-07
 Reference value :  1.89057e-07
 Reference value :  1.89384e-07
 Reference value :  1.89720e-07
 Reference value :  1.90001e-07
 Reference value :  1.90431e-07
 Reference value :  1.90782e-07
 Reference value :  1.91110e-07
 Reference value :  1.91462e-07
 Reference value :  1.91824e-07
 Reference value :  1.92201e-07
 Reference value :  1.92620e-07
 Reference value :  1.92987e-07
 Reference value :  1.93331e-07
 Reference value :  1.93671e-07
 Reference value :  1.94000e-07
 Reference value :  1.94351e-07
 Reference value :  1.94722e-07
 Reference value :  1.95020e-07
 Reference value :  1.95374e-07
 Reference value :  1.95727e-07
 Reference value :  1.96052e-07
 Reference value :  1.96420e-07
 Reference value :  1.96794e-07
 Reference value :  1.97167e-07
 Reference value :  1.97522e-07
 Reference value :  1.97902e-07
 Reference value :  1.98270e-07
 Reference value :  1.98634e-07
 Reference value :  1.98980e-07
 Reference value :  1.99341e-07
 Reference value :  1.99682e-07
No. of Data Rows : 101639
rb_rst              =  3.08173e-04
rv_rst              =  3.69264e-04
b0                  =  -6.03814e-03
b1                  =  1.17431e-03
b2                  =  3.29785e+00
b3                  =  6.90407e-04
b4                  =  3.29926e+00
b5                  =  3.29771e+00
b6                  =  -4.15585e-04
b7                  =  3.29747e+00
b8                  =  3.29976e+00
b9                  =  3.30512e+00
v0                  =  3.29270e+00
v9                  =  3.30294e+00
t1a                 =  1.97212e-08
t1b                 =  1.73950e-07
t2a                 =  1.86261e-08
t2b                 =  1.65719e-07
vxhi                =  3.33182e+00 at=  1.06067e-07
vxlo                =  -2.95644e-02 at=  9.08041e-08
vrhi                =  3.04650e+00 at=  3.62771e-08
vrlo                =  -3.64435e-02 at=  5.52300e-08
m_rb_rst_v = 3.0817350000e-04
m_rv_rst_v = 3.6926420000e-04
m_b0_v = -6.038143000e-03
m_b1_v = 1.1743070000e-03
m_b2_v = 3.2978540000e+00
m_b3_v = 6.9040680000e-04
m_b4_v = 3.2992590000e+00
m_b5_v = 3.2977100000e+00
m_b6_v = -4.155852000e-04
m_b7_v = 3.2974750000e+00
m_b8_v = 3.2997550000e+00
m_b9_v = 3.3051200000e+00
m_rv0_v = 3.2926960000e+00
m_rv9_v = 3.3029380000e+00
m_ones_count = 6.0000000000e+00
m_worst_rail_dev_v = 2.5249999937e-03
m_period_r1 = 1.2852367500e-08
m_period_r2 = 1.2257760833e-08
m_f_r1 = 7.7806676474e+07
m_f_r2 = 8.1580968465e+07
m_freq_ratio_r2_r1 = 1.0485085877e+00
m_ring_periods_per_sample = 7.7806676474e-01
m_xo_swing_v = 3.3613843600e+00
m_ring1_swing_v = 3.0829425100e+00
m_xo_trans_per_s = 3.1877528988e+08
Note: Simulation executed from .control section 

Warning: m=xx on .subckt line will override multiplier m hierarchy!

Note: Starting dynamic gmin stepping
Note: Dynamic gmin stepping completed
