
Note: Compatibility modes selected: hs a


Circuit: * sampler-dff-reset-current-xsb @ ss_125c_2.97v -- generated by sim/harness, do not edit

Doing analysis at TEMP = 125.000000 and TNOM = 27.000000

Using SPARSE 1.3 as Direct Linear Solver

Initial Transient Solution
--------------------------

Node                                   Voltage
----                                   -------
vdd                                       2.97
rst_n                                        0
clk                                          0
d                                            0
xdut.clkb                                 2.97
xdut.rst                                  2.97
xdut.m                             1.98635e-08
xdut.mb                                   2.97
xdut.mc                            5.94808e-08
xdut.s                                    2.97
q                                  3.25521e-08
xdut.qb                                   2.97
qint                               8.34513e-21
vd#branch                          5.26421e-12
vdd#branch                        -8.87155e-11
vclk#branch                                  0
vrst#branch                                  0

 Reference value :  4.35050e-10
 Reference value :  2.51305e-09
No. of Data Rows : 4720
qint1               =  2.75912e-05
qint2               =  1.37961e-04
qint3               =  2.48330e-04
qout_rst            =  -3.90823e-06
m_i_reset_xsb_a = 5.5184822500e-05
m_p_reset_xsb_w = 1.6389892282e-04
m_i_reset_xsb_first_a = 5.5184795000e-05
m_i_reset_xsb_last_a = 5.5184850000e-05
m_q_v = -3.908230000e-06
Note: Simulation executed from .control section 

Warning: m=xx on .subckt line will override multiplier m hierarchy!

