
Note: Compatibility modes selected: hs a


Circuit: * ro-array-core-pvt-q @ ss_125c_3.63v -- generated by sim/harness, do not edit

Doing analysis at TEMP = 125.000000 and TNOM = 27.000000

Using SPARSE 1.3 as Direct Linear Solver

Initial Transient Solution
--------------------------

Node                                   Voltage
----                                   -------
vsup                                      3.63
en                                        3.63
vddr1                                     3.63
vddr2                                     3.63
vdd                                       3.63
xdut.xr1.xg.py                         1.71655
xdut.xr1.n1                                  0
xdut.rn1                           2.49498e-07
xdut.xr1.xg.nm                    4.29842e-128
xdut.xr1.xg.ny                    4.04264e-128
xdut.xr1.x1.py                            3.63
xdut.xr1.n2                               3.63
xdut.xr1.x1.ny                     7.83899e-07
xdut.xr1.x2.py                            3.63
xdut.xr1.n3                        2.49498e-07
xdut.xr1.x2.ny                     2.15203e-07
xdut.xr1.x3.py                            3.63
xdut.xr1.n4                               3.63
xdut.xr1.x3.ny                     7.83903e-07
xdut.xr1.x4.py                            3.63
xdut.xr1.n5                        2.49498e-07
xdut.xr1.x4.ny                     2.15203e-07
xdut.xr1.x5.py                            3.63
xdut.xr1.n6                               3.63
xdut.xr1.x5.ny                     7.83903e-07
xdut.xr1.x6.py                            3.63
xdut.xr1.n7                        2.49498e-07
xdut.xr1.x6.ny                     2.15203e-07
xdut.xr1.x7.py                            3.63
xdut.xr1.n8                               3.63
xdut.xr1.x7.ny                     7.83903e-07
xdut.xr1.x8.py                            3.63
xdut.xr1.n9                        2.49498e-07
xdut.xr1.x8.ny                     2.15203e-07
xdut.xr1.x9.py                            3.63
xdut.xr1.n10                              3.63
xdut.xr1.x9.ny                     7.83903e-07
xdut.xr1.x10.py                           3.63
xdut.xr1.x10.ny                    2.15203e-07
xdut.xr2.xg.py                         1.73676
xdut.xr2.n1                                  0
xdut.rn2                           2.33336e-07
xdut.xr2.xg.nm                    6.76069e-178
xdut.xr2.xg.ny                    6.32749e-178
xdut.xr2.x1.py                            3.63
xdut.xr2.n2                               3.63
xdut.xr2.x1.ny                     7.25031e-07
xdut.xr2.x2.py                            3.63
xdut.xr2.n3                        2.33336e-07
xdut.xr2.x2.ny                     1.99042e-07
xdut.xr2.x3.py                            3.63
xdut.xr2.n4                               3.63
xdut.xr2.x3.ny                     7.25035e-07
xdut.xr2.x4.py                            3.63
xdut.xr2.n5                        2.33336e-07
xdut.xr2.x4.ny                     1.99042e-07
xdut.xr2.x5.py                            3.63
xdut.xr2.n6                               3.63
xdut.xr2.x5.ny                     7.25035e-07
xdut.xr2.x6.py                            3.63
xdut.xr2.n7                        2.33336e-07
xdut.xr2.x6.ny                     1.99042e-07
xdut.xr2.x7.py                            3.63
xdut.xr2.n8                               3.63
xdut.xr2.x7.ny                     7.25035e-07
xdut.xr2.x8.py                            3.63
xdut.xr2.n9                        2.33336e-07
xdut.xr2.x8.ny                     1.99042e-07
xdut.xr2.x9.py                            3.63
xdut.xr2.n10                              3.63
xdut.xr2.x9.ny                     7.25035e-07
xdut.xr2.x10.py                           3.63
xdut.xr2.x10.ny                    1.99042e-07
ro1                                       3.63
ro2                                       3.63
xdut.xa1.an                        3.42944e-08
xdut.xa1.bn                        3.42944e-08
xdut.xa1.mid                          0.763446
xo                                 1.88696e-07
xdut.xa1.s1                        9.43482e-08
xdut.xa1.s2                        8.81626e-08
q1                                -7.72643e-16
q2                                -8.23222e-16
qt                                -7.19965e-21
vth                                      1.815
bvth#branch                                  0
vtr#branch                         7.19965e-11
vr2#branch                         8.23222e-06
vr1#branch                         7.72643e-06
ven#branch                                   0
vsup#branch                       -1.59587e-05

 Reference value :  0.00000e+00
 Reference value :  2.09640e-09
 Reference value :  4.12640e-09
 Reference value :  6.26640e-09
 Reference value :  8.29640e-09
 Reference value :  1.03764e-08
 Reference value :  1.23764e-08
 Reference value :  1.45214e-08
 Reference value :  1.66664e-08
 Reference value :  1.87614e-08
 Reference value :  2.10114e-08
 Reference value :  2.31714e-08
 Reference value :  2.53914e-08
 Reference value :  2.73864e-08
 Reference value :  2.94314e-08
 Reference value :  3.15964e-08
 Reference value :  3.36964e-08
 Reference value :  3.58264e-08
 Reference value :  3.79814e-08
 Reference value :  4.01664e-08
 Reference value :  4.21514e-08
 Reference value :  4.43564e-08
 Reference value :  4.64364e-08
 Reference value :  4.86164e-08
 Reference value :  5.05914e-08
 Reference value :  5.27664e-08
 Reference value :  5.48264e-08
 Reference value :  5.69414e-08
 Reference value :  5.90014e-08
 Reference value :  6.10514e-08
 Reference value :  6.32064e-08
 Reference value :  6.53064e-08
 Reference value :  6.74114e-08
 Reference value :  6.94764e-08
 Reference value :  7.15564e-08
 Reference value :  7.37764e-08
 Reference value :  7.58064e-08
 Reference value :  7.77664e-08
 Reference value :  7.98814e-08
 Reference value :  8.19714e-08
 Reference value :  8.40214e-08
 Reference value :  8.61814e-08
 Reference value :  8.85864e-08
 Reference value :  9.06614e-08
 Reference value :  9.31764e-08
 Reference value :  9.53364e-08
 Reference value :  9.81664e-08
 Reference value :  1.00296e-07
 Reference value :  1.02526e-07
 Reference value :  1.04946e-07
 Reference value :  1.07011e-07
 Reference value :  1.09196e-07
 Reference value :  1.11336e-07
 Reference value :  1.14121e-07
 Reference value :  1.16781e-07
 Reference value :  1.18781e-07
 Reference value :  1.20916e-07
 Reference value :  1.23116e-07
 Reference value :  1.25271e-07
 Reference value :  1.27391e-07
 Reference value :  1.29541e-07
 Reference value :  1.31646e-07
 Reference value :  1.33911e-07
 Reference value :  1.35966e-07
 Reference value :  1.38126e-07
 Reference value :  1.40291e-07
 Reference value :  1.42431e-07
 Reference value :  1.44736e-07
 Reference value :  1.47021e-07
 Reference value :  1.49576e-07
 Reference value :  1.51591e-07
 Reference value :  1.54071e-07
 Reference value :  1.56691e-07
 Reference value :  1.59231e-07
 Reference value :  1.61336e-07
 Reference value :  1.63586e-07
 Reference value :  1.65741e-07
 Reference value :  1.67916e-07
 Reference value :  1.69931e-07
 Reference value :  1.72066e-07
 Reference value :  1.74331e-07
 Reference value :  1.76546e-07
 Reference value :  1.78736e-07
 Reference value :  1.80816e-07
 Reference value :  1.82746e-07
 Reference value :  1.85356e-07
 Reference value :  1.87871e-07
 Reference value :  1.90366e-07
 Reference value :  1.92511e-07
 Reference value :  1.94686e-07
 Reference value :  1.96741e-07
 Reference value :  1.98801e-07
 Reference value :  2.00936e-07
 Reference value :  2.03096e-07
 Reference value :  2.05371e-07
 Reference value :  2.07516e-07
 Reference value :  2.09506e-07
 Reference value :  2.11536e-07
 Reference value :  2.13696e-07
 Reference value :  2.15846e-07
 Reference value :  2.17951e-07
 Reference value :  2.20376e-07
 Reference value :  2.22511e-07
 Reference value :  2.24671e-07
 Reference value :  2.27061e-07
 Reference value :  2.29181e-07
 Reference value :  2.31391e-07
 Reference value :  2.33696e-07
 Reference value :  2.35881e-07
 Reference value :  2.37991e-07
 Reference value :  2.40156e-07
 Reference value :  2.42361e-07
 Reference value :  2.45006e-07
 Reference value :  2.47406e-07
 Reference value :  2.49566e-07
 Reference value :  2.51941e-07
 Reference value :  2.54301e-07
 Reference value :  2.56536e-07
 Reference value :  2.58906e-07
 Reference value :  2.61216e-07
 Reference value :  2.63376e-07
 Reference value :  2.65561e-07
 Reference value :  2.67836e-07
 Reference value :  2.70086e-07
 Reference value :  2.72201e-07
 Reference value :  2.74461e-07
 Reference value :  2.76531e-07
 Reference value :  2.78626e-07
 Reference value :  2.80711e-07
 Reference value :  2.82871e-07
 Reference value :  2.84996e-07
 Reference value :  2.87181e-07
 Reference value :  2.89281e-07
 Reference value :  2.91491e-07
 Reference value :  2.93456e-07
 Reference value :  2.95526e-07
 Reference value :  2.97716e-07
 Reference value :  2.99911e-07
No. of Data Rows : 60008
t1a                 =  1.93120e-08
t1b                 =  5.76369e-08
t2a                 =  1.80174e-08
t2b                 =  5.37241e-08
c1a                 =  -2.84638e-04
c1b                 =  -8.62235e-04
c2a                 =  -2.83762e-04
c2b                 =  -8.59539e-04
cta                 =  -2.39060e-04
ctb                 =  -7.61565e-04
vhi                 =  3.76529e+00 at=  2.90681e-07
vlo                 =  -2.81860e-02 at=  2.10401e-07
vxhi                =  3.73316e+00 at=  2.10281e-07
vxlo                =  -4.91900e-02 at=  2.68006e-07
m_period_r1 = 9.5812400000e-09
m_period_r2 = 8.9266675000e-09
m_f_r1 = 1.0437062426e+08
m_f_r2 = 1.1202388797e+08
m_i_r1_a = -1.507105291e-05
m_i_r2_a = -1.612519454e-05
m_i_tree_a = -1.363355369e-05
m_e_cycle_r1_j = -5.241697313e-13
m_c_eff_node_r1_f = -3.616312923e-15
m_ring_swing_v = 3.7934719900e+00
m_xo_swing_v = 3.7823540000e+00
m_i_total_a = -4.482980114e-05
m_p_rings_w = -1.132423782e-04
m_p_total_w = -1.627321781e-04
m_xo_trans_per_s = 4.3278902447e+08
Note: Simulation executed from .control section 

Warning: m=xx on .subckt line will override multiplier m hierarchy!

