
Note: Compatibility modes selected: hs a


Circuit: * sampler-dff-reset-current-xsb @ fs_27c_3.63v -- generated by sim/harness, do not edit

Doing analysis at TEMP = 27.000000 and TNOM = 27.000000

Using SPARSE 1.3 as Direct Linear Solver

Initial Transient Solution
--------------------------

Node                                   Voltage
----                                   -------
vdd                                       3.63
rst_n                                        0
clk                                          0
d                                            0
xdut.clkb                                 3.63
xdut.m                             3.60912e-08
xdut.mb                                   3.63
xdut.mmid                            0.0803135
xdut.mc                            3.63932e-08
xdut.s                                    3.63
q                                  1.81986e-08
xdut.qb                                   3.63
xdut.s2mid                           0.0803134
qint                               4.74321e-21
vd#branch                          1.09571e-11
vdd#branch                        -5.83892e-11
vclk#branch                                  0
vrst#branch                                  0

 Reference value :  0.00000e+00
 Reference value :  1.49005e-09
 Reference value :  2.96805e-09
 Reference value :  4.47205e-09
No. of Data Rows : 4720
qint1               =  1.93435e-06
qint2               =  1.99465e-06
qint3               =  2.01618e-06
qout_rst            =  -5.66423e-06
m_i_reset_xsb_a = 2.0457500000e-08
m_p_reset_xsb_w = 7.4260725000e-08
m_i_reset_xsb_first_a = 3.0147000000e-08
m_i_reset_xsb_last_a = 1.0768000000e-08
m_q_v = -5.664227000e-06
Note: Simulation executed from .control section 

Warning: m=xx on .subckt line will override multiplier m hierarchy!

