
Note: Compatibility modes selected: hs a


Circuit: * sampler-dff-reset-clocked @ sf_125c_2.97v -- generated by sim/harness, do not edit

Doing analysis at TEMP = 125.000000 and TNOM = 27.000000

Using SPARSE 1.3 as Direct Linear Solver

Initial Transient Solution
--------------------------

Node                                   Voltage
----                                   -------
vdd                                       2.97
rst_n                                        0
clk                                          0
d                                         2.97
xdut.clkb                                 2.97
xdut.m                                    2.97
xdut.mb                                   2.97
xdut.mmid                              2.51021
xdut.mc                            9.92702e-07
xdut.s                                    2.97
q                                  4.15956e-07
xdut.qb                                   2.97
xdut.s2mid                            0.071554
vth                                      1.485
bvth#branch                                  0
vd#branch                         -7.50282e-11
vclk#branch                                  0
vrst#branch                                  0
vdd#branch                        -1.63292e-10

 Reference value :  0.00000e+00
 Reference value :  1.55228e-07
 Reference value :  3.10328e-07
 Reference value :  4.68528e-07
 Reference value :  6.24244e-07
 Reference value :  7.83844e-07
 Reference value :  9.40244e-07
 Reference value :  1.09245e-06
 Reference value :  1.25825e-06
 Reference value :  1.42055e-06
 Reference value :  1.57854e-06
 Reference value :  1.73784e-06
 Reference value :  1.89784e-06
 Reference value :  2.06315e-06
 Reference value :  2.22065e-06
 Reference value :  2.38675e-06
 Reference value :  2.54194e-06
 Reference value :  2.70224e-06
 Reference value :  2.86434e-06
 Reference value :  3.02075e-06
 Reference value :  3.18585e-06
 Reference value :  3.35085e-06
 Reference value :  3.50654e-06
 Reference value :  3.66018e-06
 Reference value :  3.82278e-06
 Reference value :  3.98408e-06
 Reference value :  4.14245e-06
 Reference value :  4.29915e-06
 Reference value :  4.46115e-06
 Reference value :  4.61454e-06
 Reference value :  4.77544e-06
 Reference value :  5.00000e-06
 Reference value :  5.15605e-06
 Reference value :  5.31075e-06
 Reference value :  5.47145e-06
 Reference value :  5.63414e-06
 Reference value :  5.79514e-06
 Reference value :  5.95154e-06
No. of Data Rows : 60177
q_rst_max           =  1.17258e-01 at=  1.50000e-06
s_rst_min           =  2.52881e+00 at=  1.00000e-06
q_rel               =  1.05173e-06
q_cap               =  2.97000e+00
mb_rst_min          =  2.83896e+00 at=  1.00000e-06
m_q_rst_max_v = 1.1725760000e-01
m_q_rst_max_frac = 3.9480673401e-02
m_s_rst_min_v = 2.5288060000e+00
m_s_rst_dev_frac = 1.4855016835e-01
m_mb_rst_min_v = 2.8389600000e+00
m_q_rel_v = 1.0517330000e-06
m_q_cap_v = 2.9700000000e+00
Note: Simulation executed from .control section 

Warning: m=xx on .subckt line will override multiplier m hierarchy!

