
Note: Compatibility modes selected: hs a


Circuit: * sampler-dff-reset-current-xsb @ sf_27c_3.63v -- generated by sim/harness, do not edit

Doing analysis at TEMP = 27.000000 and TNOM = 27.000000

Using SPARSE 1.3 as Direct Linear Solver

Initial Transient Solution
--------------------------

Node                                   Voltage
----                                   -------
vdd                                       3.63
rst_n                                        0
clk                                          0
d                                            0
xdut.clkb                                 3.63
xdut.rst                                  3.63
xdut.m                             1.55774e-08
xdut.mb                                   3.63
xdut.mc                            4.24696e-08
xdut.s                                    3.63
q                                  2.15297e-08
xdut.qb                                   3.63
qint                               4.54868e-21
vd#branch                          6.41193e-12
vdd#branch                        -5.18988e-11
vclk#branch                                  0
vrst#branch                                  0

 Reference value :  3.71050e-10
 Reference value :  2.49005e-09
 Reference value :  4.58205e-09
No. of Data Rows : 4720
qint1               =  5.64079e-05
qint2               =  2.82045e-04
qint3               =  5.07683e-04
qout_rst            =  2.42502e-08
m_i_reset_xsb_a = 1.1281875500e-04
m_p_reset_xsb_w = 4.0953208065e-04
m_i_reset_xsb_first_a = 1.1281876000e-04
m_i_reset_xsb_last_a = 1.1281875000e-04
m_q_v = 2.4250200000e-08
Note: Simulation executed from .control section 

Warning: m=xx on .subckt line will override multiplier m hierarchy!

