
Note: No compatibility mode selected!


Circuit: * klt sim -- generated corner deck, do not edit

Doing analysis at TEMP = 125.000000 and TNOM = 27.000000

Using SPARSE 1.3 as Direct Linear Solver

Initial Transient Solution
--------------------------

Node                                   Voltage
----                                   -------
vddr                                      3.63
en                                        3.63
vss                                          0
vsubs                                        0
xdut.\$15                          7.85147e-07
xdut.a|y__t0                                 0
xdut.a|y__t02                             3.63
xdut.vddr__t0                             3.63
xdut.vss__t0                       1.43656e-09
xdut.\$17                          2.19338e-07
xdut.a|y__t32                             3.63
xdut.a|y__t13                      2.54199e-07
xdut.vddr__t18                            3.63
xdut.vss__t18                      3.00482e-10
xdut.\$18                          7.84429e-07
xdut.a|y__t33                      2.54305e-07
xdut.a|y__t14                             3.63
xdut.vddr__t14                            3.63
xdut.vss__t14                      7.13909e-10
xdut.\$20                          2.19136e-07
xdut.a|y__t34                             3.63
xdut.a|y__t15                      2.53997e-07
xdut.vddr__t21                            3.63
xdut.vss__t21                      9.88268e-11
xdut.\$21                          7.83759e-07
xdut.a|y__t35                      2.54103e-07
xdut.a|y__t16                             3.63
xdut.vddr__t13                            3.63
xdut.vss__t13                      4.47278e-11
xdut.\$22                          2.19142e-07
xdut.a|y__t36                             3.63
xdut.a|y__t17                      2.54003e-07
xdut.vddr__t15                            3.63
xdut.vss__t15                      1.04784e-10
xdut.\$24                           7.8445e-07
xdut.a|y__t37                      2.54109e-07
xdut.a|y__t18                             3.63
xdut.vddr__t16                            3.63
xdut.vss__t16                       7.3534e-10
xdut.\$23                          2.19344e-07
xdut.a|y__t38                             3.63
xdut.a|y__t19                      2.54205e-07
xdut.vddr__t17                            3.63
xdut.vss__t17                      3.06478e-10
xdut.\$19                          7.85173e-07
xdut.a|y__t39                      2.54311e-07
xdut.a|y__t110                            3.63
xdut.vddr__t19                            3.63
xdut.vss__t19                      1.45803e-09
xdut.\$16                          2.19546e-07
xdut.a|y__t310                            3.63
xdut.a|y__t311                     2.54407e-07
xdut.vddr__t20                            3.63
xdut.vss__t20                      5.08541e-10
xdut.vss__t1                       2.11914e-26
xdut.vddr__t1                             3.63
xdut.\$14                          7.20107e-19
xdut.\$13                          7.20108e-19
xdut.a|y__t011                     2.54529e-07
xdut.a|y__t1                      -3.52582e-27
xdut.en__t0                               3.63
xdut.\$27__t1                          1.71634
xdut.vss__t2                                 0
xdut.vddr__t2                          3.62927
xdut.a|y__t3                       0.000132381
xdut.a|y__t111                     2.54529e-07
xdut.\$27__t2                          1.71633
xdut.\$27__t0                          1.71633
xdut.en__t1                               3.63
xdut.a|y__t4                       4.48557e-11
xdut.vddr__t3                             3.63
xdut.vss__t3                                 0
xdut.\$29                                 3.63
xdut.a|y__t2                                 0
xdut.a|y__t12                             3.63
xdut.vddr__t12                            3.63
xdut.vss__t12                                0
xdut.\$31                                 3.63
xdut.a|y__t22                             3.63
xdut.a|y__t03                       2.5441e-07
xdut.vddr__t10                            3.63
xdut.vss__t10                                0
xdut.\$33                                 3.63
xdut.a|y__t23                      2.54305e-07
xdut.a|y__t04                             3.63
xdut.vddr__t9                             3.63
xdut.vss__t9                                 0
xdut.\$35                                 3.63
xdut.a|y__t24                             3.63
xdut.a|y__t05                      2.54209e-07
xdut.vddr__t7                             3.63
xdut.vss__t7                                 0
xdut.\$37                                 3.63
xdut.a|y__t25                      2.54103e-07
xdut.a|y__t06                             3.63
xdut.vddr__t6                             3.63
xdut.vss__t6                                 0
xdut.\$39                                 3.63
xdut.a|y__t26                             3.63
xdut.a|y__t07                      2.54215e-07
xdut.vddr__t4                             3.63
xdut.vss__t4                                 0
xdut.\$41                                 3.63
xdut.a|y__t27                      2.54109e-07
xdut.a|y__t08                             3.63
xdut.vddr__t5                             3.63
xdut.vss__t5                                 0
xdut.\$43                                 3.63
xdut.a|y__t28                             3.63
xdut.a|y__t09                      2.54416e-07
xdut.vddr__t8                             3.63
xdut.vss__t8                                 0
xdut.\$45                                 3.63
xdut.a|y__t29                      2.54311e-07
xdut.a|y__t010                            3.63
xdut.vddr__t11                            3.63
xdut.vss__t11                                0
xdut.\$47                                 3.63
xdut.a|y__t210                            3.63
xdut.a|y__t211                      2.5465e-07
xdut.\$27                              1.71633
n1                                           0
n2                                        3.63
n3                                 2.54305e-07
n4                                        3.63
n5                                 2.54103e-07
n6                                        3.63
n7                                 2.54109e-07
n8                                        3.63
n9                                 2.54311e-07
n10                                       3.63
ro                                 2.54529e-07
ron                                7.01181e-08
bron#branch                                  0
een#branch                                   0
vvsubs#branch                        2.298e-11
vvss#branch                        1.05234e-10
vsupply#branch                    -7.72138e-06


No. of Data Rows : 130008

  Measurements for Transient Analysis

period_s            =  1.92256e-08 targ=  2.02674e-07 trig=  1.83449e-07
supply_current_avg_a=  -1.34367e-05 from=  3.00000e-07 to=  1.30000e-06
ro_swing_v          =  3.59012e+00 from=  3.00000e-07 to=  1.30000e-06

ngspice-46 done
