
Note: No compatibility mode selected!


Circuit: * klt sim -- generated corner deck, do not edit

Doing analysis at TEMP = 125.000000 and TNOM = 27.000000

Using SPARSE 1.3 as Direct Linear Solver

Initial Transient Solution
--------------------------

Node                                   Voltage
----                                   -------
vddr                                      2.97
en                                        2.97
vss                                          0
vsubs                                        0
xdut.\$15                          5.12213e-06
xdut.a|y__t0                                 0
xdut.a|y__t02                          2.96998
xdut.vddr__t0                             2.97
xdut.vss__t0                       9.14606e-09
xdut.\$17                          5.01071e-07
xdut.a|y__t32                          2.96998
xdut.a|y__t13                       5.7993e-07
xdut.vddr__t18                            2.97
xdut.vss__t18                      6.69904e-10
xdut.\$18                          5.11759e-06
xdut.a|y__t33                      5.80165e-07
xdut.a|y__t14                          2.96998
xdut.vddr__t14                            2.97
xdut.vss__t14                      4.54524e-09
xdut.\$20                          5.00622e-07
xdut.a|y__t34                          2.96998
xdut.a|y__t15                       5.7948e-07
xdut.vddr__t21                            2.97
xdut.vss__t21                      2.20327e-10
xdut.\$21                          5.11333e-06
xdut.a|y__t35                      5.79716e-07
xdut.a|y__t16                          2.96998
xdut.vddr__t13                            2.97
xdut.vss__t13                      2.84768e-10
xdut.\$22                          5.00635e-07
xdut.a|y__t36                          2.96998
xdut.a|y__t17                      5.79493e-07
xdut.vddr__t15                            2.97
xdut.vss__t15                      2.33609e-10
xdut.\$24                          5.11772e-06
xdut.a|y__t37                      5.79729e-07
xdut.a|y__t18                          2.96998
xdut.vddr__t16                            2.97
xdut.vss__t16                      4.68168e-09
xdut.\$23                          5.01085e-07
xdut.a|y__t38                          2.96998
xdut.a|y__t19                      5.79943e-07
xdut.vddr__t17                            2.97
xdut.vss__t17                      6.83271e-10
xdut.\$19                          5.12232e-06
xdut.a|y__t39                      5.80178e-07
xdut.a|y__t110                         2.96998
xdut.vddr__t19                            2.97
xdut.vss__t19                       9.2828e-09
xdut.\$16                          5.01534e-07
xdut.a|y__t310                         2.96998
xdut.a|y__t311                     5.80392e-07
xdut.vddr__t20                            2.97
xdut.vss__t20                      1.13375e-09
xdut.vss__t1                        8.7938e-27
xdut.vddr__t1                             2.97
xdut.\$14                          3.34521e-24
xdut.\$13                          3.61326e-24
xdut.a|y__t011                     5.80663e-07
xdut.a|y__t1                      -8.99459e-28
xdut.en__t0                               2.97
xdut.\$27__t1                           1.3888
xdut.vss__t2                                 0
xdut.vddr__t2                          2.96946
xdut.a|y__t3                       9.78365e-05
xdut.a|y__t111                     5.80663e-07
xdut.\$27__t2                           1.3888
xdut.\$27__t0                           1.3888
xdut.en__t1                               2.97
xdut.a|y__t4                       3.64449e-11
xdut.vddr__t3                             2.97
xdut.vss__t3                                 0
xdut.\$29                              2.96998
xdut.a|y__t2                                 0
xdut.a|y__t12                          2.96998
xdut.vddr__t12                            2.97
xdut.vss__t12                                0
xdut.\$31                                 2.97
xdut.a|y__t22                          2.96998
xdut.a|y__t03                      5.80401e-07
xdut.vddr__t10                            2.97
xdut.vss__t10                                0
xdut.\$33                              2.96998
xdut.a|y__t23                      5.80165e-07
xdut.a|y__t04                          2.96998
xdut.vddr__t9                             2.97
xdut.vss__t9                                 0
xdut.\$35                                 2.97
xdut.a|y__t24                          2.96998
xdut.a|y__t05                      5.79951e-07
xdut.vddr__t7                             2.97
xdut.vss__t7                                 0
xdut.\$37                              2.96998
xdut.a|y__t25                      5.79716e-07
xdut.a|y__t06                          2.96998
xdut.vddr__t6                             2.97
xdut.vss__t6                                 0
xdut.\$39                                 2.97
xdut.a|y__t26                          2.96998
xdut.a|y__t07                      5.79964e-07
xdut.vddr__t4                             2.97
xdut.vss__t4                                 0
xdut.\$41                              2.96998
xdut.a|y__t27                      5.79729e-07
xdut.a|y__t08                          2.96998
xdut.vddr__t5                             2.97
xdut.vss__t5                                 0
xdut.\$43                                 2.97
xdut.a|y__t28                          2.96998
xdut.a|y__t09                      5.80414e-07
xdut.vddr__t8                             2.97
xdut.vss__t8                                 0
xdut.\$45                              2.96998
xdut.a|y__t29                      5.80178e-07
xdut.a|y__t010                         2.96998
xdut.vddr__t11                            2.97
xdut.vss__t11                                0
xdut.\$47                                 2.97
xdut.a|y__t210                         2.96998
xdut.a|y__t211                     5.80934e-07
xdut.\$27                               1.3888
n1                                           0
n2                                     2.96998
n3                                 5.80165e-07
n4                                     2.96998
n5                                 5.79716e-07
n6                                     2.96998
n7                                 5.79729e-07
n8                                     2.96998
n9                                 5.80178e-07
n10                                    2.96998
ro                                 5.80663e-07
ron                                1.95509e-07
bron#branch                                  0
een#branch                        -2.77556e-17
vvsubs#branch                      2.15299e-11
vvss#branch                        5.74889e-10
vsupply#branch                    -5.70702e-06


No. of Data Rows : 130008

  Measurements for Transient Analysis

period_s            =  2.03868e-08 targ=  2.15042e-07 trig=  1.94655e-07
supply_current_avg_a=  -1.05306e-05 from=  3.00000e-07 to=  1.30000e-06
ro_swing_v          =  2.92460e+00 from=  3.00000e-07 to=  1.30000e-06

ngspice-46 done
