
Note: Compatibility modes selected: hs a


Circuit: * inv-stage-noise @ ss_27c_3.63v -- generated by sim/harness, do not edit

Doing analysis at TEMP = 27.000000 and TNOM = 27.000000

Using SPARSE 1.3 as Direct Linear Solver

No. of Data Rows : 1
Doing analysis at TEMP = 27.000000 and TNOM = 27.000000

Using SPARSE 1.3 as Direct Linear Solver

No. of Data Rows : 81
Doing analysis at TEMP = 27.000000 and TNOM = 27.000000

Using SPARSE 1.3 as Direct Linear Solver

No. of Data Rows : 81

No. of Data Rows : 1
Doing analysis at TEMP = 27.000000 and TNOM = 27.000000

Using SPARSE 1.3 as Direct Linear Solver

No. of Data Rows : 31

No. of Data Rows : 1
m_vtrip = 1.6902910524e+00
m_gain_1meg = 1.9872445704e+01
m_gain_100meg = 1.9304739934e+01
m_gain_1g = 7.5304005744e+00
m_inoise_dens_1meg = 4.0468740906e-08
m_inoise_dens_10meg = 1.5235395530e-08
m_inoise_dens_100meg = 8.8492917110e-09
m_inoise_dens_1g = 7.8296218544e-09
m_inoise_dens_10g = 7.4355984297e-09
m_onoise_dens_1meg = 8.0421285634e-07
m_onoise_dens_1g = 5.8960188910e-08
m_onoise_rms_1k_100g = 4.8055862932e-03
m_onoise_rms_100meg_100g = 3.7151332119e-03
Note: Simulation executed from .control section 

Warning: m=xx on .subckt line will override multiplier m hierarchy!

