
Note: Compatibility modes selected: hs a


Circuit: * ro-inv-05stage-power @ ff_-40c_2.97v -- generated by sim/harness, do not edit

Doing analysis at TEMP = -40.000000 and TNOM = 27.000000

Using SPARSE 1.3 as Direct Linear Solver

Initial Transient Solution
--------------------------

Node                                   Voltage
----                                   -------
vdd                                       2.97
n2                                        2.97
n1                                           0
n3                                 3.80589e-09
n4                                        2.97
n5                                 3.80589e-09
q                                  5.42629e-14
xing                                    -1.485
bxing#branch                                 0
vdd#branch                        -0.000542629

 Reference value :  2.05280e-10
 Reference value :  4.00028e-09
 Reference value :  8.01028e-09
 Reference value :  1.18503e-08
 Reference value :  1.57573e-08
 Reference value :  1.96283e-08
 Reference value :  2.33903e-08
 Reference value :  2.73253e-08
 Reference value :  3.13463e-08
 Reference value :  3.52293e-08
 Reference value :  3.90713e-08
 Reference value :  4.29923e-08
No. of Data Rows : 45008
t1                  =  1.01908e-09
t2                  =  8.92600e-09
t3                  =  1.68329e-08
q1                  =  3.76877e-04
q2                  =  3.30674e-03
q3                  =  6.23661e-03
m_period = 4.9418253125e-10
m_f_osc = 2.0235438057e+09
m_i_supply_a = 3.7054431621e-04
m_p_active_w = 1.1005166191e-03
m_e_per_cycle_j = 5.4385608853e-13
m_c_eff_node_f = 1.2331079335e-14
m_i_supply_first16_a = 3.7054417636e-04
m_i_supply_last16_a = 3.7054445606e-04
Note: Simulation executed from .control section 

Warning: m=xx on .subckt line will override multiplier m hierarchy!

