
Note: Compatibility modes selected: hs a


Circuit: * sampler-dff-reset-clocked @ tt_27c_3.30v -- generated by sim/harness, do not edit

Doing analysis at TEMP = 27.000000 and TNOM = 27.000000

Using SPARSE 1.3 as Direct Linear Solver

Initial Transient Solution
--------------------------

Node                                   Voltage
----                                   -------
vdd                                        3.3
rst_n                                        0
clk                                          0
d                                          3.3
xdut.clkb                                  3.3
xdut.m                                     3.3
xdut.mb                                    3.3
xdut.mmid                              2.76247
xdut.mc                            4.09919e-08
xdut.s                                     3.3
q                                  1.84515e-08
xdut.qb                                    3.3
xdut.s2mid                           0.0420082
vth                                       1.65
bvth#branch                                  0
vd#branch                         -1.06675e-11
vclk#branch                                  0
vrst#branch                                  0
vdd#branch                        -3.97948e-11

 Reference value :  0.00000e+00
 Reference value :  1.52928e-07
 Reference value :  3.12128e-07
 Reference value :  4.71128e-07
 Reference value :  6.30699e-07
 Reference value :  7.93399e-07
 Reference value :  9.67199e-07
 Reference value :  1.17905e-06
 Reference value :  1.34315e-06
 Reference value :  1.50160e-06
 Reference value :  1.67060e-06
 Reference value :  1.83450e-06
 Reference value :  2.00165e-06
 Reference value :  2.16735e-06
 Reference value :  2.33335e-06
 Reference value :  2.49365e-06
 Reference value :  2.65900e-06
 Reference value :  2.82390e-06
 Reference value :  2.98890e-06
 Reference value :  3.15115e-06
 Reference value :  3.31245e-06
 Reference value :  3.47345e-06
 Reference value :  3.63245e-06
 Reference value :  3.80195e-06
 Reference value :  3.96245e-06
 Reference value :  4.13003e-06
 Reference value :  4.29143e-06
 Reference value :  4.45253e-06
 Reference value :  4.61369e-06
 Reference value :  4.77879e-06
 Reference value :  4.94719e-06
 Reference value :  5.11205e-06
 Reference value :  5.27245e-06
 Reference value :  5.44055e-06
 Reference value :  5.60291e-06
 Reference value :  5.76641e-06
 Reference value :  5.93201e-06
No. of Data Rows : 60182
q_rst_max           =  1.33966e-01 at=  1.50000e-06
s_rst_min           =  2.80476e+00 at=  1.00000e-06
q_rel               =  2.95034e-06
q_cap               =  3.30000e+00
mb_rst_min          =  3.14949e+00 at=  1.00000e-06
m_q_rst_max_v = 1.3396630000e-01
m_q_rst_max_frac = 4.0595848485e-02
m_s_rst_min_v = 2.8047570000e+00
m_s_rst_dev_frac = 1.5007363636e-01
m_mb_rst_min_v = 3.1494930000e+00
m_q_rel_v = 2.9503410000e-06
m_q_cap_v = 3.3000040000e+00
Note: Simulation executed from .control section 

Warning: m=xx on .subckt line will override multiplier m hierarchy!

