
Note: Compatibility modes selected: hs a


Circuit: * sampler-dff-setup-hold @ ss_27c_3.63v -- generated by sim/harness, do not edit

Doing analysis at TEMP = 27.000000 and TNOM = 27.000000

Using SPARSE 1.3 as Direct Linear Solver

Initial Transient Solution
--------------------------

Node                                   Voltage
----                                   -------
vdd                                       3.63
rst_n                                        0
clk                                          0
d                                            0
xdut.clkb                                 3.63
xdut.m                             4.30034e-08
xdut.mb                                   3.63
xdut.mmid                            0.0109614
xdut.mc                            4.32767e-08
xdut.s                                    3.63
q                                  2.16395e-08
xdut.qb                                   3.63
xdut.s2mid                           0.0109614
vth                                      1.815
bvth#branch                                  0
vd#branch                          1.09427e-11
vclk#branch                                  0
vrst#branch                                  0
vdd#branch                         -4.7491e-11

 Reference value :  0.00000e+00
 Reference value :  1.54559e-07
 Reference value :  3.12385e-07
 Reference value :  4.78485e-07
 Reference value :  6.46285e-07
 Reference value :  8.04994e-07
 Reference value :  9.69994e-07
 Reference value :  1.13549e-06
 Reference value :  1.30002e-06
 Reference value :  1.41832e-06
 Reference value :  1.54052e-06
 Reference value :  1.66002e-06
 Reference value :  1.77462e-06
 Reference value :  1.92585e-06
 Reference value :  2.09545e-06
 Reference value :  2.26275e-06
 Reference value :  2.45440e-06
 Reference value :  2.63750e-06
 Reference value :  2.80000e-06
 Reference value :  2.96542e-06
 Reference value :  3.13042e-06
 Reference value :  3.29172e-06
 Reference value :  3.45764e-06
 Reference value :  3.62334e-06
 Reference value :  3.78894e-06
 Reference value :  3.95455e-06
 Reference value :  4.12265e-06
 Reference value :  4.29435e-06
 Reference value :  4.45242e-06
 Reference value :  4.61724e-06
 Reference value :  4.78374e-06
 Reference value :  4.94185e-06
 Reference value :  5.11205e-06
 Reference value :  5.27845e-06
 Reference value :  5.44614e-06
 Reference value :  5.63424e-06
 Reference value :  5.80004e-06
 Reference value :  5.96375e-06
 Reference value :  6.12845e-06
 Reference value :  6.29845e-06
 Reference value :  6.45099e-06
No. of Data Rows : 65273
tclk1               =  3.00001e-07
tclk2               =  1.30000e-06
tq_r1               =  3.00116e-07
tq_f1               =  1.30014e-06
q_rst               =  2.16399e-08
q_e1                =  3.63001e+00
q_e2                =  8.00038e-06
q_e3a               =  3.22577e-04
q_e3b               =  -6.31720e-06
q_e3c               =  -6.00158e-06
q_e4                =  1.43375e-06
q_e5a               =  6.90417e-04
q_e5b               =  3.17169e-06
q_e5c               =  3.01277e-06
q_e6                =  1.43367e-06
q_e7a               =  3.63128e+00
q_e7b               =  3.63001e+00
q_e7c               =  3.63001e+00
m_tpd_clk_q_rise_s = 1.1540000000e-10
m_tpd_clk_q_fall_s = 1.3900000000e-10
m_q_rst_v = 2.1639880000e-08
m_q_e1_v = 3.6300060000e+00
m_q_e2_v = 8.0003830000e-06
m_q_e4_v = 1.4337470000e-06
m_q_e3_1ns_v = 3.2257680000e-04
m_q_e3_10ns_v = -6.317199000e-06
m_q_e3_100ns_v = -6.001579000e-06
m_q_e3_drift_v = -3.285783790e-04
m_q_e3_rail_dev_v = -6.001579000e-06
m_q_e5_1ns_v = 6.9041720000e-04
m_q_e5_10ns_v = 3.1716910000e-06
m_q_e5_100ns_v = 3.0127730000e-06
m_q_e5_drift_v = -6.874044270e-04
m_q_e5_rail_dev_v = 3.0127730000e-06
m_q_e6_v = 1.4336700000e-06
m_q_e7_1ns_v = 3.6312770000e+00
m_q_e7_10ns_v = 3.6300060000e+00
m_q_e7_100ns_v = 3.6300060000e+00
m_q_e7_drift_v = -1.271000000e-03
m_q_e7_rail_dev_v = -5.999996947e-06
Note: Simulation executed from .control section 

Warning: m=xx on .subckt line will override multiplier m hierarchy!

