
Note: Compatibility modes selected: hs a


Circuit: * ro-array-core-startup @ ff_-40c_2.97v -- generated by sim/harness, do not edit

Doing analysis at TEMP = -40.000000 and TNOM = 27.000000

Using SPARSE 1.3 as Direct Linear Solver

Initial Transient Solution
--------------------------

Node                                   Voltage
----                                   -------
vsup                                      2.97
en                                           0
xdut.xr1.xg.py                            2.97
xdut.xr1.n1                               2.97
xdut.rn1                                  2.97
xdut.xr1.xg.nm                         2.44231
xdut.xr1.xg.ny                     2.97347e-10
xdut.xr1.x1.py                            2.97
xdut.xr1.n2                        7.97116e-08
xdut.xr1.x1.ny                     6.67025e-08
xdut.xr1.x2.py                            2.97
xdut.xr1.n3                               2.97
xdut.xr1.x2.ny                     1.21876e-09
xdut.xr1.x3.py                            2.97
xdut.xr1.n4                        7.97116e-08
xdut.xr1.x3.ny                     6.67025e-08
xdut.xr1.x4.py                            2.97
xdut.xr1.n5                               2.97
xdut.xr1.x4.ny                     1.21876e-09
xdut.xr1.x5.py                            2.97
xdut.xr1.n6                        7.97116e-08
xdut.xr1.x5.ny                     6.67025e-08
xdut.xr1.x6.py                            2.97
xdut.xr1.n7                               2.97
xdut.xr1.x6.ny                     1.21876e-09
xdut.xr1.x7.py                            2.97
xdut.xr1.n8                        7.97116e-08
xdut.xr1.x7.ny                     6.67025e-08
xdut.xr1.x8.py                            2.97
xdut.xr1.n9                               2.97
xdut.xr1.x8.ny                     1.21876e-09
xdut.xr1.x9.py                            2.97
xdut.xr1.n10                       7.97116e-08
xdut.xr1.x9.ny                     6.67025e-08
xdut.xr1.x10.py                           2.97
xdut.xr1.x10.ny                    1.21876e-09
xdut.xr2.xg.py                            2.97
xdut.xr2.n1                               2.97
xdut.rn2                                  2.97
xdut.xr2.xg.nm                         2.44218
xdut.xr2.xg.ny                      2.7701e-10
xdut.xr2.x1.py                            2.97
xdut.xr2.n2                        7.51593e-08
xdut.xr2.x1.ny                     6.21502e-08
xdut.xr2.x2.py                            2.97
xdut.xr2.n3                               2.97
xdut.xr2.x2.ny                     1.13558e-09
xdut.xr2.x3.py                            2.97
xdut.xr2.n4                        7.51593e-08
xdut.xr2.x3.ny                     6.21502e-08
xdut.xr2.x4.py                            2.97
xdut.xr2.n5                               2.97
xdut.xr2.x4.ny                     1.13558e-09
xdut.xr2.x5.py                            2.97
xdut.xr2.n6                        7.51593e-08
xdut.xr2.x5.ny                     6.21502e-08
xdut.xr2.x6.py                            2.97
xdut.xr2.n7                               2.97
xdut.xr2.x6.ny                     1.13558e-09
xdut.xr2.x7.py                            2.97
xdut.xr2.n8                        7.51593e-08
xdut.xr2.x7.ny                     6.21502e-08
xdut.xr2.x8.py                            2.97
xdut.xr2.n9                               2.97
xdut.xr2.x8.ny                     1.13558e-09
xdut.xr2.x9.py                            2.97
xdut.xr2.n10                       7.51593e-08
xdut.xr2.x9.ny                     6.21502e-08
xdut.xr2.x10.py                           2.97
xdut.xr2.x10.ny                    1.13558e-09
ro1                                1.30091e-08
ro2                                1.30091e-08
xdut.xa1.an                               2.97
xdut.xa1.bn                               2.97
xdut.xa1.mid                              2.97
xo                                 3.21249e-08
xdut.xa1.s1                        3.29443e-10
xdut.xa1.s2                        1.60625e-08
vth                                      1.485
bvth#branch                                  0
ven#branch                                   0
vsup#branch                       -9.38759e-11

 Reference value :  2.65600e-11
 Reference value :  7.10560e-10
 Reference value :  1.41856e-09
 Reference value :  2.10056e-09
 Reference value :  2.83056e-09
 Reference value :  3.52056e-09
 Reference value :  4.20856e-09
 Reference value :  5.01517e-09
 Reference value :  5.82317e-09
 Reference value :  6.53517e-09
 Reference value :  7.38317e-09
 Reference value :  8.19117e-09
 Reference value :  8.85317e-09
 Reference value :  9.61317e-09
 Reference value :  1.04392e-08
 Reference value :  1.11692e-08
 Reference value :  1.19512e-08
 Reference value :  1.27652e-08
 Reference value :  1.37252e-08
 Reference value :  1.48912e-08
 Reference value :  1.62112e-08
 Reference value :  1.74272e-08
 Reference value :  1.81012e-08
 Reference value :  1.88092e-08
 Reference value :  1.94852e-08
 Reference value :  2.01932e-08
 Reference value :  2.08972e-08
 Reference value :  2.15772e-08
 Reference value :  2.23112e-08
 Reference value :  2.29972e-08
 Reference value :  2.37212e-08
 Reference value :  2.43972e-08
 Reference value :  2.50892e-08
 Reference value :  2.59012e-08
 Reference value :  2.69692e-08
 Reference value :  2.80752e-08
 Reference value :  2.89272e-08
 Reference value :  2.98272e-08
 Reference value :  3.06812e-08
 Reference value :  3.15752e-08
 Reference value :  3.23352e-08
 Reference value :  3.32952e-08
 Reference value :  3.42732e-08
 Reference value :  3.50312e-08
 Reference value :  3.56912e-08
 Reference value :  3.65732e-08
 Reference value :  3.75752e-08
 Reference value :  3.85452e-08
 Reference value :  3.94432e-08
 Reference value :  4.04292e-08
 Reference value :  4.11612e-08
 Reference value :  4.18872e-08
 Reference value :  4.25832e-08
 Reference value :  4.32852e-08
 Reference value :  4.40872e-08
 Reference value :  4.50472e-08
 Reference value :  4.60412e-08
 Reference value :  4.71032e-08
 Reference value :  4.79452e-08
 Reference value :  4.86692e-08
 Reference value :  4.94272e-08
 Reference value :  5.02192e-08
 Reference value :  5.10432e-08
 Reference value :  5.18572e-08
 Reference value :  5.27192e-08
 Reference value :  5.36292e-08
 Reference value :  5.48332e-08
 Reference value :  5.60052e-08
 Reference value :  5.69832e-08
 Reference value :  5.82092e-08
 Reference value :  5.90992e-08
 Reference value :  6.02212e-08
 Reference value :  6.13992e-08
 Reference value :  6.23392e-08
 Reference value :  6.36652e-08
 Reference value :  6.46472e-08
 Reference value :  6.61152e-08
 Reference value :  6.72252e-08
 Reference value :  6.80752e-08
 Reference value :  6.93392e-08
 Reference value :  7.04512e-08
 Reference value :  7.14972e-08
 Reference value :  7.23032e-08
 Reference value :  7.31192e-08
 Reference value :  7.38452e-08
 Reference value :  7.47932e-08
 Reference value :  7.55172e-08
 Reference value :  7.62612e-08
 Reference value :  7.71232e-08
 Reference value :  7.78952e-08
 Reference value :  7.86872e-08
 Reference value :  7.93932e-08
 Reference value :  8.05452e-08
 Reference value :  8.17312e-08
 Reference value :  8.29972e-08
 Reference value :  8.42532e-08
 Reference value :  8.55472e-08
 Reference value :  8.68032e-08
 Reference value :  8.80492e-08
 Reference value :  8.93252e-08
 Reference value :  9.05532e-08
 Reference value :  9.18392e-08
 Reference value :  9.31272e-08
 Reference value :  9.43412e-08
 Reference value :  9.53992e-08
 Reference value :  9.61892e-08
 Reference value :  9.69012e-08
 Reference value :  9.76512e-08
 Reference value :  9.83192e-08
 Reference value :  9.90252e-08
 Reference value :  9.96952e-08
 Reference value :  1.00571e-07
 Reference value :  1.01343e-07
 Reference value :  1.02095e-07
 Reference value :  1.02897e-07
 Reference value :  1.03667e-07
 Reference value :  1.04489e-07
 Reference value :  1.05343e-07
 Reference value :  1.06105e-07
 Reference value :  1.06921e-07
 Reference value :  1.07729e-07
 Reference value :  1.08589e-07
 Reference value :  1.09355e-07
 Reference value :  1.10117e-07
 Reference value :  1.10963e-07
 Reference value :  1.11787e-07
 Reference value :  1.12553e-07
 Reference value :  1.13351e-07
 Reference value :  1.14213e-07
 Reference value :  1.14959e-07
 Reference value :  1.15769e-07
 Reference value :  1.16585e-07
 Reference value :  1.17411e-07
 Reference value :  1.18193e-07
 Reference value :  1.19085e-07
 Reference value :  1.19871e-07
 Reference value :  1.20677e-07
 Reference value :  1.21509e-07
 Reference value :  1.22359e-07
 Reference value :  1.23049e-07
 Reference value :  1.23783e-07
 Reference value :  1.24461e-07
 Reference value :  1.25199e-07
 Reference value :  1.25901e-07
 Reference value :  1.26603e-07
 Reference value :  1.27335e-07
 Reference value :  1.28097e-07
 Reference value :  1.28799e-07
 Reference value :  1.29493e-07
 Reference value :  1.30171e-07
 Reference value :  1.30885e-07
 Reference value :  1.31613e-07
 Reference value :  1.32473e-07
 Reference value :  1.33289e-07
 Reference value :  1.34175e-07
 Reference value :  1.34987e-07
 Reference value :  1.35893e-07
 Reference value :  1.36685e-07
 Reference value :  1.37545e-07
 Reference value :  1.38295e-07
 Reference value :  1.39173e-07
 Reference value :  1.39975e-07
 Reference value :  1.40757e-07
 Reference value :  1.41565e-07
 Reference value :  1.42285e-07
 Reference value :  1.43013e-07
 Reference value :  1.43701e-07
 Reference value :  1.44437e-07
 Reference value :  1.45143e-07
 Reference value :  1.45931e-07
 Reference value :  1.46777e-07
 Reference value :  1.47607e-07
 Reference value :  1.48407e-07
 Reference value :  1.49147e-07
 Reference value :  1.49883e-07
 Reference value :  1.50667e-07
 Reference value :  1.51575e-07
 Reference value :  1.52431e-07
 Reference value :  1.53217e-07
 Reference value :  1.53895e-07
 Reference value :  1.54617e-07
 Reference value :  1.55357e-07
 Reference value :  1.56115e-07
 Reference value :  1.56797e-07
 Reference value :  1.57513e-07
 Reference value :  1.58283e-07
 Reference value :  1.59149e-07
 Reference value :  1.59981e-07
 Reference value :  1.60739e-07
 Reference value :  1.61525e-07
 Reference value :  1.62285e-07
 Reference value :  1.62959e-07
 Reference value :  1.63669e-07
 Reference value :  1.64389e-07
 Reference value :  1.65095e-07
 Reference value :  1.65797e-07
 Reference value :  1.66519e-07
 Reference value :  1.67217e-07
 Reference value :  1.68005e-07
 Reference value :  1.68867e-07
 Reference value :  1.69623e-07
 Reference value :  1.70361e-07
 Reference value :  1.71073e-07
 Reference value :  1.71781e-07
 Reference value :  1.72461e-07
 Reference value :  1.73187e-07
 Reference value :  1.73887e-07
 Reference value :  1.74593e-07
 Reference value :  1.75381e-07
 Reference value :  1.76265e-07
 Reference value :  1.77113e-07
 Reference value :  1.77949e-07
 Reference value :  1.78761e-07
 Reference value :  1.79617e-07
No. of Data Rows : 90016
t1r1                =  9.89070e-09
t2r1                =  1.47204e-08
t3r1                =  1.95494e-08
t4r1                =  2.43783e-08
t5r1                =  2.92072e-08
t6r1                =  3.40362e-08
t7r1                =  3.88650e-08
t8r1                =  4.36944e-08
t9r1                =  4.85214e-08
t10r1               =  5.33495e-08
t1r2                =  9.58018e-09
t2r2                =  1.41034e-08
t3r2                =  1.86266e-08
t4r2                =  2.31499e-08
t5r2                =  2.76731e-08
t6r2                =  3.21962e-08
t7r2                =  3.67194e-08
t8r2                =  4.12427e-08
t9r2                =  4.57658e-08
t10r2               =  5.02890e-08
t1xo                =  7.36263e-09
t2xo                =  9.73276e-09
t3xo                =  1.18869e-08
t4xo                =  1.42552e-08
vhi_early           =  3.00445e+00 at=  4.07392e-08
vlo_early           =  -4.91117e-02 at=  4.80112e-08
vhi_late            =  3.00443e+00 at=  1.75935e-07
vlo_late            =  -4.67766e-02 at=  1.59063e-07
vxhi_early          =  3.07071e+00 at=  4.58912e-08
vxlo_early          =  -4.82417e-02 at=  3.44292e-08
vxhi_late           =  3.02789e+00 at=  1.78985e-07
vxlo_late           =  -4.88431e-02 at=  1.52031e-07
v_off_ro1           =  2.97000e+00
v_off_xo            =  3.21250e-08
m_en_assert_s = 5.0000000000e-09
m_t1r1_s = 9.8907020000e-09
m_t2r1_s = 1.4720350000e-08
m_t3r1_s = 1.9549380000e-08
m_t4r1_s = 2.4378310000e-08
m_t5r1_s = 2.9207240000e-08
m_t6r1_s = 3.4036170000e-08
m_t7r1_s = 3.8865030000e-08
m_t8r1_s = 4.3694370000e-08
m_t9r1_s = 4.8521430000e-08
m_t10r1_s = 5.3349510000e-08
m_t1r2_s = 9.5801770000e-09
m_t2r2_s = 1.4103420000e-08
m_t3r2_s = 1.8626650000e-08
m_t4r2_s = 2.3149880000e-08
m_t5r2_s = 2.7673100000e-08
m_t6r2_s = 3.2196180000e-08
m_t7r2_s = 3.6719430000e-08
m_t8r2_s = 4.1242720000e-08
m_t9r2_s = 4.5765840000e-08
m_t10r2_s = 5.0288980000e-08
m_t1xo_s = 7.3626310000e-09
m_t2xo_s = 9.7327640000e-09
m_t3xo_s = 1.1886940000e-08
m_t4xo_s = 1.4255160000e-08
m_ring_swing_early_v = 3.0535597100e+00
m_ring_swing_late_v = 3.0512075900e+00
m_xo_swing_early_v = 3.1189537100e+00
m_xo_swing_late_v = 3.0767290900e+00
m_v_ro1_off_v = 2.9700000000e+00
m_v_xo_off_v = 3.2124970000e-08
Note: Simulation executed from .control section 

Warning: m=xx on .subckt line will override multiplier m hierarchy!

