
Note: Compatibility modes selected: hs a


Circuit: * cinv-stage-noise @ ff_27c_3.30v -- generated by sim/harness, do not edit

Doing analysis at TEMP = 27.000000 and TNOM = 27.000000

Using SPARSE 1.3 as Direct Linear Solver

No. of Data Rows : 1
Doing analysis at TEMP = 27.000000 and TNOM = 27.000000

Using SPARSE 1.3 as Direct Linear Solver

No. of Data Rows : 81
Doing analysis at TEMP = 27.000000 and TNOM = 27.000000

Using SPARSE 1.3 as Direct Linear Solver

No. of Data Rows : 81

No. of Data Rows : 1
Doing analysis at TEMP = 27.000000 and TNOM = 27.000000

Using SPARSE 1.3 as Direct Linear Solver

No. of Data Rows : 31

No. of Data Rows : 1
m_vtrip = 1.5058731410e+00
m_vbias_n = 1.5775463033e+00
m_vbias_p = 1.1926306379e+00
m_gain_1meg = 1.7315358194e+01
m_gain_100meg = 1.6420194000e+01
m_gain_1g = 4.9923477182e+00
m_inoise_dens_1meg = 3.9731415989e-08
m_inoise_dens_10meg = 1.6272829881e-08
m_inoise_dens_100meg = 1.0954488454e-08
m_inoise_dens_1g = 1.0005074403e-08
m_inoise_dens_10g = 9.2922572042e-09
m_onoise_dens_1meg = 6.8796369939e-07
m_onoise_dens_1g = 4.9948810366e-08
m_onoise_rms_1k_100g = 4.4550903696e-03
m_onoise_rms_100meg_100g = 3.4593008007e-03
Note: Simulation executed from .control section 

Warning: m=xx on .subckt line will override multiplier m hierarchy!

