
Note: Compatibility modes selected: hs a


Circuit: * sampler-dff-setup-hold @ sf_27c_3.30v -- generated by sim/harness, do not edit

Doing analysis at TEMP = 27.000000 and TNOM = 27.000000

Using SPARSE 1.3 as Direct Linear Solver

Initial Transient Solution
--------------------------

Node                                   Voltage
----                                   -------
vdd                                        3.3
rst_n                                        0
clk                                          0
d                                            0
xdut.clkb                                  3.3
xdut.rst                                   3.3
xdut.m                             1.48382e-08
xdut.mb                                    3.3
xdut.mc                            4.01041e-08
xdut.s                                     3.3
q                                  2.03193e-08
xdut.qb                                    3.3
vth                                       1.65
bvth#branch                                  0
vd#branch                          5.80422e-12
vclk#branch                                  0
vrst#branch                                  0
vdd#branch                         -4.6859e-11

 Reference value :  0.00000e+00
 Reference value :  1.77773e-07
 Reference value :  3.55394e-07
 Reference value :  5.53994e-07
 Reference value :  7.39194e-07
 Reference value :  9.25098e-07
 Reference value :  1.10510e-06
 Reference value :  1.28640e-06
 Reference value :  1.42243e-06
 Reference value :  1.54983e-06
 Reference value :  1.68853e-06
 Reference value :  1.83854e-06
 Reference value :  2.05314e-06
 Reference value :  2.25184e-06
 Reference value :  2.43629e-06
 Reference value :  2.62429e-06
 Reference value :  2.85970e-06
 Reference value :  3.10910e-06
 Reference value :  3.38593e-06
 Reference value :  3.69583e-06
 Reference value :  4.00384e-06
 Reference value :  4.30291e-06
 Reference value :  4.58454e-06
 Reference value :  4.87294e-06
 Reference value :  5.12844e-06
 Reference value :  5.37883e-06
 Reference value :  5.65503e-06
 Reference value :  5.93154e-06
 Reference value :  6.11594e-06
 Reference value :  6.30001e-06
 Reference value :  6.47769e-06
No. of Data Rows : 65275
tclk1               =  3.00001e-07
tclk2               =  1.30000e-06
tq_r1               =  3.00119e-07
tq_f1               =  1.30014e-06
q_rst               =  2.03194e-08
q_e1                =  3.30001e+00
q_e2                =  2.58020e-06
q_e3a               =  1.64557e-04
q_e3b               =  -4.05145e-06
q_e3c               =  -3.88307e-06
q_e4                =  2.19422e-06
q_e5a               =  9.90176e-04
q_e5b               =  3.43622e-06
q_e5c               =  3.30837e-06
q_e6                =  2.19271e-06
q_e7a               =  3.30564e+00
q_e7b               =  3.30001e+00
q_e7c               =  3.30001e+00
m_tpd_clk_q_rise_s = 1.1880000000e-10
m_tpd_clk_q_fall_s = 1.4000000000e-10
m_q_rst_v = 2.0319360000e-08
m_q_e1_v = 3.3000130000e+00
m_q_e2_v = 2.5802020000e-06
m_q_e4_v = 2.1942250000e-06
m_q_e3_1ns_v = 1.6455680000e-04
m_q_e3_10ns_v = -4.051448000e-06
m_q_e3_100ns_v = -3.883069000e-06
m_q_e3_drift_v = -1.684398690e-04
m_q_e3_rail_dev_v = -3.883069000e-06
m_q_e5_1ns_v = 9.9017580000e-04
m_q_e5_10ns_v = 3.4362160000e-06
m_q_e5_100ns_v = 3.3083730000e-06
m_q_e5_drift_v = -9.868674270e-04
m_q_e5_rail_dev_v = 3.3083730000e-06
m_q_e6_v = 2.1927100000e-06
m_q_e7_1ns_v = 3.3056410000e+00
m_q_e7_10ns_v = 3.3000130000e+00
m_q_e7_100ns_v = 3.3000130000e+00
m_q_e7_drift_v = -5.628000000e-03
m_q_e7_rail_dev_v = -1.300000331e-05
Note: Simulation executed from .control section 

Warning: m=xx on .subckt line will override multiplier m hierarchy!

