
Note: Compatibility modes selected: hs a


Circuit: * cinv-stage-noise @ ff_-40c_2.97v -- generated by sim/harness, do not edit

Doing analysis at TEMP = -40.000000 and TNOM = 27.000000

Using SPARSE 1.3 as Direct Linear Solver

No. of Data Rows : 1
Doing analysis at TEMP = -40.000000 and TNOM = 27.000000

Using SPARSE 1.3 as Direct Linear Solver

No. of Data Rows : 81
Doing analysis at TEMP = -40.000000 and TNOM = 27.000000

Using SPARSE 1.3 as Direct Linear Solver

No. of Data Rows : 81

No. of Data Rows : 1
Doing analysis at TEMP = -40.000000 and TNOM = 27.000000

Using SPARSE 1.3 as Direct Linear Solver

No. of Data Rows : 31

No. of Data Rows : 1
m_vtrip = 1.3452936075e+00
m_vbias_n = 1.4381972297e+00
m_vbias_p = 1.0436143856e+00
m_gain_1meg = 1.9637443803e+01
m_gain_100meg = 1.8603591688e+01
m_gain_1g = 5.6033888507e+00
m_inoise_dens_1meg = 3.4780534624e-08
m_inoise_dens_10meg = 1.4018723724e-08
m_inoise_dens_100meg = 9.1996742968e-09
m_inoise_dens_1g = 8.3526811856e-09
m_inoise_dens_10g = 7.8386864646e-09
m_onoise_dens_1meg = 6.8300079413e-07
m_onoise_dens_1g = 4.6803320629e-08
m_onoise_rms_1k_100g = 4.2549027873e-03
m_onoise_rms_100meg_100g = 3.2551872166e-03
Note: Simulation executed from .control section 

Warning: m=xx on .subckt line will override multiplier m hierarchy!

