
Note: Compatibility modes selected: hs a


Circuit: * sampler-dff-reset-current-xsb @ tt_125c_3.63v -- generated by sim/harness, do not edit

Doing analysis at TEMP = 125.000000 and TNOM = 27.000000

Using SPARSE 1.3 as Direct Linear Solver

Initial Transient Solution
--------------------------

Node                                   Voltage
----                                   -------
vdd                                       3.63
rst_n                                        0
clk                                          0
d                                            0
xdut.clkb                                 3.63
xdut.m                             4.97712e-08
xdut.mb                                   3.63
xdut.mmid                            0.0935553
xdut.mc                            1.09912e-07
xdut.s                                    3.63
q                                  8.47615e-08
xdut.qb                                   3.63
xdut.s2mid                           0.0935554
qint                               2.47254e-20
vd#branch                          1.11459e-11
vdd#branch                          -2.584e-10
vclk#branch                                  0
vrst#branch                                  0

 Reference value :  0.00000e+00
 Reference value :  1.52905e-09
 Reference value :  3.01805e-09
 Reference value :  4.56705e-09
No. of Data Rows : 4720
qint1               =  1.97431e-06
qint2               =  2.05474e-06
qint3               =  2.08063e-06
qout_rst            =  -1.36821e-05
m_i_reset_xsb_a = 2.6581500000e-08
m_p_reset_xsb_w = 9.6490845000e-08
m_i_reset_xsb_first_a = 4.0215500000e-08
m_i_reset_xsb_last_a = 1.2947500000e-08
m_q_v = -1.368213000e-05
Note: Simulation executed from .control section 

Warning: m=xx on .subckt line will override multiplier m hierarchy!

