
Note: Compatibility modes selected: hs a


Circuit: * ro-inv-05stage-flicker @ ff_-40c_3.63v -- generated by sim/harness, do not edit

Doing analysis at TEMP = -40.000000 and TNOM = 27.000000

Using SPARSE 1.3 as Direct Linear Solver

Initial Transient Solution
--------------------------

Node                                   Voltage
----                                   -------
vdd                                       3.63
n2                                        3.63
g1                                           0
n3                                 4.95679e-09
g2                                        3.63
n4                                        3.63
g3                                 4.95679e-09
n5                                 4.95679e-09
g4                                        3.63
n1                                           0
g5                                 4.95679e-09
xing                                    -1.815
xs40                                    -1.452
xs60                                    -2.178
bs60#branch                                  0
bs40#branch                                  0
bxing#branch                                 0
vn5#branch                                   0
vn4#branch                                   0
vn3#branch                                   0
vn2#branch                                   0
vn1#branch                                   0
vdd#branch                        -0.000760013

17010 1/f noise values in time domain created
17010 1/f noise values in time domain created
17010 1/f noise values in time domain created
17010 1/f noise values in time domain created
17010 1/f noise values in time domain created
 Reference value :  1.00000e-14
 Reference value :  3.15070e-09
 Reference value :  6.56925e-09
 Reference value :  9.61850e-09
 Reference value :  1.25115e-08
 Reference value :  1.53107e-08
 Reference value :  1.81292e-08
 Reference value :  2.14103e-08
 Reference value :  2.45635e-08
 Reference value :  2.73125e-08
 Reference value :  3.02892e-08
 Reference value :  3.30215e-08
 Reference value :  3.59075e-08
 Reference value :  3.88915e-08
 Reference value :  4.17475e-08
 Reference value :  4.43815e-08
 Reference value :  4.73101e-08
 Reference value :  5.04700e-08
 Reference value :  5.34303e-08
 Reference value :  5.67535e-08
 Reference value :  5.99785e-08
 Reference value :  6.32675e-08
 Reference value :  6.66685e-08
 Reference value :  6.97865e-08
 Reference value :  7.32007e-08
 Reference value :  7.59692e-08
 Reference value :  7.90503e-08
 Reference value :  8.23355e-08
 Reference value :  8.53003e-08
 Reference value :  8.86535e-08
 Reference value :  9.19045e-08
 Reference value :  9.49045e-08
 Reference value :  9.78500e-08
 Reference value :  1.00815e-07
 Reference value :  1.03896e-07
 Reference value :  1.06687e-07
 Reference value :  1.09650e-07
 Reference value :  1.12900e-07
 Reference value :  1.15782e-07
 Reference value :  1.18890e-07
 Reference value :  1.22010e-07
 Reference value :  1.25225e-07
 Reference value :  1.29599e-07
 Reference value :  1.34538e-07
 Reference value :  1.38631e-07
 Reference value :  1.41401e-07
 Reference value :  1.44350e-07
 Reference value :  1.47315e-07
 Reference value :  1.50066e-07
 Reference value :  1.52761e-07
 Reference value :  1.55745e-07
 Reference value :  1.58759e-07
 Reference value :  1.61518e-07
 Reference value :  1.64287e-07
 Reference value :  1.66980e-07
 Reference value :  1.69910e-07
No. of Data Rows : 221009
ts40                =  1.75726e-09
ts60                =  1.77089e-09
tk                  =  4.61221e-10
tk                  =  8.95489e-10
tk                  =  1.32972e-09
tk                  =  1.76381e-09
tk                  =  2.19799e-09
tk                  =  2.63232e-09
tk                  =  3.06662e-09
tk                  =  3.50085e-09
tk                  =  3.93515e-09
tk                  =  4.36946e-09
tk                  =  4.80365e-09
tk                  =  5.23783e-09
tk                  =  5.67209e-09
tk                  =  6.10627e-09
tk                  =  6.54046e-09
tk                  =  6.97472e-09
tk                  =  7.40904e-09
tk                  =  7.84334e-09
tk                  =  8.27760e-09
tk                  =  8.71192e-09
tk                  =  9.14622e-09
tk                  =  9.58048e-09
tk                  =  1.00148e-08
tk                  =  1.04491e-08
tk                  =  1.08833e-08
tk                  =  1.13176e-08
tk                  =  1.17518e-08
tk                  =  1.21860e-08
tk                  =  1.26201e-08
tk                  =  1.30545e-08
tk                  =  1.34888e-08
tk                  =  1.39230e-08
tk                  =  1.43574e-08
tk                  =  1.47916e-08
tk                  =  1.52258e-08
tk                  =  1.56601e-08
tk                  =  1.60944e-08
tk                  =  1.65288e-08
tk                  =  1.69630e-08
tk                  =  1.73973e-08
tk                  =  1.78315e-08
tk                  =  1.82658e-08
tk                  =  1.87000e-08
tk                  =  1.91342e-08
tk                  =  1.95685e-08
tk                  =  2.00027e-08
tk                  =  2.04369e-08
tk                  =  2.08711e-08
tk                  =  2.13055e-08
tk                  =  2.17398e-08
tk                  =  2.21742e-08
tk                  =  2.26083e-08
tk                  =  2.30426e-08
tk                  =  2.34769e-08
tk                  =  2.39111e-08
tk                  =  2.43454e-08
tk                  =  2.47797e-08
tk                  =  2.52140e-08
tk                  =  2.56483e-08
tk                  =  2.60825e-08
tk                  =  2.65168e-08
tk                  =  2.69509e-08
tk                  =  2.73852e-08
tk                  =  2.78194e-08
tk                  =  2.82536e-08
tk                  =  2.86879e-08
tk                  =  2.91220e-08
tk                  =  2.95563e-08
tk                  =  2.99907e-08
tk                  =  3.04250e-08
tk                  =  3.08592e-08
tk                  =  3.12935e-08
tk                  =  3.17277e-08
tk                  =  3.21620e-08
tk                  =  3.25962e-08
tk                  =  3.30306e-08
tk                  =  3.34649e-08
tk                  =  3.38990e-08
tk                  =  3.43333e-08
tk                  =  3.47675e-08
tk                  =  3.52018e-08
tk                  =  3.56362e-08
tk                  =  3.60704e-08
tk                  =  3.65047e-08
tk                  =  3.69389e-08
tk                  =  3.73732e-08
tk                  =  3.78075e-08
tk                  =  3.82417e-08
tk                  =  3.86760e-08
tk                  =  3.91103e-08
tk                  =  3.95445e-08
tk                  =  3.99786e-08
tk                  =  4.04129e-08
tk                  =  4.08471e-08
tk                  =  4.12812e-08
tk                  =  4.17154e-08
tk                  =  4.21496e-08
tk                  =  4.25839e-08
tk                  =  4.30180e-08
tk                  =  4.34523e-08
tk                  =  4.38865e-08
tk                  =  4.43207e-08
tk                  =  4.47549e-08
tk                  =  4.51891e-08
tk                  =  4.56232e-08
tk                  =  4.60574e-08
tk                  =  4.64917e-08
tk                  =  4.69260e-08
tk                  =  4.73604e-08
tk                  =  4.77945e-08
tk                  =  4.82288e-08
tk                  =  4.86631e-08
tk                  =  4.90975e-08
tk                  =  4.95318e-08
tk                  =  4.99660e-08
tk                  =  5.04002e-08
tk                  =  5.08344e-08
tk                  =  5.12687e-08
tk                  =  5.17030e-08
tk                  =  5.21372e-08
tk                  =  5.25715e-08
tk                  =  5.30057e-08
tk                  =  5.34400e-08
tk                  =  5.38742e-08
tk                  =  5.43085e-08
tk                  =  5.47428e-08
tk                  =  5.51769e-08
tk                  =  5.56111e-08
tk                  =  5.60454e-08
m_period = 4.3425124219e-10
m_f_osc = 2.3028143684e+09
m_slew_v_per_s = 5.3268765133e+10
m_sigma_1 = 6.7214371600e-14
m_sigma_2 = 9.4045827530e-14
m_sigma_4 = 1.3532683746e-13
m_sigma_8 = 1.9670052095e-13
m_sigma_16 = 2.9239473390e-13
m_sigma_32 = 4.1848434135e-13
Note: Simulation executed from .control section 

Warning: m=xx on .subckt line will override multiplier m hierarchy!

