
Note: Compatibility modes selected: hs a


Circuit: * ro-inv-05stage-flicker @ ff_-40c_3.63v -- generated by sim/harness, do not edit

Doing analysis at TEMP = -40.000000 and TNOM = 27.000000

Using SPARSE 1.3 as Direct Linear Solver

Initial Transient Solution
--------------------------

Node                                   Voltage
----                                   -------
vdd                                       3.63
n2                                        3.63
g1                                           0
n3                                 4.95679e-09
g2                                        3.63
n4                                        3.63
g3                                 4.95679e-09
n5                                 4.95679e-09
g4                                        3.63
n1                                           0
g5                                 4.95679e-09
xing                                    -1.815
xs40                                    -1.452
xs60                                    -2.178
bs60#branch                                  0
bs40#branch                                  0
bxing#branch                                 0
vn5#branch                                   0
vn4#branch                                   0
vn3#branch                                   0
vn2#branch                                   0
vn1#branch                                   0
vdd#branch                        -0.000760013

 Reference value :  0.00000e+00
17010 1/f noise values in time domain created
17010 1/f noise values in time domain created
17010 1/f noise values in time domain created
17010 1/f noise values in time domain created
17010 1/f noise values in time domain created
 Reference value :  2.44030e-09
 Reference value :  5.34925e-09
 Reference value :  8.36750e-09
 Reference value :  1.11801e-08
 Reference value :  1.38992e-08
 Reference value :  1.70992e-08
 Reference value :  1.99865e-08
 Reference value :  2.26665e-08
 Reference value :  2.52607e-08
 Reference value :  2.81315e-08
 Reference value :  3.09075e-08
 Reference value :  3.36507e-08
 Reference value :  3.63085e-08
 Reference value :  3.93215e-08
 Reference value :  4.20655e-08
 Reference value :  4.49201e-08
 Reference value :  4.77685e-08
 Reference value :  5.04585e-08
 Reference value :  5.33703e-08
 Reference value :  5.61825e-08
 Reference value :  5.90900e-08
 Reference value :  6.20500e-08
 Reference value :  6.48735e-08
 Reference value :  6.77085e-08
 Reference value :  7.09535e-08
 Reference value :  7.37385e-08
 Reference value :  7.64701e-08
 Reference value :  7.94335e-08
 Reference value :  8.24103e-08
 Reference value :  8.51000e-08
 Reference value :  8.77965e-08
 Reference value :  9.06600e-08
 Reference value :  9.37365e-08
 Reference value :  9.64692e-08
 Reference value :  9.91375e-08
 Reference value :  1.02057e-07
 Reference value :  1.04987e-07
 Reference value :  1.07781e-07
 Reference value :  1.10515e-07
 Reference value :  1.13251e-07
 Reference value :  1.16120e-07
 Reference value :  1.18918e-07
 Reference value :  1.21570e-07
 Reference value :  1.24302e-07
 Reference value :  1.27004e-07
 Reference value :  1.29740e-07
 Reference value :  1.32323e-07
 Reference value :  1.34930e-07
 Reference value :  1.37951e-07
 Reference value :  1.40625e-07
 Reference value :  1.43341e-07
 Reference value :  1.46457e-07
 Reference value :  1.49204e-07
 Reference value :  1.51810e-07
 Reference value :  1.54598e-07
 Reference value :  1.57471e-07
 Reference value :  1.60265e-07
 Reference value :  1.63016e-07
 Reference value :  1.65938e-07
 Reference value :  1.68650e-07
No. of Data Rows : 221009
ts40                =  1.75720e-09
ts60                =  1.77086e-09
tk                  =  4.61116e-10
tk                  =  8.95264e-10
tk                  =  1.32952e-09
tk                  =  1.76376e-09
tk                  =  2.19802e-09
tk                  =  2.63205e-09
tk                  =  3.06632e-09
tk                  =  3.50058e-09
tk                  =  3.93474e-09
tk                  =  4.36902e-09
tk                  =  4.80336e-09
tk                  =  5.23769e-09
tk                  =  5.67187e-09
tk                  =  6.10608e-09
tk                  =  6.54042e-09
tk                  =  6.97463e-09
tk                  =  7.40892e-09
tk                  =  7.84319e-09
tk                  =  8.27735e-09
tk                  =  8.71156e-09
tk                  =  9.14583e-09
tk                  =  9.58020e-09
tk                  =  1.00145e-08
tk                  =  1.04487e-08
tk                  =  1.08830e-08
tk                  =  1.13172e-08
tk                  =  1.17514e-08
tk                  =  1.21857e-08
tk                  =  1.26199e-08
tk                  =  1.30542e-08
tk                  =  1.34885e-08
tk                  =  1.39228e-08
tk                  =  1.43572e-08
tk                  =  1.47915e-08
tk                  =  1.52257e-08
tk                  =  1.56599e-08
tk                  =  1.60942e-08
tk                  =  1.65285e-08
tk                  =  1.69628e-08
tk                  =  1.73970e-08
tk                  =  1.78312e-08
tk                  =  1.82655e-08
tk                  =  1.86997e-08
tk                  =  1.91339e-08
tk                  =  1.95683e-08
tk                  =  2.00026e-08
tk                  =  2.04367e-08
tk                  =  2.08710e-08
tk                  =  2.13051e-08
tk                  =  2.17394e-08
tk                  =  2.21737e-08
tk                  =  2.26080e-08
tk                  =  2.30423e-08
tk                  =  2.34765e-08
tk                  =  2.39107e-08
tk                  =  2.43451e-08
tk                  =  2.47794e-08
tk                  =  2.52136e-08
tk                  =  2.56478e-08
tk                  =  2.60821e-08
tk                  =  2.65164e-08
tk                  =  2.69507e-08
tk                  =  2.73849e-08
tk                  =  2.78191e-08
tk                  =  2.82534e-08
tk                  =  2.86877e-08
tk                  =  2.91218e-08
tk                  =  2.95560e-08
tk                  =  2.99902e-08
tk                  =  3.04244e-08
tk                  =  3.08588e-08
tk                  =  3.12930e-08
tk                  =  3.17275e-08
tk                  =  3.21617e-08
tk                  =  3.25959e-08
tk                  =  3.30302e-08
tk                  =  3.34645e-08
tk                  =  3.38987e-08
tk                  =  3.43330e-08
tk                  =  3.47671e-08
tk                  =  3.52013e-08
tk                  =  3.56355e-08
tk                  =  3.60699e-08
tk                  =  3.65041e-08
tk                  =  3.69383e-08
tk                  =  3.73725e-08
tk                  =  3.78067e-08
tk                  =  3.82410e-08
tk                  =  3.86752e-08
tk                  =  3.91095e-08
tk                  =  3.95437e-08
tk                  =  3.99778e-08
tk                  =  4.04120e-08
tk                  =  4.08463e-08
tk                  =  4.12805e-08
tk                  =  4.17147e-08
tk                  =  4.21491e-08
tk                  =  4.25833e-08
tk                  =  4.30174e-08
tk                  =  4.34517e-08
tk                  =  4.38860e-08
tk                  =  4.43202e-08
tk                  =  4.47545e-08
tk                  =  4.51886e-08
tk                  =  4.56228e-08
tk                  =  4.60571e-08
tk                  =  4.64914e-08
tk                  =  4.69255e-08
tk                  =  4.73599e-08
tk                  =  4.77942e-08
tk                  =  4.82285e-08
tk                  =  4.86628e-08
tk                  =  4.90971e-08
tk                  =  4.95313e-08
tk                  =  4.99655e-08
tk                  =  5.03998e-08
tk                  =  5.08342e-08
tk                  =  5.12683e-08
tk                  =  5.17026e-08
tk                  =  5.21368e-08
tk                  =  5.25711e-08
tk                  =  5.30055e-08
tk                  =  5.34398e-08
tk                  =  5.38741e-08
tk                  =  5.43083e-08
tk                  =  5.47426e-08
tk                  =  5.51767e-08
tk                  =  5.56110e-08
tk                  =  5.60451e-08
m_period = 4.3425003281e-10
m_f_osc = 2.3028207817e+09
m_slew_v_per_s = 5.3128430296e+10
m_sigma_1 = 7.0294188455e-14
m_sigma_2 = 9.1113712480e-14
m_sigma_4 = 1.2156721106e-13
m_sigma_8 = 1.6466906237e-13
m_sigma_16 = 2.4277605452e-13
m_sigma_32 = 3.5940239292e-13
Note: Simulation executed from .control section 

Warning: m=xx on .subckt line will override multiplier m hierarchy!

