
Note: Compatibility modes selected: hs a


Circuit: * sampler-core-idle-leakage @ tt_125c_2.97v -- generated by sim/harness, do not edit

Doing analysis at TEMP = 125.000000 and TNOM = 27.000000

Using SPARSE 1.3 as Direct Linear Solver

Initial Transient Solution
--------------------------

Node                                   Voltage
----                                   -------
vsup                                      2.97
en                                           0
rst_n                                        0
clk0                                         0
clk1                                         0
vdda                                      2.97
vddb                                      2.97
xduta.xdut.xr1.xg.py                   2.96999
xduta.xdut.xr1.n1                      2.96999
xduta.xdut.ro1                         2.96998
xduta.xdut.xr1.xg.nm                   2.53232
xduta.xdut.xr1.xg.ny               3.37898e-06
xduta.xdut.xr1.x1.py                      2.97
xduta.xdut.xr1.n2                  5.74908e-07
xduta.xdut.xr1.x1.ny               4.96557e-07
xduta.xdut.xr1.x2.py                   2.96998
xduta.xdut.xr1.n3                      2.96998
xduta.xdut.xr1.x2.ny               5.11424e-06
xduta.xdut.xr1.x3.py                      2.97
xduta.xdut.xr1.n4                   5.7495e-07
xduta.xdut.xr1.x3.ny               4.96594e-07
xduta.xdut.xr1.x4.py                   2.96998
xduta.xdut.xr1.n5                      2.96998
xduta.xdut.xr1.x4.ny               5.11424e-06
xduta.xdut.xr1.x5.py                      2.97
xduta.xdut.xr1.n6                   5.7495e-07
xduta.xdut.xr1.x5.ny               4.96594e-07
xduta.xdut.xr1.x6.py                   2.96998
xduta.xdut.xr1.n7                      2.96998
xduta.xdut.xr1.x6.ny               5.11424e-06
xduta.xdut.xr1.x7.py                      2.97
xduta.xdut.xr1.n8                   5.7495e-07
xduta.xdut.xr1.x7.ny               4.96594e-07
xduta.xdut.xr1.x8.py                   2.96998
xduta.xdut.xr1.n9                      2.96998
xduta.xdut.xr1.x8.ny               5.11424e-06
xduta.xdut.xr1.x9.py                      2.97
xduta.xdut.xr1.n10                  5.7495e-07
xduta.xdut.xr1.x9.ny               4.96594e-07
xduta.xdut.xr1.x10.py                  2.96998
xduta.xdut.xr1.x10.ny              5.11424e-06
xduta.xdut.xr2.xg.py                   2.96999
xduta.xdut.xr2.n1                      2.96999
xduta.xdut.ro2                         2.96998
xduta.xdut.xr2.xg.nm                   2.53232
xduta.xdut.xr2.xg.ny               3.13787e-06
xduta.xdut.xr2.x1.py                      2.97
xduta.xdut.xr2.n2                  5.39467e-07
xduta.xdut.xr2.x1.ny               4.61117e-07
xduta.xdut.xr2.x2.py                   2.96998
xduta.xdut.xr2.n3                      2.96998
xduta.xdut.xr2.x2.ny               4.74932e-06
xduta.xdut.xr2.x3.py                      2.97
xduta.xdut.xr2.n4                  5.39504e-07
xduta.xdut.xr2.x3.ny               4.61149e-07
xduta.xdut.xr2.x4.py                   2.96998
xduta.xdut.xr2.n5                      2.96998
xduta.xdut.xr2.x4.ny               4.74932e-06
xduta.xdut.xr2.x5.py                      2.97
xduta.xdut.xr2.n6                  5.39504e-07
xduta.xdut.xr2.x5.ny               4.61149e-07
xduta.xdut.xr2.x6.py                   2.96998
xduta.xdut.xr2.n7                      2.96998
xduta.xdut.xr2.x6.ny               4.74932e-06
xduta.xdut.xr2.x7.py                      2.97
xduta.xdut.xr2.n8                  5.39504e-07
xduta.xdut.xr2.x7.ny               4.61149e-07
xduta.xdut.xr2.x8.py                   2.96998
xduta.xdut.xr2.n9                      2.96998
xduta.xdut.xr2.x8.ny               4.74932e-06
xduta.xdut.xr2.x9.py                      2.97
xduta.xdut.xr2.n10                 5.39504e-07
xduta.xdut.xr2.x9.ny               4.61149e-07
xduta.xdut.xr2.x10.py                  2.96998
xduta.xdut.xr2.x10.ny              4.74932e-06
xduta.xdut.xa1.an                  7.83583e-08
xduta.xdut.xa1.bn                  7.83571e-08
xduta.xdut.xa1.mid                    0.578345
xduta.xo                           3.87847e-07
xduta.xdut.xa1.s1                  1.93923e-07
xduta.xdut.xa1.s2                  1.92151e-07
xduta.xsb.clkb                            2.97
xduta.xsb.m                        4.34552e-07
xduta.xsb.mb                              2.97
xduta.xsb.mmid                        0.079282
xduta.xsb.mc                       1.01718e-07
xduta.xsb.s                               2.97
rba                                7.83383e-08
xduta.xsb.qb                              2.97
xduta.xsb.s2mid                      0.0792818
xduta.xsv.clkb                            2.97
xduta.xsv.m                               2.97
xduta.xsv.mb                              2.97
xduta.xsv.mmid                         2.53233
xduta.xsv.mc                       9.63728e-07
xduta.xsv.s                               2.97
rva                                7.83383e-08
xduta.xsv.qb                              2.97
xduta.xsv.s2mid                      0.0792818
xdutb.xdut.xr1.xg.py                   2.96999
xdutb.xdut.xr1.n1                      2.96999
xdutb.xdut.ro1                         2.96998
xdutb.xdut.xr1.xg.nm                   2.53232
xdutb.xdut.xr1.xg.ny               3.37898e-06
xdutb.xdut.xr1.x1.py                      2.97
xdutb.xdut.xr1.n2                  5.74908e-07
xdutb.xdut.xr1.x1.ny               4.96557e-07
xdutb.xdut.xr1.x2.py                   2.96998
xdutb.xdut.xr1.n3                      2.96998
xdutb.xdut.xr1.x2.ny               5.11424e-06
xdutb.xdut.xr1.x3.py                      2.97
xdutb.xdut.xr1.n4                   5.7495e-07
xdutb.xdut.xr1.x3.ny               4.96594e-07
xdutb.xdut.xr1.x4.py                   2.96998
xdutb.xdut.xr1.n5                      2.96998
xdutb.xdut.xr1.x4.ny               5.11424e-06
xdutb.xdut.xr1.x5.py                      2.97
xdutb.xdut.xr1.n6                   5.7495e-07
xdutb.xdut.xr1.x5.ny               4.96594e-07
xdutb.xdut.xr1.x6.py                   2.96998
xdutb.xdut.xr1.n7                      2.96998
xdutb.xdut.xr1.x6.ny               5.11424e-06
xdutb.xdut.xr1.x7.py                      2.97
xdutb.xdut.xr1.n8                   5.7495e-07
xdutb.xdut.xr1.x7.ny               4.96594e-07
xdutb.xdut.xr1.x8.py                   2.96998
xdutb.xdut.xr1.n9                      2.96998
xdutb.xdut.xr1.x8.ny               5.11424e-06
xdutb.xdut.xr1.x9.py                      2.97
xdutb.xdut.xr1.n10                  5.7495e-07
xdutb.xdut.xr1.x9.ny               4.96594e-07
xdutb.xdut.xr1.x10.py                  2.96998
xdutb.xdut.xr1.x10.ny              5.11424e-06
xdutb.xdut.xr2.xg.py                   2.96999
xdutb.xdut.xr2.n1                      2.96999
xdutb.xdut.ro2                         2.96998
xdutb.xdut.xr2.xg.nm                   2.53232
xdutb.xdut.xr2.xg.ny               3.13787e-06
xdutb.xdut.xr2.x1.py                      2.97
xdutb.xdut.xr2.n2                  5.39467e-07
xdutb.xdut.xr2.x1.ny               4.61117e-07
xdutb.xdut.xr2.x2.py                   2.96998
xdutb.xdut.xr2.n3                      2.96998
xdutb.xdut.xr2.x2.ny               4.74932e-06
xdutb.xdut.xr2.x3.py                      2.97
xdutb.xdut.xr2.n4                  5.39504e-07
xdutb.xdut.xr2.x3.ny               4.61149e-07
xdutb.xdut.xr2.x4.py                   2.96998
xdutb.xdut.xr2.n5                      2.96998
xdutb.xdut.xr2.x4.ny               4.74932e-06
xdutb.xdut.xr2.x5.py                      2.97
xdutb.xdut.xr2.n6                  5.39504e-07
xdutb.xdut.xr2.x5.ny               4.61149e-07
xdutb.xdut.xr2.x6.py                   2.96998
xdutb.xdut.xr2.n7                      2.96998
xdutb.xdut.xr2.x6.ny               4.74932e-06
xdutb.xdut.xr2.x7.py                      2.97
xdutb.xdut.xr2.n8                  5.39504e-07
xdutb.xdut.xr2.x7.ny               4.61149e-07
xdutb.xdut.xr2.x8.py                   2.96998
xdutb.xdut.xr2.n9                      2.96998
xdutb.xdut.xr2.x8.ny               4.74932e-06
xdutb.xdut.xr2.x9.py                      2.97
xdutb.xdut.xr2.n10                 5.39504e-07
xdutb.xdut.xr2.x9.ny               4.61149e-07
xdutb.xdut.xr2.x10.py                  2.96998
xdutb.xdut.xr2.x10.ny              4.74932e-06
xdutb.xdut.xa1.an                  7.83583e-08
xdutb.xdut.xa1.bn                  7.83571e-08
xdutb.xdut.xa1.mid                    0.578345
xdutb.xo                           3.87846e-07
xdutb.xdut.xa1.s1                  1.93923e-07
xdutb.xdut.xa1.s2                  1.92151e-07
xdutb.xsb.clkb                            2.97
xdutb.xsb.m                        4.34551e-07
xdutb.xsb.mb                              2.97
xdutb.xsb.mmid                        0.079282
xdutb.xsb.mc                       1.01718e-07
xdutb.xsb.s                               2.97
rbb                                7.83383e-08
xdutb.xsb.qb                              2.97
xdutb.xsb.s2mid                      0.0792818
xdutb.xsv.clkb                            2.97
xdutb.xsv.m                               2.97
xdutb.xsv.mb                              2.97
xdutb.xsv.mmid                         2.53233
xdutb.xsv.mc                       9.63728e-07
xdutb.xsv.s                               2.97
rvb                                7.83383e-08
xdutb.xsv.qb                              2.97
xdutb.xsv.s2mid                      0.0792818
qa                                -1.93819e-19
qb                                -1.93818e-19
vsb#branch                         1.93818e-09
vsa#branch                         1.93819e-09
vclk1#branch                                 0
vclk0#branch                                 0
vrst#branch                                  0
ven#branch                                   0
vsup#branch                       -3.87637e-09

 Reference value :  0.00000e+00
 Reference value :  2.10560e-08
 Reference value :  4.40560e-08
 Reference value :  6.66560e-08
 Reference value :  9.00560e-08
 Reference value :  1.04716e-07
 Reference value :  1.25316e-07
 Reference value :  1.47516e-07
 Reference value :  1.69516e-07
 Reference value :  1.92716e-07
 Reference value :  2.06888e-07
 Reference value :  2.23288e-07
 Reference value :  2.48288e-07
 Reference value :  2.71288e-07
 Reference value :  2.94888e-07
 Reference value :  3.10600e-07
 Reference value :  3.33400e-07
 Reference value :  3.56600e-07
 Reference value :  3.79400e-07
 Reference value :  4.01800e-07
 Reference value :  4.24000e-07
 Reference value :  4.46800e-07
 Reference value :  4.69600e-07
 Reference value :  4.92000e-07
 Reference value :  5.14600e-07
 Reference value :  5.37000e-07
 Reference value :  5.60400e-07
 Reference value :  5.83200e-07
 Reference value :  6.07000e-07
 Reference value :  6.29800e-07
 Reference value :  6.53000e-07
 Reference value :  6.75400e-07
 Reference value :  6.97600e-07
 Reference value :  7.20600e-07
 Reference value :  7.43200e-07
 Reference value :  7.65800e-07
 Reference value :  7.88400e-07
 Reference value :  8.12200e-07
 Reference value :  8.36200e-07
 Reference value :  8.60000e-07
 Reference value :  8.82000e-07
 Reference value :  9.04200e-07
 Reference value :  9.26600e-07
 Reference value :  9.49600e-07
 Reference value :  9.72400e-07
 Reference value :  9.95000e-07
No. of Data Rows : 5058
qax                 =  -2.91002e-05
qa0                 =  -2.95652e-05
qa1                 =  -3.00286e-05
qbx                 =  -1.50379e-05
qb0                 =  -1.54256e-05
qb1                 =  -1.58133e-05
vro1                =  2.96998e+00
vro2                =  2.96998e+00
vxo                 =  7.88448e-07
vn1                 =  2.96999e+00
vn2                 =  5.72908e-07
vrba                =  -5.82502e-06
vrva                =  2.97000e+00
vrbb                =  7.74129e-08
vrvb                =  2.97000e+00
vsupm               =  2.97000e+00
m_i_idle_clklo_a = 2.3169500000e-09
m_i_idle_clkhi_a = 1.9385500000e-09
m_p_idle_clklo_w = 6.8813415000e-09
m_p_idle_clkhi_w = 5.7574935000e-09
m_i_idle_clklo_prev_a = 2.3248500000e-09
m_i_idle_clkhi_prev_a = 1.9386000000e-09
m_i_idle_worst_a = 2.3169500000e-09
m_p_idle_worst_w = 6.8813415000e-09
m_v_ro1_v = 2.9699820000e+00
m_v_ro2_v = 2.9699830000e+00
m_v_xo_v = 7.8844820000e-07
m_v_n1_v = 2.9699870000e+00
m_v_n2_v = 5.7290800000e-07
m_v_rawbit_clklo_v = -5.825016000e-06
m_v_rawvalid_clklo_v = 2.9699970000e+00
m_v_rawbit_clkhi_v = 7.7412930000e-08
m_v_rawvalid_clkhi_v = 2.9699990000e+00
m_v_sup_v = 2.9700000000e+00
Note: Simulation executed from .control section 

Warning: m=xx on .subckt line will override multiplier m hierarchy!

Note: Starting dynamic gmin stepping
Warning: Dynamic gmin stepping failed
Note: Starting true gmin stepping
Note: True gmin stepping completed
