
Note: Compatibility modes selected: hs a


Circuit: * sampler-dff-active-current @ ff_27c_3.63v -- generated by sim/harness, do not edit

Doing analysis at TEMP = 27.000000 and TNOM = 27.000000

Using SPARSE 1.3 as Direct Linear Solver

Initial Transient Solution
--------------------------

Node                                   Voltage
----                                   -------
vsup                                      3.63
clk                                          0
rst_n                                        0
d                                            0
vddv                                      3.63
vddb                                      3.63
xsv.clkb                                  3.63
xsv.m                                     3.63
xsv.mb                                    3.63
xsv.mmid                               3.15562
xsv.mc                             1.34789e-07
xsv.s                                     3.63
qv                                 1.88584e-08
xsv.qb                                    3.63
xsv.s2mid                            0.0885015
xsb.clkb                                  3.63
xsb.m                              3.48598e-08
xsb.mb                                    3.63
xsb.mmid                             0.0885017
xsb.mc                             3.66116e-08
xsb.s                                     3.63
qb                                 1.88584e-08
xsb.qb                                    3.63
xsb.s2mid                            0.0885016
q1                                -1.07278e-20
q2                                -8.21821e-21
vd#branch                           1.1034e-11
vr2#branch                         7.11482e-11
vr1#branch                         1.07278e-10
vrst#branch                                  0
vclk#branch                                  0
vsup#branch                       -1.78426e-10

 Reference value :  0.00000e+00
 Reference value :  9.73777e-09
 Reference value :  1.97378e-08
 Reference value :  3.10968e-08
 Reference value :  4.09768e-08
 Reference value :  5.20178e-08
No. of Data Rows : 3775
q1a                 =  -2.05838e-05
q1b                 =  -2.05844e-05
q1c                 =  -2.90203e-05
q1d                 =  -2.90210e-05
q1e                 =  -2.90203e-05
q1f                 =  -3.74427e-05
q2a                 =  -1.09752e-04
q2b                 =  -1.09753e-04
q2c                 =  -1.37203e-04
q2d                 =  -1.93381e-04
q2e                 =  -1.37203e-04
q2f                 =  -2.41582e-04
qv_pre              =  1.88584e-08
qv_post             =  3.63000e+00
qb_pre              =  -1.35818e-07
qb_post             =  3.63000e+00
vdd_mean            =  3.63000e+00 from=  3.20000e-08 to=  5.30168e-08
m_q_d_shut_c = 6.6666666669e-20
m_q_d_open_c = 9.3630000000e-15
m_e_d_shut_j = 2.4200000001e-19
m_e_d_open_j = 3.3987690000e-14
m_q_clkcyc_xsv_c = 8.4223800000e-15
m_e_clkcyc_xsv_j = 3.0573239400e-14
m_q_clkcyc_xsb_resid_c = 1.3854333333e-15
m_q_cyc_xsb_total_c = 1.0437910000e-13
m_q_d_shut_xsv_c = 1.0000000000e-19
m_q_d_open_xsv_c = 1.2166666667e-19
m_vdd_mean_v = 3.6300000000e+00
m_qv_pre_v = 1.8858390000e-08
m_qv_post_v = 3.6300000000e+00
m_qb_pre_v = -1.358184000e-07
m_qb_post_v = 3.6300000000e+00
Note: Simulation executed from .control section 

Warning: m=xx on .subckt line will override multiplier m hierarchy!

