
Note: Compatibility modes selected: hs a


Circuit: * sampler-dff-reset-current-xsb @ ff_125c_2.97v -- generated by sim/harness, do not edit

Doing analysis at TEMP = 125.000000 and TNOM = 27.000000

Using SPARSE 1.3 as Direct Linear Solver

Initial Transient Solution
--------------------------

Node                                   Voltage
----                                   -------
vdd                                       2.97
rst_n                                        0
clk                                          0
d                                            0
xdut.clkb                              2.96999
xdut.rst                               2.96999
xdut.m                             1.53973e-08
xdut.mb                                2.96999
xdut.mc                             6.2813e-07
xdut.s                                    2.97
q                                  6.07601e-07
xdut.qb                                2.96999
qint                                4.4529e-19
vd#branch                          5.31851e-12
vdd#branch                        -4.45822e-09
vclk#branch                                  0
vrst#branch                                  0

 Reference value :  4.15050e-10
 Reference value :  2.67005e-09
No. of Data Rows : 4720
qint1               =  4.30679e-05
qint2               =  2.15344e-04
qint3               =  3.87621e-04
qout_rst            =  4.28166e-07
m_i_reset_xsb_a = 8.6138172500e-05
m_p_reset_xsb_w = 2.5583037232e-04
m_i_reset_xsb_first_a = 8.6138195000e-05
m_i_reset_xsb_last_a = 8.6138150000e-05
m_q_v = 4.2816590000e-07
Note: Simulation executed from .control section 

Warning: m=xx on .subckt line will override multiplier m hierarchy!

