OpenROAD 26Q3-1510-g6cb3f2b704 
Features included (+) or not (-): +GPU +GUI +Python
This program is licensed under the BSD-3 license. See the LICENSE file for details.
Components of this program may be licensed under more restrictive licenses which must be honored.
[INFO ODB-0388] unsupported LEF58_EOLENCLOSURE property for layer Via1 :"
  	EOLENCLOSURE 0.34 0.06 ;"
[INFO ODB-0388] unsupported LEF58_EOLENCLOSURE property for layer Via2 :" EOLENCLOSURE 0.34 0.06 ; "
[INFO ODB-0388] unsupported LEF58_EOLENCLOSURE property for layer Via3 :" EOLENCLOSURE 0.34 0.06 ; "
[INFO ODB-0388] unsupported LEF58_EOLENCLOSURE property for layer Via4 :" EOLENCLOSURE 0.34 0.06 ; "
[INFO ODB-0227] LEF file: /home/ubuntu/.volare/gf180mcuD/libs.ref/gf180mcu_fd_sc_mcu9t5v0/techlef/gf180mcu_fd_sc_mcu9t5v0__nom.tlef, created 15 layers, 56 vias
[WARNING ODB-0220] WARNING (LEFPARS-2008): NOWIREEXTENSIONATPIN statement is obsolete in version 5.6 or later.
The NOWIREEXTENSIONATPIN statement will be ignored. See file /home/ubuntu/.volare/gf180mcuD/libs.ref/gf180mcu_fd_sc_mcu9t5v0/lef/gf180mcu_fd_sc_mcu9t5v0.lef at line 2.

[INFO ODB-0227] LEF file: /home/ubuntu/.volare/gf180mcuD/libs.ref/gf180mcu_fd_sc_mcu9t5v0/lef/gf180mcu_fd_sc_mcu9t5v0.lef, created 229 library cells
[INFO ODB-0127] Reading DEF file: /home/ubuntu/GitHub/gf180-trng/.loom/worktrees/issue-456/layout/digital/trng_top.def
[INFO ODB-0128] Design: trng_top
[INFO ODB-0130]     Created 111 pins.
[INFO ODB-0131]     Created 4960 components and 24572 component-terminals.
[INFO ODB-0132]     Created 2 special nets and 19310 connections.
[INFO ODB-0133]     Created 1511 nets and 5240 connections.
[INFO ODB-0134] Finished DEF file: /home/ubuntu/GitHub/gf180-trng/.loom/worktrees/issue-456/layout/digital/trng_top.def
ACT_BEGIN alarm-gated reset
Annotated 5371 pin activities.
vcd          5371
unannotated     0
Group                    Internal    Switching      Leakage        Total
                            Power        Power        Power        Power (Watts)
------------------------------------------------------------------------
Sequential           9.498637e-05 0.000000e+00 6.088212e-08 9.504725e-05  61.8%
Combinational        1.315767e-06 2.966994e-06 6.765816e-08 4.350419e-06   2.8%
Clock                1.890376e-05 3.551074e-05 7.896977e-08 5.449347e-05  35.4%
Macro                0.000000e+00 0.000000e+00 0.000000e+00 0.000000e+00   0.0%
Pad                  0.000000e+00 0.000000e+00 0.000000e+00 0.000000e+00   0.0%
------------------------------------------------------------------------
Total                1.152059e-04 3.847774e-05 2.075095e-07 1.538911e-04 100.0%
                            74.9%        25.0%         0.1%
ACT_END
ACT_BEGIN alarm-gated startup
Annotated 5371 pin activities.
vcd          5371
unannotated     0
Group                    Internal    Switching      Leakage        Total
                            Power        Power        Power        Power (Watts)
------------------------------------------------------------------------
Sequential           9.985219e-05 3.782159e-06 6.802000e-08 1.037024e-04  60.0%
Combinational        7.450973e-06 7.236548e-06 6.955873e-08 1.475708e-05   8.5%
Clock                1.890376e-05 3.551074e-05 7.896977e-08 5.449347e-05  31.5%
Macro                0.000000e+00 0.000000e+00 0.000000e+00 0.000000e+00   0.0%
Pad                  0.000000e+00 0.000000e+00 0.000000e+00 0.000000e+00   0.0%
------------------------------------------------------------------------
Total                1.262069e-04 4.652945e-05 2.165480e-07 1.729529e-04 100.0%
                            73.0%        26.9%         0.1%
ACT_END
ACT_BEGIN alarm-gated steady
Annotated 5371 pin activities.
vcd          5371
unannotated     0
Group                    Internal    Switching      Leakage        Total
                            Power        Power        Power        Power (Watts)
------------------------------------------------------------------------
Sequential           9.860488e-05 2.765074e-06 6.794991e-08 1.014379e-04  60.9%
Combinational        5.311273e-06 5.379191e-06 6.898703e-08 1.075945e-05   6.5%
Clock                1.890376e-05 3.551074e-05 7.896977e-08 5.449347e-05  32.7%
Macro                0.000000e+00 0.000000e+00 0.000000e+00 0.000000e+00   0.0%
Pad                  0.000000e+00 0.000000e+00 0.000000e+00 0.000000e+00   0.0%
------------------------------------------------------------------------
Total                1.228200e-04 4.365501e-05 2.159064e-07 1.666909e-04 100.0%
                            73.7%        26.2%         0.1%
ACT_END
ACT_BEGIN backpressure reset
Annotated 5371 pin activities.
vcd          5371
unannotated     0
Group                    Internal    Switching      Leakage        Total
                            Power        Power        Power        Power (Watts)
------------------------------------------------------------------------
Sequential           9.497776e-05 0.000000e+00 6.088212e-08 9.503865e-05  61.8%
Combinational        1.275031e-06 2.859164e-06 6.765816e-08 4.201854e-06   2.7%
Clock                1.890376e-05 3.551074e-05 7.896977e-08 5.449347e-05  35.4%
Macro                0.000000e+00 0.000000e+00 0.000000e+00 0.000000e+00   0.0%
Pad                  0.000000e+00 0.000000e+00 0.000000e+00 0.000000e+00   0.0%
------------------------------------------------------------------------
Total                1.151565e-04 3.836991e-05 2.075095e-07 1.537339e-04 100.0%
                            74.9%        25.0%         0.1%
ACT_END
ACT_BEGIN backpressure startup
Annotated 5371 pin activities.
vcd          5371
unannotated     0
Group                    Internal    Switching      Leakage        Total
                            Power        Power        Power        Power (Watts)
------------------------------------------------------------------------
Sequential           9.989931e-05 3.769324e-06 6.820744e-08 1.037368e-04  59.9%
Combinational        7.600967e-06 7.391945e-06 6.966290e-08 1.506257e-05   8.7%
Clock                1.890376e-05 3.551074e-05 7.896977e-08 5.449347e-05  31.4%
Macro                0.000000e+00 0.000000e+00 0.000000e+00 0.000000e+00   0.0%
Pad                  0.000000e+00 0.000000e+00 0.000000e+00 0.000000e+00   0.0%
------------------------------------------------------------------------
Total                1.264041e-04 4.667203e-05 2.168396e-07 1.732930e-04 100.0%
                            72.9%        26.9%         0.1%
ACT_END
ACT_BEGIN backpressure steady
Annotated 5371 pin activities.
vcd          5371
unannotated     0
Group                    Internal    Switching      Leakage        Total
                            Power        Power        Power        Power (Watts)
------------------------------------------------------------------------
Sequential           1.044969e-04 5.847800e-06 7.166603e-08 1.104164e-04  59.2%
Combinational        1.088490e-05 1.072306e-05 7.067482e-08 2.167864e-05  11.6%
Clock                1.890376e-05 3.551074e-05 7.896977e-08 5.449347e-05  29.2%
Macro                0.000000e+00 0.000000e+00 0.000000e+00 0.000000e+00   0.0%
Pad                  0.000000e+00 0.000000e+00 0.000000e+00 0.000000e+00   0.0%
------------------------------------------------------------------------
Total                1.342855e-04 5.208163e-05 2.213108e-07 1.865884e-04 100.0%
                            72.0%        27.9%         0.1%
ACT_END
ACT_BEGIN conditioned-streaming reset
Annotated 5371 pin activities.
vcd          5371
unannotated     0
Group                    Internal    Switching      Leakage        Total
                            Power        Power        Power        Power (Watts)
------------------------------------------------------------------------
Sequential           9.498635e-05 0.000000e+00 6.088212e-08 9.504724e-05  61.8%
Combinational        1.304380e-06 2.940140e-06 6.765816e-08 4.312179e-06   2.8%
Clock                1.890376e-05 3.551074e-05 7.896977e-08 5.449347e-05  35.4%
Macro                0.000000e+00 0.000000e+00 0.000000e+00 0.000000e+00   0.0%
Pad                  0.000000e+00 0.000000e+00 0.000000e+00 0.000000e+00   0.0%
------------------------------------------------------------------------
Total                1.151945e-04 3.845089e-05 2.075095e-07 1.538529e-04 100.0%
                            74.9%        25.0%         0.1%
ACT_END
ACT_BEGIN conditioned-streaming startup
Annotated 5371 pin activities.
vcd          5371
unannotated     0
Group                    Internal    Switching      Leakage        Total
                            Power        Power        Power        Power (Watts)
------------------------------------------------------------------------
Sequential           9.999836e-05 3.861779e-06 6.769190e-08 1.039278e-04  59.8%
Combinational        7.708632e-06 7.538554e-06 6.948692e-08 1.531667e-05   8.8%
Clock                1.890376e-05 3.551074e-05 7.896977e-08 5.449347e-05  31.4%
Macro                0.000000e+00 0.000000e+00 0.000000e+00 0.000000e+00   0.0%
Pad                  0.000000e+00 0.000000e+00 0.000000e+00 0.000000e+00   0.0%
------------------------------------------------------------------------
Total                1.266108e-04 4.691108e-05 2.161481e-07 1.737381e-04 100.0%
                            72.9%        27.0%         0.1%
ACT_END
ACT_BEGIN conditioned-streaming steady
Annotated 5371 pin activities.
vcd          5371
unannotated     0
Group                    Internal    Switching      Leakage        Total
                            Power        Power        Power        Power (Watts)
------------------------------------------------------------------------
Sequential           1.044656e-04 5.857661e-06 7.109968e-08 1.103944e-04  59.1%
Combinational        1.101255e-05 1.086204e-05 7.008932e-08 2.194468e-05  11.7%
Clock                1.890376e-05 3.551074e-05 7.896977e-08 5.449347e-05  29.2%
Macro                0.000000e+00 0.000000e+00 0.000000e+00 0.000000e+00   0.0%
Pad                  0.000000e+00 0.000000e+00 0.000000e+00 0.000000e+00   0.0%
------------------------------------------------------------------------
Total                1.343819e-04 5.223045e-05 2.201589e-07 1.868325e-04 100.0%
                            71.9%        28.0%         0.1%
ACT_END
ACT_BEGIN disabled-clock-running reset
Annotated 5371 pin activities.
vcd          5371
unannotated     0
Group                    Internal    Switching      Leakage        Total
                            Power        Power        Power        Power (Watts)
------------------------------------------------------------------------
Sequential           9.494495e-05 0.000000e+00 6.088212e-08 9.500584e-05  62.1%
Combinational        9.967497e-07 2.361076e-06 6.765816e-08 3.425484e-06   2.2%
Clock                1.890376e-05 3.551074e-05 7.896977e-08 5.449347e-05  35.6%
Macro                0.000000e+00 0.000000e+00 0.000000e+00 0.000000e+00   0.0%
Pad                  0.000000e+00 0.000000e+00 0.000000e+00 0.000000e+00   0.0%
------------------------------------------------------------------------
Total                1.148454e-04 3.787181e-05 2.075095e-07 1.529247e-04 100.0%
                            75.1%        24.8%         0.1%
ACT_END
ACT_BEGIN disabled-clock-running startup
Annotated 5371 pin activities.
vcd          5371
unannotated     0
Group                    Internal    Switching      Leakage        Total
                            Power        Power        Power        Power (Watts)
------------------------------------------------------------------------
Sequential           9.559465e-05 8.761361e-07 6.503983e-08 9.653583e-05  61.5%
Combinational        3.133058e-06 2.726941e-06 6.747385e-08 5.927473e-06   3.8%
Clock                1.890376e-05 3.551074e-05 7.896977e-08 5.449347e-05  34.7%
Macro                0.000000e+00 0.000000e+00 0.000000e+00 0.000000e+00   0.0%
Pad                  0.000000e+00 0.000000e+00 0.000000e+00 0.000000e+00   0.0%
------------------------------------------------------------------------
Total                1.176314e-04 3.911382e-05 2.114828e-07 1.569567e-04 100.0%
                            74.9%        24.9%         0.1%
ACT_END
ACT_BEGIN disabled-clock-running steady
Annotated 5371 pin activities.
vcd          5371
unannotated     0
Group                    Internal    Switching      Leakage        Total
                            Power        Power        Power        Power (Watts)
------------------------------------------------------------------------
Sequential           9.559767e-05 9.209019e-07 6.504281e-08 9.658362e-05  61.6%
Combinational        3.006693e-06 2.615300e-06 6.747137e-08 5.689464e-06   3.6%
Clock                1.890376e-05 3.551074e-05 7.896977e-08 5.449347e-05  34.8%
Macro                0.000000e+00 0.000000e+00 0.000000e+00 0.000000e+00   0.0%
Pad                  0.000000e+00 0.000000e+00 0.000000e+00 0.000000e+00   0.0%
------------------------------------------------------------------------
Total                1.175081e-04 3.904694e-05 2.114832e-07 1.567665e-04 100.0%
                            75.0%        24.9%         0.1%
ACT_END
ACT_BEGIN raw-streaming reset
Annotated 5371 pin activities.
vcd          5371
unannotated     0
Group                    Internal    Switching      Leakage        Total
                            Power        Power        Power        Power (Watts)
------------------------------------------------------------------------
Sequential           9.498603e-05 0.000000e+00 6.088212e-08 9.504691e-05  61.6%
Combinational        1.377194e-06 3.187391e-06 6.765816e-08 4.632243e-06   3.0%
Clock                1.890376e-05 3.551074e-05 7.896977e-08 5.449347e-05  35.3%
Macro                0.000000e+00 0.000000e+00 0.000000e+00 0.000000e+00   0.0%
Pad                  0.000000e+00 0.000000e+00 0.000000e+00 0.000000e+00   0.0%
------------------------------------------------------------------------
Total                1.152669e-04 3.869813e-05 2.075095e-07 1.541726e-04 100.0%
                            74.8%        25.1%         0.1%
ACT_END
ACT_BEGIN raw-streaming startup
Annotated 5371 pin activities.
vcd          5371
unannotated     0
Group                    Internal    Switching      Leakage        Total
                            Power        Power        Power        Power (Watts)
------------------------------------------------------------------------
Sequential           9.998821e-05 3.871654e-06 6.799347e-08 1.039279e-04  59.5%
Combinational        8.071333e-06 8.085244e-06 6.934003e-08 1.622592e-05   9.3%
Clock                1.890376e-05 3.551074e-05 7.896977e-08 5.449347e-05  31.2%
Macro                0.000000e+00 0.000000e+00 0.000000e+00 0.000000e+00   0.0%
Pad                  0.000000e+00 0.000000e+00 0.000000e+00 0.000000e+00   0.0%
------------------------------------------------------------------------
Total                1.269634e-04 4.746770e-05 2.163030e-07 1.746474e-04 100.0%
                            72.7%        27.2%         0.1%
ACT_END
ACT_BEGIN raw-streaming steady
Annotated 5371 pin activities.
vcd          5371
unannotated     0
Group                    Internal    Switching      Leakage        Total
                            Power        Power        Power        Power (Watts)
------------------------------------------------------------------------
Sequential           1.044796e-04 5.868893e-06 7.158681e-08 1.104201e-04  58.8%
Combinational        1.140028e-05 1.145856e-05 7.048852e-08 2.292933e-05  12.2%
Clock                1.890376e-05 3.551074e-05 7.896977e-08 5.449347e-05  29.0%
Macro                0.000000e+00 0.000000e+00 0.000000e+00 0.000000e+00   0.0%
Pad                  0.000000e+00 0.000000e+00 0.000000e+00 0.000000e+00   0.0%
------------------------------------------------------------------------
Total                1.347836e-04 5.283820e-05 2.210452e-07 1.878428e-04 100.0%
                            71.8%        28.1%         0.1%
ACT_END
