
Note: Compatibility modes selected: hs a


Circuit: * sampler-dff-setup-hold @ sf_125c_3.63v -- generated by sim/harness, do not edit

Doing analysis at TEMP = 125.000000 and TNOM = 27.000000

Using SPARSE 1.3 as Direct Linear Solver

Initial Transient Solution
--------------------------

Node                                   Voltage
----                                   -------
vdd                                       3.63
rst_n                                        0
clk                                          0
d                                            0
xdut.clkb                                 3.63
xdut.rst                                  3.63
xdut.m                             2.01006e-08
xdut.mb                                   3.63
xdut.mc                            4.79839e-07
xdut.s                                    3.63
q                                  4.52568e-07
xdut.qb                                   3.63
vth                                      1.815
bvth#branch                                  0
vd#branch                           6.4844e-12
vclk#branch                                  0
vrst#branch                                  0
vdd#branch                        -2.90118e-10

 Reference value :  0.00000e+00
 Reference value :  1.72280e-07
 Reference value :  3.48012e-07
 Reference value :  5.26812e-07
 Reference value :  7.09312e-07
 Reference value :  8.83502e-07
 Reference value :  1.06110e-06
 Reference value :  1.23740e-06
 Reference value :  1.37941e-06
 Reference value :  1.50661e-06
 Reference value :  1.64621e-06
 Reference value :  1.76791e-06
 Reference value :  1.93174e-06
 Reference value :  2.11494e-06
 Reference value :  2.28354e-06
 Reference value :  2.45980e-06
 Reference value :  2.63630e-06
 Reference value :  2.80901e-06
 Reference value :  2.98001e-06
 Reference value :  3.16241e-06
 Reference value :  3.32753e-06
 Reference value :  3.50153e-06
 Reference value :  3.67073e-06
 Reference value :  3.84774e-06
 Reference value :  4.02664e-06
 Reference value :  4.20454e-06
 Reference value :  4.38701e-06
 Reference value :  4.60774e-06
 Reference value :  4.81924e-06
 Reference value :  4.99064e-06
 Reference value :  5.17624e-06
 Reference value :  5.35553e-06
 Reference value :  5.53093e-06
 Reference value :  5.70213e-06
 Reference value :  5.86894e-06
 Reference value :  6.04144e-06
 Reference value :  6.22404e-06
 Reference value :  6.39331e-06
No. of Data Rows : 65269
tclk1               =  3.00001e-07
tclk2               =  1.30000e-06
tq_r1               =  3.00129e-07
tq_f1               =  1.30016e-06
q_rst               =  4.52568e-07
q_e1                =  3.63001e+00
q_e2                =  -2.67842e-06
q_e3a               =  1.47696e-04
q_e3b               =  -6.62362e-06
q_e3c               =  -6.33761e-06
q_e4                =  2.37599e-06
q_e5a               =  5.32909e-04
q_e5b               =  4.74386e-06
q_e5c               =  4.56256e-06
q_e6                =  2.37605e-06
q_e7a               =  3.63340e+00
q_e7b               =  3.63001e+00
q_e7c               =  3.63001e+00
m_tpd_clk_q_rise_s = 1.2900000000e-10
m_tpd_clk_q_fall_s = 1.6000000000e-10
m_q_rst_v = 4.5256840000e-07
m_q_e1_v = 3.6300090000e+00
m_q_e2_v = -2.678419000e-06
m_q_e4_v = 2.3759890000e-06
m_q_e3_1ns_v = 1.4769650000e-04
m_q_e3_10ns_v = -6.623615000e-06
m_q_e3_100ns_v = -6.337610000e-06
m_q_e3_drift_v = -1.540341100e-04
m_q_e3_rail_dev_v = -6.337610000e-06
m_q_e5_1ns_v = 5.3290910000e-04
m_q_e5_10ns_v = 4.7438620000e-06
m_q_e5_100ns_v = 4.5625610000e-06
m_q_e5_drift_v = -5.283465390e-04
m_q_e5_rail_dev_v = 4.5625609999e-06
m_q_e6_v = 2.3760510000e-06
m_q_e7_1ns_v = 3.6333980000e+00
m_q_e7_10ns_v = 3.6300090000e+00
m_q_e7_100ns_v = 3.6300090000e+00
m_q_e7_drift_v = -3.389000000e-03
m_q_e7_rail_dev_v = -8.999996948e-06
Note: Simulation executed from .control section 

Warning: m=xx on .subckt line will override multiplier m hierarchy!

