
Note: Compatibility modes selected: hs a


Circuit: * ro-inv-05stage-power @ tt_125c_3.63v -- generated by sim/harness, do not edit

Doing analysis at TEMP = 125.000000 and TNOM = 27.000000

Using SPARSE 1.3 as Direct Linear Solver

Initial Transient Solution
--------------------------

Node                                   Voltage
----                                   -------
vdd                                       3.63
n2                                        3.63
n1                                           0
n3                                 4.93811e-08
n4                                        3.63
n5                                 4.93811e-08
q                                   5.2185e-14
xing                                    -1.815
bxing#branch                                 0
vdd#branch                         -0.00052185

 Reference value :  0.00000e+00
 Reference value :  3.96928e-09
 Reference value :  7.70428e-09
 Reference value :  1.15453e-08
 Reference value :  1.54453e-08
 Reference value :  1.91763e-08
 Reference value :  2.31253e-08
 Reference value :  2.69923e-08
 Reference value :  3.06823e-08
 Reference value :  3.46493e-08
 Reference value :  3.84443e-08
 Reference value :  4.22153e-08
No. of Data Rows : 45008
t1                  =  1.39475e-09
t2                  =  1.22300e-08
t3                  =  2.30653e-08
q1                  =  4.89343e-04
q2                  =  4.29897e-03
q3                  =  8.10860e-03
m_period = 6.7720490625e-10
m_f_osc = 1.4766579373e+09
m_i_supply_a = 3.5159510205e-04
m_p_active_w = 1.2762902205e-03
m_e_per_cycle_j = 8.6430999909e-13
m_c_eff_node_f = 1.3118563533e-14
m_i_supply_first16_a = 3.5159513688e-04
m_i_supply_last16_a = 3.5159506722e-04
Note: Simulation executed from .control section 

Warning: m=xx on .subckt line will override multiplier m hierarchy!

