
Note: Compatibility modes selected: hs a


Circuit: * ro-inv-05stage-jitter @ ff_125c_3.63v -- generated by sim/harness, do not edit

Doing analysis at TEMP = 125.000000 and TNOM = 27.000000

Using SPARSE 1.3 as Direct Linear Solver

Initial Transient Solution
--------------------------

Node                                   Voltage
----                                   -------
vdd                                       3.63
n2                                     3.62999
g1                                           0
n3                                 4.73467e-07
g2                                     3.62999
n4                                     3.62999
g3                                 4.73467e-07
n5                                 4.73467e-07
g4                                     3.62999
n1                                           0
g5                                 4.73467e-07
xing                                    -1.815
xs40                                    -1.452
xs60                                    -2.178
bs60#branch                                  0
bs40#branch                                  0
bxing#branch                                 0
vn5#branch                                   0
vn4#branch                                   0
vn3#branch                                   0
vn2#branch                                   0
vn1#branch                                   0
vdd#branch                        -0.000602666

 Reference value :  6.44500e-10
 Reference value :  4.08750e-09
 Reference value :  7.52550e-09
 Reference value :  1.07075e-08
 Reference value :  1.41555e-08
 Reference value :  1.73800e-08
 Reference value :  2.05300e-08
 Reference value :  2.33915e-08
 Reference value :  2.62375e-08
 Reference value :  2.94107e-08
 Reference value :  3.33345e-08
 Reference value :  3.62015e-08
 Reference value :  3.92975e-08
 Reference value :  4.24635e-08
 Reference value :  4.51000e-08
 Reference value :  4.79400e-08
 Reference value :  5.06407e-08
 Reference value :  5.37801e-08
 Reference value :  5.67201e-08
 Reference value :  5.97845e-08
 Reference value :  6.27835e-08
 Reference value :  6.60703e-08
 Reference value :  6.89001e-08
 Reference value :  7.17015e-08
 Reference value :  7.43845e-08
 Reference value :  7.74792e-08
 Reference value :  8.03207e-08
 Reference value :  8.34425e-08
 Reference value :  8.61375e-08
 Reference value :  8.90801e-08
 Reference value :  9.18007e-08
 Reference value :  9.47107e-08
 Reference value :  9.77675e-08
 Reference value :  1.00835e-07
 Reference value :  1.04500e-07
 Reference value :  1.07610e-07
 Reference value :  1.10596e-07
 Reference value :  1.13200e-07
 Reference value :  1.16156e-07
 Reference value :  1.19082e-07
 Reference value :  1.21735e-07
 Reference value :  1.24497e-07
 Reference value :  1.27318e-07
 Reference value :  1.30731e-07
 Reference value :  1.33971e-07
 Reference value :  1.36924e-07
 Reference value :  1.40181e-07
 Reference value :  1.43098e-07
 Reference value :  1.45907e-07
 Reference value :  1.48711e-07
 Reference value :  1.53212e-07
 Reference value :  1.55856e-07
 Reference value :  1.58864e-07
 Reference value :  1.61961e-07
 Reference value :  1.65173e-07
 Reference value :  1.68326e-07
No. of Data Rows : 221009
ts40                =  2.31863e-09
ts60                =  2.33696e-09
tk                  =  6.07943e-10
tk                  =  1.18106e-09
tk                  =  1.75427e-09
tk                  =  2.32737e-09
tk                  =  2.90042e-09
tk                  =  3.47344e-09
tk                  =  4.04661e-09
tk                  =  4.61974e-09
tk                  =  5.19281e-09
tk                  =  5.76598e-09
tk                  =  6.33922e-09
tk                  =  6.91245e-09
tk                  =  7.48557e-09
tk                  =  8.05877e-09
tk                  =  8.63192e-09
tk                  =  9.20498e-09
tk                  =  9.77798e-09
tk                  =  1.03511e-08
tk                  =  1.09243e-08
tk                  =  1.14974e-08
tk                  =  1.20706e-08
tk                  =  1.26437e-08
tk                  =  1.32169e-08
tk                  =  1.37901e-08
tk                  =  1.43631e-08
tk                  =  1.49363e-08
tk                  =  1.55094e-08
tk                  =  1.60826e-08
tk                  =  1.66557e-08
tk                  =  1.72288e-08
tk                  =  1.78019e-08
tk                  =  1.83751e-08
tk                  =  1.89481e-08
tk                  =  1.95212e-08
tk                  =  2.00944e-08
tk                  =  2.06676e-08
tk                  =  2.12407e-08
tk                  =  2.18139e-08
tk                  =  2.23870e-08
tk                  =  2.29602e-08
tk                  =  2.35333e-08
tk                  =  2.41065e-08
tk                  =  2.46797e-08
tk                  =  2.52528e-08
tk                  =  2.58261e-08
tk                  =  2.63993e-08
tk                  =  2.69726e-08
tk                  =  2.75457e-08
tk                  =  2.81187e-08
tk                  =  2.86920e-08
tk                  =  2.92651e-08
tk                  =  2.98384e-08
tk                  =  3.04116e-08
tk                  =  3.09848e-08
tk                  =  3.15580e-08
tk                  =  3.21311e-08
tk                  =  3.27043e-08
tk                  =  3.32774e-08
tk                  =  3.38504e-08
tk                  =  3.44235e-08
tk                  =  3.49966e-08
tk                  =  3.55697e-08
tk                  =  3.61427e-08
tk                  =  3.67159e-08
tk                  =  3.72890e-08
tk                  =  3.78620e-08
tk                  =  3.84353e-08
tk                  =  3.90083e-08
tk                  =  3.95816e-08
tk                  =  4.01548e-08
tk                  =  4.07278e-08
tk                  =  4.13010e-08
tk                  =  4.18741e-08
tk                  =  4.24472e-08
tk                  =  4.30204e-08
tk                  =  4.35935e-08
tk                  =  4.41667e-08
tk                  =  4.47398e-08
tk                  =  4.53130e-08
tk                  =  4.58860e-08
tk                  =  4.64592e-08
tk                  =  4.70324e-08
tk                  =  4.76055e-08
tk                  =  4.81786e-08
tk                  =  4.87518e-08
tk                  =  4.93249e-08
tk                  =  4.98980e-08
tk                  =  5.04712e-08
tk                  =  5.10445e-08
tk                  =  5.16175e-08
tk                  =  5.21906e-08
tk                  =  5.27639e-08
tk                  =  5.33371e-08
tk                  =  5.39100e-08
tk                  =  5.44832e-08
tk                  =  5.50564e-08
tk                  =  5.56296e-08
tk                  =  5.62029e-08
tk                  =  5.67762e-08
tk                  =  5.73493e-08
tk                  =  5.79225e-08
tk                  =  5.84956e-08
tk                  =  5.90688e-08
tk                  =  5.96420e-08
tk                  =  6.02152e-08
tk                  =  6.07883e-08
tk                  =  6.13614e-08
tk                  =  6.19346e-08
tk                  =  6.25077e-08
tk                  =  6.30808e-08
tk                  =  6.36540e-08
tk                  =  6.42271e-08
tk                  =  6.48002e-08
tk                  =  6.53732e-08
tk                  =  6.59464e-08
tk                  =  6.65195e-08
tk                  =  6.70926e-08
tk                  =  6.76658e-08
tk                  =  6.82390e-08
tk                  =  6.88122e-08
tk                  =  6.93853e-08
tk                  =  6.99585e-08
tk                  =  7.05318e-08
tk                  =  7.11048e-08
tk                  =  7.16778e-08
tk                  =  7.22510e-08
tk                  =  7.28243e-08
tk                  =  7.33974e-08
tk                  =  7.39704e-08
m_period = 5.7314427656e-10
m_f_osc = 1.7447613819e+09
m_slew_v_per_s = 3.9602880210e+10
m_sigma_1 = 7.9782468507e-14
m_sigma_2 = 1.0872816197e-13
m_sigma_4 = 1.5216919781e-13
m_sigma_8 = 2.1679418387e-13
m_sigma_16 = 3.0977457944e-13
m_sigma_32 = 3.7184972323e-13
Note: Simulation executed from .control section 

Warning: m=xx on .subckt line will override multiplier m hierarchy!

