
Note: Compatibility modes selected: hs a


Circuit: * sampler-dff-setup-hold @ tt_125c_3.63v -- generated by sim/harness, do not edit

Doing analysis at TEMP = 125.000000 and TNOM = 27.000000

Using SPARSE 1.3 as Direct Linear Solver

Initial Transient Solution
--------------------------

Node                                   Voltage
----                                   -------
vdd                                       3.63
rst_n                                        0
clk                                          0
d                                            0
xdut.clkb                                 3.63
xdut.rst                                  3.63
xdut.m                             1.86864e-08
xdut.mb                                   3.63
xdut.mc                            1.09914e-07
xdut.s                                    3.63
q                                  8.47617e-08
xdut.qb                                   3.63
vth                                      1.815
bvth#branch                                  0
vd#branch                          6.48853e-12
vclk#branch                                  0
vrst#branch                                  0
vdd#branch                        -7.46045e-10

 Reference value :  0.00000e+00
 Reference value :  1.47169e-07
 Reference value :  3.04907e-07
 Reference value :  4.67907e-07
 Reference value :  6.27307e-07
 Reference value :  7.86507e-07
 Reference value :  9.42909e-07
 Reference value :  1.11011e-06
 Reference value :  1.28231e-06
 Reference value :  1.40460e-06
 Reference value :  1.52680e-06
 Reference value :  1.64730e-06
 Reference value :  1.77410e-06
 Reference value :  1.93165e-06
 Reference value :  2.11125e-06
 Reference value :  2.29025e-06
 Reference value :  2.46698e-06
 Reference value :  2.64528e-06
 Reference value :  2.81792e-06
 Reference value :  2.98692e-06
 Reference value :  3.16162e-06
 Reference value :  3.33031e-06
 Reference value :  3.50011e-06
 Reference value :  3.67211e-06
 Reference value :  3.84535e-06
 Reference value :  4.01595e-06
 Reference value :  4.18525e-06
 Reference value :  4.35261e-06
 Reference value :  4.52184e-06
 Reference value :  4.69514e-06
 Reference value :  4.86715e-06
 Reference value :  5.04335e-06
 Reference value :  5.21235e-06
 Reference value :  5.38981e-06
 Reference value :  5.56071e-06
 Reference value :  5.72831e-06
 Reference value :  5.90555e-06
 Reference value :  6.07775e-06
 Reference value :  6.25995e-06
 Reference value :  6.41731e-06
No. of Data Rows : 65271
tclk1               =  3.00001e-07
tclk2               =  1.30000e-06
tq_r1               =  3.00131e-07
tq_f1               =  1.30015e-06
q_rst               =  8.47617e-08
q_e1                =  3.63001e+00
q_e2                =  -5.93717e-06
q_e3a               =  6.71513e-05
q_e3b               =  -3.11902e-06
q_e3c               =  -2.99814e-06
q_e4                =  4.21498e-06
q_e5a               =  4.87163e-04
q_e5b               =  4.10123e-06
q_e5c               =  3.94634e-06
q_e6                =  4.21500e-06
q_e7a               =  3.63385e+00
q_e7b               =  3.63001e+00
q_e7c               =  3.63001e+00
m_tpd_clk_q_rise_s = 1.3010000000e-10
m_tpd_clk_q_fall_s = 1.4400000000e-10
m_q_rst_v = 8.4761730000e-08
m_q_e1_v = 3.6300060000e+00
m_q_e2_v = -5.937168000e-06
m_q_e4_v = 4.2149820000e-06
m_q_e3_1ns_v = 6.7151320000e-05
m_q_e3_10ns_v = -3.119021000e-06
m_q_e3_100ns_v = -2.998141000e-06
m_q_e3_drift_v = -7.014946100e-05
m_q_e3_rail_dev_v = -2.998141000e-06
m_q_e5_1ns_v = 4.8716270000e-04
m_q_e5_10ns_v = 4.1012300000e-06
m_q_e5_100ns_v = 3.9463390000e-06
m_q_e5_drift_v = -4.832163610e-04
m_q_e5_rail_dev_v = 3.9463390000e-06
m_q_e6_v = 4.2150040000e-06
m_q_e7_1ns_v = 3.6338460000e+00
m_q_e7_10ns_v = 3.6300070000e+00
m_q_e7_100ns_v = 3.6300060000e+00
m_q_e7_drift_v = -3.840000000e-03
m_q_e7_rail_dev_v = -5.999996948e-06
Note: Simulation executed from .control section 

Warning: m=xx on .subckt line will override multiplier m hierarchy!

