
Note: Compatibility modes selected: hs a


Circuit: * ro-inv-05stage-jitter @ ss_125c_2.97v -- generated by sim/harness, do not edit

Doing analysis at TEMP = 125.000000 and TNOM = 27.000000

Using SPARSE 1.3 as Direct Linear Solver

Initial Transient Solution
--------------------------

Node                                   Voltage
----                                   -------
vdd                                       2.97
n2                                        2.97
g1                                           0
n3                                 1.09792e-08
g2                                        2.97
n4                                        2.97
g3                                 1.09792e-08
n5                                 1.09792e-08
g4                                        2.97
n1                                           0
g5                                 1.09792e-08
xing                                    -1.485
xs40                                    -1.188
xs60                                    -1.782
bs60#branch                                  0
bs40#branch                                  0
bxing#branch                                 0
vn5#branch                                   0
vn4#branch                                   0
vn3#branch                                   0
vn2#branch                                   0
vn1#branch                                   0
vdd#branch                        -0.000299952

 Reference value :  1.70000e-10
 Reference value :  3.13350e-09
 Reference value :  6.12350e-09
 Reference value :  9.08850e-09
 Reference value :  1.20775e-08
 Reference value :  1.51535e-08
 Reference value :  1.82201e-08
 Reference value :  2.11545e-08
 Reference value :  2.41575e-08
 Reference value :  2.70392e-08
 Reference value :  3.00185e-08
 Reference value :  3.37600e-08
 Reference value :  3.66903e-08
 Reference value :  4.02985e-08
 Reference value :  4.35285e-08
 Reference value :  4.67745e-08
 Reference value :  4.98700e-08
 Reference value :  5.26900e-08
 Reference value :  5.57000e-08
 Reference value :  5.84915e-08
 Reference value :  6.12603e-08
 Reference value :  6.40275e-08
 Reference value :  6.69825e-08
 Reference value :  7.04592e-08
 Reference value :  7.34807e-08
 Reference value :  7.69365e-08
 Reference value :  8.02007e-08
 Reference value :  8.37275e-08
 Reference value :  8.71600e-08
 Reference value :  9.02400e-08
 Reference value :  9.32585e-08
 Reference value :  9.64703e-08
 Reference value :  9.96692e-08
 Reference value :  1.02654e-07
 Reference value :  1.05492e-07
 Reference value :  1.08670e-07
 Reference value :  1.11376e-07
 Reference value :  1.14576e-07
 Reference value :  1.17821e-07
 Reference value :  1.21049e-07
 Reference value :  1.24471e-07
 Reference value :  1.27663e-07
 Reference value :  1.30765e-07
 Reference value :  1.33994e-07
 Reference value :  1.37115e-07
 Reference value :  1.40118e-07
 Reference value :  1.43573e-07
 Reference value :  1.46651e-07
 Reference value :  1.49648e-07
 Reference value :  1.52456e-07
 Reference value :  1.55285e-07
 Reference value :  1.58451e-07
 Reference value :  1.61451e-07
 Reference value :  1.64497e-07
 Reference value :  1.67578e-07
No. of Data Rows : 221009
ts40                =  3.93306e-09
ts60                =  3.96176e-09
tk                  =  1.02952e-09
tk                  =  2.00213e-09
tk                  =  2.97437e-09
tk                  =  3.94684e-09
tk                  =  4.91939e-09
tk                  =  5.89178e-09
tk                  =  6.86438e-09
tk                  =  7.83663e-09
tk                  =  8.80898e-09
tk                  =  9.78114e-09
tk                  =  1.07534e-08
tk                  =  1.17257e-08
tk                  =  1.26981e-08
tk                  =  1.36705e-08
tk                  =  1.46428e-08
tk                  =  1.56152e-08
tk                  =  1.65877e-08
tk                  =  1.75603e-08
tk                  =  1.85326e-08
tk                  =  1.95048e-08
tk                  =  2.04774e-08
tk                  =  2.14498e-08
tk                  =  2.24221e-08
tk                  =  2.33943e-08
tk                  =  2.43667e-08
tk                  =  2.53391e-08
tk                  =  2.63114e-08
tk                  =  2.72838e-08
tk                  =  2.82563e-08
tk                  =  2.92285e-08
tk                  =  3.02010e-08
tk                  =  3.11733e-08
tk                  =  3.21456e-08
tk                  =  3.31181e-08
tk                  =  3.40904e-08
tk                  =  3.50627e-08
tk                  =  3.60353e-08
tk                  =  3.70079e-08
tk                  =  3.79802e-08
tk                  =  3.89525e-08
tk                  =  3.99248e-08
tk                  =  4.08972e-08
tk                  =  4.18696e-08
tk                  =  4.28420e-08
tk                  =  4.38144e-08
tk                  =  4.47869e-08
tk                  =  4.57595e-08
tk                  =  4.67319e-08
tk                  =  4.77045e-08
tk                  =  4.86768e-08
tk                  =  4.96492e-08
tk                  =  5.06217e-08
tk                  =  5.15940e-08
tk                  =  5.25665e-08
tk                  =  5.35389e-08
tk                  =  5.45112e-08
tk                  =  5.54835e-08
tk                  =  5.64559e-08
tk                  =  5.74284e-08
tk                  =  5.84008e-08
tk                  =  5.93732e-08
tk                  =  6.03456e-08
tk                  =  6.13180e-08
tk                  =  6.22903e-08
tk                  =  6.32626e-08
tk                  =  6.42350e-08
tk                  =  6.52074e-08
tk                  =  6.61796e-08
tk                  =  6.71520e-08
tk                  =  6.81243e-08
tk                  =  6.90967e-08
tk                  =  7.00691e-08
tk                  =  7.10413e-08
tk                  =  7.20139e-08
tk                  =  7.29864e-08
tk                  =  7.39585e-08
tk                  =  7.49308e-08
tk                  =  7.59031e-08
tk                  =  7.68755e-08
tk                  =  7.78482e-08
tk                  =  7.88207e-08
tk                  =  7.97931e-08
tk                  =  8.07655e-08
tk                  =  8.17377e-08
tk                  =  8.27101e-08
tk                  =  8.36825e-08
tk                  =  8.46550e-08
tk                  =  8.56272e-08
tk                  =  8.65996e-08
tk                  =  8.75717e-08
tk                  =  8.85439e-08
tk                  =  8.95161e-08
tk                  =  9.04887e-08
tk                  =  9.14608e-08
tk                  =  9.24333e-08
tk                  =  9.34057e-08
tk                  =  9.43780e-08
tk                  =  9.53505e-08
tk                  =  9.63230e-08
tk                  =  9.72954e-08
tk                  =  9.82676e-08
tk                  =  9.92401e-08
tk                  =  1.00213e-07
tk                  =  1.01185e-07
tk                  =  1.02157e-07
tk                  =  1.03129e-07
tk                  =  1.04102e-07
tk                  =  1.05074e-07
tk                  =  1.06047e-07
tk                  =  1.07019e-07
tk                  =  1.07991e-07
tk                  =  1.08963e-07
tk                  =  1.09936e-07
tk                  =  1.10908e-07
tk                  =  1.11881e-07
tk                  =  1.12853e-07
tk                  =  1.13825e-07
tk                  =  1.14798e-07
tk                  =  1.15770e-07
tk                  =  1.16743e-07
tk                  =  1.17715e-07
tk                  =  1.18687e-07
tk                  =  1.19660e-07
tk                  =  1.20632e-07
tk                  =  1.21604e-07
tk                  =  1.22577e-07
tk                  =  1.23549e-07
tk                  =  1.24521e-07
tk                  =  1.25494e-07
m_period = 9.7237717969e-10
m_f_osc = 1.0284075160e+09
m_slew_v_per_s = 2.0696864111e+10
m_sigma_1 = 1.2430679811e-13
m_sigma_2 = 1.6416828124e-13
m_sigma_4 = 2.2842526633e-13
m_sigma_8 = 3.0801724091e-13
m_sigma_16 = 3.9649839999e-13
m_sigma_32 = 6.5461778741e-13
Note: Simulation executed from .control section 

Warning: m=xx on .subckt line will override multiplier m hierarchy!

