
Note: Compatibility modes selected: hs a


Circuit: * ro-array-core-startup @ tt_-40c_3.63v -- generated by sim/harness, do not edit

Doing analysis at TEMP = -40.000000 and TNOM = 27.000000

Using SPARSE 1.3 as Direct Linear Solver

Initial Transient Solution
--------------------------

Node                                   Voltage
----                                   -------
vsup                                      3.63
en                                           0
xdut.xr1.xg.py                            3.63
xdut.xr1.n1                               3.63
xdut.rn1                                  3.63
xdut.xr1.xg.nm                         2.95648
xdut.xr1.xg.ny                     1.25375e-11
xdut.xr1.x1.py                            3.63
xdut.xr1.n2                        9.98741e-08
xdut.xr1.x1.ny                     8.34461e-08
xdut.xr1.x2.py                            3.63
xdut.xr1.n3                               3.63
xdut.xr1.x2.ny                     5.47523e-11
xdut.xr1.x3.py                            3.63
xdut.xr1.n4                        9.98742e-08
xdut.xr1.x3.ny                     8.34461e-08
xdut.xr1.x4.py                            3.63
xdut.xr1.n5                               3.63
xdut.xr1.x4.ny                     5.47523e-11
xdut.xr1.x5.py                            3.63
xdut.xr1.n6                        9.98741e-08
xdut.xr1.x5.ny                     8.34461e-08
xdut.xr1.x6.py                            3.63
xdut.xr1.n7                               3.63
xdut.xr1.x6.ny                     5.47523e-11
xdut.xr1.x7.py                            3.63
xdut.xr1.n8                        9.98741e-08
xdut.xr1.x7.ny                     8.34461e-08
xdut.xr1.x8.py                            3.63
xdut.xr1.n9                               3.63
xdut.xr1.x8.ny                     5.47523e-11
xdut.xr1.x9.py                            3.63
xdut.xr1.n10                       9.98742e-08
xdut.xr1.x9.ny                     8.34461e-08
xdut.xr1.x10.py                           3.63
xdut.xr1.x10.ny                    5.47523e-11
xdut.xr2.xg.py                            3.63
xdut.xr2.n1                               3.63
xdut.rn2                                  3.63
xdut.xr2.xg.nm                         2.95648
xdut.xr2.xg.ny                     1.16481e-11
xdut.xr2.x1.py                            3.63
xdut.xr2.n2                        9.39557e-08
xdut.xr2.x1.ny                     7.75276e-08
xdut.xr2.x2.py                            3.63
xdut.xr2.n3                               3.63
xdut.xr2.x2.ny                     5.08689e-11
xdut.xr2.x3.py                            3.63
xdut.xr2.n4                        9.39557e-08
xdut.xr2.x3.ny                     7.75276e-08
xdut.xr2.x4.py                            3.63
xdut.xr2.n5                               3.63
xdut.xr2.x4.ny                     5.08689e-11
xdut.xr2.x5.py                            3.63
xdut.xr2.n6                        9.39557e-08
xdut.xr2.x5.ny                     7.75276e-08
xdut.xr2.x6.py                            3.63
xdut.xr2.n7                               3.63
xdut.xr2.x6.ny                     5.08689e-11
xdut.xr2.x7.py                            3.63
xdut.xr2.n8                        9.39557e-08
xdut.xr2.x7.ny                     7.75276e-08
xdut.xr2.x8.py                            3.63
xdut.xr2.n9                               3.63
xdut.xr2.x8.ny                     5.08689e-11
xdut.xr2.x9.py                            3.63
xdut.xr2.n10                       9.39557e-08
xdut.xr2.x9.ny                     7.75276e-08
xdut.xr2.x10.py                           3.63
xdut.xr2.x10.ny                    5.08689e-11
ro1                                1.64281e-08
ro2                                1.64281e-08
xdut.xa1.an                               3.63
xdut.xa1.bn                               3.63
xdut.xa1.mid                              3.63
xo                                 4.06818e-08
xdut.xa1.s1                        1.44094e-11
xdut.xa1.s2                        2.03409e-08
vth                                      1.815
bvth#branch                                  0
ven#branch                                   0
vsup#branch                        -1.1483e-10

 Reference value :  0.00000e+00
 Reference value :  7.04560e-10
 Reference value :  1.40456e-09
 Reference value :  2.09856e-09
 Reference value :  2.80856e-09
 Reference value :  3.51056e-09
 Reference value :  4.24656e-09
 Reference value :  4.96256e-09
 Reference value :  5.67717e-09
 Reference value :  6.73717e-09
 Reference value :  7.77717e-09
 Reference value :  8.69517e-09
 Reference value :  9.51917e-09
 Reference value :  1.03852e-08
 Reference value :  1.12632e-08
 Reference value :  1.20852e-08
 Reference value :  1.30472e-08
 Reference value :  1.39632e-08
 Reference value :  1.47712e-08
 Reference value :  1.54872e-08
 Reference value :  1.62492e-08
 Reference value :  1.69652e-08
 Reference value :  1.78592e-08
 Reference value :  1.86152e-08
 Reference value :  1.93112e-08
 Reference value :  2.00312e-08
 Reference value :  2.07292e-08
 Reference value :  2.14972e-08
 Reference value :  2.21912e-08
 Reference value :  2.30292e-08
 Reference value :  2.38572e-08
 Reference value :  2.46132e-08
 Reference value :  2.53552e-08
 Reference value :  2.60772e-08
 Reference value :  2.68332e-08
 Reference value :  2.75952e-08
 Reference value :  2.82972e-08
 Reference value :  2.90232e-08
 Reference value :  2.97412e-08
 Reference value :  3.04632e-08
 Reference value :  3.13312e-08
 Reference value :  3.21432e-08
 Reference value :  3.29432e-08
 Reference value :  3.37112e-08
 Reference value :  3.44332e-08
 Reference value :  3.51252e-08
 Reference value :  3.58492e-08
 Reference value :  3.65472e-08
 Reference value :  3.72912e-08
 Reference value :  3.79952e-08
 Reference value :  3.87572e-08
 Reference value :  3.94772e-08
 Reference value :  4.02092e-08
 Reference value :  4.09432e-08
 Reference value :  4.16772e-08
 Reference value :  4.23852e-08
 Reference value :  4.31672e-08
 Reference value :  4.38872e-08
 Reference value :  4.46032e-08
 Reference value :  4.53192e-08
 Reference value :  4.60152e-08
 Reference value :  4.67092e-08
 Reference value :  4.74252e-08
 Reference value :  4.81352e-08
 Reference value :  4.88412e-08
 Reference value :  4.95372e-08
 Reference value :  5.03092e-08
 Reference value :  5.11212e-08
 Reference value :  5.18732e-08
 Reference value :  5.27172e-08
 Reference value :  5.35392e-08
 Reference value :  5.42732e-08
 Reference value :  5.51292e-08
 Reference value :  5.59352e-08
 Reference value :  5.68032e-08
 Reference value :  5.76072e-08
 Reference value :  5.85072e-08
 Reference value :  5.93032e-08
 Reference value :  6.00412e-08
 Reference value :  6.08172e-08
 Reference value :  6.15972e-08
 Reference value :  6.24052e-08
 Reference value :  6.31772e-08
 Reference value :  6.39512e-08
 Reference value :  6.46832e-08
 Reference value :  6.54972e-08
 Reference value :  6.61892e-08
 Reference value :  6.68712e-08
 Reference value :  6.75572e-08
 Reference value :  6.82692e-08
 Reference value :  6.89512e-08
 Reference value :  6.96932e-08
 Reference value :  7.03932e-08
 Reference value :  7.11512e-08
 Reference value :  7.18652e-08
 Reference value :  7.25752e-08
 Reference value :  7.32832e-08
 Reference value :  7.40472e-08
 Reference value :  7.48092e-08
 Reference value :  7.55232e-08
 Reference value :  7.62312e-08
 Reference value :  7.69412e-08
 Reference value :  7.76792e-08
 Reference value :  7.83832e-08
 Reference value :  7.91072e-08
 Reference value :  7.98112e-08
 Reference value :  8.05232e-08
 Reference value :  8.12132e-08
 Reference value :  8.19792e-08
 Reference value :  8.27132e-08
 Reference value :  8.34232e-08
 Reference value :  8.41532e-08
 Reference value :  8.48692e-08
 Reference value :  8.55832e-08
 Reference value :  8.64072e-08
 Reference value :  8.72032e-08
 Reference value :  8.79672e-08
 Reference value :  8.87472e-08
 Reference value :  8.96072e-08
 Reference value :  9.04092e-08
 Reference value :  9.12612e-08
 Reference value :  9.20452e-08
 Reference value :  9.28152e-08
 Reference value :  9.35352e-08
 Reference value :  9.42292e-08
 Reference value :  9.49412e-08
 Reference value :  9.56332e-08
 Reference value :  9.63412e-08
 Reference value :  9.71132e-08
 Reference value :  9.77972e-08
 Reference value :  9.86212e-08
 Reference value :  9.93352e-08
 Reference value :  1.00027e-07
 Reference value :  1.00751e-07
 Reference value :  1.01441e-07
 Reference value :  1.02123e-07
 Reference value :  1.02809e-07
 Reference value :  1.03519e-07
 Reference value :  1.04255e-07
 Reference value :  1.04967e-07
 Reference value :  1.05651e-07
 Reference value :  1.06341e-07
 Reference value :  1.07031e-07
 Reference value :  1.07745e-07
 Reference value :  1.08451e-07
 Reference value :  1.09177e-07
 Reference value :  1.09923e-07
 Reference value :  1.10763e-07
 Reference value :  1.11575e-07
 Reference value :  1.12427e-07
 Reference value :  1.13289e-07
 Reference value :  1.14085e-07
 Reference value :  1.14921e-07
 Reference value :  1.15683e-07
 Reference value :  1.16535e-07
 Reference value :  1.17339e-07
 Reference value :  1.18075e-07
 Reference value :  1.18789e-07
 Reference value :  1.19539e-07
 Reference value :  1.20257e-07
 Reference value :  1.20985e-07
 Reference value :  1.21689e-07
 Reference value :  1.22389e-07
 Reference value :  1.23085e-07
 Reference value :  1.23779e-07
 Reference value :  1.24501e-07
 Reference value :  1.25213e-07
 Reference value :  1.25895e-07
 Reference value :  1.26599e-07
 Reference value :  1.27289e-07
 Reference value :  1.27971e-07
 Reference value :  1.28659e-07
 Reference value :  1.29359e-07
 Reference value :  1.30065e-07
 Reference value :  1.30771e-07
 Reference value :  1.31525e-07
 Reference value :  1.32251e-07
 Reference value :  1.32957e-07
 Reference value :  1.33693e-07
 Reference value :  1.34423e-07
 Reference value :  1.35143e-07
 Reference value :  1.35891e-07
 Reference value :  1.36605e-07
 Reference value :  1.37317e-07
 Reference value :  1.38047e-07
 Reference value :  1.38755e-07
 Reference value :  1.39449e-07
 Reference value :  1.40229e-07
 Reference value :  1.41003e-07
 Reference value :  1.42183e-07
 Reference value :  1.43227e-07
 Reference value :  1.44267e-07
 Reference value :  1.45113e-07
 Reference value :  1.45837e-07
 Reference value :  1.46549e-07
 Reference value :  1.47237e-07
 Reference value :  1.47931e-07
 Reference value :  1.48641e-07
 Reference value :  1.49331e-07
 Reference value :  1.50067e-07
 Reference value :  1.50785e-07
 Reference value :  1.51583e-07
 Reference value :  1.52345e-07
 Reference value :  1.53053e-07
 Reference value :  1.53791e-07
 Reference value :  1.54531e-07
 Reference value :  1.55221e-07
 Reference value :  1.55917e-07
 Reference value :  1.56625e-07
 Reference value :  1.57631e-07
 Reference value :  1.58931e-07
 Reference value :  1.59625e-07
 Reference value :  1.60307e-07
 Reference value :  1.61049e-07
 Reference value :  1.61955e-07
 Reference value :  1.62823e-07
 Reference value :  1.63673e-07
 Reference value :  1.64519e-07
 Reference value :  1.65481e-07
 Reference value :  1.66429e-07
 Reference value :  1.67377e-07
 Reference value :  1.68773e-07
 Reference value :  1.69673e-07
 Reference value :  1.70483e-07
 Reference value :  1.71417e-07
 Reference value :  1.72153e-07
 Reference value :  1.72847e-07
 Reference value :  1.73635e-07
 Reference value :  1.74353e-07
 Reference value :  1.75185e-07
 Reference value :  1.76081e-07
 Reference value :  1.76817e-07
 Reference value :  1.77609e-07
 Reference value :  1.78505e-07
 Reference value :  1.79787e-07
No. of Data Rows : 90016
t1r1                =  9.82131e-09
t2r1                =  1.45851e-08
t3r1                =  1.93484e-08
t4r1                =  2.41115e-08
t5r1                =  2.88746e-08
t6r1                =  3.36377e-08
t7r1                =  3.84008e-08
t8r1                =  4.31651e-08
t9r1                =  4.79259e-08
t10r1               =  5.26882e-08
t1r2                =  9.51970e-09
t2r2                =  1.39859e-08
t3r2                =  1.84520e-08
t4r2                =  2.29181e-08
t5r2                =  2.73843e-08
t6r2                =  3.18503e-08
t7r2                =  3.63165e-08
t8r2                =  4.07829e-08
t9r2                =  4.52489e-08
t10r2               =  4.97149e-08
t1xo                =  7.34417e-09
t2xo                =  9.68671e-09
t3xo                =  1.18109e-08
t4xo                =  1.41520e-08
vhi_early           =  3.67932e+00 at=  4.50192e-08
vlo_early           =  -6.07161e-02 at=  4.74332e-08
vhi_late            =  3.67951e+00 at=  1.59319e-07
vlo_late            =  -5.75979e-02 at=  1.61733e-07
vxhi_early          =  3.75064e+00 at=  4.53892e-08
vxlo_early          =  -5.52482e-02 at=  2.06672e-08
vxhi_late           =  3.69431e+00 at=  1.67103e-07
vxlo_late           =  -5.55901e-02 at=  1.54651e-07
v_off_ro1           =  3.63000e+00
v_off_xo            =  4.06818e-08
m_en_assert_s = 5.0000000000e-09
m_t1r1_s = 9.8213050000e-09
m_t2r1_s = 1.4585140000e-08
m_t3r1_s = 1.9348360000e-08
m_t4r1_s = 2.4111490000e-08
m_t5r1_s = 2.8874610000e-08
m_t6r1_s = 3.3637730000e-08
m_t7r1_s = 3.8400820000e-08
m_t8r1_s = 4.3165070000e-08
m_t9r1_s = 4.7925950000e-08
m_t10r1_s = 5.2688220000e-08
m_t1r2_s = 9.5196970000e-09
m_t2r2_s = 1.3985850000e-08
m_t3r2_s = 1.8452000000e-08
m_t4r2_s = 2.2918150000e-08
m_t5r2_s = 2.7384280000e-08
m_t6r2_s = 3.1850310000e-08
m_t7r2_s = 3.6316490000e-08
m_t8r2_s = 4.0782870000e-08
m_t9r2_s = 4.5248890000e-08
m_t10r2_s = 4.9714920000e-08
m_t1xo_s = 7.3441740000e-09
m_t2xo_s = 9.6867140000e-09
m_t3xo_s = 1.1810940000e-08
m_t4xo_s = 1.4152010000e-08
m_ring_swing_early_v = 3.7400380600e+00
m_ring_swing_late_v = 3.7371028500e+00
m_xo_swing_early_v = 3.8058841500e+00
m_xo_swing_late_v = 3.7498961300e+00
m_v_ro1_off_v = 3.6300000000e+00
m_v_xo_off_v = 4.0681760000e-08
Note: Simulation executed from .control section 

Warning: m=xx on .subckt line will override multiplier m hierarchy!

Note: Starting dynamic gmin stepping
Warning: Dynamic gmin stepping failed
Note: Starting true gmin stepping
Note: True gmin stepping completed
