
Note: Compatibility modes selected: hs a


Circuit: * sampler-dff-setup-hold @ sf_-40c_3.30v -- generated by sim/harness, do not edit

Doing analysis at TEMP = -40.000000 and TNOM = 27.000000

Using SPARSE 1.3 as Direct Linear Solver

Initial Transient Solution
--------------------------

Node                                   Voltage
----                                   -------
vdd                                        3.3
rst_n                                        0
clk                                          0
d                                            0
xdut.clkb                                  3.3
xdut.m                              3.2533e-08
xdut.mb                                    3.3
xdut.mmid                          2.36177e-05
xdut.mc                             3.2707e-08
xdut.s                                     3.3
q                                  1.63536e-08
xdut.qb                                    3.3
xdut.s2mid                         2.36176e-05
vth                                       1.65
bvth#branch                                  0
vd#branch                          9.93906e-12
vclk#branch                                  0
vrst#branch                                  0
vdd#branch                        -4.30448e-11

 Reference value :  0.00000e+00
 Reference value :  1.58945e-07
 Reference value :  3.18187e-07
 Reference value :  4.86187e-07
 Reference value :  6.52487e-07
 Reference value :  8.11076e-07
 Reference value :  9.80376e-07
 Reference value :  1.14798e-06
 Reference value :  1.30783e-06
 Reference value :  1.42543e-06
 Reference value :  1.56613e-06
 Reference value :  1.70173e-06
 Reference value :  1.84162e-06
 Reference value :  2.00692e-06
 Reference value :  2.17362e-06
 Reference value :  2.33608e-06
 Reference value :  2.50928e-06
 Reference value :  2.68088e-06
 Reference value :  2.84218e-06
 Reference value :  3.00788e-06
 Reference value :  3.17898e-06
 Reference value :  3.34662e-06
 Reference value :  3.51392e-06
 Reference value :  3.67712e-06
 Reference value :  3.85102e-06
 Reference value :  4.02482e-06
 Reference value :  4.18802e-06
 Reference value :  4.34700e-06
 Reference value :  4.51144e-06
 Reference value :  4.67804e-06
 Reference value :  4.84291e-06
 Reference value :  5.00941e-06
 Reference value :  5.17641e-06
 Reference value :  5.33811e-06
 Reference value :  5.50041e-06
 Reference value :  5.66671e-06
 Reference value :  5.82992e-06
 Reference value :  5.99552e-06
 Reference value :  6.16452e-06
 Reference value :  6.32349e-06
 Reference value :  6.49059e-06
No. of Data Rows : 65279
tclk1               =  3.00001e-07
tclk2               =  1.30000e-06
tq_r1               =  3.00092e-07
tq_f1               =  1.30012e-06
q_rst               =  1.63535e-08
q_e1                =  3.30000e+00
q_e2                =  2.38839e-06
q_e3a               =  8.51382e-05
q_e3b               =  -3.18963e-06
q_e3c               =  -3.03600e-06
q_e4                =  2.23575e-06
q_e5a               =  3.30547e+00
q_e5b               =  3.30001e+00
q_e5c               =  3.30001e+00
q_e6                =  -1.14271e-05
q_e7a               =  3.30231e+00
q_e7b               =  3.30000e+00
q_e7c               =  3.30000e+00
m_tpd_clk_q_rise_s = 9.1300000000e-11
m_tpd_clk_q_fall_s = 1.1900000000e-10
m_q_rst_v = 1.6353540000e-08
m_q_e1_v = 3.3000000000e+00
m_q_e2_v = 2.3883870000e-06
m_q_e4_v = 2.2357540000e-06
m_q_e3_1ns_v = 8.5138220000e-05
m_q_e3_10ns_v = -3.189630000e-06
m_q_e3_100ns_v = -3.036001000e-06
m_q_e3_drift_v = -8.817422100e-05
m_q_e3_rail_dev_v = -3.036001000e-06
m_q_e5_1ns_v = 3.3054650000e+00
m_q_e5_10ns_v = 3.3000130000e+00
m_q_e5_100ns_v = 3.3000150000e+00
m_q_e5_drift_v = -5.450000000e-03
m_q_e5_rail_dev_v = -1.500000331e-05
m_q_e6_v = -1.142709000e-05
m_q_e7_1ns_v = 3.3023090000e+00
m_q_e7_10ns_v = 3.3000030000e+00
m_q_e7_100ns_v = 3.3000000000e+00
m_q_e7_drift_v = -2.309000000e-03
m_q_e7_rail_dev_v = -3.308020524e-12
Note: Simulation executed from .control section 

Warning: m=xx on .subckt line will override multiplier m hierarchy!

