
Note: Compatibility modes selected: hs a


Circuit: * ro-array-core-pvt-q-extracted-fullchip-control @ ss_125c_3.63v -- generated by sim/harness, do not edit

Doing analysis at TEMP = 125.000000 and TNOM = 27.000000

Using SPARSE 1.3 as Direct Linear Solver

Initial Transient Solution
--------------------------

Node                                   Voltage
----                                   -------
vsup                                      3.63
en                                        3.63
clk                                          0
rst_n                                     3.63
vddr1                                     3.63
vddr2                                     3.63
vdd                                       3.63
xdut.xr1.xcore.\$15                1.26599e-06
xdut.xr1.xcore.a\x7cy__t0                    0
xdut.xr1.xcore.a\x7cy__t02                3.63
vsubs                                0.0782192
xdut.xr1.xcore.vddr__t0                   3.63
xdut.xr1.xcore.vss__t0             2.45663e-09
xdut.xr1.xcore.\$17                3.46755e-07
xdut.xr1.xcore.a\x7cy__t32                3.63
xdut.xr1.xcore.a\x7cy__t13         3.97687e-07
xdut.xr1.xcore.vddr__t21                  3.63
xdut.xr1.xcore.vss__t21            5.63478e-10
xdut.xr1.xcore.\$18                1.26476e-06
xdut.xr1.xcore.a\x7cy__t33         3.97813e-07
xdut.xr1.xcore.a\x7cy__t14                3.63
xdut.xr1.xcore.vddr__t20                  3.63
xdut.xr1.xcore.vss__t20            1.22084e-09
xdut.xr1.xcore.\$20                3.46376e-07
xdut.xr1.xcore.a\x7cy__t34                3.63
xdut.xr1.xcore.a\x7cy__t15         3.97309e-07
xdut.xr1.xcore.vddr__t19                  3.63
xdut.xr1.xcore.vss__t19            1.85325e-10
xdut.xr1.xcore.\$21                1.26362e-06
xdut.xr1.xcore.a\x7cy__t35         3.97435e-07
xdut.xr1.xcore.a\x7cy__t16                3.63
xdut.xr1.xcore.vddr__t18                  3.63
xdut.xr1.xcore.vss__t18            7.64883e-11
xdut.xr1.xcore.\$22                3.46388e-07
xdut.xr1.xcore.a\x7cy__t36                3.63
xdut.xr1.xcore.a\x7cy__t17          3.9732e-07
xdut.xr1.xcore.vddr__t17                  3.63
xdut.xr1.xcore.vss__t17            1.96497e-10
xdut.xr1.xcore.\$24                 1.2648e-06
xdut.xr1.xcore.a\x7cy__t37         3.97446e-07
xdut.xr1.xcore.a\x7cy__t18                3.63
xdut.xr1.xcore.vddr__t16                  3.63
xdut.xr1.xcore.vss__t16            1.25749e-09
xdut.xr1.xcore.\$23                3.46766e-07
xdut.xr1.xcore.a\x7cy__t38                3.63
xdut.xr1.xcore.a\x7cy__t19         3.97698e-07
xdut.xr1.xcore.vddr__t15                  3.63
xdut.xr1.xcore.vss__t15            5.74722e-10
xdut.xr1.xcore.\$19                1.26604e-06
xdut.xr1.xcore.a\x7cy__t39         3.97824e-07
xdut.xr1.xcore.a\x7cy__t110               3.63
xdut.xr1.xcore.vddr__t14                  3.63
xdut.xr1.xcore.vss__t14            2.49335e-09
xdut.xr1.xcore.\$16                3.47145e-07
xdut.xr1.xcore.a\x7cy__t310               3.63
xdut.xr1.xcore.a\x7cy__t311        3.98077e-07
xdut.xr1.xcore.vddr__t13                  3.63
xdut.xr1.xcore.vss__t13            9.53639e-10
xdut.xr1.xcore.vss__t1             3.95635e-10
xdut.xr1.xcore.vddr__t1                   3.63
xdut.xr1.xcore.\$14                1.12648e-07
xdut.xr1.xcore.\$13                1.17711e-07
xdut.xr1.xcore.a\x7cy__t011        3.98222e-07
xdut.xr1.xcore.a\x7cy__t1           2.0161e-11
xdut.xr1.xcore.en__t0                     3.63
xdut.xr1.xcore.\$27__t1                1.71112
xdut.xr1.xcore.vss__t2                       0
xdut.xr1.xcore.vddr__t2                3.62924
xdut.xr1.xcore.\$28                    3.47699
xdut.xr1.xcore.a\x7cy__t3          0.000137941
xdut.xr1.xcore.a\x7cy__t111        3.98222e-07
xdut.xr1.xcore.\$27__t2                1.71111
xdut.xr1.xcore.\$27__t0                1.71111
xdut.xr1.xcore.en__t1                     3.63
xdut.xr1.xcore.a\x7cy__t4          4.30057e-11
xdut.xr1.xcore.vddr__t3                   3.63
xdut.xr1.xcore.vss__t3                       0
xdut.xr1.xcore.\$29                       3.63
xdut.xr1.xcore.\$30                    3.62986
xdut.xr1.xcore.a\x7cy__t2                    0
xdut.xr1.xcore.a\x7cy__t12                3.63
xdut.xr1.xcore.vddr__t12                  3.63
xdut.xr1.xcore.vss__t12                      0
xdut.xr1.xcore.\$31                       3.63
xdut.xr1.xcore.\$32                    3.53451
xdut.xr1.xcore.a\x7cy__t22                3.63
xdut.xr1.xcore.a\x7cy__t03         3.97939e-07
xdut.xr1.xcore.vddr__t11                  3.63
xdut.xr1.xcore.vss__t11                      0
xdut.xr1.xcore.\$33                       3.63
xdut.xr1.xcore.\$34                    3.62986
xdut.xr1.xcore.a\x7cy__t23         3.97813e-07
xdut.xr1.xcore.a\x7cy__t04                3.63
xdut.xr1.xcore.vddr__t10                  3.63
xdut.xr1.xcore.vss__t10                      0
xdut.xr1.xcore.\$35                       3.63
xdut.xr1.xcore.\$36                    3.53451
xdut.xr1.xcore.a\x7cy__t24                3.63
xdut.xr1.xcore.a\x7cy__t05         3.97561e-07
xdut.xr1.xcore.vddr__t9                   3.63
xdut.xr1.xcore.vss__t9                       0
xdut.xr1.xcore.\$37                       3.63
xdut.xr1.xcore.\$38                    3.62986
xdut.xr1.xcore.a\x7cy__t25         3.97435e-07
xdut.xr1.xcore.a\x7cy__t06                3.63
xdut.xr1.xcore.vddr__t8                   3.63
xdut.xr1.xcore.vss__t8                       0
xdut.xr1.xcore.\$39                       3.63
xdut.xr1.xcore.\$40                    3.53451
xdut.xr1.xcore.a\x7cy__t26                3.63
xdut.xr1.xcore.a\x7cy__t07         3.97572e-07
xdut.xr1.xcore.vddr__t7                   3.63
xdut.xr1.xcore.vss__t7                       0
xdut.xr1.xcore.\$41                       3.63
xdut.xr1.xcore.\$42                    3.62986
xdut.xr1.xcore.a\x7cy__t27         3.97446e-07
xdut.xr1.xcore.a\x7cy__t08                3.63
xdut.xr1.xcore.vddr__t6                   3.63
xdut.xr1.xcore.vss__t6                       0
xdut.xr1.xcore.\$43                       3.63
xdut.xr1.xcore.\$44                    3.53451
xdut.xr1.xcore.a\x7cy__t28                3.63
xdut.xr1.xcore.a\x7cy__t09         3.97951e-07
xdut.xr1.xcore.vddr__t5                   3.63
xdut.xr1.xcore.vss__t5                       0
xdut.xr1.xcore.\$45                       3.63
xdut.xr1.xcore.\$46                    3.62986
xdut.xr1.xcore.a\x7cy__t29         3.97824e-07
xdut.xr1.xcore.a\x7cy__t010               3.63
xdut.xr1.xcore.vddr__t4                   3.63
xdut.xr1.xcore.vss__t4                       0
xdut.xr1.xcore.\$47                       3.63
xdut.xr1.xcore.\$48                    3.53451
xdut.xr1.xcore.a\x7cy__t210               3.63
xdut.xr1.xcore.a\x7cy__t211        3.98368e-07
xdut.xr1.xcore.\$27                    1.71111
xdut.xr1.n1                                  0
xdut.xr1.n2                               3.63
xdut.xr1.n3                        3.97813e-07
xdut.xr1.n4                               3.63
xdut.xr1.n5                        3.97435e-07
xdut.xr1.n6                               3.63
xdut.xr1.n7                        3.97446e-07
xdut.xr1.n8                               3.63
xdut.xr1.n9                        3.97824e-07
xdut.xr1.n10                              3.63
xdut.rn1                           3.98222e-07
xdut.xr2.xcore.vss__t0             3.98042e-10
xdut.xr2.xcore.vddr__t0                   3.63
xdut.xr2.xcore.\$15                1.03787e-07
xdut.xr2.xcore.\$14                 1.0885e-07
xdut.xr2.xcore.a\x7cy__t2          3.83524e-07
xdut.xr2.xcore.a\x7cy__t02          2.0161e-11
xdut.xr2.xcore.en__t0                     3.63
xdut.xr2.xcore.\$17                1.18209e-06
xdut.xr2.xcore.a\x7cy__t12                   0
xdut.xr2.xcore.a\x7cy__t33                3.63
xdut.xr2.xcore.vss__t1             2.50647e-09
xdut.xr2.xcore.vddr__t1                   3.63
xdut.xr2.xcore.\$18                   3.32e-07
xdut.xr2.xcore.a\x7cy__t13                3.63
xdut.xr2.xcore.a\x7cy__t34         3.82973e-07
xdut.xr2.xcore.vss__t21            5.86417e-10
xdut.xr2.xcore.vddr__t21                  3.63
xdut.xr2.xcore.\$20                1.18084e-06
xdut.xr2.xcore.a\x7cy__t14         3.83099e-07
xdut.xr2.xcore.a\x7cy__t35                3.63
xdut.xr2.xcore.vss__t20            1.24561e-09
xdut.xr2.xcore.vddr__t20                  3.63
xdut.xr2.xcore.\$21                3.31607e-07
xdut.xr2.xcore.a\x7cy__t15                3.63
xdut.xr2.xcore.a\x7cy__t36         3.82579e-07
xdut.xr2.xcore.vss__t19            1.92869e-10
xdut.xr2.xcore.vddr__t19                  3.63
xdut.xr2.xcore.\$23                1.17967e-06
xdut.xr2.xcore.a\x7cy__t16         3.82706e-07
xdut.xr2.xcore.a\x7cy__t37                3.63
xdut.xr2.xcore.vss__t18            7.80401e-11
xdut.xr2.xcore.vddr__t18                  3.63
xdut.xr2.xcore.\$24                3.31618e-07
xdut.xr2.xcore.a\x7cy__t17                3.63
xdut.xr2.xcore.a\x7cy__t38         3.82591e-07
xdut.xr2.xcore.vss__t17            2.04496e-10
xdut.xr2.xcore.vddr__t17                  3.63
xdut.xr2.xcore.\$25                1.18088e-06
xdut.xr2.xcore.a\x7cy__t18         3.82717e-07
xdut.xr2.xcore.a\x7cy__t39                3.63
xdut.xr2.xcore.vss__t16            1.28301e-09
xdut.xr2.xcore.vddr__t16                  3.63
xdut.xr2.xcore.\$22                3.32012e-07
xdut.xr2.xcore.a\x7cy__t19                3.63
xdut.xr2.xcore.a\x7cy__t310        3.82984e-07
xdut.xr2.xcore.vss__t15            5.98118e-10
xdut.xr2.xcore.vddr__t15                  3.63
xdut.xr2.xcore.\$19                1.18214e-06
xdut.xr2.xcore.a\x7cy__t110        3.83111e-07
xdut.xr2.xcore.a\x7cy__t311               3.63
xdut.xr2.xcore.vss__t14            2.54393e-09
xdut.xr2.xcore.vddr__t14                  3.63
xdut.xr2.xcore.\$16                3.32406e-07
xdut.xr2.xcore.a\x7cy__t111               3.63
xdut.xr2.xcore.a\x7cy__t0          3.83379e-07
xdut.xr2.xcore.vss__t13            9.92461e-10
xdut.xr2.xcore.vddr__t13                  3.63
xdut.xr2.xcore.\$27__t1                1.73191
xdut.xr2.xcore.vss__t2                       0
xdut.xr2.xcore.vddr__t2                3.62919
xdut.xr2.xcore.\$28                    3.47682
xdut.xr2.xcore.a\x7cy__t32         0.000147072
xdut.xr2.xcore.a\x7cy__t3          3.83524e-07
xdut.xr2.xcore.\$27__t2                1.73191
xdut.xr2.xcore.\$27__t0                1.73191
xdut.xr2.xcore.en__t1                     3.63
xdut.xr2.xcore.a\x7cy__t4          4.30036e-11
xdut.xr2.xcore.vddr__t3                   3.63
xdut.xr2.xcore.vss__t3                       0
xdut.xr2.xcore.\$29                       3.63
xdut.xr2.xcore.\$30                    3.62986
xdut.xr2.xcore.a\x7cy__t22                   0
xdut.xr2.xcore.a\x7cy__t23                3.63
xdut.xr2.xcore.vddr__t12                  3.63
xdut.xr2.xcore.vss__t12                      0
xdut.xr2.xcore.\$31                       3.63
xdut.xr2.xcore.\$32                    3.53415
xdut.xr2.xcore.a\x7cy__t03                3.63
xdut.xr2.xcore.a\x7cy__t24         3.83225e-07
xdut.xr2.xcore.vddr__t11                  3.63
xdut.xr2.xcore.vss__t11                      0
xdut.xr2.xcore.\$33                       3.63
xdut.xr2.xcore.\$34                    3.62986
xdut.xr2.xcore.a\x7cy__t04         3.83099e-07
xdut.xr2.xcore.a\x7cy__t25                3.63
xdut.xr2.xcore.vddr__t10                  3.63
xdut.xr2.xcore.vss__t10                      0
xdut.xr2.xcore.\$35                       3.63
xdut.xr2.xcore.\$36                    3.53415
xdut.xr2.xcore.a\x7cy__t05                3.63
xdut.xr2.xcore.a\x7cy__t26         3.82832e-07
xdut.xr2.xcore.vddr__t9                   3.63
xdut.xr2.xcore.vss__t9                       0
xdut.xr2.xcore.\$37                       3.63
xdut.xr2.xcore.\$38                    3.62986
xdut.xr2.xcore.a\x7cy__t06         3.82706e-07
xdut.xr2.xcore.a\x7cy__t27                3.63
xdut.xr2.xcore.vddr__t8                   3.63
xdut.xr2.xcore.vss__t8                       0
xdut.xr2.xcore.\$39                       3.63
xdut.xr2.xcore.\$40                    3.53415
xdut.xr2.xcore.a\x7cy__t07                3.63
xdut.xr2.xcore.a\x7cy__t28         3.82844e-07
xdut.xr2.xcore.vddr__t7                   3.63
xdut.xr2.xcore.vss__t7                       0
xdut.xr2.xcore.\$41                       3.63
xdut.xr2.xcore.\$42                    3.62986
xdut.xr2.xcore.a\x7cy__t08         3.82717e-07
xdut.xr2.xcore.a\x7cy__t29                3.63
xdut.xr2.xcore.vddr__t6                   3.63
xdut.xr2.xcore.vss__t6                       0
xdut.xr2.xcore.\$43                       3.63
xdut.xr2.xcore.\$44                    3.53415
xdut.xr2.xcore.a\x7cy__t09                3.63
xdut.xr2.xcore.a\x7cy__t210        3.83237e-07
xdut.xr2.xcore.vddr__t5                   3.63
xdut.xr2.xcore.vss__t5                       0
xdut.xr2.xcore.\$45                       3.63
xdut.xr2.xcore.\$46                    3.62986
xdut.xr2.xcore.a\x7cy__t010        3.83111e-07
xdut.xr2.xcore.a\x7cy__t211               3.63
xdut.xr2.xcore.vddr__t4                   3.63
xdut.xr2.xcore.vss__t4                       0
xdut.xr2.xcore.\$47                       3.63
xdut.xr2.xcore.\$48                    3.53415
xdut.xr2.xcore.a\x7cy__t011               3.63
xdut.xr2.xcore.a\x7cy__t1           3.8367e-07
xdut.xr2.xcore.\$27                    1.73191
xdut.rn2                           3.83524e-07
xdut.xr2.n1                                  0
xdut.xr2.n2                               3.63
xdut.xr2.n3                        3.83099e-07
xdut.xr2.n4                               3.63
xdut.xr2.n5                        3.82706e-07
xdut.xr2.n6                               3.63
xdut.xr2.n7                        3.82717e-07
xdut.xr2.n8                               3.63
xdut.xr2.n9                        3.83111e-07
xdut.xr2.n10                              3.63
xdut.xcs.xcore.vss__t0               4.542e-10
xdut.xcs.xcore.a__t0               3.98222e-07
xdut.xcs.xcore.a\x7cd\x7cy__t0            3.63
xdut.xcs.xcore.vss__t25            4.23394e-10
xdut.xcs.xcore.a__t12              3.83524e-07
xdut.xcs.xcore.b\x7cd\x7cy__t7            3.63
xdut.xcs.xcore.d\x7cy__t1          4.03767e-07
xdut.xcs.xcore.a\x7cd\x7cy__t3            3.63
xdut.xcs.xcore.\$6__t0             2.08446e-07
xdut.xcs.xcore.\$6__t1             2.08135e-07
xdut.xcs.xcore.b\x7cd\x7cy__t4            3.63
xdut.xcs.xcore.vss__t4             6.41694e-10
xdut.xcs.xcore.d\x7cy__t0          4.04406e-07
xdut.xcs.xcore.\$4__t2              5.6762e-08
xdut.xcs.xcore.\$8__t1               0.0156365
xdut.xcs.xcore.\$8__t0               0.0156365
xdut.xcs.xcore.\$5__t2              5.6761e-08
xdut.xcs.xcore.vss__t3             2.79705e-11
xdut.xcs.xcore.\$46__t1                   3.63
xdut.xcs.xcore.\$11__t3            4.83111e-07
xdut.xcs.xcore.\$16__t1              1.177e-07
xdut.xcs.xcore.\$16__t0            1.17512e-07
xdut.xcs.xcore.rst_n__t8                  3.63
xdut.xcs.xcore.vss__t2             1.90492e-10
xdut.xcs.xcore.\$15__t0            5.13562e-07
xdut.xcs.xcore.q__t3                      3.63
xdut.xcs.xcore.\$17__t1            2.63306e-07
xdut.xcs.xcore.\$17__t0            2.62805e-07
xdut.xcs.xcore.rst_n__t11                 3.63
xdut.xcs.xcore.vss__t7             3.75965e-10
xdut.xcs.xcore.\$48__t1            1.67667e-07
xdut.xcs.xcore.\$20__t3                   3.63
xdut.xcs.xcore.\$25__t1            9.00045e-08
xdut.xcs.xcore.\$25__t0             8.9863e-08
xdut.xcs.xcore.rst_n__t10                 3.63
xdut.xcs.xcore.vss__t6             2.64617e-11
xdut.xcs.xcore.\$24__t0            2.60004e-07
xdut.xcs.xcore.q__t32                     3.63
xdut.xcs.xcore.\$26__t1            1.36246e-07
xdut.xcs.xcore.\$26__t0            1.35992e-07
xdut.xcs.xcore.rst_n__t9                  3.63
xdut.xcs.xcore.vss__t5             5.95471e-11
xdut.xcs.xcore.\$49__t1            1.67842e-07
xdut.xcs.xcore.\$28__t3                   3.63
xdut.xcs.xcore.\$33__t1            9.01791e-08
xdut.xcs.xcore.\$33__t0            9.00376e-08
xdut.xcs.xcore.rst_n__t15                 3.63
xdut.xcs.xcore.vss__t11            2.00989e-10
xdut.xcs.xcore.\$32__t0            2.60263e-07
xdut.xcs.xcore.q__t33                     3.63
xdut.xcs.xcore.\$34__t1            1.36504e-07
xdut.xcs.xcore.\$34__t0             1.3625e-07
xdut.xcs.xcore.rst_n__t14                 3.63
xdut.xcs.xcore.vss__t10            3.17943e-10
xdut.xcs.xcore.\$50__t1            1.68017e-07
xdut.xcs.xcore.\$36__t3                   3.63
xdut.xcs.xcore.\$41__t1            9.03537e-08
xdut.xcs.xcore.\$41__t0            9.02121e-08
xdut.xcs.xcore.rst_n__t13                 3.63
xdut.xcs.xcore.vss__t9             3.75516e-10
xdut.xcs.xcore.\$40__t0            2.60521e-07
xdut.xcs.xcore.q__t34                     3.63
xdut.xcs.xcore.\$42__t1            1.36762e-07
xdut.xcs.xcore.\$42__t0            1.36509e-07
xdut.xcs.xcore.rst_n__t12                 3.63
xdut.xcs.xcore.vss__t8             5.76339e-10
xdut.xcs.xcore.\$4__t0             5.64724e-08
xdut.xcs.xcore.a\x7cd\x7cy__t2            3.63
xdut.xcs.xcore.vss__t1             1.28061e-10
xdut.xcs.xcore.\$5__t1             5.64695e-08
xdut.xcs.xcore.b\x7cd\x7cy__t5            3.63
xdut.xcs.xcore.vss__t24            1.25209e-10
xdut.xcs.xcore.\$10__t3                   3.63
xdut.xcs.xcore.clk__t12                      0
xdut.xcs.xcore.vss__t12            2.60999e-10
xdut.xcs.xcore.d\x7cy__t3          4.04449e-07
xdut.xcs.xcore.\$10__t5                   3.63
xdut.xcs.xcore.\$11__t5            4.82817e-07
xdut.xcs.xcore.\$12__t2            9.29889e-08
xdut.xcs.xcore.\$46__t6                   3.63
xdut.xcs.xcore.vss__t13            1.21002e-10
xdut.xcs.xcore.\$12__t3             9.3063e-08
xdut.xcs.xcore.clk__t13                      0
xdut.xcs.xcore.\$11__t4            4.83148e-07
xdut.xcs.xcore.\$46__t5                   3.63
xdut.xcs.xcore.clk__t14                      0
xdut.xcs.xcore.\$13__t4            8.06259e-07
xdut.xcs.xcore.q__t2                      3.63
xdut.xcs.xcore.\$13__t3            8.05508e-07
xdut.xcs.xcore.vss__t14            2.16801e-10
xdut.xcs.xcore.\$15__t4             5.1422e-07
xdut.xcs.xcore.\$10__t4                   3.63
xdut.xcs.xcore.\$13__t5            8.04747e-07
xdut.xcs.xcore.\$19__t3                   3.63
xdut.xcs.xcore.clk__t15                      0
xdut.xcs.xcore.vss__t15            3.67171e-11
xdut.xcs.xcore.d\x7cvdd__t34              3.63
xdut.xcs.xcore.\$19__t4                   3.63
xdut.xcs.xcore.\$20__t4                   3.63
xdut.xcs.xcore.\$21__t2                   3.63
xdut.xcs.xcore.\$48__t6            1.67888e-07
xdut.xcs.xcore.vss__t16            1.90374e-11
xdut.xcs.xcore.\$21__t3                   3.63
xdut.xcs.xcore.clk__t16                      0
xdut.xcs.xcore.\$20__t5                   3.63
xdut.xcs.xcore.\$48__t5            1.67924e-07
xdut.xcs.xcore.clk__t17                      0
xdut.xcs.xcore.\$22__t4            3.39037e-07
xdut.xcs.xcore.q__t22                     3.63
xdut.xcs.xcore.\$22__t3            3.38997e-07
xdut.xcs.xcore.vss__t17             7.4877e-12
xdut.xcs.xcore.\$24__t4            2.60259e-07
xdut.xcs.xcore.\$19__t5                   3.63
xdut.xcs.xcore.\$22__t5            3.38813e-07
xdut.xcs.xcore.\$27__t3                   3.63
xdut.xcs.xcore.clk__t18                      0
xdut.xcs.xcore.vss__t18            1.87566e-10
xdut.xcs.xcore.a\x7cd\x7cy__t7            3.63
xdut.xcs.xcore.\$27__t4                   3.63
xdut.xcs.xcore.\$28__t4                   3.63
xdut.xcs.xcore.\$29__t2                   3.63
xdut.xcs.xcore.\$49__t6            1.68063e-07
xdut.xcs.xcore.vss__t19            2.05247e-10
xdut.xcs.xcore.\$29__t3                   3.63
xdut.xcs.xcore.clk__t19                      0
xdut.xcs.xcore.\$28__t5                   3.63
xdut.xcs.xcore.\$49__t5            1.68099e-07
xdut.xcs.xcore.clk__t20                      0
xdut.xcs.xcore.\$30__t4            3.39295e-07
xdut.xcs.xcore.q__t23                     3.63
xdut.xcs.xcore.\$30__t3            3.39255e-07
xdut.xcs.xcore.vss__t20            2.31768e-10
xdut.xcs.xcore.\$32__t4            2.60517e-07
xdut.xcs.xcore.\$27__t5                   3.63
xdut.xcs.xcore.\$30__t5            3.39072e-07
xdut.xcs.xcore.\$35__t3                   3.63
xdut.xcs.xcore.clk__t21                      0
xdut.xcs.xcore.vss__t21            4.11848e-10
xdut.xcs.xcore.b\x7cd\x7cy__t3            3.63
xdut.xcs.xcore.\$35__t4                   3.63
xdut.xcs.xcore.\$36__t4                   3.63
xdut.xcs.xcore.\$37__t2                   3.63
xdut.xcs.xcore.\$50__t6            1.68237e-07
xdut.xcs.xcore.vss__t22             4.2953e-10
xdut.xcs.xcore.\$37__t3                   3.63
xdut.xcs.xcore.clk__t22                      0
xdut.xcs.xcore.\$36__t5                   3.63
xdut.xcs.xcore.\$50__t5            1.68274e-07
xdut.xcs.xcore.clk__t23                      0
xdut.xcs.xcore.\$38__t4            3.39554e-07
xdut.xcs.xcore.q__t24                     3.63
xdut.xcs.xcore.\$38__t3            3.39514e-07
xdut.xcs.xcore.vss__t23            4.56052e-10
xdut.xcs.xcore.\$40__t4            2.60776e-07
xdut.xcs.xcore.\$35__t5                   3.63
xdut.xcs.xcore.\$38__t5             3.3933e-07
xdut.xcs.xcore.\$9__t0                0.758858
xdut.xcs.xcore.a\x7cd\x7cy__t1            3.63
xdut.xcs.xcore.d\x7cvdd__t0               3.63
xdut.xcs.xcore.\$53                    3.50702
xdut.xcs.xcore.\$9__t1                0.758858
xdut.xcs.xcore.b\x7cd\x7cy__t6            3.63
xdut.xcs.xcore.d\x7cvdd__t35              3.63
xdut.xcs.xcore.d\x7cy__t5          4.04404e-07
xdut.xcs.xcore.\$4__t3              5.6762e-08
xdut.xcs.xcore.\$9__t3                0.758858
xdut.xcs.xcore.d\x7cy__t4          4.04386e-07
xdut.xcs.xcore.\$5__t3              5.6761e-08
xdut.xcs.xcore.\$9__t2                0.758858
xdut.xcs.xcore.\$4__t1             5.68394e-08
xdut.xcs.xcore.a\x7cd\x7cy__t4            3.63
xdut.xcs.xcore.d\x7cvdd__t1               3.63
xdut.xcs.xcore.\$5__t0             5.68389e-08
xdut.xcs.xcore.b\x7cd\x7cy__t1            3.63
xdut.xcs.xcore.d\x7cvdd__t4               3.63
xdut.xcs.xcore.\$10__t2                   3.63
xdut.xcs.xcore.clk__t10                      0
xdut.xcs.xcore.d\x7cvdd__t31              3.63
xdut.xcs.xcore.\$54                    3.52829
xdut.xcs.xcore.d\x7cy__t2          4.04464e-07
xdut.xcs.xcore.clk__t9                       0
xdut.xcs.xcore.\$11__t2            4.83168e-07
xdut.xcs.xcore.\$46__t4                   3.63
xdut.xcs.xcore.\$11__t0            4.83111e-07
xdut.xcs.xcore.d\x7cvdd__t30              3.63
xdut.xcs.xcore.\$46__t3                   3.63
xdut.xcs.xcore.rst_n__t7                  3.63
xdut.xcs.xcore.d\x7cvdd__t29              3.63
xdut.xcs.xcore.\$12__t1            9.30849e-08
xdut.xcs.xcore.\$46__t0                   3.63
xdut.xcs.xcore.d\x7cvdd__t28              3.63
xdut.xcs.xcore.\$12__t0             9.3078e-08
xdut.xcs.xcore.\$10__t1                   3.63
xdut.xcs.xcore.\$11__t1            4.83229e-07
xdut.xcs.xcore.\$46__t2                   3.63
xdut.xcs.xcore.\$10__t0                   3.63
xdut.xcs.xcore.\$13__t2            8.05611e-07
xdut.xcs.xcore.q__t1                      3.63
xdut.xcs.xcore.\$13__t0            8.05508e-07
xdut.xcs.xcore.d\x7cvdd__t27              3.63
xdut.xcs.xcore.\$15__t3            5.13903e-07
xdut.xcs.xcore.q__t0                      3.63
xdut.xcs.xcore.d\x7cvdd__t26              3.63
xdut.xcs.xcore.\$15__t2            5.13908e-07
xdut.xcs.xcore.rst_n__t6                  3.63
xdut.xcs.xcore.d\x7cvdd__t25              3.63
xdut.xcs.xcore.\$15__t1            5.13902e-07
xdut.xcs.xcore.clk__t8                       0
xdut.xcs.xcore.\$13__t1            8.05624e-07
xdut.xcs.xcore.\$19__t2                   3.63
xdut.xcs.xcore.clk__t7                       0
xdut.xcs.xcore.d\x7cvdd__t24              3.63
xdut.xcs.xcore.\$55                    3.54056
xdut.xcs.xcore.d\x7cvdd__t33              3.63
xdut.xcs.xcore.clk__t11                      0
xdut.xcs.xcore.\$20__t2                   3.63
xdut.xcs.xcore.\$48__t4            1.67949e-07
xdut.xcs.xcore.\$20__t0                   3.63
xdut.xcs.xcore.d\x7cvdd__t32              3.63
xdut.xcs.xcore.\$48__t2            1.67969e-07
xdut.xcs.xcore.rst_n__t0                  3.63
xdut.xcs.xcore.d\x7cvdd__t5               3.63
xdut.xcs.xcore.\$21__t0                   3.63
xdut.xcs.xcore.\$48__t0            1.67888e-07
xdut.xcs.xcore.d\x7cvdd__t6               3.63
xdut.xcs.xcore.\$21__t1                   3.63
xdut.xcs.xcore.\$19__t0                   3.63
xdut.xcs.xcore.\$20__t1                   3.63
xdut.xcs.xcore.\$48__t3            1.67984e-07
xdut.xcs.xcore.\$19__t1                   3.63
xdut.xcs.xcore.\$22__t1            3.39066e-07
xdut.xcs.xcore.q__t12                     3.63
xdut.xcs.xcore.\$22__t0            3.38997e-07
xdut.xcs.xcore.d\x7cvdd__t7               3.63
xdut.xcs.xcore.\$24__t1            2.60179e-07
xdut.xcs.xcore.q__t02                     3.63
xdut.xcs.xcore.d\x7cvdd__t8               3.63
xdut.xcs.xcore.\$24__t2            2.60184e-07
xdut.xcs.xcore.rst_n__t1                  3.63
xdut.xcs.xcore.d\x7cvdd__t9               3.63
xdut.xcs.xcore.\$24__t3            2.60179e-07
xdut.xcs.xcore.clk__t0                       0
xdut.xcs.xcore.\$22__t2            3.39113e-07
xdut.xcs.xcore.\$27__t2                   3.63
xdut.xcs.xcore.clk__t1                       0
xdut.xcs.xcore.d\x7cvdd__t10              3.63
xdut.xcs.xcore.\$56                    3.54056
xdut.xcs.xcore.a\x7cd\x7cy__t6            3.63
xdut.xcs.xcore.clk__t2                       0
xdut.xcs.xcore.\$28__t1                   3.63
xdut.xcs.xcore.\$49__t2            1.68124e-07
xdut.xcs.xcore.\$28__t0                   3.63
xdut.xcs.xcore.d\x7cvdd__t11              3.63
xdut.xcs.xcore.\$49__t3            1.68143e-07
xdut.xcs.xcore.rst_n__t2                  3.63
xdut.xcs.xcore.d\x7cvdd__t12              3.63
xdut.xcs.xcore.\$29__t0                   3.63
xdut.xcs.xcore.\$49__t0            1.68063e-07
xdut.xcs.xcore.d\x7cvdd__t13              3.63
xdut.xcs.xcore.\$29__t1                   3.63
xdut.xcs.xcore.\$27__t0                   3.63
xdut.xcs.xcore.\$28__t2                   3.63
xdut.xcs.xcore.\$49__t4            1.68159e-07
xdut.xcs.xcore.\$27__t1                   3.63
xdut.xcs.xcore.\$30__t1            3.39324e-07
xdut.xcs.xcore.q__t13                     3.63
xdut.xcs.xcore.\$30__t0            3.39255e-07
xdut.xcs.xcore.d\x7cvdd__t14              3.63
xdut.xcs.xcore.\$32__t1            2.60438e-07
xdut.xcs.xcore.q__t03                     3.63
xdut.xcs.xcore.d\x7cvdd__t15              3.63
xdut.xcs.xcore.\$32__t2            2.60443e-07
xdut.xcs.xcore.rst_n__t3                  3.63
xdut.xcs.xcore.d\x7cvdd__t16              3.63
xdut.xcs.xcore.\$32__t3            2.60438e-07
xdut.xcs.xcore.clk__t3                       0
xdut.xcs.xcore.\$30__t2            3.39372e-07
xdut.xcs.xcore.\$35__t2                   3.63
xdut.xcs.xcore.clk__t4                       0
xdut.xcs.xcore.d\x7cvdd__t17              3.63
xdut.xcs.xcore.\$57                    3.54056
xdut.xcs.xcore.b\x7cd\x7cy__t2            3.63
xdut.xcs.xcore.clk__t5                       0
xdut.xcs.xcore.\$36__t1                   3.63
xdut.xcs.xcore.\$50__t2            1.68298e-07
xdut.xcs.xcore.\$36__t0                   3.63
xdut.xcs.xcore.d\x7cvdd__t18              3.63
xdut.xcs.xcore.\$50__t3            1.68318e-07
xdut.xcs.xcore.rst_n__t4                  3.63
xdut.xcs.xcore.d\x7cvdd__t19              3.63
xdut.xcs.xcore.\$37__t0                   3.63
xdut.xcs.xcore.\$50__t0            1.68237e-07
xdut.xcs.xcore.d\x7cvdd__t20              3.63
xdut.xcs.xcore.\$37__t1                   3.63
xdut.xcs.xcore.\$35__t0                   3.63
xdut.xcs.xcore.\$36__t2                   3.63
xdut.xcs.xcore.\$50__t4            1.68334e-07
xdut.xcs.xcore.\$35__t1                   3.63
xdut.xcs.xcore.\$38__t1            3.39583e-07
xdut.xcs.xcore.q__t14                     3.63
xdut.xcs.xcore.\$38__t0            3.39514e-07
xdut.xcs.xcore.d\x7cvdd__t21              3.63
xdut.xcs.xcore.\$40__t1            2.60696e-07
xdut.xcs.xcore.q__t04                     3.63
xdut.xcs.xcore.d\x7cvdd__t22              3.63
xdut.xcs.xcore.\$40__t2            2.60701e-07
xdut.xcs.xcore.rst_n__t5                  3.63
xdut.xcs.xcore.d\x7cvdd__t23              3.63
xdut.xcs.xcore.\$40__t3            2.60696e-07
xdut.xcs.xcore.clk__t6                       0
xdut.xcs.xcore.\$38__t2             3.3963e-07
xdut.xcs.xcore.d\x7cvdd__t2               3.63
xdut.xcs.xcore.a__t1               3.98222e-07
xdut.xcs.xcore.a\x7cd\x7cy__t5            3.63
xdut.xcs.xcore.\$51                    3.62936
xdut.xcs.xcore.d\x7cvdd__t3               3.63
xdut.xcs.xcore.a__t02              3.83524e-07
xdut.xcs.xcore.b\x7cd\x7cy__t0            3.63
xdut.xcs.xcore.\$52                    3.62936
xdut.xcs.xcore.\$10                       3.63
xdut.xcs.xcore.\$11                4.83111e-07
xdut.xcs.xcore.\$12                9.30552e-08
xdut.xcs.xcore.\$13                8.05508e-07
xdut.xcs.xcore.\$15                5.13881e-07
xdut.xcs.xcore.\$16                1.17606e-07
xdut.xcs.xcore.\$17                2.63056e-07
xdut.xcs.xcore.\$19                       3.63
xdut.xcs.xcore.\$20                       3.63
xdut.xcs.xcore.\$21                       3.63
xdut.xcs.xcore.\$22                3.38997e-07
xdut.xcs.xcore.\$24                2.60158e-07
xdut.xcs.xcore.\$25                8.99337e-08
xdut.xcs.xcore.\$26                1.36119e-07
xdut.xcs.xcore.\$27                       3.63
xdut.xcs.xcore.\$28                       3.63
xdut.xcs.xcore.\$29                       3.63
xdut.xcs.xcore.\$30                3.39255e-07
xdut.xcs.xcore.\$32                2.60417e-07
xdut.xcs.xcore.\$33                9.01084e-08
xdut.xcs.xcore.\$34                1.36377e-07
xdut.xcs.xcore.\$35                       3.63
xdut.xcs.xcore.\$36                       3.63
xdut.xcs.xcore.\$37                       3.63
xdut.xcs.xcore.\$38                3.39514e-07
xdut.xcs.xcore.\$4                  5.6762e-08
xdut.xcs.xcore.\$40                2.60675e-07
xdut.xcs.xcore.\$41                9.02829e-08
xdut.xcs.xcore.\$42                1.36636e-07
xdut.xcs.xcore.\$46                       3.63
xdut.xcs.xcore.\$48                1.67888e-07
xdut.xcs.xcore.\$49                1.68063e-07
xdut.xcs.xcore.\$5                  5.6761e-08
xdut.xcs.xcore.\$50                1.68237e-07
xdut.xcs.xcore.\$6                 2.08291e-07
xdut.xcs.xcore.\$8                   0.0156365
xdut.xcs.xcore.\$9                    0.758858
xdut.xcs.ro1                              3.63
xdut.xcs.ro2                              3.63
xdut.xcs.xo                         4.0438e-07
rb                                        3.63
rv                                        3.63
rbit1                                     3.63
rbit2                                     3.63
q1                                -8.04577e-16
q2                                -8.57831e-16
qt                                -7.03075e-20
vth                                      1.815
bvth#branch                                  0
vtr#branch                         7.03075e-10
vr2#branch                         8.57831e-06
vr1#branch                         8.04577e-06
vrst#branch                       -6.85859e-17
vclk#branch                                  0
ven#branch                        -4.92434e-17
vsup#branch                       -1.66248e-05

 Reference value :  0.00000e+00
 Reference value :  6.66400e-10
 Reference value :  1.36640e-09
 Reference value :  2.03140e-09
 Reference value :  2.69640e-09
 Reference value :  3.39140e-09
 Reference value :  4.08140e-09
 Reference value :  4.75640e-09
 Reference value :  5.43140e-09
 Reference value :  6.11140e-09
 Reference value :  6.79140e-09
 Reference value :  7.48140e-09
 Reference value :  8.14640e-09
 Reference value :  8.81640e-09
 Reference value :  9.49640e-09
 Reference value :  1.01614e-08
 Reference value :  1.08314e-08
 Reference value :  1.14864e-08
 Reference value :  1.21364e-08
 Reference value :  1.27964e-08
 Reference value :  1.34564e-08
 Reference value :  1.41264e-08
 Reference value :  1.47614e-08
 Reference value :  1.54114e-08
 Reference value :  1.61014e-08
 Reference value :  1.67714e-08
 Reference value :  1.74114e-08
 Reference value :  1.80814e-08
 Reference value :  1.87514e-08
 Reference value :  1.94264e-08
 Reference value :  2.00914e-08
 Reference value :  2.07464e-08
 Reference value :  2.14364e-08
 Reference value :  2.21064e-08
 Reference value :  2.27814e-08
 Reference value :  2.34564e-08
 Reference value :  2.41114e-08
 Reference value :  2.47864e-08
 Reference value :  2.54714e-08
 Reference value :  2.61664e-08
 Reference value :  2.68314e-08
 Reference value :  2.74964e-08
 Reference value :  2.81564e-08
 Reference value :  2.88164e-08
 Reference value :  2.94864e-08
 Reference value :  3.01464e-08
 Reference value :  3.08564e-08
 Reference value :  3.16514e-08
 Reference value :  3.23064e-08
 Reference value :  3.29664e-08
 Reference value :  3.36114e-08
 Reference value :  3.42564e-08
 Reference value :  3.49464e-08
 Reference value :  3.56364e-08
 Reference value :  3.62964e-08
 Reference value :  3.69714e-08
 Reference value :  3.76564e-08
 Reference value :  3.83464e-08
 Reference value :  3.90414e-08
 Reference value :  3.97264e-08
 Reference value :  4.04264e-08
 Reference value :  4.11214e-08
 Reference value :  4.18064e-08
 Reference value :  4.24964e-08
 Reference value :  4.31864e-08
 Reference value :  4.38664e-08
 Reference value :  4.45364e-08
 Reference value :  4.52014e-08
 Reference value :  4.58814e-08
 Reference value :  4.65514e-08
 Reference value :  4.72214e-08
 Reference value :  4.78714e-08
 Reference value :  4.85264e-08
 Reference value :  4.91814e-08
 Reference value :  4.98364e-08
 Reference value :  5.05064e-08
 Reference value :  5.11564e-08
 Reference value :  5.18114e-08
 Reference value :  5.25364e-08
 Reference value :  5.32014e-08
 Reference value :  5.38614e-08
 Reference value :  5.45164e-08
 Reference value :  5.52264e-08
 Reference value :  5.59014e-08
 Reference value :  5.65914e-08
 Reference value :  5.72614e-08
 Reference value :  5.79114e-08
 Reference value :  5.86014e-08
 Reference value :  5.92814e-08
 Reference value :  5.99414e-08
 Reference value :  6.06064e-08
 Reference value :  6.12764e-08
 Reference value :  6.19564e-08
 Reference value :  6.26314e-08
 Reference value :  6.32814e-08
 Reference value :  6.39514e-08
 Reference value :  6.46014e-08
 Reference value :  6.52614e-08
 Reference value :  6.59014e-08
 Reference value :  6.65564e-08
 Reference value :  6.72314e-08
 Reference value :  6.79064e-08
 Reference value :  6.85814e-08
 Reference value :  6.92564e-08
 Reference value :  6.99314e-08
 Reference value :  7.06114e-08
 Reference value :  7.13014e-08
 Reference value :  7.20114e-08
 Reference value :  7.26864e-08
 Reference value :  7.33514e-08
 Reference value :  7.40264e-08
 Reference value :  7.46964e-08
 Reference value :  7.53714e-08
 Reference value :  7.60564e-08
 Reference value :  7.67164e-08
 Reference value :  7.73814e-08
 Reference value :  7.80664e-08
 Reference value :  7.87264e-08
 Reference value :  7.94014e-08
 Reference value :  8.01064e-08
 Reference value :  8.07964e-08
 Reference value :  8.14914e-08
 Reference value :  8.21564e-08
 Reference value :  8.28364e-08
 Reference value :  8.35014e-08
 Reference value :  8.41564e-08
 Reference value :  8.48014e-08
 Reference value :  8.54714e-08
 Reference value :  8.61564e-08
 Reference value :  8.68314e-08
 Reference value :  8.74664e-08
 Reference value :  8.81364e-08
 Reference value :  8.88114e-08
 Reference value :  8.94764e-08
 Reference value :  9.01514e-08
 Reference value :  9.08564e-08
 Reference value :  9.15814e-08
 Reference value :  9.22464e-08
 Reference value :  9.29114e-08
 Reference value :  9.36114e-08
 Reference value :  9.42564e-08
 Reference value :  9.49264e-08
 Reference value :  9.56514e-08
 Reference value :  9.63164e-08
 Reference value :  9.69864e-08
 Reference value :  9.76864e-08
 Reference value :  9.84114e-08
 Reference value :  9.91164e-08
 Reference value :  9.98014e-08
 Reference value :  1.00466e-07
 Reference value :  1.01146e-07
 Reference value :  1.01831e-07
 Reference value :  1.02536e-07
 Reference value :  1.03211e-07
 Reference value :  1.03901e-07
 Reference value :  1.04576e-07
 Reference value :  1.05261e-07
 Reference value :  1.06151e-07
 Reference value :  1.06826e-07
 Reference value :  1.07496e-07
 Reference value :  1.08176e-07
 Reference value :  1.08856e-07
 Reference value :  1.09551e-07
 Reference value :  1.10221e-07
 Reference value :  1.10896e-07
 Reference value :  1.11591e-07
 Reference value :  1.12281e-07
 Reference value :  1.12961e-07
 Reference value :  1.13621e-07
 Reference value :  1.14296e-07
 Reference value :  1.14986e-07
 Reference value :  1.15651e-07
 Reference value :  1.16321e-07
 Reference value :  1.16991e-07
 Reference value :  1.17651e-07
 Reference value :  1.18326e-07
 Reference value :  1.19016e-07
 Reference value :  1.19716e-07
 Reference value :  1.20401e-07
 Reference value :  1.21081e-07
 Reference value :  1.21746e-07
 Reference value :  1.22426e-07
 Reference value :  1.23076e-07
 Reference value :  1.23741e-07
 Reference value :  1.24431e-07
 Reference value :  1.25101e-07
 Reference value :  1.25796e-07
 Reference value :  1.26471e-07
 Reference value :  1.27206e-07
 Reference value :  1.27861e-07
 Reference value :  1.28531e-07
 Reference value :  1.29216e-07
 Reference value :  1.29901e-07
 Reference value :  1.30561e-07
 Reference value :  1.31241e-07
 Reference value :  1.31941e-07
 Reference value :  1.32606e-07
 Reference value :  1.33271e-07
 Reference value :  1.33956e-07
 Reference value :  1.34636e-07
 Reference value :  1.35291e-07
 Reference value :  1.35941e-07
 Reference value :  1.36586e-07
 Reference value :  1.37236e-07
 Reference value :  1.37891e-07
 Reference value :  1.38556e-07
 Reference value :  1.39211e-07
 Reference value :  1.39911e-07
 Reference value :  1.40571e-07
 Reference value :  1.41261e-07
 Reference value :  1.41956e-07
 Reference value :  1.42646e-07
 Reference value :  1.43321e-07
 Reference value :  1.44006e-07
 Reference value :  1.44686e-07
 Reference value :  1.45346e-07
 Reference value :  1.46016e-07
 Reference value :  1.46671e-07
 Reference value :  1.47331e-07
 Reference value :  1.48006e-07
 Reference value :  1.48711e-07
 Reference value :  1.49381e-07
 Reference value :  1.50046e-07
 Reference value :  1.50696e-07
 Reference value :  1.51361e-07
 Reference value :  1.52076e-07
 Reference value :  1.52751e-07
 Reference value :  1.53411e-07
 Reference value :  1.54066e-07
 Reference value :  1.54726e-07
 Reference value :  1.55391e-07
 Reference value :  1.56061e-07
 Reference value :  1.56721e-07
 Reference value :  1.57381e-07
 Reference value :  1.58036e-07
 Reference value :  1.58721e-07
 Reference value :  1.59376e-07
 Reference value :  1.60036e-07
 Reference value :  1.60711e-07
 Reference value :  1.61366e-07
 Reference value :  1.62031e-07
 Reference value :  1.62721e-07
 Reference value :  1.63381e-07
 Reference value :  1.64071e-07
 Reference value :  1.64751e-07
 Reference value :  1.65436e-07
 Reference value :  1.66106e-07
 Reference value :  1.66786e-07
 Reference value :  1.67461e-07
 Reference value :  1.68166e-07
 Reference value :  1.68851e-07
 Reference value :  1.69531e-07
 Reference value :  1.70191e-07
 Reference value :  1.70886e-07
 Reference value :  1.71541e-07
 Reference value :  1.72206e-07
 Reference value :  1.72881e-07
 Reference value :  1.73546e-07
 Reference value :  1.74251e-07
 Reference value :  1.74921e-07
 Reference value :  1.75606e-07
 Reference value :  1.76276e-07
 Reference value :  1.76951e-07
 Reference value :  1.77606e-07
 Reference value :  1.78271e-07
 Reference value :  1.78956e-07
 Reference value :  1.79611e-07
 Reference value :  1.80271e-07
 Reference value :  1.80946e-07
 Reference value :  1.81621e-07
 Reference value :  1.82296e-07
 Reference value :  1.83191e-07
 Reference value :  1.83856e-07
 Reference value :  1.84551e-07
 Reference value :  1.85201e-07
 Reference value :  1.85871e-07
 Reference value :  1.86546e-07
 Reference value :  1.87226e-07
 Reference value :  1.87911e-07
 Reference value :  1.88586e-07
 Reference value :  1.89271e-07
 Reference value :  1.89966e-07
 Reference value :  1.90646e-07
 Reference value :  1.91311e-07
 Reference value :  1.91991e-07
 Reference value :  1.92656e-07
 Reference value :  1.93326e-07
 Reference value :  1.93981e-07
 Reference value :  1.94631e-07
 Reference value :  1.95291e-07
 Reference value :  1.95941e-07
 Reference value :  1.96596e-07
 Reference value :  1.97266e-07
 Reference value :  1.97936e-07
 Reference value :  1.98666e-07
 Reference value :  1.99356e-07
 Reference value :  2.00031e-07
 Reference value :  2.00726e-07
 Reference value :  2.01401e-07
 Reference value :  2.02066e-07
 Reference value :  2.02771e-07
 Reference value :  2.03741e-07
 Reference value :  2.04601e-07
 Reference value :  2.05346e-07
 Reference value :  2.06091e-07
 Reference value :  2.06836e-07
 Reference value :  2.07681e-07
 Reference value :  2.08691e-07
 Reference value :  2.09626e-07
 Reference value :  2.10396e-07
 Reference value :  2.11326e-07
 Reference value :  2.12131e-07
 Reference value :  2.13001e-07
 Reference value :  2.13811e-07
 Reference value :  2.14686e-07
 Reference value :  2.15466e-07
 Reference value :  2.16346e-07
 Reference value :  2.17056e-07
 Reference value :  2.17831e-07
 Reference value :  2.18701e-07
 Reference value :  2.19486e-07
 Reference value :  2.20221e-07
 Reference value :  2.20961e-07
 Reference value :  2.21721e-07
 Reference value :  2.22571e-07
 Reference value :  2.23426e-07
 Reference value :  2.24311e-07
 Reference value :  2.25356e-07
 Reference value :  2.26211e-07
 Reference value :  2.27056e-07
 Reference value :  2.28011e-07
 Reference value :  2.28886e-07
 Reference value :  2.29786e-07
 Reference value :  2.30711e-07
 Reference value :  2.31606e-07
 Reference value :  2.32421e-07
 Reference value :  2.33306e-07
 Reference value :  2.34226e-07
 Reference value :  2.35056e-07
 Reference value :  2.35876e-07
 Reference value :  2.36806e-07
 Reference value :  2.37526e-07
 Reference value :  2.38491e-07
 Reference value :  2.39421e-07
 Reference value :  2.40376e-07
 Reference value :  2.41111e-07
 Reference value :  2.41951e-07
 Reference value :  2.42781e-07
 Reference value :  2.43516e-07
 Reference value :  2.44426e-07
 Reference value :  2.45296e-07
 Reference value :  2.46151e-07
 Reference value :  2.46986e-07
 Reference value :  2.47806e-07
 Reference value :  2.48491e-07
 Reference value :  2.49166e-07
 Reference value :  2.49811e-07
 Reference value :  2.50476e-07
 Reference value :  2.51156e-07
 Reference value :  2.51831e-07
 Reference value :  2.52506e-07
 Reference value :  2.53176e-07
 Reference value :  2.53841e-07
 Reference value :  2.54511e-07
 Reference value :  2.55226e-07
 Reference value :  2.55896e-07
 Reference value :  2.56556e-07
 Reference value :  2.57236e-07
 Reference value :  2.57921e-07
 Reference value :  2.58591e-07
 Reference value :  2.59266e-07
 Reference value :  2.59931e-07
 Reference value :  2.60581e-07
 Reference value :  2.61236e-07
 Reference value :  2.61891e-07
 Reference value :  2.62626e-07
 Reference value :  2.63286e-07
 Reference value :  2.63961e-07
 Reference value :  2.64616e-07
 Reference value :  2.65286e-07
 Reference value :  2.66116e-07
 Reference value :  2.66816e-07
 Reference value :  2.67451e-07
 Reference value :  2.68111e-07
 Reference value :  2.68761e-07
 Reference value :  2.69456e-07
 Reference value :  2.70141e-07
 Reference value :  2.70821e-07
 Reference value :  2.71496e-07
 Reference value :  2.72156e-07
 Reference value :  2.72831e-07
 Reference value :  2.73526e-07
 Reference value :  2.74226e-07
 Reference value :  2.74886e-07
 Reference value :  2.75546e-07
 Reference value :  2.76206e-07
 Reference value :  2.76876e-07
 Reference value :  2.77566e-07
 Reference value :  2.78236e-07
 Reference value :  2.78896e-07
 Reference value :  2.79566e-07
 Reference value :  2.80221e-07
 Reference value :  2.80866e-07
 Reference value :  2.81511e-07
 Reference value :  2.82156e-07
 Reference value :  2.82801e-07
 Reference value :  2.83476e-07
 Reference value :  2.84111e-07
 Reference value :  2.84771e-07
 Reference value :  2.85426e-07
 Reference value :  2.86076e-07
 Reference value :  2.86731e-07
 Reference value :  2.87396e-07
 Reference value :  2.88096e-07
 Reference value :  2.88746e-07
 Reference value :  2.89441e-07
 Reference value :  2.90111e-07
 Reference value :  2.90756e-07
 Reference value :  2.91426e-07
 Reference value :  2.92106e-07
 Reference value :  2.92786e-07
 Reference value :  2.93481e-07
 Reference value :  2.94161e-07
 Reference value :  2.94846e-07
 Reference value :  2.95561e-07
 Reference value :  2.96241e-07
 Reference value :  2.96896e-07
 Reference value :  2.97541e-07
 Reference value :  2.98196e-07
 Reference value :  2.98841e-07
 Reference value :  2.99486e-07
No. of Data Rows : 60008
t1a                 =  3.60846e-08
t1b                 =  1.07235e-07
t2a                 =  3.39180e-08
t2b                 =  1.00587e-07
c1a                 =  -4.96232e-04
c1b                 =  -1.45425e-03
c2a                 =  -5.01778e-04
c2b                 =  -1.45521e-03
cta                 =  -1.95765e-03
ctb                 =  -6.63995e-03
vhi                 =  3.64378e+00 at=  2.00261e-07
vlo                 =  -5.28648e-02 at=  2.11706e-07
vxhi                =  3.63642e+00 at=  2.00156e-07
vxlo                =  -2.14348e-02 at=  2.76826e-07
m_period_r1 = 1.7787672500e-08
m_period_r2 = 1.6667320000e-08
m_f_r1 = 5.6218709896e+07
m_f_r2 = 5.9997648092e+07
m_i_r1_a = -1.346459325e-05
m_i_r2_a = -1.430089840e-05
m_i_tree_a = -6.580831472e-05
m_e_cycle_r1_j = -8.693987033e-13
m_c_eff_node_r1_f = -5.998091034e-15
m_ring_swing_v = 3.6966417700e+00
m_xo_swing_v = 3.6578507800e+00
m_i_total_a = -9.357380637e-05
m_p_rings_w = -1.007887347e-04
m_p_total_w = -3.396729171e-04
m_xo_trans_per_s = 2.3243271598e+08
Note: Simulation executed from .control section 

Warning: m=xx on .subckt line will override multiplier m hierarchy!

Note: Starting dynamic gmin stepping
Note: Dynamic gmin stepping completed
