
Note: Compatibility modes selected: hs a


Circuit: * ro-array-core-pvt-q @ ss_-40c_2.97v -- generated by sim/harness, do not edit

Doing analysis at TEMP = -40.000000 and TNOM = 27.000000

Using SPARSE 1.3 as Direct Linear Solver

Initial Transient Solution
--------------------------

Node                                   Voltage
----                                   -------
vsup                                      2.97
en                                        2.97
vddr1                                     2.97
vddr2                                     2.97
vdd                                       2.97
xdut.xr1.xg.py                         1.63875
xdut.xr1.n1                                  0
xdut.rn1                           1.02528e-07
xdut.xr1.xg.nm                               0
xdut.xr1.xg.ny                               0
xdut.xr1.x1.py                            2.97
xdut.xr1.n2                               2.97
xdut.xr1.x1.ny                     9.55182e-13
xdut.xr1.x2.py                            2.97
xdut.xr1.n3                        1.02528e-07
xdut.xr1.x2.ny                     8.63558e-08
xdut.xr1.x3.py                            2.97
xdut.xr1.n4                               2.97
xdut.xr1.x3.ny                     9.55186e-13
xdut.xr1.x4.py                            2.97
xdut.xr1.n5                        1.02528e-07
xdut.xr1.x4.ny                     8.63558e-08
xdut.xr1.x5.py                            2.97
xdut.xr1.n6                               2.97
xdut.xr1.x5.ny                     9.55186e-13
xdut.xr1.x6.py                            2.97
xdut.xr1.n7                        1.02528e-07
xdut.xr1.x6.ny                     8.63558e-08
xdut.xr1.x7.py                            2.97
xdut.xr1.n8                               2.97
xdut.xr1.x7.ny                     9.55186e-13
xdut.xr1.x8.py                            2.97
xdut.xr1.n9                        1.02528e-07
xdut.xr1.x8.ny                     8.63558e-08
xdut.xr1.x9.py                            2.97
xdut.xr1.n10                              2.97
xdut.xr1.x9.ny                     9.55186e-13
xdut.xr1.x10.py                           2.97
xdut.xr1.x10.ny                    8.63558e-08
xdut.xr2.xg.py                         1.65232
xdut.xr2.n1                                  0
xdut.rn2                           9.60084e-08
xdut.xr2.xg.nm                   -7.85865e-228
xdut.xr2.xg.ny                   -7.26238e-228
xdut.xr2.x1.py                            2.97
xdut.xr2.n2                               2.97
xdut.xr2.x1.ny                     8.83022e-13
xdut.xr2.x2.py                            2.97
xdut.xr2.n3                        9.60084e-08
xdut.xr2.x2.ny                      7.9836e-08
xdut.xr2.x3.py                            2.97
xdut.xr2.n4                               2.97
xdut.xr2.x3.ny                     8.83025e-13
xdut.xr2.x4.py                            2.97
xdut.xr2.n5                        9.60084e-08
xdut.xr2.x4.ny                      7.9836e-08
xdut.xr2.x5.py                            2.97
xdut.xr2.n6                               2.97
xdut.xr2.x5.ny                     8.83025e-13
xdut.xr2.x6.py                            2.97
xdut.xr2.n7                        9.60084e-08
xdut.xr2.x6.ny                      7.9836e-08
xdut.xr2.x7.py                            2.97
xdut.xr2.n8                               2.97
xdut.xr2.x7.ny                     8.83025e-13
xdut.xr2.x8.py                            2.97
xdut.xr2.n9                        9.60084e-08
xdut.xr2.x8.ny                      7.9836e-08
xdut.xr2.x9.py                            2.97
xdut.xr2.n10                              2.97
xdut.xr2.x9.ny                     8.83025e-13
xdut.xr2.x10.py                           2.97
xdut.xr2.x10.ny                     7.9836e-08
ro1                                       2.97
ro2                                       2.97
xdut.xa1.an                        1.61725e-08
xdut.xa1.bn                        1.61725e-08
xdut.xa1.mid                           1.01316
xo                                  8.9858e-08
xdut.xa1.s1                         4.4929e-08
xdut.xa1.s2                        1.17922e-12
q1                                -6.92314e-16
q2                                -7.35436e-16
qt                                -2.56644e-21
vth                                      1.485
bvth#branch                                  0
vtr#branch                         2.56644e-11
vr2#branch                         7.35436e-06
vr1#branch                         6.92314e-06
ven#branch                                   0
vsup#branch                       -1.42775e-05

 Reference value :  0.00000e+00
 Reference value :  1.75140e-09
 Reference value :  3.38640e-09
 Reference value :  5.23640e-09
 Reference value :  7.07140e-09
 Reference value :  8.81140e-09
 Reference value :  1.06364e-08
 Reference value :  1.31214e-08
 Reference value :  1.50564e-08
 Reference value :  1.68364e-08
 Reference value :  1.84764e-08
 Reference value :  2.03464e-08
 Reference value :  2.20164e-08
 Reference value :  2.37964e-08
 Reference value :  2.55614e-08
 Reference value :  2.72964e-08
 Reference value :  2.90314e-08
 Reference value :  3.12764e-08
 Reference value :  3.31214e-08
 Reference value :  3.48064e-08
 Reference value :  3.65414e-08
 Reference value :  3.82314e-08
 Reference value :  4.02164e-08
 Reference value :  4.25264e-08
 Reference value :  4.42114e-08
 Reference value :  4.60914e-08
 Reference value :  4.78614e-08
 Reference value :  4.95314e-08
 Reference value :  5.13014e-08
 Reference value :  5.31514e-08
 Reference value :  5.48214e-08
 Reference value :  5.73064e-08
 Reference value :  5.91764e-08
 Reference value :  6.11014e-08
 Reference value :  6.30114e-08
 Reference value :  6.46964e-08
 Reference value :  6.63764e-08
 Reference value :  6.80964e-08
 Reference value :  6.97964e-08
 Reference value :  7.15064e-08
 Reference value :  7.32564e-08
 Reference value :  7.49814e-08
 Reference value :  7.78114e-08
 Reference value :  7.94914e-08
 Reference value :  8.11414e-08
 Reference value :  8.27914e-08
 Reference value :  8.45164e-08
 Reference value :  8.62564e-08
 Reference value :  8.80564e-08
 Reference value :  9.00514e-08
 Reference value :  9.17264e-08
 Reference value :  9.34814e-08
 Reference value :  9.55114e-08
 Reference value :  9.71564e-08
 Reference value :  9.96264e-08
 Reference value :  1.01326e-07
 Reference value :  1.03706e-07
 Reference value :  1.05721e-07
 Reference value :  1.07591e-07
 Reference value :  1.09531e-07
 Reference value :  1.11231e-07
 Reference value :  1.12916e-07
 Reference value :  1.14616e-07
 Reference value :  1.16411e-07
 Reference value :  1.18721e-07
 Reference value :  1.20461e-07
 Reference value :  1.22131e-07
 Reference value :  1.23886e-07
 Reference value :  1.25576e-07
 Reference value :  1.27391e-07
 Reference value :  1.29631e-07
 Reference value :  1.31301e-07
 Reference value :  1.33586e-07
 Reference value :  1.35546e-07
 Reference value :  1.37196e-07
 Reference value :  1.39881e-07
 Reference value :  1.41596e-07
 Reference value :  1.43386e-07
 Reference value :  1.45166e-07
 Reference value :  1.46866e-07
 Reference value :  1.48546e-07
 Reference value :  1.50331e-07
 Reference value :  1.52016e-07
 Reference value :  1.53741e-07
 Reference value :  1.55456e-07
 Reference value :  1.57276e-07
 Reference value :  1.59001e-07
 Reference value :  1.60711e-07
 Reference value :  1.62416e-07
 Reference value :  1.64096e-07
 Reference value :  1.65751e-07
 Reference value :  1.67381e-07
 Reference value :  1.69046e-07
 Reference value :  1.70831e-07
 Reference value :  1.72541e-07
 Reference value :  1.74241e-07
 Reference value :  1.75881e-07
 Reference value :  1.77516e-07
 Reference value :  1.79291e-07
 Reference value :  1.80976e-07
 Reference value :  1.82701e-07
 Reference value :  1.84336e-07
 Reference value :  1.86026e-07
 Reference value :  1.87681e-07
 Reference value :  1.89421e-07
 Reference value :  1.91116e-07
 Reference value :  1.92781e-07
 Reference value :  1.94511e-07
 Reference value :  1.96251e-07
 Reference value :  1.98071e-07
 Reference value :  2.00066e-07
 Reference value :  2.01871e-07
 Reference value :  2.03576e-07
 Reference value :  2.05331e-07
 Reference value :  2.07126e-07
 Reference value :  2.08821e-07
 Reference value :  2.11086e-07
 Reference value :  2.13276e-07
 Reference value :  2.15036e-07
 Reference value :  2.17321e-07
 Reference value :  2.19011e-07
 Reference value :  2.21166e-07
 Reference value :  2.23121e-07
 Reference value :  2.25701e-07
 Reference value :  2.27606e-07
 Reference value :  2.29536e-07
 Reference value :  2.32121e-07
 Reference value :  2.33951e-07
 Reference value :  2.35661e-07
 Reference value :  2.37606e-07
 Reference value :  2.39736e-07
 Reference value :  2.41946e-07
 Reference value :  2.44196e-07
 Reference value :  2.46536e-07
 Reference value :  2.48786e-07
 Reference value :  2.50846e-07
 Reference value :  2.52991e-07
 Reference value :  2.55191e-07
 Reference value :  2.57536e-07
 Reference value :  2.59661e-07
 Reference value :  2.61761e-07
 Reference value :  2.63976e-07
 Reference value :  2.66041e-07
 Reference value :  2.68431e-07
 Reference value :  2.70461e-07
 Reference value :  2.73081e-07
 Reference value :  2.75421e-07
 Reference value :  2.77686e-07
 Reference value :  2.79921e-07
 Reference value :  2.82001e-07
 Reference value :  2.84061e-07
 Reference value :  2.86181e-07
 Reference value :  2.88721e-07
 Reference value :  2.90721e-07
 Reference value :  2.92846e-07
 Reference value :  2.95271e-07
 Reference value :  2.97426e-07
 Reference value :  2.99871e-07
No. of Data Rows : 60008
t1a                 =  1.51125e-08
t1b                 =  4.49770e-08
t2a                 =  1.41207e-08
t2b                 =  4.19845e-08
c1a                 =  -1.91828e-04
c1b                 =  -5.80701e-04
c2a                 =  -1.91325e-04
c2b                 =  -5.79141e-04
cta                 =  -1.35226e-04
ctb                 =  -4.35580e-04
vhi                 =  3.10571e+00 at=  2.19946e-07
vlo                 =  -2.26139e-02 at=  2.16231e-07
vxhi                =  3.09467e+00 at=  2.68661e-07
vxlo                =  -6.11380e-02 at=  2.16186e-07
m_period_r1 = 7.4661225000e-09
m_period_r2 = 6.9659425000e-09
m_f_r1 = 1.3393833278e+08
m_f_r2 = 1.4355559208e+08
m_i_r1_a = -1.302124362e-05
m_i_r2_a = -1.391827452e-05
m_i_tree_a = -1.005724859e-05
m_e_cycle_r1_j = -2.887380540e-13
m_c_eff_node_r1_f = -2.975763698e-15
m_ring_swing_v = 3.1283258900e+00
m_xo_swing_v = 3.1558080300e+00
m_i_total_a = -3.699676674e-05
m_p_rings_w = -8.001036889e-05
m_p_total_w = -1.098803972e-04
m_xo_trans_per_s = 5.5498784973e+08
Note: Simulation executed from .control section 

Warning: m=xx on .subckt line will override multiplier m hierarchy!

