
Note: Compatibility modes selected: hs a


Circuit: * sampler-dff-reset-current-xsb @ sf_27c_3.63v -- generated by sim/harness, do not edit

Doing analysis at TEMP = 27.000000 and TNOM = 27.000000

Using SPARSE 1.3 as Direct Linear Solver

Initial Transient Solution
--------------------------

Node                                   Voltage
----                                   -------
vdd                                       3.63
rst_n                                        0
clk                                          0
d                                            0
xdut.clkb                                 3.63
xdut.m                             4.12947e-08
xdut.mb                                   3.63
xdut.mmid                             0.017019
xdut.mc                            4.24696e-08
xdut.s                                    3.63
q                                  2.15297e-08
xdut.qb                                   3.63
xdut.s2mid                            0.017019
qint                               3.70174e-21
vd#branch                          1.10011e-11
vdd#branch                        -4.80184e-11
vclk#branch                                  0
vrst#branch                                  0

 Reference value :  0.00000e+00
 Reference value :  1.49005e-09
 Reference value :  2.95105e-09
 Reference value :  4.45205e-09
No. of Data Rows : 4720
qint1               =  1.85803e-06
qint2               =  1.92540e-06
qint3               =  1.94938e-06
qout_rst            =  -3.59789e-06
m_i_reset_xsb_a = 2.2837750000e-08
m_p_reset_xsb_w = 8.2901032500e-08
m_i_reset_xsb_first_a = 3.3688000000e-08
m_i_reset_xsb_last_a = 1.1987500000e-08
m_q_v = -3.597891000e-06
Note: Simulation executed from .control section 

Warning: m=xx on .subckt line will override multiplier m hierarchy!

