
Note: Compatibility modes selected: hs a


Circuit: * sampler-dff-setup-hold @ sf_125c_2.97v -- generated by sim/harness, do not edit

Doing analysis at TEMP = 125.000000 and TNOM = 27.000000

Using SPARSE 1.3 as Direct Linear Solver

Initial Transient Solution
--------------------------

Node                                   Voltage
----                                   -------
vdd                                       2.97
rst_n                                        0
clk                                          0
d                                            0
xdut.clkb                                 2.97
xdut.rst                                  2.97
xdut.m                             1.88858e-08
xdut.mb                                   2.97
xdut.mc                            4.41387e-07
xdut.s                                    2.97
q                                  4.15956e-07
xdut.qb                                   2.97
vth                                      1.485
bvth#branch                                  0
vd#branch                           5.2821e-12
vclk#branch                                  0
vrst#branch                                  0
vdd#branch                        -2.13162e-10

 Reference value :  9.42800e-09
 Reference value :  1.87307e-07
 Reference value :  3.81044e-07
 Reference value :  5.65144e-07
 Reference value :  7.44344e-07
 Reference value :  9.17217e-07
 Reference value :  1.11612e-06
 Reference value :  1.29782e-06
 Reference value :  1.42144e-06
 Reference value :  1.56464e-06
 Reference value :  1.74444e-06
 Reference value :  1.94435e-06
 Reference value :  2.14485e-06
 Reference value :  2.33061e-06
 Reference value :  2.53221e-06
 Reference value :  2.75191e-06
 Reference value :  3.03482e-06
 Reference value :  3.32114e-06
 Reference value :  3.63014e-06
 Reference value :  3.93165e-06
 Reference value :  4.23295e-06
 Reference value :  4.49093e-06
 Reference value :  4.77404e-06
 Reference value :  4.98865e-06
 Reference value :  5.27145e-06
 Reference value :  5.55124e-06
 Reference value :  5.79564e-06
 Reference value :  5.96545e-06
 Reference value :  6.14405e-06
 Reference value :  6.31384e-06
 Reference value :  6.48964e-06
No. of Data Rows : 65268
tclk1               =  3.00001e-07
tclk2               =  1.30000e-06
tq_r1               =  3.00157e-07
tq_f1               =  1.30019e-06
q_rst               =  4.15956e-07
q_e1                =  2.97000e+00
q_e2                =  -5.52911e-10
q_e3a               =  4.27080e-05
q_e3b               =  -3.41193e-06
q_e3c               =  -3.25739e-06
q_e4                =  1.17356e-06
q_e5a               =  7.89406e-05
q_e5b               =  2.47033e-06
q_e5c               =  2.36899e-06
q_e6                =  1.17356e-06
q_e7a               =  2.96969e+00
q_e7b               =  2.97000e+00
q_e7c               =  2.97000e+00
m_tpd_clk_q_rise_s = 1.5640000000e-10
m_tpd_clk_q_fall_s = 1.8500000000e-10
m_q_rst_v = 4.1595580000e-07
m_q_e1_v = 2.9700000000e+00
m_q_e2_v = -5.529113000e-10
m_q_e4_v = 1.1735630000e-06
m_q_e3_1ns_v = 4.2707960000e-05
m_q_e3_10ns_v = -3.411927000e-06
m_q_e3_100ns_v = -3.257392000e-06
m_q_e3_drift_v = -4.596535200e-05
m_q_e3_rail_dev_v = -3.257392000e-06
m_q_e5_1ns_v = 7.8940610000e-05
m_q_e5_10ns_v = 2.4703320000e-06
m_q_e5_100ns_v = 2.3689940000e-06
m_q_e5_drift_v = -7.657161600e-05
m_q_e5_rail_dev_v = 2.3689940001e-06
m_q_e6_v = 1.1735650000e-06
m_q_e7_1ns_v = 2.9696920000e+00
m_q_e7_10ns_v = 2.9700000000e+00
m_q_e7_100ns_v = 2.9700000000e+00
m_q_e7_drift_v = 3.0800000000e-04
m_q_e7_rail_dev_v = 1.0418332863e-12
Note: Simulation executed from .control section 

Warning: m=xx on .subckt line will override multiplier m hierarchy!

