
Note: Compatibility modes selected: hs a


Circuit: * sampler-dff-setup-hold @ ff_-40c_3.63v -- generated by sim/harness, do not edit

Doing analysis at TEMP = -40.000000 and TNOM = 27.000000

Using SPARSE 1.3 as Direct Linear Solver

Initial Transient Solution
--------------------------

Node                                   Voltage
----                                   -------
vdd                                       3.63
rst_n                                        0
clk                                          0
d                                            0
xdut.clkb                                 3.63
xdut.rst                                  3.63
xdut.m                             1.13204e-08
xdut.mb                                   3.63
xdut.mc                            3.03418e-08
xdut.s                                    3.63
q                                  1.51713e-08
xdut.qb                                   3.63
vth                                      1.815
bvth#branch                                  0
vd#branch                          6.44424e-12
vclk#branch                                  0
vrst#branch                                  0
vdd#branch                        -5.18742e-11

 Reference value :  0.00000e+00
 Reference value :  1.55192e-07
 Reference value :  2.98292e-07
 Reference value :  4.57861e-07
 Reference value :  6.19061e-07
 Reference value :  7.91861e-07
 Reference value :  9.63144e-07
 Reference value :  1.13654e-06
 Reference value :  1.30609e-06
 Reference value :  1.42569e-06
 Reference value :  1.54779e-06
 Reference value :  1.66829e-06
 Reference value :  1.80460e-06
 Reference value :  1.97970e-06
 Reference value :  2.15560e-06
 Reference value :  2.32343e-06
 Reference value :  2.49943e-06
 Reference value :  2.68273e-06
 Reference value :  2.85367e-06
 Reference value :  3.02117e-06
 Reference value :  3.19277e-06
 Reference value :  3.36208e-06
 Reference value :  3.53378e-06
 Reference value :  3.70378e-06
 Reference value :  3.86820e-06
 Reference value :  4.04680e-06
 Reference value :  4.22290e-06
 Reference value :  4.38864e-06
 Reference value :  4.55854e-06
 Reference value :  4.73574e-06
 Reference value :  4.90686e-06
 Reference value :  5.08136e-06
 Reference value :  5.26206e-06
 Reference value :  5.42987e-06
 Reference value :  5.60437e-06
 Reference value :  5.78277e-06
 Reference value :  5.95390e-06
 Reference value :  6.12550e-06
 Reference value :  6.30076e-06
 Reference value :  6.47266e-06
No. of Data Rows : 65283
tclk1               =  3.00001e-07
tclk2               =  1.30000e-06
tq_r1               =  3.00083e-07
tq_f1               =  1.30008e-06
q_rst               =  1.51713e-08
q_e1                =  3.63000e+00
q_e2                =  2.35471e-05
q_e3a               =  1.09330e-04
q_e3b               =  2.74248e-06
q_e3c               =  2.63263e-06
q_e4                =  2.08034e-06
q_e5a               =  3.63136e+00
q_e5b               =  3.63000e+00
q_e5c               =  3.63000e+00
q_e6                =  -1.38652e-06
q_e7a               =  3.62735e+00
q_e7b               =  3.63000e+00
q_e7c               =  3.63000e+00
m_tpd_clk_q_rise_s = 8.2300000000e-11
m_tpd_clk_q_fall_s = 8.1000000000e-11
m_q_rst_v = 1.5171290000e-08
m_q_e1_v = 3.6299970000e+00
m_q_e2_v = 2.3547120000e-05
m_q_e4_v = 2.0803390000e-06
m_q_e3_1ns_v = 1.0933040000e-04
m_q_e3_10ns_v = 2.7424790000e-06
m_q_e3_100ns_v = 2.6326290000e-06
m_q_e3_drift_v = -1.066977710e-04
m_q_e3_rail_dev_v = 2.6326289999e-06
m_q_e5_1ns_v = 3.6313620000e+00
m_q_e5_10ns_v = 3.6299990000e+00
m_q_e5_100ns_v = 3.6299990000e+00
m_q_e5_drift_v = -1.363000000e-03
m_q_e5_rail_dev_v = 1.0000030528e-06
m_q_e6_v = -1.386518000e-06
m_q_e7_1ns_v = 3.6273470000e+00
m_q_e7_10ns_v = 3.6299970000e+00
m_q_e7_100ns_v = 3.6299970000e+00
m_q_e7_drift_v = 2.6500000000e-03
m_q_e7_rail_dev_v = 3.0000030526e-06
Note: Simulation executed from .control section 

Warning: m=xx on .subckt line will override multiplier m hierarchy!

