
Note: Compatibility modes selected: hs a


Circuit: * sampler-dff-setup-hold @ ss_-40c_2.97v -- generated by sim/harness, do not edit

Doing analysis at TEMP = -40.000000 and TNOM = 27.000000

Using SPARSE 1.3 as Direct Linear Solver

Initial Transient Solution
--------------------------

Node                                   Voltage
----                                   -------
vdd                                       2.97
rst_n                                        0
clk                                          0
d                                            0
xdut.clkb                                 2.97
xdut.rst                                  2.97
xdut.m                             1.21223e-08
xdut.mb                                   2.97
xdut.mc                            3.23449e-08
xdut.s                                    2.97
q                                  1.61725e-08
xdut.qb                                   2.97
vth                                      1.485
bvth#branch                                  0
vd#branch                          5.20029e-12
vclk#branch                                  0
vrst#branch                                  0
vdd#branch                        -4.16026e-11

 Reference value :  0.00000e+00
 Reference value :  1.67684e-07
 Reference value :  3.39723e-07
 Reference value :  5.20323e-07
 Reference value :  6.87223e-07
 Reference value :  8.57017e-07
 Reference value :  1.03342e-06
 Reference value :  1.19952e-06
 Reference value :  1.36155e-06
 Reference value :  1.51305e-06
 Reference value :  1.69435e-06
 Reference value :  1.87275e-06
 Reference value :  2.04995e-06
 Reference value :  2.21985e-06
 Reference value :  2.39061e-06
 Reference value :  2.56421e-06
 Reference value :  2.73071e-06
 Reference value :  2.89272e-06
 Reference value :  3.06892e-06
 Reference value :  3.24282e-06
 Reference value :  3.42273e-06
 Reference value :  3.59813e-06
 Reference value :  3.76553e-06
 Reference value :  3.93945e-06
 Reference value :  4.11145e-06
 Reference value :  4.28445e-06
 Reference value :  4.44590e-06
 Reference value :  4.61094e-06
 Reference value :  4.78244e-06
 Reference value :  4.95905e-06
 Reference value :  5.13815e-06
 Reference value :  5.30533e-06
 Reference value :  5.47993e-06
 Reference value :  5.65393e-06
 Reference value :  5.82945e-06
 Reference value :  5.99755e-06
 Reference value :  6.16775e-06
 Reference value :  6.33432e-06
No. of Data Rows : 65269
tclk1               =  3.00001e-07
tclk2               =  1.30000e-06
tq_r1               =  3.00141e-07
tq_f1               =  1.30015e-06
q_rst               =  1.61725e-08
q_e1                =  2.97001e+00
q_e2                =  -9.32901e-07
q_e3a               =  2.55505e-04
q_e3b               =  -3.26497e-06
q_e3c               =  -3.12123e-06
q_e4                =  8.87969e-07
q_e5a               =  2.48886e-04
q_e5b               =  2.21577e-06
q_e5c               =  2.14181e-06
q_e6                =  8.88061e-07
q_e7a               =  2.97291e+00
q_e7b               =  2.97001e+00
q_e7c               =  2.97001e+00
m_tpd_clk_q_rise_s = 1.4080000000e-10
m_tpd_clk_q_fall_s = 1.4400000000e-10
m_q_rst_v = 1.6172490000e-08
m_q_e1_v = 2.9700050000e+00
m_q_e2_v = -9.329013000e-07
m_q_e4_v = 8.8796880000e-07
m_q_e3_1ns_v = 2.5550520000e-04
m_q_e3_10ns_v = -3.264972000e-06
m_q_e3_100ns_v = -3.121226000e-06
m_q_e3_drift_v = -2.586264260e-04
m_q_e3_rail_dev_v = -3.121226000e-06
m_q_e5_1ns_v = 2.4888580000e-04
m_q_e5_10ns_v = 2.2157720000e-06
m_q_e5_100ns_v = 2.1418090000e-06
m_q_e5_drift_v = -2.467439910e-04
m_q_e5_rail_dev_v = 2.1418089999e-06
m_q_e6_v = 8.8806120000e-07
m_q_e7_1ns_v = 2.9729050000e+00
m_q_e7_10ns_v = 2.9700050000e+00
m_q_e7_100ns_v = 2.9700050000e+00
m_q_e7_drift_v = -2.900000000e-03
m_q_e7_rail_dev_v = -4.999998958e-06
Note: Simulation executed from .control section 

Warning: m=xx on .subckt line will override multiplier m hierarchy!

