
Note: Compatibility modes selected: hs a


Circuit: * sampler-dff-setup-hold @ ff_125c_2.97v -- generated by sim/harness, do not edit

Doing analysis at TEMP = 125.000000 and TNOM = 27.000000

Using SPARSE 1.3 as Direct Linear Solver

Initial Transient Solution
--------------------------

Node                                   Voltage
----                                   -------
vdd                                       2.97
rst_n                                        0
clk                                          0
d                                            0
xdut.clkb                              2.96999
xdut.rst                               2.96999
xdut.m                             1.53973e-08
xdut.mb                                2.96999
xdut.mc                             6.2813e-07
xdut.s                                    2.97
q                                  6.07601e-07
xdut.qb                                2.96999
vth                                      1.485
bvth#branch                                  0
vd#branch                          5.31851e-12
vclk#branch                                  0
vrst#branch                                  0
vdd#branch                        -4.45822e-09

 Reference value :  0.00000e+00
 Reference value :  1.67780e-07
 Reference value :  3.35226e-07
 Reference value :  5.09126e-07
 Reference value :  6.90326e-07
 Reference value :  8.54417e-07
 Reference value :  1.02332e-06
 Reference value :  1.19542e-06
 Reference value :  1.34853e-06
 Reference value :  1.46763e-06
 Reference value :  1.59223e-06
 Reference value :  1.77483e-06
 Reference value :  1.94335e-06
 Reference value :  2.12205e-06
 Reference value :  2.30028e-06
 Reference value :  2.48058e-06
 Reference value :  2.67028e-06
 Reference value :  2.90972e-06
 Reference value :  3.14732e-06
 Reference value :  3.32573e-06
 Reference value :  3.49943e-06
 Reference value :  3.67273e-06
 Reference value :  3.83995e-06
 Reference value :  4.01765e-06
 Reference value :  4.18625e-06
 Reference value :  4.34881e-06
 Reference value :  4.53044e-06
 Reference value :  4.71714e-06
 Reference value :  4.89735e-06
 Reference value :  5.08085e-06
 Reference value :  5.26145e-06
 Reference value :  5.43403e-06
 Reference value :  5.60283e-06
 Reference value :  5.76853e-06
 Reference value :  5.93465e-06
 Reference value :  6.10965e-06
 Reference value :  6.27715e-06
 Reference value :  6.43503e-06
No. of Data Rows : 65270
tclk1               =  3.00001e-07
tclk2               =  1.30000e-06
tq_r1               =  3.00128e-07
tq_f1               =  1.30013e-06
q_rst               =  6.07601e-07
q_e1                =  2.96999e+00
q_e2                =  -4.76661e-06
q_e3a               =  5.38404e-05
q_e3b               =  -2.82193e-06
q_e3c               =  -2.68155e-06
q_e4                =  2.23065e-06
q_e5a               =  3.24836e-04
q_e5b               =  3.65540e-06
q_e5c               =  3.54248e-06
q_e6                =  2.23069e-06
q_e7a               =  2.97108e+00
q_e7b               =  2.96999e+00
q_e7c               =  2.96999e+00
m_tpd_clk_q_rise_s = 1.2780000000e-10
m_tpd_clk_q_fall_s = 1.2500000000e-10
m_q_rst_v = 6.0760100000e-07
m_q_e1_v = 2.9699930000e+00
m_q_e2_v = -4.766610000e-06
m_q_e4_v = 2.2306470000e-06
m_q_e3_1ns_v = 5.3840350000e-05
m_q_e3_10ns_v = -2.821928000e-06
m_q_e3_100ns_v = -2.681552000e-06
m_q_e3_drift_v = -5.652190200e-05
m_q_e3_rail_dev_v = -2.681552000e-06
m_q_e5_1ns_v = 3.2483600000e-04
m_q_e5_10ns_v = 3.6553970000e-06
m_q_e5_100ns_v = 3.5424850000e-06
m_q_e5_drift_v = -3.212935150e-04
m_q_e5_rail_dev_v = 3.5424850000e-06
m_q_e6_v = 2.2306900000e-06
m_q_e7_1ns_v = 2.9710830000e+00
m_q_e7_10ns_v = 2.9699930000e+00
m_q_e7_100ns_v = 2.9699930000e+00
m_q_e7_drift_v = -1.090000000e-03
m_q_e7_rail_dev_v = 7.0000010415e-06
Note: Simulation executed from .control section 

Warning: m=xx on .subckt line will override multiplier m hierarchy!

