
Note: Compatibility modes selected: hs a


Circuit: * sampler-dff-active-current @ ss_27c_2.97v -- generated by sim/harness, do not edit

Doing analysis at TEMP = 27.000000 and TNOM = 27.000000

Using SPARSE 1.3 as Direct Linear Solver

Initial Transient Solution
--------------------------

Node                                   Voltage
----                                   -------
vsup                                      2.97
clk                                          0
rst_n                                        0
d                                            0
vddv                                      2.97
vddb                                      2.97
xsv.clkb                                  2.97
xsv.m                                     2.97
xsv.mb                                    2.97
xsv.mmid                               2.35541
xsv.mc                             4.00538e-08
xsv.s                                     2.97
qv                                 1.99214e-08
xsv.qb                                    2.97
xsv.s2mid                           0.00760939
xsb.clkb                                  2.97
xsb.m                              3.98152e-08
xsb.mb                                    2.97
xsb.mmid                            0.00760944
xsb.mc                             3.98408e-08
xsb.s                                     2.97
qb                                 1.99214e-08
xsb.qb                                    2.97
xsb.s2mid                           0.00760939
q1                                -4.34298e-21
q2                                -4.76124e-21
vd#branch                          8.91672e-12
vr2#branch                         3.86957e-11
vr1#branch                         4.34298e-11
vrst#branch                                  0
vclk#branch                                  0
vsup#branch                       -8.21255e-11

 Reference value :  0.00000e+00
 Reference value :  1.04378e-08
 Reference value :  2.00012e-08
 Reference value :  3.15378e-08
 Reference value :  4.15025e-08
 Reference value :  5.28168e-08
No. of Data Rows : 3769
q1a                 =  -1.58305e-05
q1b                 =  -1.58307e-05
q1c                 =  -2.27084e-05
q1d                 =  -2.27087e-05
q1e                 =  -2.27084e-05
q1f                 =  -2.96231e-05
q2a                 =  -8.42017e-05
q2b                 =  -8.42020e-05
q2c                 =  -1.05605e-04
q2d                 =  -1.48557e-04
q2e                 =  -1.05605e-04
q2f                 =  -1.84922e-04
qv_pre              =  1.99213e-08
qv_post             =  2.97000e+00
qb_pre              =  -1.82187e-06
qb_post             =  2.97000e+00
vdd_mean            =  2.97000e+00 from=  3.20000e-08 to=  5.30168e-08
m_q_d_shut_c = 4.8333333332e-20
m_q_d_open_c = 7.1586666667e-15
m_e_d_shut_j = 1.4355000000e-19
m_e_d_open_j = 2.1261240000e-14
m_q_clkcyc_xsv_c = 6.9147100000e-15
m_e_clkcyc_xsv_j = 2.0536688700e-14
m_q_clkcyc_xsb_resid_c = 5.7118333333e-16
m_q_cyc_xsb_total_c = 7.9317000000e-14
m_q_d_shut_xsv_c = 4.5000000000e-20
m_q_d_open_xsv_c = 4.5000000000e-20
m_vdd_mean_v = 2.9700000000e+00
m_qv_pre_v = 1.9921340000e-08
m_qv_post_v = 2.9700000000e+00
m_qb_pre_v = -1.821867000e-06
m_qb_post_v = 2.9700000000e+00
Note: Simulation executed from .control section 

Warning: m=xx on .subckt line will override multiplier m hierarchy!

