
Note: Compatibility modes selected: hs a


Circuit: * ro-inv-05stage-jitter @ tt_27c_3.30v -- generated by sim/harness, do not edit

Doing analysis at TEMP = 27.000000 and TNOM = 27.000000

Using SPARSE 1.3 as Direct Linear Solver

Initial Transient Solution
--------------------------

Node                                   Voltage
----                                   -------
vdd                                        3.3
n2                                         3.3
g1                                           0
n3                                 5.43322e-09
g2                                         3.3
n4                                         3.3
g3                                 5.43322e-09
n5                                 5.43322e-09
g4                                         3.3
n1                                           0
g5                                 5.43322e-09
xing                                     -1.65
xs40                                     -1.32
xs60                                     -1.98
bs60#branch                                  0
bs40#branch                                  0
bxing#branch                                 0
vn5#branch                                   0
vn4#branch                                   0
vn3#branch                                   0
vn2#branch                                   0
vn1#branch                                   0
vdd#branch                        -0.000497416

 Reference value :  2.61500e-10
 Reference value :  3.29000e-09
 Reference value :  7.11030e-09
 Reference value :  1.12100e-08
 Reference value :  1.40375e-08
 Reference value :  1.74207e-08
 Reference value :  2.15455e-08
 Reference value :  2.43301e-08
 Reference value :  2.72100e-08
 Reference value :  3.00300e-08
 Reference value :  3.30915e-08
 Reference value :  3.66955e-08
 Reference value :  3.97145e-08
 Reference value :  4.26000e-08
 Reference value :  4.53600e-08
 Reference value :  4.82015e-08
 Reference value :  5.09315e-08
 Reference value :  5.37625e-08
 Reference value :  5.64692e-08
 Reference value :  5.97875e-08
 Reference value :  6.24985e-08
 Reference value :  6.52855e-08
 Reference value :  6.81915e-08
 Reference value :  7.09303e-08
 Reference value :  7.37775e-08
 Reference value :  7.67685e-08
 Reference value :  7.95003e-08
 Reference value :  8.21675e-08
 Reference value :  8.50915e-08
 Reference value :  8.80155e-08
 Reference value :  9.08707e-08
 Reference value :  9.36325e-08
 Reference value :  9.64545e-08
 Reference value :  9.99901e-08
 Reference value :  1.03140e-07
 Reference value :  1.05976e-07
 Reference value :  1.09713e-07
 Reference value :  1.13061e-07
 Reference value :  1.15873e-07
 Reference value :  1.19075e-07
 Reference value :  1.22040e-07
 Reference value :  1.25377e-07
 Reference value :  1.28396e-07
 Reference value :  1.30913e-07
 Reference value :  1.33645e-07
 Reference value :  1.36469e-07
 Reference value :  1.39830e-07
 Reference value :  1.42876e-07
 Reference value :  1.45879e-07
 Reference value :  1.49385e-07
 Reference value :  1.52229e-07
 Reference value :  1.55010e-07
 Reference value :  1.57892e-07
 Reference value :  1.60798e-07
 Reference value :  1.63700e-07
 Reference value :  1.66784e-07
 Reference value :  1.69840e-07
No. of Data Rows : 221009
ts40                =  2.51397e-09
ts60                =  2.53306e-09
tk                  =  6.59127e-10
tk                  =  1.28051e-09
tk                  =  1.90179e-09
tk                  =  2.52315e-09
tk                  =  3.14432e-09
tk                  =  3.76564e-09
tk                  =  4.38700e-09
tk                  =  5.00813e-09
tk                  =  5.62939e-09
tk                  =  6.25082e-09
tk                  =  6.87219e-09
tk                  =  7.49337e-09
tk                  =  8.11462e-09
tk                  =  8.73603e-09
tk                  =  9.35736e-09
tk                  =  9.97868e-09
tk                  =  1.06001e-08
tk                  =  1.12216e-08
tk                  =  1.18431e-08
tk                  =  1.24643e-08
tk                  =  1.30857e-08
tk                  =  1.37070e-08
tk                  =  1.43283e-08
tk                  =  1.49496e-08
tk                  =  1.55708e-08
tk                  =  1.61920e-08
tk                  =  1.68133e-08
tk                  =  1.74348e-08
tk                  =  1.80561e-08
tk                  =  1.86773e-08
tk                  =  1.92987e-08
tk                  =  1.99199e-08
tk                  =  2.05412e-08
tk                  =  2.11626e-08
tk                  =  2.17839e-08
tk                  =  2.24053e-08
tk                  =  2.30267e-08
tk                  =  2.36481e-08
tk                  =  2.42693e-08
tk                  =  2.48907e-08
tk                  =  2.55120e-08
tk                  =  2.61333e-08
tk                  =  2.67546e-08
tk                  =  2.73760e-08
tk                  =  2.79974e-08
tk                  =  2.86188e-08
tk                  =  2.92401e-08
tk                  =  2.98614e-08
tk                  =  3.04829e-08
tk                  =  3.11042e-08
tk                  =  3.17256e-08
tk                  =  3.23470e-08
tk                  =  3.29685e-08
tk                  =  3.35898e-08
tk                  =  3.42113e-08
tk                  =  3.48327e-08
tk                  =  3.54541e-08
tk                  =  3.60754e-08
tk                  =  3.66968e-08
tk                  =  3.73180e-08
tk                  =  3.79395e-08
tk                  =  3.85610e-08
tk                  =  3.91824e-08
tk                  =  3.98038e-08
tk                  =  4.04251e-08
tk                  =  4.10465e-08
tk                  =  4.16680e-08
tk                  =  4.22892e-08
tk                  =  4.29105e-08
tk                  =  4.35319e-08
tk                  =  4.41532e-08
tk                  =  4.47747e-08
tk                  =  4.53961e-08
tk                  =  4.60174e-08
tk                  =  4.66386e-08
tk                  =  4.72601e-08
tk                  =  4.78814e-08
tk                  =  4.85028e-08
tk                  =  4.91240e-08
tk                  =  4.97455e-08
tk                  =  5.03669e-08
tk                  =  5.09883e-08
tk                  =  5.16095e-08
tk                  =  5.22309e-08
tk                  =  5.28522e-08
tk                  =  5.34735e-08
tk                  =  5.40949e-08
tk                  =  5.47162e-08
tk                  =  5.53375e-08
tk                  =  5.59587e-08
tk                  =  5.65800e-08
tk                  =  5.72014e-08
tk                  =  5.78227e-08
tk                  =  5.84440e-08
tk                  =  5.90654e-08
tk                  =  5.96868e-08
tk                  =  6.03083e-08
tk                  =  6.09296e-08
tk                  =  6.15508e-08
tk                  =  6.21722e-08
tk                  =  6.27934e-08
tk                  =  6.34148e-08
tk                  =  6.40360e-08
tk                  =  6.46576e-08
tk                  =  6.52789e-08
tk                  =  6.59001e-08
tk                  =  6.65214e-08
tk                  =  6.71428e-08
tk                  =  6.77642e-08
tk                  =  6.83855e-08
tk                  =  6.90069e-08
tk                  =  6.96281e-08
tk                  =  7.02496e-08
tk                  =  7.08709e-08
tk                  =  7.14922e-08
tk                  =  7.21138e-08
tk                  =  7.27353e-08
tk                  =  7.33566e-08
tk                  =  7.39780e-08
tk                  =  7.45994e-08
tk                  =  7.52207e-08
tk                  =  7.58418e-08
tk                  =  7.64632e-08
tk                  =  7.70846e-08
tk                  =  7.77058e-08
tk                  =  7.83272e-08
tk                  =  7.89486e-08
tk                  =  7.95698e-08
tk                  =  8.01912e-08
m_period = 6.2134447969e-10
m_f_osc = 1.6094131882e+09
m_slew_v_per_s = 3.4587569437e+10
m_sigma_1 = 9.2373126746e-14
m_sigma_2 = 1.2716222213e-13
m_sigma_4 = 1.7864037098e-13
m_sigma_8 = 2.6505331587e-13
m_sigma_16 = 3.8735039728e-13
m_sigma_32 = 6.5435748253e-13
Note: Simulation executed from .control section 

Warning: m=xx on .subckt line will override multiplier m hierarchy!

