
Note: Compatibility modes selected: hs a


Circuit: * ro-inv-05stage-jitter @ tt_27c_3.30v -- generated by sim/harness, do not edit

Doing analysis at TEMP = 27.000000 and TNOM = 27.000000

Using SPARSE 1.3 as Direct Linear Solver

Initial Transient Solution
--------------------------

Node                                   Voltage
----                                   -------
vdd                                        3.3
n2                                         3.3
g1                                           0
n3                                 5.43322e-09
g2                                         3.3
n4                                         3.3
g3                                 5.43322e-09
n5                                 5.43322e-09
g4                                         3.3
n1                                           0
g5                                 5.43322e-09
xing                                     -1.65
xs40                                     -1.32
xs60                                     -1.98
bs60#branch                                  0
bs40#branch                                  0
bxing#branch                                 0
vn5#branch                                   0
vn4#branch                                   0
vn3#branch                                   0
vn2#branch                                   0
vn1#branch                                   0
vdd#branch                        -0.000497416

 Reference value :  5.83500e-10
 Reference value :  4.76150e-09
 Reference value :  7.56450e-09
 Reference value :  1.09707e-08
 Reference value :  1.46403e-08
 Reference value :  1.74225e-08
 Reference value :  2.03001e-08
 Reference value :  2.30401e-08
 Reference value :  2.61192e-08
 Reference value :  2.93725e-08
 Reference value :  3.25735e-08
 Reference value :  3.57975e-08
 Reference value :  3.85635e-08
 Reference value :  4.12925e-08
 Reference value :  4.40203e-08
 Reference value :  4.66515e-08
 Reference value :  4.94507e-08
 Reference value :  5.23603e-08
 Reference value :  5.56335e-08
 Reference value :  5.84135e-08
 Reference value :  6.11635e-08
 Reference value :  6.39545e-08
 Reference value :  6.68135e-08
 Reference value :  6.97585e-08
 Reference value :  7.25185e-08
 Reference value :  7.52692e-08
 Reference value :  7.80565e-08
 Reference value :  8.08200e-08
 Reference value :  8.39875e-08
 Reference value :  8.68675e-08
 Reference value :  8.95835e-08
 Reference value :  9.25200e-08
 Reference value :  9.62035e-08
 Reference value :  9.93192e-08
 Reference value :  1.02181e-07
 Reference value :  1.05443e-07
 Reference value :  1.09560e-07
 Reference value :  1.12501e-07
 Reference value :  1.15461e-07
 Reference value :  1.18528e-07
 Reference value :  1.21530e-07
 Reference value :  1.25198e-07
 Reference value :  1.27973e-07
 Reference value :  1.30681e-07
 Reference value :  1.33217e-07
 Reference value :  1.36532e-07
 Reference value :  1.39622e-07
 Reference value :  1.42620e-07
 Reference value :  1.45830e-07
 Reference value :  1.48898e-07
 Reference value :  1.51947e-07
 Reference value :  1.54881e-07
 Reference value :  1.57896e-07
 Reference value :  1.61026e-07
 Reference value :  1.64116e-07
 Reference value :  1.67116e-07
No. of Data Rows : 221009
ts40                =  2.51402e-09
ts60                =  2.53313e-09
tk                  =  6.59212e-10
tk                  =  1.28040e-09
tk                  =  1.90183e-09
tk                  =  2.52322e-09
tk                  =  3.14442e-09
tk                  =  3.76565e-09
tk                  =  4.38688e-09
tk                  =  5.00826e-09
tk                  =  5.62953e-09
tk                  =  6.25073e-09
tk                  =  6.87208e-09
tk                  =  7.49336e-09
tk                  =  8.11472e-09
tk                  =  8.73616e-09
tk                  =  9.35746e-09
tk                  =  9.97872e-09
tk                  =  1.06002e-08
tk                  =  1.12214e-08
tk                  =  1.18428e-08
tk                  =  1.24640e-08
tk                  =  1.30853e-08
tk                  =  1.37066e-08
tk                  =  1.43280e-08
tk                  =  1.49493e-08
tk                  =  1.55706e-08
tk                  =  1.61919e-08
tk                  =  1.68134e-08
tk                  =  1.74348e-08
tk                  =  1.80560e-08
tk                  =  1.86773e-08
tk                  =  1.92984e-08
tk                  =  1.99199e-08
tk                  =  2.05412e-08
tk                  =  2.11624e-08
tk                  =  2.17835e-08
tk                  =  2.24050e-08
tk                  =  2.30263e-08
tk                  =  2.36477e-08
tk                  =  2.42692e-08
tk                  =  2.48906e-08
tk                  =  2.55118e-08
tk                  =  2.61331e-08
tk                  =  2.67544e-08
tk                  =  2.73757e-08
tk                  =  2.79971e-08
tk                  =  2.86185e-08
tk                  =  2.92399e-08
tk                  =  2.98610e-08
tk                  =  3.04824e-08
tk                  =  3.11036e-08
tk                  =  3.17250e-08
tk                  =  3.23462e-08
tk                  =  3.29675e-08
tk                  =  3.35889e-08
tk                  =  3.42103e-08
tk                  =  3.48316e-08
tk                  =  3.54530e-08
tk                  =  3.60743e-08
tk                  =  3.66955e-08
tk                  =  3.73170e-08
tk                  =  3.79383e-08
tk                  =  3.85597e-08
tk                  =  3.91811e-08
tk                  =  3.98024e-08
tk                  =  4.04237e-08
tk                  =  4.10449e-08
tk                  =  4.16662e-08
tk                  =  4.22875e-08
tk                  =  4.29090e-08
tk                  =  4.35302e-08
tk                  =  4.41515e-08
tk                  =  4.47730e-08
tk                  =  4.53944e-08
tk                  =  4.60156e-08
tk                  =  4.66370e-08
tk                  =  4.72583e-08
tk                  =  4.78797e-08
tk                  =  4.85012e-08
tk                  =  4.91225e-08
tk                  =  4.97439e-08
tk                  =  5.03651e-08
tk                  =  5.09865e-08
tk                  =  5.16078e-08
tk                  =  5.22289e-08
tk                  =  5.28502e-08
tk                  =  5.34715e-08
tk                  =  5.40928e-08
tk                  =  5.47139e-08
tk                  =  5.53352e-08
tk                  =  5.59565e-08
tk                  =  5.65779e-08
tk                  =  5.71993e-08
tk                  =  5.78206e-08
tk                  =  5.84420e-08
tk                  =  5.90634e-08
tk                  =  5.96847e-08
tk                  =  6.03061e-08
tk                  =  6.09274e-08
tk                  =  6.15487e-08
tk                  =  6.21700e-08
tk                  =  6.27914e-08
tk                  =  6.34128e-08
tk                  =  6.40342e-08
tk                  =  6.46553e-08
tk                  =  6.52767e-08
tk                  =  6.58980e-08
tk                  =  6.65196e-08
tk                  =  6.71409e-08
tk                  =  6.77622e-08
tk                  =  6.83837e-08
tk                  =  6.90051e-08
tk                  =  6.96263e-08
tk                  =  7.02476e-08
tk                  =  7.08689e-08
tk                  =  7.14901e-08
tk                  =  7.21114e-08
tk                  =  7.27328e-08
tk                  =  7.33542e-08
tk                  =  7.39755e-08
tk                  =  7.45969e-08
tk                  =  7.52182e-08
tk                  =  7.58397e-08
tk                  =  7.64609e-08
tk                  =  7.70821e-08
tk                  =  7.77035e-08
tk                  =  7.83249e-08
tk                  =  7.89462e-08
tk                  =  7.95675e-08
tk                  =  8.01888e-08
m_period = 6.2132529609e-10
m_f_osc = 1.6094628792e+09
m_slew_v_per_s = 3.4547738694e+10
m_sigma_1 = 9.1158268013e-14
m_sigma_2 = 1.2521469606e-13
m_sigma_4 = 1.5920466558e-13
m_sigma_8 = 2.1498100754e-13
m_sigma_16 = 2.4342796137e-13
m_sigma_32 = 3.0485791498e-13
Note: Simulation executed from .control section 

Warning: m=xx on .subckt line will override multiplier m hierarchy!

