
Note: Compatibility modes selected: hs a


Circuit: * ro-inv-05stage-jitter @ ff_27c_3.30v -- generated by sim/harness, do not edit

Doing analysis at TEMP = 27.000000 and TNOM = 27.000000

Using SPARSE 1.3 as Direct Linear Solver

Initial Transient Solution
--------------------------

Node                                   Voltage
----                                   -------
vdd                                        3.3
n2                                         3.3
g1                                           0
n3                                 5.71816e-09
g2                                         3.3
n4                                         3.3
g3                                 5.71816e-09
n5                                 5.71816e-09
g4                                         3.3
n1                                           0
g5                                 5.71816e-09
xing                                     -1.65
xs40                                     -1.32
xs60                                     -1.98
bs60#branch                                  0
bs40#branch                                  0
bxing#branch                                 0
vn5#branch                                   0
vn4#branch                                   0
vn3#branch                                   0
vn2#branch                                   0
vn1#branch                                   0
vdd#branch                         -0.00057955

 Reference value :  2.66500e-10
 Reference value :  2.92250e-09
 Reference value :  6.20250e-09
 Reference value :  9.01070e-09
 Reference value :  1.18865e-08
 Reference value :  1.50900e-08
 Reference value :  1.79555e-08
 Reference value :  2.07575e-08
 Reference value :  2.41365e-08
 Reference value :  2.68245e-08
 Reference value :  2.94992e-08
 Reference value :  3.27045e-08
 Reference value :  3.54800e-08
 Reference value :  3.83200e-08
 Reference value :  4.11445e-08
 Reference value :  4.43700e-08
 Reference value :  4.75585e-08
 Reference value :  5.09392e-08
 Reference value :  5.37465e-08
 Reference value :  5.68345e-08
 Reference value :  5.94985e-08
 Reference value :  6.27415e-08
 Reference value :  6.56907e-08
 Reference value :  6.85701e-08
 Reference value :  7.17415e-08
 Reference value :  7.44685e-08
 Reference value :  7.74000e-08
 Reference value :  8.04735e-08
 Reference value :  8.33625e-08
 Reference value :  8.66285e-08
 Reference value :  8.94603e-08
 Reference value :  9.24200e-08
 Reference value :  9.52575e-08
 Reference value :  9.82092e-08
 Reference value :  1.01128e-07
 Reference value :  1.03916e-07
 Reference value :  1.06920e-07
 Reference value :  1.09700e-07
 Reference value :  1.12730e-07
 Reference value :  1.15741e-07
 Reference value :  1.18650e-07
 Reference value :  1.21480e-07
 Reference value :  1.24606e-07
 Reference value :  1.27672e-07
 Reference value :  1.30682e-07
 Reference value :  1.33491e-07
 Reference value :  1.36402e-07
 Reference value :  1.39550e-07
 Reference value :  1.42840e-07
 Reference value :  1.45585e-07
 Reference value :  1.48475e-07
 Reference value :  1.51565e-07
 Reference value :  1.54666e-07
 Reference value :  1.57617e-07
 Reference value :  1.60435e-07
 Reference value :  1.63510e-07
 Reference value :  1.66265e-07
 Reference value :  1.69407e-07
No. of Data Rows : 221009
ts40                =  2.11184e-09
ts60                =  2.12849e-09
tk                  =  5.54283e-10
tk                  =  1.07610e-09
tk                  =  1.59800e-09
tk                  =  2.11977e-09
tk                  =  2.64156e-09
tk                  =  3.16329e-09
tk                  =  3.68508e-09
tk                  =  4.20696e-09
tk                  =  4.72869e-09
tk                  =  5.25056e-09
tk                  =  5.77241e-09
tk                  =  6.29419e-09
tk                  =  6.81592e-09
tk                  =  7.33772e-09
tk                  =  7.85956e-09
tk                  =  8.38143e-09
tk                  =  8.90315e-09
tk                  =  9.42498e-09
tk                  =  9.94670e-09
tk                  =  1.04686e-08
tk                  =  1.09903e-08
tk                  =  1.15120e-08
tk                  =  1.20339e-08
tk                  =  1.25557e-08
tk                  =  1.30776e-08
tk                  =  1.35995e-08
tk                  =  1.41213e-08
tk                  =  1.46432e-08
tk                  =  1.51650e-08
tk                  =  1.56869e-08
tk                  =  1.62085e-08
tk                  =  1.67304e-08
tk                  =  1.72520e-08
tk                  =  1.77738e-08
tk                  =  1.82957e-08
tk                  =  1.88175e-08
tk                  =  1.93392e-08
tk                  =  1.98610e-08
tk                  =  2.03830e-08
tk                  =  2.09047e-08
tk                  =  2.14264e-08
tk                  =  2.19484e-08
tk                  =  2.24702e-08
tk                  =  2.29920e-08
tk                  =  2.35138e-08
tk                  =  2.40355e-08
tk                  =  2.45573e-08
tk                  =  2.50793e-08
tk                  =  2.56012e-08
tk                  =  2.61228e-08
tk                  =  2.66448e-08
tk                  =  2.71667e-08
tk                  =  2.76885e-08
tk                  =  2.82104e-08
tk                  =  2.87322e-08
tk                  =  2.92540e-08
tk                  =  2.97758e-08
tk                  =  3.02976e-08
tk                  =  3.08194e-08
tk                  =  3.13412e-08
tk                  =  3.18630e-08
tk                  =  3.23848e-08
tk                  =  3.29067e-08
tk                  =  3.34286e-08
tk                  =  3.39504e-08
tk                  =  3.44722e-08
tk                  =  3.49940e-08
tk                  =  3.55159e-08
tk                  =  3.60376e-08
tk                  =  3.65593e-08
tk                  =  3.70812e-08
tk                  =  3.76030e-08
tk                  =  3.81248e-08
tk                  =  3.86466e-08
tk                  =  3.91685e-08
tk                  =  3.96902e-08
tk                  =  4.02121e-08
tk                  =  4.07338e-08
tk                  =  4.12556e-08
tk                  =  4.17774e-08
tk                  =  4.22993e-08
tk                  =  4.28212e-08
tk                  =  4.33430e-08
tk                  =  4.38648e-08
tk                  =  4.43867e-08
tk                  =  4.49085e-08
tk                  =  4.54304e-08
tk                  =  4.59523e-08
tk                  =  4.64740e-08
tk                  =  4.69957e-08
tk                  =  4.75173e-08
tk                  =  4.80391e-08
tk                  =  4.85609e-08
tk                  =  4.90828e-08
tk                  =  4.96047e-08
tk                  =  5.01265e-08
tk                  =  5.06482e-08
tk                  =  5.11700e-08
tk                  =  5.16918e-08
tk                  =  5.22136e-08
tk                  =  5.27355e-08
tk                  =  5.32573e-08
tk                  =  5.37792e-08
tk                  =  5.43010e-08
tk                  =  5.48228e-08
tk                  =  5.53446e-08
tk                  =  5.58663e-08
tk                  =  5.63882e-08
tk                  =  5.69099e-08
tk                  =  5.74316e-08
tk                  =  5.79533e-08
tk                  =  5.84751e-08
tk                  =  5.89970e-08
tk                  =  5.95188e-08
tk                  =  6.00406e-08
tk                  =  6.05625e-08
tk                  =  6.10841e-08
tk                  =  6.16059e-08
tk                  =  6.21277e-08
tk                  =  6.26496e-08
tk                  =  6.31714e-08
tk                  =  6.36932e-08
tk                  =  6.42149e-08
tk                  =  6.47367e-08
tk                  =  6.52586e-08
tk                  =  6.57804e-08
tk                  =  6.63022e-08
tk                  =  6.68240e-08
tk                  =  6.73458e-08
m_period = 5.2180849141e-10
m_f_osc = 1.9164118953e+09
m_slew_v_per_s = 3.9658694868e+10
m_sigma_1 = 7.3005635666e-14
m_sigma_2 = 1.0027336316e-13
m_sigma_4 = 1.3066197574e-13
m_sigma_8 = 1.7197775064e-13
m_sigma_16 = 2.2099850681e-13
m_sigma_32 = 3.4073825733e-13
Note: Simulation executed from .control section 

Warning: m=xx on .subckt line will override multiplier m hierarchy!

