
Note: Compatibility modes selected: hs a


Circuit: * ro-inv-05stage-jitter @ ff_27c_3.30v -- generated by sim/harness, do not edit

Doing analysis at TEMP = 27.000000 and TNOM = 27.000000

Using SPARSE 1.3 as Direct Linear Solver

Initial Transient Solution
--------------------------

Node                                   Voltage
----                                   -------
vdd                                        3.3
n2                                         3.3
g1                                           0
n3                                 5.71816e-09
g2                                         3.3
n4                                         3.3
g3                                 5.71816e-09
n5                                 5.71816e-09
g4                                         3.3
n1                                           0
g5                                 5.71816e-09
xing                                     -1.65
xs40                                     -1.32
xs60                                     -1.98
bs60#branch                                  0
bs40#branch                                  0
bxing#branch                                 0
vn5#branch                                   0
vn4#branch                                   0
vn3#branch                                   0
vn2#branch                                   0
vn1#branch                                   0
vdd#branch                         -0.00057955

 Reference value :  1.26500e-10
 Reference value :  3.29030e-09
 Reference value :  6.01925e-09
 Reference value :  9.07010e-09
 Reference value :  1.20007e-08
 Reference value :  1.51635e-08
 Reference value :  1.81815e-08
 Reference value :  2.12445e-08
 Reference value :  2.38745e-08
 Reference value :  2.72425e-08
 Reference value :  3.01203e-08
 Reference value :  3.29503e-08
 Reference value :  3.61885e-08
 Reference value :  3.90385e-08
 Reference value :  4.19245e-08
 Reference value :  4.53965e-08
 Reference value :  4.80707e-08
 Reference value :  5.08135e-08
 Reference value :  5.40835e-08
 Reference value :  5.68435e-08
 Reference value :  5.96307e-08
 Reference value :  6.26301e-08
 Reference value :  6.57192e-08
 Reference value :  6.89925e-08
 Reference value :  7.23325e-08
 Reference value :  7.50665e-08
 Reference value :  7.80807e-08
 Reference value :  8.09275e-08
 Reference value :  8.42000e-08
 Reference value :  8.69292e-08
 Reference value :  8.98407e-08
 Reference value :  9.27585e-08
 Reference value :  9.54700e-08
 Reference value :  9.82875e-08
 Reference value :  1.01234e-07
 Reference value :  1.04035e-07
 Reference value :  1.07360e-07
 Reference value :  1.10130e-07
 Reference value :  1.13089e-07
 Reference value :  1.15955e-07
 Reference value :  1.18930e-07
 Reference value :  1.21800e-07
 Reference value :  1.24700e-07
 Reference value :  1.27480e-07
 Reference value :  1.30570e-07
 Reference value :  1.33247e-07
 Reference value :  1.36129e-07
 Reference value :  1.39165e-07
 Reference value :  1.42105e-07
 Reference value :  1.44771e-07
 Reference value :  1.48232e-07
 Reference value :  1.51279e-07
 Reference value :  1.54042e-07
 Reference value :  1.57070e-07
 Reference value :  1.60013e-07
 Reference value :  1.64035e-07
 Reference value :  1.66741e-07
 Reference value :  1.69751e-07
No. of Data Rows : 221009
ts40                =  2.11166e-09
ts60                =  2.12827e-09
tk                  =  5.54258e-10
tk                  =  1.07607e-09
tk                  =  1.59778e-09
tk                  =  2.11959e-09
tk                  =  2.64133e-09
tk                  =  3.16310e-09
tk                  =  3.68490e-09
tk                  =  4.20669e-09
tk                  =  4.72864e-09
tk                  =  5.25043e-09
tk                  =  5.77212e-09
tk                  =  6.29394e-09
tk                  =  6.81574e-09
tk                  =  7.33749e-09
tk                  =  7.85929e-09
tk                  =  8.38115e-09
tk                  =  8.90290e-09
tk                  =  9.42480e-09
tk                  =  9.94674e-09
tk                  =  1.04686e-08
tk                  =  1.09904e-08
tk                  =  1.15123e-08
tk                  =  1.20341e-08
tk                  =  1.25560e-08
tk                  =  1.30777e-08
tk                  =  1.35995e-08
tk                  =  1.41214e-08
tk                  =  1.46434e-08
tk                  =  1.51651e-08
tk                  =  1.56868e-08
tk                  =  1.62088e-08
tk                  =  1.67306e-08
tk                  =  1.72524e-08
tk                  =  1.77743e-08
tk                  =  1.82959e-08
tk                  =  1.88176e-08
tk                  =  1.93396e-08
tk                  =  1.98614e-08
tk                  =  2.03833e-08
tk                  =  2.09050e-08
tk                  =  2.14269e-08
tk                  =  2.19487e-08
tk                  =  2.24705e-08
tk                  =  2.29923e-08
tk                  =  2.35141e-08
tk                  =  2.40360e-08
tk                  =  2.45579e-08
tk                  =  2.50798e-08
tk                  =  2.56016e-08
tk                  =  2.61234e-08
tk                  =  2.66453e-08
tk                  =  2.71672e-08
tk                  =  2.76890e-08
tk                  =  2.82108e-08
tk                  =  2.87326e-08
tk                  =  2.92546e-08
tk                  =  2.97763e-08
tk                  =  3.02981e-08
tk                  =  3.08198e-08
tk                  =  3.13416e-08
tk                  =  3.18634e-08
tk                  =  3.23852e-08
tk                  =  3.29071e-08
tk                  =  3.34288e-08
tk                  =  3.39507e-08
tk                  =  3.44725e-08
tk                  =  3.49943e-08
tk                  =  3.55160e-08
tk                  =  3.60379e-08
tk                  =  3.65596e-08
tk                  =  3.70814e-08
tk                  =  3.76033e-08
tk                  =  3.81250e-08
tk                  =  3.86468e-08
tk                  =  3.91687e-08
tk                  =  3.96904e-08
tk                  =  4.02122e-08
tk                  =  4.07339e-08
tk                  =  4.12557e-08
tk                  =  4.17776e-08
tk                  =  4.22993e-08
tk                  =  4.28211e-08
tk                  =  4.33429e-08
tk                  =  4.38648e-08
tk                  =  4.43865e-08
tk                  =  4.49083e-08
tk                  =  4.54301e-08
tk                  =  4.59518e-08
tk                  =  4.64736e-08
tk                  =  4.69953e-08
tk                  =  4.75172e-08
tk                  =  4.80389e-08
tk                  =  4.85607e-08
tk                  =  4.90826e-08
tk                  =  4.96046e-08
tk                  =  5.01265e-08
tk                  =  5.06483e-08
tk                  =  5.11700e-08
tk                  =  5.16918e-08
tk                  =  5.22135e-08
tk                  =  5.27353e-08
tk                  =  5.32572e-08
tk                  =  5.37789e-08
tk                  =  5.43006e-08
tk                  =  5.48225e-08
tk                  =  5.53443e-08
tk                  =  5.58662e-08
tk                  =  5.63879e-08
tk                  =  5.69098e-08
tk                  =  5.74316e-08
tk                  =  5.79534e-08
tk                  =  5.84751e-08
tk                  =  5.89969e-08
tk                  =  5.95187e-08
tk                  =  6.00404e-08
tk                  =  6.05622e-08
tk                  =  6.10840e-08
tk                  =  6.16058e-08
tk                  =  6.21277e-08
tk                  =  6.26495e-08
tk                  =  6.31714e-08
tk                  =  6.36931e-08
tk                  =  6.42149e-08
tk                  =  6.47367e-08
tk                  =  6.52585e-08
tk                  =  6.57804e-08
tk                  =  6.63022e-08
tk                  =  6.68241e-08
tk                  =  6.73458e-08
m_period = 5.2180915234e-10
m_f_osc = 1.9164094679e+09
m_slew_v_per_s = 3.9715970634e+10
m_sigma_1 = 7.4443091370e-14
m_sigma_2 = 1.0196259037e-13
m_sigma_4 = 1.3964848206e-13
m_sigma_8 = 1.9277047849e-13
m_sigma_16 = 2.9997441849e-13
m_sigma_32 = 4.9655125586e-13
Note: Simulation executed from .control section 

Warning: m=xx on .subckt line will override multiplier m hierarchy!

