
Note: Compatibility modes selected: hs a


Circuit: * ro-inv-05stage-power @ ff_125c_3.63v -- generated by sim/harness, do not edit

Doing analysis at TEMP = 125.000000 and TNOM = 27.000000

Using SPARSE 1.3 as Direct Linear Solver

Initial Transient Solution
--------------------------

Node                                   Voltage
----                                   -------
vdd                                       3.63
n2                                     3.62999
n1                                           0
n3                                 4.73467e-07
n4                                     3.62999
n5                                 4.73467e-07
q                                  6.02666e-14
xing                                    -1.815
bxing#branch                                 0
vdd#branch                        -0.000602666

 Reference value :  1.20280e-10
 Reference value :  4.04428e-09
 Reference value :  7.84428e-09
 Reference value :  1.16323e-08
 Reference value :  1.54023e-08
 Reference value :  1.92573e-08
 Reference value :  2.29593e-08
 Reference value :  2.68963e-08
 Reference value :  3.06523e-08
 Reference value :  3.44423e-08
 Reference value :  3.81533e-08
 Reference value :  4.19103e-08
No. of Data Rows : 45008
t1                  =  1.18120e-09
t2                  =  1.03516e-08
t3                  =  1.95221e-08
q1                  =  4.96525e-04
q2                  =  4.36388e-03
q3                  =  8.23123e-03
m_period = 5.7315231250e-10
m_f_osc = 1.7447369193e+09
m_i_supply_a = 4.2171963561e-04
m_p_active_w = 1.5308422773e-03
m_e_per_cycle_j = 8.7740579128e-13
m_c_eff_node_f = 1.3317332472e-14
m_i_supply_first16_a = 4.2171946091e-04
m_i_supply_last16_a = 4.2171981030e-04
Note: Simulation executed from .control section 

Warning: m=xx on .subckt line will override multiplier m hierarchy!

