
Note: Compatibility modes selected: hs a


Circuit: * sampler-core-idle-leakage @ ss_27c_2.97v -- generated by sim/harness, do not edit

Doing analysis at TEMP = 27.000000 and TNOM = 27.000000

Using SPARSE 1.3 as Direct Linear Solver

Initial Transient Solution
--------------------------

Node                                   Voltage
----                                   -------
vsup                                      2.97
en                                           0
rst_n                                        0
clk0                                         0
clk1                                         0
vdda                                      2.97
vddb                                      2.97
xduta.xdut.xr1.xg.py                      2.97
xduta.xdut.xr1.n1                         2.97
xduta.xdut.ro1                            2.97
xduta.xdut.xr1.xg.nm                   2.35541
xduta.xdut.xr1.xg.ny               5.15975e-10
xduta.xdut.xr1.x1.py                      2.97
xduta.xdut.xr1.n2                  1.37048e-07
xduta.xdut.xr1.x1.ny               1.17127e-07
xduta.xdut.xr1.x2.py                      2.97
xduta.xdut.xr1.n3                         2.97
xduta.xdut.xr1.x2.ny                1.2406e-09
xduta.xdut.xr1.x3.py                      2.97
xduta.xdut.xr1.n4                  1.37048e-07
xduta.xdut.xr1.x3.ny               1.17127e-07
xduta.xdut.xr1.x4.py                      2.97
xduta.xdut.xr1.n5                         2.97
xduta.xdut.xr1.x4.ny                1.2406e-09
xduta.xdut.xr1.x5.py                      2.97
xduta.xdut.xr1.n6                  1.37048e-07
xduta.xdut.xr1.x5.ny               1.17127e-07
xduta.xdut.xr1.x6.py                      2.97
xduta.xdut.xr1.n7                         2.97
xduta.xdut.xr1.x6.ny                1.2406e-09
xduta.xdut.xr1.x7.py                      2.97
xduta.xdut.xr1.n8                  1.37048e-07
xduta.xdut.xr1.x7.ny               1.17127e-07
xduta.xdut.xr1.x8.py                      2.97
xduta.xdut.xr1.n9                         2.97
xduta.xdut.xr1.x8.ny                1.2406e-09
xduta.xdut.xr1.x9.py                      2.97
xduta.xdut.xr1.n10                 1.37048e-07
xduta.xdut.xr1.x9.ny               1.17127e-07
xduta.xdut.xr1.x10.py                     2.97
xduta.xdut.xr1.x10.ny               1.2406e-09
xduta.xdut.xr2.xg.py                      2.97
xduta.xdut.xr2.n1                         2.97
xduta.xdut.ro2                            2.97
xduta.xdut.xr2.xg.nm                   2.35541
xduta.xdut.xr2.xg.ny               4.77171e-10
xduta.xdut.xr2.x1.py                      2.97
xduta.xdut.xr2.n2                   1.2824e-07
xduta.xdut.xr2.x1.ny               1.08318e-07
xduta.xdut.xr2.x2.py                      2.97
xduta.xdut.xr2.n3                         2.97
xduta.xdut.xr2.x2.ny                1.1473e-09
xduta.xdut.xr2.x3.py                      2.97
xduta.xdut.xr2.n4                   1.2824e-07
xduta.xdut.xr2.x3.ny               1.08318e-07
xduta.xdut.xr2.x4.py                      2.97
xduta.xdut.xr2.n5                         2.97
xduta.xdut.xr2.x4.ny                1.1473e-09
xduta.xdut.xr2.x5.py                      2.97
xduta.xdut.xr2.n6                   1.2824e-07
xduta.xdut.xr2.x5.ny               1.08318e-07
xduta.xdut.xr2.x6.py                      2.97
xduta.xdut.xr2.n7                         2.97
xduta.xdut.xr2.x6.ny                1.1473e-09
xduta.xdut.xr2.x7.py                      2.97
xduta.xdut.xr2.n8                   1.2824e-07
xduta.xdut.xr2.x7.ny               1.08318e-07
xduta.xdut.xr2.x8.py                      2.97
xduta.xdut.xr2.n9                         2.97
xduta.xdut.xr2.x8.ny                1.1473e-09
xduta.xdut.xr2.x9.py                      2.97
xduta.xdut.xr2.n10                  1.2824e-07
xduta.xdut.xr2.x9.ny               1.08318e-07
xduta.xdut.xr2.x10.py                     2.97
xduta.xdut.xr2.x10.ny               1.1473e-09
xduta.xdut.xa1.an                  1.99214e-08
xduta.xdut.xa1.bn                  1.99214e-08
xduta.xdut.xa1.mid                     0.87436
xduta.xo                           1.86204e-07
xduta.xdut.xa1.s1                  9.31021e-08
xduta.xdut.xa1.s2                    4.729e-09
xduta.xsb.clkb                            2.97
xduta.xsb.m                        2.26019e-07
xduta.xsb.mb                              2.97
xduta.xsb.mmid                      0.00760948
xduta.xsb.mc                       3.98408e-08
xduta.xsb.s                               2.97
rba                                1.99214e-08
xduta.xsb.qb                              2.97
xduta.xsb.s2mid                     0.00760943
xduta.xsv.clkb                            2.97
xduta.xsv.m                               2.97
xduta.xsv.mb                              2.97
xduta.xsv.mmid                         2.35541
xduta.xsv.mc                       4.00538e-08
xduta.xsv.s                               2.97
rva                                1.99214e-08
xduta.xsv.qb                              2.97
xduta.xsv.s2mid                     0.00760943
xdutb.xdut.xr1.xg.py                      2.97
xdutb.xdut.xr1.n1                         2.97
xdutb.xdut.ro1                            2.97
xdutb.xdut.xr1.xg.nm                   2.35541
xdutb.xdut.xr1.xg.ny               5.15975e-10
xdutb.xdut.xr1.x1.py                      2.97
xdutb.xdut.xr1.n2                  1.37048e-07
xdutb.xdut.xr1.x1.ny               1.17127e-07
xdutb.xdut.xr1.x2.py                      2.97
xdutb.xdut.xr1.n3                         2.97
xdutb.xdut.xr1.x2.ny                1.2406e-09
xdutb.xdut.xr1.x3.py                      2.97
xdutb.xdut.xr1.n4                  1.37048e-07
xdutb.xdut.xr1.x3.ny               1.17127e-07
xdutb.xdut.xr1.x4.py                      2.97
xdutb.xdut.xr1.n5                         2.97
xdutb.xdut.xr1.x4.ny                1.2406e-09
xdutb.xdut.xr1.x5.py                      2.97
xdutb.xdut.xr1.n6                  1.37048e-07
xdutb.xdut.xr1.x5.ny               1.17127e-07
xdutb.xdut.xr1.x6.py                      2.97
xdutb.xdut.xr1.n7                         2.97
xdutb.xdut.xr1.x6.ny                1.2406e-09
xdutb.xdut.xr1.x7.py                      2.97
xdutb.xdut.xr1.n8                  1.37048e-07
xdutb.xdut.xr1.x7.ny               1.17127e-07
xdutb.xdut.xr1.x8.py                      2.97
xdutb.xdut.xr1.n9                         2.97
xdutb.xdut.xr1.x8.ny                1.2406e-09
xdutb.xdut.xr1.x9.py                      2.97
xdutb.xdut.xr1.n10                 1.37048e-07
xdutb.xdut.xr1.x9.ny               1.17127e-07
xdutb.xdut.xr1.x10.py                     2.97
xdutb.xdut.xr1.x10.ny               1.2406e-09
xdutb.xdut.xr2.xg.py                      2.97
xdutb.xdut.xr2.n1                         2.97
xdutb.xdut.ro2                            2.97
xdutb.xdut.xr2.xg.nm                   2.35541
xdutb.xdut.xr2.xg.ny               4.77172e-10
xdutb.xdut.xr2.x1.py                      2.97
xdutb.xdut.xr2.n2                   1.2824e-07
xdutb.xdut.xr2.x1.ny               1.08318e-07
xdutb.xdut.xr2.x2.py                      2.97
xdutb.xdut.xr2.n3                         2.97
xdutb.xdut.xr2.x2.ny                1.1473e-09
xdutb.xdut.xr2.x3.py                      2.97
xdutb.xdut.xr2.n4                   1.2824e-07
xdutb.xdut.xr2.x3.ny               1.08318e-07
xdutb.xdut.xr2.x4.py                      2.97
xdutb.xdut.xr2.n5                         2.97
xdutb.xdut.xr2.x4.ny                1.1473e-09
xdutb.xdut.xr2.x5.py                      2.97
xdutb.xdut.xr2.n6                   1.2824e-07
xdutb.xdut.xr2.x5.ny               1.08318e-07
xdutb.xdut.xr2.x6.py                      2.97
xdutb.xdut.xr2.n7                         2.97
xdutb.xdut.xr2.x6.ny                1.1473e-09
xdutb.xdut.xr2.x7.py                      2.97
xdutb.xdut.xr2.n8                   1.2824e-07
xdutb.xdut.xr2.x7.ny               1.08318e-07
xdutb.xdut.xr2.x8.py                      2.97
xdutb.xdut.xr2.n9                         2.97
xdutb.xdut.xr2.x8.ny                1.1473e-09
xdutb.xdut.xr2.x9.py                      2.97
xdutb.xdut.xr2.n10                  1.2824e-07
xdutb.xdut.xr2.x9.ny               1.08318e-07
xdutb.xdut.xr2.x10.py                     2.97
xdutb.xdut.xr2.x10.ny               1.1473e-09
xdutb.xdut.xa1.an                  1.99214e-08
xdutb.xdut.xa1.bn                  1.99214e-08
xdutb.xdut.xa1.mid                    0.874359
xdutb.xo                           1.86204e-07
xdutb.xdut.xa1.s1                   9.3102e-08
xdutb.xdut.xa1.s2                  4.72899e-09
xdutb.xsb.clkb                            2.97
xdutb.xsb.m                        2.26019e-07
xdutb.xsb.mb                              2.97
xdutb.xsb.mmid                      0.00760948
xdutb.xsb.mc                       3.98408e-08
xdutb.xsb.s                               2.97
rbb                                1.99214e-08
xdutb.xsb.qb                              2.97
xdutb.xsb.s2mid                     0.00760943
xdutb.xsv.clkb                            2.97
xdutb.xsv.m                               2.97
xdutb.xsv.mb                              2.97
xdutb.xsv.mmid                         2.35541
xdutb.xsv.mc                       4.00538e-08
xdutb.xsv.s                               2.97
rvb                                1.99214e-08
xdutb.xsv.qb                              2.97
xdutb.xsv.s2mid                     0.00760943
qa                                -1.77517e-20
qb                                -1.77522e-20
vsb#branch                         1.77522e-10
vsa#branch                         1.77517e-10
vclk1#branch                                 0
vclk0#branch                                 0
vrst#branch                                  0
ven#branch                                   0
vsup#branch                       -3.55039e-10

 Reference value :  0.00000e+00
 Reference value :  2.12560e-08
 Reference value :  4.36560e-08
 Reference value :  6.72560e-08
 Reference value :  9.12560e-08
 Reference value :  1.06922e-07
 Reference value :  1.26922e-07
 Reference value :  1.50322e-07
 Reference value :  1.73922e-07
 Reference value :  1.96922e-07
 Reference value :  2.09925e-07
 Reference value :  2.25925e-07
 Reference value :  2.48725e-07
 Reference value :  2.71925e-07
 Reference value :  2.95125e-07
 Reference value :  3.10001e-07
 Reference value :  3.33001e-07
 Reference value :  3.55601e-07
 Reference value :  3.78401e-07
 Reference value :  4.01601e-07
 Reference value :  4.25001e-07
 Reference value :  4.48401e-07
 Reference value :  4.72201e-07
 Reference value :  4.95201e-07
 Reference value :  5.18201e-07
 Reference value :  5.41001e-07
 Reference value :  5.63401e-07
 Reference value :  5.86801e-07
 Reference value :  6.09601e-07
 Reference value :  6.32601e-07
 Reference value :  6.55001e-07
 Reference value :  6.77801e-07
 Reference value :  7.01001e-07
 Reference value :  7.24001e-07
 Reference value :  7.47001e-07
 Reference value :  7.72201e-07
 Reference value :  7.97001e-07
 Reference value :  8.20401e-07
 Reference value :  8.44401e-07
 Reference value :  8.70801e-07
 Reference value :  8.94801e-07
 Reference value :  9.20001e-07
 Reference value :  9.44401e-07
 Reference value :  9.68801e-07
 Reference value :  9.93601e-07
No. of Data Rows : 5057
qax                 =  -2.67404e-05
qa0                 =  -2.68009e-05
qa1                 =  -2.68603e-05
qbx                 =  -1.29475e-05
qb0                 =  -1.29833e-05
qb1                 =  -1.30190e-05
vro1                =  2.97000e+00
vro2                =  2.97000e+00
vxo                 =  6.51167e-07
vn1                 =  2.97000e+00
vn2                 =  1.40639e-07
vrba                =  4.60017e-06
vrva                =  2.97000e+00
vrbb                =  2.06456e-08
vrvb                =  2.97000e+00
vsupm               =  2.97000e+00
m_i_idle_clklo_a = 2.9715000000e-10
m_i_idle_clkhi_a = 1.7870000000e-10
m_p_idle_clklo_w = 8.8253550000e-10
m_p_idle_clkhi_w = 5.3073900000e-10
m_i_idle_clklo_prev_a = 3.0255000000e-10
m_i_idle_clkhi_prev_a = 1.7865000000e-10
m_i_idle_worst_a = 2.9715000000e-10
m_p_idle_worst_w = 8.8253550000e-10
m_v_ro1_v = 2.9699990000e+00
m_v_ro2_v = 2.9700000000e+00
m_v_xo_v = 6.5116720000e-07
m_v_n1_v = 2.9699990000e+00
m_v_n2_v = 1.4063940000e-07
m_v_rawbit_clklo_v = 4.6001710000e-06
m_v_rawvalid_clklo_v = 2.9700010000e+00
m_v_rawbit_clkhi_v = 2.0645550000e-08
m_v_rawvalid_clkhi_v = 2.9700000000e+00
m_v_sup_v = 2.9700000000e+00
Note: Simulation executed from .control section 

Warning: m=xx on .subckt line will override multiplier m hierarchy!

Note: Starting dynamic gmin stepping
Warning: Dynamic gmin stepping failed
Note: Starting true gmin stepping
Note: True gmin stepping completed
