
Note: Compatibility modes selected: hs a


Circuit: * ro-inv-05stage-jitter @ ss_-40c_3.30v -- generated by sim/harness, do not edit

Doing analysis at TEMP = -40.000000 and TNOM = 27.000000

Using SPARSE 1.3 as Direct Linear Solver

Initial Transient Solution
--------------------------

Node                                   Voltage
----                                   -------
vdd                                        3.3
n2                                         3.3
g1                                           0
n3                                 4.75225e-09
g2                                         3.3
n4                                         3.3
g3                                 4.75225e-09
n5                                 4.75225e-09
g4                                         3.3
n1                                           0
g5                                 4.75225e-09
xing                                     -1.65
xs40                                     -1.32
xs60                                     -1.98
bs60#branch                                  0
bs40#branch                                  0
bxing#branch                                 0
vn5#branch                                   0
vn4#branch                                   0
vn3#branch                                   0
vn2#branch                                   0
vn1#branch                                   0
vdd#branch                        -0.000468866

 Reference value :  3.69250e-10
 Reference value :  3.57250e-09
 Reference value :  6.96150e-09
 Reference value :  1.01515e-08
 Reference value :  1.32992e-08
 Reference value :  1.65303e-08
 Reference value :  1.94892e-08
 Reference value :  2.25807e-08
 Reference value :  2.55735e-08
 Reference value :  2.84965e-08
 Reference value :  3.16603e-08
 Reference value :  3.47092e-08
 Reference value :  3.78303e-08
 Reference value :  4.08301e-08
 Reference value :  4.48045e-08
 Reference value :  4.80355e-08
 Reference value :  5.08145e-08
 Reference value :  5.38903e-08
 Reference value :  5.68135e-08
 Reference value :  6.00903e-08
 Reference value :  6.36945e-08
 Reference value :  6.66707e-08
 Reference value :  7.00300e-08
 Reference value :  7.33445e-08
 Reference value :  7.69207e-08
 Reference value :  7.99255e-08
 Reference value :  8.33975e-08
 Reference value :  8.72055e-08
 Reference value :  9.08501e-08
 Reference value :  9.41592e-08
 Reference value :  9.74435e-08
 Reference value :  1.00551e-07
 Reference value :  1.03833e-07
 Reference value :  1.06997e-07
 Reference value :  1.10373e-07
 Reference value :  1.13715e-07
 Reference value :  1.16693e-07
 Reference value :  1.19996e-07
 Reference value :  1.22679e-07
 Reference value :  1.25619e-07
 Reference value :  1.28688e-07
 Reference value :  1.31640e-07
 Reference value :  1.34566e-07
 Reference value :  1.37582e-07
 Reference value :  1.40522e-07
 Reference value :  1.43228e-07
 Reference value :  1.46144e-07
 Reference value :  1.49032e-07
 Reference value :  1.51806e-07
 Reference value :  1.54706e-07
 Reference value :  1.57484e-07
 Reference value :  1.60280e-07
 Reference value :  1.63061e-07
 Reference value :  1.65797e-07
 Reference value :  1.68741e-07
No. of Data Rows : 221009
ts40                =  2.68067e-09
ts60                =  2.70008e-09
tk                  =  7.02482e-10
tk                  =  1.36500e-09
tk                  =  2.02759e-09
tk                  =  2.69010e-09
tk                  =  3.35276e-09
tk                  =  4.01530e-09
tk                  =  4.67770e-09
tk                  =  5.34033e-09
tk                  =  6.00276e-09
tk                  =  6.66525e-09
tk                  =  7.32791e-09
tk                  =  7.99042e-09
tk                  =  8.65273e-09
tk                  =  9.31514e-09
tk                  =  9.97747e-09
tk                  =  1.06401e-08
tk                  =  1.13026e-08
tk                  =  1.19650e-08
tk                  =  1.26275e-08
tk                  =  1.32900e-08
tk                  =  1.39524e-08
tk                  =  1.46151e-08
tk                  =  1.52776e-08
tk                  =  1.59401e-08
tk                  =  1.66026e-08
tk                  =  1.72651e-08
tk                  =  1.79275e-08
tk                  =  1.85900e-08
tk                  =  1.92527e-08
tk                  =  1.99153e-08
tk                  =  2.05780e-08
tk                  =  2.12404e-08
tk                  =  2.19028e-08
tk                  =  2.25654e-08
tk                  =  2.32280e-08
tk                  =  2.38905e-08
tk                  =  2.45530e-08
tk                  =  2.52155e-08
tk                  =  2.58779e-08
tk                  =  2.65404e-08
tk                  =  2.72030e-08
tk                  =  2.78655e-08
tk                  =  2.85281e-08
tk                  =  2.91907e-08
tk                  =  2.98531e-08
tk                  =  3.05157e-08
tk                  =  3.11782e-08
tk                  =  3.18406e-08
tk                  =  3.25032e-08
tk                  =  3.31658e-08
tk                  =  3.38284e-08
tk                  =  3.44911e-08
tk                  =  3.51534e-08
tk                  =  3.58160e-08
tk                  =  3.64785e-08
tk                  =  3.71411e-08
tk                  =  3.78037e-08
tk                  =  3.84661e-08
tk                  =  3.91289e-08
tk                  =  3.97914e-08
tk                  =  4.04540e-08
tk                  =  4.11164e-08
tk                  =  4.17789e-08
tk                  =  4.24415e-08
tk                  =  4.31040e-08
tk                  =  4.37666e-08
tk                  =  4.44290e-08
tk                  =  4.50916e-08
tk                  =  4.57541e-08
tk                  =  4.64165e-08
tk                  =  4.70792e-08
tk                  =  4.77418e-08
tk                  =  4.84043e-08
tk                  =  4.90668e-08
tk                  =  4.97295e-08
tk                  =  5.03920e-08
tk                  =  5.10545e-08
tk                  =  5.17171e-08
tk                  =  5.23797e-08
tk                  =  5.30421e-08
tk                  =  5.37047e-08
tk                  =  5.43672e-08
tk                  =  5.50296e-08
tk                  =  5.56920e-08
tk                  =  5.63547e-08
tk                  =  5.70171e-08
tk                  =  5.76798e-08
tk                  =  5.83423e-08
tk                  =  5.90048e-08
tk                  =  5.96672e-08
tk                  =  6.03296e-08
tk                  =  6.09921e-08
tk                  =  6.16547e-08
tk                  =  6.23172e-08
tk                  =  6.29798e-08
tk                  =  6.36423e-08
tk                  =  6.43049e-08
tk                  =  6.49674e-08
tk                  =  6.56300e-08
tk                  =  6.62926e-08
tk                  =  6.69549e-08
tk                  =  6.76174e-08
tk                  =  6.82799e-08
tk                  =  6.89425e-08
tk                  =  6.96049e-08
tk                  =  7.02674e-08
tk                  =  7.09301e-08
tk                  =  7.15925e-08
tk                  =  7.22550e-08
tk                  =  7.29176e-08
tk                  =  7.35802e-08
tk                  =  7.42426e-08
tk                  =  7.49050e-08
tk                  =  7.55675e-08
tk                  =  7.62301e-08
tk                  =  7.68926e-08
tk                  =  7.75553e-08
tk                  =  7.82179e-08
tk                  =  7.88804e-08
tk                  =  7.95429e-08
tk                  =  8.02054e-08
tk                  =  8.08679e-08
tk                  =  8.15305e-08
tk                  =  8.21930e-08
tk                  =  8.28555e-08
tk                  =  8.35181e-08
tk                  =  8.41807e-08
tk                  =  8.48431e-08
tk                  =  8.55056e-08
m_period = 6.6252412188e-10
m_f_osc = 1.5093790052e+09
m_slew_v_per_s = 3.4006595219e+10
m_sigma_1 = 9.2247743234e-14
m_sigma_2 = 1.2119785637e-13
m_sigma_4 = 1.5647862872e-13
m_sigma_8 = 2.0216371438e-13
m_sigma_16 = 2.9652979039e-13
m_sigma_32 = 4.1309003121e-13
Note: Simulation executed from .control section 

Warning: m=xx on .subckt line will override multiplier m hierarchy!

