
Note: Compatibility modes selected: hs a


Circuit: * ro-inv-05stage-jitter @ ss_-40c_3.30v -- generated by sim/harness, do not edit

Doing analysis at TEMP = -40.000000 and TNOM = 27.000000

Using SPARSE 1.3 as Direct Linear Solver

Initial Transient Solution
--------------------------

Node                                   Voltage
----                                   -------
vdd                                        3.3
n2                                         3.3
g1                                           0
n3                                 4.75225e-09
g2                                         3.3
n4                                         3.3
g3                                 4.75225e-09
n5                                 4.75225e-09
g4                                         3.3
n1                                           0
g5                                 4.75225e-09
xing                                     -1.65
xs40                                     -1.32
xs60                                     -1.98
bs60#branch                                  0
bs40#branch                                  0
bxing#branch                                 0
vn5#branch                                   0
vn4#branch                                   0
vn3#branch                                   0
vn2#branch                                   0
vn1#branch                                   0
vdd#branch                        -0.000468866

 Reference value :  3.62500e-10
 Reference value :  3.66350e-09
 Reference value :  6.98925e-09
 Reference value :  1.02675e-08
 Reference value :  1.35225e-08
 Reference value :  1.67815e-08
 Reference value :  1.97607e-08
 Reference value :  2.27585e-08
 Reference value :  2.56603e-08
 Reference value :  2.86565e-08
 Reference value :  3.17365e-08
 Reference value :  3.47855e-08
 Reference value :  3.78901e-08
 Reference value :  4.09703e-08
 Reference value :  4.46900e-08
 Reference value :  4.80335e-08
 Reference value :  5.08855e-08
 Reference value :  5.39425e-08
 Reference value :  5.69292e-08
 Reference value :  6.01792e-08
 Reference value :  6.37703e-08
 Reference value :  6.69635e-08
 Reference value :  7.03165e-08
 Reference value :  7.40403e-08
 Reference value :  7.72925e-08
 Reference value :  8.04407e-08
 Reference value :  8.37300e-08
 Reference value :  8.77845e-08
 Reference value :  9.10500e-08
 Reference value :  9.46035e-08
 Reference value :  9.77585e-08
 Reference value :  1.00916e-07
 Reference value :  1.04081e-07
 Reference value :  1.07446e-07
 Reference value :  1.11054e-07
 Reference value :  1.14246e-07
 Reference value :  1.17253e-07
 Reference value :  1.20270e-07
 Reference value :  1.23058e-07
 Reference value :  1.26291e-07
 Reference value :  1.29286e-07
 Reference value :  1.32150e-07
 Reference value :  1.34946e-07
 Reference value :  1.38003e-07
 Reference value :  1.40862e-07
 Reference value :  1.43800e-07
 Reference value :  1.46636e-07
 Reference value :  1.49469e-07
 Reference value :  1.52377e-07
 Reference value :  1.55193e-07
 Reference value :  1.58011e-07
 Reference value :  1.60870e-07
 Reference value :  1.63723e-07
 Reference value :  1.66559e-07
 Reference value :  1.69560e-07
No. of Data Rows : 221009
ts40                =  2.68060e-09
ts60                =  2.69998e-09
tk                  =  7.02485e-10
tk                  =  1.36500e-09
tk                  =  2.02746e-09
tk                  =  2.69001e-09
tk                  =  3.35250e-09
tk                  =  4.01495e-09
tk                  =  4.67744e-09
tk                  =  5.34003e-09
tk                  =  6.00255e-09
tk                  =  6.66523e-09
tk                  =  7.32775e-09
tk                  =  7.99015e-09
tk                  =  8.65264e-09
tk                  =  9.31512e-09
tk                  =  9.97755e-09
tk                  =  1.06401e-08
tk                  =  1.13026e-08
tk                  =  1.19652e-08
tk                  =  1.26277e-08
tk                  =  1.32903e-08
tk                  =  1.39529e-08
tk                  =  1.46154e-08
tk                  =  1.52779e-08
tk                  =  1.59403e-08
tk                  =  1.66029e-08
tk                  =  1.72657e-08
tk                  =  1.79283e-08
tk                  =  1.85907e-08
tk                  =  1.92532e-08
tk                  =  1.99158e-08
tk                  =  2.05783e-08
tk                  =  2.12410e-08
tk                  =  2.19034e-08
tk                  =  2.25660e-08
tk                  =  2.32285e-08
tk                  =  2.38910e-08
tk                  =  2.45535e-08
tk                  =  2.52162e-08
tk                  =  2.58784e-08
tk                  =  2.65409e-08
tk                  =  2.72035e-08
tk                  =  2.78660e-08
tk                  =  2.85286e-08
tk                  =  2.91911e-08
tk                  =  2.98536e-08
tk                  =  3.05162e-08
tk                  =  3.11786e-08
tk                  =  3.18413e-08
tk                  =  3.25037e-08
tk                  =  3.31663e-08
tk                  =  3.38288e-08
tk                  =  3.44912e-08
tk                  =  3.51537e-08
tk                  =  3.58162e-08
tk                  =  3.64787e-08
tk                  =  3.71414e-08
tk                  =  3.78039e-08
tk                  =  3.84665e-08
tk                  =  3.91290e-08
tk                  =  3.97918e-08
tk                  =  4.04543e-08
tk                  =  4.11169e-08
tk                  =  4.17794e-08
tk                  =  4.24419e-08
tk                  =  4.31045e-08
tk                  =  4.37671e-08
tk                  =  4.44296e-08
tk                  =  4.50920e-08
tk                  =  4.57545e-08
tk                  =  4.64170e-08
tk                  =  4.70796e-08
tk                  =  4.77423e-08
tk                  =  4.84049e-08
tk                  =  4.90675e-08
tk                  =  4.97301e-08
tk                  =  5.03927e-08
tk                  =  5.10551e-08
tk                  =  5.17176e-08
tk                  =  5.23802e-08
tk                  =  5.30426e-08
tk                  =  5.37051e-08
tk                  =  5.43677e-08
tk                  =  5.50302e-08
tk                  =  5.56928e-08
tk                  =  5.63553e-08
tk                  =  5.70179e-08
tk                  =  5.76803e-08
tk                  =  5.83430e-08
tk                  =  5.90054e-08
tk                  =  5.96681e-08
tk                  =  6.03306e-08
tk                  =  6.09932e-08
tk                  =  6.16558e-08
tk                  =  6.23184e-08
tk                  =  6.29809e-08
tk                  =  6.36434e-08
tk                  =  6.43059e-08
tk                  =  6.49685e-08
tk                  =  6.56311e-08
tk                  =  6.62936e-08
tk                  =  6.69561e-08
tk                  =  6.76186e-08
tk                  =  6.82811e-08
tk                  =  6.89437e-08
tk                  =  6.96063e-08
tk                  =  7.02688e-08
tk                  =  7.09314e-08
tk                  =  7.15939e-08
tk                  =  7.22563e-08
tk                  =  7.29188e-08
tk                  =  7.35813e-08
tk                  =  7.42437e-08
tk                  =  7.49065e-08
tk                  =  7.55691e-08
tk                  =  7.62317e-08
tk                  =  7.68942e-08
tk                  =  7.75567e-08
tk                  =  7.82193e-08
tk                  =  7.88819e-08
tk                  =  7.95444e-08
tk                  =  8.02069e-08
tk                  =  8.08693e-08
tk                  =  8.15319e-08
tk                  =  8.21946e-08
tk                  =  8.28571e-08
tk                  =  8.35195e-08
tk                  =  8.41821e-08
tk                  =  8.48446e-08
tk                  =  8.55072e-08
m_period = 6.6253675625e-10
m_f_osc = 1.5093502218e+09
m_slew_v_per_s = 3.4045187249e+10
m_sigma_1 = 8.1848613617e-14
m_sigma_2 = 1.1258613131e-13
m_sigma_4 = 1.4987865518e-13
m_sigma_8 = 1.9029732543e-13
m_sigma_16 = 2.3517772304e-13
m_sigma_32 = 3.0043754576e-13
Note: Simulation executed from .control section 

Warning: m=xx on .subckt line will override multiplier m hierarchy!

