
Note: Compatibility modes selected: hs a


Circuit: * inv-stage-noise @ tt_125c_3.30v -- generated by sim/harness, do not edit

Doing analysis at TEMP = 125.000000 and TNOM = 27.000000

Using SPARSE 1.3 as Direct Linear Solver

No. of Data Rows : 1
Doing analysis at TEMP = 125.000000 and TNOM = 27.000000

Using SPARSE 1.3 as Direct Linear Solver

No. of Data Rows : 81
Doing analysis at TEMP = 125.000000 and TNOM = 27.000000

Using SPARSE 1.3 as Direct Linear Solver

No. of Data Rows : 81

No. of Data Rows : 1
Doing analysis at TEMP = 125.000000 and TNOM = 27.000000

Using SPARSE 1.3 as Direct Linear Solver

No. of Data Rows : 31

No. of Data Rows : 1
m_vtrip = 1.5494172219e+00
m_gain_1meg = 1.6526459622e+01
m_gain_100meg = 1.6137456519e+01
m_gain_1g = 6.8178605073e+00
m_inoise_dens_1meg = 4.4957901640e-08
m_inoise_dens_10meg = 1.7049383073e-08
m_inoise_dens_100meg = 1.0062727253e-08
m_inoise_dens_1g = 8.9610260413e-09
m_inoise_dens_10g = 8.4930280605e-09
m_onoise_dens_1meg = 7.4299494615e-07
m_onoise_dens_1g = 6.1095025552e-08
m_onoise_rms_1k_100g = 4.6916824177e-03
m_onoise_rms_100meg_100g = 3.7365436387e-03
Note: Simulation executed from .control section 

Warning: m=xx on .subckt line will override multiplier m hierarchy!

