
Note: Compatibility modes selected: hs a


Circuit: * cinv-stage-noise @ ss_-40c_3.30v -- generated by sim/harness, do not edit

Doing analysis at TEMP = -40.000000 and TNOM = 27.000000

Using SPARSE 1.3 as Direct Linear Solver

No. of Data Rows : 1
Doing analysis at TEMP = -40.000000 and TNOM = 27.000000

Using SPARSE 1.3 as Direct Linear Solver

No. of Data Rows : 81
Doing analysis at TEMP = -40.000000 and TNOM = 27.000000

Using SPARSE 1.3 as Direct Linear Solver

No. of Data Rows : 81

No. of Data Rows : 1
Doing analysis at TEMP = -40.000000 and TNOM = 27.000000

Using SPARSE 1.3 as Direct Linear Solver

No. of Data Rows : 31

No. of Data Rows : 1
m_vtrip = 1.4934299442e+00
m_vbias_n = 1.7508546957e+00
m_vbias_p = 1.0037298964e+00
m_gain_1meg = 2.4937671030e+01
m_gain_100meg = 2.2265649129e+01
m_gain_1g = 4.8709085212e+00
m_inoise_dens_1meg = 3.4881378032e-08
m_inoise_dens_10meg = 1.4284709952e-08
m_inoise_dens_100meg = 9.6051205999e-09
m_inoise_dens_1g = 8.8568473825e-09
m_inoise_dens_10g = 8.3258990463e-09
m_onoise_dens_1meg = 8.6986033045e-07
m_onoise_dens_1g = 4.3140893387e-08
m_onoise_rms_1k_100g = 4.8663660473e-03
m_onoise_rms_100meg_100g = 3.3696855554e-03
Note: Simulation executed from .control section 

Warning: m=xx on .subckt line will override multiplier m hierarchy!

