
Note: Compatibility modes selected: hs a


Circuit: * sampler-dff-setup-hold @ fs_27c_2.97v -- generated by sim/harness, do not edit

Doing analysis at TEMP = 27.000000 and TNOM = 27.000000

Using SPARSE 1.3 as Direct Linear Solver

Initial Transient Solution
--------------------------

Node                                   Voltage
----                                   -------
vdd                                       2.97
rst_n                                        0
clk                                          0
d                                            0
xdut.clkb                                 2.97
xdut.m                              3.2619e-08
xdut.mb                                   2.97
xdut.mmid                             0.066807
xdut.mc                            3.26492e-08
xdut.s                                    2.97
q                                  1.63263e-08
xdut.qb                                   2.97
xdut.s2mid                           0.0668072
vth                                      1.485
bvth#branch                                  0
vd#branch                          8.91808e-12
vclk#branch                                  0
vrst#branch                                  0
vdd#branch                        -4.47004e-11

 Reference value :  0.00000e+00
 Reference value :  1.52472e-07
 Reference value :  3.13904e-07
 Reference value :  4.83504e-07
 Reference value :  6.50704e-07
 Reference value :  8.10411e-07
 Reference value :  9.73611e-07
 Reference value :  1.14201e-06
 Reference value :  1.30194e-06
 Reference value :  1.43284e-06
 Reference value :  1.56994e-06
 Reference value :  1.71164e-06
 Reference value :  1.87065e-06
 Reference value :  2.03585e-06
 Reference value :  2.19885e-06
 Reference value :  2.35397e-06
 Reference value :  2.51477e-06
 Reference value :  2.68147e-06
 Reference value :  2.84512e-06
 Reference value :  3.00402e-06
 Reference value :  3.16712e-06
 Reference value :  3.33582e-06
 Reference value :  3.50032e-06
 Reference value :  3.66382e-06
 Reference value :  3.82675e-06
 Reference value :  3.99455e-06
 Reference value :  4.16125e-06
 Reference value :  4.31721e-06
 Reference value :  4.48041e-06
 Reference value :  4.64294e-06
 Reference value :  4.80465e-06
 Reference value :  4.96745e-06
 Reference value :  5.13755e-06
 Reference value :  5.30000e-06
 Reference value :  5.45732e-06
 Reference value :  5.62042e-06
 Reference value :  5.78562e-06
 Reference value :  5.94665e-06
 Reference value :  6.10565e-06
 Reference value :  6.26515e-06
 Reference value :  6.42830e-06
No. of Data Rows : 65270
tclk1               =  3.00001e-07
tclk2               =  1.30000e-06
tq_r1               =  3.00113e-07
tq_f1               =  1.30012e-06
q_rst               =  1.63263e-08
q_e1                =  2.97000e+00
q_e2                =  -1.89369e-06
q_e3a               =  3.72312e-05
q_e3b               =  -1.99920e-06
q_e3c               =  -1.89209e-06
q_e4                =  1.75594e-06
q_e5a               =  4.27419e-04
q_e5b               =  3.05676e-06
q_e5c               =  2.92517e-06
q_e6                =  1.75594e-06
q_e7a               =  2.97127e+00
q_e7b               =  2.97000e+00
q_e7c               =  2.97000e+00
m_tpd_clk_q_rise_s = 1.1280000000e-10
m_tpd_clk_q_fall_s = 1.1200000000e-10
m_q_rst_v = 1.6326260000e-08
m_q_e1_v = 2.9700040000e+00
m_q_e2_v = -1.893690000e-06
m_q_e4_v = 1.7559430000e-06
m_q_e3_1ns_v = 3.7231170000e-05
m_q_e3_10ns_v = -1.999201000e-06
m_q_e3_100ns_v = -1.892093000e-06
m_q_e3_drift_v = -3.912326300e-05
m_q_e3_rail_dev_v = -1.892093000e-06
m_q_e5_1ns_v = 4.2741930000e-04
m_q_e5_10ns_v = 3.0567560000e-06
m_q_e5_100ns_v = 2.9251680000e-06
m_q_e5_drift_v = -4.244941320e-04
m_q_e5_rail_dev_v = 2.9251680000e-06
m_q_e6_v = 1.7559380000e-06
m_q_e7_1ns_v = 2.9712710000e+00
m_q_e7_10ns_v = 2.9700040000e+00
m_q_e7_100ns_v = 2.9700040000e+00
m_q_e7_drift_v = -1.267000000e-03
m_q_e7_rail_dev_v = -3.999998958e-06
Note: Simulation executed from .control section 

Warning: m=xx on .subckt line will override multiplier m hierarchy!

