
Note: Compatibility modes selected: hs a


Circuit: * sampler-core-idle-leakage @ ff_125c_2.97v -- generated by sim/harness, do not edit

Doing analysis at TEMP = 125.000000 and TNOM = 27.000000

Using SPARSE 1.3 as Direct Linear Solver

Initial Transient Solution
--------------------------

Node                                   Voltage
----                                   -------
vsup                                      2.97
en                                           0
rst_n                                        0
clk0                                         0
clk1                                         0
vdda                                      2.97
vddb                                      2.97
xduta.xdut.xr1.xg.py                   2.96991
xduta.xdut.xr1.n1                       2.9699
xduta.xdut.ro1                         2.96985
xduta.xdut.xr1.xg.nm                   2.55532
xduta.xdut.xr1.xg.ny               2.87797e-05
xduta.xdut.xr1.x1.py                   2.96999
xduta.xdut.xr1.n2                  4.47471e-06
xduta.xdut.xr1.x1.ny               3.86614e-06
xduta.xdut.xr1.x2.py                   2.96986
xduta.xdut.xr1.n3                      2.96985
xduta.xdut.xr1.x2.ny               4.46637e-05
xduta.xdut.xr1.x3.py                   2.96999
xduta.xdut.xr1.n4                  4.47943e-06
xduta.xdut.xr1.x3.ny               3.87022e-06
xduta.xdut.xr1.x4.py                   2.96986
xduta.xdut.xr1.n5                      2.96985
xduta.xdut.xr1.x4.ny               4.46637e-05
xduta.xdut.xr1.x5.py                   2.96999
xduta.xdut.xr1.n6                  4.47943e-06
xduta.xdut.xr1.x5.ny               3.87022e-06
xduta.xdut.xr1.x6.py                   2.96986
xduta.xdut.xr1.n7                      2.96985
xduta.xdut.xr1.x6.ny               4.46637e-05
xduta.xdut.xr1.x7.py                   2.96999
xduta.xdut.xr1.n8                  4.47943e-06
xduta.xdut.xr1.x7.ny               3.87022e-06
xduta.xdut.xr1.x8.py                   2.96986
xduta.xdut.xr1.n9                      2.96985
xduta.xdut.xr1.x8.ny               4.46637e-05
xduta.xdut.xr1.x9.py                   2.96999
xduta.xdut.xr1.n10                 4.47943e-06
xduta.xdut.xr1.x9.ny               3.87022e-06
xduta.xdut.xr1.x10.py                  2.96986
xduta.xdut.xr1.x10.ny              4.46637e-05
xduta.xdut.xr2.xg.py                   2.96992
xduta.xdut.xr2.n1                      2.96991
xduta.xdut.ro2                         2.96986
xduta.xdut.xr2.xg.nm                   2.55533
xduta.xdut.xr2.xg.ny               2.68266e-05
xduta.xdut.xr2.x1.py                   2.96999
xduta.xdut.xr2.n2                  4.21177e-06
xduta.xdut.xr2.x1.ny               3.60326e-06
xduta.xdut.xr2.x2.py                   2.96987
xduta.xdut.xr2.n3                      2.96986
xduta.xdut.xr2.x2.ny               4.16336e-05
xduta.xdut.xr2.x3.py                   2.96999
xduta.xdut.xr2.n4                  4.21597e-06
xduta.xdut.xr2.x3.ny               3.60685e-06
xduta.xdut.xr2.x4.py                   2.96987
xduta.xdut.xr2.n5                      2.96986
xduta.xdut.xr2.x4.ny               4.16336e-05
xduta.xdut.xr2.x5.py                   2.96999
xduta.xdut.xr2.n6                  4.21597e-06
xduta.xdut.xr2.x5.ny               3.60685e-06
xduta.xdut.xr2.x6.py                   2.96987
xduta.xdut.xr2.n7                      2.96986
xduta.xdut.xr2.x6.ny               4.16336e-05
xduta.xdut.xr2.x7.py                   2.96999
xduta.xdut.xr2.n8                  4.21597e-06
xduta.xdut.xr2.x7.ny               3.60685e-06
xduta.xdut.xr2.x8.py                   2.96987
xduta.xdut.xr2.n9                      2.96986
xduta.xdut.xr2.x8.ny               4.16336e-05
xduta.xdut.xr2.x9.py                   2.96999
xduta.xdut.xr2.n10                 4.21597e-06
xduta.xdut.xr2.x9.ny               3.60685e-06
xduta.xdut.xr2.x10.py                  2.96987
xduta.xdut.xr2.x10.ny              4.16336e-05
xduta.xdut.xa1.an                  6.09398e-07
xduta.xdut.xa1.bn                  6.09298e-07
xduta.xdut.xa1.mid                    0.519058
xduta.xo                           1.91421e-06
xduta.xdut.xa1.s1                  9.57102e-07
xduta.xdut.xa1.s2                   9.5599e-07
xduta.xsb.clkb                         2.96999
xduta.xsb.m                        1.95494e-06
xduta.xsb.mb                              2.97
xduta.xsb.mmid                        0.087835
xduta.xsb.mc                       6.28021e-07
xduta.xsb.s                               2.97
rba                                6.07578e-07
xduta.xsb.qb                              2.97
xduta.xsb.s2mid                      0.0878341
xduta.xsv.clkb                         2.96999
xduta.xsv.m                            2.96999
xduta.xsv.mb                           2.96999
xduta.xsv.mmid                         2.55542
xduta.xsv.mc                       8.25216e-06
xduta.xsv.s                               2.97
rva                                6.07578e-07
xduta.xsv.qb                              2.97
xduta.xsv.s2mid                      0.0878341
xdutb.xdut.xr1.xg.py                   2.96991
xdutb.xdut.xr1.n1                       2.9699
xdutb.xdut.ro1                         2.96985
xdutb.xdut.xr1.xg.nm                   2.55532
xdutb.xdut.xr1.xg.ny               2.87797e-05
xdutb.xdut.xr1.x1.py                   2.96999
xdutb.xdut.xr1.n2                  4.47471e-06
xdutb.xdut.xr1.x1.ny               3.86614e-06
xdutb.xdut.xr1.x2.py                   2.96986
xdutb.xdut.xr1.n3                      2.96985
xdutb.xdut.xr1.x2.ny               4.46637e-05
xdutb.xdut.xr1.x3.py                   2.96999
xdutb.xdut.xr1.n4                  4.47943e-06
xdutb.xdut.xr1.x3.ny               3.87022e-06
xdutb.xdut.xr1.x4.py                   2.96986
xdutb.xdut.xr1.n5                      2.96985
xdutb.xdut.xr1.x4.ny               4.46637e-05
xdutb.xdut.xr1.x5.py                   2.96999
xdutb.xdut.xr1.n6                  4.47943e-06
xdutb.xdut.xr1.x5.ny               3.87022e-06
xdutb.xdut.xr1.x6.py                   2.96986
xdutb.xdut.xr1.n7                      2.96985
xdutb.xdut.xr1.x6.ny               4.46637e-05
xdutb.xdut.xr1.x7.py                   2.96999
xdutb.xdut.xr1.n8                  4.47943e-06
xdutb.xdut.xr1.x7.ny               3.87022e-06
xdutb.xdut.xr1.x8.py                   2.96986
xdutb.xdut.xr1.n9                      2.96985
xdutb.xdut.xr1.x8.ny               4.46637e-05
xdutb.xdut.xr1.x9.py                   2.96999
xdutb.xdut.xr1.n10                 4.47943e-06
xdutb.xdut.xr1.x9.ny               3.87022e-06
xdutb.xdut.xr1.x10.py                  2.96986
xdutb.xdut.xr1.x10.ny              4.46637e-05
xdutb.xdut.xr2.xg.py                   2.96992
xdutb.xdut.xr2.n1                      2.96991
xdutb.xdut.ro2                         2.96986
xdutb.xdut.xr2.xg.nm                   2.55533
xdutb.xdut.xr2.xg.ny               2.68266e-05
xdutb.xdut.xr2.x1.py                   2.96999
xdutb.xdut.xr2.n2                  4.21177e-06
xdutb.xdut.xr2.x1.ny               3.60326e-06
xdutb.xdut.xr2.x2.py                   2.96987
xdutb.xdut.xr2.n3                      2.96986
xdutb.xdut.xr2.x2.ny               4.16336e-05
xdutb.xdut.xr2.x3.py                   2.96999
xdutb.xdut.xr2.n4                  4.21597e-06
xdutb.xdut.xr2.x3.ny               3.60685e-06
xdutb.xdut.xr2.x4.py                   2.96987
xdutb.xdut.xr2.n5                      2.96986
xdutb.xdut.xr2.x4.ny               4.16336e-05
xdutb.xdut.xr2.x5.py                   2.96999
xdutb.xdut.xr2.n6                  4.21597e-06
xdutb.xdut.xr2.x5.ny               3.60685e-06
xdutb.xdut.xr2.x6.py                   2.96987
xdutb.xdut.xr2.n7                      2.96986
xdutb.xdut.xr2.x6.ny               4.16336e-05
xdutb.xdut.xr2.x7.py                   2.96999
xdutb.xdut.xr2.n8                  4.21597e-06
xdutb.xdut.xr2.x7.ny               3.60685e-06
xdutb.xdut.xr2.x8.py                   2.96987
xdutb.xdut.xr2.n9                      2.96986
xdutb.xdut.xr2.x8.ny               4.16336e-05
xdutb.xdut.xr2.x9.py                   2.96999
xdutb.xdut.xr2.n10                 4.21597e-06
xdutb.xdut.xr2.x9.ny               3.60685e-06
xdutb.xdut.xr2.x10.py                  2.96987
xdutb.xdut.xr2.x10.ny              4.16336e-05
xdutb.xdut.xa1.an                  6.09398e-07
xdutb.xdut.xa1.bn                  6.09298e-07
xdutb.xdut.xa1.mid                    0.519058
xdutb.xo                           1.91421e-06
xdutb.xdut.xa1.s1                  9.57102e-07
xdutb.xdut.xa1.s2                   9.5599e-07
xdutb.xsb.clkb                         2.96999
xdutb.xsb.m                        1.95494e-06
xdutb.xsb.mb                              2.97
xdutb.xsb.mmid                        0.087835
xdutb.xsb.mc                       6.28021e-07
xdutb.xsb.s                               2.97
rbb                                6.07578e-07
xdutb.xsb.qb                              2.97
xdutb.xsb.s2mid                      0.0878341
xdutb.xsv.clkb                         2.96999
xdutb.xsv.m                            2.96999
xdutb.xsv.mb                           2.96999
xdutb.xsv.mmid                         2.55542
xdutb.xsv.mc                       8.25216e-06
xdutb.xsv.s                               2.97
rvb                                6.07578e-07
xdutb.xsv.qb                              2.97
xdutb.xsv.s2mid                      0.0878341
qa                                -1.79419e-18
qb                                 -1.7942e-18
vsb#branch                          1.7942e-08
vsa#branch                         1.79419e-08
vclk1#branch                                 0
vclk0#branch                                 0
vrst#branch                                  0
ven#branch                                   0
vsup#branch                       -3.58839e-08

 Reference value :  0.00000e+00
 Reference value :  2.08560e-08
 Reference value :  4.30560e-08
 Reference value :  6.54560e-08
 Reference value :  8.72560e-08
 Reference value :  1.02883e-07
 Reference value :  1.21283e-07
 Reference value :  1.43483e-07
 Reference value :  1.66283e-07
 Reference value :  1.88683e-07
 Reference value :  2.04043e-07
 Reference value :  2.19643e-07
 Reference value :  2.40043e-07
 Reference value :  2.62243e-07
 Reference value :  2.84843e-07
 Reference value :  3.01983e-07
 Reference value :  3.20183e-07
 Reference value :  3.42183e-07
 Reference value :  3.64983e-07
 Reference value :  3.87183e-07
 Reference value :  4.09783e-07
 Reference value :  4.32583e-07
 Reference value :  4.54983e-07
 Reference value :  4.77383e-07
 Reference value :  4.99783e-07
 Reference value :  5.21983e-07
 Reference value :  5.44583e-07
 Reference value :  5.67983e-07
 Reference value :  5.90783e-07
 Reference value :  6.13983e-07
 Reference value :  6.36983e-07
 Reference value :  6.58983e-07
 Reference value :  6.81783e-07
 Reference value :  7.04983e-07
 Reference value :  7.26983e-07
 Reference value :  7.48783e-07
 Reference value :  7.71183e-07
 Reference value :  7.93983e-07
 Reference value :  8.17183e-07
 Reference value :  8.39583e-07
 Reference value :  8.76183e-07
 Reference value :  9.05383e-07
 Reference value :  9.27583e-07
 Reference value :  9.49783e-07
 Reference value :  9.72783e-07
 Reference value :  9.95783e-07
No. of Data Rows : 5058
qax                 =  -3.98645e-05
qa0                 =  -4.39056e-05
qa1                 =  -4.79449e-05
qbx                 =  -2.52673e-05
qb0                 =  -2.88753e-05
qb1                 =  -3.24833e-05
vro1                =  2.96985e+00
vro2                =  2.96986e+00
vxo                 =  2.48689e-06
vn1                 =  2.96990e+00
vn2                 =  4.47352e-06
vrba                =  -6.02896e-06
vrva                =  2.96999e+00
vrbb                =  6.06903e-07
vrvb                =  2.96999e+00
vsupm               =  2.97000e+00
m_i_idle_clklo_a = 2.0196800000e-08
m_i_idle_clkhi_a = 1.8040150000e-08
m_p_idle_clklo_w = 5.9984496000e-08
m_p_idle_clkhi_w = 5.3579245500e-08
m_i_idle_clklo_prev_a = 2.0205300000e-08
m_i_idle_clkhi_prev_a = 1.8040150000e-08
m_i_idle_worst_a = 2.0196800000e-08
m_p_idle_worst_w = 5.9984496000e-08
m_v_ro1_v = 2.9698490000e+00
m_v_ro2_v = 2.9698570000e+00
m_v_xo_v = 2.4868920000e-06
m_v_n1_v = 2.9699030000e+00
m_v_n2_v = 4.4735230000e-06
m_v_rawbit_clklo_v = -6.028962000e-06
m_v_rawvalid_clklo_v = 2.9699860000e+00
m_v_rawbit_clkhi_v = 6.0690340000e-07
m_v_rawvalid_clkhi_v = 2.9699880000e+00
m_v_sup_v = 2.9700000000e+00
Note: Simulation executed from .control section 

Warning: m=xx on .subckt line will override multiplier m hierarchy!

Note: Starting dynamic gmin stepping
Warning: Dynamic gmin stepping failed
Note: Starting true gmin stepping
Note: True gmin stepping completed
