
Note: No compatibility mode selected!


Circuit: * ro-array-core-mc-freq-extracted @ tt_27c_3.30v -- generated by sim/harness, do not edit

Doing analysis at TEMP = 27.000000 and TNOM = 27.000000

Using SPARSE 1.3 as Direct Linear Solver

Initial Transient Solution
--------------------------

Node                                   Voltage
----                                   -------
vsup                                       3.3
en                                         3.3
vddr1                                      3.3
vddr2                                      3.3
vdd                                        3.3
xdut.xr1.xg.vss__t0                1.51036e-10
xdut.xr1.xg.vddr__t0                       3.3
xdut.xr1.xg.\$8                    3.89957e-08
vsubs                                 0.296323
xdut.xr1.xg.\$7                    4.10991e-08
xdut.xr1.xg.a__t0                  1.63194e-07
xdut.xr1.xg.y__t0                  1.30791e-13
xdut.xr1.xg.en__t0                         3.3
xdut.xr1.xg.\$5__t1                    1.54658
xdut.xr1.xg.vss__t1                          0
xdut.xr1.xg.vddr__t1                   3.29959
xdut.xr1.xg.\$9                        2.87446
xdut.xr1.xg.y__t1                  2.22207e-06
xdut.xr1.xg.a__t1                  1.63194e-07
xdut.xr1.xg.\$5__t2                    1.54657
xdut.xr1.xg.\$5__t0                    1.54657
xdut.xr1.xg.en__t1                         3.3
xdut.xr1.xg.y__t2                   8.5033e-13
xdut.xr1.xg.\$5                        1.54657
xdut.rn1                           1.63194e-07
xdut.xr1.n1                                  0
xdut.xr1.x1.\$5                    2.67291e-07
xdut.xr1.x1.a__t0                            0
xdut.xr1.x1.y__t0                          3.3
xdut.xr1.x1.vddr__t0                       3.3
xdut.xr1.x1.vss__t0                4.69356e-10
xdut.xr1.x1.vddr__t1                       3.3
xdut.xr1.x1.vss__t1                          0
xdut.xr1.x1.\$6                            3.3
xdut.xr1.x1.\$7                            3.3
xdut.xr1.x1.a__t1                            0
xdut.xr1.x1.y__t1                          3.3
xdut.xr1.n2                                3.3
xdut.xr1.x2.\$5                    1.41077e-07
xdut.xr1.x2.a__t0                          3.3
xdut.xr1.x2.y__t0                  1.63464e-07
xdut.xr1.x2.vddr__t0                       3.3
xdut.xr1.x2.vss__t0                2.54187e-10
xdut.xr1.x2.vddr__t1                       3.3
xdut.xr1.x2.vss__t1                          0
xdut.xr1.x2.\$6                            3.3
xdut.xr1.x2.\$7                        2.92744
xdut.xr1.x2.a__t1                          3.3
xdut.xr1.x2.y__t1                  1.63467e-07
xdut.xr1.n3                        1.63465e-07
xdut.xr1.x3.\$5                    8.25153e-08
xdut.xr1.x3.a__t0                  1.63465e-07
xdut.xr1.x3.y__t0                          3.3
xdut.xr1.x3.vddr__t0                       3.3
xdut.xr1.x3.vss__t0                1.57701e-10
xdut.xr1.x3.vddr__t1                       3.3
xdut.xr1.x3.vss__t1                          0
xdut.xr1.x3.\$6                            3.3
xdut.xr1.x3.\$7                            3.3
xdut.xr1.x3.a__t1                  1.63465e-07
xdut.xr1.x3.y__t1                          3.3
xdut.xr1.n4                                3.3
xdut.xr1.x4.\$5                    1.55983e-07
xdut.xr1.x4.a__t0                          3.3
xdut.xr1.x4.y__t0                  1.80442e-07
xdut.xr1.x4.vddr__t0                       3.3
xdut.xr1.x4.vss__t0                2.77386e-10
xdut.xr1.x4.vddr__t1                       3.3
xdut.xr1.x4.vss__t1                          0
xdut.xr1.x4.\$6                            3.3
xdut.xr1.x4.\$7                        2.92743
xdut.xr1.x4.a__t1                          3.3
xdut.xr1.x4.y__t1                  1.80445e-07
xdut.xr1.n5                        1.80443e-07
xdut.xr1.x5.\$5                    1.81029e-07
xdut.xr1.x5.a__t0                  1.80443e-07
xdut.xr1.x5.y__t0                          3.3
xdut.xr1.x5.vddr__t0                       3.3
xdut.xr1.x5.vss__t0                3.26022e-10
xdut.xr1.x5.vddr__t1                       3.3
xdut.xr1.x5.vss__t1                          0
xdut.xr1.x5.\$6                            3.3
xdut.xr1.x5.\$7                            3.3
xdut.xr1.x5.a__t1                  1.80443e-07
xdut.xr1.x5.y__t1                          3.3
xdut.xr1.n6                                3.3
xdut.xr1.x6.\$5                     1.3332e-07
xdut.xr1.x6.a__t0                          3.3
xdut.xr1.x6.y__t0                  1.53628e-07
xdut.xr1.x6.vddr__t0                       3.3
xdut.xr1.x6.vss__t0                2.41254e-10
xdut.xr1.x6.vddr__t1                       3.3
xdut.xr1.x6.vss__t1                          0
xdut.xr1.x6.\$6                            3.3
xdut.xr1.x6.\$7                        2.92745
xdut.xr1.x6.a__t1                          3.3
xdut.xr1.x6.y__t1                  1.53631e-07
xdut.xr1.n7                        1.53629e-07
xdut.xr1.x7.\$5                    2.85223e-07
xdut.xr1.x7.a__t0                  1.53629e-07
xdut.xr1.x7.y__t0                          3.3
xdut.xr1.x7.vddr__t0                       3.3
xdut.xr1.x7.vss__t0                4.97769e-10
xdut.xr1.x7.vddr__t1                       3.3
xdut.xr1.x7.vss__t1                          0
xdut.xr1.x7.\$6                            3.3
xdut.xr1.x7.\$7                            3.3
xdut.xr1.x7.a__t1                  1.53629e-07
xdut.xr1.x7.y__t1                          3.3
xdut.xr1.n8                                3.3
xdut.xr1.x8.\$5                    1.32929e-07
xdut.xr1.x8.a__t0                          3.3
xdut.xr1.x8.y__t0                  1.53746e-07
xdut.xr1.x8.vddr__t0                       3.3
xdut.xr1.x8.vss__t0                2.40196e-10
xdut.xr1.x8.vddr__t1                       3.3
xdut.xr1.x8.vss__t1                          0
xdut.xr1.x8.\$6                            3.3
xdut.xr1.x8.\$7                        2.92745
xdut.xr1.x8.a__t1                          3.3
xdut.xr1.x8.y__t1                  1.53749e-07
xdut.xr1.n9                        1.53748e-07
xdut.xr1.x9.\$5                    3.07579e-07
xdut.xr1.x9.a__t0                  1.53748e-07
xdut.xr1.x9.y__t0                          3.3
xdut.xr1.x9.vddr__t0                       3.3
xdut.xr1.x9.vss__t0                5.34664e-10
xdut.xr1.x9.vddr__t1                       3.3
xdut.xr1.x9.vss__t1                          0
xdut.xr1.x9.\$6                            3.3
xdut.xr1.x9.\$7                            3.3
xdut.xr1.x9.a__t1                  1.53748e-07
xdut.xr1.x9.y__t1                          3.3
xdut.xr1.n10                               3.3
xdut.xr1.x10.\$5                   1.41344e-07
xdut.xr1.x10.a__t0                         3.3
xdut.xr1.x10.y__t0                 1.63193e-07
xdut.xr1.x10.vddr__t0                      3.3
xdut.xr1.x10.vss__t0               2.52854e-10
xdut.xr1.x10.vddr__t1                      3.3
xdut.xr1.x10.vss__t1                         0
xdut.xr1.x10.\$6                           3.3
xdut.xr1.x10.\$7                       2.92744
xdut.xr1.x10.a__t1                         3.3
xdut.xr1.x10.y__t1                 1.63196e-07
xdut.xr2.xg.vss__t0                1.57862e-10
xdut.xr2.xg.vddr__t0                       3.3
xdut.xr2.xg.\$8                    3.61039e-08
xdut.xr2.xg.\$7                    3.82358e-08
xdut.xr2.xg.a__t0                  1.51566e-07
xdut.xr2.xg.y__t0                  1.30791e-13
xdut.xr2.xg.en__t0                         3.3
xdut.xr2.xg.\$5__t1                    1.59851
xdut.xr2.xg.vss__t1                          0
xdut.xr2.xg.vddr__t1                   3.29956
xdut.xr2.xg.\$9                        2.87464
xdut.xr2.xg.y__t1                  2.35875e-06
xdut.xr2.xg.a__t1                  1.51566e-07
xdut.xr2.xg.\$5__t2                    1.59851
xdut.xr2.xg.\$5__t0                    1.59851
xdut.xr2.xg.en__t1                         3.3
xdut.xr2.xg.y__t2                  8.50383e-13
xdut.xr2.xg.\$5                        1.59851
xdut.rn2                           1.51566e-07
xdut.xr2.n1                                  0
xdut.xr2.x1.\$5                    2.87207e-07
xdut.xr2.x1.a__t0                            0
xdut.xr2.x1.y__t0                          3.3
xdut.xr2.x1.vss__t0                5.36547e-10
xdut.xr2.x1.vddr__t0                       3.3
xdut.xr2.x1.vddr__t1                       3.3
xdut.xr2.x1.vss__t1                          0
xdut.xr2.x1.\$6                            3.3
xdut.xr2.x1.\$7                            3.3
xdut.xr2.x1.a__t1                            0
xdut.xr2.x1.y__t1                          3.3
xdut.xr2.n2                                3.3
xdut.xr2.x2.\$5                    1.23419e-07
xdut.xr2.x2.a__t0                          3.3
xdut.xr2.x2.y__t0                  1.43547e-07
xdut.xr2.x2.vss__t0                 2.4123e-10
xdut.xr2.x2.vddr__t0                       3.3
xdut.xr2.x2.vddr__t1                       3.3
xdut.xr2.x2.vss__t1                          0
xdut.xr2.x2.\$6                            3.3
xdut.xr2.x2.\$7                        2.92717
xdut.xr2.x2.a__t1                          3.3
xdut.xr2.x2.y__t1                   1.4355e-07
xdut.xr2.n3                        1.43548e-07
xdut.xr2.x3.\$5                     3.1392e-07
xdut.xr2.x3.a__t0                  1.43548e-07
xdut.xr2.x3.y__t0                          3.3
xdut.xr2.x3.vss__t0                5.91367e-10
xdut.xr2.x3.vddr__t0                       3.3
xdut.xr2.x3.vddr__t1                       3.3
xdut.xr2.x3.vss__t1                          0
xdut.xr2.x3.\$6                            3.3
xdut.xr2.x3.\$7                            3.3
xdut.xr2.x3.a__t1                  1.43548e-07
xdut.xr2.x3.y__t1                          3.3
xdut.xr2.n4                                3.3
xdut.xr2.x4.\$5                    1.39743e-07
xdut.xr2.x4.a__t0                          3.3
xdut.xr2.x4.y__t0                  1.63153e-07
xdut.xr2.x4.vss__t0                2.75002e-10
xdut.xr2.x4.vddr__t0                       3.3
xdut.xr2.x4.vddr__t1                       3.3
xdut.xr2.x4.vss__t1                          0
xdut.xr2.x4.\$6                            3.3
xdut.xr2.x4.\$7                        2.92715
xdut.xr2.x4.a__t1                          3.3
xdut.xr2.x4.y__t1                  1.63156e-07
xdut.xr2.n5                        1.63154e-07
xdut.xr2.x5.\$5                    2.36426e-07
xdut.xr2.x5.a__t0                  1.63154e-07
xdut.xr2.x5.y__t0                          3.3
xdut.xr2.x5.vss__t0                4.48071e-10
xdut.xr2.x5.vddr__t0                       3.3
xdut.xr2.x5.vddr__t1                       3.3
xdut.xr2.x5.vss__t1                          0
xdut.xr2.x5.\$6                            3.3
xdut.xr2.x5.\$7                            3.3
xdut.xr2.x5.a__t1                  1.63154e-07
xdut.xr2.x5.y__t1                          3.3
xdut.xr2.n6                                3.3
xdut.xr2.x6.\$5                    1.36511e-07
xdut.xr2.x6.a__t0                          3.3
xdut.xr2.x6.y__t0                  1.59315e-07
xdut.xr2.x6.vss__t0                2.68564e-10
xdut.xr2.x6.vddr__t0                       3.3
xdut.xr2.x6.vddr__t1                       3.3
xdut.xr2.x6.vss__t1                          0
xdut.xr2.x6.\$6                            3.3
xdut.xr2.x6.\$7                        2.92715
xdut.xr2.x6.a__t1                          3.3
xdut.xr2.x6.y__t1                  1.59318e-07
xdut.xr2.n7                        1.59316e-07
xdut.xr2.x7.\$5                    4.88567e-07
xdut.xr2.x7.a__t0                  1.59316e-07
xdut.xr2.x7.y__t0                          3.3
xdut.xr2.x7.vss__t0                9.06782e-10
xdut.xr2.x7.vddr__t0                       3.3
xdut.xr2.x7.vddr__t1                       3.3
xdut.xr2.x7.vss__t1                          0
xdut.xr2.x7.\$6                            3.3
xdut.xr2.x7.\$7                            3.3
xdut.xr2.x7.a__t1                  1.59316e-07
xdut.xr2.x7.y__t1                          3.3
xdut.xr2.n8                                3.3
xdut.xr2.x8.\$5                    1.34449e-07
xdut.xr2.x8.a__t0                          3.3
xdut.xr2.x8.y__t0                  1.56652e-07
xdut.xr2.x8.vss__t0                2.62281e-10
xdut.xr2.x8.vddr__t0                       3.3
xdut.xr2.x8.vddr__t1                       3.3
xdut.xr2.x8.vss__t1                          0
xdut.xr2.x8.\$6                            3.3
xdut.xr2.x8.\$7                        2.92716
xdut.xr2.x8.a__t1                          3.3
xdut.xr2.x8.y__t1                  1.56655e-07
xdut.xr2.n9                        1.56654e-07
xdut.xr2.x9.\$5                    2.74764e-07
xdut.xr2.x9.a__t0                  1.56654e-07
xdut.xr2.x9.y__t0                          3.3
xdut.xr2.x9.vss__t0                5.14304e-10
xdut.xr2.x9.vddr__t0                       3.3
xdut.xr2.x9.vddr__t1                       3.3
xdut.xr2.x9.vss__t1                          0
xdut.xr2.x9.\$6                            3.3
xdut.xr2.x9.\$7                            3.3
xdut.xr2.x9.a__t1                  1.56654e-07
xdut.xr2.x9.y__t1                          3.3
xdut.xr2.n10                               3.3
xdut.xr2.x10.\$5                   1.29554e-07
xdut.xr2.x10.a__t0                         3.3
xdut.xr2.x10.y__t0                 1.51564e-07
xdut.xr2.x10.vss__t0               2.56719e-10
xdut.xr2.x10.vddr__t0                      3.3
xdut.xr2.x10.vddr__t1                      3.3
xdut.xr2.x10.vss__t1                         0
xdut.xr2.x10.\$6                           3.3
xdut.xr2.x10.\$7                       2.92716
xdut.xr2.x10.a__t1                         3.3
xdut.xr2.x10.y__t1                 1.51567e-07
xdut.xb1.vss__t0                   1.77307e-12
xdut.xb1.a__t0                     1.63194e-07
xdut.xb1.y__t0                             3.3
xdut.xb1.vdd__t0                           3.3
xdut.xb1.a__t1                     1.63194e-07
xdut.xb1.y__t1                             3.3
xdut.xb1.\$5                           3.29847
ro1                                        3.3
xdut.xb2.vss__t0                   1.17079e-12
xdut.xb2.a__t0                     1.51566e-07
xdut.xb2.y__t0                             3.3
xdut.xb2.vdd__t0                           3.3
xdut.xb2.a__t1                     1.51566e-07
xdut.xb2.y__t1                             3.3
xdut.xb2.\$5                           3.29847
ro2                                        3.3
xdut.xa1.\$2__t0                   2.33564e-08
xdut.xa1.a__t0                             3.3
xdut.xa1.vss__t0                   1.78701e-11
xdut.xa1.\$3__t3                   2.37106e-08
xdut.xa1.b__t1                             3.3
xdut.xa1.vss__t3                   1.03572e-11
xdut.xa1.y__t3                     1.21437e-07
xdut.xa1.a__t3                             3.3
xdut.xa1.\$4__t1                   6.20016e-08
xdut.xa1.\$4__t0                   6.18733e-08
xdut.xa1.b__t3                             3.3
xdut.xa1.vss__t1                   2.50963e-11
xdut.xa1.y__t2                     1.21516e-07
xdut.xa1.\$2__t1                   2.35435e-08
xdut.xa1.\$6__t1                     0.0469312
xdut.xa1.\$6__t0                     0.0469312
xdut.xa1.\$3__t2                   2.39086e-08
xdut.xa1.vss__t2                   2.86768e-12
xdut.xa1.\$2__t2                   2.35935e-08
xdut.xa1.a__t1                             3.3
xdut.xa1.vdd__t0                           3.3
xdut.xa1.\$11                          2.89855
xdut.xa1.\$3__t1                   2.39615e-08
xdut.xa1.b__t0                             3.3
xdut.xa1.vdd__t3                           3.3
xdut.xa1.\$8__t3                      0.746217
xdut.xa1.a__t2                             3.3
xdut.xa1.vdd__t1                           3.3
xdut.xa1.\$8__t2                      0.746217
xdut.xa1.b__t2                             3.3
xdut.xa1.vdd__t2                           3.3
xdut.xa1.y__t0                     1.21538e-07
xdut.xa1.\$2__t3                   2.35435e-08
xdut.xa1.\$8__t1                      0.746217
xdut.xa1.y__t1                     1.21553e-07
xdut.xa1.\$3__t0                   2.39086e-08
xdut.xa1.\$8__t0                      0.746217
xdut.xa1.\$2                       2.35435e-08
xdut.xa1.\$3                       2.39086e-08
xdut.xa1.\$4                       6.19374e-08
xdut.xa1.\$6                         0.0469312
xdut.xa1.\$8                          0.746217
xo                                 1.21515e-07
q1                                 -1.0465e-15
q2                                -1.11087e-15
qt                                -6.41475e-21
vth                                       1.65
bvth#branch                                  0
vtr#branch                         6.41475e-11
vr2#branch                         1.11087e-05
vr1#branch                          1.0465e-05
ven#branch                        -2.77556e-17
vsup#branch                       -2.15737e-05

 Reference value :  0.00000e+00
 Reference value :  6.22800e-11
 Reference value :  7.42800e-11
 Reference value :  9.22800e-11
 Reference value :  1.40280e-10
 Reference value :  2.52280e-10
 Reference value :  3.59280e-10
 Reference value :  4.84280e-10
 Reference value :  5.88280e-10
 Reference value :  6.09280e-10
 Reference value :  6.74280e-10
 Reference value :  7.58280e-10
 Reference value :  8.56280e-10
 Reference value :  9.51280e-10
 Reference value :  9.72280e-10
 Reference value :  9.91280e-10
 Reference value :  1.09128e-09
 Reference value :  1.20228e-09
 Reference value :  1.32528e-09
 Reference value :  1.43728e-09
 Reference value :  1.50428e-09
 Reference value :  1.51428e-09
 Reference value :  1.54128e-09
 Reference value :  1.66028e-09
 Reference value :  1.75928e-09
 Reference value :  1.78628e-09
 Reference value :  1.87928e-09
 Reference value :  1.94928e-09
 Reference value :  1.96228e-09
 Reference value :  1.98528e-09
 Reference value :  2.06328e-09
 Reference value :  2.16428e-09
 Reference value :  2.27628e-09
 Reference value :  2.37228e-09
 Reference value :  2.41828e-09
 Reference value :  2.50428e-09
 Reference value :  2.63728e-09
 Reference value :  2.81528e-09
 Reference value :  2.93128e-09
 Reference value :  2.97128e-09
 Reference value :  2.97628e-09
 Reference value :  3.06328e-09
 Reference value :  3.24028e-09
 Reference value :  3.39228e-09
 Reference value :  3.51328e-09
 Reference value :  3.66528e-09
 Reference value :  3.70528e-09
 Reference value :  3.73128e-09
 Reference value :  3.82528e-09
 Reference value :  3.92228e-09
 Reference value :  4.01528e-09
 Reference value :  4.06828e-09
 Reference value :  4.13228e-09
 Reference value :  4.13628e-09
 Reference value :  4.13928e-09
 Reference value :  4.15128e-09
 Reference value :  4.19228e-09
 Reference value :  4.22728e-09
 Reference value :  4.28428e-09
 Reference value :  4.29228e-09
 Reference value :  4.29528e-09
 Reference value :  4.29928e-09
 Reference value :  4.30328e-09
 Reference value :  4.30728e-09
 Reference value :  4.31128e-09
 Reference value :  4.31528e-09
 Reference value :  4.31928e-09
 Reference value :  4.32328e-09
 Reference value :  4.32728e-09
 Reference value :  4.33128e-09
 Reference value :  4.33528e-09
 Reference value :  4.33928e-09
 Reference value :  4.34328e-09
 Reference value :  4.34728e-09
 Reference value :  4.35128e-09
 Reference value :  4.35528e-09
 Reference value :  4.35928e-09
 Reference value :  4.36328e-09
 Reference value :  4.36728e-09
 Reference value :  4.37228e-09
 Reference value :  4.37828e-09
 Reference value :  4.38228e-09
 Reference value :  4.38628e-09
 Reference value :  4.39028e-09
 Reference value :  4.39428e-09
 Reference value :  4.39828e-09
 Reference value :  4.40228e-09
 Reference value :  4.40628e-09
 Reference value :  4.41028e-09
 Reference value :  4.41428e-09
 Reference value :  4.44428e-09
 Reference value :  4.44928e-09
 Reference value :  4.47028e-09
 Reference value :  4.51528e-09
 Reference value :  4.54128e-09
 Reference value :  4.54528e-09
 Reference value :  4.54928e-09
 Reference value :  4.57128e-09
 Reference value :  4.68428e-09
 Reference value :  4.77428e-09
 Reference value :  4.83028e-09
 Reference value :  4.85328e-09
 Reference value :  4.93328e-09
 Reference value :  4.95528e-09
 Reference value :  4.95928e-09
 Reference value :  4.96428e-09
 Reference value :  5.00328e-09
 Reference value :  5.02228e-09
 Reference value :  5.05528e-09
 Reference value :  5.15228e-09
 Reference value :  5.21728e-09
 Reference value :  5.28228e-09
 Reference value :  5.35528e-09
 Reference value :  5.46828e-09
 Reference value :  5.59028e-09
 Reference value :  5.69028e-09
 Reference value :  5.75028e-09
 Reference value :  5.86728e-09
 Reference value :  5.98928e-09
 Reference value :  6.09428e-09
 Reference value :  6.17028e-09
 Reference value :  6.28228e-09
 Reference value :  6.30728e-09
 Reference value :  6.42128e-09
 Reference value :  6.54028e-09
 Reference value :  6.66528e-09
 Reference value :  6.77228e-09
 Reference value :  6.85728e-09
 Reference value :  6.86828e-09
 Reference value :  6.94028e-09
 Reference value :  7.04628e-09
 Reference value :  7.14028e-09
 Reference value :  7.24028e-09
 Reference value :  7.34628e-09
 Reference value :  7.40528e-09
 Reference value :  7.45428e-09
 Reference value :  7.48428e-09
 Reference value :  7.55128e-09
 Reference value :  7.63828e-09
 Reference value :  7.74828e-09
 Reference value :  7.86128e-09
 Reference value :  7.95628e-09
 Reference value :  8.04328e-09
 Reference value :  8.06428e-09
 Reference value :  8.12928e-09
 Reference value :  8.20728e-09
 Reference value :  8.31128e-09
 Reference value :  8.40828e-09
 Reference value :  8.50928e-09
 Reference value :  8.62028e-09
 Reference value :  8.68628e-09
 Reference value :  8.71028e-09
 Reference value :  8.74828e-09
 Reference value :  8.78528e-09
 Reference value :  8.85528e-09
 Reference value :  8.91328e-09
 Reference value :  8.97328e-09
 Reference value :  9.02228e-09
 Reference value :  9.08728e-09
 Reference value :  9.15928e-09
 Reference value :  9.25128e-09
 Reference value :  9.33828e-09
 Reference value :  9.41428e-09
 Reference value :  9.52028e-09
 Reference value :  9.62828e-09
 Reference value :  9.74328e-09
 Reference value :  9.89328e-09
 Reference value :  9.98428e-09
 Reference value :  1.00913e-08
 Reference value :  1.02013e-08
 Reference value :  1.03283e-08
 Reference value :  1.04013e-08
 Reference value :  1.04093e-08
 Reference value :  1.05523e-08
 Reference value :  1.06713e-08
 Reference value :  1.07853e-08
 Reference value :  1.08123e-08
 Reference value :  1.08183e-08
 Reference value :  1.09583e-08
 Reference value :  1.11293e-08
 Reference value :  1.12903e-08
 Reference value :  1.14703e-08
 Reference value :  1.14993e-08
 Reference value :  1.15263e-08
 Reference value :  1.15473e-08
 Reference value :  1.16343e-08
 Reference value :  1.17863e-08
 Reference value :  1.18913e-08
 Reference value :  1.19963e-08
 Reference value :  1.21033e-08
 Reference value :  1.21893e-08
 Reference value :  1.23433e-08
 Reference value :  1.24883e-08
 Reference value :  1.25833e-08
 Reference value :  1.27183e-08
 Reference value :  1.28413e-08
 Reference value :  1.28803e-08
 Reference value :  1.29833e-08
 Reference value :  1.30783e-08
 Reference value :  1.31363e-08
 Reference value :  1.32683e-08
 Reference value :  1.33763e-08
 Reference value :  1.35163e-08
 Reference value :  1.36353e-08
 Reference value :  1.37883e-08
 Reference value :  1.39383e-08
 Reference value :  1.40763e-08
 Reference value :  1.41713e-08
 Reference value :  1.41993e-08
 Reference value :  1.42033e-08
 Reference value :  1.42923e-08
 Reference value :  1.43523e-08
 Reference value :  1.44333e-08
 Reference value :  1.45453e-08
 Reference value :  1.46413e-08
 Reference value :  1.47473e-08
 Reference value :  1.48373e-08
 Reference value :  1.48963e-08
 Reference value :  1.49933e-08
 Reference value :  1.50793e-08
 Reference value :  1.51833e-08
 Reference value :  1.52733e-08
 Reference value :  1.53843e-08
 Reference value :  1.54703e-08
 Reference value :  1.55583e-08
 Reference value :  1.57213e-08
 Reference value :  1.58793e-08
 Reference value :  1.58823e-08
 Reference value :  1.58853e-08
 Reference value :  1.58903e-08
 Reference value :  1.58933e-08
 Reference value :  1.59033e-08
 Reference value :  1.59083e-08
 Reference value :  1.59313e-08
 Reference value :  1.59633e-08
 Reference value :  1.60113e-08
 Reference value :  1.60693e-08
 Reference value :  1.60833e-08
 Reference value :  1.60873e-08
 Reference value :  1.60913e-08
 Reference value :  1.61103e-08
 Reference value :  1.61143e-08
 Reference value :  1.61183e-08
 Reference value :  1.61223e-08
 Reference value :  1.61263e-08
 Reference value :  1.61293e-08
 Reference value :  1.61463e-08
 Reference value :  1.61593e-08
 Reference value :  1.62733e-08
 Reference value :  1.63753e-08
 Reference value :  1.64903e-08
 Reference value :  1.65983e-08
 Reference value :  1.67013e-08
 Reference value :  1.68093e-08
 Reference value :  1.69083e-08
 Reference value :  1.69563e-08
 Reference value :  1.70433e-08
 Reference value :  1.70803e-08
 Reference value :  1.70853e-08
 Reference value :  1.70903e-08
 Reference value :  1.71163e-08
 Reference value :  1.71793e-08
 Reference value :  1.72163e-08
 Reference value :  1.72453e-08
 Reference value :  1.72733e-08
 Reference value :  1.73333e-08
 Reference value :  1.73803e-08
 Reference value :  1.74473e-08
 Reference value :  1.75213e-08
 Reference value :  1.75803e-08
 Reference value :  1.76493e-08
 Reference value :  1.77143e-08
 Reference value :  1.77373e-08
 Reference value :  1.78293e-08
 Reference value :  1.79413e-08
 Reference value :  1.80383e-08
 Reference value :  1.81593e-08
 Reference value :  1.82623e-08
 Reference value :  1.83913e-08
 Reference value :  1.84983e-08
 Reference value :  1.86133e-08
 Reference value :  1.87233e-08
 Reference value :  1.88303e-08
 Reference value :  1.89423e-08
 Reference value :  1.90123e-08
 Reference value :  1.91233e-08
 Reference value :  1.92483e-08
 Reference value :  1.93513e-08
 Reference value :  1.94653e-08
 Reference value :  1.95683e-08
 Reference value :  1.96833e-08
 Reference value :  1.98033e-08
 Reference value :  1.99273e-08
 Reference value :  2.00523e-08
 Reference value :  2.01673e-08
 Reference value :  2.02893e-08
 Reference value :  2.04053e-08
 Reference value :  2.05133e-08
 Reference value :  2.06103e-08
 Reference value :  2.06873e-08
 Reference value :  2.07633e-08
 Reference value :  2.08653e-08
 Reference value :  2.09853e-08
 Reference value :  2.10953e-08
 Reference value :  2.12003e-08
 Reference value :  2.13083e-08
 Reference value :  2.14243e-08
 Reference value :  2.15603e-08
 Reference value :  2.16683e-08
 Reference value :  2.17973e-08
 Reference value :  2.18983e-08
 Reference value :  2.20183e-08
 Reference value :  2.21463e-08
 Reference value :  2.22653e-08
 Reference value :  2.23833e-08
 Reference value :  2.24993e-08
 Reference value :  2.26163e-08
 Reference value :  2.26723e-08
 Reference value :  2.27583e-08
 Reference value :  2.28603e-08
 Reference value :  2.29593e-08
 Reference value :  2.30483e-08
 Reference value :  2.31573e-08
 Reference value :  2.32623e-08
 Reference value :  2.33463e-08
 Reference value :  2.33813e-08
 Reference value :  2.34043e-08
 Reference value :  2.35113e-08
 Reference value :  2.36093e-08
 Reference value :  2.36803e-08
 Reference value :  2.36863e-08
 Reference value :  2.38033e-08
 Reference value :  2.39813e-08
 Reference value :  2.40893e-08
 Reference value :  2.41383e-08
 Reference value :  2.42083e-08
 Reference value :  2.42363e-08
 Reference value :  2.42403e-08
 Reference value :  2.42443e-08
 Reference value :  2.42483e-08
 Reference value :  2.42523e-08
 Reference value :  2.42573e-08
 Reference value :  2.42613e-08
 Reference value :  2.42653e-08
 Reference value :  2.42693e-08
 Reference value :  2.42743e-08
 Reference value :  2.42783e-08
 Reference value :  2.42823e-08
 Reference value :  2.42863e-08
 Reference value :  2.42893e-08
 Reference value :  2.42933e-08
 Reference value :  2.43033e-08
 Reference value :  2.43073e-08
 Reference value :  2.43113e-08
 Reference value :  2.43153e-08
 Reference value :  2.43183e-08
 Reference value :  2.43223e-08
 Reference value :  2.43263e-08
 Reference value :  2.43303e-08
 Reference value :  2.43343e-08
 Reference value :  2.43383e-08
 Reference value :  2.43423e-08
 Reference value :  2.43463e-08
 Reference value :  2.43503e-08
 Reference value :  2.43543e-08
 Reference value :  2.43883e-08
 Reference value :  2.44063e-08
 Reference value :  2.44103e-08
 Reference value :  2.44263e-08
 Reference value :  2.44583e-08
 Reference value :  2.45043e-08
 Reference value :  2.45383e-08
 Reference value :  2.45603e-08
 Reference value :  2.45643e-08
 Reference value :  2.45683e-08
 Reference value :  2.46173e-08
 Reference value :  2.46723e-08
 Reference value :  2.47293e-08
 Reference value :  2.48013e-08
 Reference value :  2.48683e-08
 Reference value :  2.49043e-08
 Reference value :  2.49563e-08
 Reference value :  2.49603e-08
 Reference value :  2.49633e-08
 Reference value :  2.50493e-08
 Reference value :  2.51473e-08
 Reference value :  2.52363e-08
 Reference value :  2.53393e-08
 Reference value :  2.54393e-08
 Reference value :  2.54633e-08
 Reference value :  2.54673e-08
 Reference value :  2.54713e-08
 Reference value :  2.55413e-08
 Reference value :  2.56363e-08
 Reference value :  2.57563e-08
 Reference value :  2.58743e-08
 Reference value :  2.59853e-08
 Reference value :  2.60883e-08
 Reference value :  2.62093e-08
 Reference value :  2.63203e-08
 Reference value :  2.64273e-08
 Reference value :  2.65173e-08
 Reference value :  2.66143e-08
 Reference value :  2.67123e-08
 Reference value :  2.68063e-08
 Reference value :  2.69263e-08
 Reference value :  2.70303e-08
 Reference value :  2.71543e-08
 Reference value :  2.72083e-08
 Reference value :  2.72713e-08
 Reference value :  2.73903e-08
 Reference value :  2.74803e-08
 Reference value :  2.75453e-08
 Reference value :  2.76363e-08
 Reference value :  2.77283e-08
 Reference value :  2.78283e-08
 Reference value :  2.79383e-08
 Reference value :  2.80453e-08
 Reference value :  2.81313e-08
 Reference value :  2.82303e-08
 Reference value :  2.83313e-08
 Reference value :  2.84263e-08
 Reference value :  2.85243e-08
 Reference value :  2.86293e-08
 Reference value :  2.87363e-08
 Reference value :  2.88343e-08
 Reference value :  2.89403e-08
 Reference value :  2.90503e-08
 Reference value :  2.91543e-08
 Reference value :  2.92623e-08
 Reference value :  2.93623e-08
 Reference value :  2.94683e-08
 Reference value :  2.95553e-08
 Reference value :  2.96583e-08
 Reference value :  2.97513e-08
 Reference value :  2.98543e-08
 Reference value :  2.99563e-08
 Reference value :  3.00473e-08
 Reference value :  3.00903e-08
 Reference value :  3.01453e-08
 Reference value :  3.02053e-08
 Reference value :  3.02613e-08
 Reference value :  3.03073e-08
 Reference value :  3.03283e-08
 Reference value :  3.03323e-08
 Reference value :  3.03363e-08
 Reference value :  3.03403e-08
 Reference value :  3.03443e-08
 Reference value :  3.03733e-08
 Reference value :  3.04103e-08
 Reference value :  3.04423e-08
 Reference value :  3.04473e-08
 Reference value :  3.04653e-08
 Reference value :  3.04833e-08
 Reference value :  3.04873e-08
 Reference value :  3.05153e-08
 Reference value :  3.06503e-08
 Reference value :  3.07253e-08
 Reference value :  3.07573e-08
 Reference value :  3.08193e-08
 Reference value :  3.08473e-08
 Reference value :  3.09153e-08
 Reference value :  3.09743e-08
 Reference value :  3.09773e-08
 Reference value :  3.09913e-08
 Reference value :  3.10903e-08
 Reference value :  3.11143e-08
 Reference value :  3.12803e-08
 Reference value :  3.14153e-08
 Reference value :  3.15423e-08
 Reference value :  3.16973e-08
 Reference value :  3.18443e-08
 Reference value :  3.19573e-08
 Reference value :  3.20783e-08
 Reference value :  3.21733e-08
 Reference value :  3.22573e-08
 Reference value :  3.23573e-08
 Reference value :  3.23963e-08
 Reference value :  3.25063e-08
 Reference value :  3.25323e-08
 Reference value :  3.25983e-08
 Reference value :  3.26933e-08
 Reference value :  3.28123e-08
 Reference value :  3.29373e-08
 Reference value :  3.30413e-08
 Reference value :  3.31253e-08
 Reference value :  3.32283e-08
 Reference value :  3.33373e-08
 Reference value :  3.34303e-08
 Reference value :  3.35213e-08
 Reference value :  3.36223e-08
 Reference value :  3.37313e-08
 Reference value :  3.38283e-08
 Reference value :  3.39213e-08
 Reference value :  3.40043e-08
 Reference value :  3.40513e-08
 Reference value :  3.41573e-08
 Reference value :  3.42643e-08
 Reference value :  3.43573e-08
 Reference value :  3.44543e-08
 Reference value :  3.45383e-08
 Reference value :  3.46243e-08
 Reference value :  3.46993e-08
 Reference value :  3.48073e-08
 Reference value :  3.48983e-08
 Reference value :  3.49873e-08
 Reference value :  3.50793e-08
 Reference value :  3.51423e-08
 Reference value :  3.52353e-08
 Reference value :  3.53193e-08
 Reference value :  3.53743e-08
 Reference value :  3.53783e-08
 Reference value :  3.53853e-08
 Reference value :  3.53893e-08
 Reference value :  3.55053e-08
 Reference value :  3.55163e-08
 Reference value :  3.56353e-08
 Reference value :  3.57213e-08
 Reference value :  3.58293e-08
 Reference value :  3.59503e-08
 Reference value :  3.60543e-08
 Reference value :  3.61753e-08
 Reference value :  3.62863e-08
 Reference value :  3.63403e-08
 Reference value :  3.64513e-08
 Reference value :  3.65183e-08
 Reference value :  3.66223e-08
 Reference value :  3.67213e-08
 Reference value :  3.68313e-08
 Reference value :  3.69203e-08
 Reference value :  3.69443e-08
 Reference value :  3.69473e-08
 Reference value :  3.69883e-08
 Reference value :  3.70903e-08
 Reference value :  3.71073e-08
 Reference value :  3.71113e-08
 Reference value :  3.71403e-08
 Reference value :  3.71713e-08
 Reference value :  3.72053e-08
 Reference value :  3.72583e-08
 Reference value :  3.73073e-08
 Reference value :  3.73123e-08
 Reference value :  3.73163e-08
 Reference value :  3.73203e-08
 Reference value :  3.73243e-08
 Reference value :  3.73293e-08
 Reference value :  3.73383e-08
 Reference value :  3.73823e-08
 Reference value :  3.74263e-08
 Reference value :  3.74313e-08
 Reference value :  3.74353e-08
 Reference value :  3.74923e-08
 Reference value :  3.75013e-08
 Reference value :  3.75143e-08
 Reference value :  3.75253e-08
 Reference value :  3.75293e-08
 Reference value :  3.75333e-08
 Reference value :  3.75803e-08
 Reference value :  3.76563e-08
 Reference value :  3.77613e-08
 Reference value :  3.78573e-08
 Reference value :  3.79713e-08
 Reference value :  3.80503e-08
 Reference value :  3.80543e-08
 Reference value :  3.81613e-08
 Reference value :  3.82653e-08
 Reference value :  3.83713e-08
 Reference value :  3.84703e-08
 Reference value :  3.85773e-08
 Reference value :  3.86593e-08
 Reference value :  3.87493e-08
 Reference value :  3.88403e-08
 Reference value :  3.89273e-08
 Reference value :  3.90193e-08
 Reference value :  3.91253e-08
 Reference value :  3.92483e-08
 Reference value :  3.93653e-08
 Reference value :  3.94763e-08
 Reference value :  3.95383e-08
 Reference value :  3.96323e-08
 Reference value :  3.97323e-08
 Reference value :  3.98283e-08
 Reference value :  3.99373e-08
 Reference value :  4.00473e-08
 Reference value :  4.01693e-08
 Reference value :  4.02883e-08
 Reference value :  4.03813e-08
 Reference value :  4.04713e-08
 Reference value :  4.05773e-08
 Reference value :  4.06863e-08
 Reference value :  4.07723e-08
 Reference value :  4.08643e-08
 Reference value :  4.09473e-08
 Reference value :  4.10013e-08
 Reference value :  4.10263e-08
 Reference value :  4.11263e-08
 Reference value :  4.12223e-08
 Reference value :  4.13183e-08
 Reference value :  4.13973e-08
 Reference value :  4.14663e-08
 Reference value :  4.16253e-08
 Reference value :  4.17993e-08
 Reference value :  4.19623e-08
 Reference value :  4.21253e-08
 Reference value :  4.22113e-08
 Reference value :  4.22883e-08
 Reference value :  4.23673e-08
 Reference value :  4.24853e-08
 Reference value :  4.25723e-08
 Reference value :  4.26623e-08
 Reference value :  4.27713e-08
 Reference value :  4.28643e-08
 Reference value :  4.29343e-08
 Reference value :  4.29423e-08
 Reference value :  4.30293e-08
 Reference value :  4.31353e-08
 Reference value :  4.32303e-08
 Reference value :  4.33083e-08
 Reference value :  4.33663e-08
 Reference value :  4.34583e-08
 Reference value :  4.35533e-08
 Reference value :  4.36703e-08
 Reference value :  4.37593e-08
 Reference value :  4.38563e-08
 Reference value :  4.39593e-08
 Reference value :  4.40493e-08
 Reference value :  4.40693e-08
 Reference value :  4.41653e-08
 Reference value :  4.42663e-08
 Reference value :  4.43683e-08
 Reference value :  4.44713e-08
 Reference value :  4.45843e-08
 Reference value :  4.46853e-08
 Reference value :  4.47713e-08
 Reference value :  4.48383e-08
 Reference value :  4.49403e-08
 Reference value :  4.50363e-08
 Reference value :  4.50573e-08
 Reference value :  4.50613e-08
 Reference value :  4.51303e-08
 Reference value :  4.52053e-08
 Reference value :  4.52473e-08
 Reference value :  4.52583e-08
 Reference value :  4.53543e-08
 Reference value :  4.54563e-08
 Reference value :  4.55513e-08
 Reference value :  4.56813e-08
 Reference value :  4.57833e-08
 Reference value :  4.58993e-08
 Reference value :  4.59923e-08
 Reference value :  4.60963e-08
 Reference value :  4.62103e-08
 Reference value :  4.62613e-08
 Reference value :  4.62643e-08
 Reference value :  4.62903e-08
 Reference value :  4.64133e-08
 Reference value :  4.65243e-08
 Reference value :  4.66323e-08
 Reference value :  4.67483e-08
 Reference value :  4.68453e-08
 Reference value :  4.69533e-08
 Reference value :  4.70483e-08
 Reference value :  4.70833e-08
 Reference value :  4.71813e-08
 Reference value :  4.72853e-08
 Reference value :  4.73983e-08
 Reference value :  4.75053e-08
 Reference value :  4.76243e-08
 Reference value :  4.76693e-08
 Reference value :  4.76733e-08
 Reference value :  4.76943e-08
 Reference value :  4.77633e-08
 Reference value :  4.77673e-08
 Reference value :  4.77713e-08
 Reference value :  4.78413e-08
 Reference value :  4.78993e-08
 Reference value :  4.79033e-08
 Reference value :  4.79063e-08
 Reference value :  4.79103e-08
 Reference value :  4.79133e-08
 Reference value :  4.79173e-08
 Reference value :  4.79213e-08
 Reference value :  4.79253e-08
 Reference value :  4.79293e-08
 Reference value :  4.79333e-08
 Reference value :  4.79373e-08
 Reference value :  4.79413e-08
 Reference value :  4.79453e-08
 Reference value :  4.79493e-08
 Reference value :  4.79533e-08
 Reference value :  4.79573e-08
 Reference value :  4.79613e-08
 Reference value :  4.79653e-08
 Reference value :  4.79693e-08
 Reference value :  4.79733e-08
 Reference value :  4.79773e-08
 Reference value :  4.79813e-08
 Reference value :  4.79853e-08
 Reference value :  4.79893e-08
 Reference value :  4.79933e-08
 Reference value :  4.79973e-08
 Reference value :  4.80013e-08
 Reference value :  4.80053e-08
 Reference value :  4.80093e-08
 Reference value :  4.80133e-08
 Reference value :  4.80893e-08
 Reference value :  4.81513e-08
 Reference value :  4.82413e-08
 Reference value :  4.83543e-08
 Reference value :  4.84563e-08
 Reference value :  4.85543e-08
 Reference value :  4.86213e-08
 Reference value :  4.87263e-08
 Reference value :  4.87903e-08
 Reference value :  4.88783e-08
 Reference value :  4.89453e-08
 Reference value :  4.90073e-08
 Reference value :  4.90773e-08
 Reference value :  4.91563e-08
 Reference value :  4.92553e-08
 Reference value :  4.93363e-08
 Reference value :  4.93473e-08
 Reference value :  4.93503e-08
 Reference value :  4.94153e-08
 Reference value :  4.95173e-08
 Reference value :  4.95623e-08
 Reference value :  4.97133e-08
 Reference value :  4.98863e-08
 Reference value :  5.00513e-08
 Reference value :  5.01313e-08
 Reference value :  5.01983e-08
 Reference value :  5.03743e-08
 Reference value :  5.05053e-08
 Reference value :  5.05583e-08
 Reference value :  5.07283e-08
 Reference value :  5.08493e-08
 Reference value :  5.08973e-08
 Reference value :  5.09713e-08
 Reference value :  5.10643e-08
 Reference value :  5.11443e-08
 Reference value :  5.13183e-08
 Reference value :  5.14903e-08
 Reference value :  5.16113e-08
 Reference value :  5.17713e-08
 Reference value :  5.19293e-08
 Reference value :  5.20653e-08
 Reference value :  5.20963e-08
 Reference value :  5.22213e-08
 Reference value :  5.22933e-08
 Reference value :  5.23473e-08
 Reference value :  5.24313e-08
 Reference value :  5.24883e-08
 Reference value :  5.26333e-08
 Reference value :  5.27323e-08
 Reference value :  5.28083e-08
 Reference value :  5.28663e-08
 Reference value :  5.29353e-08
 Reference value :  5.30273e-08
 Reference value :  5.31393e-08
 Reference value :  5.32393e-08
 Reference value :  5.33423e-08
 Reference value :  5.34353e-08
 Reference value :  5.35303e-08
 Reference value :  5.36433e-08
 Reference value :  5.37103e-08
 Reference value :  5.37533e-08
 Reference value :  5.37563e-08
 Reference value :  5.38203e-08
 Reference value :  5.39273e-08
 Reference value :  5.39933e-08
 Reference value :  5.40313e-08
 Reference value :  5.40673e-08
 Reference value :  5.41673e-08
 Reference value :  5.42233e-08
 Reference value :  5.42633e-08
 Reference value :  5.43193e-08
 Reference value :  5.43843e-08
 Reference value :  5.44423e-08
 Reference value :  5.44903e-08
 Reference value :  5.45583e-08
 Reference value :  5.45883e-08
 Reference value :  5.45913e-08
 Reference value :  5.45953e-08
 Reference value :  5.46643e-08
 Reference value :  5.47163e-08
 Reference value :  5.47263e-08
 Reference value :  5.47303e-08
 Reference value :  5.47693e-08
 Reference value :  5.48233e-08
 Reference value :  5.48803e-08
 Reference value :  5.49663e-08
 Reference value :  5.49793e-08
 Reference value :  5.50693e-08
 Reference value :  5.51343e-08
 Reference value :  5.51863e-08
 Reference value :  5.52303e-08
 Reference value :  5.53043e-08
 Reference value :  5.54043e-08
 Reference value :  5.55193e-08
 Reference value :  5.56273e-08
 Reference value :  5.57333e-08
 Reference value :  5.58323e-08
 Reference value :  5.58553e-08
 Reference value :  5.59503e-08
 Reference value :  5.60523e-08
 Reference value :  5.61463e-08
 Reference value :  5.62533e-08
 Reference value :  5.63543e-08
 Reference value :  5.64623e-08
 Reference value :  5.65643e-08
 Reference value :  5.66743e-08
 Reference value :  5.67883e-08
 Reference value :  5.68883e-08
 Reference value :  5.70063e-08
 Reference value :  5.71083e-08
 Reference value :  5.72143e-08
 Reference value :  5.73263e-08
 Reference value :  5.74263e-08
 Reference value :  5.75213e-08
 Reference value :  5.75493e-08
 Reference value :  5.76223e-08
 Reference value :  5.76913e-08
 Reference value :  5.77713e-08
 Reference value :  5.78503e-08
 Reference value :  5.78873e-08
 Reference value :  5.79673e-08
 Reference value :  5.80303e-08
 Reference value :  5.80883e-08
 Reference value :  5.81493e-08
 Reference value :  5.82063e-08
 Reference value :  5.82103e-08
 Reference value :  5.82133e-08
 Reference value :  5.82173e-08
 Reference value :  5.82413e-08
 Reference value :  5.83173e-08
 Reference value :  5.83783e-08
 Reference value :  5.84573e-08
 Reference value :  5.85243e-08
 Reference value :  5.85943e-08
 Reference value :  5.86623e-08
 Reference value :  5.86983e-08
 Reference value :  5.87233e-08
 Reference value :  5.87313e-08
 Reference value :  5.87633e-08
 Reference value :  5.87903e-08
 Reference value :  5.87943e-08
 Reference value :  5.87983e-08
 Reference value :  5.88023e-08
 Reference value :  5.88063e-08
 Reference value :  5.88103e-08
 Reference value :  5.88143e-08
 Reference value :  5.88183e-08
 Reference value :  5.88223e-08
 Reference value :  5.88263e-08
 Reference value :  5.88343e-08
 Reference value :  5.88383e-08
 Reference value :  5.88423e-08
 Reference value :  5.88463e-08
 Reference value :  5.88503e-08
 Reference value :  5.88533e-08
 Reference value :  5.88573e-08
 Reference value :  5.88613e-08
 Reference value :  5.88653e-08
 Reference value :  5.88703e-08
 Reference value :  5.88743e-08
 Reference value :  5.88783e-08
 Reference value :  5.88823e-08
 Reference value :  5.88873e-08
 Reference value :  5.89283e-08
 Reference value :  5.89323e-08
 Reference value :  5.89363e-08
 Reference value :  5.89403e-08
 Reference value :  5.89783e-08
 Reference value :  5.90353e-08
 Reference value :  5.90553e-08
 Reference value :  5.91103e-08
 Reference value :  5.91823e-08
 Reference value :  5.92503e-08
 Reference value :  5.94243e-08
 Reference value :  5.96013e-08
 Reference value :  5.97613e-08
 Reference value :  5.99343e-08
 Reference value :  6.00343e-08
 Reference value :  6.00643e-08
 Reference value :  6.01123e-08
 Reference value :  6.02873e-08
 Reference value :  6.04583e-08
 Reference value :  6.06263e-08
 Reference value :  6.07993e-08
 Reference value :  6.08563e-08
 Reference value :  6.08903e-08
 Reference value :  6.08933e-08
 Reference value :  6.08963e-08
 Reference value :  6.09003e-08
 Reference value :  6.09033e-08
 Reference value :  6.09063e-08
 Reference value :  6.09093e-08
 Reference value :  6.09133e-08
 Reference value :  6.09763e-08
 Reference value :  6.10783e-08
 Reference value :  6.11833e-08
 Reference value :  6.12923e-08
 Reference value :  6.13493e-08
 Reference value :  6.14503e-08
 Reference value :  6.15573e-08
 Reference value :  6.16513e-08
 Reference value :  6.17493e-08
 Reference value :  6.18453e-08
 Reference value :  6.19453e-08
 Reference value :  6.20253e-08
 Reference value :  6.20673e-08
 Reference value :  6.20713e-08
 Reference value :  6.21843e-08
 Reference value :  6.22773e-08
 Reference value :  6.23723e-08
 Reference value :  6.24653e-08
 Reference value :  6.25613e-08
 Reference value :  6.26703e-08
 Reference value :  6.27603e-08
 Reference value :  6.28883e-08
 Reference value :  6.29993e-08
 Reference value :  6.30493e-08
 Reference value :  6.31603e-08
 Reference value :  6.32773e-08
 Reference value :  6.33903e-08
 Reference value :  6.34733e-08
 Reference value :  6.35763e-08
 Reference value :  6.36713e-08
 Reference value :  6.37723e-08
 Reference value :  6.38743e-08
 Reference value :  6.39903e-08
 Reference value :  6.40883e-08
 Reference value :  6.41853e-08
 Reference value :  6.43023e-08
 Reference value :  6.43903e-08
 Reference value :  6.44233e-08
 Reference value :  6.44263e-08
 Reference value :  6.44853e-08
 Reference value :  6.45893e-08
 Reference value :  6.46853e-08
 Reference value :  6.48063e-08
 Reference value :  6.49143e-08
 Reference value :  6.49903e-08
 Reference value :  6.50443e-08
 Reference value :  6.51553e-08
 Reference value :  6.52753e-08
 Reference value :  6.53803e-08
 Reference value :  6.54933e-08
 Reference value :  6.56033e-08
 Reference value :  6.57243e-08
 Reference value :  6.58493e-08
 Reference value :  6.59223e-08
 Reference value :  6.60393e-08
 Reference value :  6.61353e-08
 Reference value :  6.62543e-08
 Reference value :  6.63743e-08
 Reference value :  6.65003e-08
 Reference value :  6.66073e-08
 Reference value :  6.66943e-08
 Reference value :  6.68123e-08
 Reference value :  6.69203e-08
 Reference value :  6.69373e-08
 Reference value :  6.69413e-08
 Reference value :  6.70603e-08
 Reference value :  6.71493e-08
 Reference value :  6.72453e-08
 Reference value :  6.73603e-08
 Reference value :  6.74483e-08
 Reference value :  6.75543e-08
 Reference value :  6.76513e-08
 Reference value :  6.77603e-08
 Reference value :  6.78713e-08
 Reference value :  6.79763e-08
 Reference value :  6.80803e-08
 Reference value :  6.81773e-08
 Reference value :  6.82773e-08
 Reference value :  6.83633e-08
 Reference value :  6.84013e-08
 Reference value :  6.84053e-08
 Reference value :  6.84093e-08
 Reference value :  6.84133e-08
 Reference value :  6.84173e-08
 Reference value :  6.84213e-08
 Reference value :  6.84253e-08
 Reference value :  6.84293e-08
 Reference value :  6.84733e-08
 Reference value :  6.85113e-08
 Reference value :  6.85913e-08
 Reference value :  6.86203e-08
 Reference value :  6.86443e-08
 Reference value :  6.87793e-08
 Reference value :  6.89223e-08
 Reference value :  6.89813e-08
 Reference value :  6.89923e-08
 Reference value :  6.89963e-08
 Reference value :  6.90743e-08
 Reference value :  6.91633e-08
 Reference value :  6.92663e-08
 Reference value :  6.93603e-08
 Reference value :  6.94823e-08
 Reference value :  6.95473e-08
 Reference value :  6.96193e-08
 Reference value :  6.97783e-08
 Reference value :  6.99553e-08
 Reference value :  7.01143e-08
 Reference value :  7.02013e-08
 Reference value :  7.02703e-08
 Reference value :  7.04453e-08
 Reference value :  7.06243e-08
 Reference value :  7.07823e-08
 Reference value :  7.09603e-08
 Reference value :  7.11163e-08
 Reference value :  7.12753e-08
 Reference value :  7.13063e-08
 Reference value :  7.13103e-08
 Reference value :  7.13143e-08
 Reference value :  7.13183e-08
 Reference value :  7.13223e-08
 Reference value :  7.13253e-08
 Reference value :  7.13303e-08
 Reference value :  7.13733e-08
 Reference value :  7.14493e-08
 Reference value :  7.15373e-08
 Reference value :  7.15963e-08
 Reference value :  7.16813e-08
 Reference value :  7.17323e-08
 Reference value :  7.17863e-08
 Reference value :  7.18063e-08
 Reference value :  7.18753e-08
 Reference value :  7.19893e-08
 Reference value :  7.20033e-08
 Reference value :  7.20483e-08
 Reference value :  7.21543e-08
 Reference value :  7.21953e-08
 Reference value :  7.22353e-08
 Reference value :  7.22393e-08
 Reference value :  7.22433e-08
 Reference value :  7.22733e-08
 Reference value :  7.23673e-08
 Reference value :  7.24483e-08
 Reference value :  7.25053e-08
 Reference value :  7.25573e-08
 Reference value :  7.26553e-08
 Reference value :  7.27623e-08
 Reference value :  7.28363e-08
 Reference value :  7.29453e-08
 Reference value :  7.30303e-08
 Reference value :  7.30973e-08
 Reference value :  7.31643e-08
 Reference value :  7.32593e-08
 Reference value :  7.33133e-08
 Reference value :  7.34113e-08
 Reference value :  7.35303e-08
 Reference value :  7.35903e-08
 Reference value :  7.35973e-08
 Reference value :  7.36013e-08
 Reference value :  7.36053e-08
 Reference value :  7.36093e-08
 Reference value :  7.36123e-08
 Reference value :  7.36163e-08
 Reference value :  7.36203e-08
 Reference value :  7.36243e-08
 Reference value :  7.36283e-08
 Reference value :  7.36333e-08
 Reference value :  7.36373e-08
 Reference value :  7.36423e-08
 Reference value :  7.36463e-08
 Reference value :  7.36503e-08
 Reference value :  7.36543e-08
 Reference value :  7.36583e-08
 Reference value :  7.36623e-08
 Reference value :  7.36663e-08
 Reference value :  7.36713e-08
 Reference value :  7.36753e-08
 Reference value :  7.36793e-08
 Reference value :  7.36823e-08
 Reference value :  7.36863e-08
 Reference value :  7.36903e-08
 Reference value :  7.36943e-08
 Reference value :  7.36983e-08
 Reference value :  7.37023e-08
 Reference value :  7.37073e-08
 Reference value :  7.37113e-08
 Reference value :  7.37153e-08
 Reference value :  7.37203e-08
 Reference value :  7.37243e-08
 Reference value :  7.37283e-08
 Reference value :  7.37323e-08
 Reference value :  7.37363e-08
 Reference value :  7.37403e-08
 Reference value :  7.37663e-08
 Reference value :  7.37853e-08
 Reference value :  7.37883e-08
 Reference value :  7.37913e-08
 Reference value :  7.37943e-08
 Reference value :  7.37983e-08
 Reference value :  7.38023e-08
 Reference value :  7.38073e-08
 Reference value :  7.38113e-08
 Reference value :  7.38153e-08
 Reference value :  7.38203e-08
 Reference value :  7.38333e-08
 Reference value :  7.39053e-08
 Reference value :  7.40313e-08
 Reference value :  7.41583e-08
 Reference value :  7.42543e-08
 Reference value :  7.43753e-08
 Reference value :  7.44813e-08
 Reference value :  7.45923e-08
 Reference value :  7.47043e-08
 Reference value :  7.48023e-08
 Reference value :  7.48413e-08
 Reference value :  7.49413e-08
 Reference value :  7.50363e-08
 Reference value :  7.51213e-08
 Reference value :  7.51993e-08
 Reference value :  7.52763e-08
 Reference value :  7.53713e-08
 Reference value :  7.54583e-08
 Reference value :  7.55583e-08
 Reference value :  7.56563e-08
 Reference value :  7.57553e-08
 Reference value :  7.58543e-08
 Reference value :  7.59453e-08
 Reference value :  7.60483e-08
 Reference value :  7.61463e-08
 Reference value :  7.62403e-08
 Reference value :  7.63453e-08
 Reference value :  7.64073e-08
 Reference value :  7.65003e-08
 Reference value :  7.66053e-08
 Reference value :  7.67203e-08
 Reference value :  7.68273e-08
 Reference value :  7.69263e-08
 Reference value :  7.69993e-08
 Reference value :  7.70633e-08
 Reference value :  7.71333e-08
 Reference value :  7.72243e-08
 Reference value :  7.73163e-08
 Reference value :  7.74303e-08
 Reference value :  7.74923e-08
 Reference value :  7.75363e-08
 Reference value :  7.76853e-08
 Reference value :  7.78403e-08
 Reference value :  7.79083e-08
 Reference value :  7.79123e-08
 Reference value :  7.79163e-08
 Reference value :  7.79543e-08
 Reference value :  7.79893e-08
 Reference value :  7.80553e-08
 Reference value :  7.80733e-08
 Reference value :  7.80773e-08
 Reference value :  7.80813e-08
 Reference value :  7.80853e-08
 Reference value :  7.81133e-08
 Reference value :  7.81173e-08
 Reference value :  7.81443e-08
 Reference value :  7.81923e-08
 Reference value :  7.83043e-08
 Reference value :  7.83923e-08
 Reference value :  7.84253e-08
 Reference value :  7.84293e-08
 Reference value :  7.84323e-08
 Reference value :  7.84363e-08
 Reference value :  7.85383e-08
 Reference value :  7.86293e-08
 Reference value :  7.87393e-08
 Reference value :  7.88393e-08
 Reference value :  7.89333e-08
 Reference value :  7.90403e-08
 Reference value :  7.91323e-08
 Reference value :  7.92063e-08
 Reference value :  7.92933e-08
 Reference value :  7.93833e-08
 Reference value :  7.94733e-08
 Reference value :  7.95563e-08
 Reference value :  7.96503e-08
 Reference value :  7.97143e-08
 Reference value :  7.98143e-08
 Reference value :  7.99213e-08
 Reference value :  8.00133e-08
 Reference value :  8.00923e-08
 Reference value :  8.01813e-08
 Reference value :  8.02873e-08
 Reference value :  8.03813e-08
 Reference value :  8.04823e-08
 Reference value :  8.05883e-08
 Reference value :  8.06953e-08
 Reference value :  8.07803e-08
 Reference value :  8.08023e-08
 Reference value :  8.08093e-08
 Reference value :  8.08343e-08
 Reference value :  8.08383e-08
 Reference value :  8.08553e-08
 Reference value :  8.08843e-08
 Reference value :  8.09043e-08
 Reference value :  8.09203e-08
 Reference value :  8.09803e-08
 Reference value :  8.10483e-08
 Reference value :  8.11013e-08
 Reference value :  8.11413e-08
 Reference value :  8.12453e-08
 Reference value :  8.13363e-08
 Reference value :  8.14493e-08
 Reference value :  8.15613e-08
 Reference value :  8.16753e-08
 Reference value :  8.17943e-08
 Reference value :  8.18163e-08
 Reference value :  8.18193e-08
 Reference value :  8.18223e-08
 Reference value :  8.18253e-08
 Reference value :  8.18283e-08
 Reference value :  8.19253e-08
 Reference value :  8.19903e-08
 Reference value :  8.20233e-08
 Reference value :  8.20273e-08
 Reference value :  8.20313e-08
 Reference value :  8.20353e-08
 Reference value :  8.20403e-08
 Reference value :  8.20483e-08
 Reference value :  8.20523e-08
 Reference value :  8.20563e-08
 Reference value :  8.20603e-08
 Reference value :  8.20633e-08
 Reference value :  8.20673e-08
 Reference value :  8.21383e-08
 Reference value :  8.21653e-08
 Reference value :  8.21763e-08
 Reference value :  8.21813e-08
 Reference value :  8.21853e-08
 Reference value :  8.21893e-08
 Reference value :  8.22093e-08
 Reference value :  8.22193e-08
 Reference value :  8.22373e-08
 Reference value :  8.22863e-08
 Reference value :  8.22903e-08
 Reference value :  8.23533e-08
 Reference value :  8.24553e-08
 Reference value :  8.25523e-08
 Reference value :  8.26343e-08
 Reference value :  8.26733e-08
 Reference value :  8.27423e-08
 Reference value :  8.28643e-08
 Reference value :  8.28673e-08
 Reference value :  8.29033e-08
 Reference value :  8.29993e-08
 Reference value :  8.30753e-08
 Reference value :  8.31353e-08
 Reference value :  8.32193e-08
 Reference value :  8.32793e-08
 Reference value :  8.33843e-08
 Reference value :  8.34723e-08
 Reference value :  8.35543e-08
 Reference value :  8.36423e-08
 Reference value :  8.37383e-08
 Reference value :  8.38363e-08
 Reference value :  8.38443e-08
 Reference value :  8.38483e-08
 Reference value :  8.38603e-08
 Reference value :  8.39543e-08
 Reference value :  8.39793e-08
 Reference value :  8.40913e-08
 Reference value :  8.41623e-08
 Reference value :  8.42463e-08
 Reference value :  8.42893e-08
 Reference value :  8.43823e-08
 Reference value :  8.45563e-08
 Reference value :  8.47013e-08
 Reference value :  8.47403e-08
 Reference value :  8.47773e-08
 Reference value :  8.48093e-08
 Reference value :  8.48493e-08
 Reference value :  8.48843e-08
 Reference value :  8.49263e-08
 Reference value :  8.49763e-08
 Reference value :  8.50043e-08
 Reference value :  8.50933e-08
 Reference value :  8.51703e-08
 Reference value :  8.53283e-08
 Reference value :  8.53803e-08
 Reference value :  8.54143e-08
 Reference value :  8.54413e-08
 Reference value :  8.55593e-08
 Reference value :  8.56633e-08
 Reference value :  8.57083e-08
 Reference value :  8.57863e-08
 Reference value :  8.58453e-08
 Reference value :  8.58943e-08
 Reference value :  8.59533e-08
 Reference value :  8.60083e-08
 Reference value :  8.60213e-08
 Reference value :  8.60663e-08
 Reference value :  8.61083e-08
 Reference value :  8.61193e-08
 Reference value :  8.61233e-08
 Reference value :  8.61333e-08
 Reference value :  8.61473e-08
 Reference value :  8.61523e-08
 Reference value :  8.61583e-08
 Reference value :  8.61633e-08
 Reference value :  8.61673e-08
 Reference value :  8.62093e-08
 Reference value :  8.62643e-08
 Reference value :  8.62833e-08
 Reference value :  8.63203e-08
 Reference value :  8.63243e-08
 Reference value :  8.63283e-08
 Reference value :  8.63323e-08
 Reference value :  8.63353e-08
 Reference value :  8.63393e-08
 Reference value :  8.63433e-08
 Reference value :  8.63473e-08
 Reference value :  8.63513e-08
 Reference value :  8.63553e-08
 Reference value :  8.63593e-08
 Reference value :  8.63623e-08
 Reference value :  8.63823e-08
 Reference value :  8.64153e-08
 Reference value :  8.64953e-08
 Reference value :  8.65993e-08
 Reference value :  8.67113e-08
 Reference value :  8.68133e-08
 Reference value :  8.68323e-08
 Reference value :  8.69153e-08
 Reference value :  8.70243e-08
 Reference value :  8.71213e-08
 Reference value :  8.72373e-08
 Reference value :  8.73453e-08
 Reference value :  8.74153e-08
 Reference value :  8.74483e-08
 Reference value :  8.74873e-08
 Reference value :  8.76003e-08
 Reference value :  8.77203e-08
 Reference value :  8.78363e-08
 Reference value :  8.79473e-08
 Reference value :  8.80243e-08
 Reference value :  8.80903e-08
 Reference value :  8.82013e-08
 Reference value :  8.83193e-08
 Reference value :  8.84313e-08
 Reference value :  8.84633e-08
 Reference value :  8.84853e-08
 Reference value :  8.85973e-08
 Reference value :  8.87103e-08
 Reference value :  8.88163e-08
 Reference value :  8.89273e-08
 Reference value :  8.89973e-08
 Reference value :  8.90883e-08
 Reference value :  8.91683e-08
 Reference value :  8.92633e-08
 Reference value :  8.93753e-08
 Reference value :  8.94873e-08
 Reference value :  8.95943e-08
 Reference value :  8.96993e-08
 Reference value :  8.97293e-08
 Reference value :  8.97653e-08
 Reference value :  8.98483e-08
 Reference value :  8.99023e-08
 Reference value :  8.99103e-08
 Reference value :  8.99723e-08
 Reference value :  9.00773e-08
 Reference value :  9.00923e-08
 Reference value :  9.01123e-08
 Reference value :  9.02043e-08
 Reference value :  9.02313e-08
 Reference value :  9.03123e-08
 Reference value :  9.03213e-08
 Reference value :  9.03333e-08
 Reference value :  9.04543e-08
 Reference value :  9.05763e-08
 Reference value :  9.06603e-08
 Reference value :  9.07763e-08
 Reference value :  9.08873e-08
 Reference value :  9.09393e-08
 Reference value :  9.09613e-08
 Reference value :  9.10503e-08
 Reference value :  9.11693e-08
 Reference value :  9.12943e-08
 Reference value :  9.14083e-08
 Reference value :  9.14703e-08
 Reference value :  9.14743e-08
 Reference value :  9.14783e-08
 Reference value :  9.14823e-08
 Reference value :  9.15193e-08
 Reference value :  9.15583e-08
 Reference value :  9.16423e-08
 Reference value :  9.17043e-08
 Reference value :  9.17573e-08
 Reference value :  9.18303e-08
 Reference value :  9.18453e-08
 Reference value :  9.19063e-08
 Reference value :  9.20193e-08
 Reference value :  9.20543e-08
 Reference value :  9.20773e-08
 Reference value :  9.21283e-08
 Reference value :  9.21943e-08
 Reference value :  9.22273e-08
 Reference value :  9.23243e-08
 Reference value :  9.24183e-08
 Reference value :  9.24723e-08
 Reference value :  9.25523e-08
 Reference value :  9.26593e-08
 Reference value :  9.27563e-08
 Reference value :  9.27933e-08
 Reference value :  9.28433e-08
 Reference value :  9.29423e-08
 Reference value :  9.30413e-08
 Reference value :  9.30953e-08
 Reference value :  9.30993e-08
 Reference value :  9.31373e-08
 Reference value :  9.32883e-08
 Reference value :  9.34453e-08
 Reference value :  9.35853e-08
 Reference value :  9.36383e-08
 Reference value :  9.36423e-08
 Reference value :  9.36853e-08
 Reference value :  9.38563e-08
 Reference value :  9.40183e-08
 Reference value :  9.41973e-08
 Reference value :  9.43023e-08
 Reference value :  9.43103e-08
 Reference value :  9.43133e-08
 Reference value :  9.43543e-08
 Reference value :  9.44503e-08
 Reference value :  9.45193e-08
 Reference value :  9.46193e-08
 Reference value :  9.47113e-08
 Reference value :  9.47593e-08
 Reference value :  9.47673e-08
 Reference value :  9.48293e-08
 Reference value :  9.48333e-08
 Reference value :  9.48373e-08
 Reference value :  9.48413e-08
 Reference value :  9.48463e-08
 Reference value :  9.48503e-08
 Reference value :  9.48543e-08
 Reference value :  9.48743e-08
 Reference value :  9.49003e-08
 Reference value :  9.49143e-08
 Reference value :  9.49183e-08
 Reference value :  9.49233e-08
 Reference value :  9.49303e-08
 Reference value :  9.49353e-08
 Reference value :  9.49393e-08
 Reference value :  9.49543e-08
 Reference value :  9.49583e-08
 Reference value :  9.49623e-08
 Reference value :  9.49793e-08
 Reference value :  9.49833e-08
 Reference value :  9.50063e-08
 Reference value :  9.50303e-08
 Reference value :  9.50853e-08
 Reference value :  9.50893e-08
 Reference value :  9.50933e-08
 Reference value :  9.51163e-08
 Reference value :  9.52213e-08
 Reference value :  9.52583e-08
 Reference value :  9.52623e-08
 Reference value :  9.52663e-08
 Reference value :  9.52793e-08
 Reference value :  9.52873e-08
 Reference value :  9.54023e-08
 Reference value :  9.54503e-08
 Reference value :  9.54933e-08
 Reference value :  9.56163e-08
 Reference value :  9.57033e-08
 Reference value :  9.57563e-08
 Reference value :  9.58203e-08
 Reference value :  9.58243e-08
 Reference value :  9.58283e-08
 Reference value :  9.58413e-08
 Reference value :  9.58813e-08
 Reference value :  9.58983e-08
 Reference value :  9.59023e-08
 Reference value :  9.59093e-08
 Reference value :  9.59193e-08
 Reference value :  9.59233e-08
 Reference value :  9.59273e-08
 Reference value :  9.59313e-08
 Reference value :  9.60363e-08
 Reference value :  9.60673e-08
 Reference value :  9.60783e-08
 Reference value :  9.61743e-08
 Reference value :  9.62823e-08
 Reference value :  9.64023e-08
 Reference value :  9.64643e-08
 Reference value :  9.64813e-08
 Reference value :  9.65493e-08
 Reference value :  9.65683e-08
 Reference value :  9.66283e-08
 Reference value :  9.67133e-08
 Reference value :  9.67783e-08
 Reference value :  9.67843e-08
 Reference value :  9.68313e-08
 Reference value :  9.68993e-08
 Reference value :  9.69263e-08
 Reference value :  9.69943e-08
 Reference value :  9.70033e-08
 Reference value :  9.70073e-08
 Reference value :  9.70153e-08
 Reference value :  9.70413e-08
 Reference value :  9.70453e-08
 Reference value :  9.70493e-08
 Reference value :  9.70833e-08
 Reference value :  9.71133e-08
 Reference value :  9.71173e-08
 Reference value :  9.71213e-08
 Reference value :  9.71253e-08
 Reference value :  9.71293e-08
 Reference value :  9.71333e-08
 Reference value :  9.71383e-08
 Reference value :  9.71423e-08
 Reference value :  9.71463e-08
 Reference value :  9.71503e-08
 Reference value :  9.71543e-08
 Reference value :  9.71573e-08
 Reference value :  9.71613e-08
 Reference value :  9.71653e-08
 Reference value :  9.71683e-08
 Reference value :  9.71723e-08
 Reference value :  9.71833e-08
 Reference value :  9.71873e-08
 Reference value :  9.71923e-08
 Reference value :  9.71953e-08
 Reference value :  9.71993e-08
 Reference value :  9.72033e-08
 Reference value :  9.72083e-08
 Reference value :  9.72143e-08
 Reference value :  9.72183e-08
 Reference value :  9.72243e-08
 Reference value :  9.72293e-08
 Reference value :  9.72333e-08
 Reference value :  9.72543e-08
 Reference value :  9.73113e-08
 Reference value :  9.73953e-08
 Reference value :  9.74933e-08
 Reference value :  9.75923e-08
 Reference value :  9.76403e-08
 Reference value :  9.76653e-08
 Reference value :  9.76763e-08
 Reference value :  9.76803e-08
 Reference value :  9.77363e-08
 Reference value :  9.77783e-08
 Reference value :  9.77923e-08
 Reference value :  9.78183e-08
 Reference value :  9.79253e-08
 Reference value :  9.79653e-08
 Reference value :  9.79703e-08
 Reference value :  9.79743e-08
 Reference value :  9.79783e-08
 Reference value :  9.79823e-08
 Reference value :  9.79863e-08
 Reference value :  9.79903e-08
 Reference value :  9.80283e-08
 Reference value :  9.80933e-08
 Reference value :  9.81073e-08
 Reference value :  9.81113e-08
 Reference value :  9.81303e-08
 Reference value :  9.82183e-08
 Reference value :  9.82893e-08
 Reference value :  9.83783e-08
 Reference value :  9.84213e-08
 Reference value :  9.84253e-08
 Reference value :  9.85653e-08
 Reference value :  9.87423e-08
 Reference value :  9.88673e-08
 Reference value :  9.89153e-08
 Reference value :  9.89683e-08
 Reference value :  9.90373e-08
 Reference value :  9.90453e-08
 Reference value :  9.91823e-08
 Reference value :  9.93553e-08
 Reference value :  9.95173e-08
 Reference value :  9.96963e-08
 Reference value :  9.98523e-08
 Reference value :  9.99183e-08
 Reference value :  9.99223e-08
 Reference value :  9.99923e-08
No. of Data Rows : 100008
t1a                 =  1.66009e-08
t1b                 =  5.02318e-08
t2a                 =  1.55616e-08
t2b                 =  4.71053e-08
c1a                 =  -3.19533e-04
c1b                 =  -9.58550e-04
c2a                 =  -3.19557e-04
c2b                 =  -9.56401e-04
m_period_r1 = 8.4077250000e-09
m_period_r2 = 7.8859275000e-09
m_f_r1 = 1.1893823835e+08
m_f_r2 = 1.2680816556e+08
m_i_r1_a = -1.900089204e-05
m_i_r2_a = -2.018924534e-05
Note: Simulation executed from .control section 

Note: Starting dynamic gmin stepping
Note: Dynamic gmin stepping completed
