
Note: No compatibility mode selected!


Circuit: * ro-array-core-mc-freq-extracted @ tt_27c_3.30v -- generated by sim/harness, do not edit

Doing analysis at TEMP = 27.000000 and TNOM = 27.000000

Using SPARSE 1.3 as Direct Linear Solver

Initial Transient Solution
--------------------------

Node                                   Voltage
----                                   -------
vsup                                       3.3
en                                         3.3
vddr1                                      3.3
vddr2                                      3.3
vdd                                        3.3
xdut.xr1.xg.vss__t0                1.50789e-10
xdut.xr1.xg.vddr__t0                       3.3
xdut.xr1.xg.\$8                    3.85171e-08
vsubs                                 0.296084
xdut.xr1.xg.\$7                    4.06079e-08
xdut.xr1.xg.a__t0                  1.59631e-07
xdut.xr1.xg.y__t0                  1.30518e-13
xdut.xr1.xg.en__t0                         3.3
xdut.xr1.xg.\$5__t1                    1.56567
xdut.xr1.xg.vss__t1                          0
xdut.xr1.xg.vddr__t1                   3.29959
xdut.xr1.xg.\$9                        2.87462
xdut.xr1.xg.y__t1                  2.21758e-06
xdut.xr1.xg.a__t1                  1.59631e-07
xdut.xr1.xg.\$5__t2                    1.56567
xdut.xr1.xg.\$5__t0                    1.56567
xdut.xr1.xg.en__t1                         3.3
xdut.xr1.xg.y__t2                  8.50377e-13
xdut.xr1.xg.\$5                        1.56567
xdut.rn1                           1.59631e-07
xdut.xr1.n1                                  0
xdut.xr1.x1.\$5                    3.16824e-07
xdut.xr1.x1.a__t0                            0
xdut.xr1.x1.y__t0                          3.3
xdut.xr1.x1.vddr__t0                       3.3
xdut.xr1.x1.vss__t0                5.45729e-10
xdut.xr1.x1.vddr__t1                       3.3
xdut.xr1.x1.vss__t1                          0
xdut.xr1.x1.\$6                            3.3
xdut.xr1.x1.\$7                            3.3
xdut.xr1.x1.a__t1                            0
xdut.xr1.x1.y__t1                          3.3
xdut.xr1.n2                                3.3
xdut.xr1.x2.\$5                      1.576e-07
xdut.xr1.x2.a__t0                          3.3
xdut.xr1.x2.y__t0                  1.82084e-07
xdut.xr1.x2.vddr__t0                       3.3
xdut.xr1.x2.vss__t0                2.83433e-10
xdut.xr1.x2.vddr__t1                       3.3
xdut.xr1.x2.vss__t1                          0
xdut.xr1.x2.\$6                            3.3
xdut.xr1.x2.\$7                        2.92743
xdut.xr1.x2.a__t1                          3.3
xdut.xr1.x2.y__t1                  1.82088e-07
xdut.xr1.n3                        1.82086e-07
xdut.xr1.x3.\$5                    4.12828e-07
xdut.xr1.x3.a__t0                  1.82086e-07
xdut.xr1.x3.y__t0                          3.3
xdut.xr1.x3.vddr__t0                       3.3
xdut.xr1.x3.vss__t0                7.11739e-10
xdut.xr1.x3.vddr__t1                       3.3
xdut.xr1.x3.vss__t1                          0
xdut.xr1.x3.\$6                            3.3
xdut.xr1.x3.\$7                            3.3
xdut.xr1.x3.a__t1                  1.82086e-07
xdut.xr1.x3.y__t1                          3.3
xdut.xr1.n4                                3.3
xdut.xr1.x4.\$5                    1.30219e-07
xdut.xr1.x4.a__t0                          3.3
xdut.xr1.x4.y__t0                  1.50049e-07
xdut.xr1.x4.vddr__t0                       3.3
xdut.xr1.x4.vss__t0                2.37004e-10
xdut.xr1.x4.vddr__t1                       3.3
xdut.xr1.x4.vss__t1                          0
xdut.xr1.x4.\$6                            3.3
xdut.xr1.x4.\$7                        2.92745
xdut.xr1.x4.a__t1                          3.3
xdut.xr1.x4.y__t1                  1.50052e-07
xdut.xr1.n5                        1.50051e-07
xdut.xr1.x5.\$5                    2.80628e-07
xdut.xr1.x5.a__t0                  1.50051e-07
xdut.xr1.x5.y__t0                          3.3
xdut.xr1.x5.vddr__t0                       3.3
xdut.xr1.x5.vss__t0                4.85714e-10
xdut.xr1.x5.vddr__t1                       3.3
xdut.xr1.x5.vss__t1                          0
xdut.xr1.x5.\$6                            3.3
xdut.xr1.x5.\$7                            3.3
xdut.xr1.x5.a__t1                  1.50051e-07
xdut.xr1.x5.y__t1                          3.3
xdut.xr1.n6                                3.3
xdut.xr1.x6.\$5                    1.70552e-07
xdut.xr1.x6.a__t0                          3.3
xdut.xr1.x6.y__t0                  1.98247e-07
xdut.xr1.x6.vddr__t0                       3.3
xdut.xr1.x6.vss__t0                3.04125e-10
xdut.xr1.x6.vddr__t1                       3.3
xdut.xr1.x6.vss__t1                          0
xdut.xr1.x6.\$6                            3.3
xdut.xr1.x6.\$7                        2.92742
xdut.xr1.x6.a__t1                          3.3
xdut.xr1.x6.y__t1                  1.98251e-07
xdut.xr1.n7                        1.98249e-07
xdut.xr1.x7.\$5                    1.74794e-07
xdut.xr1.x7.a__t0                  1.98249e-07
xdut.xr1.x7.y__t0                          3.3
xdut.xr1.x7.vddr__t0                       3.3
xdut.xr1.x7.vss__t0                3.10829e-10
xdut.xr1.x7.vddr__t1                       3.3
xdut.xr1.x7.vss__t1                          0
xdut.xr1.x7.\$6                            3.3
xdut.xr1.x7.\$7                            3.3
xdut.xr1.x7.a__t1                  1.98249e-07
xdut.xr1.x7.y__t1                          3.3
xdut.xr1.n8                                3.3
xdut.xr1.x8.\$5                     1.5279e-07
xdut.xr1.x8.a__t0                          3.3
xdut.xr1.x8.y__t0                  1.76942e-07
xdut.xr1.x8.vddr__t0                       3.3
xdut.xr1.x8.vss__t0                2.74556e-10
xdut.xr1.x8.vddr__t1                       3.3
xdut.xr1.x8.vss__t1                          0
xdut.xr1.x8.\$6                            3.3
xdut.xr1.x8.\$7                        2.92743
xdut.xr1.x8.a__t1                          3.3
xdut.xr1.x8.y__t1                  1.76945e-07
xdut.xr1.n9                        1.76944e-07
xdut.xr1.x9.\$5                    3.05643e-07
xdut.xr1.x9.a__t0                  1.76944e-07
xdut.xr1.x9.y__t0                          3.3
xdut.xr1.x9.vddr__t0                       3.3
xdut.xr1.x9.vss__t0                5.29646e-10
xdut.xr1.x9.vddr__t1                       3.3
xdut.xr1.x9.vss__t1                          0
xdut.xr1.x9.\$6                            3.3
xdut.xr1.x9.\$7                            3.3
xdut.xr1.x9.a__t1                  1.76944e-07
xdut.xr1.x9.y__t1                          3.3
xdut.xr1.n10                               3.3
xdut.xr1.x10.\$5                   1.37915e-07
xdut.xr1.x10.a__t0                         3.3
xdut.xr1.x10.y__t0                  1.5963e-07
xdut.xr1.x10.vddr__t0                      3.3
xdut.xr1.x10.vss__t0               2.49358e-10
xdut.xr1.x10.vddr__t1                      3.3
xdut.xr1.x10.vss__t1                         0
xdut.xr1.x10.\$6                           3.3
xdut.xr1.x10.\$7                       2.92745
xdut.xr1.x10.a__t1                         3.3
xdut.xr1.x10.y__t1                 1.59633e-07
xdut.xr2.xg.vss__t0                1.57605e-10
xdut.xr2.xg.vddr__t0                       3.3
xdut.xr2.xg.\$8                     3.6647e-08
xdut.xr2.xg.\$7                    3.87238e-08
xdut.xr2.xg.a__t0                  1.59216e-07
xdut.xr2.xg.y__t0                  1.30518e-13
xdut.xr2.xg.en__t0                         3.3
xdut.xr2.xg.\$5__t1                    1.59954
xdut.xr2.xg.vss__t1                          0
xdut.xr2.xg.vddr__t1                   3.29956
xdut.xr2.xg.\$9                        2.87464
xdut.xr2.xg.y__t1                  2.37922e-06
xdut.xr2.xg.a__t1                  1.59216e-07
xdut.xr2.xg.\$5__t2                    1.59953
xdut.xr2.xg.\$5__t0                    1.59953
xdut.xr2.xg.en__t1                         3.3
xdut.xr2.xg.y__t2                  8.50384e-13
xdut.xr2.xg.\$5                        1.59953
xdut.rn2                           1.59216e-07
xdut.xr2.n1                                  0
xdut.xr2.x1.\$5                    3.70703e-07
xdut.xr2.x1.a__t0                            0
xdut.xr2.x1.y__t0                          3.3
xdut.xr2.x1.vss__t0                6.95644e-10
xdut.xr2.x1.vddr__t0                       3.3
xdut.xr2.x1.vddr__t1                       3.3
xdut.xr2.x1.vss__t1                          0
xdut.xr2.x1.\$6                            3.3
xdut.xr2.x1.\$7                            3.3
xdut.xr2.x1.a__t1                            0
xdut.xr2.x1.y__t1                          3.3
xdut.xr2.n2                                3.3
xdut.xr2.x2.\$5                    1.37239e-07
xdut.xr2.x2.a__t0                          3.3
xdut.xr2.x2.y__t0                  1.60465e-07
xdut.xr2.x2.vss__t0                2.64802e-10
xdut.xr2.x2.vddr__t0                       3.3
xdut.xr2.x2.vddr__t1                       3.3
xdut.xr2.x2.vss__t1                          0
xdut.xr2.x2.\$6                            3.3
xdut.xr2.x2.\$7                        2.92716
xdut.xr2.x2.a__t1                          3.3
xdut.xr2.x2.y__t1                  1.60468e-07
xdut.xr2.n3                        1.60467e-07
xdut.xr2.x3.\$5                    6.03637e-07
xdut.xr2.x3.a__t0                  1.60467e-07
xdut.xr2.x3.y__t0                          3.3
xdut.xr2.x3.vss__t0                1.11731e-09
xdut.xr2.x3.vddr__t0                       3.3
xdut.xr2.x3.vddr__t1                       3.3
xdut.xr2.x3.vss__t1                          0
xdut.xr2.x3.\$6                            3.3
xdut.xr2.x3.\$7                            3.3
xdut.xr2.x3.a__t1                  1.60467e-07
xdut.xr2.x3.y__t1                          3.3
xdut.xr2.n4                                3.3
xdut.xr2.x4.\$5                    1.52165e-07
xdut.xr2.x4.a__t0                          3.3
xdut.xr2.x4.y__t0                  1.78296e-07
xdut.xr2.x4.vss__t0                2.95073e-10
xdut.xr2.x4.vddr__t0                       3.3
xdut.xr2.x4.vddr__t1                       3.3
xdut.xr2.x4.vss__t1                          0
xdut.xr2.x4.\$6                            3.3
xdut.xr2.x4.\$7                        2.92714
xdut.xr2.x4.a__t1                          3.3
xdut.xr2.x4.y__t1                  1.78299e-07
xdut.xr2.n5                        1.78297e-07
xdut.xr2.x5.\$5                    4.29019e-07
xdut.xr2.x5.a__t0                  1.78297e-07
xdut.xr2.x5.y__t0                          3.3
xdut.xr2.x5.vss__t0                7.99992e-10
xdut.xr2.x5.vddr__t0                       3.3
xdut.xr2.x5.vddr__t1                       3.3
xdut.xr2.x5.vss__t1                          0
xdut.xr2.x5.\$6                            3.3
xdut.xr2.x5.\$7                            3.3
xdut.xr2.x5.a__t1                  1.78297e-07
xdut.xr2.x5.y__t1                          3.3
xdut.xr2.n6                                3.3
xdut.xr2.x6.\$5                    1.26218e-07
xdut.xr2.x6.a__t0                          3.3
xdut.xr2.x6.y__t0                  1.46883e-07
xdut.xr2.x6.vss__t0                2.50031e-10
xdut.xr2.x6.vddr__t0                       3.3
xdut.xr2.x6.vddr__t1                       3.3
xdut.xr2.x6.vss__t1                          0
xdut.xr2.x6.\$6                            3.3
xdut.xr2.x6.\$7                        2.92716
xdut.xr2.x6.a__t1                          3.3
xdut.xr2.x6.y__t1                  1.46886e-07
xdut.xr2.n7                        1.46884e-07
xdut.xr2.x7.\$5                    2.23814e-07
xdut.xr2.x7.a__t0                  1.46884e-07
xdut.xr2.x7.y__t0                          3.3
xdut.xr2.x7.vss__t0                4.26884e-10
xdut.xr2.x7.vddr__t0                       3.3
xdut.xr2.x7.vddr__t1                       3.3
xdut.xr2.x7.vss__t1                          0
xdut.xr2.x7.\$6                            3.3
xdut.xr2.x7.\$7                            3.3
xdut.xr2.x7.a__t1                  1.46884e-07
xdut.xr2.x7.y__t1                          3.3
xdut.xr2.n8                                3.3
xdut.xr2.x8.\$5                    1.39691e-07
xdut.xr2.x8.a__t0                          3.3
xdut.xr2.x8.y__t0                  1.63267e-07
xdut.xr2.x8.vss__t0                2.72624e-10
xdut.xr2.x8.vddr__t0                       3.3
xdut.xr2.x8.vddr__t1                       3.3
xdut.xr2.x8.vss__t1                          0
xdut.xr2.x8.\$6                            3.3
xdut.xr2.x8.\$7                        2.92715
xdut.xr2.x8.a__t1                          3.3
xdut.xr2.x8.y__t1                   1.6327e-07
xdut.xr2.n9                        1.63269e-07
xdut.xr2.x9.\$5                    2.98694e-07
xdut.xr2.x9.a__t0                  1.63269e-07
xdut.xr2.x9.y__t0                          3.3
xdut.xr2.x9.vss__t0                5.65932e-10
xdut.xr2.x9.vddr__t0                       3.3
xdut.xr2.x9.vddr__t1                       3.3
xdut.xr2.x9.vss__t1                          0
xdut.xr2.x9.\$6                            3.3
xdut.xr2.x9.\$7                            3.3
xdut.xr2.x9.a__t1                  1.63269e-07
xdut.xr2.x9.y__t1                          3.3
xdut.xr2.n10                               3.3
xdut.xr2.x10.\$5                   1.36242e-07
xdut.xr2.x10.a__t0                         3.3
xdut.xr2.x10.y__t0                 1.59215e-07
xdut.xr2.x10.vss__t0               2.69433e-10
xdut.xr2.x10.vddr__t0                      3.3
xdut.xr2.x10.vddr__t1                      3.3
xdut.xr2.x10.vss__t1                         0
xdut.xr2.x10.\$6                           3.3
xdut.xr2.x10.\$7                       2.92715
xdut.xr2.x10.a__t1                         3.3
xdut.xr2.x10.y__t1                 1.59218e-07
xdut.xb1.vss__t0                   5.05514e-13
xdut.xb1.a__t0                     1.59631e-07
xdut.xb1.y__t0                             3.3
xdut.xb1.vdd__t0                           3.3
xdut.xb1.a__t1                     1.59631e-07
xdut.xb1.y__t1                             3.3
xdut.xb1.\$5                           3.29847
ro1                                        3.3
xdut.xb2.vss__t0                   1.95607e-13
xdut.xb2.a__t0                     1.59216e-07
xdut.xb2.y__t0                             3.3
xdut.xb2.vdd__t0                           3.3
xdut.xb2.a__t1                     1.59216e-07
xdut.xb2.y__t1                             3.3
xdut.xb2.\$5                           3.29847
ro2                                        3.3
xdut.xa1.\$2__t0                   2.59817e-08
xdut.xa1.a__t0                             3.3
xdut.xa1.vss__t0                    2.0086e-11
xdut.xa1.\$3__t3                   2.09362e-08
xdut.xa1.b__t1                             3.3
xdut.xa1.vss__t3                   8.95134e-12
xdut.xa1.y__t3                     1.21183e-07
xdut.xa1.a__t3                             3.3
xdut.xa1.\$4__t1                   6.09417e-08
xdut.xa1.\$4__t0                   6.08165e-08
xdut.xa1.b__t3                             3.3
xdut.xa1.vss__t1                   2.45204e-11
xdut.xa1.y__t2                     1.21261e-07
xdut.xa1.\$2__t1                   2.61965e-08
xdut.xa1.\$6__t1                     0.0363682
xdut.xa1.\$6__t0                     0.0363682
xdut.xa1.\$3__t2                   2.11026e-08
xdut.xa1.vss__t2                   3.12654e-12
xdut.xa1.\$2__t2                   2.62539e-08
xdut.xa1.a__t1                             3.3
xdut.xa1.vdd__t0                           3.3
xdut.xa1.\$11                          2.89856
xdut.xa1.\$3__t1                   2.11471e-08
xdut.xa1.b__t0                             3.3
xdut.xa1.vdd__t3                           3.3
xdut.xa1.\$8__t3                      0.748409
xdut.xa1.a__t2                             3.3
xdut.xa1.vdd__t1                           3.3
xdut.xa1.\$8__t2                      0.748409
xdut.xa1.b__t2                             3.3
xdut.xa1.vdd__t2                           3.3
xdut.xa1.y__t0                      1.2128e-07
xdut.xa1.\$2__t3                   2.61965e-08
xdut.xa1.\$8__t1                      0.748409
xdut.xa1.y__t1                     1.21299e-07
xdut.xa1.\$3__t0                   2.11026e-08
xdut.xa1.\$8__t0                      0.748409
xdut.xa1.\$2                       2.61965e-08
xdut.xa1.\$3                       2.11026e-08
xdut.xa1.\$4                       6.08791e-08
xdut.xa1.\$6                         0.0363682
xdut.xa1.\$8                          0.748409
xo                                 1.21259e-07
q1                                -1.04438e-15
q2                                -1.12051e-15
qt                                -3.80538e-21
vth                                       1.65
bvth#branch                                  0
vtr#branch                         3.80538e-11
vr2#branch                         1.12051e-05
vr1#branch                         1.04438e-05
ven#branch                        -2.77556e-17
vsup#branch                        -2.1649e-05

 Reference value :  0.00000e+00
 Reference value :  1.73280e-10
 Reference value :  3.42280e-10
 Reference value :  5.22280e-10
 Reference value :  6.99280e-10
 Reference value :  7.83280e-10
 Reference value :  8.16280e-10
 Reference value :  8.32280e-10
 Reference value :  8.67280e-10
 Reference value :  1.00328e-09
 Reference value :  1.07228e-09
 Reference value :  1.08028e-09
 Reference value :  1.25228e-09
 Reference value :  1.28128e-09
 Reference value :  1.37828e-09
 Reference value :  1.45528e-09
 Reference value :  1.49428e-09
 Reference value :  1.66528e-09
 Reference value :  1.82228e-09
 Reference value :  1.85728e-09
 Reference value :  1.87528e-09
 Reference value :  1.95728e-09
 Reference value :  2.00928e-09
 Reference value :  2.16928e-09
 Reference value :  2.31928e-09
 Reference value :  2.43128e-09
 Reference value :  2.45628e-09
 Reference value :  2.46128e-09
 Reference value :  2.61428e-09
 Reference value :  2.77628e-09
 Reference value :  2.87728e-09
 Reference value :  2.89428e-09
 Reference value :  3.04828e-09
 Reference value :  3.22528e-09
 Reference value :  3.36828e-09
 Reference value :  3.43028e-09
 Reference value :  3.47428e-09
 Reference value :  3.60928e-09
 Reference value :  3.78228e-09
 Reference value :  3.85528e-09
 Reference value :  3.90528e-09
 Reference value :  3.91028e-09
 Reference value :  3.91728e-09
 Reference value :  3.93828e-09
 Reference value :  3.94228e-09
 Reference value :  3.94628e-09
 Reference value :  3.95028e-09
 Reference value :  3.95828e-09
 Reference value :  3.96228e-09
 Reference value :  3.97328e-09
 Reference value :  3.98628e-09
 Reference value :  4.04828e-09
 Reference value :  4.11728e-09
 Reference value :  4.14528e-09
 Reference value :  4.25428e-09
 Reference value :  4.34128e-09
 Reference value :  4.38028e-09
 Reference value :  4.49328e-09
 Reference value :  4.62628e-09
 Reference value :  4.75428e-09
 Reference value :  4.76328e-09
 Reference value :  4.78328e-09
 Reference value :  4.86328e-09
 Reference value :  5.00228e-09
 Reference value :  5.08628e-09
 Reference value :  5.14928e-09
 Reference value :  5.23028e-09
 Reference value :  5.25828e-09
 Reference value :  5.44228e-09
 Reference value :  5.60228e-09
 Reference value :  5.69528e-09
 Reference value :  5.71328e-09
 Reference value :  5.84828e-09
 Reference value :  5.95128e-09
 Reference value :  6.12328e-09
 Reference value :  6.27428e-09
 Reference value :  6.32628e-09
 Reference value :  6.50428e-09
 Reference value :  6.65028e-09
 Reference value :  6.81328e-09
 Reference value :  6.83728e-09
 Reference value :  6.95228e-09
 Reference value :  7.12628e-09
 Reference value :  7.27428e-09
 Reference value :  7.44528e-09
 Reference value :  7.47428e-09
 Reference value :  7.62528e-09
 Reference value :  7.78728e-09
 Reference value :  7.96228e-09
 Reference value :  8.10428e-09
 Reference value :  8.16328e-09
 Reference value :  8.28228e-09
 Reference value :  8.38328e-09
 Reference value :  8.49328e-09
 Reference value :  8.55928e-09
 Reference value :  8.66228e-09
 Reference value :  8.81528e-09
 Reference value :  8.97628e-09
 Reference value :  9.00528e-09
 Reference value :  9.02728e-09
 Reference value :  9.18928e-09
 Reference value :  9.35328e-09
 Reference value :  9.52428e-09
 Reference value :  9.70328e-09
 Reference value :  9.75428e-09
 Reference value :  9.78028e-09
 Reference value :  9.85428e-09
 Reference value :  1.00223e-08
 Reference value :  1.01583e-08
 Reference value :  1.02203e-08
 Reference value :  1.03793e-08
 Reference value :  1.04973e-08
 Reference value :  1.05863e-08
 Reference value :  1.06193e-08
 Reference value :  1.06913e-08
 Reference value :  1.08533e-08
 Reference value :  1.09113e-08
 Reference value :  1.10163e-08
 Reference value :  1.10843e-08
 Reference value :  1.11123e-08
 Reference value :  1.12313e-08
 Reference value :  1.14003e-08
 Reference value :  1.15053e-08
 Reference value :  1.15563e-08
 Reference value :  1.15593e-08
 Reference value :  1.17093e-08
 Reference value :  1.18643e-08
 Reference value :  1.20443e-08
 Reference value :  1.21073e-08
 Reference value :  1.21643e-08
 Reference value :  1.23253e-08
 Reference value :  1.24873e-08
 Reference value :  1.26683e-08
 Reference value :  1.27583e-08
 Reference value :  1.27703e-08
 Reference value :  1.28273e-08
 Reference value :  1.29923e-08
 Reference value :  1.30423e-08
 Reference value :  1.31943e-08
 Reference value :  1.33573e-08
 Reference value :  1.35073e-08
 Reference value :  1.35333e-08
 Reference value :  1.35593e-08
 Reference value :  1.37233e-08
 Reference value :  1.38833e-08
 Reference value :  1.40663e-08
 Reference value :  1.41483e-08
 Reference value :  1.41713e-08
 Reference value :  1.41753e-08
 Reference value :  1.42503e-08
 Reference value :  1.42733e-08
 Reference value :  1.43503e-08
 Reference value :  1.43733e-08
 Reference value :  1.44193e-08
 Reference value :  1.44283e-08
 Reference value :  1.44353e-08
 Reference value :  1.45053e-08
 Reference value :  1.45543e-08
 Reference value :  1.46163e-08
 Reference value :  1.46803e-08
 Reference value :  1.46843e-08
 Reference value :  1.47133e-08
 Reference value :  1.48313e-08
 Reference value :  1.49553e-08
 Reference value :  1.49593e-08
 Reference value :  1.49633e-08
 Reference value :  1.49793e-08
 Reference value :  1.49873e-08
 Reference value :  1.49913e-08
 Reference value :  1.49953e-08
 Reference value :  1.49993e-08
 Reference value :  1.50033e-08
 Reference value :  1.50083e-08
 Reference value :  1.50133e-08
 Reference value :  1.50183e-08
 Reference value :  1.50293e-08
 Reference value :  1.50323e-08
 Reference value :  1.50833e-08
 Reference value :  1.52253e-08
 Reference value :  1.52593e-08
 Reference value :  1.52633e-08
 Reference value :  1.53143e-08
 Reference value :  1.53263e-08
 Reference value :  1.53433e-08
 Reference value :  1.53893e-08
 Reference value :  1.54463e-08
 Reference value :  1.54543e-08
 Reference value :  1.54583e-08
 Reference value :  1.54743e-08
 Reference value :  1.55283e-08
 Reference value :  1.56223e-08
 Reference value :  1.57153e-08
 Reference value :  1.58293e-08
 Reference value :  1.58923e-08
 Reference value :  1.59303e-08
 Reference value :  1.60223e-08
 Reference value :  1.61003e-08
 Reference value :  1.62033e-08
 Reference value :  1.62783e-08
 Reference value :  1.63463e-08
 Reference value :  1.63543e-08
 Reference value :  1.64133e-08
 Reference value :  1.64273e-08
 Reference value :  1.64583e-08
 Reference value :  1.64623e-08
 Reference value :  1.64663e-08
 Reference value :  1.64703e-08
 Reference value :  1.64823e-08
 Reference value :  1.64983e-08
 Reference value :  1.65023e-08
 Reference value :  1.65063e-08
 Reference value :  1.65103e-08
 Reference value :  1.65153e-08
 Reference value :  1.65193e-08
 Reference value :  1.65233e-08
 Reference value :  1.65273e-08
 Reference value :  1.65313e-08
 Reference value :  1.65353e-08
 Reference value :  1.65393e-08
 Reference value :  1.65433e-08
 Reference value :  1.65473e-08
 Reference value :  1.65513e-08
 Reference value :  1.65553e-08
 Reference value :  1.65603e-08
 Reference value :  1.65643e-08
 Reference value :  1.65683e-08
 Reference value :  1.65723e-08
 Reference value :  1.65763e-08
 Reference value :  1.65803e-08
 Reference value :  1.65843e-08
 Reference value :  1.65883e-08
 Reference value :  1.66143e-08
 Reference value :  1.66333e-08
 Reference value :  1.67313e-08
 Reference value :  1.67523e-08
 Reference value :  1.68063e-08
 Reference value :  1.69013e-08
 Reference value :  1.69943e-08
 Reference value :  1.70623e-08
 Reference value :  1.71313e-08
 Reference value :  1.71893e-08
 Reference value :  1.72453e-08
 Reference value :  1.73413e-08
 Reference value :  1.74563e-08
 Reference value :  1.75223e-08
 Reference value :  1.76393e-08
 Reference value :  1.76793e-08
 Reference value :  1.77213e-08
 Reference value :  1.78403e-08
 Reference value :  1.79553e-08
 Reference value :  1.80693e-08
 Reference value :  1.81813e-08
 Reference value :  1.82833e-08
 Reference value :  1.83253e-08
 Reference value :  1.84403e-08
 Reference value :  1.85443e-08
 Reference value :  1.86573e-08
 Reference value :  1.87803e-08
 Reference value :  1.88833e-08
 Reference value :  1.89233e-08
 Reference value :  1.89683e-08
 Reference value :  1.90923e-08
 Reference value :  1.92033e-08
 Reference value :  1.92973e-08
 Reference value :  1.94063e-08
 Reference value :  1.94983e-08
 Reference value :  1.95033e-08
 Reference value :  1.95773e-08
 Reference value :  1.96673e-08
 Reference value :  1.97743e-08
 Reference value :  1.98503e-08
 Reference value :  1.98593e-08
 Reference value :  1.98673e-08
 Reference value :  1.99293e-08
 Reference value :  2.00113e-08
 Reference value :  2.01383e-08
 Reference value :  2.02243e-08
 Reference value :  2.02653e-08
 Reference value :  2.02693e-08
 Reference value :  2.03243e-08
 Reference value :  2.03303e-08
 Reference value :  2.04543e-08
 Reference value :  2.05663e-08
 Reference value :  2.06323e-08
 Reference value :  2.06683e-08
 Reference value :  2.07033e-08
 Reference value :  2.07243e-08
 Reference value :  2.08343e-08
 Reference value :  2.09303e-08
 Reference value :  2.09633e-08
 Reference value :  2.09963e-08
 Reference value :  2.10833e-08
 Reference value :  2.11283e-08
 Reference value :  2.11503e-08
 Reference value :  2.11733e-08
 Reference value :  2.12263e-08
 Reference value :  2.12803e-08
 Reference value :  2.13523e-08
 Reference value :  2.14103e-08
 Reference value :  2.14673e-08
 Reference value :  2.14883e-08
 Reference value :  2.15263e-08
 Reference value :  2.16333e-08
 Reference value :  2.17293e-08
 Reference value :  2.17933e-08
 Reference value :  2.18143e-08
 Reference value :  2.18183e-08
 Reference value :  2.18223e-08
 Reference value :  2.18443e-08
 Reference value :  2.18483e-08
 Reference value :  2.18553e-08
 Reference value :  2.18593e-08
 Reference value :  2.19153e-08
 Reference value :  2.19783e-08
 Reference value :  2.20523e-08
 Reference value :  2.20563e-08
 Reference value :  2.22003e-08
 Reference value :  2.23553e-08
 Reference value :  2.24293e-08
 Reference value :  2.25643e-08
 Reference value :  2.26383e-08
 Reference value :  2.27583e-08
 Reference value :  2.29413e-08
 Reference value :  2.30673e-08
 Reference value :  2.31693e-08
 Reference value :  2.32683e-08
 Reference value :  2.33863e-08
 Reference value :  2.34753e-08
 Reference value :  2.35483e-08
 Reference value :  2.36143e-08
 Reference value :  2.37013e-08
 Reference value :  2.38073e-08
 Reference value :  2.38823e-08
 Reference value :  2.39293e-08
 Reference value :  2.39803e-08
 Reference value :  2.40693e-08
 Reference value :  2.41443e-08
 Reference value :  2.42073e-08
 Reference value :  2.43043e-08
 Reference value :  2.44053e-08
 Reference value :  2.44963e-08
 Reference value :  2.45903e-08
 Reference value :  2.46933e-08
 Reference value :  2.47823e-08
 Reference value :  2.48723e-08
 Reference value :  2.49743e-08
 Reference value :  2.50483e-08
 Reference value :  2.51533e-08
 Reference value :  2.52493e-08
 Reference value :  2.53283e-08
 Reference value :  2.53683e-08
 Reference value :  2.53853e-08
 Reference value :  2.53883e-08
 Reference value :  2.53923e-08
 Reference value :  2.54353e-08
 Reference value :  2.54883e-08
 Reference value :  2.54923e-08
 Reference value :  2.54963e-08
 Reference value :  2.55003e-08
 Reference value :  2.55043e-08
 Reference value :  2.55313e-08
 Reference value :  2.56023e-08
 Reference value :  2.56373e-08
 Reference value :  2.56913e-08
 Reference value :  2.57503e-08
 Reference value :  2.58253e-08
 Reference value :  2.59163e-08
 Reference value :  2.60213e-08
 Reference value :  2.61263e-08
 Reference value :  2.62383e-08
 Reference value :  2.63373e-08
 Reference value :  2.63603e-08
 Reference value :  2.63633e-08
 Reference value :  2.64013e-08
 Reference value :  2.64053e-08
 Reference value :  2.64403e-08
 Reference value :  2.64983e-08
 Reference value :  2.65023e-08
 Reference value :  2.65063e-08
 Reference value :  2.65103e-08
 Reference value :  2.65553e-08
 Reference value :  2.66113e-08
 Reference value :  2.66493e-08
 Reference value :  2.66743e-08
 Reference value :  2.66883e-08
 Reference value :  2.67233e-08
 Reference value :  2.67933e-08
 Reference value :  2.68793e-08
 Reference value :  2.69513e-08
 Reference value :  2.69553e-08
 Reference value :  2.69583e-08
 Reference value :  2.69753e-08
 Reference value :  2.69793e-08
 Reference value :  2.69833e-08
 Reference value :  2.70083e-08
 Reference value :  2.71053e-08
 Reference value :  2.72093e-08
 Reference value :  2.72893e-08
 Reference value :  2.73733e-08
 Reference value :  2.74763e-08
 Reference value :  2.75973e-08
 Reference value :  2.76943e-08
 Reference value :  2.77643e-08
 Reference value :  2.77933e-08
 Reference value :  2.78273e-08
 Reference value :  2.78583e-08
 Reference value :  2.78623e-08
 Reference value :  2.78663e-08
 Reference value :  2.78703e-08
 Reference value :  2.79273e-08
 Reference value :  2.80133e-08
 Reference value :  2.80333e-08
 Reference value :  2.80373e-08
 Reference value :  2.80413e-08
 Reference value :  2.80443e-08
 Reference value :  2.80473e-08
 Reference value :  2.80513e-08
 Reference value :  2.80783e-08
 Reference value :  2.81583e-08
 Reference value :  2.82373e-08
 Reference value :  2.83253e-08
 Reference value :  2.84083e-08
 Reference value :  2.85123e-08
 Reference value :  2.86103e-08
 Reference value :  2.87183e-08
 Reference value :  2.88303e-08
 Reference value :  2.88843e-08
 Reference value :  2.90073e-08
 Reference value :  2.90993e-08
 Reference value :  2.91193e-08
 Reference value :  2.91483e-08
 Reference value :  2.92173e-08
 Reference value :  2.92853e-08
 Reference value :  2.93383e-08
 Reference value :  2.93753e-08
 Reference value :  2.93803e-08
 Reference value :  2.93843e-08
 Reference value :  2.94373e-08
 Reference value :  2.94653e-08
 Reference value :  2.95403e-08
 Reference value :  2.96513e-08
 Reference value :  2.97473e-08
 Reference value :  2.98333e-08
 Reference value :  2.98513e-08
 Reference value :  2.99993e-08
 Reference value :  3.01783e-08
 Reference value :  3.02653e-08
 Reference value :  3.03163e-08
 Reference value :  3.04103e-08
 Reference value :  3.05663e-08
 Reference value :  3.07153e-08
 Reference value :  3.08723e-08
 Reference value :  3.09283e-08
 Reference value :  3.10813e-08
 Reference value :  3.12503e-08
 Reference value :  3.14153e-08
 Reference value :  3.15433e-08
 Reference value :  3.16923e-08
 Reference value :  3.17863e-08
 Reference value :  3.19663e-08
 Reference value :  3.20653e-08
 Reference value :  3.20953e-08
 Reference value :  3.21243e-08
 Reference value :  3.21813e-08
 Reference value :  3.22743e-08
 Reference value :  3.23493e-08
 Reference value :  3.24413e-08
 Reference value :  3.24613e-08
 Reference value :  3.25253e-08
 Reference value :  3.26043e-08
 Reference value :  3.27393e-08
 Reference value :  3.27823e-08
 Reference value :  3.29543e-08
 Reference value :  3.30023e-08
 Reference value :  3.31643e-08
 Reference value :  3.33353e-08
 Reference value :  3.34963e-08
 Reference value :  3.36603e-08
 Reference value :  3.37973e-08
 Reference value :  3.38483e-08
 Reference value :  3.39113e-08
 Reference value :  3.40443e-08
 Reference value :  3.42203e-08
 Reference value :  3.42893e-08
 Reference value :  3.43013e-08
 Reference value :  3.43233e-08
 Reference value :  3.44043e-08
 Reference value :  3.44633e-08
 Reference value :  3.45003e-08
 Reference value :  3.45283e-08
 Reference value :  3.45653e-08
 Reference value :  3.46023e-08
 Reference value :  3.46573e-08
 Reference value :  3.47123e-08
 Reference value :  3.47753e-08
 Reference value :  3.48623e-08
 Reference value :  3.50173e-08
 Reference value :  3.51853e-08
 Reference value :  3.53173e-08
 Reference value :  3.54203e-08
 Reference value :  3.55573e-08
 Reference value :  3.56203e-08
 Reference value :  3.57623e-08
 Reference value :  3.59083e-08
 Reference value :  3.59463e-08
 Reference value :  3.60083e-08
 Reference value :  3.61853e-08
 Reference value :  3.62973e-08
 Reference value :  3.63763e-08
 Reference value :  3.64143e-08
 Reference value :  3.65463e-08
 Reference value :  3.67253e-08
 Reference value :  3.68753e-08
 Reference value :  3.69713e-08
 Reference value :  3.70213e-08
 Reference value :  3.71023e-08
 Reference value :  3.72743e-08
 Reference value :  3.74333e-08
 Reference value :  3.75823e-08
 Reference value :  3.76993e-08
 Reference value :  3.78523e-08
 Reference value :  3.80053e-08
 Reference value :  3.81783e-08
 Reference value :  3.83343e-08
 Reference value :  3.83503e-08
 Reference value :  3.85223e-08
 Reference value :  3.86823e-08
 Reference value :  3.87673e-08
 Reference value :  3.88493e-08
 Reference value :  3.90223e-08
 Reference value :  3.91693e-08
 Reference value :  3.93343e-08
 Reference value :  3.94593e-08
 Reference value :  3.95433e-08
 Reference value :  3.95813e-08
 Reference value :  3.97403e-08
 Reference value :  3.99003e-08
 Reference value :  3.99943e-08
 Reference value :  4.01033e-08
 Reference value :  4.02773e-08
 Reference value :  4.04393e-08
 Reference value :  4.06193e-08
 Reference value :  4.07213e-08
 Reference value :  4.08523e-08
 Reference value :  4.10203e-08
 Reference value :  4.11953e-08
 Reference value :  4.13293e-08
 Reference value :  4.13863e-08
 Reference value :  4.15633e-08
 Reference value :  4.17113e-08
 Reference value :  4.18843e-08
 Reference value :  4.20593e-08
 Reference value :  4.21223e-08
 Reference value :  4.21283e-08
 Reference value :  4.21383e-08
 Reference value :  4.22203e-08
 Reference value :  4.22583e-08
 Reference value :  4.23143e-08
 Reference value :  4.23903e-08
 Reference value :  4.24423e-08
 Reference value :  4.24983e-08
 Reference value :  4.25563e-08
 Reference value :  4.25603e-08
 Reference value :  4.26623e-08
 Reference value :  4.27293e-08
 Reference value :  4.27613e-08
 Reference value :  4.27653e-08
 Reference value :  4.27693e-08
 Reference value :  4.27883e-08
 Reference value :  4.27913e-08
 Reference value :  4.27953e-08
 Reference value :  4.27993e-08
 Reference value :  4.28033e-08
 Reference value :  4.28063e-08
 Reference value :  4.28103e-08
 Reference value :  4.28133e-08
 Reference value :  4.28173e-08
 Reference value :  4.28213e-08
 Reference value :  4.28253e-08
 Reference value :  4.28283e-08
 Reference value :  4.28313e-08
 Reference value :  4.28343e-08
 Reference value :  4.28383e-08
 Reference value :  4.28423e-08
 Reference value :  4.28463e-08
 Reference value :  4.28503e-08
 Reference value :  4.28533e-08
 Reference value :  4.28563e-08
 Reference value :  4.28603e-08
 Reference value :  4.28643e-08
 Reference value :  4.28953e-08
 Reference value :  4.29373e-08
 Reference value :  4.29503e-08
 Reference value :  4.31063e-08
 Reference value :  4.32313e-08
 Reference value :  4.33153e-08
 Reference value :  4.34573e-08
 Reference value :  4.36143e-08
 Reference value :  4.37933e-08
 Reference value :  4.39373e-08
 Reference value :  4.40203e-08
 Reference value :  4.40603e-08
 Reference value :  4.42213e-08
 Reference value :  4.43183e-08
 Reference value :  4.44753e-08
 Reference value :  4.46033e-08
 Reference value :  4.46113e-08
 Reference value :  4.47513e-08
 Reference value :  4.48493e-08
 Reference value :  4.50273e-08
 Reference value :  4.51333e-08
 Reference value :  4.51663e-08
 Reference value :  4.52893e-08
 Reference value :  4.54263e-08
 Reference value :  4.56043e-08
 Reference value :  4.57713e-08
 Reference value :  4.59413e-08
 Reference value :  4.60723e-08
 Reference value :  4.61453e-08
 Reference value :  4.62783e-08
 Reference value :  4.64503e-08
 Reference value :  4.66063e-08
 Reference value :  4.66973e-08
 Reference value :  4.67963e-08
 Reference value :  4.69593e-08
 Reference value :  4.71023e-08
 Reference value :  4.72583e-08
 Reference value :  4.73353e-08
 Reference value :  4.74083e-08
 Reference value :  4.75673e-08
 Reference value :  4.77413e-08
 Reference value :  4.78993e-08
 Reference value :  4.80733e-08
 Reference value :  4.81493e-08
 Reference value :  4.82673e-08
 Reference value :  4.84433e-08
 Reference value :  4.85993e-08
 Reference value :  4.87673e-08
 Reference value :  4.88193e-08
 Reference value :  4.89763e-08
 Reference value :  4.91373e-08
 Reference value :  4.93123e-08
 Reference value :  4.94523e-08
 Reference value :  4.95033e-08
 Reference value :  4.95913e-08
 Reference value :  4.96083e-08
 Reference value :  4.96123e-08
 Reference value :  4.96403e-08
 Reference value :  4.96543e-08
 Reference value :  4.96603e-08
 Reference value :  4.96703e-08
 Reference value :  4.97203e-08
 Reference value :  4.97333e-08
 Reference value :  4.97603e-08
 Reference value :  4.97743e-08
 Reference value :  4.98063e-08
 Reference value :  4.98683e-08
 Reference value :  4.99173e-08
 Reference value :  4.99503e-08
 Reference value :  5.00323e-08
 Reference value :  5.00363e-08
 Reference value :  5.01333e-08
 Reference value :  5.01903e-08
 Reference value :  5.02743e-08
 Reference value :  5.04453e-08
 Reference value :  5.05973e-08
 Reference value :  5.07753e-08
 Reference value :  5.09393e-08
 Reference value :  5.10603e-08
 Reference value :  5.11263e-08
 Reference value :  5.12973e-08
 Reference value :  5.14743e-08
 Reference value :  5.16343e-08
 Reference value :  5.18003e-08
 Reference value :  5.19343e-08
 Reference value :  5.19803e-08
 Reference value :  5.20533e-08
 Reference value :  5.22293e-08
 Reference value :  5.23833e-08
 Reference value :  5.25293e-08
 Reference value :  5.26883e-08
 Reference value :  5.27823e-08
 Reference value :  5.28343e-08
 Reference value :  5.29963e-08
 Reference value :  5.31723e-08
 Reference value :  5.33413e-08
 Reference value :  5.34423e-08
 Reference value :  5.34913e-08
 Reference value :  5.36513e-08
 Reference value :  5.38253e-08
 Reference value :  5.39753e-08
 Reference value :  5.41533e-08
 Reference value :  5.43013e-08
 Reference value :  5.43743e-08
 Reference value :  5.44863e-08
 Reference value :  5.46473e-08
 Reference value :  5.47603e-08
 Reference value :  5.48803e-08
 Reference value :  5.49623e-08
 Reference value :  5.51353e-08
 Reference value :  5.53083e-08
 Reference value :  5.54883e-08
 Reference value :  5.55553e-08
 Reference value :  5.56993e-08
 Reference value :  5.58523e-08
 Reference value :  5.59903e-08
 Reference value :  5.61563e-08
 Reference value :  5.63183e-08
 Reference value :  5.64903e-08
 Reference value :  5.65793e-08
 Reference value :  5.66663e-08
 Reference value :  5.67893e-08
 Reference value :  5.68413e-08
 Reference value :  5.69663e-08
 Reference value :  5.70683e-08
 Reference value :  5.71303e-08
 Reference value :  5.72773e-08
 Reference value :  5.74493e-08
 Reference value :  5.75003e-08
 Reference value :  5.75043e-08
 Reference value :  5.75083e-08
 Reference value :  5.75653e-08
 Reference value :  5.75923e-08
 Reference value :  5.75963e-08
 Reference value :  5.76523e-08
 Reference value :  5.76783e-08
 Reference value :  5.77213e-08
 Reference value :  5.77733e-08
 Reference value :  5.77813e-08
 Reference value :  5.78653e-08
 Reference value :  5.80413e-08
 Reference value :  5.81483e-08
 Reference value :  5.81873e-08
 Reference value :  5.82583e-08
 Reference value :  5.84373e-08
 Reference value :  5.86003e-08
 Reference value :  5.87783e-08
 Reference value :  5.89293e-08
 Reference value :  5.90673e-08
 Reference value :  5.92303e-08
 Reference value :  5.92863e-08
 Reference value :  5.93343e-08
 Reference value :  5.94993e-08
 Reference value :  5.96793e-08
 Reference value :  5.98453e-08
 Reference value :  6.00093e-08
 Reference value :  6.00563e-08
 Reference value :  6.01853e-08
 Reference value :  6.03653e-08
 Reference value :  6.05243e-08
 Reference value :  6.06203e-08
 Reference value :  6.06383e-08
 Reference value :  6.07433e-08
 Reference value :  6.09023e-08
 Reference value :  6.10723e-08
 Reference value :  6.12263e-08
 Reference value :  6.13153e-08
 Reference value :  6.14143e-08
 Reference value :  6.15773e-08
 Reference value :  6.17523e-08
 Reference value :  6.19283e-08
 Reference value :  6.20123e-08
 Reference value :  6.21913e-08
 Reference value :  6.22713e-08
 Reference value :  6.23873e-08
 Reference value :  6.25403e-08
 Reference value :  6.27233e-08
 Reference value :  6.28993e-08
 Reference value :  6.29813e-08
 Reference value :  6.31293e-08
 Reference value :  6.32883e-08
 Reference value :  6.34693e-08
 Reference value :  6.35513e-08
 Reference value :  6.36833e-08
 Reference value :  6.38483e-08
 Reference value :  6.40183e-08
 Reference value :  6.41683e-08
 Reference value :  6.42883e-08
 Reference value :  6.43973e-08
 Reference value :  6.45473e-08
 Reference value :  6.47313e-08
 Reference value :  6.48853e-08
 Reference value :  6.49643e-08
 Reference value :  6.51433e-08
 Reference value :  6.53083e-08
 Reference value :  6.54803e-08
 Reference value :  6.55863e-08
 Reference value :  6.56403e-08
 Reference value :  6.56963e-08
 Reference value :  6.58083e-08
 Reference value :  6.59233e-08
 Reference value :  6.60423e-08
 Reference value :  6.62203e-08
 Reference value :  6.63793e-08
 Reference value :  6.64313e-08
 Reference value :  6.64833e-08
 Reference value :  6.65823e-08
 Reference value :  6.66583e-08
 Reference value :  6.67363e-08
 Reference value :  6.68923e-08
 Reference value :  6.70423e-08
 Reference value :  6.72173e-08
 Reference value :  6.73663e-08
 Reference value :  6.75083e-08
 Reference value :  6.75273e-08
 Reference value :  6.75963e-08
 Reference value :  6.76353e-08
 Reference value :  6.76573e-08
 Reference value :  6.77493e-08
 Reference value :  6.78203e-08
 Reference value :  6.78243e-08
 Reference value :  6.78293e-08
 Reference value :  6.78333e-08
 Reference value :  6.78513e-08
 Reference value :  6.78633e-08
 Reference value :  6.78673e-08
 Reference value :  6.78713e-08
 Reference value :  6.78753e-08
 Reference value :  6.78793e-08
 Reference value :  6.78833e-08
 Reference value :  6.78873e-08
 Reference value :  6.79133e-08
 Reference value :  6.79163e-08
 Reference value :  6.79203e-08
 Reference value :  6.80203e-08
 Reference value :  6.80753e-08
 Reference value :  6.81833e-08
 Reference value :  6.82713e-08
 Reference value :  6.83113e-08
 Reference value :  6.83153e-08
 Reference value :  6.83183e-08
 Reference value :  6.83223e-08
 Reference value :  6.83253e-08
 Reference value :  6.83283e-08
 Reference value :  6.83323e-08
 Reference value :  6.84153e-08
 Reference value :  6.84943e-08
 Reference value :  6.85033e-08
 Reference value :  6.85073e-08
 Reference value :  6.85303e-08
 Reference value :  6.85583e-08
 Reference value :  6.86313e-08
 Reference value :  6.86573e-08
 Reference value :  6.86993e-08
 Reference value :  6.87863e-08
 Reference value :  6.88813e-08
 Reference value :  6.89173e-08
 Reference value :  6.89213e-08
 Reference value :  6.89253e-08
 Reference value :  6.89293e-08
 Reference value :  6.89563e-08
 Reference value :  6.89883e-08
 Reference value :  6.90433e-08
 Reference value :  6.90843e-08
 Reference value :  6.91523e-08
 Reference value :  6.91563e-08
 Reference value :  6.92233e-08
 Reference value :  6.92693e-08
 Reference value :  6.93073e-08
 Reference value :  6.93303e-08
 Reference value :  6.93773e-08
 Reference value :  6.94883e-08
 Reference value :  6.95853e-08
 Reference value :  6.96933e-08
 Reference value :  6.97913e-08
 Reference value :  6.98083e-08
 Reference value :  6.98113e-08
 Reference value :  6.98773e-08
 Reference value :  6.99943e-08
 Reference value :  7.01133e-08
 Reference value :  7.02243e-08
 Reference value :  7.03363e-08
 Reference value :  7.03663e-08
 Reference value :  7.03703e-08
 Reference value :  7.04493e-08
 Reference value :  7.05583e-08
 Reference value :  7.06673e-08
 Reference value :  7.07723e-08
 Reference value :  7.08723e-08
 Reference value :  7.09593e-08
 Reference value :  7.09673e-08
 Reference value :  7.09713e-08
 Reference value :  7.09753e-08
 Reference value :  7.10383e-08
 Reference value :  7.11053e-08
 Reference value :  7.11283e-08
 Reference value :  7.11663e-08
 Reference value :  7.12153e-08
 Reference value :  7.13343e-08
 Reference value :  7.13983e-08
 Reference value :  7.15033e-08
 Reference value :  7.16053e-08
 Reference value :  7.17223e-08
 Reference value :  7.18223e-08
 Reference value :  7.19113e-08
 Reference value :  7.19563e-08
 Reference value :  7.20143e-08
 Reference value :  7.20883e-08
 Reference value :  7.21573e-08
 Reference value :  7.22113e-08
 Reference value :  7.22703e-08
 Reference value :  7.23143e-08
 Reference value :  7.23833e-08
 Reference value :  7.24583e-08
 Reference value :  7.25323e-08
 Reference value :  7.26453e-08
 Reference value :  7.27573e-08
 Reference value :  7.28703e-08
 Reference value :  7.29343e-08
 Reference value :  7.29523e-08
 Reference value :  7.29933e-08
 Reference value :  7.30463e-08
 Reference value :  7.30693e-08
 Reference value :  7.30873e-08
 Reference value :  7.31043e-08
 Reference value :  7.31483e-08
 Reference value :  7.32153e-08
 Reference value :  7.32483e-08
 Reference value :  7.32813e-08
 Reference value :  7.32853e-08
 Reference value :  7.33183e-08
 Reference value :  7.33573e-08
 Reference value :  7.33853e-08
 Reference value :  7.33893e-08
 Reference value :  7.33933e-08
 Reference value :  7.33973e-08
 Reference value :  7.34243e-08
 Reference value :  7.34483e-08
 Reference value :  7.34543e-08
 Reference value :  7.34723e-08
 Reference value :  7.35643e-08
 Reference value :  7.36583e-08
 Reference value :  7.37133e-08
 Reference value :  7.37333e-08
 Reference value :  7.37683e-08
 Reference value :  7.38973e-08
 Reference value :  7.40793e-08
 Reference value :  7.42333e-08
 Reference value :  7.42733e-08
 Reference value :  7.43263e-08
 Reference value :  7.44343e-08
 Reference value :  7.46153e-08
 Reference value :  7.47183e-08
 Reference value :  7.48313e-08
 Reference value :  7.49923e-08
 Reference value :  7.50973e-08
 Reference value :  7.51873e-08
 Reference value :  7.51983e-08
 Reference value :  7.52343e-08
 Reference value :  7.53893e-08
 Reference value :  7.55653e-08
 Reference value :  7.56133e-08
 Reference value :  7.56173e-08
 Reference value :  7.56213e-08
 Reference value :  7.56243e-08
 Reference value :  7.56273e-08
 Reference value :  7.56303e-08
 Reference value :  7.56703e-08
 Reference value :  7.57683e-08
 Reference value :  7.58663e-08
 Reference value :  7.59673e-08
 Reference value :  7.60723e-08
 Reference value :  7.61823e-08
 Reference value :  7.62893e-08
 Reference value :  7.63903e-08
 Reference value :  7.64963e-08
 Reference value :  7.65923e-08
 Reference value :  7.66993e-08
 Reference value :  7.67463e-08
 Reference value :  7.67503e-08
 Reference value :  7.67543e-08
 Reference value :  7.67583e-08
 Reference value :  7.67613e-08
 Reference value :  7.67903e-08
 Reference value :  7.69003e-08
 Reference value :  7.69623e-08
 Reference value :  7.70413e-08
 Reference value :  7.71413e-08
 Reference value :  7.72523e-08
 Reference value :  7.73723e-08
 Reference value :  7.74693e-08
 Reference value :  7.75793e-08
 Reference value :  7.76743e-08
 Reference value :  7.77853e-08
 Reference value :  7.78663e-08
 Reference value :  7.79693e-08
 Reference value :  7.80713e-08
 Reference value :  7.81813e-08
 Reference value :  7.82943e-08
 Reference value :  7.83863e-08
 Reference value :  7.84993e-08
 Reference value :  7.85893e-08
 Reference value :  7.87053e-08
 Reference value :  7.88063e-08
 Reference value :  7.88983e-08
 Reference value :  7.90183e-08
 Reference value :  7.91233e-08
 Reference value :  7.91623e-08
 Reference value :  7.91853e-08
 Reference value :  7.92653e-08
 Reference value :  7.93263e-08
 Reference value :  7.93983e-08
 Reference value :  7.94663e-08
 Reference value :  7.95203e-08
 Reference value :  7.95903e-08
 Reference value :  7.96223e-08
 Reference value :  7.97173e-08
 Reference value :  7.98333e-08
 Reference value :  7.99583e-08
 Reference value :  8.00673e-08
 Reference value :  8.01783e-08
 Reference value :  8.02613e-08
 Reference value :  8.03193e-08
 Reference value :  8.04283e-08
 Reference value :  8.05253e-08
 Reference value :  8.06403e-08
 Reference value :  8.07563e-08
 Reference value :  8.08353e-08
 Reference value :  8.08963e-08
 Reference value :  8.09363e-08
 Reference value :  8.10283e-08
 Reference value :  8.11203e-08
 Reference value :  8.11913e-08
 Reference value :  8.12943e-08
 Reference value :  8.13963e-08
 Reference value :  8.14973e-08
 Reference value :  8.15803e-08
 Reference value :  8.15843e-08
 Reference value :  8.16143e-08
 Reference value :  8.17173e-08
 Reference value :  8.18173e-08
 Reference value :  8.18973e-08
 Reference value :  8.19543e-08
 Reference value :  8.20073e-08
 Reference value :  8.20793e-08
 Reference value :  8.21613e-08
 Reference value :  8.22693e-08
 Reference value :  8.23563e-08
 Reference value :  8.24603e-08
 Reference value :  8.25163e-08
 Reference value :  8.25203e-08
 Reference value :  8.25933e-08
 Reference value :  8.26973e-08
 Reference value :  8.27673e-08
 Reference value :  8.28383e-08
 Reference value :  8.29193e-08
 Reference value :  8.29943e-08
 Reference value :  8.30543e-08
 Reference value :  8.31643e-08
 Reference value :  8.32573e-08
 Reference value :  8.33543e-08
 Reference value :  8.34553e-08
 Reference value :  8.35793e-08
 Reference value :  8.36673e-08
 Reference value :  8.37043e-08
 Reference value :  8.38053e-08
 Reference value :  8.39243e-08
 Reference value :  8.39743e-08
 Reference value :  8.41423e-08
 Reference value :  8.41773e-08
 Reference value :  8.43033e-08
 Reference value :  8.43783e-08
 Reference value :  8.44283e-08
 Reference value :  8.45623e-08
 Reference value :  8.47273e-08
 Reference value :  8.49073e-08
 Reference value :  8.50823e-08
 Reference value :  8.52293e-08
 Reference value :  8.53033e-08
 Reference value :  8.54023e-08
 Reference value :  8.54843e-08
 Reference value :  8.55393e-08
 Reference value :  8.56973e-08
 Reference value :  8.58743e-08
 Reference value :  8.60353e-08
 Reference value :  8.61573e-08
 Reference value :  8.62703e-08
 Reference value :  8.64163e-08
 Reference value :  8.65863e-08
 Reference value :  8.67573e-08
 Reference value :  8.69263e-08
 Reference value :  8.70543e-08
 Reference value :  8.71983e-08
 Reference value :  8.72383e-08
 Reference value :  8.74143e-08
 Reference value :  8.75743e-08
 Reference value :  8.76303e-08
 Reference value :  8.76483e-08
 Reference value :  8.76743e-08
 Reference value :  8.77533e-08
 Reference value :  8.77593e-08
 Reference value :  8.77823e-08
 Reference value :  8.78393e-08
 Reference value :  8.78623e-08
 Reference value :  8.78693e-08
 Reference value :  8.79263e-08
 Reference value :  8.79973e-08
 Reference value :  8.80593e-08
 Reference value :  8.80723e-08
 Reference value :  8.81413e-08
 Reference value :  8.82403e-08
 Reference value :  8.83983e-08
 Reference value :  8.85673e-08
 Reference value :  8.86593e-08
 Reference value :  8.87813e-08
 Reference value :  8.89563e-08
 Reference value :  8.91043e-08
 Reference value :  8.92323e-08
 Reference value :  8.93073e-08
 Reference value :  8.94413e-08
 Reference value :  8.95953e-08
 Reference value :  8.97553e-08
 Reference value :  8.99273e-08
 Reference value :  9.00683e-08
 Reference value :  9.02113e-08
 Reference value :  9.03383e-08
 Reference value :  9.04183e-08
 Reference value :  9.05793e-08
 Reference value :  9.07433e-08
 Reference value :  9.09223e-08
 Reference value :  9.10563e-08
 Reference value :  9.12203e-08
 Reference value :  9.13683e-08
 Reference value :  9.14563e-08
 Reference value :  9.16123e-08
 Reference value :  9.17903e-08
 Reference value :  9.19613e-08
 Reference value :  9.20203e-08
 Reference value :  9.20643e-08
 Reference value :  9.21643e-08
 Reference value :  9.22673e-08
 Reference value :  9.23433e-08
 Reference value :  9.23473e-08
 Reference value :  9.23513e-08
 Reference value :  9.24473e-08
 Reference value :  9.25013e-08
 Reference value :  9.25053e-08
 Reference value :  9.25093e-08
 Reference value :  9.25313e-08
 Reference value :  9.25363e-08
 Reference value :  9.25403e-08
 Reference value :  9.25443e-08
 Reference value :  9.25493e-08
 Reference value :  9.25533e-08
 Reference value :  9.25573e-08
 Reference value :  9.25623e-08
 Reference value :  9.25673e-08
 Reference value :  9.25713e-08
 Reference value :  9.25753e-08
 Reference value :  9.25793e-08
 Reference value :  9.25833e-08
 Reference value :  9.25873e-08
 Reference value :  9.25913e-08
 Reference value :  9.25963e-08
 Reference value :  9.26003e-08
 Reference value :  9.26043e-08
 Reference value :  9.26083e-08
 Reference value :  9.26113e-08
 Reference value :  9.26153e-08
 Reference value :  9.26293e-08
 Reference value :  9.26613e-08
 Reference value :  9.26673e-08
 Reference value :  9.26713e-08
 Reference value :  9.28103e-08
 Reference value :  9.29443e-08
 Reference value :  9.29993e-08
 Reference value :  9.31753e-08
 Reference value :  9.33063e-08
 Reference value :  9.34113e-08
 Reference value :  9.35833e-08
 Reference value :  9.37373e-08
 Reference value :  9.38993e-08
 Reference value :  9.39573e-08
 Reference value :  9.40583e-08
 Reference value :  9.41903e-08
 Reference value :  9.43563e-08
 Reference value :  9.45193e-08
 Reference value :  9.45703e-08
 Reference value :  9.47403e-08
 Reference value :  9.49033e-08
 Reference value :  9.50833e-08
 Reference value :  9.52403e-08
 Reference value :  9.53513e-08
 Reference value :  9.55293e-08
 Reference value :  9.56343e-08
 Reference value :  9.57593e-08
 Reference value :  9.59153e-08
 Reference value :  9.60983e-08
 Reference value :  9.62603e-08
 Reference value :  9.64443e-08
 Reference value :  9.66273e-08
 Reference value :  9.66413e-08
 Reference value :  9.67233e-08
 Reference value :  9.68683e-08
 Reference value :  9.70263e-08
 Reference value :  9.71063e-08
 Reference value :  9.72293e-08
 Reference value :  9.73763e-08
 Reference value :  9.74453e-08
 Reference value :  9.76203e-08
 Reference value :  9.77803e-08
 Reference value :  9.79543e-08
 Reference value :  9.81203e-08
 Reference value :  9.82103e-08
 Reference value :  9.83333e-08
 Reference value :  9.84853e-08
 Reference value :  9.86633e-08
 Reference value :  9.87443e-08
 Reference value :  9.87483e-08
 Reference value :  9.88683e-08
 Reference value :  9.90203e-08
 Reference value :  9.91803e-08
 Reference value :  9.92893e-08
 Reference value :  9.93203e-08
 Reference value :  9.93593e-08
 Reference value :  9.95303e-08
 Reference value :  9.96923e-08
 Reference value :  9.98403e-08
 Reference value :  9.99723e-08
No. of Data Rows : 100008
t1a                 =  1.65905e-08
t1b                 =  5.02140e-08
t2a                 =  1.55380e-08
t2b                 =  4.70348e-08
c1a                 =  -3.18705e-04
c1b                 =  -9.56672e-04
c2a                 =  -3.20319e-04
c2b                 =  -9.58869e-04
m_period_r1 = 8.4058750000e-09
m_period_r2 = 7.8741900000e-09
m_f_r1 = 1.1896441477e+08
m_f_r2 = 1.2699718955e+08
m_i_r1_a = -1.897383080e-05
m_i_r2_a = -2.027352337e-05
Note: Simulation executed from .control section 

Note: Starting dynamic gmin stepping
Note: Dynamic gmin stepping completed
