
Note: No compatibility mode selected!


Circuit: * ro-array-core-mc-freq-extracted @ tt_27c_3.30v -- generated by sim/harness, do not edit

Doing analysis at TEMP = 27.000000 and TNOM = 27.000000

Using SPARSE 1.3 as Direct Linear Solver

Initial Transient Solution
--------------------------

Node                                   Voltage
----                                   -------
vsup                                       3.3
en                                         3.3
vddr1                                      3.3
vddr2                                      3.3
vdd                                        3.3
xdut.xr1.xg.vss__t0                1.60743e-10
xdut.xr1.xg.vddr__t0                       3.3
xdut.xr1.xg.\$8                    4.13175e-08
vsubs                                 0.304856
xdut.xr1.xg.\$7                     4.3539e-08
xdut.xr1.xg.a__t0                  1.83079e-07
xdut.xr1.xg.y__t0                  1.41758e-13
xdut.xr1.xg.en__t0                         3.3
xdut.xr1.xg.\$5__t1                    1.57733
xdut.xr1.xg.vss__t1                          0
xdut.xr1.xg.vddr__t1                   3.29959
xdut.xr1.xg.\$9                        2.87471
xdut.xr1.xg.y__t1                  2.24135e-06
xdut.xr1.xg.a__t1                  1.83079e-07
xdut.xr1.xg.\$5__t2                    1.57733
xdut.xr1.xg.\$5__t0                    1.57733
xdut.xr1.xg.en__t1                         3.3
xdut.xr1.xg.y__t2                  8.50404e-13
xdut.xr1.xg.\$5                        1.57733
xdut.rn1                           1.83079e-07
xdut.xr1.n1                                  0
xdut.xr1.x1.\$5                    2.97389e-07
xdut.xr1.x1.a__t0                            0
xdut.xr1.x1.y__t0                          3.3
xdut.xr1.x1.vddr__t0                       3.3
xdut.xr1.x1.vss__t0                5.20782e-10
xdut.xr1.x1.vddr__t1                       3.3
xdut.xr1.x1.vss__t1                          0
xdut.xr1.x1.\$6                            3.3
xdut.xr1.x1.\$7                            3.3
xdut.xr1.x1.a__t1                            0
xdut.xr1.x1.y__t1                          3.3
xdut.xr1.n2                                3.3
xdut.xr1.x2.\$5                    1.55011e-07
xdut.xr1.x2.a__t0                          3.3
xdut.xr1.x2.y__t0                  1.78716e-07
xdut.xr1.x2.vddr__t0                       3.3
xdut.xr1.x2.vss__t0                2.77991e-10
xdut.xr1.x2.vddr__t1                       3.3
xdut.xr1.x2.vss__t1                          0
xdut.xr1.x2.\$6                            3.3
xdut.xr1.x2.\$7                        2.92743
xdut.xr1.x2.a__t1                          3.3
xdut.xr1.x2.y__t1                  1.78719e-07
xdut.xr1.n3                        1.78717e-07
xdut.xr1.x3.\$5                     1.3656e-06
xdut.xr1.x3.a__t0                  1.78717e-07
xdut.xr1.x3.y__t0                      3.29999
xdut.xr1.x3.vddr__t0                       3.3
xdut.xr1.x3.vss__t0                 2.3241e-09
xdut.xr1.x3.vddr__t1                       3.3
xdut.xr1.x3.vss__t1                          0
xdut.xr1.x3.\$6                        3.29999
xdut.xr1.x3.\$7                            3.3
xdut.xr1.x3.a__t1                  1.78717e-07
xdut.xr1.x3.y__t1                      3.29999
xdut.xr1.n4                            3.29999
xdut.xr1.x4.\$5                    1.42156e-07
xdut.xr1.x4.a__t0                      3.29999
xdut.xr1.x4.y__t0                  1.64856e-07
xdut.xr1.x4.vddr__t0                       3.3
xdut.xr1.x4.vss__t0                2.61209e-10
xdut.xr1.x4.vddr__t1                       3.3
xdut.xr1.x4.vss__t1                          0
xdut.xr1.x4.\$6                            3.3
xdut.xr1.x4.\$7                        2.92478
xdut.xr1.x4.a__t1                      3.29999
xdut.xr1.x4.y__t1                  1.64859e-07
xdut.xr1.n5                        1.64857e-07
xdut.xr1.x5.\$5                    1.89791e-07
xdut.xr1.x5.a__t0                  1.64857e-07
xdut.xr1.x5.y__t0                          3.3
xdut.xr1.x5.vddr__t0                       3.3
xdut.xr1.x5.vss__t0                3.34879e-10
xdut.xr1.x5.vddr__t1                       3.3
xdut.xr1.x5.vss__t1                          0
xdut.xr1.x5.\$6                            3.3
xdut.xr1.x5.\$7                            3.3
xdut.xr1.x5.a__t1                  1.64857e-07
xdut.xr1.x5.y__t1                          3.3
xdut.xr1.n6                                3.3
xdut.xr1.x6.\$5                    1.58355e-07
xdut.xr1.x6.a__t0                          3.3
xdut.xr1.x6.y__t0                  1.83431e-07
xdut.xr1.x6.vddr__t0                       3.3
xdut.xr1.x6.vss__t0                2.84691e-10
xdut.xr1.x6.vddr__t1                       3.3
xdut.xr1.x6.vss__t1                          0
xdut.xr1.x6.\$6                            3.3
xdut.xr1.x6.\$7                        2.92743
xdut.xr1.x6.a__t1                          3.3
xdut.xr1.x6.y__t1                  1.83434e-07
xdut.xr1.n7                        1.83433e-07
xdut.xr1.x7.\$5                    6.78507e-07
xdut.xr1.x7.a__t0                  1.83433e-07
xdut.xr1.x7.y__t0                          3.3
xdut.xr1.x7.vddr__t0                       3.3
xdut.xr1.x7.vss__t0                1.14208e-09
xdut.xr1.x7.vddr__t1                       3.3
xdut.xr1.x7.vss__t1                          0
xdut.xr1.x7.\$6                            3.3
xdut.xr1.x7.\$7                            3.3
xdut.xr1.x7.a__t1                  1.83433e-07
xdut.xr1.x7.y__t1                          3.3
xdut.xr1.n8                                3.3
xdut.xr1.x8.\$5                    1.39859e-07
xdut.xr1.x8.a__t0                          3.3
xdut.xr1.x8.y__t0                  1.61927e-07
xdut.xr1.x8.vddr__t0                       3.3
xdut.xr1.x8.vss__t0                 2.5737e-10
xdut.xr1.x8.vddr__t1                       3.3
xdut.xr1.x8.vss__t1                          0
xdut.xr1.x8.\$6                            3.3
xdut.xr1.x8.\$7                        2.92744
xdut.xr1.x8.a__t1                          3.3
xdut.xr1.x8.y__t1                   1.6193e-07
xdut.xr1.n9                        1.61929e-07
xdut.xr1.x9.\$5                    1.04853e-06
xdut.xr1.x9.a__t0                  1.61929e-07
xdut.xr1.x9.y__t0                          3.3
xdut.xr1.x9.vddr__t0                       3.3
xdut.xr1.x9.vss__t0                1.76944e-09
xdut.xr1.x9.vddr__t1                       3.3
xdut.xr1.x9.vss__t1                          0
xdut.xr1.x9.\$6                            3.3
xdut.xr1.x9.\$7                            3.3
xdut.xr1.x9.a__t1                  1.61929e-07
xdut.xr1.x9.y__t1                          3.3
xdut.xr1.n10                               3.3
xdut.xr1.x10.\$5                   1.58002e-07
xdut.xr1.x10.a__t0                         3.3
xdut.xr1.x10.y__t0                 1.83077e-07
xdut.xr1.x10.vddr__t0                      3.3
xdut.xr1.x10.vss__t0               2.85767e-10
xdut.xr1.x10.vddr__t1                      3.3
xdut.xr1.x10.vss__t1                         0
xdut.xr1.x10.\$6                           3.3
xdut.xr1.x10.\$7                       2.92743
xdut.xr1.x10.a__t1                         3.3
xdut.xr1.x10.y__t1                 1.83081e-07
xdut.xr2.xg.vss__t0                1.67977e-10
xdut.xr2.xg.vddr__t0                       3.3
xdut.xr2.xg.\$8                    3.79935e-08
xdut.xr2.xg.\$7                      4.017e-08
xdut.xr2.xg.a__t0                  1.52046e-07
xdut.xr2.xg.y__t0                  1.41758e-13
xdut.xr2.xg.en__t0                         3.3
xdut.xr2.xg.\$5__t1                    1.59532
xdut.xr2.xg.vss__t1                          0
xdut.xr2.xg.vddr__t1                   3.29957
xdut.xr2.xg.\$9                        2.87462
xdut.xr2.xg.y__t1                  2.34728e-06
xdut.xr2.xg.a__t1                  1.52046e-07
xdut.xr2.xg.\$5__t2                    1.59531
xdut.xr2.xg.\$5__t0                    1.59531
xdut.xr2.xg.en__t1                         3.3
xdut.xr2.xg.y__t2                  8.50375e-13
xdut.xr2.xg.\$5                        1.59531
xdut.rn2                           1.52046e-07
xdut.xr2.n1                                  0
xdut.xr2.x1.\$5                    5.25355e-07
xdut.xr2.x1.a__t0                            0
xdut.xr2.x1.y__t0                          3.3
xdut.xr2.x1.vss__t0                9.83933e-10
xdut.xr2.x1.vddr__t0                       3.3
xdut.xr2.x1.vddr__t1                       3.3
xdut.xr2.x1.vss__t1                          0
xdut.xr2.x1.\$6                            3.3
xdut.xr2.x1.\$7                            3.3
xdut.xr2.x1.a__t1                            0
xdut.xr2.x1.y__t1                          3.3
xdut.xr2.n2                                3.3
xdut.xr2.x2.\$5                    1.29924e-07
xdut.xr2.x2.a__t0                          3.3
xdut.xr2.x2.y__t0                  1.51312e-07
xdut.xr2.x2.vss__t0                2.56826e-10
xdut.xr2.x2.vddr__t0                       3.3
xdut.xr2.x2.vddr__t1                       3.3
xdut.xr2.x2.vss__t1                          0
xdut.xr2.x2.\$6                            3.3
xdut.xr2.x2.\$7                        2.92716
xdut.xr2.x2.a__t1                          3.3
xdut.xr2.x2.y__t1                  1.51315e-07
xdut.xr2.n3                        1.51313e-07
xdut.xr2.x3.\$5                    7.39525e-07
xdut.xr2.x3.a__t0                  1.51313e-07
xdut.xr2.x3.y__t0                          3.3
xdut.xr2.x3.vss__t0                1.36965e-09
xdut.xr2.x3.vddr__t0                       3.3
xdut.xr2.x3.vddr__t1                       3.3
xdut.xr2.x3.vss__t1                          0
xdut.xr2.x3.\$6                            3.3
xdut.xr2.x3.\$7                            3.3
xdut.xr2.x3.a__t1                  1.51313e-07
xdut.xr2.x3.y__t1                          3.3
xdut.xr2.n4                                3.3
xdut.xr2.x4.\$5                    1.45266e-07
xdut.xr2.x4.a__t0                          3.3
xdut.xr2.x4.y__t0                  1.69358e-07
xdut.xr2.x4.vss__t0                2.82756e-10
xdut.xr2.x4.vddr__t0                       3.3
xdut.xr2.x4.vddr__t1                       3.3
xdut.xr2.x4.vss__t1                          0
xdut.xr2.x4.\$6                            3.3
xdut.xr2.x4.\$7                        2.92715
xdut.xr2.x4.a__t1                          3.3
xdut.xr2.x4.y__t1                  1.69362e-07
xdut.xr2.n5                         1.6936e-07
xdut.xr2.x5.\$5                    6.58343e-07
xdut.xr2.x5.a__t0                   1.6936e-07
xdut.xr2.x5.y__t0                          3.3
xdut.xr2.x5.vss__t0                 1.2131e-09
xdut.xr2.x5.vddr__t0                       3.3
xdut.xr2.x5.vddr__t1                       3.3
xdut.xr2.x5.vss__t1                          0
xdut.xr2.x5.\$6                            3.3
xdut.xr2.x5.\$7                            3.3
xdut.xr2.x5.a__t1                   1.6936e-07
xdut.xr2.x5.y__t1                          3.3
xdut.xr2.n6                                3.3
xdut.xr2.x6.\$5                    1.33246e-07
xdut.xr2.x6.a__t0                          3.3
xdut.xr2.x6.y__t0                  1.55341e-07
xdut.xr2.x6.vss__t0                2.63035e-10
xdut.xr2.x6.vddr__t0                       3.3
xdut.xr2.x6.vddr__t1                       3.3
xdut.xr2.x6.vss__t1                          0
xdut.xr2.x6.\$6                            3.3
xdut.xr2.x6.\$7                        2.92716
xdut.xr2.x6.a__t1                          3.3
xdut.xr2.x6.y__t1                  1.55344e-07
xdut.xr2.n7                        1.55343e-07
xdut.xr2.x7.\$5                    2.19375e-07
xdut.xr2.x7.a__t0                  1.55343e-07
xdut.xr2.x7.y__t0                          3.3
xdut.xr2.x7.vss__t0                4.26787e-10
xdut.xr2.x7.vddr__t0                       3.3
xdut.xr2.x7.vddr__t1                       3.3
xdut.xr2.x7.vss__t1                          0
xdut.xr2.x7.\$6                            3.3
xdut.xr2.x7.\$7                            3.3
xdut.xr2.x7.a__t1                  1.55343e-07
xdut.xr2.x7.y__t1                          3.3
xdut.xr2.n8                                3.3
xdut.xr2.x8.\$5                    1.24239e-07
xdut.xr2.x8.a__t0                          3.3
xdut.xr2.x8.y__t0                  1.44825e-07
xdut.xr2.x8.vss__t0                  2.468e-10
xdut.xr2.x8.vddr__t0                       3.3
xdut.xr2.x8.vddr__t1                       3.3
xdut.xr2.x8.vss__t1                          0
xdut.xr2.x8.\$6                            3.3
xdut.xr2.x8.\$7                        2.92717
xdut.xr2.x8.a__t1                          3.3
xdut.xr2.x8.y__t1                  1.44828e-07
xdut.xr2.n9                        1.44827e-07
xdut.xr2.x9.\$5                    3.72877e-07
xdut.xr2.x9.a__t0                  1.44827e-07
xdut.xr2.x9.y__t0                          3.3
xdut.xr2.x9.vss__t0                7.04161e-10
xdut.xr2.x9.vddr__t0                       3.3
xdut.xr2.x9.vddr__t1                       3.3
xdut.xr2.x9.vss__t1                          0
xdut.xr2.x9.\$6                            3.3
xdut.xr2.x9.\$7                            3.3
xdut.xr2.x9.a__t1                  1.44827e-07
xdut.xr2.x9.y__t1                          3.3
xdut.xr2.n10                               3.3
xdut.xr2.x10.\$5                    1.3053e-07
xdut.xr2.x10.a__t0                         3.3
xdut.xr2.x10.y__t0                 1.52045e-07
xdut.xr2.x10.vss__t0                2.5925e-10
xdut.xr2.x10.vddr__t0                      3.3
xdut.xr2.x10.vddr__t1                      3.3
xdut.xr2.x10.vss__t1                         0
xdut.xr2.x10.\$6                           3.3
xdut.xr2.x10.\$7                       2.92716
xdut.xr2.x10.a__t1                         3.3
xdut.xr2.x10.y__t1                 1.52048e-07
xdut.xb1.vss__t0                    6.4834e-13
xdut.xb1.a__t0                     1.83079e-07
xdut.xb1.y__t0                             3.3
xdut.xb1.vdd__t0                           3.3
xdut.xb1.a__t1                     1.83079e-07
xdut.xb1.y__t1                             3.3
xdut.xb1.\$5                               3.3
ro1                                        3.3
xdut.xb2.vss__t0                   6.20057e-13
xdut.xb2.a__t0                     1.52046e-07
xdut.xb2.y__t0                             3.3
xdut.xb2.vdd__t0                           3.3
xdut.xb2.a__t1                     1.52046e-07
xdut.xb2.y__t1                             3.3
xdut.xb2.\$5                               3.3
ro2                                        3.3
xdut.xa1.\$2__t0                   2.43557e-08
xdut.xa1.a__t0                             3.3
xdut.xa1.vss__t0                   1.92232e-11
xdut.xa1.\$3__t3                   2.38254e-08
xdut.xa1.b__t1                             3.3
xdut.xa1.vss__t3                   1.02843e-11
xdut.xa1.y__t3                     1.23331e-07
xdut.xa1.a__t3                             3.3
xdut.xa1.\$4__t1                   6.24436e-08
xdut.xa1.\$4__t0                   6.23152e-08
xdut.xa1.b__t3                             3.3
xdut.xa1.vss__t1                   2.52166e-11
xdut.xa1.y__t2                     1.23411e-07
xdut.xa1.\$2__t1                   2.45562e-08
xdut.xa1.\$6__t1                     0.0214457
xdut.xa1.\$6__t0                     0.0214457
xdut.xa1.\$3__t2                   2.40183e-08
xdut.xa1.vss__t2                   2.71772e-12
xdut.xa1.\$2__t2                   2.46098e-08
xdut.xa1.a__t1                             3.3
xdut.xa1.vdd__t0                           3.3
xdut.xa1.\$11                          2.89856
xdut.xa1.\$3__t1                   2.40698e-08
xdut.xa1.b__t0                             3.3
xdut.xa1.vdd__t3                           3.3
xdut.xa1.\$8__t3                      0.749029
xdut.xa1.a__t2                             3.3
xdut.xa1.vdd__t1                           3.3
xdut.xa1.\$8__t2                      0.749029
xdut.xa1.b__t2                             3.3
xdut.xa1.vdd__t2                           3.3
xdut.xa1.y__t0                     1.23437e-07
xdut.xa1.\$2__t3                   2.45562e-08
xdut.xa1.\$8__t1                      0.749029
xdut.xa1.y__t1                      1.2344e-07
xdut.xa1.\$3__t0                   2.40183e-08
xdut.xa1.\$8__t0                      0.749029
xdut.xa1.\$2                       2.45562e-08
xdut.xa1.\$3                       2.40183e-08
xdut.xa1.\$4                       6.23794e-08
xdut.xa1.\$6                         0.0214457
xdut.xa1.\$8                          0.749029
xo                                 1.23409e-07
q1                                -1.05559e-15
q2                                -1.10547e-15
qt                                -4.48404e-21
vth                                       1.65
bvth#branch                                  0
vtr#branch                         4.48404e-11
vr2#branch                         1.10547e-05
vr1#branch                         1.05559e-05
ven#branch                        -2.77556e-17
vsup#branch                       -2.16106e-05

 Reference value :  0.00000e+00
 Reference value :  1.15280e-10
 Reference value :  1.91280e-10
 Reference value :  3.62280e-10
 Reference value :  4.94280e-10
 Reference value :  6.68280e-10
 Reference value :  8.39280e-10
 Reference value :  8.94280e-10
 Reference value :  9.35280e-10
 Reference value :  1.08428e-09
 Reference value :  1.26228e-09
 Reference value :  1.42128e-09
 Reference value :  1.59428e-09
 Reference value :  1.76528e-09
 Reference value :  1.78528e-09
 Reference value :  1.83728e-09
 Reference value :  1.92728e-09
 Reference value :  2.09528e-09
 Reference value :  2.25028e-09
 Reference value :  2.42328e-09
 Reference value :  2.56628e-09
 Reference value :  2.63528e-09
 Reference value :  2.80828e-09
 Reference value :  2.95928e-09
 Reference value :  3.12228e-09
 Reference value :  3.25528e-09
 Reference value :  3.42328e-09
 Reference value :  3.57628e-09
 Reference value :  3.63828e-09
 Reference value :  3.66528e-09
 Reference value :  3.68028e-09
 Reference value :  3.71828e-09
 Reference value :  3.74628e-09
 Reference value :  3.75028e-09
 Reference value :  3.75428e-09
 Reference value :  3.75828e-09
 Reference value :  3.78128e-09
 Reference value :  3.79428e-09
 Reference value :  3.82128e-09
 Reference value :  3.88828e-09
 Reference value :  3.92028e-09
 Reference value :  3.95028e-09
 Reference value :  4.01728e-09
 Reference value :  4.11128e-09
 Reference value :  4.22328e-09
 Reference value :  4.33228e-09
 Reference value :  4.42028e-09
 Reference value :  4.51028e-09
 Reference value :  4.57928e-09
 Reference value :  4.67228e-09
 Reference value :  4.78428e-09
 Reference value :  4.88028e-09
 Reference value :  4.99728e-09
 Reference value :  5.10228e-09
 Reference value :  5.18528e-09
 Reference value :  5.26728e-09
 Reference value :  5.31028e-09
 Reference value :  5.36728e-09
 Reference value :  5.47128e-09
 Reference value :  5.50128e-09
 Reference value :  5.50528e-09
 Reference value :  5.54228e-09
 Reference value :  5.62428e-09
 Reference value :  5.71628e-09
 Reference value :  5.80228e-09
 Reference value :  5.81128e-09
 Reference value :  5.85028e-09
 Reference value :  5.92828e-09
 Reference value :  6.02028e-09
 Reference value :  6.02328e-09
 Reference value :  6.06928e-09
 Reference value :  6.15328e-09
 Reference value :  6.23128e-09
 Reference value :  6.33728e-09
 Reference value :  6.35628e-09
 Reference value :  6.41028e-09
 Reference value :  6.50428e-09
 Reference value :  6.55928e-09
 Reference value :  6.60828e-09
 Reference value :  6.68128e-09
 Reference value :  6.71328e-09
 Reference value :  6.82528e-09
 Reference value :  6.93428e-09
 Reference value :  7.02428e-09
 Reference value :  7.13028e-09
 Reference value :  7.23328e-09
 Reference value :  7.32628e-09
 Reference value :  7.43528e-09
 Reference value :  7.53928e-09
 Reference value :  7.63628e-09
 Reference value :  7.74328e-09
 Reference value :  7.80228e-09
 Reference value :  7.83828e-09
 Reference value :  7.89428e-09
 Reference value :  7.94028e-09
 Reference value :  7.96728e-09
 Reference value :  8.00828e-09
 Reference value :  8.07728e-09
 Reference value :  8.12828e-09
 Reference value :  8.19528e-09
 Reference value :  8.20728e-09
 Reference value :  8.26828e-09
 Reference value :  8.36828e-09
 Reference value :  8.48828e-09
 Reference value :  8.60028e-09
 Reference value :  8.70628e-09
 Reference value :  8.81728e-09
 Reference value :  8.91028e-09
 Reference value :  9.02628e-09
 Reference value :  9.13628e-09
 Reference value :  9.20128e-09
 Reference value :  9.31928e-09
 Reference value :  9.42628e-09
 Reference value :  9.53728e-09
 Reference value :  9.61428e-09
 Reference value :  9.61728e-09
 Reference value :  9.62028e-09
 Reference value :  9.74328e-09
 Reference value :  9.84728e-09
 Reference value :  9.96428e-09
 Reference value :  1.00913e-08
 Reference value :  1.01893e-08
 Reference value :  1.02703e-08
 Reference value :  1.03733e-08
 Reference value :  1.04333e-08
 Reference value :  1.04453e-08
 Reference value :  1.05033e-08
 Reference value :  1.05943e-08
 Reference value :  1.06833e-08
 Reference value :  1.07693e-08
 Reference value :  1.08613e-08
 Reference value :  1.09293e-08
 Reference value :  1.09943e-08
 Reference value :  1.10363e-08
 Reference value :  1.10563e-08
 Reference value :  1.10773e-08
 Reference value :  1.11103e-08
 Reference value :  1.11323e-08
 Reference value :  1.11353e-08
 Reference value :  1.12133e-08
 Reference value :  1.12223e-08
 Reference value :  1.12263e-08
 Reference value :  1.12673e-08
 Reference value :  1.13213e-08
 Reference value :  1.14003e-08
 Reference value :  1.14753e-08
 Reference value :  1.15113e-08
 Reference value :  1.15923e-08
 Reference value :  1.16513e-08
 Reference value :  1.16593e-08
 Reference value :  1.16753e-08
 Reference value :  1.17073e-08
 Reference value :  1.17323e-08
 Reference value :  1.17783e-08
 Reference value :  1.18163e-08
 Reference value :  1.18503e-08
 Reference value :  1.18773e-08
 Reference value :  1.18813e-08
 Reference value :  1.19293e-08
 Reference value :  1.20503e-08
 Reference value :  1.22223e-08
 Reference value :  1.23903e-08
 Reference value :  1.24703e-08
 Reference value :  1.24833e-08
 Reference value :  1.25893e-08
 Reference value :  1.27603e-08
 Reference value :  1.29193e-08
 Reference value :  1.30213e-08
 Reference value :  1.31853e-08
 Reference value :  1.32863e-08
 Reference value :  1.33433e-08
 Reference value :  1.34113e-08
 Reference value :  1.35833e-08
 Reference value :  1.37533e-08
 Reference value :  1.39243e-08
 Reference value :  1.40893e-08
 Reference value :  1.42373e-08
 Reference value :  1.44053e-08
 Reference value :  1.44673e-08
 Reference value :  1.46373e-08
 Reference value :  1.47823e-08
 Reference value :  1.49553e-08
 Reference value :  1.51293e-08
 Reference value :  1.52773e-08
 Reference value :  1.54443e-08
 Reference value :  1.55693e-08
 Reference value :  1.57363e-08
 Reference value :  1.58153e-08
 Reference value :  1.59723e-08
 Reference value :  1.61423e-08
 Reference value :  1.62993e-08
 Reference value :  1.63963e-08
 Reference value :  1.64103e-08
 Reference value :  1.65193e-08
 Reference value :  1.65983e-08
 Reference value :  1.67033e-08
 Reference value :  1.68063e-08
 Reference value :  1.69043e-08
 Reference value :  1.69513e-08
 Reference value :  1.69933e-08
 Reference value :  1.70553e-08
 Reference value :  1.71453e-08
 Reference value :  1.73193e-08
 Reference value :  1.74343e-08
 Reference value :  1.74983e-08
 Reference value :  1.76663e-08
 Reference value :  1.77213e-08
 Reference value :  1.78853e-08
 Reference value :  1.79613e-08
 Reference value :  1.80683e-08
 Reference value :  1.82113e-08
 Reference value :  1.83733e-08
 Reference value :  1.85413e-08
 Reference value :  1.87053e-08
 Reference value :  1.88643e-08
 Reference value :  1.89733e-08
 Reference value :  1.90223e-08
 Reference value :  1.91333e-08
 Reference value :  1.92913e-08
 Reference value :  1.94423e-08
 Reference value :  1.95663e-08
 Reference value :  1.97073e-08
 Reference value :  1.97743e-08
 Reference value :  1.98333e-08
 Reference value :  1.99053e-08
 Reference value :  1.99853e-08
 Reference value :  2.01383e-08
 Reference value :  2.02533e-08
 Reference value :  2.02653e-08
 Reference value :  2.03783e-08
 Reference value :  2.04063e-08
 Reference value :  2.05623e-08
 Reference value :  2.06033e-08
 Reference value :  2.06953e-08
 Reference value :  2.08633e-08
 Reference value :  2.09293e-08
 Reference value :  2.10813e-08
 Reference value :  2.12533e-08
 Reference value :  2.13873e-08
 Reference value :  2.15383e-08
 Reference value :  2.16093e-08
 Reference value :  2.17313e-08
 Reference value :  2.18853e-08
 Reference value :  2.20483e-08
 Reference value :  2.22243e-08
 Reference value :  2.23333e-08
 Reference value :  2.23543e-08
 Reference value :  2.24653e-08
 Reference value :  2.26223e-08
 Reference value :  2.27703e-08
 Reference value :  2.29213e-08
 Reference value :  2.29853e-08
 Reference value :  2.30263e-08
 Reference value :  2.31893e-08
 Reference value :  2.32783e-08
 Reference value :  2.34483e-08
 Reference value :  2.35703e-08
 Reference value :  2.35983e-08
 Reference value :  2.37703e-08
 Reference value :  2.39323e-08
 Reference value :  2.40953e-08
 Reference value :  2.41963e-08
 Reference value :  2.42643e-08
 Reference value :  2.43993e-08
 Reference value :  2.45683e-08
 Reference value :  2.47113e-08
 Reference value :  2.47723e-08
 Reference value :  2.48043e-08
 Reference value :  2.49503e-08
 Reference value :  2.51163e-08
 Reference value :  2.52523e-08
 Reference value :  2.53843e-08
 Reference value :  2.54633e-08
 Reference value :  2.56033e-08
 Reference value :  2.57713e-08
 Reference value :  2.58243e-08
 Reference value :  2.59853e-08
 Reference value :  2.61483e-08
 Reference value :  2.62213e-08
 Reference value :  2.62483e-08
 Reference value :  2.62683e-08
 Reference value :  2.63083e-08
 Reference value :  2.63483e-08
 Reference value :  2.63913e-08
 Reference value :  2.64243e-08
 Reference value :  2.64383e-08
 Reference value :  2.64523e-08
 Reference value :  2.64563e-08
 Reference value :  2.64603e-08
 Reference value :  2.64853e-08
 Reference value :  2.65193e-08
 Reference value :  2.66323e-08
 Reference value :  2.67973e-08
 Reference value :  2.69473e-08
 Reference value :  2.70613e-08
 Reference value :  2.70823e-08
 Reference value :  2.71673e-08
 Reference value :  2.73373e-08
 Reference value :  2.75003e-08
 Reference value :  2.76533e-08
 Reference value :  2.77523e-08
 Reference value :  2.77873e-08
 Reference value :  2.79593e-08
 Reference value :  2.81303e-08
 Reference value :  2.83023e-08
 Reference value :  2.84593e-08
 Reference value :  2.85753e-08
 Reference value :  2.86093e-08
 Reference value :  2.87563e-08
 Reference value :  2.89153e-08
 Reference value :  2.90643e-08
 Reference value :  2.92263e-08
 Reference value :  2.92983e-08
 Reference value :  2.93923e-08
 Reference value :  2.95413e-08
 Reference value :  2.97153e-08
 Reference value :  2.97813e-08
 Reference value :  2.98673e-08
 Reference value :  2.99043e-08
 Reference value :  2.99353e-08
 Reference value :  3.00173e-08
 Reference value :  3.01083e-08
 Reference value :  3.01863e-08
 Reference value :  3.01893e-08
 Reference value :  3.01933e-08
 Reference value :  3.02093e-08
 Reference value :  3.02513e-08
 Reference value :  3.03283e-08
 Reference value :  3.04943e-08
 Reference value :  3.06553e-08
 Reference value :  3.07523e-08
 Reference value :  3.08023e-08
 Reference value :  3.08483e-08
 Reference value :  3.08663e-08
 Reference value :  3.09663e-08
 Reference value :  3.09703e-08
 Reference value :  3.09883e-08
 Reference value :  3.10963e-08
 Reference value :  3.12503e-08
 Reference value :  3.14243e-08
 Reference value :  3.16013e-08
 Reference value :  3.16823e-08
 Reference value :  3.16873e-08
 Reference value :  3.16993e-08
 Reference value :  3.17423e-08
 Reference value :  3.17673e-08
 Reference value :  3.17853e-08
 Reference value :  3.19573e-08
 Reference value :  3.20073e-08
 Reference value :  3.20393e-08
 Reference value :  3.21683e-08
 Reference value :  3.23413e-08
 Reference value :  3.24223e-08
 Reference value :  3.24263e-08
 Reference value :  3.24523e-08
 Reference value :  3.24563e-08
 Reference value :  3.26073e-08
 Reference value :  3.27703e-08
 Reference value :  3.28953e-08
 Reference value :  3.29833e-08
 Reference value :  3.30283e-08
 Reference value :  3.31243e-08
 Reference value :  3.32333e-08
 Reference value :  3.32703e-08
 Reference value :  3.33153e-08
 Reference value :  3.33193e-08
 Reference value :  3.33223e-08
 Reference value :  3.33263e-08
 Reference value :  3.33293e-08
 Reference value :  3.33423e-08
 Reference value :  3.33463e-08
 Reference value :  3.33493e-08
 Reference value :  3.33533e-08
 Reference value :  3.33573e-08
 Reference value :  3.33613e-08
 Reference value :  3.33653e-08
 Reference value :  3.33683e-08
 Reference value :  3.33713e-08
 Reference value :  3.33803e-08
 Reference value :  3.33843e-08
 Reference value :  3.33883e-08
 Reference value :  3.33923e-08
 Reference value :  3.33953e-08
 Reference value :  3.33993e-08
 Reference value :  3.34033e-08
 Reference value :  3.34073e-08
 Reference value :  3.34113e-08
 Reference value :  3.34143e-08
 Reference value :  3.34183e-08
 Reference value :  3.34213e-08
 Reference value :  3.35213e-08
 Reference value :  3.36263e-08
 Reference value :  3.36383e-08
 Reference value :  3.38063e-08
 Reference value :  3.39593e-08
 Reference value :  3.41033e-08
 Reference value :  3.42393e-08
 Reference value :  3.43653e-08
 Reference value :  3.45053e-08
 Reference value :  3.45853e-08
 Reference value :  3.47583e-08
 Reference value :  3.48903e-08
 Reference value :  3.50643e-08
 Reference value :  3.52333e-08
 Reference value :  3.54053e-08
 Reference value :  3.55333e-08
 Reference value :  3.56233e-08
 Reference value :  3.57933e-08
 Reference value :  3.59603e-08
 Reference value :  3.61313e-08
 Reference value :  3.62843e-08
 Reference value :  3.63903e-08
 Reference value :  3.64263e-08
 Reference value :  3.65723e-08
 Reference value :  3.66943e-08
 Reference value :  3.68643e-08
 Reference value :  3.70423e-08
 Reference value :  3.71113e-08
 Reference value :  3.72103e-08
 Reference value :  3.73023e-08
 Reference value :  3.73903e-08
 Reference value :  3.75393e-08
 Reference value :  3.76403e-08
 Reference value :  3.76613e-08
 Reference value :  3.77143e-08
 Reference value :  3.77683e-08
 Reference value :  3.78553e-08
 Reference value :  3.78883e-08
 Reference value :  3.78913e-08
 Reference value :  3.78943e-08
 Reference value :  3.79083e-08
 Reference value :  3.79123e-08
 Reference value :  3.79163e-08
 Reference value :  3.79343e-08
 Reference value :  3.79533e-08
 Reference value :  3.79593e-08
 Reference value :  3.79633e-08
 Reference value :  3.79673e-08
 Reference value :  3.79713e-08
 Reference value :  3.79753e-08
 Reference value :  3.79793e-08
 Reference value :  3.79833e-08
 Reference value :  3.79873e-08
 Reference value :  3.79913e-08
 Reference value :  3.79953e-08
 Reference value :  3.79993e-08
 Reference value :  3.80033e-08
 Reference value :  3.80073e-08
 Reference value :  3.80113e-08
 Reference value :  3.80153e-08
 Reference value :  3.80193e-08
 Reference value :  3.80223e-08
 Reference value :  3.80263e-08
 Reference value :  3.80303e-08
 Reference value :  3.80343e-08
 Reference value :  3.80383e-08
 Reference value :  3.80423e-08
 Reference value :  3.80463e-08
 Reference value :  3.80563e-08
 Reference value :  3.80693e-08
 Reference value :  3.80733e-08
 Reference value :  3.80783e-08
 Reference value :  3.80833e-08
 Reference value :  3.81113e-08
 Reference value :  3.82013e-08
 Reference value :  3.83003e-08
 Reference value :  3.83873e-08
 Reference value :  3.84213e-08
 Reference value :  3.84283e-08
 Reference value :  3.85283e-08
 Reference value :  3.86273e-08
 Reference value :  3.86423e-08
 Reference value :  3.86473e-08
 Reference value :  3.86963e-08
 Reference value :  3.88393e-08
 Reference value :  3.89293e-08
 Reference value :  3.90653e-08
 Reference value :  3.91823e-08
 Reference value :  3.92393e-08
 Reference value :  3.92873e-08
 Reference value :  3.92953e-08
 Reference value :  3.94473e-08
 Reference value :  3.96123e-08
 Reference value :  3.97843e-08
 Reference value :  3.99303e-08
 Reference value :  4.01073e-08
 Reference value :  4.02753e-08
 Reference value :  4.04513e-08
 Reference value :  4.05983e-08
 Reference value :  4.06923e-08
 Reference value :  4.07603e-08
 Reference value :  4.08673e-08
 Reference value :  4.10433e-08
 Reference value :  4.11833e-08
 Reference value :  4.13643e-08
 Reference value :  4.15313e-08
 Reference value :  4.16123e-08
 Reference value :  4.17083e-08
 Reference value :  4.18723e-08
 Reference value :  4.20303e-08
 Reference value :  4.21493e-08
 Reference value :  4.21643e-08
 Reference value :  4.21693e-08
 Reference value :  4.21733e-08
 Reference value :  4.22623e-08
 Reference value :  4.23393e-08
 Reference value :  4.24223e-08
 Reference value :  4.24383e-08
 Reference value :  4.24423e-08
 Reference value :  4.24883e-08
 Reference value :  4.25553e-08
 Reference value :  4.25593e-08
 Reference value :  4.25633e-08
 Reference value :  4.25663e-08
 Reference value :  4.25703e-08
 Reference value :  4.25873e-08
 Reference value :  4.25903e-08
 Reference value :  4.25933e-08
 Reference value :  4.25973e-08
 Reference value :  4.26023e-08
 Reference value :  4.26273e-08
 Reference value :  4.26303e-08
 Reference value :  4.26343e-08
 Reference value :  4.26383e-08
 Reference value :  4.26423e-08
 Reference value :  4.26463e-08
 Reference value :  4.26503e-08
 Reference value :  4.26543e-08
 Reference value :  4.26583e-08
 Reference value :  4.26623e-08
 Reference value :  4.26753e-08
 Reference value :  4.27183e-08
 Reference value :  4.27393e-08
 Reference value :  4.27623e-08
 Reference value :  4.27663e-08
 Reference value :  4.27723e-08
 Reference value :  4.28753e-08
 Reference value :  4.29533e-08
 Reference value :  4.30003e-08
 Reference value :  4.30153e-08
 Reference value :  4.30363e-08
 Reference value :  4.30403e-08
 Reference value :  4.30513e-08
 Reference value :  4.31123e-08
 Reference value :  4.31723e-08
 Reference value :  4.31923e-08
 Reference value :  4.32003e-08
 Reference value :  4.32043e-08
 Reference value :  4.32083e-08
 Reference value :  4.32123e-08
 Reference value :  4.32163e-08
 Reference value :  4.32203e-08
 Reference value :  4.33883e-08
 Reference value :  4.35623e-08
 Reference value :  4.37303e-08
 Reference value :  4.38483e-08
 Reference value :  4.38993e-08
 Reference value :  4.39133e-08
 Reference value :  4.40323e-08
 Reference value :  4.42083e-08
 Reference value :  4.42393e-08
 Reference value :  4.43143e-08
 Reference value :  4.43653e-08
 Reference value :  4.44943e-08
 Reference value :  4.46443e-08
 Reference value :  4.48033e-08
 Reference value :  4.49803e-08
 Reference value :  4.51413e-08
 Reference value :  4.52533e-08
 Reference value :  4.53353e-08
 Reference value :  4.54963e-08
 Reference value :  4.56733e-08
 Reference value :  4.58413e-08
 Reference value :  4.60173e-08
 Reference value :  4.61903e-08
 Reference value :  4.63613e-08
 Reference value :  4.64243e-08
 Reference value :  4.65473e-08
 Reference value :  4.67243e-08
 Reference value :  4.68963e-08
 Reference value :  4.70783e-08
 Reference value :  4.72183e-08
 Reference value :  4.72993e-08
 Reference value :  4.74803e-08
 Reference value :  4.76053e-08
 Reference value :  4.77523e-08
 Reference value :  4.79003e-08
 Reference value :  4.79253e-08
 Reference value :  4.80133e-08
 Reference value :  4.81903e-08
 Reference value :  4.83643e-08
 Reference value :  4.83873e-08
 Reference value :  4.84573e-08
 Reference value :  4.86103e-08
 Reference value :  4.87833e-08
 Reference value :  4.89453e-08
 Reference value :  4.91233e-08
 Reference value :  4.92743e-08
 Reference value :  4.93043e-08
 Reference value :  4.93113e-08
 Reference value :  4.94883e-08
 Reference value :  4.96553e-08
 Reference value :  4.98043e-08
 Reference value :  4.99273e-08
 Reference value :  4.99833e-08
 Reference value :  5.01623e-08
 Reference value :  5.03213e-08
 Reference value :  5.04963e-08
 Reference value :  5.06623e-08
 Reference value :  5.08223e-08
 Reference value :  5.09993e-08
 Reference value :  5.11613e-08
 Reference value :  5.13343e-08
 Reference value :  5.14313e-08
 Reference value :  5.15563e-08
 Reference value :  5.16633e-08
 Reference value :  5.17733e-08
 Reference value :  5.19523e-08
 Reference value :  5.20743e-08
 Reference value :  5.21493e-08
 Reference value :  5.22573e-08
 Reference value :  5.24373e-08
 Reference value :  5.26173e-08
 Reference value :  5.27903e-08
 Reference value :  5.29663e-08
 Reference value :  5.31243e-08
 Reference value :  5.32973e-08
 Reference value :  5.34163e-08
 Reference value :  5.34653e-08
 Reference value :  5.35553e-08
 Reference value :  5.37303e-08
 Reference value :  5.39083e-08
 Reference value :  5.40563e-08
 Reference value :  5.41733e-08
 Reference value :  5.42243e-08
 Reference value :  5.42543e-08
 Reference value :  5.43093e-08
 Reference value :  5.43953e-08
 Reference value :  5.44313e-08
 Reference value :  5.44353e-08
 Reference value :  5.44423e-08
 Reference value :  5.45013e-08
 Reference value :  5.45173e-08
 Reference value :  5.45423e-08
 Reference value :  5.45463e-08
 Reference value :  5.45703e-08
 Reference value :  5.45743e-08
 Reference value :  5.46763e-08
 Reference value :  5.47303e-08
 Reference value :  5.47533e-08
 Reference value :  5.48023e-08
 Reference value :  5.48173e-08
 Reference value :  5.48553e-08
 Reference value :  5.48593e-08
 Reference value :  5.48753e-08
 Reference value :  5.48883e-08
 Reference value :  5.49073e-08
 Reference value :  5.49183e-08
 Reference value :  5.49623e-08
 Reference value :  5.50213e-08
 Reference value :  5.50703e-08
 Reference value :  5.50743e-08
 Reference value :  5.50783e-08
 Reference value :  5.51203e-08
 Reference value :  5.52093e-08
 Reference value :  5.52803e-08
 Reference value :  5.52953e-08
 Reference value :  5.52993e-08
 Reference value :  5.53033e-08
 Reference value :  5.53253e-08
 Reference value :  5.53483e-08
 Reference value :  5.53533e-08
 Reference value :  5.53733e-08
 Reference value :  5.54273e-08
 Reference value :  5.55213e-08
 Reference value :  5.55993e-08
 Reference value :  5.56313e-08
 Reference value :  5.56353e-08
 Reference value :  5.56593e-08
 Reference value :  5.57683e-08
 Reference value :  5.58103e-08
 Reference value :  5.59783e-08
 Reference value :  5.61473e-08
 Reference value :  5.62713e-08
 Reference value :  5.62753e-08
 Reference value :  5.63503e-08
 Reference value :  5.64053e-08
 Reference value :  5.64703e-08
 Reference value :  5.66453e-08
 Reference value :  5.66943e-08
 Reference value :  5.67493e-08
 Reference value :  5.68173e-08
 Reference value :  5.69423e-08
 Reference value :  5.71123e-08
 Reference value :  5.72793e-08
 Reference value :  5.74413e-08
 Reference value :  5.75913e-08
 Reference value :  5.77553e-08
 Reference value :  5.78053e-08
 Reference value :  5.78223e-08
 Reference value :  5.79253e-08
 Reference value :  5.80313e-08
 Reference value :  5.81003e-08
 Reference value :  5.81053e-08
 Reference value :  5.81663e-08
 Reference value :  5.82313e-08
 Reference value :  5.83133e-08
 Reference value :  5.83733e-08
 Reference value :  5.84683e-08
 Reference value :  5.86413e-08
 Reference value :  5.87473e-08
 Reference value :  5.87703e-08
 Reference value :  5.87913e-08
 Reference value :  5.89683e-08
 Reference value :  5.90363e-08
 Reference value :  5.91893e-08
 Reference value :  5.92783e-08
 Reference value :  5.93913e-08
 Reference value :  5.95513e-08
 Reference value :  5.97213e-08
 Reference value :  5.98273e-08
 Reference value :  5.99103e-08
 Reference value :  6.00903e-08
 Reference value :  6.02503e-08
 Reference value :  6.03703e-08
 Reference value :  6.04033e-08
 Reference value :  6.04973e-08
 Reference value :  6.05393e-08
 Reference value :  6.06983e-08
 Reference value :  6.08793e-08
 Reference value :  6.10363e-08
 Reference value :  6.12053e-08
 Reference value :  6.13453e-08
 Reference value :  6.14253e-08
 Reference value :  6.14673e-08
 Reference value :  6.14873e-08
 Reference value :  6.16513e-08
 Reference value :  6.17133e-08
 Reference value :  6.18563e-08
 Reference value :  6.19043e-08
 Reference value :  6.19653e-08
 Reference value :  6.20773e-08
 Reference value :  6.21133e-08
 Reference value :  6.22643e-08
 Reference value :  6.23333e-08
 Reference value :  6.23413e-08
 Reference value :  6.23443e-08
 Reference value :  6.24363e-08
 Reference value :  6.25703e-08
 Reference value :  6.27403e-08
 Reference value :  6.28723e-08
 Reference value :  6.29153e-08
 Reference value :  6.30173e-08
 Reference value :  6.31293e-08
 Reference value :  6.32523e-08
 Reference value :  6.33593e-08
 Reference value :  6.34293e-08
 Reference value :  6.34773e-08
 Reference value :  6.34933e-08
 Reference value :  6.35133e-08
 Reference value :  6.35843e-08
 Reference value :  6.36213e-08
 Reference value :  6.36933e-08
 Reference value :  6.37693e-08
 Reference value :  6.38293e-08
 Reference value :  6.39183e-08
 Reference value :  6.39893e-08
 Reference value :  6.40233e-08
 Reference value :  6.40273e-08
 Reference value :  6.41033e-08
 Reference value :  6.41533e-08
 Reference value :  6.42113e-08
 Reference value :  6.42353e-08
 Reference value :  6.42933e-08
 Reference value :  6.43153e-08
 Reference value :  6.43503e-08
 Reference value :  6.43663e-08
 Reference value :  6.44153e-08
 Reference value :  6.45043e-08
 Reference value :  6.46063e-08
 Reference value :  6.46993e-08
 Reference value :  6.47823e-08
 Reference value :  6.47963e-08
 Reference value :  6.48073e-08
 Reference value :  6.48483e-08
 Reference value :  6.49223e-08
 Reference value :  6.50223e-08
 Reference value :  6.50973e-08
 Reference value :  6.51123e-08
 Reference value :  6.51313e-08
 Reference value :  6.52303e-08
 Reference value :  6.53363e-08
 Reference value :  6.54513e-08
 Reference value :  6.54963e-08
 Reference value :  6.55063e-08
 Reference value :  6.55363e-08
 Reference value :  6.55403e-08
 Reference value :  6.55433e-08
 Reference value :  6.55483e-08
 Reference value :  6.55523e-08
 Reference value :  6.55573e-08
 Reference value :  6.55763e-08
 Reference value :  6.56123e-08
 Reference value :  6.56323e-08
 Reference value :  6.56663e-08
 Reference value :  6.56743e-08
 Reference value :  6.56783e-08
 Reference value :  6.56923e-08
 Reference value :  6.57513e-08
 Reference value :  6.58703e-08
 Reference value :  6.59703e-08
 Reference value :  6.59993e-08
 Reference value :  6.60143e-08
 Reference value :  6.61013e-08
 Reference value :  6.61613e-08
 Reference value :  6.61783e-08
 Reference value :  6.62893e-08
 Reference value :  6.63803e-08
 Reference value :  6.64563e-08
 Reference value :  6.64643e-08
 Reference value :  6.64993e-08
 Reference value :  6.65283e-08
 Reference value :  6.66323e-08
 Reference value :  6.67393e-08
 Reference value :  6.68513e-08
 Reference value :  6.68553e-08
 Reference value :  6.69553e-08
 Reference value :  6.70723e-08
 Reference value :  6.70933e-08
 Reference value :  6.71643e-08
 Reference value :  6.72793e-08
 Reference value :  6.73773e-08
 Reference value :  6.74793e-08
 Reference value :  6.75773e-08
 Reference value :  6.76833e-08
 Reference value :  6.78013e-08
 Reference value :  6.79183e-08
 Reference value :  6.80443e-08
 Reference value :  6.81153e-08
 Reference value :  6.82203e-08
 Reference value :  6.83333e-08
 Reference value :  6.84403e-08
 Reference value :  6.85543e-08
 Reference value :  6.86693e-08
 Reference value :  6.87893e-08
 Reference value :  6.88893e-08
 Reference value :  6.89783e-08
 Reference value :  6.90023e-08
 Reference value :  6.90893e-08
 Reference value :  6.91983e-08
 Reference value :  6.93103e-08
 Reference value :  6.93873e-08
 Reference value :  6.94563e-08
 Reference value :  6.95193e-08
 Reference value :  6.95603e-08
 Reference value :  6.96003e-08
 Reference value :  6.96223e-08
 Reference value :  6.96733e-08
 Reference value :  6.97143e-08
 Reference value :  6.97643e-08
 Reference value :  6.97703e-08
 Reference value :  6.97743e-08
 Reference value :  6.97783e-08
 Reference value :  6.98283e-08
 Reference value :  6.99003e-08
 Reference value :  6.99103e-08
 Reference value :  6.99223e-08
 Reference value :  7.00483e-08
 Reference value :  7.01633e-08
 Reference value :  7.02643e-08
 Reference value :  7.03633e-08
 Reference value :  7.03793e-08
 Reference value :  7.04693e-08
 Reference value :  7.05923e-08
 Reference value :  7.06803e-08
 Reference value :  7.07813e-08
 Reference value :  7.08213e-08
 Reference value :  7.08643e-08
 Reference value :  7.09263e-08
 Reference value :  7.10093e-08
 Reference value :  7.10843e-08
 Reference value :  7.11133e-08
 Reference value :  7.11843e-08
 Reference value :  7.12093e-08
 Reference value :  7.12503e-08
 Reference value :  7.12943e-08
 Reference value :  7.13293e-08
 Reference value :  7.14073e-08
 Reference value :  7.14733e-08
 Reference value :  7.15813e-08
 Reference value :  7.16193e-08
 Reference value :  7.16233e-08
 Reference value :  7.16343e-08
 Reference value :  7.16923e-08
 Reference value :  7.18713e-08
 Reference value :  7.19883e-08
 Reference value :  7.20983e-08
 Reference value :  7.21173e-08
 Reference value :  7.21863e-08
 Reference value :  7.22203e-08
 Reference value :  7.23303e-08
 Reference value :  7.24103e-08
 Reference value :  7.25003e-08
 Reference value :  7.25113e-08
 Reference value :  7.25713e-08
 Reference value :  7.26523e-08
 Reference value :  7.27443e-08
 Reference value :  7.28703e-08
 Reference value :  7.29713e-08
 Reference value :  7.30753e-08
 Reference value :  7.31903e-08
 Reference value :  7.32573e-08
 Reference value :  7.33183e-08
 Reference value :  7.33953e-08
 Reference value :  7.34903e-08
 Reference value :  7.36013e-08
 Reference value :  7.37173e-08
 Reference value :  7.38263e-08
 Reference value :  7.39143e-08
 Reference value :  7.39563e-08
 Reference value :  7.40093e-08
 Reference value :  7.41133e-08
 Reference value :  7.42103e-08
 Reference value :  7.43163e-08
 Reference value :  7.44023e-08
 Reference value :  7.44053e-08
 Reference value :  7.44083e-08
 Reference value :  7.44193e-08
 Reference value :  7.44973e-08
 Reference value :  7.45383e-08
 Reference value :  7.45773e-08
 Reference value :  7.46093e-08
 Reference value :  7.46603e-08
 Reference value :  7.47013e-08
 Reference value :  7.47363e-08
 Reference value :  7.47403e-08
 Reference value :  7.47473e-08
 Reference value :  7.47543e-08
 Reference value :  7.47583e-08
 Reference value :  7.47633e-08
 Reference value :  7.48083e-08
 Reference value :  7.48633e-08
 Reference value :  7.50373e-08
 Reference value :  7.51283e-08
 Reference value :  7.51913e-08
 Reference value :  7.52943e-08
 Reference value :  7.53493e-08
 Reference value :  7.53583e-08
 Reference value :  7.54423e-08
 Reference value :  7.55413e-08
 Reference value :  7.56543e-08
 Reference value :  7.57813e-08
 Reference value :  7.59043e-08
 Reference value :  7.59793e-08
 Reference value :  7.60203e-08
 Reference value :  7.60683e-08
 Reference value :  7.61733e-08
 Reference value :  7.62793e-08
 Reference value :  7.64003e-08
 Reference value :  7.64233e-08
 Reference value :  7.64823e-08
 Reference value :  7.65193e-08
 Reference value :  7.66343e-08
 Reference value :  7.67473e-08
 Reference value :  7.68483e-08
 Reference value :  7.68533e-08
 Reference value :  7.68583e-08
 Reference value :  7.68713e-08
 Reference value :  7.69173e-08
 Reference value :  7.69533e-08
 Reference value :  7.69653e-08
 Reference value :  7.69693e-08
 Reference value :  7.69733e-08
 Reference value :  7.69773e-08
 Reference value :  7.69813e-08
 Reference value :  7.69903e-08
 Reference value :  7.70023e-08
 Reference value :  7.70993e-08
 Reference value :  7.72023e-08
 Reference value :  7.73143e-08
 Reference value :  7.73933e-08
 Reference value :  7.74013e-08
 Reference value :  7.74623e-08
 Reference value :  7.74753e-08
 Reference value :  7.75793e-08
 Reference value :  7.76923e-08
 Reference value :  7.78073e-08
 Reference value :  7.78323e-08
 Reference value :  7.78463e-08
 Reference value :  7.78583e-08
 Reference value :  7.78693e-08
 Reference value :  7.78733e-08
 Reference value :  7.78773e-08
 Reference value :  7.78813e-08
 Reference value :  7.79103e-08
 Reference value :  7.79363e-08
 Reference value :  7.79713e-08
 Reference value :  7.79753e-08
 Reference value :  7.79793e-08
 Reference value :  7.79833e-08
 Reference value :  7.79873e-08
 Reference value :  7.80753e-08
 Reference value :  7.81663e-08
 Reference value :  7.82603e-08
 Reference value :  7.83673e-08
 Reference value :  7.84513e-08
 Reference value :  7.85583e-08
 Reference value :  7.86213e-08
 Reference value :  7.86883e-08
 Reference value :  7.87053e-08
 Reference value :  7.87093e-08
 Reference value :  7.88033e-08
 Reference value :  7.89693e-08
 Reference value :  7.90803e-08
 Reference value :  7.91003e-08
 Reference value :  7.91043e-08
 Reference value :  7.92153e-08
 Reference value :  7.93763e-08
 Reference value :  7.95573e-08
 Reference value :  7.96423e-08
 Reference value :  7.96543e-08
 Reference value :  7.96723e-08
 Reference value :  7.97083e-08
 Reference value :  7.98013e-08
 Reference value :  7.99063e-08
 Reference value :  7.99423e-08
 Reference value :  7.99463e-08
 Reference value :  8.01033e-08
 Reference value :  8.01493e-08
 Reference value :  8.01533e-08
 Reference value :  8.01713e-08
 Reference value :  8.01753e-08
 Reference value :  8.01823e-08
 Reference value :  8.01853e-08
 Reference value :  8.01893e-08
 Reference value :  8.01933e-08
 Reference value :  8.01983e-08
 Reference value :  8.02023e-08
 Reference value :  8.02063e-08
 Reference value :  8.02103e-08
 Reference value :  8.02143e-08
 Reference value :  8.02183e-08
 Reference value :  8.02213e-08
 Reference value :  8.02543e-08
 Reference value :  8.02593e-08
 Reference value :  8.02633e-08
 Reference value :  8.02673e-08
 Reference value :  8.02713e-08
 Reference value :  8.02753e-08
 Reference value :  8.02793e-08
 Reference value :  8.02833e-08
 Reference value :  8.02873e-08
 Reference value :  8.02913e-08
 Reference value :  8.03293e-08
 Reference value :  8.03683e-08
 Reference value :  8.05093e-08
 Reference value :  8.06753e-08
 Reference value :  8.08413e-08
 Reference value :  8.09133e-08
 Reference value :  8.09983e-08
 Reference value :  8.11803e-08
 Reference value :  8.13453e-08
 Reference value :  8.13893e-08
 Reference value :  8.14093e-08
 Reference value :  8.15093e-08
 Reference value :  8.16413e-08
 Reference value :  8.17343e-08
 Reference value :  8.18323e-08
 Reference value :  8.19103e-08
 Reference value :  8.20023e-08
 Reference value :  8.20233e-08
 Reference value :  8.20613e-08
 Reference value :  8.21703e-08
 Reference value :  8.22743e-08
 Reference value :  8.23073e-08
 Reference value :  8.23113e-08
 Reference value :  8.23723e-08
 Reference value :  8.24733e-08
 Reference value :  8.25243e-08
 Reference value :  8.25293e-08
 Reference value :  8.26853e-08
 Reference value :  8.28593e-08
 Reference value :  8.30053e-08
 Reference value :  8.30123e-08
 Reference value :  8.30563e-08
 Reference value :  8.32293e-08
 Reference value :  8.33533e-08
 Reference value :  8.33833e-08
 Reference value :  8.34263e-08
 Reference value :  8.34553e-08
 Reference value :  8.35223e-08
 Reference value :  8.35883e-08
 Reference value :  8.36433e-08
 Reference value :  8.36473e-08
 Reference value :  8.37003e-08
 Reference value :  8.37453e-08
 Reference value :  8.38333e-08
 Reference value :  8.39823e-08
 Reference value :  8.41503e-08
 Reference value :  8.42333e-08
 Reference value :  8.43373e-08
 Reference value :  8.45013e-08
 Reference value :  8.45913e-08
 Reference value :  8.46303e-08
 Reference value :  8.47703e-08
 Reference value :  8.49273e-08
 Reference value :  8.50983e-08
 Reference value :  8.52663e-08
 Reference value :  8.54283e-08
 Reference value :  8.55053e-08
 Reference value :  8.55463e-08
 Reference value :  8.57243e-08
 Reference value :  8.58613e-08
 Reference value :  8.59273e-08
 Reference value :  8.59803e-08
 Reference value :  8.61533e-08
 Reference value :  8.63323e-08
 Reference value :  8.64163e-08
 Reference value :  8.64723e-08
 Reference value :  8.65453e-08
 Reference value :  8.67143e-08
 Reference value :  8.68733e-08
 Reference value :  8.70253e-08
 Reference value :  8.70953e-08
 Reference value :  8.71943e-08
 Reference value :  8.73723e-08
 Reference value :  8.75203e-08
 Reference value :  8.76043e-08
 Reference value :  8.76763e-08
 Reference value :  8.78573e-08
 Reference value :  8.80323e-08
 Reference value :  8.80723e-08
 Reference value :  8.82493e-08
 Reference value :  8.83123e-08
 Reference value :  8.83593e-08
 Reference value :  8.85193e-08
 Reference value :  8.86953e-08
 Reference value :  8.88583e-08
 Reference value :  8.89723e-08
 Reference value :  8.90113e-08
 Reference value :  8.91653e-08
 Reference value :  8.93233e-08
 Reference value :  8.94113e-08
 Reference value :  8.95713e-08
 Reference value :  8.97203e-08
 Reference value :  8.98803e-08
 Reference value :  9.00353e-08
 Reference value :  9.01263e-08
 Reference value :  9.01633e-08
 Reference value :  9.02333e-08
 Reference value :  9.03763e-08
 Reference value :  9.05343e-08
 Reference value :  9.06553e-08
 Reference value :  9.08233e-08
 Reference value :  9.09263e-08
 Reference value :  9.10793e-08
 Reference value :  9.12263e-08
 Reference value :  9.13103e-08
 Reference value :  9.13373e-08
 Reference value :  9.14413e-08
 Reference value :  9.15083e-08
 Reference value :  9.15143e-08
 Reference value :  9.15303e-08
 Reference value :  9.15553e-08
 Reference value :  9.15743e-08
 Reference value :  9.16743e-08
 Reference value :  9.18193e-08
 Reference value :  9.18693e-08
 Reference value :  9.19863e-08
 Reference value :  9.19943e-08
 Reference value :  9.21413e-08
 Reference value :  9.22743e-08
 Reference value :  9.23323e-08
 Reference value :  9.25053e-08
 Reference value :  9.26683e-08
 Reference value :  9.28233e-08
 Reference value :  9.28603e-08
 Reference value :  9.30333e-08
 Reference value :  9.31923e-08
 Reference value :  9.33703e-08
 Reference value :  9.34823e-08
 Reference value :  9.35923e-08
 Reference value :  9.36203e-08
 Reference value :  9.36863e-08
 Reference value :  9.38613e-08
 Reference value :  9.39493e-08
 Reference value :  9.40733e-08
 Reference value :  9.42443e-08
 Reference value :  9.43923e-08
 Reference value :  9.45253e-08
 Reference value :  9.45433e-08
 Reference value :  9.46663e-08
 Reference value :  9.47723e-08
 Reference value :  9.49003e-08
 Reference value :  9.49143e-08
 Reference value :  9.50763e-08
 Reference value :  9.52493e-08
 Reference value :  9.53583e-08
 Reference value :  9.54163e-08
 Reference value :  9.55503e-08
 Reference value :  9.57193e-08
 Reference value :  9.58773e-08
 Reference value :  9.59073e-08
 Reference value :  9.59333e-08
 Reference value :  9.60663e-08
 Reference value :  9.62403e-08
 Reference value :  9.64073e-08
 Reference value :  9.64553e-08
 Reference value :  9.64683e-08
 Reference value :  9.65703e-08
 Reference value :  9.66233e-08
 Reference value :  9.67083e-08
 Reference value :  9.67983e-08
 Reference value :  9.68653e-08
 Reference value :  9.68933e-08
 Reference value :  9.69433e-08
 Reference value :  9.70013e-08
 Reference value :  9.71603e-08
 Reference value :  9.72493e-08
 Reference value :  9.72883e-08
 Reference value :  9.72923e-08
 Reference value :  9.73203e-08
 Reference value :  9.73293e-08
 Reference value :  9.73333e-08
 Reference value :  9.74303e-08
 Reference value :  9.75003e-08
 Reference value :  9.75483e-08
 Reference value :  9.75663e-08
 Reference value :  9.75703e-08
 Reference value :  9.76983e-08
 Reference value :  9.78333e-08
 Reference value :  9.78763e-08
 Reference value :  9.78793e-08
 Reference value :  9.79793e-08
 Reference value :  9.81423e-08
 Reference value :  9.83123e-08
 Reference value :  9.84913e-08
 Reference value :  9.85233e-08
 Reference value :  9.85323e-08
 Reference value :  9.85953e-08
 Reference value :  9.86643e-08
 Reference value :  9.86893e-08
 Reference value :  9.87753e-08
 Reference value :  9.88363e-08
 Reference value :  9.88393e-08
 Reference value :  9.88783e-08
 Reference value :  9.89113e-08
 Reference value :  9.89493e-08
 Reference value :  9.90503e-08
 Reference value :  9.92213e-08
 Reference value :  9.92393e-08
 Reference value :  9.94123e-08
 Reference value :  9.94613e-08
 Reference value :  9.94983e-08
 Reference value :  9.95123e-08
 Reference value :  9.96143e-08
 Reference value :  9.97833e-08
 Reference value :  9.99523e-08
No. of Data Rows : 100008
t1a                 =  1.64952e-08
t1b                 =  4.99504e-08
t2a                 =  1.55250e-08
t2b                 =  4.70091e-08
c1a                 =  -3.20562e-04
c1b                 =  -9.62002e-04
c2a                 =  -3.20758e-04
c2b                 =  -9.59940e-04
m_period_r1 = 8.3637975000e-09
m_period_r2 = 7.8710350000e-09
m_f_r1 = 1.1956291386e+08
m_f_r2 = 1.2704809469e+08
m_i_r1_a = -1.917308196e-05
m_i_r2_a = -2.030171064e-05
Note: Simulation executed from .control section 

Note: Starting dynamic gmin stepping
Note: Dynamic gmin stepping completed
