
Note: No compatibility mode selected!


Circuit: * ro-array-core-mc-freq-extracted @ tt_27c_3.30v -- generated by sim/harness, do not edit

Doing analysis at TEMP = 27.000000 and TNOM = 27.000000

Using SPARSE 1.3 as Direct Linear Solver

Initial Transient Solution
--------------------------

Node                                   Voltage
----                                   -------
vsup                                       3.3
en                                         3.3
vddr1                                      3.3
vddr2                                      3.3
vdd                                        3.3
xdut.xr1.xg.vss__t0                1.46163e-10
xdut.xr1.xg.vddr__t0                       3.3
xdut.xr1.xg.\$8                      3.759e-08
vsubs                                 0.291359
xdut.xr1.xg.\$7                    3.96635e-08
xdut.xr1.xg.a__t0                  1.69586e-07
xdut.xr1.xg.y__t0                  1.25451e-13
xdut.xr1.xg.en__t0                         3.3
xdut.xr1.xg.\$5__t1                    1.57438
xdut.xr1.xg.vss__t1                          0
xdut.xr1.xg.vddr__t1                   3.29959
xdut.xr1.xg.\$9                        2.87469
xdut.xr1.xg.y__t1                  2.20754e-06
xdut.xr1.xg.a__t1                  1.69586e-07
xdut.xr1.xg.\$5__t2                    1.57437
xdut.xr1.xg.\$5__t0                    1.57437
xdut.xr1.xg.en__t1                         3.3
xdut.xr1.xg.y__t2                  8.50398e-13
xdut.xr1.xg.\$5                        1.57437
xdut.rn1                           1.69586e-07
xdut.xr1.n1                                  0
xdut.xr1.x1.\$5                    4.30643e-07
xdut.xr1.x1.a__t0                            0
xdut.xr1.x1.y__t0                          3.3
xdut.xr1.x1.vddr__t0                       3.3
xdut.xr1.x1.vss__t0                 7.2955e-10
xdut.xr1.x1.vddr__t1                       3.3
xdut.xr1.x1.vss__t1                          0
xdut.xr1.x1.\$6                            3.3
xdut.xr1.x1.\$7                            3.3
xdut.xr1.x1.a__t1                            0
xdut.xr1.x1.y__t1                          3.3
xdut.xr1.n2                                3.3
xdut.xr1.x2.\$5                     1.4773e-07
xdut.xr1.x2.a__t0                          3.3
xdut.xr1.x2.y__t0                  1.71125e-07
xdut.xr1.x2.vddr__t0                       3.3
xdut.xr1.x2.vss__t0                2.63715e-10
xdut.xr1.x2.vddr__t1                       3.3
xdut.xr1.x2.vss__t1                          0
xdut.xr1.x2.\$6                            3.3
xdut.xr1.x2.\$7                        2.92744
xdut.xr1.x2.a__t1                          3.3
xdut.xr1.x2.y__t1                  1.71128e-07
xdut.xr1.n3                        1.71127e-07
xdut.xr1.x3.\$5                    1.92956e-07
xdut.xr1.x3.a__t0                  1.71127e-07
xdut.xr1.x3.y__t0                          3.3
xdut.xr1.x3.vddr__t0                       3.3
xdut.xr1.x3.vss__t0                 3.4312e-10
xdut.xr1.x3.vddr__t1                       3.3
xdut.xr1.x3.vss__t1                          0
xdut.xr1.x3.\$6                            3.3
xdut.xr1.x3.\$7                            3.3
xdut.xr1.x3.a__t1                  1.71127e-07
xdut.xr1.x3.y__t1                          3.3
xdut.xr1.n4                                3.3
xdut.xr1.x4.\$5                    1.53436e-07
xdut.xr1.x4.a__t0                          3.3
xdut.xr1.x4.y__t0                  1.77389e-07
xdut.xr1.x4.vddr__t0                       3.3
xdut.xr1.x4.vss__t0                2.71256e-10
xdut.xr1.x4.vddr__t1                       3.3
xdut.xr1.x4.vss__t1                          0
xdut.xr1.x4.\$6                            3.3
xdut.xr1.x4.\$7                        2.92743
xdut.xr1.x4.a__t1                          3.3
xdut.xr1.x4.y__t1                  1.77392e-07
xdut.xr1.n5                         1.7739e-07
xdut.xr1.x5.\$5                    7.21285e-08
xdut.xr1.x5.a__t0                   1.7739e-07
xdut.xr1.x5.y__t0                          3.3
xdut.xr1.x5.vddr__t0                       3.3
xdut.xr1.x5.vss__t0                1.38812e-10
xdut.xr1.x5.vddr__t1                       3.3
xdut.xr1.x5.vss__t1                          0
xdut.xr1.x5.\$6                            3.3
xdut.xr1.x5.\$7                            3.3
xdut.xr1.x5.a__t1                   1.7739e-07
xdut.xr1.x5.y__t1                          3.3
xdut.xr1.n6                                3.3
xdut.xr1.x6.\$5                    1.53015e-07
xdut.xr1.x6.a__t0                          3.3
xdut.xr1.x6.y__t0                  1.77157e-07
xdut.xr1.x6.vddr__t0                       3.3
xdut.xr1.x6.vss__t0                2.73349e-10
xdut.xr1.x6.vddr__t1                       3.3
xdut.xr1.x6.vss__t1                          0
xdut.xr1.x6.\$6                            3.3
xdut.xr1.x6.\$7                        2.92743
xdut.xr1.x6.a__t1                          3.3
xdut.xr1.x6.y__t1                  1.77161e-07
xdut.xr1.n7                        1.77159e-07
xdut.xr1.x7.\$5                    1.25212e-07
xdut.xr1.x7.a__t0                  1.77159e-07
xdut.xr1.x7.y__t0                          3.3
xdut.xr1.x7.vddr__t0                       3.3
xdut.xr1.x7.vss__t0                2.25996e-10
xdut.xr1.x7.vddr__t1                       3.3
xdut.xr1.x7.vss__t1                          0
xdut.xr1.x7.\$6                            3.3
xdut.xr1.x7.\$7                            3.3
xdut.xr1.x7.a__t1                  1.77159e-07
xdut.xr1.x7.y__t1                          3.3
xdut.xr1.n8                                3.3
xdut.xr1.x8.\$5                     1.3476e-07
xdut.xr1.x8.a__t0                          3.3
xdut.xr1.x8.y__t0                  1.56474e-07
xdut.xr1.x8.vddr__t0                       3.3
xdut.xr1.x8.vss__t0                2.44356e-10
xdut.xr1.x8.vddr__t1                       3.3
xdut.xr1.x8.vss__t1                          0
xdut.xr1.x8.\$6                            3.3
xdut.xr1.x8.\$7                        2.92745
xdut.xr1.x8.a__t1                          3.3
xdut.xr1.x8.y__t1                  1.56476e-07
xdut.xr1.n9                        1.56475e-07
xdut.xr1.x9.\$5                    2.90716e-07
xdut.xr1.x9.a__t0                  1.56475e-07
xdut.xr1.x9.y__t0                          3.3
xdut.xr1.x9.vddr__t0                       3.3
xdut.xr1.x9.vss__t0                5.04325e-10
xdut.xr1.x9.vddr__t1                       3.3
xdut.xr1.x9.vss__t1                          0
xdut.xr1.x9.\$6                            3.3
xdut.xr1.x9.\$7                            3.3
xdut.xr1.x9.a__t1                  1.56475e-07
xdut.xr1.x9.y__t1                          3.3
xdut.xr1.n10                               3.3
xdut.xr1.x10.\$5                   1.46621e-07
xdut.xr1.x10.a__t0                         3.3
xdut.xr1.x10.y__t0                 1.69585e-07
xdut.xr1.x10.vddr__t0                      3.3
xdut.xr1.x10.vss__t0               2.62938e-10
xdut.xr1.x10.vddr__t1                      3.3
xdut.xr1.x10.vss__t1                         0
xdut.xr1.x10.\$6                           3.3
xdut.xr1.x10.\$7                       2.92744
xdut.xr1.x10.a__t1                         3.3
xdut.xr1.x10.y__t1                 1.69588e-07
xdut.xr2.xg.vss__t0                1.52783e-10
xdut.xr2.xg.vddr__t0                       3.3
xdut.xr2.xg.\$8                    3.54059e-08
xdut.xr2.xg.\$7                    3.74407e-08
xdut.xr2.xg.a__t0                  1.75785e-07
xdut.xr2.xg.y__t0                  1.25451e-13
xdut.xr2.xg.en__t0                         3.3
xdut.xr2.xg.\$5__t1                    1.57314
xdut.xr2.xg.vss__t1                          0
xdut.xr2.xg.vddr__t1                   3.29956
xdut.xr2.xg.\$9                        2.87442
xdut.xr2.xg.y__t1                  2.39783e-06
xdut.xr2.xg.a__t1                  1.75785e-07
xdut.xr2.xg.\$5__t2                    1.57314
xdut.xr2.xg.\$5__t0                    1.57314
xdut.xr2.xg.en__t1                         3.3
xdut.xr2.xg.y__t2                  8.50319e-13
xdut.xr2.xg.\$5                        1.57314
xdut.rn2                           1.75785e-07
xdut.xr2.n1                                  0
xdut.xr2.x1.\$5                    2.78451e-07
xdut.xr2.x1.a__t0                            0
xdut.xr2.x1.y__t0                          3.3
xdut.xr2.x1.vss__t0                5.24824e-10
xdut.xr2.x1.vddr__t0                       3.3
xdut.xr2.x1.vddr__t1                       3.3
xdut.xr2.x1.vss__t1                          0
xdut.xr2.x1.\$6                            3.3
xdut.xr2.x1.\$7                            3.3
xdut.xr2.x1.a__t1                            0
xdut.xr2.x1.y__t1                          3.3
xdut.xr2.n2                                3.3
xdut.xr2.x2.\$5                    1.46763e-07
xdut.xr2.x2.a__t0                          3.3
xdut.xr2.x2.y__t0                  1.72118e-07
xdut.xr2.x2.vss__t0                 2.8421e-10
xdut.xr2.x2.vddr__t0                       3.3
xdut.xr2.x2.vddr__t1                       3.3
xdut.xr2.x2.vss__t1                          0
xdut.xr2.x2.\$6                            3.3
xdut.xr2.x2.\$7                        2.92714
xdut.xr2.x2.a__t1                          3.3
xdut.xr2.x2.y__t1                  1.72121e-07
xdut.xr2.n3                         1.7212e-07
xdut.xr2.x3.\$5                    1.66103e-07
xdut.xr2.x3.a__t0                   1.7212e-07
xdut.xr2.x3.y__t0                          3.3
xdut.xr2.x3.vss__t0                3.18509e-10
xdut.xr2.x3.vddr__t0                       3.3
xdut.xr2.x3.vddr__t1                       3.3
xdut.xr2.x3.vss__t1                          0
xdut.xr2.x3.\$6                            3.3
xdut.xr2.x3.\$7                            3.3
xdut.xr2.x3.a__t1                   1.7212e-07
xdut.xr2.x3.y__t1                          3.3
xdut.xr2.n4                                3.3
xdut.xr2.x4.\$5                    1.23195e-07
xdut.xr2.x4.a__t0                          3.3
xdut.xr2.x4.y__t0                  1.43627e-07
xdut.xr2.x4.vss__t0                2.42242e-10
xdut.xr2.x4.vddr__t0                       3.3
xdut.xr2.x4.vddr__t1                       3.3
xdut.xr2.x4.vss__t1                          0
xdut.xr2.x4.\$6                            3.3
xdut.xr2.x4.\$7                        2.92717
xdut.xr2.x4.a__t1                          3.3
xdut.xr2.x4.y__t1                   1.4363e-07
xdut.xr2.n5                        1.43629e-07
xdut.xr2.x5.\$5                    1.49299e-07
xdut.xr2.x5.a__t0                  1.43629e-07
xdut.xr2.x5.y__t0                          3.3
xdut.xr2.x5.vss__t0                2.92424e-10
xdut.xr2.x5.vddr__t0                       3.3
xdut.xr2.x5.vddr__t1                       3.3
xdut.xr2.x5.vss__t1                          0
xdut.xr2.x5.\$6                            3.3
xdut.xr2.x5.\$7                            3.3
xdut.xr2.x5.a__t1                  1.43629e-07
xdut.xr2.x5.y__t1                          3.3
xdut.xr2.n6                                3.3
xdut.xr2.x6.\$5                    1.27966e-07
xdut.xr2.x6.a__t0                          3.3
xdut.xr2.x6.y__t0                  1.49011e-07
xdut.xr2.x6.vss__t0                2.48394e-10
xdut.xr2.x6.vddr__t0                       3.3
xdut.xr2.x6.vddr__t1                       3.3
xdut.xr2.x6.vss__t1                          0
xdut.xr2.x6.\$6                            3.3
xdut.xr2.x6.\$7                        2.92716
xdut.xr2.x6.a__t1                          3.3
xdut.xr2.x6.y__t1                  1.49014e-07
xdut.xr2.n7                        1.49013e-07
xdut.xr2.x7.\$5                    2.96752e-07
xdut.xr2.x7.a__t0                  1.49013e-07
xdut.xr2.x7.y__t0                          3.3
xdut.xr2.x7.vss__t0                5.53847e-10
xdut.xr2.x7.vddr__t0                       3.3
xdut.xr2.x7.vddr__t1                       3.3
xdut.xr2.x7.vss__t1                          0
xdut.xr2.x7.\$6                            3.3
xdut.xr2.x7.\$7                            3.3
xdut.xr2.x7.a__t1                  1.49013e-07
xdut.xr2.x7.y__t1                          3.3
xdut.xr2.n8                                3.3
xdut.xr2.x8.\$5                    1.31267e-07
xdut.xr2.x8.a__t0                          3.3
xdut.xr2.x8.y__t0                  1.54286e-07
xdut.xr2.x8.vss__t0                2.57533e-10
xdut.xr2.x8.vddr__t0                       3.3
xdut.xr2.x8.vddr__t1                       3.3
xdut.xr2.x8.vss__t1                          0
xdut.xr2.x8.\$6                            3.3
xdut.xr2.x8.\$7                        2.92716
xdut.xr2.x8.a__t1                          3.3
xdut.xr2.x8.y__t1                  1.54289e-07
xdut.xr2.n9                        1.54287e-07
xdut.xr2.x9.\$5                    1.51145e-07
xdut.xr2.x9.a__t0                  1.54287e-07
xdut.xr2.x9.y__t0                          3.3
xdut.xr2.x9.vss__t0                2.91634e-10
xdut.xr2.x9.vddr__t0                       3.3
xdut.xr2.x9.vddr__t1                       3.3
xdut.xr2.x9.vss__t1                          0
xdut.xr2.x9.\$6                            3.3
xdut.xr2.x9.\$7                            3.3
xdut.xr2.x9.a__t1                  1.54287e-07
xdut.xr2.x9.y__t1                          3.3
xdut.xr2.n10                               3.3
xdut.xr2.x10.\$5                   1.50191e-07
xdut.xr2.x10.a__t0                         3.3
xdut.xr2.x10.y__t0                 1.75783e-07
xdut.xr2.x10.vss__t0                2.9342e-10
xdut.xr2.x10.vddr__t0                      3.3
xdut.xr2.x10.vddr__t1                      3.3
xdut.xr2.x10.vss__t1                         0
xdut.xr2.x10.\$6                           3.3
xdut.xr2.x10.\$7                       2.92714
xdut.xr2.x10.a__t1                         3.3
xdut.xr2.x10.y__t1                 1.75787e-07
xdut.xb1.vss__t0                   5.09846e-13
xdut.xb1.a__t0                     1.69586e-07
xdut.xb1.y__t0                             3.3
xdut.xb1.vdd__t0                           3.3
xdut.xb1.a__t1                     1.69586e-07
xdut.xb1.y__t1                             3.3
xdut.xb1.\$5                           3.29847
ro1                                        3.3
xdut.xb2.vss__t0                   4.52757e-13
xdut.xb2.a__t0                     1.75785e-07
xdut.xb2.y__t0                             3.3
xdut.xb2.vdd__t0                           3.3
xdut.xb2.a__t1                     1.75785e-07
xdut.xb2.y__t1                             3.3
xdut.xb2.\$5                           3.29847
ro2                                        3.3
xdut.xa1.\$2__t0                   2.31337e-08
xdut.xa1.a__t0                             3.3
xdut.xa1.vss__t0                   1.77142e-11
xdut.xa1.\$3__t3                   3.99189e-08
xdut.xa1.b__t1                             3.3
xdut.xa1.vss__t3                    1.5935e-11
xdut.xa1.y__t3                     1.25909e-07
xdut.xa1.a__t3                             3.3
xdut.xa1.\$4__t1                   6.31889e-08
xdut.xa1.\$4__t0                    6.3058e-08
xdut.xa1.b__t3                             3.3
xdut.xa1.vss__t1                   2.55583e-11
xdut.xa1.y__t2                     1.25991e-07
xdut.xa1.\$2__t1                   2.33205e-08
xdut.xa1.\$6__t1                     0.0135654
xdut.xa1.\$6__t0                     0.0135654
xdut.xa1.\$3__t2                   4.02445e-08
xdut.xa1.vss__t2                    3.0972e-12
xdut.xa1.\$2__t2                   2.33705e-08
xdut.xa1.a__t1                             3.3
xdut.xa1.vdd__t0                           3.3
xdut.xa1.\$11                          2.89857
xdut.xa1.\$3__t1                   4.03314e-08
xdut.xa1.b__t0                             3.3
xdut.xa1.vdd__t3                           3.3
xdut.xa1.\$8__t3                      0.751194
xdut.xa1.a__t2                             3.3
xdut.xa1.vdd__t1                           3.3
xdut.xa1.\$8__t2                      0.751194
xdut.xa1.b__t2                             3.3
xdut.xa1.vdd__t2                           3.3
xdut.xa1.y__t0                     1.26015e-07
xdut.xa1.\$2__t3                   2.33205e-08
xdut.xa1.\$8__t1                      0.751194
xdut.xa1.y__t1                     1.26025e-07
xdut.xa1.\$3__t0                   4.02445e-08
xdut.xa1.\$8__t0                      0.751194
xdut.xa1.\$2                       2.33205e-08
xdut.xa1.\$3                       4.02445e-08
xdut.xa1.\$4                       6.31235e-08
xdut.xa1.\$6                         0.0135654
xdut.xa1.\$8                          0.751194
xo                                 1.25989e-07
q1                                -1.03966e-15
q2                                -1.12927e-15
qt                                -4.45814e-21
vth                                       1.65
bvth#branch                                  0
vtr#branch                         4.45814e-11
vr2#branch                         1.12927e-05
vr1#branch                         1.03966e-05
ven#branch                        -2.77556e-17
vsup#branch                       -2.16893e-05

 Reference value :  0.00000e+00
 Reference value :  8.00000e-14
 Reference value :  1.28000e-12
 Reference value :  2.82800e-11
 Reference value :  1.78280e-10
 Reference value :  3.57280e-10
 Reference value :  4.47280e-10
 Reference value :  4.51280e-10
 Reference value :  4.55280e-10
 Reference value :  5.53280e-10
 Reference value :  7.10280e-10
 Reference value :  8.77280e-10
 Reference value :  1.02028e-09
 Reference value :  1.03028e-09
 Reference value :  1.04528e-09
 Reference value :  1.12628e-09
 Reference value :  1.20528e-09
 Reference value :  1.34928e-09
 Reference value :  1.38928e-09
 Reference value :  1.40428e-09
 Reference value :  1.45128e-09
 Reference value :  1.47028e-09
 Reference value :  1.52328e-09
 Reference value :  1.55328e-09
 Reference value :  1.64328e-09
 Reference value :  1.82028e-09
 Reference value :  1.90128e-09
 Reference value :  1.94328e-09
 Reference value :  1.97428e-09
 Reference value :  2.03928e-09
 Reference value :  2.19328e-09
 Reference value :  2.37328e-09
 Reference value :  2.49828e-09
 Reference value :  2.52228e-09
 Reference value :  2.55228e-09
 Reference value :  2.62828e-09
 Reference value :  2.80428e-09
 Reference value :  2.91528e-09
 Reference value :  2.96828e-09
 Reference value :  3.03928e-09
 Reference value :  3.04528e-09
 Reference value :  3.04928e-09
 Reference value :  3.05328e-09
 Reference value :  3.09028e-09
 Reference value :  3.12228e-09
 Reference value :  3.19528e-09
 Reference value :  3.23128e-09
 Reference value :  3.23528e-09
 Reference value :  3.23928e-09
 Reference value :  3.26728e-09
 Reference value :  3.32028e-09
 Reference value :  3.35928e-09
 Reference value :  3.38228e-09
 Reference value :  3.43028e-09
 Reference value :  3.51828e-09
 Reference value :  3.57828e-09
 Reference value :  3.70028e-09
 Reference value :  3.78828e-09
 Reference value :  3.82228e-09
 Reference value :  3.88228e-09
 Reference value :  3.88728e-09
 Reference value :  3.91228e-09
 Reference value :  3.91528e-09
 Reference value :  3.91928e-09
 Reference value :  3.92228e-09
 Reference value :  3.92528e-09
 Reference value :  3.93128e-09
 Reference value :  3.93628e-09
 Reference value :  3.94028e-09
 Reference value :  3.94428e-09
 Reference value :  3.94828e-09
 Reference value :  3.95228e-09
 Reference value :  4.02028e-09
 Reference value :  4.19528e-09
 Reference value :  4.36028e-09
 Reference value :  4.54028e-09
 Reference value :  4.67028e-09
 Reference value :  4.67628e-09
 Reference value :  4.68028e-09
 Reference value :  4.68328e-09
 Reference value :  4.68628e-09
 Reference value :  4.69028e-09
 Reference value :  4.69428e-09
 Reference value :  4.69728e-09
 Reference value :  4.70028e-09
 Reference value :  4.70528e-09
 Reference value :  4.71928e-09
 Reference value :  4.78728e-09
 Reference value :  4.96528e-09
 Reference value :  5.12428e-09
 Reference value :  5.29928e-09
 Reference value :  5.44628e-09
 Reference value :  5.50928e-09
 Reference value :  5.55428e-09
 Reference value :  5.58228e-09
 Reference value :  5.74328e-09
 Reference value :  5.90728e-09
 Reference value :  6.07628e-09
 Reference value :  6.16128e-09
 Reference value :  6.20328e-09
 Reference value :  6.22028e-09
 Reference value :  6.39228e-09
 Reference value :  6.54628e-09
 Reference value :  6.60528e-09
 Reference value :  6.64728e-09
 Reference value :  6.67128e-09
 Reference value :  6.68628e-09
 Reference value :  6.73928e-09
 Reference value :  6.78328e-09
 Reference value :  6.84328e-09
 Reference value :  7.01128e-09
 Reference value :  7.14728e-09
 Reference value :  7.24228e-09
 Reference value :  7.33528e-09
 Reference value :  7.46328e-09
 Reference value :  7.64328e-09
 Reference value :  7.75928e-09
 Reference value :  7.91228e-09
 Reference value :  8.05728e-09
 Reference value :  8.13328e-09
 Reference value :  8.13728e-09
 Reference value :  8.24628e-09
 Reference value :  8.41528e-09
 Reference value :  8.57728e-09
 Reference value :  8.61328e-09
 Reference value :  8.61728e-09
 Reference value :  8.62128e-09
 Reference value :  8.62628e-09
 Reference value :  8.63028e-09
 Reference value :  8.63428e-09
 Reference value :  8.63828e-09
 Reference value :  8.64228e-09
 Reference value :  8.64628e-09
 Reference value :  8.65028e-09
 Reference value :  8.65428e-09
 Reference value :  8.65928e-09
 Reference value :  8.66228e-09
 Reference value :  8.66628e-09
 Reference value :  8.67828e-09
 Reference value :  8.72428e-09
 Reference value :  8.77128e-09
 Reference value :  8.78828e-09
 Reference value :  8.81028e-09
 Reference value :  8.92028e-09
 Reference value :  9.07328e-09
 Reference value :  9.23228e-09
 Reference value :  9.25928e-09
 Reference value :  9.26328e-09
 Reference value :  9.26728e-09
 Reference value :  9.32728e-09
 Reference value :  9.42128e-09
 Reference value :  9.57328e-09
 Reference value :  9.74028e-09
 Reference value :  9.84628e-09
 Reference value :  9.87128e-09
 Reference value :  9.90828e-09
 Reference value :  1.00413e-08
 Reference value :  1.00833e-08
 Reference value :  1.02303e-08
 Reference value :  1.04063e-08
 Reference value :  1.05263e-08
 Reference value :  1.05303e-08
 Reference value :  1.06023e-08
 Reference value :  1.07053e-08
 Reference value :  1.08383e-08
 Reference value :  1.09013e-08
 Reference value :  1.10473e-08
 Reference value :  1.11773e-08
 Reference value :  1.12553e-08
 Reference value :  1.13683e-08
 Reference value :  1.14003e-08
 Reference value :  1.14713e-08
 Reference value :  1.15783e-08
 Reference value :  1.16573e-08
 Reference value :  1.16703e-08
 Reference value :  1.16783e-08
 Reference value :  1.16823e-08
 Reference value :  1.17113e-08
 Reference value :  1.17143e-08
 Reference value :  1.17183e-08
 Reference value :  1.17233e-08
 Reference value :  1.17273e-08
 Reference value :  1.17583e-08
 Reference value :  1.17623e-08
 Reference value :  1.17663e-08
 Reference value :  1.17693e-08
 Reference value :  1.17733e-08
 Reference value :  1.17773e-08
 Reference value :  1.17843e-08
 Reference value :  1.17883e-08
 Reference value :  1.18073e-08
 Reference value :  1.18153e-08
 Reference value :  1.18183e-08
 Reference value :  1.18223e-08
 Reference value :  1.18263e-08
 Reference value :  1.18303e-08
 Reference value :  1.18353e-08
 Reference value :  1.18423e-08
 Reference value :  1.18463e-08
 Reference value :  1.18493e-08
 Reference value :  1.18533e-08
 Reference value :  1.18573e-08
 Reference value :  1.19253e-08
 Reference value :  1.20553e-08
 Reference value :  1.22303e-08
 Reference value :  1.23703e-08
 Reference value :  1.25213e-08
 Reference value :  1.26613e-08
 Reference value :  1.26753e-08
 Reference value :  1.27083e-08
 Reference value :  1.27973e-08
 Reference value :  1.29143e-08
 Reference value :  1.29443e-08
 Reference value :  1.29593e-08
 Reference value :  1.29743e-08
 Reference value :  1.29803e-08
 Reference value :  1.30113e-08
 Reference value :  1.30813e-08
 Reference value :  1.31543e-08
 Reference value :  1.32033e-08
 Reference value :  1.32073e-08
 Reference value :  1.32113e-08
 Reference value :  1.32203e-08
 Reference value :  1.32333e-08
 Reference value :  1.32443e-08
 Reference value :  1.33163e-08
 Reference value :  1.33943e-08
 Reference value :  1.34273e-08
 Reference value :  1.34583e-08
 Reference value :  1.35033e-08
 Reference value :  1.36153e-08
 Reference value :  1.37933e-08
 Reference value :  1.38423e-08
 Reference value :  1.38643e-08
 Reference value :  1.38683e-08
 Reference value :  1.39433e-08
 Reference value :  1.40203e-08
 Reference value :  1.41823e-08
 Reference value :  1.43353e-08
 Reference value :  1.43823e-08
 Reference value :  1.43873e-08
 Reference value :  1.44263e-08
 Reference value :  1.44883e-08
 Reference value :  1.45623e-08
 Reference value :  1.46083e-08
 Reference value :  1.46413e-08
 Reference value :  1.46843e-08
 Reference value :  1.47193e-08
 Reference value :  1.48403e-08
 Reference value :  1.49273e-08
 Reference value :  1.49333e-08
 Reference value :  1.51113e-08
 Reference value :  1.52653e-08
 Reference value :  1.53063e-08
 Reference value :  1.53103e-08
 Reference value :  1.53143e-08
 Reference value :  1.53183e-08
 Reference value :  1.53223e-08
 Reference value :  1.53253e-08
 Reference value :  1.53293e-08
 Reference value :  1.53333e-08
 Reference value :  1.53373e-08
 Reference value :  1.53513e-08
 Reference value :  1.55103e-08
 Reference value :  1.56873e-08
 Reference value :  1.57383e-08
 Reference value :  1.57423e-08
 Reference value :  1.57463e-08
 Reference value :  1.57503e-08
 Reference value :  1.57533e-08
 Reference value :  1.57573e-08
 Reference value :  1.57613e-08
 Reference value :  1.57653e-08
 Reference value :  1.57693e-08
 Reference value :  1.57733e-08
 Reference value :  1.57773e-08
 Reference value :  1.57813e-08
 Reference value :  1.57993e-08
 Reference value :  1.58163e-08
 Reference value :  1.58333e-08
 Reference value :  1.58443e-08
 Reference value :  1.58733e-08
 Reference value :  1.58773e-08
 Reference value :  1.59923e-08
 Reference value :  1.60463e-08
 Reference value :  1.60603e-08
 Reference value :  1.61093e-08
 Reference value :  1.61383e-08
 Reference value :  1.61423e-08
 Reference value :  1.61463e-08
 Reference value :  1.61503e-08
 Reference value :  1.61973e-08
 Reference value :  1.62143e-08
 Reference value :  1.62183e-08
 Reference value :  1.62223e-08
 Reference value :  1.62513e-08
 Reference value :  1.63073e-08
 Reference value :  1.64703e-08
 Reference value :  1.66173e-08
 Reference value :  1.67783e-08
 Reference value :  1.68663e-08
 Reference value :  1.68703e-08
 Reference value :  1.68743e-08
 Reference value :  1.70393e-08
 Reference value :  1.72083e-08
 Reference value :  1.72803e-08
 Reference value :  1.72993e-08
 Reference value :  1.73123e-08
 Reference value :  1.74153e-08
 Reference value :  1.74543e-08
 Reference value :  1.75223e-08
 Reference value :  1.76553e-08
 Reference value :  1.77433e-08
 Reference value :  1.77533e-08
 Reference value :  1.77763e-08
 Reference value :  1.79023e-08
 Reference value :  1.79343e-08
 Reference value :  1.80683e-08
 Reference value :  1.81443e-08
 Reference value :  1.81943e-08
 Reference value :  1.82713e-08
 Reference value :  1.84213e-08
 Reference value :  1.85913e-08
 Reference value :  1.87423e-08
 Reference value :  1.88723e-08
 Reference value :  1.88923e-08
 Reference value :  1.89243e-08
 Reference value :  1.89503e-08
 Reference value :  1.90743e-08
 Reference value :  1.91553e-08
 Reference value :  1.92033e-08
 Reference value :  1.92263e-08
 Reference value :  1.92303e-08
 Reference value :  1.92353e-08
 Reference value :  1.92383e-08
 Reference value :  1.92543e-08
 Reference value :  1.92873e-08
 Reference value :  1.93093e-08
 Reference value :  1.93133e-08
 Reference value :  1.93173e-08
 Reference value :  1.93533e-08
 Reference value :  1.94773e-08
 Reference value :  1.96543e-08
 Reference value :  1.97953e-08
 Reference value :  1.98423e-08
 Reference value :  1.98493e-08
 Reference value :  1.99343e-08
 Reference value :  2.01003e-08
 Reference value :  2.02123e-08
 Reference value :  2.03913e-08
 Reference value :  2.05343e-08
 Reference value :  2.06133e-08
 Reference value :  2.06513e-08
 Reference value :  2.06733e-08
 Reference value :  2.07383e-08
 Reference value :  2.08193e-08
 Reference value :  2.08663e-08
 Reference value :  2.08963e-08
 Reference value :  2.09003e-08
 Reference value :  2.09443e-08
 Reference value :  2.10283e-08
 Reference value :  2.10483e-08
 Reference value :  2.10623e-08
 Reference value :  2.11923e-08
 Reference value :  2.13623e-08
 Reference value :  2.15203e-08
 Reference value :  2.15803e-08
 Reference value :  2.16223e-08
 Reference value :  2.16923e-08
 Reference value :  2.17893e-08
 Reference value :  2.18803e-08
 Reference value :  2.20523e-08
 Reference value :  2.21513e-08
 Reference value :  2.22203e-08
 Reference value :  2.23073e-08
 Reference value :  2.23523e-08
 Reference value :  2.25263e-08
 Reference value :  2.26343e-08
 Reference value :  2.27793e-08
 Reference value :  2.28973e-08
 Reference value :  2.29703e-08
 Reference value :  2.31433e-08
 Reference value :  2.32943e-08
 Reference value :  2.34723e-08
 Reference value :  2.36293e-08
 Reference value :  2.38043e-08
 Reference value :  2.39193e-08
 Reference value :  2.39593e-08
 Reference value :  2.40083e-08
 Reference value :  2.41653e-08
 Reference value :  2.42953e-08
 Reference value :  2.44303e-08
 Reference value :  2.44693e-08
 Reference value :  2.45233e-08
 Reference value :  2.46903e-08
 Reference value :  2.48683e-08
 Reference value :  2.50343e-08
 Reference value :  2.51823e-08
 Reference value :  2.52263e-08
 Reference value :  2.52843e-08
 Reference value :  2.54303e-08
 Reference value :  2.55443e-08
 Reference value :  2.56173e-08
 Reference value :  2.56593e-08
 Reference value :  2.57223e-08
 Reference value :  2.57263e-08
 Reference value :  2.57303e-08
 Reference value :  2.57503e-08
 Reference value :  2.57543e-08
 Reference value :  2.57583e-08
 Reference value :  2.57643e-08
 Reference value :  2.57743e-08
 Reference value :  2.57773e-08
 Reference value :  2.57813e-08
 Reference value :  2.57853e-08
 Reference value :  2.57883e-08
 Reference value :  2.57923e-08
 Reference value :  2.57963e-08
 Reference value :  2.58043e-08
 Reference value :  2.58083e-08
 Reference value :  2.58123e-08
 Reference value :  2.58163e-08
 Reference value :  2.58203e-08
 Reference value :  2.58243e-08
 Reference value :  2.58293e-08
 Reference value :  2.58343e-08
 Reference value :  2.58433e-08
 Reference value :  2.58473e-08
 Reference value :  2.58513e-08
 Reference value :  2.58553e-08
 Reference value :  2.58593e-08
 Reference value :  2.58633e-08
 Reference value :  2.58683e-08
 Reference value :  2.58733e-08
 Reference value :  2.58763e-08
 Reference value :  2.59353e-08
 Reference value :  2.60283e-08
 Reference value :  2.61063e-08
 Reference value :  2.61903e-08
 Reference value :  2.62493e-08
 Reference value :  2.63333e-08
 Reference value :  2.63513e-08
 Reference value :  2.64823e-08
 Reference value :  2.66433e-08
 Reference value :  2.67603e-08
 Reference value :  2.68083e-08
 Reference value :  2.68363e-08
 Reference value :  2.68403e-08
 Reference value :  2.68443e-08
 Reference value :  2.68623e-08
 Reference value :  2.69113e-08
 Reference value :  2.69813e-08
 Reference value :  2.69983e-08
 Reference value :  2.70023e-08
 Reference value :  2.70633e-08
 Reference value :  2.71093e-08
 Reference value :  2.71133e-08
 Reference value :  2.71173e-08
 Reference value :  2.71243e-08
 Reference value :  2.71473e-08
 Reference value :  2.72903e-08
 Reference value :  2.74533e-08
 Reference value :  2.75803e-08
 Reference value :  2.76903e-08
 Reference value :  2.77263e-08
 Reference value :  2.77493e-08
 Reference value :  2.78373e-08
 Reference value :  2.79583e-08
 Reference value :  2.80623e-08
 Reference value :  2.81183e-08
 Reference value :  2.81633e-08
 Reference value :  2.82613e-08
 Reference value :  2.83653e-08
 Reference value :  2.84293e-08
 Reference value :  2.85253e-08
 Reference value :  2.86313e-08
 Reference value :  2.87263e-08
 Reference value :  2.88233e-08
 Reference value :  2.89233e-08
 Reference value :  2.90423e-08
 Reference value :  2.91303e-08
 Reference value :  2.92333e-08
 Reference value :  2.93143e-08
 Reference value :  2.94023e-08
 Reference value :  2.95113e-08
 Reference value :  2.95713e-08
 Reference value :  2.95743e-08
 Reference value :  2.95783e-08
 Reference value :  2.95813e-08
 Reference value :  2.95853e-08
 Reference value :  2.97053e-08
 Reference value :  2.98123e-08
 Reference value :  2.99163e-08
 Reference value :  3.00243e-08
 Reference value :  3.01293e-08
 Reference value :  3.02413e-08
 Reference value :  3.03293e-08
 Reference value :  3.03333e-08
 Reference value :  3.03373e-08
 Reference value :  3.03413e-08
 Reference value :  3.03453e-08
 Reference value :  3.03563e-08
 Reference value :  3.03703e-08
 Reference value :  3.03813e-08
 Reference value :  3.03853e-08
 Reference value :  3.03893e-08
 Reference value :  3.03933e-08
 Reference value :  3.03983e-08
 Reference value :  3.04033e-08
 Reference value :  3.04073e-08
 Reference value :  3.04113e-08
 Reference value :  3.05123e-08
 Reference value :  3.06293e-08
 Reference value :  3.07403e-08
 Reference value :  3.08513e-08
 Reference value :  3.08643e-08
 Reference value :  3.08683e-08
 Reference value :  3.08713e-08
 Reference value :  3.08743e-08
 Reference value :  3.08783e-08
 Reference value :  3.08813e-08
 Reference value :  3.08843e-08
 Reference value :  3.09183e-08
 Reference value :  3.10163e-08
 Reference value :  3.11223e-08
 Reference value :  3.12313e-08
 Reference value :  3.13353e-08
 Reference value :  3.14563e-08
 Reference value :  3.15733e-08
 Reference value :  3.16813e-08
 Reference value :  3.17123e-08
 Reference value :  3.17883e-08
 Reference value :  3.18963e-08
 Reference value :  3.19803e-08
 Reference value :  3.20973e-08
 Reference value :  3.22133e-08
 Reference value :  3.23073e-08
 Reference value :  3.23923e-08
 Reference value :  3.24933e-08
 Reference value :  3.26133e-08
 Reference value :  3.27203e-08
 Reference value :  3.28253e-08
 Reference value :  3.29503e-08
 Reference value :  3.30483e-08
 Reference value :  3.31563e-08
 Reference value :  3.32533e-08
 Reference value :  3.33783e-08
 Reference value :  3.34753e-08
 Reference value :  3.35883e-08
 Reference value :  3.37023e-08
 Reference value :  3.38043e-08
 Reference value :  3.39143e-08
 Reference value :  3.40283e-08
 Reference value :  3.41323e-08
 Reference value :  3.42403e-08
 Reference value :  3.42953e-08
 Reference value :  3.43833e-08
 Reference value :  3.44803e-08
 Reference value :  3.45763e-08
 Reference value :  3.46783e-08
 Reference value :  3.47783e-08
 Reference value :  3.48593e-08
 Reference value :  3.49243e-08
 Reference value :  3.49283e-08
 Reference value :  3.49483e-08
 Reference value :  3.49833e-08
 Reference value :  3.50183e-08
 Reference value :  3.50493e-08
 Reference value :  3.50533e-08
 Reference value :  3.50573e-08
 Reference value :  3.51613e-08
 Reference value :  3.52543e-08
 Reference value :  3.52593e-08
 Reference value :  3.52663e-08
 Reference value :  3.52883e-08
 Reference value :  3.52923e-08
 Reference value :  3.53183e-08
 Reference value :  3.53213e-08
 Reference value :  3.53253e-08
 Reference value :  3.53293e-08
 Reference value :  3.53333e-08
 Reference value :  3.53373e-08
 Reference value :  3.53413e-08
 Reference value :  3.53463e-08
 Reference value :  3.53503e-08
 Reference value :  3.53543e-08
 Reference value :  3.54143e-08
 Reference value :  3.55183e-08
 Reference value :  3.56183e-08
 Reference value :  3.56963e-08
 Reference value :  3.57843e-08
 Reference value :  3.58773e-08
 Reference value :  3.58943e-08
 Reference value :  3.58983e-08
 Reference value :  3.59183e-08
 Reference value :  3.60073e-08
 Reference value :  3.60923e-08
 Reference value :  3.62443e-08
 Reference value :  3.63313e-08
 Reference value :  3.64293e-08
 Reference value :  3.65293e-08
 Reference value :  3.66303e-08
 Reference value :  3.66873e-08
 Reference value :  3.67293e-08
 Reference value :  3.68313e-08
 Reference value :  3.69223e-08
 Reference value :  3.69773e-08
 Reference value :  3.70103e-08
 Reference value :  3.70293e-08
 Reference value :  3.70603e-08
 Reference value :  3.71223e-08
 Reference value :  3.71973e-08
 Reference value :  3.72353e-08
 Reference value :  3.72393e-08
 Reference value :  3.72613e-08
 Reference value :  3.72863e-08
 Reference value :  3.72903e-08
 Reference value :  3.72943e-08
 Reference value :  3.72993e-08
 Reference value :  3.73033e-08
 Reference value :  3.73403e-08
 Reference value :  3.73433e-08
 Reference value :  3.73463e-08
 Reference value :  3.73503e-08
 Reference value :  3.74543e-08
 Reference value :  3.75473e-08
 Reference value :  3.75713e-08
 Reference value :  3.75753e-08
 Reference value :  3.75793e-08
 Reference value :  3.75833e-08
 Reference value :  3.75873e-08
 Reference value :  3.75913e-08
 Reference value :  3.75953e-08
 Reference value :  3.76233e-08
 Reference value :  3.76453e-08
 Reference value :  3.76493e-08
 Reference value :  3.76533e-08
 Reference value :  3.77583e-08
 Reference value :  3.78573e-08
 Reference value :  3.78603e-08
 Reference value :  3.78643e-08
 Reference value :  3.78683e-08
 Reference value :  3.78723e-08
 Reference value :  3.78863e-08
 Reference value :  3.79963e-08
 Reference value :  3.80993e-08
 Reference value :  3.82133e-08
 Reference value :  3.83033e-08
 Reference value :  3.83923e-08
 Reference value :  3.84713e-08
 Reference value :  3.85733e-08
 Reference value :  3.87483e-08
 Reference value :  3.88003e-08
 Reference value :  3.89483e-08
 Reference value :  3.91153e-08
 Reference value :  3.92363e-08
 Reference value :  3.94083e-08
 Reference value :  3.95333e-08
 Reference value :  3.96843e-08
 Reference value :  3.98543e-08
 Reference value :  3.99593e-08
 Reference value :  4.00983e-08
 Reference value :  4.02533e-08
 Reference value :  4.04303e-08
 Reference value :  4.05893e-08
 Reference value :  4.07593e-08
 Reference value :  4.09313e-08
 Reference value :  4.11013e-08
 Reference value :  4.12693e-08
 Reference value :  4.14233e-08
 Reference value :  4.15943e-08
 Reference value :  4.17463e-08
 Reference value :  4.19143e-08
 Reference value :  4.20643e-08
 Reference value :  4.22333e-08
 Reference value :  4.24073e-08
 Reference value :  4.25443e-08
 Reference value :  4.25863e-08
 Reference value :  4.25903e-08
 Reference value :  4.26033e-08
 Reference value :  4.26373e-08
 Reference value :  4.26663e-08
 Reference value :  4.27043e-08
 Reference value :  4.27263e-08
 Reference value :  4.27303e-08
 Reference value :  4.27543e-08
 Reference value :  4.27583e-08
 Reference value :  4.27623e-08
 Reference value :  4.27663e-08
 Reference value :  4.27783e-08
 Reference value :  4.27833e-08
 Reference value :  4.27873e-08
 Reference value :  4.27953e-08
 Reference value :  4.28043e-08
 Reference value :  4.28293e-08
 Reference value :  4.28603e-08
 Reference value :  4.28713e-08
 Reference value :  4.28793e-08
 Reference value :  4.28853e-08
 Reference value :  4.28913e-08
 Reference value :  4.28963e-08
 Reference value :  4.29013e-08
 Reference value :  4.29083e-08
 Reference value :  4.29143e-08
 Reference value :  4.29193e-08
 Reference value :  4.29263e-08
 Reference value :  4.29313e-08
 Reference value :  4.29383e-08
 Reference value :  4.29463e-08
 Reference value :  4.29523e-08
 Reference value :  4.29573e-08
 Reference value :  4.29623e-08
 Reference value :  4.29703e-08
 Reference value :  4.29783e-08
 Reference value :  4.29843e-08
 Reference value :  4.30093e-08
 Reference value :  4.30143e-08
 Reference value :  4.30193e-08
 Reference value :  4.30883e-08
 Reference value :  4.31103e-08
 Reference value :  4.31163e-08
 Reference value :  4.31853e-08
 Reference value :  4.32283e-08
 Reference value :  4.32313e-08
 Reference value :  4.32483e-08
 Reference value :  4.33273e-08
 Reference value :  4.34053e-08
 Reference value :  4.34863e-08
 Reference value :  4.35103e-08
 Reference value :  4.35443e-08
 Reference value :  4.35953e-08
 Reference value :  4.35993e-08
 Reference value :  4.36513e-08
 Reference value :  4.37623e-08
 Reference value :  4.37933e-08
 Reference value :  4.37983e-08
 Reference value :  4.38023e-08
 Reference value :  4.38063e-08
 Reference value :  4.38093e-08
 Reference value :  4.38133e-08
 Reference value :  4.38173e-08
 Reference value :  4.38213e-08
 Reference value :  4.38253e-08
 Reference value :  4.38303e-08
 Reference value :  4.38403e-08
 Reference value :  4.38483e-08
 Reference value :  4.38523e-08
 Reference value :  4.38573e-08
 Reference value :  4.38613e-08
 Reference value :  4.38653e-08
 Reference value :  4.38693e-08
 Reference value :  4.38743e-08
 Reference value :  4.38783e-08
 Reference value :  4.38823e-08
 Reference value :  4.38863e-08
 Reference value :  4.38903e-08
 Reference value :  4.38943e-08
 Reference value :  4.39003e-08
 Reference value :  4.39043e-08
 Reference value :  4.39073e-08
 Reference value :  4.39113e-08
 Reference value :  4.39153e-08
 Reference value :  4.39183e-08
 Reference value :  4.39223e-08
 Reference value :  4.39253e-08
 Reference value :  4.39293e-08
 Reference value :  4.39333e-08
 Reference value :  4.39373e-08
 Reference value :  4.39413e-08
 Reference value :  4.39453e-08
 Reference value :  4.39493e-08
 Reference value :  4.39533e-08
 Reference value :  4.39573e-08
 Reference value :  4.39613e-08
 Reference value :  4.39643e-08
 Reference value :  4.39673e-08
 Reference value :  4.39713e-08
 Reference value :  4.40793e-08
 Reference value :  4.41813e-08
 Reference value :  4.42833e-08
 Reference value :  4.43783e-08
 Reference value :  4.44913e-08
 Reference value :  4.45883e-08
 Reference value :  4.46103e-08
 Reference value :  4.46193e-08
 Reference value :  4.46233e-08
 Reference value :  4.46273e-08
 Reference value :  4.46303e-08
 Reference value :  4.46443e-08
 Reference value :  4.46483e-08
 Reference value :  4.46513e-08
 Reference value :  4.46553e-08
 Reference value :  4.46583e-08
 Reference value :  4.46623e-08
 Reference value :  4.47323e-08
 Reference value :  4.48233e-08
 Reference value :  4.49143e-08
 Reference value :  4.50313e-08
 Reference value :  4.50733e-08
 Reference value :  4.51223e-08
 Reference value :  4.51953e-08
 Reference value :  4.52103e-08
 Reference value :  4.52143e-08
 Reference value :  4.52183e-08
 Reference value :  4.52223e-08
 Reference value :  4.52263e-08
 Reference value :  4.52303e-08
 Reference value :  4.52343e-08
 Reference value :  4.52383e-08
 Reference value :  4.52423e-08
 Reference value :  4.52473e-08
 Reference value :  4.52513e-08
 Reference value :  4.52553e-08
 Reference value :  4.52593e-08
 Reference value :  4.52633e-08
 Reference value :  4.52673e-08
 Reference value :  4.52713e-08
 Reference value :  4.52753e-08
 Reference value :  4.52793e-08
 Reference value :  4.52833e-08
 Reference value :  4.52873e-08
 Reference value :  4.52913e-08
 Reference value :  4.52953e-08
 Reference value :  4.53063e-08
 Reference value :  4.53093e-08
 Reference value :  4.53133e-08
 Reference value :  4.53173e-08
 Reference value :  4.53203e-08
 Reference value :  4.53243e-08
 Reference value :  4.53283e-08
 Reference value :  4.53323e-08
 Reference value :  4.53363e-08
 Reference value :  4.53403e-08
 Reference value :  4.53443e-08
 Reference value :  4.53493e-08
 Reference value :  4.53533e-08
 Reference value :  4.53573e-08
 Reference value :  4.53623e-08
 Reference value :  4.53673e-08
 Reference value :  4.53713e-08
 Reference value :  4.53753e-08
 Reference value :  4.53793e-08
 Reference value :  4.53833e-08
 Reference value :  4.53873e-08
 Reference value :  4.53913e-08
 Reference value :  4.53953e-08
 Reference value :  4.53993e-08
 Reference value :  4.54023e-08
 Reference value :  4.54063e-08
 Reference value :  4.54103e-08
 Reference value :  4.54133e-08
 Reference value :  4.54173e-08
 Reference value :  4.54213e-08
 Reference value :  4.54253e-08
 Reference value :  4.54283e-08
 Reference value :  4.54323e-08
 Reference value :  4.54363e-08
 Reference value :  4.54403e-08
 Reference value :  4.54433e-08
 Reference value :  4.54473e-08
 Reference value :  4.54503e-08
 Reference value :  4.54543e-08
 Reference value :  4.54573e-08
 Reference value :  4.54613e-08
 Reference value :  4.54653e-08
 Reference value :  4.54693e-08
 Reference value :  4.54733e-08
 Reference value :  4.54773e-08
 Reference value :  4.54813e-08
 Reference value :  4.54853e-08
 Reference value :  4.54893e-08
 Reference value :  4.54933e-08
 Reference value :  4.54973e-08
 Reference value :  4.55013e-08
 Reference value :  4.55053e-08
 Reference value :  4.55093e-08
 Reference value :  4.55133e-08
 Reference value :  4.55173e-08
 Reference value :  4.55213e-08
 Reference value :  4.55253e-08
 Reference value :  4.55303e-08
 Reference value :  4.55343e-08
 Reference value :  4.55383e-08
 Reference value :  4.55423e-08
 Reference value :  4.55463e-08
 Reference value :  4.55503e-08
 Reference value :  4.55543e-08
 Reference value :  4.55583e-08
 Reference value :  4.55623e-08
 Reference value :  4.55653e-08
 Reference value :  4.55693e-08
 Reference value :  4.55733e-08
 Reference value :  4.55773e-08
 Reference value :  4.55813e-08
 Reference value :  4.55853e-08
 Reference value :  4.55893e-08
 Reference value :  4.55933e-08
 Reference value :  4.55973e-08
 Reference value :  4.56013e-08
 Reference value :  4.56053e-08
 Reference value :  4.56083e-08
 Reference value :  4.56123e-08
 Reference value :  4.56163e-08
 Reference value :  4.56203e-08
 Reference value :  4.56243e-08
 Reference value :  4.56283e-08
 Reference value :  4.56323e-08
 Reference value :  4.56363e-08
 Reference value :  4.56483e-08
 Reference value :  4.56533e-08
 Reference value :  4.56563e-08
 Reference value :  4.56603e-08
 Reference value :  4.56643e-08
 Reference value :  4.56683e-08
 Reference value :  4.56723e-08
 Reference value :  4.56763e-08
 Reference value :  4.56803e-08
 Reference value :  4.56843e-08
 Reference value :  4.56883e-08
 Reference value :  4.56943e-08
 Reference value :  4.57273e-08
 Reference value :  4.57523e-08
 Reference value :  4.57743e-08
 Reference value :  4.57993e-08
 Reference value :  4.58033e-08
 Reference value :  4.58073e-08
 Reference value :  4.58113e-08
 Reference value :  4.58653e-08
 Reference value :  4.58763e-08
 Reference value :  4.58803e-08
 Reference value :  4.58843e-08
 Reference value :  4.58883e-08
 Reference value :  4.58923e-08
 Reference value :  4.58963e-08
 Reference value :  4.59583e-08
 Reference value :  4.59953e-08
 Reference value :  4.59993e-08
 Reference value :  4.60043e-08
 Reference value :  4.60083e-08
 Reference value :  4.60123e-08
 Reference value :  4.60523e-08
 Reference value :  4.60583e-08
 Reference value :  4.60623e-08
 Reference value :  4.60903e-08
 Reference value :  4.61203e-08
 Reference value :  4.61983e-08
 Reference value :  4.63003e-08
 Reference value :  4.64073e-08
 Reference value :  4.65193e-08
 Reference value :  4.66283e-08
 Reference value :  4.66883e-08
 Reference value :  4.67563e-08
 Reference value :  4.67943e-08
 Reference value :  4.68003e-08
 Reference value :  4.68973e-08
 Reference value :  4.69833e-08
 Reference value :  4.70273e-08
 Reference value :  4.71013e-08
 Reference value :  4.71673e-08
 Reference value :  4.72733e-08
 Reference value :  4.73853e-08
 Reference value :  4.74863e-08
 Reference value :  4.75983e-08
 Reference value :  4.77093e-08
 Reference value :  4.77943e-08
 Reference value :  4.78753e-08
 Reference value :  4.79483e-08
 Reference value :  4.80153e-08
 Reference value :  4.80833e-08
 Reference value :  4.81173e-08
 Reference value :  4.81743e-08
 Reference value :  4.82523e-08
 Reference value :  4.83023e-08
 Reference value :  4.83513e-08
 Reference value :  4.83743e-08
 Reference value :  4.84763e-08
 Reference value :  4.85853e-08
 Reference value :  4.86603e-08
 Reference value :  4.86853e-08
 Reference value :  4.86893e-08
 Reference value :  4.87263e-08
 Reference value :  4.87813e-08
 Reference value :  4.88273e-08
 Reference value :  4.88333e-08
 Reference value :  4.88923e-08
 Reference value :  4.89873e-08
 Reference value :  4.89933e-08
 Reference value :  4.90273e-08
 Reference value :  4.90313e-08
 Reference value :  4.90433e-08
 Reference value :  4.90473e-08
 Reference value :  4.91023e-08
 Reference value :  4.91553e-08
 Reference value :  4.92823e-08
 Reference value :  4.93383e-08
 Reference value :  4.94023e-08
 Reference value :  4.94063e-08
 Reference value :  4.94253e-08
 Reference value :  4.94283e-08
 Reference value :  4.94313e-08
 Reference value :  4.94343e-08
 Reference value :  4.94373e-08
 Reference value :  4.95333e-08
 Reference value :  4.96313e-08
 Reference value :  4.96903e-08
 Reference value :  4.97193e-08
 Reference value :  4.98243e-08
 Reference value :  4.99163e-08
 Reference value :  4.99753e-08
 Reference value :  5.00403e-08
 Reference value :  5.00983e-08
 Reference value :  5.01213e-08
 Reference value :  5.01573e-08
 Reference value :  5.02143e-08
 Reference value :  5.02743e-08
 Reference value :  5.03353e-08
 Reference value :  5.04143e-08
 Reference value :  5.05193e-08
 Reference value :  5.05443e-08
 Reference value :  5.05473e-08
 Reference value :  5.05503e-08
 Reference value :  5.05533e-08
 Reference value :  5.05563e-08
 Reference value :  5.05593e-08
 Reference value :  5.05623e-08
 Reference value :  5.06413e-08
 Reference value :  5.07603e-08
 Reference value :  5.08373e-08
 Reference value :  5.09483e-08
 Reference value :  5.10503e-08
 Reference value :  5.11723e-08
 Reference value :  5.12653e-08
 Reference value :  5.13773e-08
 Reference value :  5.14813e-08
 Reference value :  5.15793e-08
 Reference value :  5.16753e-08
 Reference value :  5.17783e-08
 Reference value :  5.18763e-08
 Reference value :  5.19333e-08
 Reference value :  5.19513e-08
 Reference value :  5.20033e-08
 Reference value :  5.20593e-08
 Reference value :  5.21333e-08
 Reference value :  5.21973e-08
 Reference value :  5.22593e-08
 Reference value :  5.23193e-08
 Reference value :  5.23293e-08
 Reference value :  5.23333e-08
 Reference value :  5.23553e-08
 Reference value :  5.23583e-08
 Reference value :  5.23663e-08
 Reference value :  5.24763e-08
 Reference value :  5.25043e-08
 Reference value :  5.25083e-08
 Reference value :  5.25113e-08
 Reference value :  5.25983e-08
 Reference value :  5.27083e-08
 Reference value :  5.27983e-08
 Reference value :  5.28383e-08
 Reference value :  5.28913e-08
 Reference value :  5.30063e-08
 Reference value :  5.31113e-08
 Reference value :  5.31943e-08
 Reference value :  5.32143e-08
 Reference value :  5.32703e-08
 Reference value :  5.33773e-08
 Reference value :  5.34643e-08
 Reference value :  5.35553e-08
 Reference value :  5.35653e-08
 Reference value :  5.36293e-08
 Reference value :  5.36823e-08
 Reference value :  5.36863e-08
 Reference value :  5.37023e-08
 Reference value :  5.38033e-08
 Reference value :  5.39123e-08
 Reference value :  5.39993e-08
 Reference value :  5.40913e-08
 Reference value :  5.41833e-08
 Reference value :  5.41953e-08
 Reference value :  5.42213e-08
 Reference value :  5.42943e-08
 Reference value :  5.43973e-08
 Reference value :  5.44393e-08
 Reference value :  5.44433e-08
 Reference value :  5.44653e-08
 Reference value :  5.45883e-08
 Reference value :  5.45953e-08
 Reference value :  5.46003e-08
 Reference value :  5.46663e-08
 Reference value :  5.47653e-08
 Reference value :  5.48343e-08
 Reference value :  5.48713e-08
 Reference value :  5.49163e-08
 Reference value :  5.49853e-08
 Reference value :  5.50783e-08
 Reference value :  5.51513e-08
 Reference value :  5.52513e-08
 Reference value :  5.53493e-08
 Reference value :  5.53973e-08
 Reference value :  5.54233e-08
 Reference value :  5.54923e-08
 Reference value :  5.55913e-08
 Reference value :  5.56963e-08
 Reference value :  5.57623e-08
 Reference value :  5.57923e-08
 Reference value :  5.58193e-08
 Reference value :  5.58853e-08
 Reference value :  5.60023e-08
 Reference value :  5.61773e-08
 Reference value :  5.62823e-08
 Reference value :  5.63563e-08
 Reference value :  5.64643e-08
 Reference value :  5.65323e-08
 Reference value :  5.67063e-08
 Reference value :  5.68503e-08
 Reference value :  5.70113e-08
 Reference value :  5.71583e-08
 Reference value :  5.72103e-08
 Reference value :  5.72503e-08
 Reference value :  5.73553e-08
 Reference value :  5.74403e-08
 Reference value :  5.75443e-08
 Reference value :  5.77203e-08
 Reference value :  5.77423e-08
 Reference value :  5.78623e-08
 Reference value :  5.80143e-08
 Reference value :  5.81863e-08
 Reference value :  5.83593e-08
 Reference value :  5.83943e-08
 Reference value :  5.84193e-08
 Reference value :  5.84653e-08
 Reference value :  5.85143e-08
 Reference value :  5.86463e-08
 Reference value :  5.87023e-08
 Reference value :  5.88733e-08
 Reference value :  5.90303e-08
 Reference value :  5.91823e-08
 Reference value :  5.92223e-08
 Reference value :  5.92523e-08
 Reference value :  5.94103e-08
 Reference value :  5.95863e-08
 Reference value :  5.96143e-08
 Reference value :  5.96853e-08
 Reference value :  5.97343e-08
 Reference value :  5.97383e-08
 Reference value :  5.99073e-08
 Reference value :  6.00633e-08
 Reference value :  6.01913e-08
 Reference value :  6.02423e-08
 Reference value :  6.03423e-08
 Reference value :  6.05153e-08
 Reference value :  6.06803e-08
 Reference value :  6.08393e-08
 Reference value :  6.09743e-08
 Reference value :  6.10713e-08
 Reference value :  6.11033e-08
 Reference value :  6.11593e-08
 Reference value :  6.13343e-08
 Reference value :  6.14853e-08
 Reference value :  6.16643e-08
 Reference value :  6.18253e-08
 Reference value :  6.18923e-08
 Reference value :  6.18993e-08
 Reference value :  6.19523e-08
 Reference value :  6.20133e-08
 Reference value :  6.20733e-08
 Reference value :  6.21443e-08
 Reference value :  6.21653e-08
 Reference value :  6.21953e-08
 Reference value :  6.22253e-08
 Reference value :  6.22763e-08
 Reference value :  6.22813e-08
 Reference value :  6.23323e-08
 Reference value :  6.23643e-08
 Reference value :  6.23883e-08
 Reference value :  6.24433e-08
 Reference value :  6.24993e-08
 Reference value :  6.25733e-08
 Reference value :  6.26433e-08
 Reference value :  6.26613e-08
 Reference value :  6.26653e-08
 Reference value :  6.27243e-08
 Reference value :  6.29023e-08
 Reference value :  6.29903e-08
 Reference value :  6.30343e-08
 Reference value :  6.30383e-08
 Reference value :  6.30873e-08
 Reference value :  6.31153e-08
 Reference value :  6.32003e-08
 Reference value :  6.32153e-08
 Reference value :  6.32193e-08
 Reference value :  6.32443e-08
 Reference value :  6.33513e-08
 Reference value :  6.34933e-08
 Reference value :  6.36193e-08
 Reference value :  6.36373e-08
 Reference value :  6.36733e-08
 Reference value :  6.37393e-08
 Reference value :  6.37813e-08
 Reference value :  6.37953e-08
 Reference value :  6.38003e-08
 Reference value :  6.38933e-08
 Reference value :  6.39913e-08
 Reference value :  6.40863e-08
 Reference value :  6.41623e-08
 Reference value :  6.41693e-08
 Reference value :  6.41943e-08
 Reference value :  6.42033e-08
 Reference value :  6.42073e-08
 Reference value :  6.42113e-08
 Reference value :  6.42153e-08
 Reference value :  6.42193e-08
 Reference value :  6.42233e-08
 Reference value :  6.42263e-08
 Reference value :  6.42303e-08
 Reference value :  6.42333e-08
 Reference value :  6.42373e-08
 Reference value :  6.42413e-08
 Reference value :  6.42443e-08
 Reference value :  6.42483e-08
 Reference value :  6.42633e-08
 Reference value :  6.42693e-08
 Reference value :  6.42733e-08
 Reference value :  6.42773e-08
 Reference value :  6.42813e-08
 Reference value :  6.42853e-08
 Reference value :  6.42893e-08
 Reference value :  6.42933e-08
 Reference value :  6.42973e-08
 Reference value :  6.43013e-08
 Reference value :  6.43053e-08
 Reference value :  6.43343e-08
 Reference value :  6.43643e-08
 Reference value :  6.43913e-08
 Reference value :  6.45203e-08
 Reference value :  6.45653e-08
 Reference value :  6.46133e-08
 Reference value :  6.46833e-08
 Reference value :  6.46943e-08
 Reference value :  6.48083e-08
 Reference value :  6.48763e-08
 Reference value :  6.49883e-08
 Reference value :  6.50243e-08
 Reference value :  6.50803e-08
 Reference value :  6.50863e-08
 Reference value :  6.51163e-08
 Reference value :  6.51203e-08
 Reference value :  6.51233e-08
 Reference value :  6.51683e-08
 Reference value :  6.51723e-08
 Reference value :  6.51763e-08
 Reference value :  6.51803e-08
 Reference value :  6.51843e-08
 Reference value :  6.51873e-08
 Reference value :  6.51913e-08
 Reference value :  6.51953e-08
 Reference value :  6.52153e-08
 Reference value :  6.52183e-08
 Reference value :  6.52223e-08
 Reference value :  6.52263e-08
 Reference value :  6.52303e-08
 Reference value :  6.52383e-08
 Reference value :  6.52423e-08
 Reference value :  6.52463e-08
 Reference value :  6.52513e-08
 Reference value :  6.52563e-08
 Reference value :  6.52603e-08
 Reference value :  6.52643e-08
 Reference value :  6.52683e-08
 Reference value :  6.52723e-08
 Reference value :  6.52763e-08
 Reference value :  6.52803e-08
 Reference value :  6.52853e-08
 Reference value :  6.53103e-08
 Reference value :  6.53723e-08
 Reference value :  6.54023e-08
 Reference value :  6.54183e-08
 Reference value :  6.54283e-08
 Reference value :  6.54973e-08
 Reference value :  6.55323e-08
 Reference value :  6.55363e-08
 Reference value :  6.55483e-08
 Reference value :  6.55543e-08
 Reference value :  6.55893e-08
 Reference value :  6.56483e-08
 Reference value :  6.56713e-08
 Reference value :  6.56793e-08
 Reference value :  6.56973e-08
 Reference value :  6.57153e-08
 Reference value :  6.57613e-08
 Reference value :  6.57753e-08
 Reference value :  6.59243e-08
 Reference value :  6.60973e-08
 Reference value :  6.62593e-08
 Reference value :  6.62773e-08
 Reference value :  6.63143e-08
 Reference value :  6.64013e-08
 Reference value :  6.64413e-08
 Reference value :  6.64603e-08
 Reference value :  6.64773e-08
 Reference value :  6.64813e-08
 Reference value :  6.65023e-08
 Reference value :  6.65893e-08
 Reference value :  6.66453e-08
 Reference value :  6.66943e-08
 Reference value :  6.66993e-08
 Reference value :  6.67023e-08
 Reference value :  6.67063e-08
 Reference value :  6.67523e-08
 Reference value :  6.68003e-08
 Reference value :  6.68253e-08
 Reference value :  6.68373e-08
 Reference value :  6.68423e-08
 Reference value :  6.68463e-08
 Reference value :  6.68493e-08
 Reference value :  6.69093e-08
 Reference value :  6.70273e-08
 Reference value :  6.70733e-08
 Reference value :  6.71273e-08
 Reference value :  6.72463e-08
 Reference value :  6.73193e-08
 Reference value :  6.73623e-08
 Reference value :  6.73783e-08
 Reference value :  6.73963e-08
 Reference value :  6.74003e-08
 Reference value :  6.75473e-08
 Reference value :  6.76893e-08
 Reference value :  6.78063e-08
 Reference value :  6.78523e-08
 Reference value :  6.78843e-08
 Reference value :  6.79983e-08
 Reference value :  6.81573e-08
 Reference value :  6.82353e-08
 Reference value :  6.82513e-08
 Reference value :  6.83883e-08
 Reference value :  6.84843e-08
 Reference value :  6.84943e-08
 Reference value :  6.85743e-08
 Reference value :  6.86063e-08
 Reference value :  6.86823e-08
 Reference value :  6.87613e-08
 Reference value :  6.88723e-08
 Reference value :  6.90473e-08
 Reference value :  6.91853e-08
 Reference value :  6.92793e-08
 Reference value :  6.92973e-08
 Reference value :  6.94013e-08
 Reference value :  6.95373e-08
 Reference value :  6.97113e-08
 Reference value :  6.98873e-08
 Reference value :  7.00023e-08
 Reference value :  7.00943e-08
 Reference value :  7.02543e-08
 Reference value :  7.04203e-08
 Reference value :  7.05823e-08
 Reference value :  7.06373e-08
 Reference value :  7.06873e-08
 Reference value :  7.07213e-08
 Reference value :  7.07613e-08
 Reference value :  7.08043e-08
 Reference value :  7.08553e-08
 Reference value :  7.09423e-08
 Reference value :  7.09663e-08
 Reference value :  7.09923e-08
 Reference value :  7.10283e-08
 Reference value :  7.10963e-08
 Reference value :  7.12113e-08
 Reference value :  7.13773e-08
 Reference value :  7.15373e-08
 Reference value :  7.17033e-08
 Reference value :  7.18603e-08
 Reference value :  7.19693e-08
 Reference value :  7.20423e-08
 Reference value :  7.20463e-08
 Reference value :  7.21913e-08
 Reference value :  7.23423e-08
 Reference value :  7.25163e-08
 Reference value :  7.26543e-08
 Reference value :  7.28013e-08
 Reference value :  7.29663e-08
 Reference value :  7.30903e-08
 Reference value :  7.32353e-08
 Reference value :  7.33993e-08
 Reference value :  7.34323e-08
 Reference value :  7.34883e-08
 Reference value :  7.35733e-08
 Reference value :  7.36273e-08
 Reference value :  7.37193e-08
 Reference value :  7.38053e-08
 Reference value :  7.38523e-08
 Reference value :  7.38573e-08
 Reference value :  7.38613e-08
 Reference value :  7.38653e-08
 Reference value :  7.38693e-08
 Reference value :  7.38903e-08
 Reference value :  7.39623e-08
 Reference value :  7.39973e-08
 Reference value :  7.40103e-08
 Reference value :  7.40143e-08
 Reference value :  7.41153e-08
 Reference value :  7.42253e-08
 Reference value :  7.42353e-08
 Reference value :  7.43973e-08
 Reference value :  7.45663e-08
 Reference value :  7.47393e-08
 Reference value :  7.48833e-08
 Reference value :  7.50383e-08
 Reference value :  7.51403e-08
 Reference value :  7.52503e-08
 Reference value :  7.54163e-08
 Reference value :  7.55843e-08
 Reference value :  7.57533e-08
 Reference value :  7.58603e-08
 Reference value :  7.59273e-08
 Reference value :  7.59783e-08
 Reference value :  7.61583e-08
 Reference value :  7.63073e-08
 Reference value :  7.63533e-08
 Reference value :  7.63573e-08
 Reference value :  7.63613e-08
 Reference value :  7.63653e-08
 Reference value :  7.64353e-08
 Reference value :  7.64993e-08
 Reference value :  7.65023e-08
 Reference value :  7.65373e-08
 Reference value :  7.65943e-08
 Reference value :  7.66243e-08
 Reference value :  7.67043e-08
 Reference value :  7.67913e-08
 Reference value :  7.68633e-08
 Reference value :  7.70323e-08
 Reference value :  7.71033e-08
 Reference value :  7.71573e-08
 Reference value :  7.72063e-08
 Reference value :  7.72253e-08
 Reference value :  7.72453e-08
 Reference value :  7.73023e-08
 Reference value :  7.73493e-08
 Reference value :  7.74053e-08
 Reference value :  7.74633e-08
 Reference value :  7.75483e-08
 Reference value :  7.75853e-08
 Reference value :  7.76213e-08
 Reference value :  7.77723e-08
 Reference value :  7.79323e-08
 Reference value :  7.80653e-08
 Reference value :  7.82003e-08
 Reference value :  7.83323e-08
 Reference value :  7.85013e-08
 Reference value :  7.85443e-08
 Reference value :  7.87133e-08
 Reference value :  7.88873e-08
 Reference value :  7.90443e-08
 Reference value :  7.92193e-08
 Reference value :  7.93433e-08
 Reference value :  7.94103e-08
 Reference value :  7.94403e-08
 Reference value :  7.96173e-08
 Reference value :  7.97883e-08
 Reference value :  7.99163e-08
 Reference value :  8.00953e-08
 Reference value :  8.01853e-08
 Reference value :  8.01893e-08
 Reference value :  8.02313e-08
 Reference value :  8.02573e-08
 Reference value :  8.02733e-08
 Reference value :  8.02773e-08
 Reference value :  8.02803e-08
 Reference value :  8.02843e-08
 Reference value :  8.03013e-08
 Reference value :  8.03143e-08
 Reference value :  8.03303e-08
 Reference value :  8.03643e-08
 Reference value :  8.03793e-08
 Reference value :  8.04833e-08
 Reference value :  8.06193e-08
 Reference value :  8.07823e-08
 Reference value :  8.09323e-08
 Reference value :  8.10553e-08
 Reference value :  8.11383e-08
 Reference value :  8.12203e-08
 Reference value :  8.13823e-08
 Reference value :  8.15253e-08
 Reference value :  8.16933e-08
 Reference value :  8.18053e-08
 Reference value :  8.18093e-08
 Reference value :  8.18903e-08
 Reference value :  8.20633e-08
 Reference value :  8.22233e-08
 Reference value :  8.23393e-08
 Reference value :  8.24163e-08
 Reference value :  8.24653e-08
 Reference value :  8.25103e-08
 Reference value :  8.25713e-08
 Reference value :  8.26463e-08
 Reference value :  8.27123e-08
 Reference value :  8.27443e-08
 Reference value :  8.28023e-08
 Reference value :  8.28933e-08
 Reference value :  8.29653e-08
 Reference value :  8.29803e-08
 Reference value :  8.30423e-08
 Reference value :  8.30793e-08
 Reference value :  8.32593e-08
 Reference value :  8.34183e-08
 Reference value :  8.35133e-08
 Reference value :  8.35423e-08
 Reference value :  8.36583e-08
 Reference value :  8.38243e-08
 Reference value :  8.38453e-08
 Reference value :  8.38493e-08
 Reference value :  8.38813e-08
 Reference value :  8.39543e-08
 Reference value :  8.40173e-08
 Reference value :  8.41963e-08
 Reference value :  8.43553e-08
 Reference value :  8.45263e-08
 Reference value :  8.46293e-08
 Reference value :  8.46833e-08
 Reference value :  8.48133e-08
 Reference value :  8.49203e-08
 Reference value :  8.50923e-08
 Reference value :  8.52483e-08
 Reference value :  8.54193e-08
 Reference value :  8.55533e-08
 Reference value :  8.56013e-08
 Reference value :  8.56533e-08
 Reference value :  8.58273e-08
 Reference value :  8.59853e-08
 Reference value :  8.61353e-08
 Reference value :  8.63083e-08
 Reference value :  8.64403e-08
 Reference value :  8.65523e-08
 Reference value :  8.66353e-08
 Reference value :  8.68143e-08
 Reference value :  8.69843e-08
 Reference value :  8.71433e-08
 Reference value :  8.73153e-08
 Reference value :  8.73703e-08
 Reference value :  8.75283e-08
 Reference value :  8.76823e-08
 Reference value :  8.78603e-08
 Reference value :  8.80203e-08
 Reference value :  8.81233e-08
 Reference value :  8.82043e-08
 Reference value :  8.83573e-08
 Reference value :  8.85223e-08
 Reference value :  8.86723e-08
 Reference value :  8.87613e-08
 Reference value :  8.88333e-08
 Reference value :  8.89503e-08
 Reference value :  8.91173e-08
 Reference value :  8.92793e-08
 Reference value :  8.93793e-08
 Reference value :  8.94023e-08
 Reference value :  8.95483e-08
 Reference value :  8.97093e-08
 Reference value :  8.98863e-08
 Reference value :  8.99853e-08
 Reference value :  9.00373e-08
 Reference value :  9.02103e-08
 Reference value :  9.03683e-08
 Reference value :  9.05433e-08
 Reference value :  9.07123e-08
 Reference value :  9.07653e-08
 Reference value :  9.08133e-08
 Reference value :  9.09603e-08
 Reference value :  9.11283e-08
 Reference value :  9.12863e-08
 Reference value :  9.14623e-08
 Reference value :  9.16203e-08
 Reference value :  9.17033e-08
 Reference value :  9.17243e-08
 Reference value :  9.18043e-08
 Reference value :  9.19023e-08
 Reference value :  9.19953e-08
 Reference value :  9.20123e-08
 Reference value :  9.20433e-08
 Reference value :  9.21383e-08
 Reference value :  9.21423e-08
 Reference value :  9.21493e-08
 Reference value :  9.21623e-08
 Reference value :  9.21843e-08
 Reference value :  9.22443e-08
 Reference value :  9.23453e-08
 Reference value :  9.24313e-08
 Reference value :  9.24733e-08
 Reference value :  9.24893e-08
 Reference value :  9.25683e-08
 Reference value :  9.25723e-08
 Reference value :  9.25983e-08
 Reference value :  9.26023e-08
 Reference value :  9.26093e-08
 Reference value :  9.27843e-08
 Reference value :  9.29503e-08
 Reference value :  9.31183e-08
 Reference value :  9.32623e-08
 Reference value :  9.33303e-08
 Reference value :  9.35013e-08
 Reference value :  9.36403e-08
 Reference value :  9.36883e-08
 Reference value :  9.37493e-08
 Reference value :  9.37993e-08
 Reference value :  9.38703e-08
 Reference value :  9.40383e-08
 Reference value :  9.42053e-08
 Reference value :  9.42853e-08
 Reference value :  9.44013e-08
 Reference value :  9.45563e-08
 Reference value :  9.47213e-08
 Reference value :  9.48933e-08
 Reference value :  9.49163e-08
 Reference value :  9.49453e-08
 Reference value :  9.51053e-08
 Reference value :  9.52743e-08
 Reference value :  9.54293e-08
 Reference value :  9.55233e-08
 Reference value :  9.55963e-08
 Reference value :  9.57603e-08
 Reference value :  9.59283e-08
 Reference value :  9.60923e-08
 Reference value :  9.62683e-08
 Reference value :  9.63893e-08
 Reference value :  9.63973e-08
 Reference value :  9.64533e-08
 Reference value :  9.65453e-08
 Reference value :  9.66443e-08
 Reference value :  9.66903e-08
 Reference value :  9.67683e-08
 Reference value :  9.68113e-08
 Reference value :  9.68333e-08
 Reference value :  9.69023e-08
 Reference value :  9.69943e-08
 Reference value :  9.71623e-08
 Reference value :  9.72723e-08
 Reference value :  9.73273e-08
 Reference value :  9.74553e-08
 Reference value :  9.76243e-08
 Reference value :  9.77833e-08
 Reference value :  9.78023e-08
 Reference value :  9.78873e-08
 Reference value :  9.80503e-08
 Reference value :  9.82193e-08
 Reference value :  9.83663e-08
 Reference value :  9.85353e-08
 Reference value :  9.85943e-08
 Reference value :  9.86813e-08
 Reference value :  9.88533e-08
 Reference value :  9.90203e-08
 Reference value :  9.91963e-08
 Reference value :  9.92893e-08
 Reference value :  9.94583e-08
 Reference value :  9.95723e-08
 Reference value :  9.97243e-08
 Reference value :  9.98893e-08
 Reference value :  9.99323e-08
 Reference value :  9.99363e-08
No. of Data Rows : 100008
t1a                 =  1.65835e-08
t1b                 =  5.02180e-08
t2a                 =  1.55718e-08
t2b                 =  4.71281e-08
c1a                 =  -3.19109e-04
c1b                 =  -9.58175e-04
c2a                 =  -3.19293e-04
c2b                 =  -9.55706e-04
m_period_r1 = 8.4086175000e-09
m_period_r2 = 7.8890550000e-09
m_f_r1 = 1.1892561411e+08
m_f_r2 = 1.2675789432e+08
m_i_r1_a = -1.900033805e-05
m_i_r2_a = -2.016759295e-05
Note: Simulation executed from .control section 

Note: Starting dynamic gmin stepping
Note: Dynamic gmin stepping completed
