
Note: No compatibility mode selected!


Circuit: * ro-array-core-mc-freq-extracted @ tt_27c_3.30v -- generated by sim/harness, do not edit

Doing analysis at TEMP = 27.000000 and TNOM = 27.000000

Using SPARSE 1.3 as Direct Linear Solver

Initial Transient Solution
--------------------------

Node                                   Voltage
----                                   -------
vsup                                       3.3
en                                         3.3
vddr1                                      3.3
vddr2                                      3.3
vdd                                        3.3
xdut.xr1.xg.vss__t0                1.49681e-10
xdut.xr1.xg.vddr__t0                       3.3
xdut.xr1.xg.\$8                    3.90828e-08
vsubs                                 0.294993
xdut.xr1.xg.\$7                    4.11758e-08
xdut.xr1.xg.a__t0                  1.74575e-07
xdut.xr1.xg.y__t0                  1.29295e-13
xdut.xr1.xg.en__t0                         3.3
xdut.xr1.xg.\$5__t1                    1.57153
xdut.xr1.xg.vss__t1                          0
xdut.xr1.xg.vddr__t1                   3.29959
xdut.xr1.xg.\$9                        2.87466
xdut.xr1.xg.y__t1                  2.23652e-06
xdut.xr1.xg.a__t1                  1.74575e-07
xdut.xr1.xg.\$5__t2                    1.57152
xdut.xr1.xg.\$5__t0                    1.57152
xdut.xr1.xg.en__t1                         3.3
xdut.xr1.xg.y__t2                   8.5039e-13
xdut.xr1.xg.\$5                        1.57152
xdut.rn1                           1.74575e-07
xdut.xr1.n1                                  0
xdut.xr1.x1.\$5                    1.22366e-07
xdut.xr1.x1.a__t0                            0
xdut.xr1.x1.y__t0                          3.3
xdut.xr1.x1.vddr__t0                       3.3
xdut.xr1.x1.vss__t0                2.21061e-10
xdut.xr1.x1.vddr__t1                       3.3
xdut.xr1.x1.vss__t1                          0
xdut.xr1.x1.\$6                            3.3
xdut.xr1.x1.\$7                            3.3
xdut.xr1.x1.a__t1                            0
xdut.xr1.x1.y__t1                          3.3
xdut.xr1.n2                                3.3
xdut.xr1.x2.\$5                    1.37124e-07
xdut.xr1.x2.a__t0                          3.3
xdut.xr1.x2.y__t0                  1.58271e-07
xdut.xr1.x2.vddr__t0                       3.3
xdut.xr1.x2.vss__t0                2.45562e-10
xdut.xr1.x2.vddr__t1                       3.3
xdut.xr1.x2.vss__t1                          0
xdut.xr1.x2.\$6                            3.3
xdut.xr1.x2.\$7                        2.92745
xdut.xr1.x2.a__t1                          3.3
xdut.xr1.x2.y__t1                  1.58273e-07
xdut.xr1.n3                        1.58272e-07
xdut.xr1.x3.\$5                    9.14111e-08
xdut.xr1.x3.a__t0                  1.58272e-07
xdut.xr1.x3.y__t0                          3.3
xdut.xr1.x3.vddr__t0                       3.3
xdut.xr1.x3.vss__t0                1.70061e-10
xdut.xr1.x3.vddr__t1                       3.3
xdut.xr1.x3.vss__t1                          0
xdut.xr1.x3.\$6                            3.3
xdut.xr1.x3.\$7                            3.3
xdut.xr1.x3.a__t1                  1.58272e-07
xdut.xr1.x3.y__t1                          3.3
xdut.xr1.n4                                3.3
xdut.xr1.x4.\$5                    1.30531e-07
xdut.xr1.x4.a__t0                          3.3
xdut.xr1.x4.y__t0                   1.5077e-07
xdut.xr1.x4.vddr__t0                       3.3
xdut.xr1.x4.vss__t0                2.36718e-10
xdut.xr1.x4.vddr__t1                       3.3
xdut.xr1.x4.vss__t1                          0
xdut.xr1.x4.\$6                            3.3
xdut.xr1.x4.\$7                        2.92745
xdut.xr1.x4.a__t1                          3.3
xdut.xr1.x4.y__t1                  1.50773e-07
xdut.xr1.n5                        1.50772e-07
xdut.xr1.x5.\$5                    4.94744e-07
xdut.xr1.x5.a__t0                  1.50772e-07
xdut.xr1.x5.y__t0                          3.3
xdut.xr1.x5.vddr__t0                       3.3
xdut.xr1.x5.vss__t0                8.49012e-10
xdut.xr1.x5.vddr__t1                       3.3
xdut.xr1.x5.vss__t1                          0
xdut.xr1.x5.\$6                            3.3
xdut.xr1.x5.\$7                            3.3
xdut.xr1.x5.a__t1                  1.50772e-07
xdut.xr1.x5.y__t1                          3.3
xdut.xr1.n6                                3.3
xdut.xr1.x6.\$5                     1.3357e-07
xdut.xr1.x6.a__t0                          3.3
xdut.xr1.x6.y__t0                  1.54719e-07
xdut.xr1.x6.vddr__t0                       3.3
xdut.xr1.x6.vss__t0                2.40936e-10
xdut.xr1.x6.vddr__t1                       3.3
xdut.xr1.x6.vss__t1                          0
xdut.xr1.x6.\$6                            3.3
xdut.xr1.x6.\$7                        2.92745
xdut.xr1.x6.a__t1                          3.3
xdut.xr1.x6.y__t1                  1.54722e-07
xdut.xr1.n7                         1.5472e-07
xdut.xr1.x7.\$5                    3.92399e-07
xdut.xr1.x7.a__t0                   1.5472e-07
xdut.xr1.x7.y__t0                          3.3
xdut.xr1.x7.vddr__t0                       3.3
xdut.xr1.x7.vss__t0                6.72016e-10
xdut.xr1.x7.vddr__t1                       3.3
xdut.xr1.x7.vss__t1                          0
xdut.xr1.x7.\$6                            3.3
xdut.xr1.x7.\$7                            3.3
xdut.xr1.x7.a__t1                   1.5472e-07
xdut.xr1.x7.y__t1                          3.3
xdut.xr1.n8                                3.3
xdut.xr1.x8.\$5                     1.3342e-07
xdut.xr1.x8.a__t0                          3.3
xdut.xr1.x8.y__t0                  1.54037e-07
xdut.xr1.x8.vddr__t0                       3.3
xdut.xr1.x8.vss__t0                2.42978e-10
xdut.xr1.x8.vddr__t1                       3.3
xdut.xr1.x8.vss__t1                          0
xdut.xr1.x8.\$6                            3.3
xdut.xr1.x8.\$7                        2.92745
xdut.xr1.x8.a__t1                          3.3
xdut.xr1.x8.y__t1                  1.54039e-07
xdut.xr1.n9                        1.54038e-07
xdut.xr1.x9.\$5                    3.64375e-07
xdut.xr1.x9.a__t0                  1.54038e-07
xdut.xr1.x9.y__t0                          3.3
xdut.xr1.x9.vddr__t0                       3.3
xdut.xr1.x9.vss__t0                6.32867e-10
xdut.xr1.x9.vddr__t1                       3.3
xdut.xr1.x9.vss__t1                          0
xdut.xr1.x9.\$6                            3.3
xdut.xr1.x9.\$7                            3.3
xdut.xr1.x9.a__t1                  1.54038e-07
xdut.xr1.x9.y__t1                          3.3
xdut.xr1.n10                               3.3
xdut.xr1.x10.\$5                   1.50837e-07
xdut.xr1.x10.a__t0                         3.3
xdut.xr1.x10.y__t0                 1.74573e-07
xdut.xr1.x10.vddr__t0                      3.3
xdut.xr1.x10.vss__t0               2.69422e-10
xdut.xr1.x10.vddr__t1                      3.3
xdut.xr1.x10.vss__t1                         0
xdut.xr1.x10.\$6                           3.3
xdut.xr1.x10.\$7                       2.92744
xdut.xr1.x10.a__t1                         3.3
xdut.xr1.x10.y__t1                 1.74577e-07
xdut.xr2.xg.vss__t0                 1.5645e-10
xdut.xr2.xg.vddr__t0                       3.3
xdut.xr2.xg.\$8                    3.56925e-08
xdut.xr2.xg.\$7                    3.77431e-08
xdut.xr2.xg.a__t0                  1.44003e-07
xdut.xr2.xg.y__t0                  1.29294e-13
xdut.xr2.xg.en__t0                         3.3
xdut.xr2.xg.\$5__t1                    1.61401
xdut.xr2.xg.vss__t1                          0
xdut.xr2.xg.vddr__t1                   3.29957
xdut.xr2.xg.\$9                        2.87477
xdut.xr2.xg.y__t1                   2.3486e-06
xdut.xr2.xg.a__t1                  1.44003e-07
xdut.xr2.xg.\$5__t2                    1.61401
xdut.xr2.xg.\$5__t0                    1.61401
xdut.xr2.xg.en__t1                         3.3
xdut.xr2.xg.y__t2                  8.50421e-13
xdut.xr2.xg.\$5                        1.61401
xdut.rn2                           1.44003e-07
xdut.xr2.n1                                  0
xdut.xr2.x1.\$5                    7.04986e-07
xdut.xr2.x1.a__t0                            0
xdut.xr2.x1.y__t0                          3.3
xdut.xr2.x1.vss__t0                1.29774e-09
xdut.xr2.x1.vddr__t0                       3.3
xdut.xr2.x1.vddr__t1                       3.3
xdut.xr2.x1.vss__t1                          0
xdut.xr2.x1.\$6                            3.3
xdut.xr2.x1.\$7                            3.3
xdut.xr2.x1.a__t1                            0
xdut.xr2.x1.y__t1                          3.3
xdut.xr2.n2                                3.3
xdut.xr2.x2.\$5                    1.23903e-07
xdut.xr2.x2.a__t0                          3.3
xdut.xr2.x2.y__t0                  1.44595e-07
xdut.xr2.x2.vss__t0                2.45701e-10
xdut.xr2.x2.vddr__t0                       3.3
xdut.xr2.x2.vddr__t1                       3.3
xdut.xr2.x2.vss__t1                          0
xdut.xr2.x2.\$6                            3.3
xdut.xr2.x2.\$7                        2.92717
xdut.xr2.x2.a__t1                          3.3
xdut.xr2.x2.y__t1                  1.44598e-07
xdut.xr2.n3                        1.44596e-07
xdut.xr2.x3.\$5                    1.18351e-07
xdut.xr2.x3.a__t0                  1.44596e-07
xdut.xr2.x3.y__t0                          3.3
xdut.xr2.x3.vss__t0                2.33745e-10
xdut.xr2.x3.vddr__t0                       3.3
xdut.xr2.x3.vddr__t1                       3.3
xdut.xr2.x3.vss__t1                          0
xdut.xr2.x3.\$6                            3.3
xdut.xr2.x3.\$7                            3.3
xdut.xr2.x3.a__t1                  1.44596e-07
xdut.xr2.x3.y__t1                          3.3
xdut.xr2.n4                                3.3
xdut.xr2.x4.\$5                    1.41609e-07
xdut.xr2.x4.a__t0                          3.3
xdut.xr2.x4.y__t0                  1.65253e-07
xdut.xr2.x4.vss__t0                2.74901e-10
xdut.xr2.x4.vddr__t0                       3.3
xdut.xr2.x4.vddr__t1                       3.3
xdut.xr2.x4.vss__t1                          0
xdut.xr2.x4.\$6                            3.3
xdut.xr2.x4.\$7                        2.92715
xdut.xr2.x4.a__t1                          3.3
xdut.xr2.x4.y__t1                  1.65256e-07
xdut.xr2.n5                        1.65254e-07
xdut.xr2.x5.\$5                    2.01458e-07
xdut.xr2.x5.a__t0                  1.65254e-07
xdut.xr2.x5.y__t0                          3.3
xdut.xr2.x5.vss__t0                3.86381e-10
xdut.xr2.x5.vddr__t0                       3.3
xdut.xr2.x5.vddr__t1                       3.3
xdut.xr2.x5.vss__t1                          0
xdut.xr2.x5.\$6                            3.3
xdut.xr2.x5.\$7                            3.3
xdut.xr2.x5.a__t1                  1.65254e-07
xdut.xr2.x5.y__t1                          3.3
xdut.xr2.n6                                3.3
xdut.xr2.x6.\$5                     1.3545e-07
xdut.xr2.x6.a__t0                          3.3
xdut.xr2.x6.y__t0                  1.58031e-07
xdut.xr2.x6.vss__t0                2.65105e-10
xdut.xr2.x6.vddr__t0                       3.3
xdut.xr2.x6.vddr__t1                       3.3
xdut.xr2.x6.vss__t1                          0
xdut.xr2.x6.\$6                            3.3
xdut.xr2.x6.\$7                        2.92715
xdut.xr2.x6.a__t1                          3.3
xdut.xr2.x6.y__t1                  1.58034e-07
xdut.xr2.n7                        1.58032e-07
xdut.xr2.x7.\$5                     1.3502e-07
xdut.xr2.x7.a__t0                  1.58032e-07
xdut.xr2.x7.y__t0                          3.3
xdut.xr2.x7.vss__t0                2.64853e-10
xdut.xr2.x7.vddr__t0                       3.3
xdut.xr2.x7.vddr__t1                       3.3
xdut.xr2.x7.vss__t1                          0
xdut.xr2.x7.\$6                            3.3
xdut.xr2.x7.\$7                            3.3
xdut.xr2.x7.a__t1                  1.58032e-07
xdut.xr2.x7.y__t1                          3.3
xdut.xr2.n8                                3.3
xdut.xr2.x8.\$5                    1.26148e-07
xdut.xr2.x8.a__t0                          3.3
xdut.xr2.x8.y__t0                  1.46977e-07
xdut.xr2.x8.vss__t0                2.49968e-10
xdut.xr2.x8.vddr__t0                       3.3
xdut.xr2.x8.vddr__t1                       3.3
xdut.xr2.x8.vss__t1                          0
xdut.xr2.x8.\$6                            3.3
xdut.xr2.x8.\$7                        2.92716
xdut.xr2.x8.a__t1                          3.3
xdut.xr2.x8.y__t1                   1.4698e-07
xdut.xr2.n9                        1.46978e-07
xdut.xr2.x9.\$5                    1.37697e-07
xdut.xr2.x9.a__t0                  1.46978e-07
xdut.xr2.x9.y__t0                          3.3
xdut.xr2.x9.vss__t0                  2.706e-10
xdut.xr2.x9.vddr__t0                       3.3
xdut.xr2.x9.vddr__t1                       3.3
xdut.xr2.x9.vss__t1                          0
xdut.xr2.x9.\$6                            3.3
xdut.xr2.x9.\$7                            3.3
xdut.xr2.x9.a__t1                  1.46978e-07
xdut.xr2.x9.y__t1                          3.3
xdut.xr2.n10                               3.3
xdut.xr2.x10.\$5                   1.23328e-07
xdut.xr2.x10.a__t0                         3.3
xdut.xr2.x10.y__t0                 1.44002e-07
xdut.xr2.x10.vss__t0               2.44121e-10
xdut.xr2.x10.vddr__t0                      3.3
xdut.xr2.x10.vddr__t1                      3.3
xdut.xr2.x10.vss__t1                         0
xdut.xr2.x10.\$6                           3.3
xdut.xr2.x10.\$7                       2.92717
xdut.xr2.x10.a__t1                         3.3
xdut.xr2.x10.y__t1                 1.44005e-07
xdut.xb1.vss__t0                   7.96788e-13
xdut.xb1.a__t0                     1.74575e-07
xdut.xb1.y__t0                             3.3
xdut.xb1.vdd__t0                           3.3
xdut.xb1.a__t1                     1.74575e-07
xdut.xb1.y__t1                             3.3
xdut.xb1.\$5                               3.3
ro1                                        3.3
xdut.xb2.vss__t0                   9.58467e-13
xdut.xb2.a__t0                     1.44003e-07
xdut.xb2.y__t0                             3.3
xdut.xb2.vdd__t0                           3.3
xdut.xb2.a__t1                     1.44003e-07
xdut.xb2.y__t1                             3.3
xdut.xb2.\$5                               3.3
ro2                                        3.3
xdut.xa1.\$2__t0                   2.50272e-08
xdut.xa1.a__t0                             3.3
xdut.xa1.vss__t0                   1.96343e-11
xdut.xa1.\$3__t3                   2.35255e-08
xdut.xa1.b__t1                             3.3
xdut.xa1.vss__t3                   1.00681e-11
xdut.xa1.y__t3                     1.16525e-07
xdut.xa1.a__t3                             3.3
xdut.xa1.\$4__t1                   6.02558e-08
xdut.xa1.\$4__t0                   6.01345e-08
xdut.xa1.b__t3                             3.3
xdut.xa1.vss__t1                   2.37858e-11
xdut.xa1.y__t2                     1.16601e-07
xdut.xa1.\$2__t1                   2.52368e-08
xdut.xa1.\$6__t1                     0.0449987
xdut.xa1.\$6__t0                     0.0449987
xdut.xa1.\$3__t2                   2.37174e-08
xdut.xa1.vss__t2                    3.4338e-12
xdut.xa1.\$2__t2                   2.52928e-08
xdut.xa1.a__t1                             3.3
xdut.xa1.vdd__t0                           3.3
xdut.xa1.\$11                          2.89858
xdut.xa1.\$3__t1                   2.37687e-08
xdut.xa1.b__t0                             3.3
xdut.xa1.vdd__t3                           3.3
xdut.xa1.\$8__t3                      0.752292
xdut.xa1.a__t2                             3.3
xdut.xa1.vdd__t1                           3.3
xdut.xa1.\$8__t2                      0.752292
xdut.xa1.b__t2                             3.3
xdut.xa1.vdd__t2                           3.3
xdut.xa1.y__t0                     1.16616e-07
xdut.xa1.\$2__t3                   2.52368e-08
xdut.xa1.\$8__t1                      0.752292
xdut.xa1.y__t1                     1.16643e-07
xdut.xa1.\$3__t0                   2.37174e-08
xdut.xa1.\$8__t0                      0.752292
xdut.xa1.\$2                       2.52368e-08
xdut.xa1.\$3                       2.37174e-08
xdut.xa1.\$4                       6.01952e-08
xdut.xa1.\$6                         0.0449987
xdut.xa1.\$8                          0.752292
xo                                 1.16599e-07
q1                                 -1.0533e-15
q2                                -1.10609e-15
qt                                -5.00566e-21
vth                                       1.65
bvth#branch                                  0
vtr#branch                         5.00566e-11
vr2#branch                         1.10609e-05
vr1#branch                          1.0533e-05
ven#branch                        -2.77556e-17
vsup#branch                       -2.15939e-05

 Reference value :  3.32800e-11
 Reference value :  3.72800e-11
 Reference value :  1.02280e-10
 Reference value :  2.59280e-10
 Reference value :  4.30280e-10
 Reference value :  5.79280e-10
 Reference value :  7.43280e-10
 Reference value :  9.17280e-10
 Reference value :  1.05828e-09
 Reference value :  1.22828e-09
 Reference value :  1.30928e-09
 Reference value :  1.42128e-09
 Reference value :  1.52828e-09
 Reference value :  1.60328e-09
 Reference value :  1.68028e-09
 Reference value :  1.70028e-09
 Reference value :  1.70428e-09
 Reference value :  1.70828e-09
 Reference value :  1.71228e-09
 Reference value :  1.71628e-09
 Reference value :  1.72028e-09
 Reference value :  1.74228e-09
 Reference value :  1.77628e-09
 Reference value :  1.81228e-09
 Reference value :  1.85128e-09
 Reference value :  1.86928e-09
 Reference value :  1.88928e-09
 Reference value :  1.99828e-09
 Reference value :  2.09828e-09
 Reference value :  2.19028e-09
 Reference value :  2.31328e-09
 Reference value :  2.37028e-09
 Reference value :  2.41628e-09
 Reference value :  2.50528e-09
 Reference value :  2.61428e-09
 Reference value :  2.61928e-09
 Reference value :  2.66128e-09
 Reference value :  2.75528e-09
 Reference value :  2.85328e-09
 Reference value :  2.96228e-09
 Reference value :  3.06728e-09
 Reference value :  3.17528e-09
 Reference value :  3.25728e-09
 Reference value :  3.26628e-09
 Reference value :  3.37528e-09
 Reference value :  3.47828e-09
 Reference value :  3.58328e-09
 Reference value :  3.67928e-09
 Reference value :  3.77028e-09
 Reference value :  3.87328e-09
 Reference value :  3.94628e-09
 Reference value :  3.95028e-09
 Reference value :  3.99328e-09
 Reference value :  4.09428e-09
 Reference value :  4.19528e-09
 Reference value :  4.31628e-09
 Reference value :  4.39628e-09
 Reference value :  4.49528e-09
 Reference value :  4.59928e-09
 Reference value :  4.67728e-09
 Reference value :  4.71228e-09
 Reference value :  4.80328e-09
 Reference value :  4.90728e-09
 Reference value :  4.95228e-09
 Reference value :  5.00128e-09
 Reference value :  5.05028e-09
 Reference value :  5.07928e-09
 Reference value :  5.10128e-09
 Reference value :  5.17528e-09
 Reference value :  5.19928e-09
 Reference value :  5.24428e-09
 Reference value :  5.24828e-09
 Reference value :  5.27128e-09
 Reference value :  5.30828e-09
 Reference value :  5.31728e-09
 Reference value :  5.40628e-09
 Reference value :  5.47228e-09
 Reference value :  5.47628e-09
 Reference value :  5.48028e-09
 Reference value :  5.58228e-09
 Reference value :  5.68428e-09
 Reference value :  5.78728e-09
 Reference value :  5.92028e-09
 Reference value :  5.99028e-09
 Reference value :  5.99928e-09
 Reference value :  6.01528e-09
 Reference value :  6.01828e-09
 Reference value :  6.02228e-09
 Reference value :  6.13628e-09
 Reference value :  6.24428e-09
 Reference value :  6.34228e-09
 Reference value :  6.35828e-09
 Reference value :  6.40128e-09
 Reference value :  6.53128e-09
 Reference value :  6.64528e-09
 Reference value :  6.72128e-09
 Reference value :  6.78428e-09
 Reference value :  6.82328e-09
 Reference value :  6.82728e-09
 Reference value :  6.92628e-09
 Reference value :  7.02328e-09
 Reference value :  7.10528e-09
 Reference value :  7.15128e-09
 Reference value :  7.21128e-09
 Reference value :  7.24128e-09
 Reference value :  7.27128e-09
 Reference value :  7.36928e-09
 Reference value :  7.47228e-09
 Reference value :  7.53628e-09
 Reference value :  7.57128e-09
 Reference value :  7.59928e-09
 Reference value :  7.60328e-09
 Reference value :  7.60728e-09
 Reference value :  7.69928e-09
 Reference value :  7.79728e-09
 Reference value :  7.90928e-09
 Reference value :  7.95528e-09
 Reference value :  8.03228e-09
 Reference value :  8.04628e-09
 Reference value :  8.11128e-09
 Reference value :  8.20428e-09
 Reference value :  8.32028e-09
 Reference value :  8.43028e-09
 Reference value :  8.50128e-09
 Reference value :  8.52628e-09
 Reference value :  8.53228e-09
 Reference value :  8.53628e-09
 Reference value :  8.54028e-09
 Reference value :  8.54828e-09
 Reference value :  8.55228e-09
 Reference value :  8.55628e-09
 Reference value :  8.56828e-09
 Reference value :  8.57228e-09
 Reference value :  8.57628e-09
 Reference value :  8.59828e-09
 Reference value :  8.65728e-09
 Reference value :  8.66928e-09
 Reference value :  8.72728e-09
 Reference value :  8.73128e-09
 Reference value :  8.73428e-09
 Reference value :  8.81128e-09
 Reference value :  8.90528e-09
 Reference value :  8.95328e-09
 Reference value :  9.06928e-09
 Reference value :  9.10528e-09
 Reference value :  9.13228e-09
 Reference value :  9.20528e-09
 Reference value :  9.23928e-09
 Reference value :  9.31828e-09
 Reference value :  9.34928e-09
 Reference value :  9.41228e-09
 Reference value :  9.46628e-09
 Reference value :  9.47428e-09
 Reference value :  9.49228e-09
 Reference value :  9.52728e-09
 Reference value :  9.53128e-09
 Reference value :  9.53528e-09
 Reference value :  9.54828e-09
 Reference value :  9.55328e-09
 Reference value :  9.56028e-09
 Reference value :  9.56428e-09
 Reference value :  9.56828e-09
 Reference value :  9.63128e-09
 Reference value :  9.68428e-09
 Reference value :  9.70028e-09
 Reference value :  9.76228e-09
 Reference value :  9.78228e-09
 Reference value :  9.78628e-09
 Reference value :  9.79028e-09
 Reference value :  9.79428e-09
 Reference value :  9.81128e-09
 Reference value :  9.90828e-09
 Reference value :  9.97828e-09
 Reference value :  1.00073e-08
 Reference value :  1.00793e-08
 Reference value :  1.01773e-08
 Reference value :  1.02673e-08
 Reference value :  1.03743e-08
 Reference value :  1.03923e-08
 Reference value :  1.04093e-08
 Reference value :  1.05163e-08
 Reference value :  1.05843e-08
 Reference value :  1.06223e-08
 Reference value :  1.06263e-08
 Reference value :  1.06723e-08
 Reference value :  1.07653e-08
 Reference value :  1.08713e-08
 Reference value :  1.09603e-08
 Reference value :  1.09983e-08
 Reference value :  1.10653e-08
 Reference value :  1.10693e-08
 Reference value :  1.10733e-08
 Reference value :  1.11063e-08
 Reference value :  1.11983e-08
 Reference value :  1.12803e-08
 Reference value :  1.13633e-08
 Reference value :  1.14483e-08
 Reference value :  1.14963e-08
 Reference value :  1.15733e-08
 Reference value :  1.16623e-08
 Reference value :  1.17673e-08
 Reference value :  1.18663e-08
 Reference value :  1.19323e-08
 Reference value :  1.19633e-08
 Reference value :  1.20363e-08
 Reference value :  1.21423e-08
 Reference value :  1.22633e-08
 Reference value :  1.23513e-08
 Reference value :  1.24343e-08
 Reference value :  1.25363e-08
 Reference value :  1.25863e-08
 Reference value :  1.26153e-08
 Reference value :  1.27143e-08
 Reference value :  1.28103e-08
 Reference value :  1.29133e-08
 Reference value :  1.30043e-08
 Reference value :  1.30533e-08
 Reference value :  1.30813e-08
 Reference value :  1.31753e-08
 Reference value :  1.32743e-08
 Reference value :  1.33893e-08
 Reference value :  1.34973e-08
 Reference value :  1.35793e-08
 Reference value :  1.36353e-08
 Reference value :  1.36623e-08
 Reference value :  1.37653e-08
 Reference value :  1.38763e-08
 Reference value :  1.39963e-08
 Reference value :  1.41183e-08
 Reference value :  1.41493e-08
 Reference value :  1.41533e-08
 Reference value :  1.41573e-08
 Reference value :  1.41613e-08
 Reference value :  1.41823e-08
 Reference value :  1.42143e-08
 Reference value :  1.42263e-08
 Reference value :  1.42303e-08
 Reference value :  1.42343e-08
 Reference value :  1.43073e-08
 Reference value :  1.43113e-08
 Reference value :  1.43143e-08
 Reference value :  1.43183e-08
 Reference value :  1.43793e-08
 Reference value :  1.44253e-08
 Reference value :  1.45033e-08
 Reference value :  1.45373e-08
 Reference value :  1.45403e-08
 Reference value :  1.45643e-08
 Reference value :  1.46293e-08
 Reference value :  1.46873e-08
 Reference value :  1.46923e-08
 Reference value :  1.47433e-08
 Reference value :  1.48313e-08
 Reference value :  1.48413e-08
 Reference value :  1.49123e-08
 Reference value :  1.49893e-08
 Reference value :  1.50473e-08
 Reference value :  1.50813e-08
 Reference value :  1.50853e-08
 Reference value :  1.51503e-08
 Reference value :  1.51673e-08
 Reference value :  1.52043e-08
 Reference value :  1.52953e-08
 Reference value :  1.53693e-08
 Reference value :  1.54543e-08
 Reference value :  1.54943e-08
 Reference value :  1.55103e-08
 Reference value :  1.55863e-08
 Reference value :  1.56763e-08
 Reference value :  1.57283e-08
 Reference value :  1.58243e-08
 Reference value :  1.58713e-08
 Reference value :  1.59113e-08
 Reference value :  1.59753e-08
 Reference value :  1.60843e-08
 Reference value :  1.61453e-08
 Reference value :  1.62403e-08
 Reference value :  1.63953e-08
 Reference value :  1.64733e-08
 Reference value :  1.65253e-08
 Reference value :  1.65723e-08
 Reference value :  1.66703e-08
 Reference value :  1.67363e-08
 Reference value :  1.68353e-08
 Reference value :  1.69133e-08
 Reference value :  1.69833e-08
 Reference value :  1.69893e-08
 Reference value :  1.70053e-08
 Reference value :  1.70473e-08
 Reference value :  1.71383e-08
 Reference value :  1.72423e-08
 Reference value :  1.73393e-08
 Reference value :  1.74393e-08
 Reference value :  1.75383e-08
 Reference value :  1.76183e-08
 Reference value :  1.76223e-08
 Reference value :  1.76753e-08
 Reference value :  1.77543e-08
 Reference value :  1.78413e-08
 Reference value :  1.79423e-08
 Reference value :  1.80143e-08
 Reference value :  1.80893e-08
 Reference value :  1.81613e-08
 Reference value :  1.82153e-08
 Reference value :  1.82773e-08
 Reference value :  1.83303e-08
 Reference value :  1.84643e-08
 Reference value :  1.85473e-08
 Reference value :  1.86133e-08
 Reference value :  1.86173e-08
 Reference value :  1.86213e-08
 Reference value :  1.86253e-08
 Reference value :  1.86293e-08
 Reference value :  1.86333e-08
 Reference value :  1.86373e-08
 Reference value :  1.86403e-08
 Reference value :  1.86443e-08
 Reference value :  1.86483e-08
 Reference value :  1.86783e-08
 Reference value :  1.86933e-08
 Reference value :  1.86973e-08
 Reference value :  1.87183e-08
 Reference value :  1.87593e-08
 Reference value :  1.87843e-08
 Reference value :  1.88473e-08
 Reference value :  1.89253e-08
 Reference value :  1.89613e-08
 Reference value :  1.90663e-08
 Reference value :  1.90893e-08
 Reference value :  1.91253e-08
 Reference value :  1.91293e-08
 Reference value :  1.91323e-08
 Reference value :  1.91363e-08
 Reference value :  1.91403e-08
 Reference value :  1.91443e-08
 Reference value :  1.91483e-08
 Reference value :  1.91523e-08
 Reference value :  1.92673e-08
 Reference value :  1.93843e-08
 Reference value :  1.95043e-08
 Reference value :  1.95953e-08
 Reference value :  1.96723e-08
 Reference value :  1.96803e-08
 Reference value :  1.97493e-08
 Reference value :  1.98583e-08
 Reference value :  1.99643e-08
 Reference value :  2.00713e-08
 Reference value :  2.01733e-08
 Reference value :  2.02883e-08
 Reference value :  2.03803e-08
 Reference value :  2.03883e-08
 Reference value :  2.04493e-08
 Reference value :  2.05203e-08
 Reference value :  2.06043e-08
 Reference value :  2.06593e-08
 Reference value :  2.06783e-08
 Reference value :  2.06893e-08
 Reference value :  2.06973e-08
 Reference value :  2.07203e-08
 Reference value :  2.07243e-08
 Reference value :  2.07283e-08
 Reference value :  2.07313e-08
 Reference value :  2.07363e-08
 Reference value :  2.07403e-08
 Reference value :  2.07443e-08
 Reference value :  2.07473e-08
 Reference value :  2.07513e-08
 Reference value :  2.07553e-08
 Reference value :  2.07593e-08
 Reference value :  2.07643e-08
 Reference value :  2.07743e-08
 Reference value :  2.08073e-08
 Reference value :  2.08823e-08
 Reference value :  2.09393e-08
 Reference value :  2.10023e-08
 Reference value :  2.10253e-08
 Reference value :  2.10293e-08
 Reference value :  2.10333e-08
 Reference value :  2.10763e-08
 Reference value :  2.11313e-08
 Reference value :  2.11963e-08
 Reference value :  2.12053e-08
 Reference value :  2.12143e-08
 Reference value :  2.12223e-08
 Reference value :  2.12263e-08
 Reference value :  2.12303e-08
 Reference value :  2.12333e-08
 Reference value :  2.12373e-08
 Reference value :  2.12403e-08
 Reference value :  2.12443e-08
 Reference value :  2.12483e-08
 Reference value :  2.12523e-08
 Reference value :  2.12553e-08
 Reference value :  2.12593e-08
 Reference value :  2.12653e-08
 Reference value :  2.12753e-08
 Reference value :  2.12793e-08
 Reference value :  2.12833e-08
 Reference value :  2.12863e-08
 Reference value :  2.12903e-08
 Reference value :  2.12943e-08
 Reference value :  2.12973e-08
 Reference value :  2.13013e-08
 Reference value :  2.13093e-08
 Reference value :  2.13133e-08
 Reference value :  2.13173e-08
 Reference value :  2.13213e-08
 Reference value :  2.13253e-08
 Reference value :  2.13303e-08
 Reference value :  2.13833e-08
 Reference value :  2.14123e-08
 Reference value :  2.14163e-08
 Reference value :  2.14813e-08
 Reference value :  2.15693e-08
 Reference value :  2.16663e-08
 Reference value :  2.18143e-08
 Reference value :  2.19783e-08
 Reference value :  2.21293e-08
 Reference value :  2.21563e-08
 Reference value :  2.21973e-08
 Reference value :  2.22903e-08
 Reference value :  2.24313e-08
 Reference value :  2.25623e-08
 Reference value :  2.26903e-08
 Reference value :  2.28073e-08
 Reference value :  2.29183e-08
 Reference value :  2.29753e-08
 Reference value :  2.30613e-08
 Reference value :  2.32343e-08
 Reference value :  2.33823e-08
 Reference value :  2.34333e-08
 Reference value :  2.35293e-08
 Reference value :  2.37023e-08
 Reference value :  2.38653e-08
 Reference value :  2.39433e-08
 Reference value :  2.40823e-08
 Reference value :  2.41683e-08
 Reference value :  2.41733e-08
 Reference value :  2.42873e-08
 Reference value :  2.44163e-08
 Reference value :  2.45633e-08
 Reference value :  2.46013e-08
 Reference value :  2.46513e-08
 Reference value :  2.48053e-08
 Reference value :  2.49783e-08
 Reference value :  2.51373e-08
 Reference value :  2.52873e-08
 Reference value :  2.53083e-08
 Reference value :  2.53953e-08
 Reference value :  2.55513e-08
 Reference value :  2.57193e-08
 Reference value :  2.58933e-08
 Reference value :  2.60233e-08
 Reference value :  2.60843e-08
 Reference value :  2.61183e-08
 Reference value :  2.61923e-08
 Reference value :  2.63143e-08
 Reference value :  2.64753e-08
 Reference value :  2.66403e-08
 Reference value :  2.67723e-08
 Reference value :  2.68293e-08
 Reference value :  2.68653e-08
 Reference value :  2.69063e-08
 Reference value :  2.69433e-08
 Reference value :  2.70433e-08
 Reference value :  2.70783e-08
 Reference value :  2.71263e-08
 Reference value :  2.71933e-08
 Reference value :  2.72953e-08
 Reference value :  2.73643e-08
 Reference value :  2.73753e-08
 Reference value :  2.74333e-08
 Reference value :  2.75773e-08
 Reference value :  2.76223e-08
 Reference value :  2.77023e-08
 Reference value :  2.77153e-08
 Reference value :  2.78633e-08
 Reference value :  2.80183e-08
 Reference value :  2.81633e-08
 Reference value :  2.83203e-08
 Reference value :  2.84403e-08
 Reference value :  2.84703e-08
 Reference value :  2.86243e-08
 Reference value :  2.87903e-08
 Reference value :  2.88893e-08
 Reference value :  2.88953e-08
 Reference value :  2.90363e-08
 Reference value :  2.92013e-08
 Reference value :  2.92373e-08
 Reference value :  2.93573e-08
 Reference value :  2.94163e-08
 Reference value :  2.95333e-08
 Reference value :  2.96983e-08
 Reference value :  2.98323e-08
 Reference value :  2.98783e-08
 Reference value :  2.99123e-08
 Reference value :  2.99823e-08
 Reference value :  3.01503e-08
 Reference value :  3.03003e-08
 Reference value :  3.03823e-08
 Reference value :  3.04063e-08
 Reference value :  3.04623e-08
 Reference value :  3.05173e-08
 Reference value :  3.06863e-08
 Reference value :  3.07933e-08
 Reference value :  3.08933e-08
 Reference value :  3.10403e-08
 Reference value :  3.10583e-08
 Reference value :  3.10623e-08
 Reference value :  3.10663e-08
 Reference value :  3.10753e-08
 Reference value :  3.10863e-08
 Reference value :  3.11553e-08
 Reference value :  3.12053e-08
 Reference value :  3.12253e-08
 Reference value :  3.13013e-08
 Reference value :  3.13303e-08
 Reference value :  3.13663e-08
 Reference value :  3.14283e-08
 Reference value :  3.14473e-08
 Reference value :  3.15273e-08
 Reference value :  3.15623e-08
 Reference value :  3.15663e-08
 Reference value :  3.15703e-08
 Reference value :  3.15743e-08
 Reference value :  3.15873e-08
 Reference value :  3.16433e-08
 Reference value :  3.17083e-08
 Reference value :  3.17123e-08
 Reference value :  3.17163e-08
 Reference value :  3.17203e-08
 Reference value :  3.17243e-08
 Reference value :  3.17283e-08
 Reference value :  3.17323e-08
 Reference value :  3.17363e-08
 Reference value :  3.17403e-08
 Reference value :  3.17443e-08
 Reference value :  3.17483e-08
 Reference value :  3.17523e-08
 Reference value :  3.17563e-08
 Reference value :  3.17593e-08
 Reference value :  3.17633e-08
 Reference value :  3.17673e-08
 Reference value :  3.17713e-08
 Reference value :  3.17753e-08
 Reference value :  3.18093e-08
 Reference value :  3.18193e-08
 Reference value :  3.18233e-08
 Reference value :  3.18273e-08
 Reference value :  3.18313e-08
 Reference value :  3.18613e-08
 Reference value :  3.19953e-08
 Reference value :  3.21053e-08
 Reference value :  3.21393e-08
 Reference value :  3.21703e-08
 Reference value :  3.22333e-08
 Reference value :  3.24063e-08
 Reference value :  3.25603e-08
 Reference value :  3.25933e-08
 Reference value :  3.25973e-08
 Reference value :  3.27233e-08
 Reference value :  3.28113e-08
 Reference value :  3.29043e-08
 Reference value :  3.30763e-08
 Reference value :  3.32393e-08
 Reference value :  3.33363e-08
 Reference value :  3.34013e-08
 Reference value :  3.35643e-08
 Reference value :  3.36753e-08
 Reference value :  3.37893e-08
 Reference value :  3.38943e-08
 Reference value :  3.39193e-08
 Reference value :  3.39233e-08
 Reference value :  3.39273e-08
 Reference value :  3.40063e-08
 Reference value :  3.40243e-08
 Reference value :  3.40283e-08
 Reference value :  3.40323e-08
 Reference value :  3.40633e-08
 Reference value :  3.40783e-08
 Reference value :  3.40963e-08
 Reference value :  3.41003e-08
 Reference value :  3.41123e-08
 Reference value :  3.42173e-08
 Reference value :  3.42993e-08
 Reference value :  3.43893e-08
 Reference value :  3.43943e-08
 Reference value :  3.44103e-08
 Reference value :  3.44133e-08
 Reference value :  3.44173e-08
 Reference value :  3.44403e-08
 Reference value :  3.45523e-08
 Reference value :  3.47053e-08
 Reference value :  3.47453e-08
 Reference value :  3.48433e-08
 Reference value :  3.50193e-08
 Reference value :  3.51943e-08
 Reference value :  3.52863e-08
 Reference value :  3.52963e-08
 Reference value :  3.53523e-08
 Reference value :  3.53683e-08
 Reference value :  3.53723e-08
 Reference value :  3.54373e-08
 Reference value :  3.56093e-08
 Reference value :  3.57633e-08
 Reference value :  3.58143e-08
 Reference value :  3.58523e-08
 Reference value :  3.59183e-08
 Reference value :  3.60783e-08
 Reference value :  3.62533e-08
 Reference value :  3.64103e-08
 Reference value :  3.65013e-08
 Reference value :  3.65073e-08
 Reference value :  3.65133e-08
 Reference value :  3.66553e-08
 Reference value :  3.68233e-08
 Reference value :  3.69913e-08
 Reference value :  3.70283e-08
 Reference value :  3.70363e-08
 Reference value :  3.70403e-08
 Reference value :  3.72033e-08
 Reference value :  3.73743e-08
 Reference value :  3.75383e-08
 Reference value :  3.76713e-08
 Reference value :  3.77213e-08
 Reference value :  3.77443e-08
 Reference value :  3.78833e-08
 Reference value :  3.80063e-08
 Reference value :  3.81113e-08
 Reference value :  3.81343e-08
 Reference value :  3.81563e-08
 Reference value :  3.81623e-08
 Reference value :  3.81693e-08
 Reference value :  3.81743e-08
 Reference value :  3.81833e-08
 Reference value :  3.82133e-08
 Reference value :  3.82413e-08
 Reference value :  3.82453e-08
 Reference value :  3.82533e-08
 Reference value :  3.82573e-08
 Reference value :  3.82613e-08
 Reference value :  3.82653e-08
 Reference value :  3.82693e-08
 Reference value :  3.82743e-08
 Reference value :  3.83083e-08
 Reference value :  3.83123e-08
 Reference value :  3.83233e-08
 Reference value :  3.83453e-08
 Reference value :  3.83593e-08
 Reference value :  3.83663e-08
 Reference value :  3.83803e-08
 Reference value :  3.83843e-08
 Reference value :  3.83873e-08
 Reference value :  3.83903e-08
 Reference value :  3.83943e-08
 Reference value :  3.83983e-08
 Reference value :  3.84063e-08
 Reference value :  3.84243e-08
 Reference value :  3.84283e-08
 Reference value :  3.84323e-08
 Reference value :  3.84373e-08
 Reference value :  3.84403e-08
 Reference value :  3.84623e-08
 Reference value :  3.84783e-08
 Reference value :  3.84823e-08
 Reference value :  3.84873e-08
 Reference value :  3.84913e-08
 Reference value :  3.84953e-08
 Reference value :  3.84993e-08
 Reference value :  3.85033e-08
 Reference value :  3.85073e-08
 Reference value :  3.85103e-08
 Reference value :  3.85143e-08
 Reference value :  3.86203e-08
 Reference value :  3.86733e-08
 Reference value :  3.86953e-08
 Reference value :  3.88373e-08
 Reference value :  3.89983e-08
 Reference value :  3.91743e-08
 Reference value :  3.92603e-08
 Reference value :  3.94273e-08
 Reference value :  3.95853e-08
 Reference value :  3.97433e-08
 Reference value :  3.98093e-08
 Reference value :  3.99123e-08
 Reference value :  4.00693e-08
 Reference value :  4.02363e-08
 Reference value :  4.03963e-08
 Reference value :  4.04703e-08
 Reference value :  4.04953e-08
 Reference value :  4.05693e-08
 Reference value :  4.07283e-08
 Reference value :  4.08833e-08
 Reference value :  4.10383e-08
 Reference value :  4.12083e-08
 Reference value :  4.12423e-08
 Reference value :  4.14043e-08
 Reference value :  4.14763e-08
 Reference value :  4.15603e-08
 Reference value :  4.16663e-08
 Reference value :  4.17203e-08
 Reference value :  4.17793e-08
 Reference value :  4.19103e-08
 Reference value :  4.19243e-08
 Reference value :  4.20083e-08
 Reference value :  4.21853e-08
 Reference value :  4.22973e-08
 Reference value :  4.23433e-08
 Reference value :  4.25023e-08
 Reference value :  4.26513e-08
 Reference value :  4.26913e-08
 Reference value :  4.27933e-08
 Reference value :  4.29563e-08
 Reference value :  4.30753e-08
 Reference value :  4.31933e-08
 Reference value :  4.33713e-08
 Reference value :  4.35093e-08
 Reference value :  4.35473e-08
 Reference value :  4.36513e-08
 Reference value :  4.38243e-08
 Reference value :  4.39133e-08
 Reference value :  4.39563e-08
 Reference value :  4.40343e-08
 Reference value :  4.41113e-08
 Reference value :  4.41433e-08
 Reference value :  4.41513e-08
 Reference value :  4.41573e-08
 Reference value :  4.41643e-08
 Reference value :  4.41903e-08
 Reference value :  4.43483e-08
 Reference value :  4.44983e-08
 Reference value :  4.45343e-08
 Reference value :  4.46203e-08
 Reference value :  4.47983e-08
 Reference value :  4.48923e-08
 Reference value :  4.49923e-08
 Reference value :  4.51423e-08
 Reference value :  4.51943e-08
 Reference value :  4.52163e-08
 Reference value :  4.52213e-08
 Reference value :  4.52723e-08
 Reference value :  4.54333e-08
 Reference value :  4.56033e-08
 Reference value :  4.57403e-08
 Reference value :  4.57463e-08
 Reference value :  4.58073e-08
 Reference value :  4.58623e-08
 Reference value :  4.59203e-08
 Reference value :  4.60643e-08
 Reference value :  4.61083e-08
 Reference value :  4.62103e-08
 Reference value :  4.63563e-08
 Reference value :  4.64523e-08
 Reference value :  4.65573e-08
 Reference value :  4.66433e-08
 Reference value :  4.66813e-08
 Reference value :  4.67363e-08
 Reference value :  4.68863e-08
 Reference value :  4.70593e-08
 Reference value :  4.72153e-08
 Reference value :  4.72623e-08
 Reference value :  4.72903e-08
 Reference value :  4.73183e-08
 Reference value :  4.74813e-08
 Reference value :  4.76503e-08
 Reference value :  4.77733e-08
 Reference value :  4.77813e-08
 Reference value :  4.78513e-08
 Reference value :  4.80063e-08
 Reference value :  4.81773e-08
 Reference value :  4.83173e-08
 Reference value :  4.84293e-08
 Reference value :  4.84513e-08
 Reference value :  4.84553e-08
 Reference value :  4.86253e-08
 Reference value :  4.87873e-08
 Reference value :  4.89603e-08
 Reference value :  4.91003e-08
 Reference value :  4.92663e-08
 Reference value :  4.94333e-08
 Reference value :  4.94833e-08
 Reference value :  4.94873e-08
 Reference value :  4.96523e-08
 Reference value :  4.97113e-08
 Reference value :  4.98733e-08
 Reference value :  5.00193e-08
 Reference value :  5.00843e-08
 Reference value :  5.00883e-08
 Reference value :  5.01263e-08
 Reference value :  5.03013e-08
 Reference value :  5.04773e-08
 Reference value :  5.06403e-08
 Reference value :  5.08153e-08
 Reference value :  5.08773e-08
 Reference value :  5.09323e-08
 Reference value :  5.09823e-08
 Reference value :  5.11613e-08
 Reference value :  5.11733e-08
 Reference value :  5.11773e-08
 Reference value :  5.11943e-08
 Reference value :  5.12583e-08
 Reference value :  5.12843e-08
 Reference value :  5.12943e-08
 Reference value :  5.12983e-08
 Reference value :  5.13273e-08
 Reference value :  5.13453e-08
 Reference value :  5.14443e-08
 Reference value :  5.14603e-08
 Reference value :  5.14643e-08
 Reference value :  5.15273e-08
 Reference value :  5.16893e-08
 Reference value :  5.18593e-08
 Reference value :  5.20003e-08
 Reference value :  5.20593e-08
 Reference value :  5.21713e-08
 Reference value :  5.22563e-08
 Reference value :  5.24083e-08
 Reference value :  5.25693e-08
 Reference value :  5.26773e-08
 Reference value :  5.27243e-08
 Reference value :  5.27293e-08
 Reference value :  5.28423e-08
 Reference value :  5.29123e-08
 Reference value :  5.30393e-08
 Reference value :  5.30883e-08
 Reference value :  5.32023e-08
 Reference value :  5.33463e-08
 Reference value :  5.35163e-08
 Reference value :  5.36033e-08
 Reference value :  5.36253e-08
 Reference value :  5.37113e-08
 Reference value :  5.38793e-08
 Reference value :  5.40443e-08
 Reference value :  5.40733e-08
 Reference value :  5.41023e-08
 Reference value :  5.42013e-08
 Reference value :  5.43023e-08
 Reference value :  5.43693e-08
 Reference value :  5.44043e-08
 Reference value :  5.44723e-08
 Reference value :  5.45663e-08
 Reference value :  5.46033e-08
 Reference value :  5.46333e-08
 Reference value :  5.47433e-08
 Reference value :  5.48333e-08
 Reference value :  5.48983e-08
 Reference value :  5.50543e-08
 Reference value :  5.51633e-08
 Reference value :  5.51943e-08
 Reference value :  5.52163e-08
 Reference value :  5.53873e-08
 Reference value :  5.55523e-08
 Reference value :  5.57033e-08
 Reference value :  5.57873e-08
 Reference value :  5.58853e-08
 Reference value :  5.59303e-08
 Reference value :  5.59933e-08
 Reference value :  5.60933e-08
 Reference value :  5.61503e-08
 Reference value :  5.61663e-08
 Reference value :  5.61703e-08
 Reference value :  5.61733e-08
 Reference value :  5.61773e-08
 Reference value :  5.61813e-08
 Reference value :  5.61873e-08
 Reference value :  5.61903e-08
 Reference value :  5.62103e-08
 Reference value :  5.62133e-08
 Reference value :  5.62173e-08
 Reference value :  5.62273e-08
 Reference value :  5.62303e-08
 Reference value :  5.62343e-08
 Reference value :  5.62393e-08
 Reference value :  5.62423e-08
 Reference value :  5.62463e-08
 Reference value :  5.62503e-08
 Reference value :  5.62543e-08
 Reference value :  5.62583e-08
 Reference value :  5.62623e-08
 Reference value :  5.62673e-08
 Reference value :  5.62713e-08
 Reference value :  5.62873e-08
 Reference value :  5.63053e-08
 Reference value :  5.63333e-08
 Reference value :  5.63373e-08
 Reference value :  5.63413e-08
 Reference value :  5.63443e-08
 Reference value :  5.63533e-08
 Reference value :  5.63763e-08
 Reference value :  5.63803e-08
 Reference value :  5.64003e-08
 Reference value :  5.64443e-08
 Reference value :  5.64823e-08
 Reference value :  5.64893e-08
 Reference value :  5.65333e-08
 Reference value :  5.65833e-08
 Reference value :  5.66333e-08
 Reference value :  5.67663e-08
 Reference value :  5.68313e-08
 Reference value :  5.68923e-08
 Reference value :  5.70303e-08
 Reference value :  5.71753e-08
 Reference value :  5.73473e-08
 Reference value :  5.74973e-08
 Reference value :  5.75273e-08
 Reference value :  5.75723e-08
 Reference value :  5.75753e-08
 Reference value :  5.75783e-08
 Reference value :  5.75823e-08
 Reference value :  5.76213e-08
 Reference value :  5.76413e-08
 Reference value :  5.76853e-08
 Reference value :  5.77423e-08
 Reference value :  5.78493e-08
 Reference value :  5.79303e-08
 Reference value :  5.80093e-08
 Reference value :  5.81123e-08
 Reference value :  5.81493e-08
 Reference value :  5.81923e-08
 Reference value :  5.82103e-08
 Reference value :  5.82143e-08
 Reference value :  5.82553e-08
 Reference value :  5.83543e-08
 Reference value :  5.84293e-08
 Reference value :  5.84463e-08
 Reference value :  5.84713e-08
 Reference value :  5.84743e-08
 Reference value :  5.84773e-08
 Reference value :  5.84813e-08
 Reference value :  5.84853e-08
 Reference value :  5.84923e-08
 Reference value :  5.85083e-08
 Reference value :  5.86023e-08
 Reference value :  5.87063e-08
 Reference value :  5.88033e-08
 Reference value :  5.88993e-08
 Reference value :  5.89193e-08
 Reference value :  5.90093e-08
 Reference value :  5.91153e-08
 Reference value :  5.92283e-08
 Reference value :  5.93333e-08
 Reference value :  5.94353e-08
 Reference value :  5.94823e-08
 Reference value :  5.95183e-08
 Reference value :  5.96403e-08
 Reference value :  5.97283e-08
 Reference value :  5.98343e-08
 Reference value :  5.99333e-08
 Reference value :  6.00163e-08
 Reference value :  6.01333e-08
 Reference value :  6.02453e-08
 Reference value :  6.02873e-08
 Reference value :  6.02983e-08
 Reference value :  6.03023e-08
 Reference value :  6.03063e-08
 Reference value :  6.03103e-08
 Reference value :  6.03543e-08
 Reference value :  6.03583e-08
 Reference value :  6.03623e-08
 Reference value :  6.03663e-08
 Reference value :  6.03703e-08
 Reference value :  6.03743e-08
 Reference value :  6.03783e-08
 Reference value :  6.03823e-08
 Reference value :  6.03863e-08
 Reference value :  6.03923e-08
 Reference value :  6.03963e-08
 Reference value :  6.04013e-08
 Reference value :  6.04053e-08
 Reference value :  6.04103e-08
 Reference value :  6.04143e-08
 Reference value :  6.04183e-08
 Reference value :  6.04223e-08
 Reference value :  6.04273e-08
 Reference value :  6.04433e-08
 Reference value :  6.04473e-08
 Reference value :  6.04513e-08
 Reference value :  6.04553e-08
 Reference value :  6.04613e-08
 Reference value :  6.04783e-08
 Reference value :  6.04823e-08
 Reference value :  6.04863e-08
 Reference value :  6.04983e-08
 Reference value :  6.05163e-08
 Reference value :  6.05263e-08
 Reference value :  6.05303e-08
 Reference value :  6.06093e-08
 Reference value :  6.06233e-08
 Reference value :  6.06283e-08
 Reference value :  6.06843e-08
 Reference value :  6.06913e-08
 Reference value :  6.07013e-08
 Reference value :  6.07193e-08
 Reference value :  6.07233e-08
 Reference value :  6.07273e-08
 Reference value :  6.07313e-08
 Reference value :  6.07353e-08
 Reference value :  6.07393e-08
 Reference value :  6.07433e-08
 Reference value :  6.07473e-08
 Reference value :  6.07513e-08
 Reference value :  6.07553e-08
 Reference value :  6.07683e-08
 Reference value :  6.07723e-08
 Reference value :  6.07763e-08
 Reference value :  6.07803e-08
 Reference value :  6.07843e-08
 Reference value :  6.07883e-08
 Reference value :  6.07973e-08
 Reference value :  6.08013e-08
 Reference value :  6.08053e-08
 Reference value :  6.08093e-08
 Reference value :  6.08133e-08
 Reference value :  6.08173e-08
 Reference value :  6.08213e-08
 Reference value :  6.08253e-08
 Reference value :  6.08293e-08
 Reference value :  6.08333e-08
 Reference value :  6.08423e-08
 Reference value :  6.08483e-08
 Reference value :  6.08523e-08
 Reference value :  6.08553e-08
 Reference value :  6.08593e-08
 Reference value :  6.08633e-08
 Reference value :  6.09003e-08
 Reference value :  6.09033e-08
 Reference value :  6.09103e-08
 Reference value :  6.09153e-08
 Reference value :  6.09183e-08
 Reference value :  6.09573e-08
 Reference value :  6.09613e-08
 Reference value :  6.09653e-08
 Reference value :  6.09703e-08
 Reference value :  6.09743e-08
 Reference value :  6.09783e-08
 Reference value :  6.09823e-08
 Reference value :  6.09853e-08
 Reference value :  6.09893e-08
 Reference value :  6.10013e-08
 Reference value :  6.10053e-08
 Reference value :  6.10093e-08
 Reference value :  6.10133e-08
 Reference value :  6.10173e-08
 Reference value :  6.10213e-08
 Reference value :  6.10253e-08
 Reference value :  6.10293e-08
 Reference value :  6.10333e-08
 Reference value :  6.10373e-08
 Reference value :  6.10413e-08
 Reference value :  6.10463e-08
 Reference value :  6.10503e-08
 Reference value :  6.10543e-08
 Reference value :  6.10583e-08
 Reference value :  6.10623e-08
 Reference value :  6.10673e-08
 Reference value :  6.10713e-08
 Reference value :  6.10753e-08
 Reference value :  6.10793e-08
 Reference value :  6.10823e-08
 Reference value :  6.10853e-08
 Reference value :  6.10893e-08
 Reference value :  6.10923e-08
 Reference value :  6.10963e-08
 Reference value :  6.11003e-08
 Reference value :  6.11043e-08
 Reference value :  6.11083e-08
 Reference value :  6.11123e-08
 Reference value :  6.11163e-08
 Reference value :  6.11203e-08
 Reference value :  6.11253e-08
 Reference value :  6.11313e-08
 Reference value :  6.11353e-08
 Reference value :  6.11383e-08
 Reference value :  6.11423e-08
 Reference value :  6.11463e-08
 Reference value :  6.11503e-08
 Reference value :  6.11543e-08
 Reference value :  6.11573e-08
 Reference value :  6.11603e-08
 Reference value :  6.11643e-08
 Reference value :  6.11683e-08
 Reference value :  6.11723e-08
 Reference value :  6.12673e-08
 Reference value :  6.12863e-08
 Reference value :  6.13343e-08
 Reference value :  6.13873e-08
 Reference value :  6.13913e-08
 Reference value :  6.13953e-08
 Reference value :  6.14003e-08
 Reference value :  6.14033e-08
 Reference value :  6.14073e-08
 Reference value :  6.14113e-08
 Reference value :  6.14153e-08
 Reference value :  6.14193e-08
 Reference value :  6.14233e-08
 Reference value :  6.14283e-08
 Reference value :  6.14323e-08
 Reference value :  6.14393e-08
 Reference value :  6.14433e-08
 Reference value :  6.14513e-08
 Reference value :  6.14873e-08
 Reference value :  6.14923e-08
 Reference value :  6.14973e-08
 Reference value :  6.15023e-08
 Reference value :  6.15063e-08
 Reference value :  6.15093e-08
 Reference value :  6.15133e-08
 Reference value :  6.15173e-08
 Reference value :  6.15213e-08
 Reference value :  6.15253e-08
 Reference value :  6.15293e-08
 Reference value :  6.15333e-08
 Reference value :  6.15373e-08
 Reference value :  6.15423e-08
 Reference value :  6.15463e-08
 Reference value :  6.15513e-08
 Reference value :  6.15563e-08
 Reference value :  6.15613e-08
 Reference value :  6.15653e-08
 Reference value :  6.15693e-08
 Reference value :  6.15733e-08
 Reference value :  6.15773e-08
 Reference value :  6.15813e-08
 Reference value :  6.15853e-08
 Reference value :  6.15893e-08
 Reference value :  6.15933e-08
 Reference value :  6.15973e-08
 Reference value :  6.16013e-08
 Reference value :  6.16053e-08
 Reference value :  6.16093e-08
 Reference value :  6.16133e-08
 Reference value :  6.16883e-08
 Reference value :  6.17123e-08
 Reference value :  6.17543e-08
 Reference value :  6.17823e-08
 Reference value :  6.18003e-08
 Reference value :  6.18223e-08
 Reference value :  6.18963e-08
 Reference value :  6.19133e-08
 Reference value :  6.19173e-08
 Reference value :  6.19213e-08
 Reference value :  6.19253e-08
 Reference value :  6.19293e-08
 Reference value :  6.19333e-08
 Reference value :  6.19373e-08
 Reference value :  6.19413e-08
 Reference value :  6.19463e-08
 Reference value :  6.19513e-08
 Reference value :  6.19553e-08
 Reference value :  6.19643e-08
 Reference value :  6.19683e-08
 Reference value :  6.20263e-08
 Reference value :  6.20733e-08
 Reference value :  6.20773e-08
 Reference value :  6.20813e-08
 Reference value :  6.21053e-08
 Reference value :  6.21943e-08
 Reference value :  6.22893e-08
 Reference value :  6.23453e-08
 Reference value :  6.23483e-08
 Reference value :  6.23523e-08
 Reference value :  6.23563e-08
 Reference value :  6.23603e-08
 Reference value :  6.23643e-08
 Reference value :  6.23683e-08
 Reference value :  6.23733e-08
 Reference value :  6.23773e-08
 Reference value :  6.23853e-08
 Reference value :  6.23893e-08
 Reference value :  6.23943e-08
 Reference value :  6.23983e-08
 Reference value :  6.24023e-08
 Reference value :  6.24063e-08
 Reference value :  6.24163e-08
 Reference value :  6.24203e-08
 Reference value :  6.24243e-08
 Reference value :  6.24283e-08
 Reference value :  6.24323e-08
 Reference value :  6.24373e-08
 Reference value :  6.24413e-08
 Reference value :  6.24453e-08
 Reference value :  6.24483e-08
 Reference value :  6.24523e-08
 Reference value :  6.24563e-08
 Reference value :  6.24593e-08
 Reference value :  6.24633e-08
 Reference value :  6.24683e-08
 Reference value :  6.25383e-08
 Reference value :  6.26073e-08
 Reference value :  6.26223e-08
 Reference value :  6.26263e-08
 Reference value :  6.26303e-08
 Reference value :  6.26353e-08
 Reference value :  6.26393e-08
 Reference value :  6.26433e-08
 Reference value :  6.26473e-08
 Reference value :  6.26523e-08
 Reference value :  6.26563e-08
 Reference value :  6.26603e-08
 Reference value :  6.26643e-08
 Reference value :  6.26693e-08
 Reference value :  6.26973e-08
 Reference value :  6.27013e-08
 Reference value :  6.27263e-08
 Reference value :  6.27713e-08
 Reference value :  6.28303e-08
 Reference value :  6.28363e-08
 Reference value :  6.28403e-08
 Reference value :  6.28443e-08
 Reference value :  6.28483e-08
 Reference value :  6.28533e-08
 Reference value :  6.28573e-08
 Reference value :  6.28613e-08
 Reference value :  6.28653e-08
 Reference value :  6.28693e-08
 Reference value :  6.28733e-08
 Reference value :  6.28773e-08
 Reference value :  6.28903e-08
 Reference value :  6.28943e-08
 Reference value :  6.28983e-08
 Reference value :  6.29023e-08
 Reference value :  6.29063e-08
 Reference value :  6.29103e-08
 Reference value :  6.29143e-08
 Reference value :  6.29183e-08
 Reference value :  6.29223e-08
 Reference value :  6.29263e-08
 Reference value :  6.29303e-08
 Reference value :  6.29353e-08
 Reference value :  6.29393e-08
 Reference value :  6.29433e-08
 Reference value :  6.29463e-08
 Reference value :  6.29663e-08
 Reference value :  6.29843e-08
 Reference value :  6.29883e-08
 Reference value :  6.29923e-08
 Reference value :  6.30703e-08
 Reference value :  6.31503e-08
 Reference value :  6.31573e-08
 Reference value :  6.31603e-08
 Reference value :  6.31633e-08
 Reference value :  6.31663e-08
 Reference value :  6.31703e-08
 Reference value :  6.31743e-08
 Reference value :  6.31783e-08
 Reference value :  6.31823e-08
 Reference value :  6.31863e-08
 Reference value :  6.31993e-08
 Reference value :  6.32033e-08
 Reference value :  6.32073e-08
 Reference value :  6.32113e-08
 Reference value :  6.32153e-08
 Reference value :  6.32203e-08
 Reference value :  6.32243e-08
 Reference value :  6.32283e-08
 Reference value :  6.32333e-08
 Reference value :  6.32393e-08
 Reference value :  6.32433e-08
 Reference value :  6.32473e-08
 Reference value :  6.32513e-08
 Reference value :  6.32553e-08
 Reference value :  6.32593e-08
 Reference value :  6.32633e-08
 Reference value :  6.32663e-08
 Reference value :  6.32703e-08
 Reference value :  6.32733e-08
 Reference value :  6.32773e-08
 Reference value :  6.32993e-08
 Reference value :  6.33033e-08
 Reference value :  6.33073e-08
 Reference value :  6.33103e-08
 Reference value :  6.33143e-08
 Reference value :  6.33183e-08
 Reference value :  6.33233e-08
 Reference value :  6.33273e-08
 Reference value :  6.33343e-08
 Reference value :  6.33403e-08
 Reference value :  6.33473e-08
 Reference value :  6.33583e-08
 Reference value :  6.33813e-08
 Reference value :  6.34483e-08
 Reference value :  6.35233e-08
 Reference value :  6.35663e-08
 Reference value :  6.35693e-08
 Reference value :  6.35743e-08
 Reference value :  6.35783e-08
 Reference value :  6.35823e-08
 Reference value :  6.35863e-08
 Reference value :  6.35903e-08
 Reference value :  6.35953e-08
 Reference value :  6.35983e-08
 Reference value :  6.36013e-08
 Reference value :  6.36413e-08
 Reference value :  6.36733e-08
 Reference value :  6.36803e-08
 Reference value :  6.37623e-08
 Reference value :  6.38703e-08
 Reference value :  6.39693e-08
 Reference value :  6.40283e-08
 Reference value :  6.40323e-08
 Reference value :  6.40363e-08
 Reference value :  6.40403e-08
 Reference value :  6.40443e-08
 Reference value :  6.40483e-08
 Reference value :  6.40523e-08
 Reference value :  6.40563e-08
 Reference value :  6.40603e-08
 Reference value :  6.40643e-08
 Reference value :  6.40683e-08
 Reference value :  6.40723e-08
 Reference value :  6.40753e-08
 Reference value :  6.40793e-08
 Reference value :  6.40833e-08
 Reference value :  6.40873e-08
 Reference value :  6.40923e-08
 Reference value :  6.40963e-08
 Reference value :  6.41003e-08
 Reference value :  6.41053e-08
 Reference value :  6.41093e-08
 Reference value :  6.41133e-08
 Reference value :  6.41163e-08
 Reference value :  6.41213e-08
 Reference value :  6.41263e-08
 Reference value :  6.41303e-08
 Reference value :  6.41353e-08
 Reference value :  6.41393e-08
 Reference value :  6.41433e-08
 Reference value :  6.41473e-08
 Reference value :  6.41563e-08
 Reference value :  6.41603e-08
 Reference value :  6.41883e-08
 Reference value :  6.43133e-08
 Reference value :  6.43203e-08
 Reference value :  6.43733e-08
 Reference value :  6.45233e-08
 Reference value :  6.46563e-08
 Reference value :  6.46663e-08
 Reference value :  6.46693e-08
 Reference value :  6.46883e-08
 Reference value :  6.46923e-08
 Reference value :  6.46953e-08
 Reference value :  6.46993e-08
 Reference value :  6.47033e-08
 Reference value :  6.47073e-08
 Reference value :  6.47113e-08
 Reference value :  6.47153e-08
 Reference value :  6.47193e-08
 Reference value :  6.47233e-08
 Reference value :  6.47263e-08
 Reference value :  6.47303e-08
 Reference value :  6.47473e-08
 Reference value :  6.48083e-08
 Reference value :  6.48623e-08
 Reference value :  6.48943e-08
 Reference value :  6.49253e-08
 Reference value :  6.49333e-08
 Reference value :  6.49363e-08
 Reference value :  6.49403e-08
 Reference value :  6.49443e-08
 Reference value :  6.49473e-08
 Reference value :  6.49503e-08
 Reference value :  6.49543e-08
 Reference value :  6.49573e-08
 Reference value :  6.49683e-08
 Reference value :  6.50143e-08
 Reference value :  6.51693e-08
 Reference value :  6.53153e-08
 Reference value :  6.54883e-08
 Reference value :  6.56373e-08
 Reference value :  6.56953e-08
 Reference value :  6.58673e-08
 Reference value :  6.60313e-08
 Reference value :  6.61813e-08
 Reference value :  6.62323e-08
 Reference value :  6.62353e-08
 Reference value :  6.62393e-08
 Reference value :  6.62433e-08
 Reference value :  6.62473e-08
 Reference value :  6.62513e-08
 Reference value :  6.62553e-08
 Reference value :  6.62583e-08
 Reference value :  6.62623e-08
 Reference value :  6.62653e-08
 Reference value :  6.62693e-08
 Reference value :  6.62733e-08
 Reference value :  6.62773e-08
 Reference value :  6.62813e-08
 Reference value :  6.62853e-08
 Reference value :  6.62893e-08
 Reference value :  6.62933e-08
 Reference value :  6.63083e-08
 Reference value :  6.63223e-08
 Reference value :  6.63353e-08
 Reference value :  6.63883e-08
 Reference value :  6.64803e-08
 Reference value :  6.65203e-08
 Reference value :  6.65243e-08
 Reference value :  6.65283e-08
 Reference value :  6.65483e-08
 Reference value :  6.65783e-08
 Reference value :  6.66133e-08
 Reference value :  6.66583e-08
 Reference value :  6.67683e-08
 Reference value :  6.69123e-08
 Reference value :  6.69443e-08
 Reference value :  6.69483e-08
 Reference value :  6.69523e-08
 Reference value :  6.69563e-08
 Reference value :  6.69593e-08
 Reference value :  6.69623e-08
 Reference value :  6.69663e-08
 Reference value :  6.69703e-08
 Reference value :  6.69743e-08
 Reference value :  6.69783e-08
 Reference value :  6.69873e-08
 Reference value :  6.70133e-08
 Reference value :  6.71103e-08
 Reference value :  6.72743e-08
 Reference value :  6.72863e-08
 Reference value :  6.72903e-08
 Reference value :  6.72943e-08
 Reference value :  6.72973e-08
 Reference value :  6.73003e-08
 Reference value :  6.73033e-08
 Reference value :  6.73073e-08
 Reference value :  6.73103e-08
 Reference value :  6.73133e-08
 Reference value :  6.73583e-08
 Reference value :  6.74663e-08
 Reference value :  6.74813e-08
 Reference value :  6.75613e-08
 Reference value :  6.77393e-08
 Reference value :  6.78723e-08
 Reference value :  6.78963e-08
 Reference value :  6.79003e-08
 Reference value :  6.79043e-08
 Reference value :  6.79093e-08
 Reference value :  6.79133e-08
 Reference value :  6.79173e-08
 Reference value :  6.79213e-08
 Reference value :  6.79253e-08
 Reference value :  6.79503e-08
 Reference value :  6.80703e-08
 Reference value :  6.80853e-08
 Reference value :  6.81533e-08
 Reference value :  6.83303e-08
 Reference value :  6.83813e-08
 Reference value :  6.83843e-08
 Reference value :  6.83883e-08
 Reference value :  6.83923e-08
 Reference value :  6.83953e-08
 Reference value :  6.83983e-08
 Reference value :  6.84023e-08
 Reference value :  6.84063e-08
 Reference value :  6.84103e-08
 Reference value :  6.84403e-08
 Reference value :  6.85423e-08
 Reference value :  6.86643e-08
 Reference value :  6.87393e-08
 Reference value :  6.88263e-08
 Reference value :  6.89963e-08
 Reference value :  6.91403e-08
 Reference value :  6.92423e-08
 Reference value :  6.93233e-08
 Reference value :  6.94533e-08
 Reference value :  6.95633e-08
 Reference value :  6.95743e-08
 Reference value :  6.95783e-08
 Reference value :  6.95813e-08
 Reference value :  6.95853e-08
 Reference value :  6.95893e-08
 Reference value :  6.95933e-08
 Reference value :  6.95973e-08
 Reference value :  6.96013e-08
 Reference value :  6.96223e-08
 Reference value :  6.96503e-08
 Reference value :  6.97063e-08
 Reference value :  6.98083e-08
 Reference value :  6.98903e-08
 Reference value :  6.99443e-08
 Reference value :  6.99473e-08
 Reference value :  6.99513e-08
 Reference value :  6.99553e-08
 Reference value :  6.99643e-08
 Reference value :  6.99683e-08
 Reference value :  6.99723e-08
 Reference value :  6.99763e-08
 Reference value :  6.99803e-08
 Reference value :  6.99843e-08
 Reference value :  6.99913e-08
 Reference value :  7.00593e-08
 Reference value :  7.01253e-08
 Reference value :  7.01643e-08
 Reference value :  7.01703e-08
 Reference value :  7.01743e-08
 Reference value :  7.01783e-08
 Reference value :  7.01823e-08
 Reference value :  7.01863e-08
 Reference value :  7.01903e-08
 Reference value :  7.01953e-08
 Reference value :  7.02003e-08
 Reference value :  7.02043e-08
 Reference value :  7.02083e-08
 Reference value :  7.02123e-08
 Reference value :  7.02173e-08
 Reference value :  7.02213e-08
 Reference value :  7.02263e-08
 Reference value :  7.02313e-08
 Reference value :  7.02353e-08
 Reference value :  7.02393e-08
 Reference value :  7.02433e-08
 Reference value :  7.02463e-08
 Reference value :  7.02503e-08
 Reference value :  7.02533e-08
 Reference value :  7.02573e-08
 Reference value :  7.02613e-08
 Reference value :  7.02643e-08
 Reference value :  7.02683e-08
 Reference value :  7.02723e-08
 Reference value :  7.02753e-08
 Reference value :  7.02803e-08
 Reference value :  7.02843e-08
 Reference value :  7.02883e-08
 Reference value :  7.02923e-08
 Reference value :  7.02963e-08
 Reference value :  7.03003e-08
 Reference value :  7.03043e-08
 Reference value :  7.03083e-08
 Reference value :  7.03123e-08
 Reference value :  7.03163e-08
 Reference value :  7.03203e-08
 Reference value :  7.03243e-08
 Reference value :  7.03283e-08
 Reference value :  7.03323e-08
 Reference value :  7.03373e-08
 Reference value :  7.03413e-08
 Reference value :  7.03443e-08
 Reference value :  7.03483e-08
 Reference value :  7.03523e-08
 Reference value :  7.03563e-08
 Reference value :  7.03603e-08
 Reference value :  7.03643e-08
 Reference value :  7.03683e-08
 Reference value :  7.04023e-08
 Reference value :  7.04393e-08
 Reference value :  7.04713e-08
 Reference value :  7.05283e-08
 Reference value :  7.06833e-08
 Reference value :  7.07373e-08
 Reference value :  7.07413e-08
 Reference value :  7.07473e-08
 Reference value :  7.07503e-08
 Reference value :  7.07543e-08
 Reference value :  7.07573e-08
 Reference value :  7.07613e-08
 Reference value :  7.07653e-08
 Reference value :  7.07693e-08
 Reference value :  7.08083e-08
 Reference value :  7.08353e-08
 Reference value :  7.10073e-08
 Reference value :  7.10593e-08
 Reference value :  7.11183e-08
 Reference value :  7.11923e-08
 Reference value :  7.12853e-08
 Reference value :  7.14023e-08
 Reference value :  7.15673e-08
 Reference value :  7.15953e-08
 Reference value :  7.15993e-08
 Reference value :  7.16033e-08
 Reference value :  7.16063e-08
 Reference value :  7.16103e-08
 Reference value :  7.16133e-08
 Reference value :  7.16173e-08
 Reference value :  7.16213e-08
 Reference value :  7.16243e-08
 Reference value :  7.16313e-08
 Reference value :  7.16343e-08
 Reference value :  7.16383e-08
 Reference value :  7.16423e-08
 Reference value :  7.16453e-08
 Reference value :  7.16493e-08
 Reference value :  7.16523e-08
 Reference value :  7.16563e-08
 Reference value :  7.16603e-08
 Reference value :  7.16643e-08
 Reference value :  7.17183e-08
 Reference value :  7.17633e-08
 Reference value :  7.18133e-08
 Reference value :  7.19523e-08
 Reference value :  7.20503e-08
 Reference value :  7.20563e-08
 Reference value :  7.20603e-08
 Reference value :  7.21133e-08
 Reference value :  7.22103e-08
 Reference value :  7.23153e-08
 Reference value :  7.23223e-08
 Reference value :  7.23453e-08
 Reference value :  7.23573e-08
 Reference value :  7.23613e-08
 Reference value :  7.23653e-08
 Reference value :  7.23683e-08
 Reference value :  7.23723e-08
 Reference value :  7.23763e-08
 Reference value :  7.23803e-08
 Reference value :  7.23843e-08
 Reference value :  7.23883e-08
 Reference value :  7.23993e-08
 Reference value :  7.24413e-08
 Reference value :  7.24823e-08
 Reference value :  7.25943e-08
 Reference value :  7.27533e-08
 Reference value :  7.28593e-08
 Reference value :  7.28623e-08
 Reference value :  7.28653e-08
 Reference value :  7.28693e-08
 Reference value :  7.28733e-08
 Reference value :  7.28763e-08
 Reference value :  7.28803e-08
 Reference value :  7.28833e-08
 Reference value :  7.28873e-08
 Reference value :  7.28913e-08
 Reference value :  7.28953e-08
 Reference value :  7.28993e-08
 Reference value :  7.29043e-08
 Reference value :  7.29083e-08
 Reference value :  7.29123e-08
 Reference value :  7.29163e-08
 Reference value :  7.29193e-08
 Reference value :  7.29233e-08
 Reference value :  7.29263e-08
 Reference value :  7.29303e-08
 Reference value :  7.29463e-08
 Reference value :  7.29503e-08
 Reference value :  7.30383e-08
 Reference value :  7.32073e-08
 Reference value :  7.32193e-08
 Reference value :  7.32233e-08
 Reference value :  7.32283e-08
 Reference value :  7.32323e-08
 Reference value :  7.32363e-08
 Reference value :  7.32403e-08
 Reference value :  7.32443e-08
 Reference value :  7.32483e-08
 Reference value :  7.32523e-08
 Reference value :  7.32563e-08
 Reference value :  7.32603e-08
 Reference value :  7.32643e-08
 Reference value :  7.32683e-08
 Reference value :  7.32723e-08
 Reference value :  7.32763e-08
 Reference value :  7.32793e-08
 Reference value :  7.32833e-08
 Reference value :  7.32873e-08
 Reference value :  7.32913e-08
 Reference value :  7.32953e-08
 Reference value :  7.33003e-08
 Reference value :  7.33143e-08
 Reference value :  7.33663e-08
 Reference value :  7.34873e-08
 Reference value :  7.35113e-08
 Reference value :  7.35163e-08
 Reference value :  7.35203e-08
 Reference value :  7.35243e-08
 Reference value :  7.35283e-08
 Reference value :  7.35323e-08
 Reference value :  7.35353e-08
 Reference value :  7.35393e-08
 Reference value :  7.35423e-08
 Reference value :  7.35463e-08
 Reference value :  7.35493e-08
 Reference value :  7.35523e-08
 Reference value :  7.35553e-08
 Reference value :  7.35583e-08
 Reference value :  7.35613e-08
 Reference value :  7.35653e-08
 Reference value :  7.35693e-08
 Reference value :  7.35733e-08
 Reference value :  7.35763e-08
 Reference value :  7.35843e-08
 Reference value :  7.36243e-08
 Reference value :  7.36553e-08
 Reference value :  7.37203e-08
 Reference value :  7.38723e-08
 Reference value :  7.40223e-08
 Reference value :  7.41623e-08
 Reference value :  7.41883e-08
 Reference value :  7.41923e-08
 Reference value :  7.41963e-08
 Reference value :  7.41993e-08
 Reference value :  7.42023e-08
 Reference value :  7.42053e-08
 Reference value :  7.42083e-08
 Reference value :  7.42123e-08
 Reference value :  7.42313e-08
 Reference value :  7.42823e-08
 Reference value :  7.43613e-08
 Reference value :  7.45003e-08
 Reference value :  7.46373e-08
 Reference value :  7.47223e-08
 Reference value :  7.48543e-08
 Reference value :  7.48993e-08
 Reference value :  7.49033e-08
 Reference value :  7.49073e-08
 Reference value :  7.49113e-08
 Reference value :  7.49143e-08
 Reference value :  7.49173e-08
 Reference value :  7.49203e-08
 Reference value :  7.49243e-08
 Reference value :  7.49283e-08
 Reference value :  7.49323e-08
 Reference value :  7.49353e-08
 Reference value :  7.49393e-08
 Reference value :  7.49423e-08
 Reference value :  7.49453e-08
 Reference value :  7.49483e-08
 Reference value :  7.49513e-08
 Reference value :  7.49543e-08
 Reference value :  7.49713e-08
 Reference value :  7.49753e-08
 Reference value :  7.49783e-08
 Reference value :  7.49823e-08
 Reference value :  7.50513e-08
 Reference value :  7.51023e-08
 Reference value :  7.51063e-08
 Reference value :  7.51103e-08
 Reference value :  7.51143e-08
 Reference value :  7.51183e-08
 Reference value :  7.51213e-08
 Reference value :  7.51253e-08
 Reference value :  7.51293e-08
 Reference value :  7.51323e-08
 Reference value :  7.51363e-08
 Reference value :  7.51393e-08
 Reference value :  7.51423e-08
 Reference value :  7.51463e-08
 Reference value :  7.51513e-08
 Reference value :  7.51543e-08
 Reference value :  7.51573e-08
 Reference value :  7.51603e-08
 Reference value :  7.51643e-08
 Reference value :  7.51673e-08
 Reference value :  7.51713e-08
 Reference value :  7.52123e-08
 Reference value :  7.52543e-08
 Reference value :  7.54043e-08
 Reference value :  7.54803e-08
 Reference value :  7.55483e-08
 Reference value :  7.56073e-08
 Reference value :  7.56173e-08
 Reference value :  7.56203e-08
 Reference value :  7.56243e-08
 Reference value :  7.56283e-08
 Reference value :  7.56323e-08
 Reference value :  7.56363e-08
 Reference value :  7.56403e-08
 Reference value :  7.56443e-08
 Reference value :  7.56483e-08
 Reference value :  7.56523e-08
 Reference value :  7.56563e-08
 Reference value :  7.56603e-08
 Reference value :  7.56643e-08
 Reference value :  7.56673e-08
 Reference value :  7.56713e-08
 Reference value :  7.56753e-08
 Reference value :  7.56793e-08
 Reference value :  7.57023e-08
 Reference value :  7.57833e-08
 Reference value :  7.59373e-08
 Reference value :  7.60883e-08
 Reference value :  7.61723e-08
 Reference value :  7.63073e-08
 Reference value :  7.63403e-08
 Reference value :  7.63983e-08
 Reference value :  7.64613e-08
 Reference value :  7.66223e-08
 Reference value :  7.67873e-08
 Reference value :  7.68613e-08
 Reference value :  7.69053e-08
 Reference value :  7.69293e-08
 Reference value :  7.70333e-08
 Reference value :  7.71803e-08
 Reference value :  7.73153e-08
 Reference value :  7.74923e-08
 Reference value :  7.75813e-08
 Reference value :  7.76143e-08
 Reference value :  7.76883e-08
 Reference value :  7.77783e-08
 Reference value :  7.79193e-08
 Reference value :  7.79913e-08
 Reference value :  7.80063e-08
 Reference value :  7.80633e-08
 Reference value :  7.81253e-08
 Reference value :  7.82593e-08
 Reference value :  7.84273e-08
 Reference value :  7.85713e-08
 Reference value :  7.87273e-08
 Reference value :  7.88753e-08
 Reference value :  7.90083e-08
 Reference value :  7.91613e-08
 Reference value :  7.92503e-08
 Reference value :  7.93913e-08
 Reference value :  7.95213e-08
 Reference value :  7.96283e-08
 Reference value :  7.96823e-08
 Reference value :  7.97513e-08
 Reference value :  7.97773e-08
 Reference value :  7.98273e-08
 Reference value :  7.98873e-08
 Reference value :  7.99883e-08
 Reference value :  8.01553e-08
 Reference value :  8.02403e-08
 Reference value :  8.02443e-08
 Reference value :  8.02483e-08
 Reference value :  8.02523e-08
 Reference value :  8.02573e-08
 Reference value :  8.02613e-08
 Reference value :  8.02653e-08
 Reference value :  8.02703e-08
 Reference value :  8.02753e-08
 Reference value :  8.02793e-08
 Reference value :  8.03043e-08
 Reference value :  8.03083e-08
 Reference value :  8.04043e-08
 Reference value :  8.05643e-08
 Reference value :  8.06453e-08
 Reference value :  8.06993e-08
 Reference value :  8.08663e-08
 Reference value :  8.09663e-08
 Reference value :  8.11323e-08
 Reference value :  8.11923e-08
 Reference value :  8.11963e-08
 Reference value :  8.11993e-08
 Reference value :  8.12033e-08
 Reference value :  8.12073e-08
 Reference value :  8.12113e-08
 Reference value :  8.12223e-08
 Reference value :  8.12253e-08
 Reference value :  8.12293e-08
 Reference value :  8.12333e-08
 Reference value :  8.12373e-08
 Reference value :  8.12433e-08
 Reference value :  8.13143e-08
 Reference value :  8.13893e-08
 Reference value :  8.14873e-08
 Reference value :  8.15553e-08
 Reference value :  8.15873e-08
 Reference value :  8.15913e-08
 Reference value :  8.15953e-08
 Reference value :  8.17653e-08
 Reference value :  8.19203e-08
 Reference value :  8.20883e-08
 Reference value :  8.22063e-08
 Reference value :  8.22673e-08
 Reference value :  8.22713e-08
 Reference value :  8.22753e-08
 Reference value :  8.22783e-08
 Reference value :  8.22823e-08
 Reference value :  8.22863e-08
 Reference value :  8.22903e-08
 Reference value :  8.22943e-08
 Reference value :  8.22983e-08
 Reference value :  8.23023e-08
 Reference value :  8.23063e-08
 Reference value :  8.23103e-08
 Reference value :  8.24123e-08
 Reference value :  8.24203e-08
 Reference value :  8.24383e-08
 Reference value :  8.24623e-08
 Reference value :  8.24663e-08
 Reference value :  8.24703e-08
 Reference value :  8.24733e-08
 Reference value :  8.24803e-08
 Reference value :  8.24843e-08
 Reference value :  8.24883e-08
 Reference value :  8.24913e-08
 Reference value :  8.24953e-08
 Reference value :  8.24993e-08
 Reference value :  8.25173e-08
 Reference value :  8.25763e-08
 Reference value :  8.26593e-08
 Reference value :  8.26653e-08
 Reference value :  8.26853e-08
 Reference value :  8.27653e-08
 Reference value :  8.28463e-08
 Reference value :  8.28503e-08
 Reference value :  8.28543e-08
 Reference value :  8.28583e-08
 Reference value :  8.28623e-08
 Reference value :  8.28663e-08
 Reference value :  8.28703e-08
 Reference value :  8.28733e-08
 Reference value :  8.28773e-08
 Reference value :  8.28803e-08
 Reference value :  8.28843e-08
 Reference value :  8.28903e-08
 Reference value :  8.29573e-08
 Reference value :  8.30563e-08
 Reference value :  8.31933e-08
 Reference value :  8.32193e-08
 Reference value :  8.32233e-08
 Reference value :  8.32263e-08
 Reference value :  8.32303e-08
 Reference value :  8.32343e-08
 Reference value :  8.32383e-08
 Reference value :  8.32413e-08
 Reference value :  8.32443e-08
 Reference value :  8.32483e-08
 Reference value :  8.32513e-08
 Reference value :  8.32793e-08
 Reference value :  8.32913e-08
 Reference value :  8.33233e-08
 Reference value :  8.34093e-08
 Reference value :  8.35663e-08
 Reference value :  8.37413e-08
 Reference value :  8.38903e-08
 Reference value :  8.39043e-08
 Reference value :  8.39913e-08
 Reference value :  8.41413e-08
 Reference value :  8.43193e-08
 Reference value :  8.44693e-08
 Reference value :  8.45473e-08
 Reference value :  8.45803e-08
 Reference value :  8.45843e-08
 Reference value :  8.46083e-08
 Reference value :  8.47083e-08
 Reference value :  8.47423e-08
 Reference value :  8.47723e-08
 Reference value :  8.47753e-08
 Reference value :  8.47793e-08
 Reference value :  8.48023e-08
 Reference value :  8.48293e-08
 Reference value :  8.48583e-08
 Reference value :  8.48613e-08
 Reference value :  8.48663e-08
 Reference value :  8.48703e-08
 Reference value :  8.48743e-08
 Reference value :  8.48783e-08
 Reference value :  8.48823e-08
 Reference value :  8.48853e-08
 Reference value :  8.48893e-08
 Reference value :  8.48933e-08
 Reference value :  8.48983e-08
 Reference value :  8.49193e-08
 Reference value :  8.49333e-08
 Reference value :  8.49373e-08
 Reference value :  8.49703e-08
 Reference value :  8.50313e-08
 Reference value :  8.50353e-08
 Reference value :  8.50393e-08
 Reference value :  8.50433e-08
 Reference value :  8.50473e-08
 Reference value :  8.50513e-08
 Reference value :  8.50543e-08
 Reference value :  8.50583e-08
 Reference value :  8.50613e-08
 Reference value :  8.50653e-08
 Reference value :  8.50703e-08
 Reference value :  8.51323e-08
 Reference value :  8.51663e-08
 Reference value :  8.52353e-08
 Reference value :  8.54073e-08
 Reference value :  8.55623e-08
 Reference value :  8.57353e-08
 Reference value :  8.58963e-08
 Reference value :  8.60333e-08
 Reference value :  8.60413e-08
 Reference value :  8.60453e-08
 Reference value :  8.60483e-08
 Reference value :  8.60523e-08
 Reference value :  8.60563e-08
 Reference value :  8.60593e-08
 Reference value :  8.60633e-08
 Reference value :  8.60663e-08
 Reference value :  8.60703e-08
 Reference value :  8.60743e-08
 Reference value :  8.60783e-08
 Reference value :  8.60823e-08
 Reference value :  8.60863e-08
 Reference value :  8.61173e-08
 Reference value :  8.61723e-08
 Reference value :  8.62113e-08
 Reference value :  8.62623e-08
 Reference value :  8.62803e-08
 Reference value :  8.62843e-08
 Reference value :  8.62883e-08
 Reference value :  8.62923e-08
 Reference value :  8.62963e-08
 Reference value :  8.63003e-08
 Reference value :  8.63043e-08
 Reference value :  8.63073e-08
 Reference value :  8.63113e-08
 Reference value :  8.63273e-08
 Reference value :  8.64233e-08
 Reference value :  8.65113e-08
 Reference value :  8.66073e-08
 Reference value :  8.67163e-08
 Reference value :  8.68033e-08
 Reference value :  8.68883e-08
 Reference value :  8.69863e-08
 Reference value :  8.70923e-08
 Reference value :  8.71503e-08
 Reference value :  8.72013e-08
 Reference value :  8.72053e-08
 Reference value :  8.72093e-08
 Reference value :  8.72133e-08
 Reference value :  8.72173e-08
 Reference value :  8.72213e-08
 Reference value :  8.72253e-08
 Reference value :  8.72293e-08
 Reference value :  8.72333e-08
 Reference value :  8.72513e-08
 Reference value :  8.73463e-08
 Reference value :  8.74453e-08
 Reference value :  8.75303e-08
 Reference value :  8.76283e-08
 Reference value :  8.77203e-08
 Reference value :  8.77343e-08
 Reference value :  8.77383e-08
 Reference value :  8.77423e-08
 Reference value :  8.77463e-08
 Reference value :  8.77493e-08
 Reference value :  8.77533e-08
 Reference value :  8.77573e-08
 Reference value :  8.77613e-08
 Reference value :  8.77653e-08
 Reference value :  8.77693e-08
 Reference value :  8.77733e-08
 Reference value :  8.77773e-08
 Reference value :  8.77813e-08
 Reference value :  8.77863e-08
 Reference value :  8.77903e-08
 Reference value :  8.77953e-08
 Reference value :  8.78003e-08
 Reference value :  8.78053e-08
 Reference value :  8.78103e-08
 Reference value :  8.78143e-08
 Reference value :  8.78183e-08
 Reference value :  8.78223e-08
 Reference value :  8.78263e-08
 Reference value :  8.78303e-08
 Reference value :  8.78343e-08
 Reference value :  8.78373e-08
 Reference value :  8.78793e-08
 Reference value :  8.79243e-08
 Reference value :  8.79763e-08
 Reference value :  8.80843e-08
 Reference value :  8.81703e-08
 Reference value :  8.82003e-08
 Reference value :  8.82573e-08
 Reference value :  8.82843e-08
 Reference value :  8.82923e-08
 Reference value :  8.83023e-08
 Reference value :  8.83763e-08
 Reference value :  8.84633e-08
 Reference value :  8.85553e-08
 Reference value :  8.86303e-08
 Reference value :  8.87083e-08
 Reference value :  8.87453e-08
 Reference value :  8.87713e-08
 Reference value :  8.87743e-08
 Reference value :  8.87783e-08
 Reference value :  8.87833e-08
 Reference value :  8.87873e-08
 Reference value :  8.87913e-08
 Reference value :  8.87963e-08
 Reference value :  8.88003e-08
 Reference value :  8.88043e-08
 Reference value :  8.88113e-08
 Reference value :  8.88223e-08
 Reference value :  8.88663e-08
 Reference value :  8.88923e-08
 Reference value :  8.89253e-08
 Reference value :  8.89293e-08
 Reference value :  8.89333e-08
 Reference value :  8.89373e-08
 Reference value :  8.89423e-08
 Reference value :  8.89473e-08
 Reference value :  8.89513e-08
 Reference value :  8.89553e-08
 Reference value :  8.89603e-08
 Reference value :  8.89633e-08
 Reference value :  8.89673e-08
 Reference value :  8.89723e-08
 Reference value :  8.89763e-08
 Reference value :  8.89793e-08
 Reference value :  8.89833e-08
 Reference value :  8.89863e-08
 Reference value :  8.90153e-08
 Reference value :  8.90903e-08
 Reference value :  8.90943e-08
 Reference value :  8.90983e-08
 Reference value :  8.91033e-08
 Reference value :  8.91073e-08
 Reference value :  8.91113e-08
 Reference value :  8.91153e-08
 Reference value :  8.91193e-08
 Reference value :  8.91233e-08
 Reference value :  8.91263e-08
 Reference value :  8.91303e-08
 Reference value :  8.91353e-08
 Reference value :  8.91413e-08
 Reference value :  8.91493e-08
 Reference value :  8.91533e-08
 Reference value :  8.91583e-08
 Reference value :  8.91613e-08
 Reference value :  8.91653e-08
 Reference value :  8.91693e-08
 Reference value :  8.91733e-08
 Reference value :  8.91763e-08
 Reference value :  8.91803e-08
 Reference value :  8.91853e-08
 Reference value :  8.91903e-08
 Reference value :  8.92313e-08
 Reference value :  8.93213e-08
 Reference value :  8.93273e-08
 Reference value :  8.93313e-08
 Reference value :  8.93353e-08
 Reference value :  8.93393e-08
 Reference value :  8.93423e-08
 Reference value :  8.93463e-08
 Reference value :  8.93503e-08
 Reference value :  8.93543e-08
 Reference value :  8.93583e-08
 Reference value :  8.93623e-08
 Reference value :  8.93803e-08
 Reference value :  8.95563e-08
 Reference value :  8.96483e-08
 Reference value :  8.96663e-08
 Reference value :  8.96703e-08
 Reference value :  8.96853e-08
 Reference value :  8.96883e-08
 Reference value :  8.96923e-08
 Reference value :  8.96953e-08
 Reference value :  8.96993e-08
 Reference value :  8.97033e-08
 Reference value :  8.97073e-08
 Reference value :  8.97113e-08
 Reference value :  8.97153e-08
 Reference value :  8.97223e-08
 Reference value :  8.97863e-08
 Reference value :  8.97923e-08
 Reference value :  8.99063e-08
 Reference value :  9.00783e-08
 Reference value :  9.01923e-08
 Reference value :  9.02033e-08
 Reference value :  9.02073e-08
 Reference value :  9.02123e-08
 Reference value :  9.02273e-08
 Reference value :  9.02313e-08
 Reference value :  9.02353e-08
 Reference value :  9.02393e-08
 Reference value :  9.02433e-08
 Reference value :  9.02463e-08
 Reference value :  9.02503e-08
 Reference value :  9.02683e-08
 Reference value :  9.02723e-08
 Reference value :  9.02753e-08
 Reference value :  9.03563e-08
 Reference value :  9.04563e-08
 Reference value :  9.05043e-08
 Reference value :  9.05083e-08
 Reference value :  9.05123e-08
 Reference value :  9.05163e-08
 Reference value :  9.05203e-08
 Reference value :  9.05273e-08
 Reference value :  9.05313e-08
 Reference value :  9.05353e-08
 Reference value :  9.05393e-08
 Reference value :  9.05433e-08
 Reference value :  9.05473e-08
 Reference value :  9.06083e-08
 Reference value :  9.06413e-08
 Reference value :  9.06463e-08
 Reference value :  9.08033e-08
 Reference value :  9.09813e-08
 Reference value :  9.10113e-08
 Reference value :  9.10243e-08
 Reference value :  9.10783e-08
 Reference value :  9.11273e-08
 Reference value :  9.12233e-08
 Reference value :  9.13633e-08
 Reference value :  9.14463e-08
 Reference value :  9.14953e-08
 Reference value :  9.14983e-08
 Reference value :  9.15843e-08
 Reference value :  9.17543e-08
 Reference value :  9.19073e-08
 Reference value :  9.20863e-08
 Reference value :  9.21713e-08
 Reference value :  9.21753e-08
 Reference value :  9.22693e-08
 Reference value :  9.24383e-08
 Reference value :  9.26093e-08
 Reference value :  9.27063e-08
 Reference value :  9.27273e-08
 Reference value :  9.27493e-08
 Reference value :  9.27933e-08
 Reference value :  9.28913e-08
 Reference value :  9.30663e-08
 Reference value :  9.31433e-08
 Reference value :  9.31853e-08
 Reference value :  9.32023e-08
 Reference value :  9.32123e-08
 Reference value :  9.32243e-08
 Reference value :  9.32943e-08
 Reference value :  9.34533e-08
 Reference value :  9.36183e-08
 Reference value :  9.37553e-08
 Reference value :  9.37813e-08
 Reference value :  9.38123e-08
 Reference value :  9.38163e-08
 Reference value :  9.39733e-08
 Reference value :  9.41323e-08
 Reference value :  9.42603e-08
 Reference value :  9.43233e-08
 Reference value :  9.44173e-08
 Reference value :  9.44873e-08
 Reference value :  9.45283e-08
 Reference value :  9.46503e-08
 Reference value :  9.48233e-08
 Reference value :  9.48943e-08
 Reference value :  9.50123e-08
 Reference value :  9.50723e-08
 Reference value :  9.51283e-08
 Reference value :  9.51643e-08
 Reference value :  9.52033e-08
 Reference value :  9.52483e-08
 Reference value :  9.53283e-08
 Reference value :  9.54963e-08
 Reference value :  9.56513e-08
 Reference value :  9.57273e-08
 Reference value :  9.57493e-08
 Reference value :  9.57523e-08
 Reference value :  9.58993e-08
 Reference value :  9.60463e-08
 Reference value :  9.62263e-08
 Reference value :  9.63263e-08
 Reference value :  9.63353e-08
 Reference value :  9.63393e-08
 Reference value :  9.63423e-08
 Reference value :  9.64323e-08
 Reference value :  9.64843e-08
 Reference value :  9.64903e-08
 Reference value :  9.65563e-08
 Reference value :  9.65603e-08
 Reference value :  9.65683e-08
 Reference value :  9.66423e-08
 Reference value :  9.66613e-08
 Reference value :  9.66973e-08
 Reference value :  9.68523e-08
 Reference value :  9.70233e-08
 Reference value :  9.71913e-08
 Reference value :  9.72553e-08
 Reference value :  9.72633e-08
 Reference value :  9.73293e-08
 Reference value :  9.73343e-08
 Reference value :  9.73923e-08
 Reference value :  9.73963e-08
 Reference value :  9.74203e-08
 Reference value :  9.74343e-08
 Reference value :  9.74493e-08
 Reference value :  9.74573e-08
 Reference value :  9.75493e-08
 Reference value :  9.76413e-08
 Reference value :  9.76843e-08
 Reference value :  9.77223e-08
 Reference value :  9.77373e-08
 Reference value :  9.78433e-08
 Reference value :  9.79913e-08
 Reference value :  9.80783e-08
 Reference value :  9.82113e-08
 Reference value :  9.82533e-08
 Reference value :  9.84033e-08
 Reference value :  9.85013e-08
 Reference value :  9.85483e-08
 Reference value :  9.85523e-08
 Reference value :  9.85573e-08
 Reference value :  9.85633e-08
 Reference value :  9.85673e-08
 Reference value :  9.85833e-08
 Reference value :  9.85873e-08
 Reference value :  9.85933e-08
 Reference value :  9.86113e-08
 Reference value :  9.86153e-08
 Reference value :  9.86203e-08
 Reference value :  9.86233e-08
 Reference value :  9.86293e-08
 Reference value :  9.86503e-08
 Reference value :  9.86553e-08
 Reference value :  9.86593e-08
 Reference value :  9.86883e-08
 Reference value :  9.87263e-08
 Reference value :  9.88083e-08
 Reference value :  9.89403e-08
 Reference value :  9.89963e-08
 Reference value :  9.90813e-08
 Reference value :  9.91053e-08
 Reference value :  9.91093e-08
 Reference value :  9.91383e-08
 Reference value :  9.92213e-08
 Reference value :  9.93463e-08
 Reference value :  9.93813e-08
 Reference value :  9.93853e-08
 Reference value :  9.94123e-08
 Reference value :  9.94493e-08
 Reference value :  9.95203e-08
 Reference value :  9.95533e-08
 Reference value :  9.95973e-08
 Reference value :  9.96013e-08
 Reference value :  9.96053e-08
 Reference value :  9.96093e-08
 Reference value :  9.96173e-08
 Reference value :  9.96483e-08
 Reference value :  9.96873e-08
 Reference value :  9.96983e-08
 Reference value :  9.97473e-08
 Reference value :  9.97753e-08
 Reference value :  9.97913e-08
 Reference value :  9.97953e-08
 Reference value :  9.97993e-08
 Reference value :  9.98033e-08
 Reference value :  9.98073e-08
 Reference value :  9.98113e-08
 Reference value :  9.98153e-08
 Reference value :  9.98193e-08
 Reference value :  9.98233e-08
 Reference value :  9.98273e-08
 Reference value :  9.98313e-08
 Reference value :  9.98353e-08
 Reference value :  9.98383e-08
 Reference value :  9.98413e-08
 Reference value :  9.98453e-08
 Reference value :  9.98493e-08
 Reference value :  9.98543e-08
 Reference value :  9.98583e-08
 Reference value :  9.98623e-08
 Reference value :  9.98673e-08
 Reference value :  9.98713e-08
 Reference value :  9.98753e-08
 Reference value :  9.98793e-08
 Reference value :  9.98823e-08
 Reference value :  9.98863e-08
 Reference value :  9.98903e-08
 Reference value :  9.98943e-08
 Reference value :  9.98993e-08
 Reference value :  9.99253e-08
 Reference value :  9.99293e-08
 Reference value :  9.99353e-08
 Reference value :  9.99743e-08
No. of Data Rows : 100008
t1a                 =  1.65572e-08
t1b                 =  5.01490e-08
t2a                 =  1.55423e-08
t2b                 =  4.70626e-08
c1a                 =  -3.18664e-04
c1b                 =  -9.56640e-04
c2a                 =  -3.19120e-04
c2b                 =  -9.55370e-04
m_period_r1 = 8.3979475000e-09
m_period_r2 = 7.8800725000e-09
m_f_r1 = 1.1907671488e+08
m_f_r2 = 1.2690238573e+08
m_i_r1_a = -1.899203942e-05
m_i_r2_a = -2.018540121e-05
Note: Simulation executed from .control section 

