
Note: Compatibility modes selected: hs a


Circuit: * ro-array-core-startup-extracted-routed @ ss_125c_2.97v -- generated by sim/harness, do not edit

Doing analysis at TEMP = 125.000000 and TNOM = 27.000000

Using SPARSE 1.3 as Direct Linear Solver

Initial Transient Solution
--------------------------

Node                                   Voltage
----                                   -------
vsup                                      2.97
en                                           0
xdut.xr1.xcore.\$15                3.18349e-07
xdut.xr1.xcore.a\x7cy__t0                 2.97
xdut.xr1.xcore.a\x7cy__t02         3.65016e-07
vsubs                                0.0677184
xdut.xr1.xcore.vddr__t0                   2.97
xdut.xr1.xcore.vss__t0             5.80929e-10
xdut.xr1.xcore.\$17                9.60946e-07
xdut.xr1.xcore.a\x7cy__t32         3.65117e-07
xdut.xr1.xcore.a\x7cy__t13                2.97
xdut.xr1.xcore.vddr__t21                  2.97
xdut.xr1.xcore.vss__t21            1.19379e-09
xdut.xr1.xcore.\$18                3.18057e-07
xdut.xr1.xcore.a\x7cy__t33                2.97
xdut.xr1.xcore.a\x7cy__t14         3.64724e-07
xdut.xr1.xcore.vddr__t20                  2.97
xdut.xr1.xcore.vss__t20            2.88696e-10
xdut.xr1.xcore.\$20                9.60145e-07
xdut.xr1.xcore.a\x7cy__t34         3.64825e-07
xdut.xr1.xcore.a\x7cy__t15                2.97
xdut.xr1.xcore.vddr__t19                  2.97
xdut.xr1.xcore.vss__t19            3.92629e-10
xdut.xr1.xcore.\$21                3.17787e-07
xdut.xr1.xcore.a\x7cy__t35                2.97
xdut.xr1.xcore.a\x7cy__t16         3.64453e-07
xdut.xr1.xcore.vddr__t18                  2.97
xdut.xr1.xcore.vss__t18            1.80873e-11
xdut.xr1.xcore.\$22                9.60169e-07
xdut.xr1.xcore.a\x7cy__t36         3.64554e-07
xdut.xr1.xcore.a\x7cy__t17                2.97
xdut.xr1.xcore.vddr__t17                  2.97
xdut.xr1.xcore.vss__t17            4.16298e-10
xdut.xr1.xcore.\$24                3.18066e-07
xdut.xr1.xcore.a\x7cy__t37                2.97
xdut.xr1.xcore.a\x7cy__t18         3.64732e-07
xdut.xr1.xcore.vddr__t16                  2.97
xdut.xr1.xcore.vss__t16            2.97362e-10
xdut.xr1.xcore.\$23                 9.6097e-07
xdut.xr1.xcore.a\x7cy__t38         3.64833e-07
xdut.xr1.xcore.a\x7cy__t19                2.97
xdut.xr1.xcore.vddr__t15                  2.97
xdut.xr1.xcore.vss__t15            1.21761e-09
xdut.xr1.xcore.\$19                3.18358e-07
xdut.xr1.xcore.a\x7cy__t39                2.97
xdut.xr1.xcore.a\x7cy__t110        3.65025e-07
xdut.xr1.xcore.vddr__t14                  2.97
xdut.xr1.xcore.vss__t14            5.89607e-10
xdut.xr1.xcore.\$16                9.61773e-07
xdut.xr1.xcore.a\x7cy__t310        3.65125e-07
xdut.xr1.xcore.a\x7cy__t311               2.97
xdut.xr1.xcore.vddr__t13                  2.97
xdut.xr1.xcore.vss__t13            2.02038e-09
xdut.xr1.xcore.vss__t1             1.45652e-09
xdut.xr1.xcore.vddr__t1                   2.97
xdut.xr1.xcore.\$14                6.93564e-07
xdut.xr1.xcore.\$13                    2.48917
xdut.xr1.xcore.a\x7cy__t011               2.97
xdut.xr1.xcore.a\x7cy__t1                 2.97
xdut.xr1.xcore.en__t0                        0
xdut.xr1.xcore.\$27__t1                   2.97
xdut.xr1.xcore.vss__t2                       0
xdut.xr1.xcore.vddr__t2                   2.97
xdut.xr1.xcore.\$28                    2.96932
xdut.xr1.xcore.a\x7cy__t3                 2.97
xdut.xr1.xcore.a\x7cy__t111               2.97
xdut.xr1.xcore.\$27__t2                   2.97
xdut.xr1.xcore.\$27__t0                   2.97
xdut.xr1.xcore.en__t1                        0
xdut.xr1.xcore.a\x7cy__t4                 2.97
xdut.xr1.xcore.vddr__t3                   2.97
xdut.xr1.xcore.vss__t3                       0
xdut.xr1.xcore.\$29                       2.97
xdut.xr1.xcore.\$30                    2.88158
xdut.xr1.xcore.a\x7cy__t2                 2.97
xdut.xr1.xcore.a\x7cy__t12         3.65217e-07
xdut.xr1.xcore.vddr__t12                  2.97
xdut.xr1.xcore.vss__t12                      0
xdut.xr1.xcore.\$31                       2.97
xdut.xr1.xcore.\$32                    2.96778
xdut.xr1.xcore.a\x7cy__t22         3.65117e-07
xdut.xr1.xcore.a\x7cy__t03                2.97
xdut.xr1.xcore.vddr__t11                  2.97
xdut.xr1.xcore.vss__t11                      0
xdut.xr1.xcore.\$33                       2.97
xdut.xr1.xcore.\$34                    2.88158
xdut.xr1.xcore.a\x7cy__t23                2.97
xdut.xr1.xcore.a\x7cy__t04         3.64925e-07
xdut.xr1.xcore.vddr__t10                  2.97
xdut.xr1.xcore.vss__t10                      0
xdut.xr1.xcore.\$35                       2.97
xdut.xr1.xcore.\$36                    2.96778
xdut.xr1.xcore.a\x7cy__t24         3.64825e-07
xdut.xr1.xcore.a\x7cy__t05                2.97
xdut.xr1.xcore.vddr__t9                   2.97
xdut.xr1.xcore.vss__t9                       0
xdut.xr1.xcore.\$37                       2.97
xdut.xr1.xcore.\$38                    2.88158
xdut.xr1.xcore.a\x7cy__t25                2.97
xdut.xr1.xcore.a\x7cy__t06         3.64655e-07
xdut.xr1.xcore.vddr__t8                   2.97
xdut.xr1.xcore.vss__t8                       0
xdut.xr1.xcore.\$39                       2.97
xdut.xr1.xcore.\$40                    2.96778
xdut.xr1.xcore.a\x7cy__t26         3.64554e-07
xdut.xr1.xcore.a\x7cy__t07                2.97
xdut.xr1.xcore.vddr__t7                   2.97
xdut.xr1.xcore.vss__t7                       0
xdut.xr1.xcore.\$41                       2.97
xdut.xr1.xcore.\$42                    2.88158
xdut.xr1.xcore.a\x7cy__t27                2.97
xdut.xr1.xcore.a\x7cy__t08         3.64934e-07
xdut.xr1.xcore.vddr__t6                   2.97
xdut.xr1.xcore.vss__t6                       0
xdut.xr1.xcore.\$43                       2.97
xdut.xr1.xcore.\$44                    2.96778
xdut.xr1.xcore.a\x7cy__t28         3.64833e-07
xdut.xr1.xcore.a\x7cy__t09                2.97
xdut.xr1.xcore.vddr__t5                   2.97
xdut.xr1.xcore.vss__t5                       0
xdut.xr1.xcore.\$45                       2.97
xdut.xr1.xcore.\$46                    2.88158
xdut.xr1.xcore.a\x7cy__t29                2.97
xdut.xr1.xcore.a\x7cy__t010        3.65226e-07
xdut.xr1.xcore.vddr__t4                   2.97
xdut.xr1.xcore.vss__t4                       0
xdut.xr1.xcore.\$47                       2.97
xdut.xr1.xcore.\$48                    2.96778
xdut.xr1.xcore.a\x7cy__t210        3.65125e-07
xdut.xr1.xcore.a\x7cy__t211               2.97
xdut.xr1.xcore.\$27                       2.97
xdut.xr1.n1                               2.97
xdut.xr1.n2                        3.65117e-07
xdut.xr1.n3                               2.97
xdut.xr1.n4                        3.64825e-07
xdut.xr1.n5                               2.97
xdut.xr1.n6                        3.64554e-07
xdut.xr1.n7                               2.97
xdut.xr1.n8                        3.64833e-07
xdut.xr1.n9                               2.97
xdut.xr1.n10                       3.65125e-07
xdut.rn1                                  2.97
xdut.xr2.xcore.vss__t0              1.4718e-09
xdut.xr2.xcore.vddr__t0                   2.97
xdut.xr2.xcore.\$15                6.41165e-07
xdut.xr2.xcore.\$14                    2.48917
xdut.xr2.xcore.a\x7cy__t2                 2.97
xdut.xr2.xcore.a\x7cy__t02                2.97
xdut.xr2.xcore.en__t0                        0
xdut.xr2.xcore.\$17                3.03834e-07
xdut.xr2.xcore.a\x7cy__t12                2.97
xdut.xr2.xcore.a\x7cy__t33         3.50535e-07
xdut.xr2.xcore.vss__t1             6.03198e-10
xdut.xr2.xcore.vddr__t1                   2.97
xdut.xr2.xcore.\$18                8.97944e-07
xdut.xr2.xcore.a\x7cy__t13         3.50636e-07
xdut.xr2.xcore.a\x7cy__t34                2.97
xdut.xr2.xcore.vss__t21            1.21895e-09
xdut.xr2.xcore.vddr__t21                  2.97
xdut.xr2.xcore.\$20                3.03531e-07
xdut.xr2.xcore.a\x7cy__t14                2.97
xdut.xr2.xcore.a\x7cy__t35         3.50232e-07
xdut.xr2.xcore.vss__t20            2.99763e-10
xdut.xr2.xcore.vddr__t20                  2.97
xdut.xr2.xcore.\$21                8.97126e-07
xdut.xr2.xcore.a\x7cy__t15         3.50333e-07
xdut.xr2.xcore.a\x7cy__t36                2.97
xdut.xr2.xcore.vss__t19            4.00905e-10
xdut.xr2.xcore.vddr__t19                  2.97
xdut.xr2.xcore.\$23                 3.0325e-07
xdut.xr2.xcore.a\x7cy__t16                2.97
xdut.xr2.xcore.a\x7cy__t37         3.49951e-07
xdut.xr2.xcore.vss__t18            1.87807e-11
xdut.xr2.xcore.vddr__t18                  2.97
xdut.xr2.xcore.\$24                 8.9715e-07
xdut.xr2.xcore.a\x7cy__t17         3.50052e-07
xdut.xr2.xcore.a\x7cy__t38                2.97
xdut.xr2.xcore.vss__t17            4.25073e-10
xdut.xr2.xcore.vddr__t17                  2.97
xdut.xr2.xcore.\$25                 3.0354e-07
xdut.xr2.xcore.a\x7cy__t18                2.97
xdut.xr2.xcore.a\x7cy__t39         3.50241e-07
xdut.xr2.xcore.vss__t16            3.08761e-10
xdut.xr2.xcore.vddr__t16                  2.97
xdut.xr2.xcore.\$22                8.97968e-07
xdut.xr2.xcore.a\x7cy__t19         3.50342e-07
xdut.xr2.xcore.a\x7cy__t310               2.97
xdut.xr2.xcore.vss__t15            1.24327e-09
xdut.xr2.xcore.vddr__t15                  2.97
xdut.xr2.xcore.\$19                3.03843e-07
xdut.xr2.xcore.a\x7cy__t110               2.97
xdut.xr2.xcore.a\x7cy__t311        3.50545e-07
xdut.xr2.xcore.vss__t14            6.12209e-10
xdut.xr2.xcore.vddr__t14                  2.97
xdut.xr2.xcore.\$16                8.98788e-07
xdut.xr2.xcore.a\x7cy__t111        3.50645e-07
xdut.xr2.xcore.a\x7cy__t0                 2.97
xdut.xr2.xcore.vss__t13            2.06297e-09
xdut.xr2.xcore.vddr__t13                  2.97
xdut.xr2.xcore.\$27__t1                   2.97
xdut.xr2.xcore.vss__t2                       0
xdut.xr2.xcore.vddr__t2                   2.97
xdut.xr2.xcore.\$28                    2.96932
xdut.xr2.xcore.a\x7cy__t32                2.97
xdut.xr2.xcore.a\x7cy__t3                 2.97
xdut.xr2.xcore.\$27__t2                   2.97
xdut.xr2.xcore.\$27__t0                   2.97
xdut.xr2.xcore.en__t1                        0
xdut.xr2.xcore.a\x7cy__t4                 2.97
xdut.xr2.xcore.vddr__t3                   2.97
xdut.xr2.xcore.vss__t3                       0
xdut.xr2.xcore.\$29                       2.97
xdut.xr2.xcore.\$30                    2.88123
xdut.xr2.xcore.a\x7cy__t22                2.97
xdut.xr2.xcore.a\x7cy__t23         3.50737e-07
xdut.xr2.xcore.vddr__t12                  2.97
xdut.xr2.xcore.vss__t12                      0
xdut.xr2.xcore.\$31                       2.97
xdut.xr2.xcore.\$32                    2.96775
xdut.xr2.xcore.a\x7cy__t03         3.50636e-07
xdut.xr2.xcore.a\x7cy__t24                2.97
xdut.xr2.xcore.vddr__t11                  2.97
xdut.xr2.xcore.vss__t11                      0
xdut.xr2.xcore.\$33                       2.97
xdut.xr2.xcore.\$34                    2.88123
xdut.xr2.xcore.a\x7cy__t04                2.97
xdut.xr2.xcore.a\x7cy__t25         3.50434e-07
xdut.xr2.xcore.vddr__t10                  2.97
xdut.xr2.xcore.vss__t10                      0
xdut.xr2.xcore.\$35                       2.97
xdut.xr2.xcore.\$36                    2.96775
xdut.xr2.xcore.a\x7cy__t05         3.50333e-07
xdut.xr2.xcore.a\x7cy__t26                2.97
xdut.xr2.xcore.vddr__t9                   2.97
xdut.xr2.xcore.vss__t9                       0
xdut.xr2.xcore.\$37                       2.97
xdut.xr2.xcore.\$38                    2.88123
xdut.xr2.xcore.a\x7cy__t06                2.97
xdut.xr2.xcore.a\x7cy__t27         3.50153e-07
xdut.xr2.xcore.vddr__t8                   2.97
xdut.xr2.xcore.vss__t8                       0
xdut.xr2.xcore.\$39                       2.97
xdut.xr2.xcore.\$40                    2.96775
xdut.xr2.xcore.a\x7cy__t07         3.50052e-07
xdut.xr2.xcore.a\x7cy__t28                2.97
xdut.xr2.xcore.vddr__t7                   2.97
xdut.xr2.xcore.vss__t7                       0
xdut.xr2.xcore.\$41                       2.97
xdut.xr2.xcore.\$42                    2.88123
xdut.xr2.xcore.a\x7cy__t08                2.97
xdut.xr2.xcore.a\x7cy__t29         3.50443e-07
xdut.xr2.xcore.vddr__t6                   2.97
xdut.xr2.xcore.vss__t6                       0
xdut.xr2.xcore.\$43                       2.97
xdut.xr2.xcore.\$44                    2.96775
xdut.xr2.xcore.a\x7cy__t09         3.50342e-07
xdut.xr2.xcore.a\x7cy__t210               2.97
xdut.xr2.xcore.vddr__t5                   2.97
xdut.xr2.xcore.vss__t5                       0
xdut.xr2.xcore.\$45                       2.97
xdut.xr2.xcore.\$46                    2.88123
xdut.xr2.xcore.a\x7cy__t010               2.97
xdut.xr2.xcore.a\x7cy__t211        3.50746e-07
xdut.xr2.xcore.vddr__t4                   2.97
xdut.xr2.xcore.vss__t4                       0
xdut.xr2.xcore.\$47                       2.97
xdut.xr2.xcore.\$48                    2.96775
xdut.xr2.xcore.a\x7cy__t011        3.50645e-07
xdut.xr2.xcore.a\x7cy__t1                 2.97
xdut.xr2.xcore.\$27                       2.97
xdut.rn2                                  2.97
xdut.xr2.n1                               2.97
xdut.xr2.n2                        3.50636e-07
xdut.xr2.n3                               2.97
xdut.xr2.n4                        3.50333e-07
xdut.xr2.n5                               2.97
xdut.xr2.n6                        3.50052e-07
xdut.xr2.n7                               2.97
xdut.xr2.n8                        3.50342e-07
xdut.xr2.n9                               2.97
xdut.xr2.n10                       3.50645e-07
xdut.xb1.vss__t0                   5.78115e-13
xdut.xb1.a__t0                            2.97
xdut.xb1.y__t0                     4.86532e-08
xdut.xb1.vdd__t0                          2.97
xdut.xb1.a__t1                            2.97
xdut.xb1.y__t1                     4.86563e-08
xdut.xb1.\$5                           2.86345
ro1                                4.86548e-08
xdut.xb2.vss__t0                   5.78114e-13
xdut.xb2.a__t0                            2.97
xdut.xb2.y__t0                     4.86532e-08
xdut.xb2.vdd__t0                          2.97
xdut.xb2.a__t1                            2.97
xdut.xb2.y__t1                     4.86562e-08
xdut.xb2.\$5                           2.86345
ro2                                4.86547e-08
xdut.xa1.\$2__t0                          2.97
xdut.xa1.a__t0                     4.86548e-08
xdut.xa1.vss__t0                   6.96923e-11
xdut.xa1.\$3__t3                          2.97
xdut.xa1.b__t1                     4.86547e-08
xdut.xa1.vss__t3                    3.8718e-11
xdut.xa1.y__t3                     1.31087e-07
xdut.xa1.a__t3                     4.86548e-08
xdut.xa1.\$4__t1                     0.0126975
xdut.xa1.\$4__t0                     0.0126975
xdut.xa1.b__t3                     4.86547e-08
xdut.xa1.vss__t1                   2.10108e-12
xdut.xa1.y__t2                     1.31051e-07
xdut.xa1.\$2__t1                          2.97
xdut.xa1.\$6__t1                   7.06688e-08
xdut.xa1.\$6__t0                   7.05767e-08
xdut.xa1.\$3__t2                          2.97
xdut.xa1.vss__t2                   6.95183e-11
xdut.xa1.\$2__t2                          2.97
xdut.xa1.a__t1                     4.86548e-08
xdut.xa1.vdd__t0                          2.97
xdut.xa1.\$11                          2.92225
xdut.xa1.\$3__t1                          2.97
xdut.xa1.b__t0                     4.86547e-08
xdut.xa1.vdd__t3                          2.97
xdut.xa1.\$8__t3                          2.97
xdut.xa1.a__t2                     4.86548e-08
xdut.xa1.vdd__t1                          2.97
xdut.xa1.\$8__t2                          2.97
xdut.xa1.b__t2                     4.86547e-08
xdut.xa1.vdd__t2                          2.97
xdut.xa1.y__t0                     1.31094e-07
xdut.xa1.\$2__t3                          2.97
xdut.xa1.\$8__t1                          2.97
xdut.xa1.y__t1                     1.31098e-07
xdut.xa1.\$3__t0                          2.97
xdut.xa1.\$8__t0                          2.97
xdut.xa1.\$2                              2.97
xdut.xa1.\$3                              2.97
xdut.xa1.\$4                         0.0126975
xdut.xa1.\$6                       7.06228e-08
xdut.xa1.\$8                              2.97
xo                                  1.3108e-07
vth                                      1.485
bvth#branch                                  0
ven#branch                                   0
vsup#branch                       -3.43132e-10

 Reference value :  0.00000e+00
 Reference value :  1.11856e-09
 Reference value :  2.18856e-09
 Reference value :  3.23456e-09
 Reference value :  4.29856e-09
 Reference value :  5.31717e-09
 Reference value :  6.38317e-09
 Reference value :  7.38717e-09
 Reference value :  8.33317e-09
 Reference value :  9.27717e-09
 Reference value :  1.02952e-08
 Reference value :  1.13212e-08
 Reference value :  1.23352e-08
 Reference value :  1.33612e-08
 Reference value :  1.44292e-08
 Reference value :  1.54552e-08
 Reference value :  1.64632e-08
 Reference value :  1.75052e-08
 Reference value :  1.85372e-08
 Reference value :  1.95712e-08
 Reference value :  2.05832e-08
 Reference value :  2.15932e-08
 Reference value :  2.25092e-08
 Reference value :  2.34232e-08
 Reference value :  2.43972e-08
 Reference value :  2.53852e-08
 Reference value :  2.65012e-08
 Reference value :  2.74972e-08
 Reference value :  2.85492e-08
 Reference value :  2.95232e-08
 Reference value :  3.05212e-08
 Reference value :  3.15472e-08
 Reference value :  3.25532e-08
 Reference value :  3.35312e-08
 Reference value :  3.45812e-08
 Reference value :  3.56252e-08
 Reference value :  3.66132e-08
 Reference value :  3.75672e-08
 Reference value :  3.85752e-08
 Reference value :  3.95132e-08
 Reference value :  4.05292e-08
 Reference value :  4.15172e-08
 Reference value :  4.25072e-08
 Reference value :  4.34952e-08
 Reference value :  4.45332e-08
 Reference value :  4.54972e-08
 Reference value :  4.64872e-08
 Reference value :  4.74972e-08
 Reference value :  4.85192e-08
 Reference value :  4.95292e-08
 Reference value :  5.05892e-08
 Reference value :  5.16472e-08
 Reference value :  5.26772e-08
 Reference value :  5.37052e-08
 Reference value :  5.47552e-08
 Reference value :  5.57772e-08
 Reference value :  5.68132e-08
 Reference value :  5.78132e-08
 Reference value :  5.88092e-08
 Reference value :  5.98512e-08
 Reference value :  6.09972e-08
 Reference value :  6.19952e-08
 Reference value :  6.30012e-08
 Reference value :  6.40212e-08
 Reference value :  6.50292e-08
 Reference value :  6.60372e-08
 Reference value :  6.70472e-08
 Reference value :  6.81332e-08
 Reference value :  6.91472e-08
 Reference value :  7.01172e-08
 Reference value :  7.11192e-08
 Reference value :  7.21132e-08
 Reference value :  7.31052e-08
 Reference value :  7.41672e-08
 Reference value :  7.51572e-08
 Reference value :  7.61572e-08
 Reference value :  7.71892e-08
 Reference value :  7.81952e-08
 Reference value :  7.91872e-08
 Reference value :  8.01732e-08
 Reference value :  8.11732e-08
 Reference value :  8.21532e-08
 Reference value :  8.31432e-08
 Reference value :  8.41352e-08
 Reference value :  8.50732e-08
 Reference value :  8.60672e-08
 Reference value :  8.70772e-08
 Reference value :  8.80932e-08
 Reference value :  8.90872e-08
 Reference value :  9.01312e-08
 Reference value :  9.11492e-08
 Reference value :  9.21592e-08
 Reference value :  9.31632e-08
 Reference value :  9.42052e-08
 Reference value :  9.52832e-08
 Reference value :  9.63312e-08
 Reference value :  9.74192e-08
 Reference value :  9.84232e-08
 Reference value :  9.94692e-08
 Reference value :  1.00467e-07
 Reference value :  1.01465e-07
 Reference value :  1.02631e-07
 Reference value :  1.03655e-07
 Reference value :  1.04663e-07
 Reference value :  1.05691e-07
 Reference value :  1.06665e-07
 Reference value :  1.07667e-07
 Reference value :  1.08665e-07
 Reference value :  1.09665e-07
 Reference value :  1.10635e-07
 Reference value :  1.11595e-07
 Reference value :  1.12565e-07
 Reference value :  1.13581e-07
 Reference value :  1.14575e-07
 Reference value :  1.15533e-07
 Reference value :  1.16541e-07
 Reference value :  1.17525e-07
 Reference value :  1.18507e-07
 Reference value :  1.19493e-07
 Reference value :  1.20477e-07
 Reference value :  1.21467e-07
 Reference value :  1.22451e-07
 Reference value :  1.23453e-07
 Reference value :  1.24483e-07
 Reference value :  1.25503e-07
 Reference value :  1.26603e-07
 Reference value :  1.27637e-07
 Reference value :  1.28697e-07
 Reference value :  1.29721e-07
 Reference value :  1.30773e-07
 Reference value :  1.31771e-07
 Reference value :  1.32775e-07
 Reference value :  1.33791e-07
 Reference value :  1.34805e-07
 Reference value :  1.35797e-07
 Reference value :  1.36773e-07
 Reference value :  1.37741e-07
 Reference value :  1.38727e-07
 Reference value :  1.39705e-07
 Reference value :  1.40779e-07
 Reference value :  1.41747e-07
 Reference value :  1.42729e-07
 Reference value :  1.43715e-07
 Reference value :  1.44699e-07
 Reference value :  1.45701e-07
 Reference value :  1.46719e-07
 Reference value :  1.47743e-07
 Reference value :  1.48779e-07
 Reference value :  1.49827e-07
 Reference value :  1.50877e-07
 Reference value :  1.51901e-07
 Reference value :  1.52913e-07
 Reference value :  1.53947e-07
 Reference value :  1.54947e-07
 Reference value :  1.55947e-07
 Reference value :  1.56963e-07
 Reference value :  1.57969e-07
 Reference value :  1.58981e-07
 Reference value :  1.59987e-07
 Reference value :  1.61027e-07
 Reference value :  1.62065e-07
 Reference value :  1.63089e-07
 Reference value :  1.64099e-07
 Reference value :  1.65223e-07
 Reference value :  1.66243e-07
 Reference value :  1.67303e-07
 Reference value :  1.68301e-07
 Reference value :  1.69273e-07
 Reference value :  1.70297e-07
 Reference value :  1.71285e-07
 Reference value :  1.72291e-07
 Reference value :  1.73295e-07
 Reference value :  1.74301e-07
 Reference value :  1.75357e-07
 Reference value :  1.76319e-07
 Reference value :  1.77309e-07
 Reference value :  1.78349e-07
 Reference value :  1.79329e-07
 Reference value :  1.80331e-07
 Reference value :  1.81329e-07
 Reference value :  1.82321e-07
 Reference value :  1.83437e-07
 Reference value :  1.84449e-07
 Reference value :  1.85579e-07
 Reference value :  1.86665e-07
 Reference value :  1.87751e-07
 Reference value :  1.88873e-07
 Reference value :  1.89841e-07
 Reference value :  1.90839e-07
 Reference value :  1.91843e-07
 Reference value :  1.92847e-07
 Reference value :  1.93863e-07
 Reference value :  1.94929e-07
 Reference value :  1.95963e-07
 Reference value :  1.96995e-07
 Reference value :  1.98037e-07
 Reference value :  1.99087e-07
 Reference value :  2.00119e-07
 Reference value :  2.01139e-07
 Reference value :  2.02157e-07
 Reference value :  2.03147e-07
 Reference value :  2.04143e-07
 Reference value :  2.05141e-07
 Reference value :  2.06131e-07
 Reference value :  2.07115e-07
 Reference value :  2.08099e-07
 Reference value :  2.09075e-07
 Reference value :  2.10041e-07
 Reference value :  2.11011e-07
 Reference value :  2.12017e-07
 Reference value :  2.13025e-07
 Reference value :  2.14043e-07
 Reference value :  2.15045e-07
 Reference value :  2.16033e-07
 Reference value :  2.17029e-07
 Reference value :  2.18055e-07
 Reference value :  2.19077e-07
 Reference value :  2.20123e-07
 Reference value :  2.21155e-07
 Reference value :  2.22201e-07
 Reference value :  2.23209e-07
 Reference value :  2.24251e-07
 Reference value :  2.25281e-07
 Reference value :  2.26313e-07
 Reference value :  2.27317e-07
 Reference value :  2.28335e-07
 Reference value :  2.29409e-07
 Reference value :  2.30443e-07
 Reference value :  2.31469e-07
 Reference value :  2.32409e-07
 Reference value :  2.33381e-07
 Reference value :  2.34345e-07
 Reference value :  2.35323e-07
 Reference value :  2.36331e-07
 Reference value :  2.37317e-07
 Reference value :  2.38305e-07
 Reference value :  2.39321e-07
 Reference value :  2.40313e-07
 Reference value :  2.41353e-07
 Reference value :  2.42377e-07
 Reference value :  2.43433e-07
 Reference value :  2.44465e-07
 Reference value :  2.45505e-07
 Reference value :  2.46511e-07
 Reference value :  2.47577e-07
 Reference value :  2.48589e-07
 Reference value :  2.49591e-07
 Reference value :  2.50665e-07
 Reference value :  2.51689e-07
 Reference value :  2.52715e-07
 Reference value :  2.53795e-07
 Reference value :  2.54781e-07
 Reference value :  2.55751e-07
 Reference value :  2.56753e-07
 Reference value :  2.57743e-07
 Reference value :  2.58781e-07
 Reference value :  2.59781e-07
 Reference value :  2.60803e-07
 Reference value :  2.61809e-07
 Reference value :  2.62827e-07
 Reference value :  2.63833e-07
 Reference value :  2.64845e-07
 Reference value :  2.65837e-07
 Reference value :  2.66847e-07
 Reference value :  2.67811e-07
 Reference value :  2.68771e-07
 Reference value :  2.69749e-07
 Reference value :  2.70705e-07
 Reference value :  2.71715e-07
 Reference value :  2.72745e-07
 Reference value :  2.73821e-07
 Reference value :  2.74795e-07
 Reference value :  2.75765e-07
 Reference value :  2.76781e-07
 Reference value :  2.77839e-07
 Reference value :  2.78857e-07
 Reference value :  2.79863e-07
No. of Data Rows : 140016
t1r1                =  2.75708e-08
t2r1                =  5.04659e-08
t3r1                =  7.33581e-08
t4r1                =  9.63767e-08
t5r1                =  1.19471e-07
t6r1                =  1.42584e-07
t7r1                =  1.65749e-07
t8r1                =  1.89142e-07
t9r1                =  2.12437e-07
t10r1               =  2.35868e-07
t1r2                =  2.62731e-08
t2r2                =  4.78165e-08
t3r2                =  6.94312e-08
t4r2                =  9.10686e-08
t5r2                =  1.12738e-07
t6r2                =  1.34503e-07
t7r2                =  1.56423e-07
t8r2                =  1.78398e-07
t9r2                =  2.00395e-07
t10r2               =  2.22046e-07
t1xo                =  2.69392e-08
t2xo                =  3.70389e-08
t3xo                =  4.84878e-08
t4xo                =  5.85583e-08
vhi_early           =  2.86001e+00 at=  3.56952e-08
vlo_early           =  -1.33876e-02 at=  4.68052e-08
vhi_late            =  2.85518e+00 at=  2.67307e-07
vlo_late            =  -1.01729e-01 at=  2.54347e-07
vxhi_early          =  3.00014e+00 at=  2.80752e-08
vxlo_early          =  -3.48196e-02 at=  3.65992e-08
vxhi_late           =  3.02465e+00 at=  2.66199e-07
vxlo_late           =  -1.99420e-02 at=  2.70131e-07
v_off_ro1           =  2.97000e+00
v_off_xo            =  1.31080e-07
m_en_assert_s = 5.0000000000e-09
m_t1r1_s = 2.7570750000e-08
m_t2r1_s = 5.0465880000e-08
m_t3r1_s = 7.3358140000e-08
m_t4r1_s = 9.6376660000e-08
m_t5r1_s = 1.1947060000e-07
m_t6r1_s = 1.4258350000e-07
m_t7r1_s = 1.6574910000e-07
m_t8r1_s = 1.8914220000e-07
m_t9r1_s = 2.1243720000e-07
m_t10r1_s = 2.3586800000e-07
m_t1r2_s = 2.6273100000e-08
m_t2r2_s = 4.7816530000e-08
m_t3r2_s = 6.9431210000e-08
m_t4r2_s = 9.1068560000e-08
m_t5r2_s = 1.1273790000e-07
m_t6r2_s = 1.3450340000e-07
m_t7r2_s = 1.5642300000e-07
m_t8r2_s = 1.7839750000e-07
m_t9r2_s = 2.0039530000e-07
m_t10r2_s = 2.2204590000e-07
m_t1xo_s = 2.6939180000e-08
m_t2xo_s = 3.7038930000e-08
m_t3xo_s = 4.8487840000e-08
m_t4xo_s = 5.8558260000e-08
m_ring_swing_early_v = 2.8733945800e+00
m_ring_swing_late_v = 2.9569127000e+00
m_xo_swing_early_v = 3.0349616400e+00
m_xo_swing_late_v = 3.0445959500e+00
m_v_ro1_off_v = 2.9699960000e+00
m_v_xo_off_v = 1.3108020000e-07
Note: Simulation executed from .control section 

Warning: m=xx on .subckt line will override multiplier m hierarchy!

Note: Starting dynamic gmin stepping
Note: Dynamic gmin stepping completed
