
Note: Compatibility modes selected: hs a


Circuit: * ro-meta-tap-skew @ ff_-40c_3.63v -- generated by sim/harness, do not edit

Doing analysis at TEMP = -40.000000 and TNOM = 27.000000

Using SPARSE 1.3 as Direct Linear Solver

Initial Transient Solution
--------------------------

Node                                   Voltage
----                                   -------
vsup                                      3.63
vth                                      1.815
xin                                          0
xinp                                         0
xt1.s0                                    3.63
xt1.a1                             1.51713e-08
xt1.pa                                    3.63
xt1.b1                             1.51713e-08
xt1.pb                                    3.63
xt1.mq                                       0
xt1.mqn                                   3.63
xt1.xarb.xna.nm                   8.21017e-217
xt1.xarb.xnb.nm                        3.06368
mo1                                       3.63
xt2.s0                                    3.63
xt2.a1                             1.51713e-08
xt2.pa                                    3.63
xt2.b1                             1.51713e-08
xt2.pb                                    3.63
xt2.mq                                       0
xt2.mqn                                   3.63
xt2.xarb.xna.nm                   8.20867e-217
xt2.xarb.xnb.nm                        3.06368
mo2                                       3.63
xt3.s0                                    3.63
xt3.a1                             1.51713e-08
xt3.pa                                    3.63
xt3.b1                             1.51713e-08
xt3.pb                                    3.63
xt3.mq                                       0
xt3.mqn                                   3.63
xt3.xarb.xna.nm                   8.20942e-217
xt3.xarb.xnb.nm                        3.06368
mo3                                       3.63
xt4.s0                                    3.63
xt4.a1                             1.51713e-08
xt4.pa                                    3.63
xt4.b1                             1.51713e-08
xt4.pb                                    3.63
xt4.mq                                       0
xt4.mqn                                   3.63
xt4.xarb.xna.nm                   8.20853e-217
xt4.xarb.xnb.nm                        3.06368
mo4                                       3.63
vddp                                      3.63
xtp.s0                                    3.63
xtp.a1                             1.51713e-08
xtp.pa                                    3.63
xtp.b1                             1.51713e-08
xtp.pb                                    3.63
xtp.mq                                       0
xtp.mqn                                   3.63
xtp.xarb.xna.nm                   8.20849e-217
xtp.xarb.xnb.nm                        3.06368
mop                                       3.63
qp                                -3.98731e-21
bvth#branch                                  0
vp#branch                          3.98731e-11
vinp#branch                                  0
vin#branch                                   0
vsup#branch                       -1.99351e-10

 Reference value :  0.00000e+00
 Reference value :  6.78560e-11
 Reference value :  1.38656e-10
 Reference value :  2.05500e-10
 Reference value :  2.74500e-10
 Reference value :  3.43300e-10
 Reference value :  4.12900e-10
 Reference value :  4.83100e-10
 Reference value :  5.53100e-10
 Reference value :  6.24900e-10
 Reference value :  6.92700e-10
 Reference value :  7.61700e-10
 Reference value :  8.31500e-10
 Reference value :  9.02700e-10
 Reference value :  9.75100e-10
 Reference value :  1.04430e-09
 Reference value :  1.11450e-09
 Reference value :  1.18330e-09
 Reference value :  1.25270e-09
 Reference value :  1.32210e-09
 Reference value :  1.39130e-09
 Reference value :  1.45850e-09
 Reference value :  1.52790e-09
 Reference value :  1.59930e-09
 Reference value :  1.66770e-09
 Reference value :  1.74050e-09
 Reference value :  1.81810e-09
 Reference value :  1.89450e-09
 Reference value :  1.96970e-09
 Reference value :  2.04610e-09
 Reference value :  2.13290e-09
 Reference value :  2.20130e-09
 Reference value :  2.27130e-09
 Reference value :  2.34250e-09
 Reference value :  2.41350e-09
 Reference value :  2.48610e-09
 Reference value :  2.55730e-09
 Reference value :  2.62990e-09
 Reference value :  2.70410e-09
 Reference value :  2.77470e-09
 Reference value :  2.84790e-09
 Reference value :  2.91810e-09
 Reference value :  2.98730e-09
 Reference value :  3.05770e-09
 Reference value :  3.12614e-09
 Reference value :  3.19670e-09
 Reference value :  3.26670e-09
 Reference value :  3.33610e-09
 Reference value :  3.40590e-09
 Reference value :  3.47450e-09
 Reference value :  3.54350e-09
 Reference value :  3.61330e-09
 Reference value :  3.68510e-09
 Reference value :  3.77410e-09
 Reference value :  3.84370e-09
 Reference value :  3.91370e-09
 Reference value :  3.98290e-09
 Reference value :  4.05190e-09
 Reference value :  4.12230e-09
 Reference value :  4.19130e-09
 Reference value :  4.26030e-09
 Reference value :  4.32850e-09
 Reference value :  4.40070e-09
 Reference value :  4.46970e-09
 Reference value :  4.54050e-09
 Reference value :  4.61090e-09
 Reference value :  4.68490e-09
 Reference value :  4.75370e-09
 Reference value :  4.82210e-09
 Reference value :  4.89190e-09
 Reference value :  4.96150e-09
 Reference value :  5.03030e-09
 Reference value :  5.10170e-09
 Reference value :  5.16950e-09
 Reference value :  5.24530e-09
 Reference value :  5.32530e-09
 Reference value :  5.40210e-09
 Reference value :  5.48310e-09
 Reference value :  5.56870e-09
 Reference value :  5.65350e-09
 Reference value :  5.73870e-09
 Reference value :  5.82210e-09
 Reference value :  5.90490e-09
 Reference value :  5.98570e-09
 Reference value :  6.07330e-09
 Reference value :  6.15990e-09
 Reference value :  6.24410e-09
 Reference value :  6.33030e-09
 Reference value :  6.41410e-09
 Reference value :  6.49950e-09
 Reference value :  6.58050e-09
 Reference value :  6.66650e-09
 Reference value :  6.74630e-09
 Reference value :  6.82550e-09
 Reference value :  6.90530e-09
 Reference value :  6.98610e-09
 Reference value :  7.06890e-09
 Reference value :  7.14850e-09
 Reference value :  7.23150e-09
 Reference value :  7.30610e-09
 Reference value :  7.37370e-09
 Reference value :  7.44400e-09
 Reference value :  7.51350e-09
 Reference value :  7.58610e-09
 Reference value :  7.66650e-09
 Reference value :  7.75490e-09
 Reference value :  7.83750e-09
 Reference value :  7.91390e-09
 Reference value :  7.98850e-09
 Reference value :  8.06370e-09
 Reference value :  8.13710e-09
 Reference value :  8.20510e-09
 Reference value :  8.27290e-09
 Reference value :  8.34470e-09
 Reference value :  8.41490e-09
 Reference value :  8.48510e-09
 Reference value :  8.55350e-09
 Reference value :  8.62350e-09
 Reference value :  8.69470e-09
 Reference value :  8.76410e-09
 Reference value :  8.83450e-09
 Reference value :  8.90370e-09
 Reference value :  8.97450e-09
 Reference value :  9.04270e-09
 Reference value :  9.11170e-09
 Reference value :  9.18130e-09
 Reference value :  9.25070e-09
 Reference value :  9.32030e-09
 Reference value :  9.38710e-09
 Reference value :  9.45610e-09
 Reference value :  9.52530e-09
 Reference value :  9.61190e-09
 Reference value :  9.67890e-09
 Reference value :  9.74590e-09
 Reference value :  9.81570e-09
 Reference value :  9.88370e-09
 Reference value :  9.95350e-09
 Reference value :  1.00227e-08
 Reference value :  1.00915e-08
 Reference value :  1.01603e-08
 Reference value :  1.02285e-08
 Reference value :  1.03089e-08
 Reference value :  1.03879e-08
 Reference value :  1.04577e-08
 Reference value :  1.05487e-08
 Reference value :  1.06209e-08
 Reference value :  1.07025e-08
 Reference value :  1.07749e-08
 Reference value :  1.08587e-08
 Reference value :  1.09287e-08
 Reference value :  1.10203e-08
 Reference value :  1.10925e-08
 Reference value :  1.11683e-08
 Reference value :  1.12513e-08
 Reference value :  1.13311e-08
 Reference value :  1.14119e-08
 Reference value :  1.14907e-08
 Reference value :  1.15625e-08
 Reference value :  1.16329e-08
 Reference value :  1.17029e-08
 Reference value :  1.17795e-08
 Reference value :  1.18561e-08
 Reference value :  1.19493e-08
No. of Data Rows : 60089
txf                 =  6.22500e-09
ta1                 =  6.38222e-09
tb1                 =  6.38296e-09
ta2                 =  6.38214e-09
tb2                 =  6.38896e-09
ta3                 =  6.38208e-09
tb3                 =  6.39553e-09
ta4                 =  6.38200e-09
tb4                 =  6.40845e-09
tq2                 =  6.42818e-09
tq4                 =  6.42532e-09
vmo                 =  3.63000e+00
tpa                 =  2.15900e-09
tpb                 =  1.04950e-08
cpa                 =  -1.11804e-04
cpb                 =  -5.41862e-04
m_dt_005ff_s = 7.3800000000e-13
m_dt_05ff_s = 6.8160000000e-12
m_dt_1ff_s = 1.3451000000e-11
m_dt_2ff_s = 2.6452000000e-11
m_dt_per_ff_s = 1.3226000000e-11
m_lin_2ff_over_1ff = 1.9665452383e+00
m_t_path_s = 1.5722000000e-10
m_t_res_05ff_s = 4.6040000000e-11
m_t_res_2ff_s = 4.3328000000e-11
m_mo_final_v = 3.6300000000e+00
m_i_tap_a = -5.159040307e-05
m_p_tap_w = -1.872731631e-04
m_e_period_j = -3.902772720e-13
m_f_drive_hz = 4.7984644914e+08
Note: Simulation executed from .control section 

Warning: m=xx on .subckt line will override multiplier m hierarchy!

