
Note: Compatibility modes selected: hs a


Circuit: * ro-cinv-05stage-jitter @ ff_-40c_3.63v -- generated by sim/harness, do not edit

Doing analysis at TEMP = -40.000000 and TNOM = 27.000000

Using SPARSE 1.3 as Direct Linear Solver

Initial Transient Solution
--------------------------

Node                                   Voltage
----                                   -------
vdd                                       3.63
nb                                     1.58363
pb                                     1.49044
x1.ph                                     3.63
n2                                        3.63
g1                                           0
x1.nl                              7.82012e-11
x2.ph                                     3.63
n3                                 1.13257e-08
g2                                        3.63
x2.nl                              6.36892e-09
x3.ph                                     3.63
n4                                        3.63
g3                                 1.13257e-08
x3.nl                              7.82012e-11
x4.ph                                     3.63
n5                                 1.13257e-08
g4                                        3.63
x4.nl                              6.36892e-09
x5.ph                                  2.40704
n1                                           0
g5                                 1.13257e-08
x5.nl                              1.39941e-64
xing                                    -1.815
xs40                                    -1.452
xs60                                    -2.178
bs60#branch                                  0
bs40#branch                                  0
bxing#branch                                 0
vn5#branch                                   0
vn4#branch                                   0
vn3#branch                                   0
vn2#branch                                   0
vn1#branch                                   0
vdd#branch                         -0.00050105

 Reference value :  0.00000e+00
 Reference value :  1.38070e-09
 Reference value :  2.67010e-09
 Reference value :  3.89850e-09
 Reference value :  5.16250e-09
 Reference value :  6.46850e-09
 Reference value :  7.74350e-09
 Reference value :  9.00350e-09
 Reference value :  1.03107e-08
 Reference value :  1.15503e-08
 Reference value :  1.28645e-08
 Reference value :  1.42135e-08
 Reference value :  1.55400e-08
 Reference value :  1.68925e-08
 Reference value :  1.81965e-08
 Reference value :  1.95003e-08
 Reference value :  2.08335e-08
 Reference value :  2.20815e-08
 Reference value :  2.34425e-08
 Reference value :  2.47235e-08
 Reference value :  2.60285e-08
 Reference value :  2.73035e-08
 Reference value :  2.86555e-08
 Reference value :  3.00192e-08
 Reference value :  3.14285e-08
 Reference value :  3.28907e-08
 Reference value :  3.42485e-08
 Reference value :  3.55400e-08
 Reference value :  3.67965e-08
 Reference value :  3.81935e-08
 Reference value :  3.95415e-08
 Reference value :  4.09535e-08
 Reference value :  4.24092e-08
 Reference value :  4.36715e-08
 Reference value :  4.51545e-08
 Reference value :  4.64355e-08
 Reference value :  4.77645e-08
 Reference value :  4.90603e-08
 Reference value :  5.03535e-08
 Reference value :  5.16365e-08
 Reference value :  5.28825e-08
 Reference value :  5.42135e-08
 Reference value :  5.55007e-08
 Reference value :  5.68435e-08
 Reference value :  5.81385e-08
 Reference value :  5.94107e-08
 Reference value :  6.07007e-08
 Reference value :  6.20400e-08
 Reference value :  6.33101e-08
 Reference value :  6.46325e-08
 Reference value :  6.59215e-08
 Reference value :  6.72501e-08
 Reference value :  6.88525e-08
 Reference value :  7.03635e-08
 Reference value :  7.17135e-08
 Reference value :  7.30145e-08
 Reference value :  7.43135e-08
 Reference value :  7.56375e-08
 Reference value :  7.70055e-08
 Reference value :  7.84892e-08
 Reference value :  8.01135e-08
 Reference value :  8.15007e-08
 Reference value :  8.28945e-08
 Reference value :  8.41701e-08
 Reference value :  8.55215e-08
 Reference value :  8.68145e-08
 Reference value :  8.81425e-08
 Reference value :  8.95300e-08
 Reference value :  9.08275e-08
 Reference value :  9.21803e-08
 Reference value :  9.35792e-08
 Reference value :  9.51292e-08
 Reference value :  9.67201e-08
 Reference value :  9.84255e-08
 Reference value :  9.98592e-08
 Reference value :  1.01143e-07
 Reference value :  1.02418e-07
 Reference value :  1.03690e-07
 Reference value :  1.04982e-07
 Reference value :  1.06251e-07
 Reference value :  1.07522e-07
 Reference value :  1.08824e-07
 Reference value :  1.10210e-07
 Reference value :  1.11491e-07
 Reference value :  1.12838e-07
 Reference value :  1.14200e-07
 Reference value :  1.15510e-07
 Reference value :  1.16804e-07
 Reference value :  1.18073e-07
 Reference value :  1.19368e-07
 Reference value :  1.20680e-07
 Reference value :  1.21970e-07
 Reference value :  1.23322e-07
 Reference value :  1.24610e-07
 Reference value :  1.25880e-07
 Reference value :  1.27211e-07
 Reference value :  1.28511e-07
 Reference value :  1.29824e-07
 Reference value :  1.31101e-07
 Reference value :  1.32370e-07
 Reference value :  1.33743e-07
 Reference value :  1.35177e-07
 Reference value :  1.36519e-07
 Reference value :  1.37950e-07
 Reference value :  1.39527e-07
 Reference value :  1.40910e-07
 Reference value :  1.42270e-07
 Reference value :  1.43654e-07
 Reference value :  1.44981e-07
 Reference value :  1.46269e-07
 Reference value :  1.47527e-07
 Reference value :  1.48885e-07
 Reference value :  1.50211e-07
 Reference value :  1.51482e-07
 Reference value :  1.52771e-07
 Reference value :  1.54032e-07
 Reference value :  1.55343e-07
 Reference value :  1.56670e-07
 Reference value :  1.58085e-07
 Reference value :  1.59360e-07
 Reference value :  1.60631e-07
 Reference value :  1.61891e-07
 Reference value :  1.63225e-07
 Reference value :  1.64570e-07
 Reference value :  1.66104e-07
 Reference value :  1.67739e-07
 Reference value :  1.69229e-07
 Reference value :  1.70663e-07
 Reference value :  1.72036e-07
 Reference value :  1.73411e-07
 Reference value :  1.74710e-07
 Reference value :  1.76044e-07
 Reference value :  1.77331e-07
 Reference value :  1.78603e-07
 Reference value :  1.79981e-07
 Reference value :  1.81400e-07
 Reference value :  1.82719e-07
 Reference value :  1.83980e-07
 Reference value :  1.85385e-07
 Reference value :  1.86683e-07
 Reference value :  1.87931e-07
 Reference value :  1.89380e-07
 Reference value :  1.90810e-07
 Reference value :  1.92162e-07
 Reference value :  1.93728e-07
 Reference value :  1.95049e-07
 Reference value :  1.96352e-07
 Reference value :  1.97620e-07
 Reference value :  1.98872e-07
 Reference value :  2.00184e-07
 Reference value :  2.01494e-07
 Reference value :  2.02875e-07
 Reference value :  2.04228e-07
 Reference value :  2.05508e-07
 Reference value :  2.06836e-07
 Reference value :  2.08089e-07
 Reference value :  2.09343e-07
 Reference value :  2.10647e-07
 Reference value :  2.11941e-07
 Reference value :  2.13220e-07
 Reference value :  2.14520e-07
 Reference value :  2.16267e-07
 Reference value :  2.17590e-07
 Reference value :  2.18863e-07
 Reference value :  2.20181e-07
 Reference value :  2.21489e-07
 Reference value :  2.22746e-07
 Reference value :  2.24073e-07
 Reference value :  2.25921e-07
 Reference value :  2.27235e-07
 Reference value :  2.28590e-07
 Reference value :  2.29900e-07
 Reference value :  2.31461e-07
 Reference value :  2.32778e-07
 Reference value :  2.34070e-07
 Reference value :  2.35478e-07
 Reference value :  2.36762e-07
 Reference value :  2.38099e-07
 Reference value :  2.39364e-07
 Reference value :  2.40893e-07
 Reference value :  2.42181e-07
 Reference value :  2.43490e-07
 Reference value :  2.44760e-07
 Reference value :  2.46070e-07
 Reference value :  2.47364e-07
 Reference value :  2.48814e-07
 Reference value :  2.50096e-07
 Reference value :  2.51388e-07
 Reference value :  2.52701e-07
 Reference value :  2.53975e-07
 Reference value :  2.55277e-07
 Reference value :  2.56706e-07
 Reference value :  2.57980e-07
 Reference value :  2.59301e-07
 Reference value :  2.60583e-07
 Reference value :  2.62016e-07
 Reference value :  2.63307e-07
 Reference value :  2.64657e-07
 Reference value :  2.65950e-07
 Reference value :  2.67225e-07
 Reference value :  2.68529e-07
 Reference value :  2.69961e-07
 Reference value :  2.71261e-07
 Reference value :  2.72531e-07
 Reference value :  2.73812e-07
 Reference value :  2.75128e-07
 Reference value :  2.76381e-07
 Reference value :  2.77901e-07
 Reference value :  2.79228e-07
 Reference value :  2.80541e-07
 Reference value :  2.81848e-07
 Reference value :  2.83148e-07
 Reference value :  2.84550e-07
 Reference value :  2.85936e-07
 Reference value :  2.87219e-07
 Reference value :  2.88611e-07
 Reference value :  2.89882e-07
 Reference value :  2.91254e-07
 Reference value :  2.92710e-07
 Reference value :  2.94290e-07
 Reference value :  2.95710e-07
 Reference value :  2.96980e-07
 Reference value :  2.98394e-07
 Reference value :  2.99671e-07
 Reference value :  3.00951e-07
 Reference value :  3.02216e-07
 Reference value :  3.03524e-07
 Reference value :  3.04907e-07
 Reference value :  3.06198e-07
 Reference value :  3.07493e-07
 Reference value :  3.08868e-07
 Reference value :  3.10118e-07
 Reference value :  3.11441e-07
 Reference value :  3.12692e-07
 Reference value :  3.13970e-07
 Reference value :  3.15322e-07
 Reference value :  3.16697e-07
 Reference value :  3.18010e-07
 Reference value :  3.19300e-07
 Reference value :  3.20637e-07
 Reference value :  3.22006e-07
 Reference value :  3.23290e-07
 Reference value :  3.24591e-07
 Reference value :  3.25838e-07
 Reference value :  3.27135e-07
 Reference value :  3.28511e-07
 Reference value :  3.29908e-07
No. of Data Rows : 429009
ts40                =  3.79076e-09
ts60                =  3.82482e-09
tk                  =  1.00299e-09
tk                  =  1.93665e-09
tk                  =  2.87114e-09
tk                  =  3.80620e-09
tk                  =  4.74150e-09
tk                  =  5.67677e-09
tk                  =  6.61217e-09
tk                  =  7.54757e-09
tk                  =  8.48298e-09
tk                  =  9.41859e-09
tk                  =  1.03541e-08
tk                  =  1.12894e-08
tk                  =  1.22248e-08
tk                  =  1.31602e-08
tk                  =  1.40958e-08
tk                  =  1.50312e-08
tk                  =  1.59669e-08
tk                  =  1.69026e-08
tk                  =  1.78381e-08
tk                  =  1.87737e-08
tk                  =  1.97091e-08
tk                  =  2.06446e-08
tk                  =  2.15799e-08
tk                  =  2.25155e-08
tk                  =  2.34507e-08
tk                  =  2.43862e-08
tk                  =  2.53215e-08
tk                  =  2.62569e-08
tk                  =  2.71922e-08
tk                  =  2.81277e-08
tk                  =  2.90630e-08
tk                  =  2.99984e-08
tk                  =  3.09338e-08
tk                  =  3.18694e-08
tk                  =  3.28050e-08
tk                  =  3.37404e-08
tk                  =  3.46759e-08
tk                  =  3.56115e-08
tk                  =  3.65468e-08
tk                  =  3.74823e-08
tk                  =  3.84178e-08
tk                  =  3.93533e-08
tk                  =  4.02889e-08
tk                  =  4.12244e-08
tk                  =  4.21598e-08
tk                  =  4.30953e-08
tk                  =  4.40308e-08
tk                  =  4.49663e-08
tk                  =  4.59018e-08
tk                  =  4.68373e-08
tk                  =  4.77729e-08
tk                  =  4.87083e-08
tk                  =  4.96437e-08
tk                  =  5.05791e-08
tk                  =  5.15145e-08
tk                  =  5.24500e-08
tk                  =  5.33854e-08
tk                  =  5.43209e-08
tk                  =  5.52562e-08
tk                  =  5.61919e-08
tk                  =  5.71273e-08
tk                  =  5.80627e-08
tk                  =  5.89983e-08
tk                  =  5.99337e-08
tk                  =  6.08692e-08
tk                  =  6.18045e-08
tk                  =  6.27398e-08
tk                  =  6.36752e-08
tk                  =  6.46105e-08
tk                  =  6.55460e-08
tk                  =  6.64813e-08
tk                  =  6.74168e-08
tk                  =  6.83523e-08
tk                  =  6.92877e-08
tk                  =  7.02233e-08
tk                  =  7.11588e-08
tk                  =  7.20943e-08
tk                  =  7.30296e-08
tk                  =  7.39650e-08
tk                  =  7.49005e-08
tk                  =  7.58359e-08
tk                  =  7.67712e-08
tk                  =  7.77066e-08
tk                  =  7.86421e-08
tk                  =  7.95776e-08
tk                  =  8.05132e-08
tk                  =  8.14487e-08
tk                  =  8.23842e-08
tk                  =  8.33196e-08
tk                  =  8.42550e-08
tk                  =  8.51904e-08
tk                  =  8.61258e-08
tk                  =  8.70613e-08
tk                  =  8.79966e-08
tk                  =  8.89324e-08
tk                  =  8.98678e-08
tk                  =  9.08033e-08
tk                  =  9.17387e-08
tk                  =  9.26742e-08
tk                  =  9.36098e-08
tk                  =  9.45452e-08
tk                  =  9.54810e-08
tk                  =  9.64162e-08
tk                  =  9.73516e-08
tk                  =  9.82870e-08
tk                  =  9.92225e-08
tk                  =  1.00158e-07
tk                  =  1.01094e-07
tk                  =  1.02029e-07
tk                  =  1.02964e-07
tk                  =  1.03900e-07
tk                  =  1.04835e-07
tk                  =  1.05771e-07
tk                  =  1.06706e-07
tk                  =  1.07642e-07
tk                  =  1.08577e-07
tk                  =  1.09513e-07
tk                  =  1.10448e-07
tk                  =  1.11384e-07
tk                  =  1.12319e-07
tk                  =  1.13255e-07
tk                  =  1.14190e-07
tk                  =  1.15126e-07
tk                  =  1.16062e-07
tk                  =  1.16997e-07
tk                  =  1.17933e-07
tk                  =  1.18868e-07
tk                  =  1.19803e-07
tk                  =  1.20739e-07
m_period = 9.3543600000e-10
m_f_osc = 1.0690202216e+09
m_slew_v_per_s = 2.1316577603e+10
m_sigma_1 = 2.1385549614e-13
m_sigma_2 = 3.1923154826e-13
m_sigma_4 = 4.2289800555e-13
m_sigma_8 = 5.4906803886e-13
m_sigma_16 = 6.7820790103e-13
m_sigma_32 = 1.0635096020e-12
Note: Simulation executed from .control section 

Warning: m=xx on .subckt line will override multiplier m hierarchy!

