
Note: Compatibility modes selected: hs a


Circuit: * sampler-dff-setup-hold @ ff_125c_3.63v -- generated by sim/harness, do not edit

Doing analysis at TEMP = 125.000000 and TNOM = 27.000000

Using SPARSE 1.3 as Direct Linear Solver

Initial Transient Solution
--------------------------

Node                                   Voltage
----                                   -------
vdd                                       3.63
rst_n                                        0
clk                                          0
d                                            0
xdut.clkb                              3.62998
xdut.m                             4.42863e-08
xdut.mb                                   3.63
xdut.mmid                              0.10431
xdut.mc                            7.00969e-07
xdut.s                                    3.63
q                                  6.78436e-07
xdut.qb                                   3.63
xdut.s2mid                            0.104311
vth                                      1.815
bvth#branch                                  0
vd#branch                          1.12033e-11
vclk#branch                                  0
vrst#branch                                  0
vdd#branch                        -2.23287e-09

 Reference value :  1.72800e-09
 Reference value :  1.60337e-07
 Reference value :  3.17087e-07
 Reference value :  4.54887e-07
 Reference value :  6.01887e-07
 Reference value :  7.60687e-07
 Reference value :  9.20877e-07
 Reference value :  1.08258e-06
 Reference value :  1.24558e-06
 Reference value :  1.37520e-06
 Reference value :  1.48730e-06
 Reference value :  1.59820e-06
 Reference value :  1.71200e-06
 Reference value :  1.83194e-06
 Reference value :  1.99104e-06
 Reference value :  2.15864e-06
 Reference value :  2.31635e-06
 Reference value :  2.47835e-06
 Reference value :  2.64365e-06
 Reference value :  2.80270e-06
 Reference value :  2.96270e-06
 Reference value :  3.12590e-06
 Reference value :  3.29090e-06
 Reference value :  3.45310e-06
 Reference value :  3.61890e-06
 Reference value :  3.78350e-06
 Reference value :  3.94464e-06
 Reference value :  4.10704e-06
 Reference value :  4.26704e-06
 Reference value :  4.41960e-06
 Reference value :  4.58384e-06
 Reference value :  4.74234e-06
 Reference value :  4.90411e-06
 Reference value :  5.07441e-06
 Reference value :  5.23631e-06
 Reference value :  5.39449e-06
 Reference value :  5.55879e-06
 Reference value :  5.72629e-06
 Reference value :  5.88434e-06
 Reference value :  6.04994e-06
 Reference value :  6.21724e-06
 Reference value :  6.35869e-06
 Reference value :  6.49159e-06
No. of Data Rows : 65281
tclk1               =  3.00001e-07
tclk2               =  1.30000e-06
tq_r1               =  3.00100e-07
tq_f1               =  1.30011e-06
q_rst               =  6.78436e-07
q_e1                =  3.62999e+00
q_e2                =  4.49186e-06
q_e3a               =  2.71030e-06
q_e3b               =  4.80004e-07
q_e3c               =  4.80223e-07
q_e4                =  5.17331e-06
q_e5a               =  3.62858e+00
q_e5b               =  3.62998e+00
q_e5c               =  3.62998e+00
q_e6                =  -1.03710e-05
q_e7a               =  3.63168e+00
q_e7b               =  3.62999e+00
q_e7c               =  3.62999e+00
m_tpd_clk_q_rise_s = 9.9800000000e-11
m_tpd_clk_q_fall_s = 1.0800000000e-10
m_q_rst_v = 6.7843610000e-07
m_q_e1_v = 3.6299860000e+00
m_q_e2_v = 4.4918580000e-06
m_q_e4_v = 5.1733120000e-06
m_q_e3_1ns_v = 2.7102990000e-06
m_q_e3_10ns_v = 4.8000380000e-07
m_q_e3_100ns_v = 4.8022310000e-07
m_q_e3_drift_v = -2.230075900e-06
m_q_e3_rail_dev_v = 4.8022309995e-07
m_q_e5_1ns_v = 3.6285810000e+00
m_q_e5_10ns_v = 3.6299770000e+00
m_q_e5_100ns_v = 3.6299770000e+00
m_q_e5_drift_v = 1.3960000000e-03
m_q_e5_rail_dev_v = 2.3000003053e-05
m_q_e6_v = -1.037096000e-05
m_q_e7_1ns_v = 3.6316810000e+00
m_q_e7_10ns_v = 3.6299860000e+00
m_q_e7_100ns_v = 3.6299860000e+00
m_q_e7_drift_v = -1.695000000e-03
m_q_e7_rail_dev_v = 1.4000003052e-05
Note: Simulation executed from .control section 

Warning: m=xx on .subckt line will override multiplier m hierarchy!

