
Note: Compatibility modes selected: hs a


Circuit: * sampler-dff-setup-hold @ sf_-40c_2.97v -- generated by sim/harness, do not edit

Doing analysis at TEMP = -40.000000 and TNOM = 27.000000

Using SPARSE 1.3 as Direct Linear Solver

Initial Transient Solution
--------------------------

Node                                   Voltage
----                                   -------
vdd                                       2.97
rst_n                                        0
clk                                          0
d                                            0
xdut.clkb                                 2.97
xdut.m                             3.08453e-08
xdut.mb                                   2.97
xdut.mmid                          1.74218e-05
xdut.mc                            3.08944e-08
xdut.s                                    2.97
q                                  1.54473e-08
xdut.qb                                   2.97
xdut.s2mid                         1.74217e-05
vth                                      1.485
bvth#branch                                  0
vd#branch                           8.9219e-12
vclk#branch                                  0
vrst#branch                                  0
vdd#branch                        -3.86526e-11

 Reference value :  0.00000e+00
 Reference value :  1.56361e-07
 Reference value :  3.15005e-07
 Reference value :  4.80105e-07
 Reference value :  6.45305e-07
 Reference value :  8.05101e-07
 Reference value :  9.74901e-07
 Reference value :  1.14100e-06
 Reference value :  1.30394e-06
 Reference value :  1.44054e-06
 Reference value :  1.57474e-06
 Reference value :  1.73614e-06
 Reference value :  1.89574e-06
 Reference value :  2.05314e-06
 Reference value :  2.21874e-06
 Reference value :  2.37760e-06
 Reference value :  2.54600e-06
 Reference value :  2.71290e-06
 Reference value :  2.87730e-06
 Reference value :  3.03730e-06
 Reference value :  3.19950e-06
 Reference value :  3.36604e-06
 Reference value :  3.53174e-06
 Reference value :  3.69564e-06
 Reference value :  3.86644e-06
 Reference value :  4.02704e-06
 Reference value :  4.19024e-06
 Reference value :  4.35101e-06
 Reference value :  4.51994e-06
 Reference value :  4.68654e-06
 Reference value :  4.84662e-06
 Reference value :  5.01442e-06
 Reference value :  5.17632e-06
 Reference value :  5.33683e-06
 Reference value :  5.49763e-06
 Reference value :  5.66273e-06
 Reference value :  5.82674e-06
 Reference value :  5.98354e-06
 Reference value :  6.14904e-06
 Reference value :  6.31221e-06
 Reference value :  6.47851e-06
No. of Data Rows : 65271
tclk1               =  3.00001e-07
tclk2               =  1.30000e-06
tq_r1               =  3.00099e-07
tq_f1               =  1.30013e-06
q_rst               =  1.54473e-08
q_e1                =  2.97000e+00
q_e2                =  -2.74673e-06
q_e3a               =  2.67268e-04
q_e3b               =  -5.34252e-06
q_e3c               =  -5.07464e-06
q_e4                =  8.61494e-07
q_e5a               =  2.96820e+00
q_e5b               =  2.97000e+00
q_e5c               =  2.97000e+00
q_e6                =  -3.99744e-06
q_e7a               =  2.97311e+00
q_e7b               =  2.97000e+00
q_e7c               =  2.97000e+00
m_tpd_clk_q_rise_s = 9.9000000000e-11
m_tpd_clk_q_fall_s = 1.2300000000e-10
m_q_rst_v = 1.5447310000e-08
m_q_e1_v = 2.9700030000e+00
m_q_e2_v = -2.746734000e-06
m_q_e4_v = 8.6149450000e-07
m_q_e3_1ns_v = 2.6726840000e-04
m_q_e3_10ns_v = -5.342519000e-06
m_q_e3_100ns_v = -5.074639000e-06
m_q_e3_drift_v = -2.723430390e-04
m_q_e3_rail_dev_v = -5.074639000e-06
m_q_e5_1ns_v = 2.9682000000e+00
m_q_e5_10ns_v = 2.9699960000e+00
m_q_e5_100ns_v = 2.9699970000e+00
m_q_e5_drift_v = 1.7970000000e-03
m_q_e5_rail_dev_v = 3.0000010418e-06
m_q_e6_v = -3.997438000e-06
m_q_e7_1ns_v = 2.9731150000e+00
m_q_e7_10ns_v = 2.9700040000e+00
m_q_e7_100ns_v = 2.9700030000e+00
m_q_e7_drift_v = -3.112000000e-03
m_q_e7_rail_dev_v = -2.999998959e-06
Note: Simulation executed from .control section 

Warning: m=xx on .subckt line will override multiplier m hierarchy!

