
Note: Compatibility modes selected: hs a


Circuit: * sampler-dff-reset-clocked @ ff_125c_3.63v -- generated by sim/harness, do not edit

Doing analysis at TEMP = 125.000000 and TNOM = 27.000000

Using SPARSE 1.3 as Direct Linear Solver

Initial Transient Solution
--------------------------

Node                                   Voltage
----                                   -------
vdd                                       3.63
rst_n                                        0
clk                                          0
d                                         3.63
xdut.clkb                              3.62998
xdut.m                                 3.62998
xdut.mb                                3.62999
xdut.mmid                              3.16022
xdut.mc                            1.12594e-05
xdut.s                                    3.63
q                                  6.78436e-07
xdut.qb                                   3.63
xdut.s2mid                            0.104311
vth                                      1.815
bvth#branch                                  0
vd#branch                         -1.89503e-09
vclk#branch                                  0
vrst#branch                                  0
vdd#branch                        -3.19092e-09

 Reference value :  0.00000e+00
 Reference value :  1.55028e-07
 Reference value :  3.13928e-07
 Reference value :  4.77028e-07
 Reference value :  6.49687e-07
 Reference value :  8.14387e-07
 Reference value :  9.76087e-07
 Reference value :  1.14242e-06
 Reference value :  1.31422e-06
 Reference value :  1.49712e-06
 Reference value :  1.66849e-06
 Reference value :  1.84129e-06
 Reference value :  2.01362e-06
 Reference value :  2.19772e-06
 Reference value :  2.35472e-06
 Reference value :  2.52049e-06
 Reference value :  2.68209e-06
 Reference value :  2.84259e-06
 Reference value :  3.00001e-06
 Reference value :  3.16472e-06
 Reference value :  3.32932e-06
 Reference value :  3.48562e-06
 Reference value :  3.64375e-06
 Reference value :  3.80355e-06
 Reference value :  3.96185e-06
 Reference value :  4.11791e-06
 Reference value :  4.27611e-06
 Reference value :  4.43821e-06
 Reference value :  4.57529e-06
 Reference value :  4.70699e-06
 Reference value :  4.87109e-06
 Reference value :  5.03244e-06
 Reference value :  5.19254e-06
 Reference value :  5.35594e-06
 Reference value :  5.51380e-06
 Reference value :  5.67550e-06
 Reference value :  5.83780e-06
 Reference value :  5.99990e-06
No. of Data Rows : 60183
q_rst_max           =  1.38515e-01 at=  3.50000e-06
s_rst_min           =  3.08991e+00 at=  1.00000e-06
q_rel               =  3.70619e-06
q_cap               =  3.62999e+00
mb_rst_min          =  3.47781e+00 at=  1.00000e-06
m_q_rst_max_v = 1.3851500000e-01
m_q_rst_max_frac = 3.8158402204e-02
m_s_rst_min_v = 3.0899150000e+00
m_s_rst_dev_frac = 1.4878374656e-01
m_mb_rst_min_v = 3.4778140000e+00
m_q_rel_v = 3.7061850000e-06
m_q_cap_v = 3.6299850000e+00
Note: Simulation executed from .control section 

Warning: m=xx on .subckt line will override multiplier m hierarchy!

