
Note: Compatibility modes selected: hs a


Circuit: * sampler-dff-active-current @ sf_125c_3.63v -- generated by sim/harness, do not edit

Doing analysis at TEMP = 125.000000 and TNOM = 27.000000

Using SPARSE 1.3 as Direct Linear Solver

Initial Transient Solution
--------------------------

Node                                   Voltage
----                                   -------
vsup                                      3.63
clk                                          0
rst_n                                        0
d                                            0
vddv                                      3.63
vddb                                      3.63
xsv.clkb                                  3.63
xsv.m                                     3.63
xsv.mb                                    3.63
xsv.mmid                               3.11378
xsv.mc                             1.11018e-06
xsv.s                                     3.63
qv                                 4.52569e-07
xsv.qb                                    3.63
xsv.s2mid                            0.0841204
xsb.clkb                                  3.63
xsb.m                              5.37857e-08
xsb.mb                                    3.63
xsb.mmid                             0.0841201
xsb.mc                             4.79836e-07
xsb.s                                     3.63
qb                                 4.52569e-07
xsb.qb                                    3.63
xsb.s2mid                            0.0841204
q1                                -3.13159e-20
q2                                 -2.1297e-20
vd#branch                          1.11699e-11
vr2#branch                           2.018e-10
vr1#branch                         3.13159e-10
vrst#branch                                  0
vclk#branch                                  0
vsup#branch                       -5.14959e-10

 Reference value :  0.00000e+00
 Reference value :  9.89777e-09
 Reference value :  1.98978e-08
 Reference value :  3.08968e-08
 Reference value :  4.10000e-08
 Reference value :  5.19978e-08
No. of Data Rows : 3775
q1a                 =  -2.11178e-05
q1b                 =  -2.11203e-05
q1c                 =  -2.96849e-05
q1d                 =  -2.96872e-05
q1e                 =  -2.96849e-05
q1f                 =  -3.82645e-05
q2a                 =  -1.12807e-04
q2b                 =  -1.12809e-04
q2c                 =  -1.40872e-04
q2d                 =  -1.98455e-04
q2e                 =  -1.40872e-04
q2f                 =  -2.47653e-04
qv_pre              =  4.52587e-07
qv_post             =  3.63000e+00
qb_pre              =  -3.00169e-07
qb_post             =  3.63000e+00
vdd_mean            =  3.63000e+00 from=  3.20000e-08 to=  5.30168e-08
m_q_d_shut_c = 2.5000000000e-19
m_q_d_open_c = 9.5971333333e-15
m_e_d_shut_j = 9.0749999999e-19
m_e_d_open_j = 3.4837594000e-14
m_q_clkcyc_xsv_c = 8.5796100000e-15
m_e_clkcyc_xsv_j = 3.1143984300e-14
m_q_clkcyc_xsb_resid_c = 1.2103333333e-15
m_q_cyc_xsb_total_c = 1.0678130000e-13
m_q_d_shut_xsv_c = 4.1166666667e-19
m_q_d_open_xsv_c = 3.8333333333e-19
m_vdd_mean_v = 3.6300000000e+00
m_qv_pre_v = 4.5258740000e-07
m_qv_post_v = 3.6300000000e+00
m_qb_pre_v = -3.001693000e-07
m_qb_post_v = 3.6300000000e+00
Note: Simulation executed from .control section 

Warning: m=xx on .subckt line will override multiplier m hierarchy!

