
Note: Compatibility modes selected: hs a


Circuit: * sampler-dff-reset-current-xsb @ sf_-40c_3.63v -- generated by sim/harness, do not edit

Doing analysis at TEMP = -40.000000 and TNOM = 27.000000

Using SPARSE 1.3 as Direct Linear Solver

Initial Transient Solution
--------------------------

Node                                   Voltage
----                                   -------
vdd                                       3.63
rst_n                                        0
clk                                          0
d                                            0
xdut.clkb                                 3.63
xdut.m                             3.45391e-08
xdut.mb                                   3.63
xdut.mmid                          3.21328e-05
xdut.mc                             3.5029e-08
xdut.s                                    3.63
q                                  1.75147e-08
xdut.qb                                   3.63
xdut.s2mid                         3.21328e-05
qint                               3.66193e-21
vd#branch                          1.09996e-11
vdd#branch                         -4.7619e-11
vclk#branch                                  0
vrst#branch                                  0

 Reference value :  0.00000e+00
 Reference value :  1.46505e-09
 Reference value :  2.88505e-09
 Reference value :  4.34605e-09
No. of Data Rows : 4720
qint1               =  1.77076e-06
qint2               =  1.82934e-06
qint3               =  1.85367e-06
qout_rst            =  -9.76956e-07
m_i_reset_xsb_a = 2.0729000000e-08
m_p_reset_xsb_w = 7.5246270000e-08
m_i_reset_xsb_first_a = 2.9289500000e-08
m_i_reset_xsb_last_a = 1.2168500000e-08
m_q_v = -9.769555000e-07
Note: Simulation executed from .control section 

Warning: m=xx on .subckt line will override multiplier m hierarchy!

