
Note: Compatibility modes selected: hs a


Circuit: * sampler-dff-reset-clocked @ ss_125c_3.30v -- generated by sim/harness, do not edit

Doing analysis at TEMP = 125.000000 and TNOM = 27.000000

Using SPARSE 1.3 as Direct Linear Solver

Initial Transient Solution
--------------------------

Node                                   Voltage
----                                   -------
vdd                                        3.3
rst_n                                        0
clk                                          0
d                                          3.3
xdut.clkb                                  3.3
xdut.m                                     3.3
xdut.mb                                    3.3
xdut.mmid                               2.7943
xdut.mc                            1.77026e-07
xdut.s                                     3.3
q                                   3.3261e-08
xdut.qb                                    3.3
xdut.s2mid                            0.074386
vth                                       1.65
bvth#branch                                  0
vd#branch                         -2.45873e-11
vclk#branch                                  0
vrst#branch                                  0
vdd#branch                         -6.5164e-11

 Reference value :  0.00000e+00
 Reference value :  1.62528e-07
 Reference value :  3.82428e-07
 Reference value :  6.30043e-07
 Reference value :  8.30443e-07
 Reference value :  9.91043e-07
 Reference value :  1.15255e-06
 Reference value :  1.31645e-06
 Reference value :  1.47055e-06
 Reference value :  1.62874e-06
 Reference value :  1.78804e-06
 Reference value :  1.94424e-06
 Reference value :  2.10925e-06
 Reference value :  2.26915e-06
 Reference value :  2.42825e-06
 Reference value :  2.58664e-06
 Reference value :  2.74914e-06
 Reference value :  2.91144e-06
 Reference value :  3.07015e-06
 Reference value :  3.23655e-06
 Reference value :  3.39825e-06
 Reference value :  3.55444e-06
 Reference value :  3.72857e-06
 Reference value :  3.92107e-06
 Reference value :  4.12285e-06
 Reference value :  4.31685e-06
 Reference value :  4.50007e-06
 Reference value :  4.68154e-06
 Reference value :  4.86514e-06
 Reference value :  5.04655e-06
 Reference value :  5.21645e-06
 Reference value :  5.37745e-06
 Reference value :  5.53424e-06
 Reference value :  5.69074e-06
 Reference value :  5.85074e-06
No. of Data Rows : 60177
q_rst_max           =  1.29416e-01 at=  1.50000e-06
s_rst_min           =  2.81605e+00 at=  1.00000e-06
q_rel               =  6.93295e-07
q_cap               =  3.30000e+00
mb_rst_min          =  3.15160e+00 at=  1.00000e-06
m_q_rst_max_v = 1.2941630000e-01
m_q_rst_max_frac = 3.9217060606e-02
m_s_rst_min_v = 2.8160480000e+00
m_s_rst_dev_frac = 1.4665212121e-01
m_mb_rst_min_v = 3.1515990000e+00
m_q_rel_v = 6.9329490000e-07
m_q_cap_v = 3.3000000000e+00
Note: Simulation executed from .control section 

Warning: m=xx on .subckt line will override multiplier m hierarchy!

