
Note: Compatibility modes selected: hs a


Circuit: * ro-inv-05stage-jitter @ tt_-40c_3.30v -- generated by sim/harness, do not edit

Doing analysis at TEMP = -40.000000 and TNOM = 27.000000

Using SPARSE 1.3 as Direct Linear Solver

Initial Transient Solution
--------------------------

Node                                   Voltage
----                                   -------
vdd                                        3.3
n2                                         3.3
g1                                           0
n3                                 4.45429e-09
g2                                         3.3
n4                                         3.3
g3                                 4.45429e-09
n5                                 4.45429e-09
g4                                         3.3
n1                                           0
g5                                 4.45429e-09
xing                                     -1.65
xs40                                     -1.32
xs60                                     -1.98
bs60#branch                                  0
bs40#branch                                  0
bxing#branch                                 0
vn5#branch                                   0
vn4#branch                                   0
vn3#branch                                   0
vn2#branch                                   0
vn1#branch                                   0
vdd#branch                         -0.00055977

 Reference value :  6.68500e-10
 Reference value :  3.85650e-09
 Reference value :  7.13850e-09
 Reference value :  1.07465e-08
 Reference value :  1.37285e-08
 Reference value :  1.66275e-08
 Reference value :  1.97592e-08
 Reference value :  2.30285e-08
 Reference value :  2.58600e-08
 Reference value :  2.87215e-08
 Reference value :  3.15785e-08
 Reference value :  3.45100e-08
 Reference value :  3.73125e-08
 Reference value :  4.01703e-08
 Reference value :  4.35865e-08
 Reference value :  4.68965e-08
 Reference value :  4.97825e-08
 Reference value :  5.25915e-08
 Reference value :  5.52792e-08
 Reference value :  5.79503e-08
 Reference value :  6.07845e-08
 Reference value :  6.37935e-08
 Reference value :  6.70225e-08
 Reference value :  6.99765e-08
 Reference value :  7.28803e-08
 Reference value :  7.56207e-08
 Reference value :  7.84535e-08
 Reference value :  8.12175e-08
 Reference value :  8.41565e-08
 Reference value :  8.71092e-08
 Reference value :  8.99107e-08
 Reference value :  9.27955e-08
 Reference value :  9.55800e-08
 Reference value :  9.83992e-08
 Reference value :  1.01102e-07
 Reference value :  1.04070e-07
 Reference value :  1.06961e-07
 Reference value :  1.09640e-07
 Reference value :  1.12415e-07
 Reference value :  1.15287e-07
 Reference value :  1.17953e-07
 Reference value :  1.20859e-07
 Reference value :  1.23724e-07
 Reference value :  1.26781e-07
 Reference value :  1.29554e-07
 Reference value :  1.32451e-07
 Reference value :  1.35166e-07
 Reference value :  1.37905e-07
 Reference value :  1.40796e-07
 Reference value :  1.43860e-07
 Reference value :  1.46809e-07
 Reference value :  1.50250e-07
 Reference value :  1.53420e-07
 Reference value :  1.56721e-07
 Reference value :  1.60092e-07
 Reference value :  1.63412e-07
 Reference value :  1.66554e-07
No. of Data Rows : 221009
ts40                =  2.20930e-09
ts60                =  2.22584e-09
tk                  =  5.79351e-10
tk                  =  1.12537e-09
tk                  =  1.67132e-09
tk                  =  2.21728e-09
tk                  =  2.76320e-09
tk                  =  3.30905e-09
tk                  =  3.85501e-09
tk                  =  4.40103e-09
tk                  =  4.94693e-09
tk                  =  5.49304e-09
tk                  =  6.03909e-09
tk                  =  6.58512e-09
tk                  =  7.13127e-09
tk                  =  7.67733e-09
tk                  =  8.22323e-09
tk                  =  8.76922e-09
tk                  =  9.31525e-09
tk                  =  9.86127e-09
tk                  =  1.04072e-08
tk                  =  1.09532e-08
tk                  =  1.14992e-08
tk                  =  1.20452e-08
tk                  =  1.25913e-08
tk                  =  1.31371e-08
tk                  =  1.36831e-08
tk                  =  1.42291e-08
tk                  =  1.47750e-08
tk                  =  1.53209e-08
tk                  =  1.58669e-08
tk                  =  1.64128e-08
tk                  =  1.69589e-08
tk                  =  1.75049e-08
tk                  =  1.80508e-08
tk                  =  1.85969e-08
tk                  =  1.91428e-08
tk                  =  1.96887e-08
tk                  =  2.02346e-08
tk                  =  2.07806e-08
tk                  =  2.13265e-08
tk                  =  2.18725e-08
tk                  =  2.24185e-08
tk                  =  2.29643e-08
tk                  =  2.35102e-08
tk                  =  2.40562e-08
tk                  =  2.46022e-08
tk                  =  2.51482e-08
tk                  =  2.56940e-08
tk                  =  2.62401e-08
tk                  =  2.67861e-08
tk                  =  2.73320e-08
tk                  =  2.78779e-08
tk                  =  2.84238e-08
tk                  =  2.89698e-08
tk                  =  2.95159e-08
tk                  =  3.00618e-08
tk                  =  3.06077e-08
tk                  =  3.11536e-08
tk                  =  3.16996e-08
tk                  =  3.22457e-08
tk                  =  3.27916e-08
tk                  =  3.33375e-08
tk                  =  3.38835e-08
tk                  =  3.44293e-08
tk                  =  3.49752e-08
tk                  =  3.55212e-08
tk                  =  3.60672e-08
tk                  =  3.66132e-08
tk                  =  3.71591e-08
tk                  =  3.77050e-08
tk                  =  3.82511e-08
tk                  =  3.87970e-08
tk                  =  3.93429e-08
tk                  =  3.98889e-08
tk                  =  4.04350e-08
tk                  =  4.09812e-08
tk                  =  4.15271e-08
tk                  =  4.20731e-08
tk                  =  4.26189e-08
tk                  =  4.31649e-08
tk                  =  4.37108e-08
tk                  =  4.42567e-08
tk                  =  4.48026e-08
tk                  =  4.53487e-08
tk                  =  4.58947e-08
tk                  =  4.64407e-08
tk                  =  4.69867e-08
tk                  =  4.75327e-08
tk                  =  4.80786e-08
tk                  =  4.86246e-08
tk                  =  4.91706e-08
tk                  =  4.97168e-08
tk                  =  5.02628e-08
tk                  =  5.08086e-08
tk                  =  5.13544e-08
tk                  =  5.19004e-08
tk                  =  5.24463e-08
tk                  =  5.29923e-08
tk                  =  5.35382e-08
tk                  =  5.40841e-08
tk                  =  5.46300e-08
tk                  =  5.51761e-08
tk                  =  5.57220e-08
tk                  =  5.62680e-08
tk                  =  5.68140e-08
tk                  =  5.73600e-08
tk                  =  5.79059e-08
tk                  =  5.84519e-08
tk                  =  5.89978e-08
tk                  =  5.95437e-08
tk                  =  6.00896e-08
tk                  =  6.06357e-08
tk                  =  6.11816e-08
tk                  =  6.17275e-08
tk                  =  6.22734e-08
tk                  =  6.28194e-08
tk                  =  6.33653e-08
tk                  =  6.39113e-08
tk                  =  6.44572e-08
tk                  =  6.50032e-08
tk                  =  6.55491e-08
tk                  =  6.60949e-08
tk                  =  6.66409e-08
tk                  =  6.71868e-08
tk                  =  6.77327e-08
tk                  =  6.82788e-08
tk                  =  6.88247e-08
tk                  =  6.93706e-08
tk                  =  6.99164e-08
tk                  =  7.04625e-08
m_period = 5.4596225625e-10
m_f_osc = 1.8316284479e+09
m_slew_v_per_s = 3.9915331116e+10
m_sigma_1 = 7.8945662315e-14
m_sigma_2 = 1.1123851072e-13
m_sigma_4 = 1.5580112990e-13
m_sigma_8 = 2.1834440129e-13
m_sigma_16 = 3.1118696637e-13
m_sigma_32 = 4.1512870028e-13
Note: Simulation executed from .control section 

Warning: m=xx on .subckt line will override multiplier m hierarchy!

