
Note: Compatibility modes selected: hs a


Circuit: * ro-inv-05stage-jitter @ tt_-40c_3.30v -- generated by sim/harness, do not edit

Doing analysis at TEMP = -40.000000 and TNOM = 27.000000

Using SPARSE 1.3 as Direct Linear Solver

Initial Transient Solution
--------------------------

Node                                   Voltage
----                                   -------
vdd                                        3.3
n2                                         3.3
g1                                           0
n3                                 4.45429e-09
g2                                         3.3
n4                                         3.3
g3                                 4.45429e-09
n5                                 4.45429e-09
g4                                         3.3
n1                                           0
g5                                 4.45429e-09
xing                                     -1.65
xs40                                     -1.32
xs60                                     -1.98
bs60#branch                                  0
bs40#branch                                  0
bxing#branch                                 0
vn5#branch                                   0
vn4#branch                                   0
vn3#branch                                   0
vn2#branch                                   0
vn1#branch                                   0
vdd#branch                         -0.00055977

 Reference value :  5.20700e-10
 Reference value :  3.78650e-09
 Reference value :  7.12925e-09
 Reference value :  1.07435e-08
 Reference value :  1.37135e-08
 Reference value :  1.66201e-08
 Reference value :  2.01103e-08
 Reference value :  2.33425e-08
 Reference value :  2.62400e-08
 Reference value :  2.92335e-08
 Reference value :  3.20507e-08
 Reference value :  3.48055e-08
 Reference value :  3.76800e-08
 Reference value :  4.04965e-08
 Reference value :  4.37703e-08
 Reference value :  4.73407e-08
 Reference value :  5.03965e-08
 Reference value :  5.32335e-08
 Reference value :  5.60785e-08
 Reference value :  5.88592e-08
 Reference value :  6.16485e-08
 Reference value :  6.46375e-08
 Reference value :  6.77100e-08
 Reference value :  7.06685e-08
 Reference value :  7.35215e-08
 Reference value :  7.64403e-08
 Reference value :  7.92945e-08
 Reference value :  8.20135e-08
 Reference value :  8.49325e-08
 Reference value :  8.82365e-08
 Reference value :  9.11107e-08
 Reference value :  9.39375e-08
 Reference value :  9.68465e-08
 Reference value :  9.95535e-08
 Reference value :  1.02344e-07
 Reference value :  1.05159e-07
 Reference value :  1.08278e-07
 Reference value :  1.10993e-07
 Reference value :  1.13863e-07
 Reference value :  1.16655e-07
 Reference value :  1.19399e-07
 Reference value :  1.22362e-07
 Reference value :  1.25074e-07
 Reference value :  1.27949e-07
 Reference value :  1.30675e-07
 Reference value :  1.33457e-07
 Reference value :  1.36293e-07
 Reference value :  1.38990e-07
 Reference value :  1.41780e-07
 Reference value :  1.44690e-07
 Reference value :  1.47646e-07
 Reference value :  1.51000e-07
 Reference value :  1.54109e-07
 Reference value :  1.57426e-07
 Reference value :  1.60781e-07
 Reference value :  1.64130e-07
 Reference value :  1.67320e-07
No. of Data Rows : 221009
ts40                =  2.20904e-09
ts60                =  2.22555e-09
tk                  =  5.79253e-10
tk                  =  1.12513e-09
tk                  =  1.67110e-09
tk                  =  2.21701e-09
tk                  =  2.76296e-09
tk                  =  3.30892e-09
tk                  =  3.85490e-09
tk                  =  4.40075e-09
tk                  =  4.94667e-09
tk                  =  5.49269e-09
tk                  =  6.03877e-09
tk                  =  6.58475e-09
tk                  =  7.13063e-09
tk                  =  7.67660e-09
tk                  =  8.22252e-09
tk                  =  8.76855e-09
tk                  =  9.31439e-09
tk                  =  9.86025e-09
tk                  =  1.04062e-08
tk                  =  1.09521e-08
tk                  =  1.14979e-08
tk                  =  1.20438e-08
tk                  =  1.25897e-08
tk                  =  1.31357e-08
tk                  =  1.36815e-08
tk                  =  1.42274e-08
tk                  =  1.47734e-08
tk                  =  1.53193e-08
tk                  =  1.58653e-08
tk                  =  1.64112e-08
tk                  =  1.69573e-08
tk                  =  1.75033e-08
tk                  =  1.80492e-08
tk                  =  1.85952e-08
tk                  =  1.91411e-08
tk                  =  1.96870e-08
tk                  =  2.02330e-08
tk                  =  2.07789e-08
tk                  =  2.13249e-08
tk                  =  2.18709e-08
tk                  =  2.24168e-08
tk                  =  2.29628e-08
tk                  =  2.35087e-08
tk                  =  2.40547e-08
tk                  =  2.46006e-08
tk                  =  2.51465e-08
tk                  =  2.56925e-08
tk                  =  2.62384e-08
tk                  =  2.67846e-08
tk                  =  2.73305e-08
tk                  =  2.78765e-08
tk                  =  2.84223e-08
tk                  =  2.89683e-08
tk                  =  2.95142e-08
tk                  =  3.00602e-08
tk                  =  3.06061e-08
tk                  =  3.11521e-08
tk                  =  3.16980e-08
tk                  =  3.22441e-08
tk                  =  3.27899e-08
tk                  =  3.33360e-08
tk                  =  3.38820e-08
tk                  =  3.44281e-08
tk                  =  3.49741e-08
tk                  =  3.55202e-08
tk                  =  3.60660e-08
tk                  =  3.66120e-08
tk                  =  3.71579e-08
tk                  =  3.77038e-08
tk                  =  3.82498e-08
tk                  =  3.87958e-08
tk                  =  3.93418e-08
tk                  =  3.98877e-08
tk                  =  4.04337e-08
tk                  =  4.09798e-08
tk                  =  4.15258e-08
tk                  =  4.20719e-08
tk                  =  4.26179e-08
tk                  =  4.31638e-08
tk                  =  4.37098e-08
tk                  =  4.42557e-08
tk                  =  4.48016e-08
tk                  =  4.53476e-08
tk                  =  4.58936e-08
tk                  =  4.64395e-08
tk                  =  4.69855e-08
tk                  =  4.75314e-08
tk                  =  4.80773e-08
tk                  =  4.86235e-08
tk                  =  4.91695e-08
tk                  =  4.97155e-08
tk                  =  5.02615e-08
tk                  =  5.08075e-08
tk                  =  5.13534e-08
tk                  =  5.18994e-08
tk                  =  5.24455e-08
tk                  =  5.29914e-08
tk                  =  5.35375e-08
tk                  =  5.40834e-08
tk                  =  5.46294e-08
tk                  =  5.51753e-08
tk                  =  5.57214e-08
tk                  =  5.62673e-08
tk                  =  5.68133e-08
tk                  =  5.73593e-08
tk                  =  5.79051e-08
tk                  =  5.84511e-08
tk                  =  5.89971e-08
tk                  =  5.95432e-08
tk                  =  6.00892e-08
tk                  =  6.06350e-08
tk                  =  6.11809e-08
tk                  =  6.17271e-08
tk                  =  6.22731e-08
tk                  =  6.28191e-08
tk                  =  6.33650e-08
tk                  =  6.39110e-08
tk                  =  6.44569e-08
tk                  =  6.50030e-08
tk                  =  6.55488e-08
tk                  =  6.60949e-08
tk                  =  6.66409e-08
tk                  =  6.71867e-08
tk                  =  6.77328e-08
tk                  =  6.82788e-08
tk                  =  6.88248e-08
tk                  =  6.93709e-08
tk                  =  6.99170e-08
tk                  =  7.04628e-08
m_period = 5.4596505469e-10
m_f_osc = 1.8316190595e+09
m_slew_v_per_s = 3.9966089379e+10
m_sigma_1 = 7.9270722082e-14
m_sigma_2 = 1.0714210879e-13
m_sigma_4 = 1.5105925298e-13
m_sigma_8 = 2.2638188141e-13
m_sigma_16 = 3.6398900757e-13
m_sigma_32 = 6.2565430287e-13
Note: Simulation executed from .control section 

Warning: m=xx on .subckt line will override multiplier m hierarchy!

