
Note: Compatibility modes selected: hs a


Circuit: * sampler-dff-reset-current-xsb @ ff_27c_3.63v -- generated by sim/harness, do not edit

Doing analysis at TEMP = 27.000000 and TNOM = 27.000000

Using SPARSE 1.3 as Direct Linear Solver

Initial Transient Solution
--------------------------

Node                                   Voltage
----                                   -------
vdd                                       3.63
rst_n                                        0
clk                                          0
d                                            0
xdut.clkb                                 3.63
xdut.m                             3.48598e-08
xdut.mb                                   3.63
xdut.mmid                            0.0885017
xdut.mc                            3.66116e-08
xdut.s                                    3.63
q                                  1.88584e-08
xdut.qb                                   3.63
xdut.s2mid                           0.0885016
qint                               6.01152e-21
vd#branch                           1.1034e-11
vdd#branch                        -7.11492e-11
vclk#branch                                  0
vrst#branch                                  0

 Reference value :  0.00000e+00
 Reference value :  1.43105e-09
 Reference value :  2.81705e-09
 Reference value :  4.25165e-09
No. of Data Rows : 4720
qint1               =  1.96594e-06
qint2               =  2.02376e-06
qint3               =  2.04394e-06
qout_rst            =  -1.55488e-06
m_i_reset_xsb_a = 1.9501000000e-08
m_p_reset_xsb_w = 7.0788630000e-08
m_i_reset_xsb_first_a = 2.8912000000e-08
m_i_reset_xsb_last_a = 1.0090000000e-08
m_q_v = -1.554877000e-06
Note: Simulation executed from .control section 

Warning: m=xx on .subckt line will override multiplier m hierarchy!

