
Note: Compatibility modes selected: hs a


Circuit: * sampler-dff-active-current @ sf_-40c_2.97v -- generated by sim/harness, do not edit

Doing analysis at TEMP = -40.000000 and TNOM = 27.000000

Using SPARSE 1.3 as Direct Linear Solver

Initial Transient Solution
--------------------------

Node                                   Voltage
----                                   -------
vsup                                      2.97
clk                                          0
rst_n                                        0
d                                            0
vddv                                      2.97
vddb                                      2.97
xsv.clkb                                  2.97
xsv.m                                     2.97
xsv.mb                                    2.97
xsv.mmid                               2.26456
xsv.mc                              3.0895e-08
xsv.s                                     2.97
qv                                 1.54473e-08
xsv.qb                                    2.97
xsv.s2mid                          1.74217e-05
xsb.clkb                                  2.97
xsb.m                              3.08453e-08
xsb.mb                                    2.97
xsb.mmid                           1.74218e-05
xsb.mc                             3.08944e-08
xsb.s                                     2.97
qb                                 1.54473e-08
xsb.qb                                    2.97
xsb.s2mid                          1.74217e-05
q1                                -4.31697e-21
q2                                -4.75754e-21
vd#branch                           8.9219e-12
vr2#branch                         3.86535e-11
vr1#branch                         4.31697e-11
vrst#branch                                  0
vclk#branch                                  0
vsup#branch                       -8.18232e-11

 Reference value :  0.00000e+00
 Reference value :  9.83777e-09
 Reference value :  1.95025e-08
 Reference value :  3.16578e-08
 Reference value :  4.11768e-08
 Reference value :  5.29368e-08
No. of Data Rows : 3769
q1a                 =  -1.54216e-05
q1b                 =  -1.54219e-05
q1c                 =  -2.22656e-05
q1d                 =  -2.22659e-05
q1e                 =  -2.22656e-05
q1f                 =  -2.90973e-05
q2a                 =  -8.26368e-05
q2b                 =  -8.26370e-05
q2c                 =  -1.03806e-04
q2d                 =  -1.46108e-04
q2e                 =  -1.03806e-04
q2f                 =  -1.81953e-04
qv_pre              =  1.54474e-08
qv_post             =  2.97000e+00
qb_pre              =  -1.38354e-07
qb_post             =  2.97000e+00
vdd_mean            =  2.97000e+00 from=  3.20000e-08 to=  5.30168e-08
m_q_d_shut_c = 4.3333333334e-20
m_q_d_open_c = 7.0502500000e-15
m_e_d_shut_j = 1.2870000000e-19
m_e_d_open_j = 2.0939242500e-14
m_q_clkcyc_xsv_c = 6.8316500000e-15
m_e_clkcyc_xsv_j = 2.0290000500e-14
m_q_clkcyc_xsb_resid_c = 5.9291666667e-16
m_q_cyc_xsb_total_c = 7.8146100000e-14
m_q_d_shut_xsv_c = 4.5000000000e-20
m_q_d_open_xsv_c = 4.5000000000e-20
m_vdd_mean_v = 2.9700000000e+00
m_qv_pre_v = 1.5447380000e-08
m_qv_post_v = 2.9700000000e+00
m_qb_pre_v = -1.383537000e-07
m_qb_post_v = 2.9700000000e+00
Note: Simulation executed from .control section 

Warning: m=xx on .subckt line will override multiplier m hierarchy!

