
Note: Compatibility modes selected: hs a


Circuit: * ro-ring5-starved-jitter-long @ ff_-40c_3.63v -- generated by sim/harness, do not edit

Doing analysis at TEMP = -40.000000 and TNOM = 27.000000

Using SPARSE 1.3 as Direct Linear Solver

Initial Transient Solution
--------------------------

Node                                   Voltage
----                                   -------
vsup                                      3.63
en                                        3.63
vddr1                                     3.63
xg1.py                                 1.62993
n11                                          0
g10                                  9.098e-08
xg1.nm                            8.21485e-100
xg1.ny                            7.58615e-100
x11.py                                    3.63
n12                                       3.63
g11                                          0
x11.ny                             2.30658e-09
x12.py                                    3.63
n13                                  9.098e-08
g12                                       3.63
x12.ny                             7.58087e-08
x13.py                                    3.63
n14                                       3.63
g13                                  9.098e-08
x13.ny                             2.30659e-09
x14.py                                    3.63
ro1                                  9.098e-08
g14                                       3.63
x14.ny                             7.58087e-08
q1                                -1.71468e-15
x1                                      -1.815
bx1#branch                                   0
vr1#branch                         1.71468e-05
vn14#branch                                  0
vn13#branch                                  0
vn12#branch                                  0
vn11#branch                                  0
vn10#branch                        1.37673e-24
ven#branch                                   0
vsup#branch                       -1.71468e-05

 Reference value :  0.00000e+00
 Reference value :  1.31450e-09
 Reference value :  2.88925e-09
 Reference value :  4.11350e-09
 Reference value :  5.50350e-09
 Reference value :  6.70650e-09
 Reference value :  7.90925e-09
 Reference value :  9.11450e-09
 Reference value :  1.04603e-08
 Reference value :  1.19335e-08
 Reference value :  1.32975e-08
 Reference value :  1.54401e-08
 Reference value :  1.67955e-08
 Reference value :  1.79992e-08
 Reference value :  1.92301e-08
 Reference value :  2.07275e-08
 Reference value :  2.20725e-08
 Reference value :  2.35055e-08
 Reference value :  2.47085e-08
 Reference value :  2.59401e-08
 Reference value :  2.71803e-08
 Reference value :  2.84965e-08
 Reference value :  2.99592e-08
 Reference value :  3.11803e-08
 Reference value :  3.26375e-08
 Reference value :  3.38400e-08
 Reference value :  3.50701e-08
 Reference value :  3.63125e-08
 Reference value :  3.77235e-08
 Reference value :  3.89845e-08
 Reference value :  4.02125e-08
 Reference value :  4.15155e-08
 Reference value :  4.28025e-08
 Reference value :  4.41101e-08
 Reference value :  4.53292e-08
 Reference value :  4.65300e-08
 Reference value :  4.77875e-08
 Reference value :  4.90901e-08
 Reference value :  5.03035e-08
 Reference value :  5.16200e-08
 Reference value :  5.28715e-08
 Reference value :  5.42407e-08
 Reference value :  5.55707e-08
 Reference value :  5.67955e-08
 Reference value :  5.80255e-08
 Reference value :  5.92692e-08
 Reference value :  6.05135e-08
 Reference value :  6.17465e-08
 Reference value :  6.29300e-08
 Reference value :  6.41300e-08
 Reference value :  6.53615e-08
 Reference value :  6.65901e-08
 Reference value :  6.78085e-08
 Reference value :  6.90235e-08
 Reference value :  7.02165e-08
 Reference value :  7.15015e-08
 Reference value :  7.27085e-08
 Reference value :  7.38975e-08
 Reference value :  7.51300e-08
 Reference value :  7.63425e-08
 Reference value :  7.75400e-08
 Reference value :  7.87607e-08
 Reference value :  7.99485e-08
 Reference value :  8.11745e-08
 Reference value :  8.23925e-08
 Reference value :  8.35907e-08
 Reference value :  8.47925e-08
 Reference value :  8.60207e-08
 Reference value :  8.72245e-08
 Reference value :  8.84245e-08
 Reference value :  8.96445e-08
 Reference value :  9.08845e-08
 Reference value :  9.21192e-08
 Reference value :  9.33335e-08
 Reference value :  9.45725e-08
 Reference value :  9.58365e-08
 Reference value :  9.70192e-08
 Reference value :  9.82535e-08
 Reference value :  9.94785e-08
 Reference value :  1.00688e-07
 Reference value :  1.01965e-07
 Reference value :  1.03201e-07
 Reference value :  1.04390e-07
 Reference value :  1.05570e-07
 Reference value :  1.06818e-07
 Reference value :  1.08043e-07
 Reference value :  1.09235e-07
 Reference value :  1.10449e-07
 Reference value :  1.11669e-07
 Reference value :  1.12900e-07
 Reference value :  1.14140e-07
 Reference value :  1.15767e-07
 Reference value :  1.17210e-07
 Reference value :  1.18644e-07
 Reference value :  1.19824e-07
 Reference value :  1.21063e-07
 Reference value :  1.22301e-07
 Reference value :  1.23554e-07
 Reference value :  1.24770e-07
 Reference value :  1.25990e-07
 Reference value :  1.27425e-07
 Reference value :  1.28943e-07
 Reference value :  1.30311e-07
 Reference value :  1.31530e-07
 Reference value :  1.32740e-07
 Reference value :  1.33914e-07
 Reference value :  1.35141e-07
 Reference value :  1.36641e-07
 Reference value :  1.38091e-07
 Reference value :  1.39513e-07
 Reference value :  1.40808e-07
 Reference value :  1.42044e-07
 Reference value :  1.43399e-07
 Reference value :  1.45064e-07
 Reference value :  1.46421e-07
 Reference value :  1.47677e-07
 Reference value :  1.48921e-07
 Reference value :  1.50200e-07
 Reference value :  1.51420e-07
 Reference value :  1.52700e-07
 Reference value :  1.54079e-07
 Reference value :  1.55411e-07
 Reference value :  1.56684e-07
 Reference value :  1.57912e-07
 Reference value :  1.59121e-07
 Reference value :  1.60304e-07
 Reference value :  1.61551e-07
 Reference value :  1.62752e-07
 Reference value :  1.64035e-07
 Reference value :  1.65236e-07
 Reference value :  1.66444e-07
 Reference value :  1.67664e-07
 Reference value :  1.68907e-07
 Reference value :  1.70235e-07
 Reference value :  1.71540e-07
 Reference value :  1.72750e-07
 Reference value :  1.73952e-07
 Reference value :  1.75160e-07
 Reference value :  1.76370e-07
 Reference value :  1.77581e-07
 Reference value :  1.78768e-07
 Reference value :  1.79964e-07
 Reference value :  1.81210e-07
 Reference value :  1.82390e-07
 Reference value :  1.83573e-07
 Reference value :  1.84781e-07
 Reference value :  1.86057e-07
 Reference value :  1.87355e-07
 Reference value :  1.88603e-07
 Reference value :  1.89867e-07
 Reference value :  1.91139e-07
 Reference value :  1.92467e-07
 Reference value :  1.93749e-07
 Reference value :  1.95050e-07
 Reference value :  1.96381e-07
 Reference value :  1.97668e-07
 Reference value :  1.98963e-07
 Reference value :  2.00231e-07
 Reference value :  2.01522e-07
 Reference value :  2.02798e-07
 Reference value :  2.04061e-07
 Reference value :  2.05330e-07
 Reference value :  2.06585e-07
 Reference value :  2.07867e-07
 Reference value :  2.09124e-07
 Reference value :  2.10404e-07
 Reference value :  2.11664e-07
 Reference value :  2.12913e-07
 Reference value :  2.14242e-07
 Reference value :  2.15497e-07
 Reference value :  2.16767e-07
 Reference value :  2.18112e-07
 Reference value :  2.19498e-07
 Reference value :  2.20758e-07
 Reference value :  2.22023e-07
 Reference value :  2.23317e-07
 Reference value :  2.24600e-07
 Reference value :  2.25893e-07
 Reference value :  2.27149e-07
 Reference value :  2.28420e-07
 Reference value :  2.29760e-07
 Reference value :  2.31141e-07
 Reference value :  2.32437e-07
 Reference value :  2.33800e-07
 Reference value :  2.35094e-07
 Reference value :  2.36371e-07
 Reference value :  2.37696e-07
 Reference value :  2.38960e-07
 Reference value :  2.40211e-07
 Reference value :  2.41467e-07
 Reference value :  2.42750e-07
 Reference value :  2.44105e-07
 Reference value :  2.45780e-07
 Reference value :  2.47130e-07
 Reference value :  2.48500e-07
 Reference value :  2.49879e-07
 Reference value :  2.51207e-07
 Reference value :  2.52584e-07
 Reference value :  2.54310e-07
 Reference value :  2.56110e-07
 Reference value :  2.57517e-07
 Reference value :  2.58779e-07
 Reference value :  2.60023e-07
 Reference value :  2.61323e-07
 Reference value :  2.62597e-07
 Reference value :  2.63936e-07
 Reference value :  2.65226e-07
 Reference value :  2.66513e-07
 Reference value :  2.67843e-07
 Reference value :  2.69291e-07
 Reference value :  2.70653e-07
 Reference value :  2.71964e-07
 Reference value :  2.73220e-07
 Reference value :  2.74486e-07
 Reference value :  2.75717e-07
 Reference value :  2.77018e-07
 Reference value :  2.78262e-07
 Reference value :  2.79530e-07
 Reference value :  2.80800e-07
 Reference value :  2.82074e-07
 Reference value :  2.83354e-07
 Reference value :  2.84629e-07
 Reference value :  2.85900e-07
 Reference value :  2.87131e-07
 Reference value :  2.88398e-07
 Reference value :  2.89670e-07
 Reference value :  2.90980e-07
 Reference value :  2.92272e-07
 Reference value :  2.93531e-07
 Reference value :  2.94819e-07
 Reference value :  2.96098e-07
 Reference value :  2.97360e-07
 Reference value :  2.98646e-07
 Reference value :  2.99896e-07
 Reference value :  3.01149e-07
 Reference value :  3.02409e-07
 Reference value :  3.03739e-07
 Reference value :  3.04992e-07
 Reference value :  3.06343e-07
 Reference value :  3.07632e-07
 Reference value :  3.08871e-07
 Reference value :  3.10189e-07
 Reference value :  3.11461e-07
 Reference value :  3.12741e-07
 Reference value :  3.14013e-07
 Reference value :  3.15273e-07
 Reference value :  3.16529e-07
 Reference value :  3.17784e-07
 Reference value :  3.19126e-07
 Reference value :  3.20388e-07
 Reference value :  3.21641e-07
 Reference value :  3.22909e-07
 Reference value :  3.24242e-07
 Reference value :  3.25487e-07
 Reference value :  3.26734e-07
 Reference value :  3.27940e-07
 Reference value :  3.29203e-07
 Reference value :  3.30450e-07
 Reference value :  3.31724e-07
 Reference value :  3.33032e-07
 Reference value :  3.34365e-07
 Reference value :  3.35658e-07
 Reference value :  3.36947e-07
 Reference value :  3.38227e-07
 Reference value :  3.39540e-07
 Reference value :  3.40776e-07
 Reference value :  3.42020e-07
 Reference value :  3.43279e-07
 Reference value :  3.44620e-07
 Reference value :  3.45894e-07
 Reference value :  3.47152e-07
 Reference value :  3.48818e-07
 Reference value :  3.50291e-07
 Reference value :  3.51537e-07
 Reference value :  3.52848e-07
 Reference value :  3.54096e-07
 Reference value :  3.55344e-07
 Reference value :  3.56600e-07
 Reference value :  3.57842e-07
 Reference value :  3.59061e-07
 Reference value :  3.60324e-07
 Reference value :  3.61592e-07
 Reference value :  3.62817e-07
 Reference value :  3.64051e-07
 Reference value :  3.65324e-07
 Reference value :  3.66560e-07
 Reference value :  3.67820e-07
 Reference value :  3.69104e-07
 Reference value :  3.70403e-07
 Reference value :  3.71737e-07
 Reference value :  3.72997e-07
 Reference value :  3.74308e-07
 Reference value :  3.75550e-07
 Reference value :  3.76881e-07
 Reference value :  3.78264e-07
 Reference value :  3.79607e-07
 Reference value :  3.80920e-07
 Reference value :  3.82239e-07
 Reference value :  3.83582e-07
 Reference value :  3.84901e-07
 Reference value :  3.86182e-07
 Reference value :  3.87501e-07
 Reference value :  3.88806e-07
 Reference value :  3.90104e-07
 Reference value :  3.91550e-07
 Reference value :  3.93000e-07
 Reference value :  3.94353e-07
 Reference value :  3.95740e-07
 Reference value :  3.97102e-07
 Reference value :  3.98418e-07
 Reference value :  3.99957e-07
 Reference value :  4.01419e-07
 Reference value :  4.02860e-07
 Reference value :  4.04330e-07
 Reference value :  4.05868e-07
 Reference value :  4.07278e-07
 Reference value :  4.08688e-07
 Reference value :  4.10206e-07
 Reference value :  4.11628e-07
 Reference value :  4.13038e-07
 Reference value :  4.14433e-07
 Reference value :  4.15886e-07
 Reference value :  4.17283e-07
 Reference value :  4.18667e-07
 Reference value :  4.20106e-07
 Reference value :  4.21483e-07
 Reference value :  4.22808e-07
 Reference value :  4.24187e-07
 Reference value :  4.25491e-07
 Reference value :  4.26829e-07
 Reference value :  4.28197e-07
 Reference value :  4.29511e-07
 Reference value :  4.30711e-07
 Reference value :  4.31967e-07
 Reference value :  4.33347e-07
 Reference value :  4.34755e-07
 Reference value :  4.36166e-07
 Reference value :  4.37561e-07
 Reference value :  4.38851e-07
 Reference value :  4.40157e-07
 Reference value :  4.41481e-07
 Reference value :  4.42822e-07
 Reference value :  4.44290e-07
 Reference value :  4.45653e-07
 Reference value :  4.46982e-07
 Reference value :  4.48260e-07
 Reference value :  4.49622e-07
 Reference value :  4.51020e-07
 Reference value :  4.52364e-07
 Reference value :  4.53799e-07
 Reference value :  4.55256e-07
 Reference value :  4.56710e-07
 Reference value :  4.58287e-07
 Reference value :  4.59836e-07
 Reference value :  4.61490e-07
 Reference value :  4.62990e-07
 Reference value :  4.64542e-07
 Reference value :  4.66249e-07
 Reference value :  4.67827e-07
 Reference value :  4.69238e-07
 Reference value :  4.70671e-07
 Reference value :  4.72449e-07
 Reference value :  4.73995e-07
 Reference value :  4.75581e-07
 Reference value :  4.77069e-07
 Reference value :  4.78545e-07
 Reference value :  4.79914e-07
 Reference value :  4.81277e-07
 Reference value :  4.82740e-07
 Reference value :  4.84120e-07
 Reference value :  4.85620e-07
 Reference value :  4.87006e-07
 Reference value :  4.88411e-07
 Reference value :  4.89866e-07
 Reference value :  4.91301e-07
 Reference value :  4.92625e-07
 Reference value :  4.94081e-07
 Reference value :  4.95536e-07
 Reference value :  4.96911e-07
 Reference value :  4.98436e-07
 Reference value :  4.99953e-07
 Reference value :  5.01388e-07
 Reference value :  5.02898e-07
 Reference value :  5.04347e-07
 Reference value :  5.05790e-07
 Reference value :  5.07151e-07
 Reference value :  5.08958e-07
 Reference value :  5.10586e-07
 Reference value :  5.12237e-07
 Reference value :  5.13580e-07
 Reference value :  5.15156e-07
 Reference value :  5.16730e-07
 Reference value :  5.18279e-07
 Reference value :  5.19577e-07
 Reference value :  5.20912e-07
 Reference value :  5.22271e-07
 Reference value :  5.23591e-07
 Reference value :  5.25093e-07
 Reference value :  5.26669e-07
 Reference value :  5.28847e-07
 Reference value :  5.31064e-07
 Reference value :  5.33240e-07
 Reference value :  5.35325e-07
 Reference value :  5.37361e-07
 Reference value :  5.39449e-07
 Reference value :  5.41481e-07
 Reference value :  5.43474e-07
 Reference value :  5.45485e-07
 Reference value :  5.47415e-07
 Reference value :  5.49503e-07
 Reference value :  5.51571e-07
 Reference value :  5.53660e-07
 Reference value :  5.55605e-07
 Reference value :  5.57600e-07
 Reference value :  5.59690e-07
 Reference value :  5.61640e-07
 Reference value :  5.63592e-07
 Reference value :  5.65573e-07
 Reference value :  5.67517e-07
 Reference value :  5.69529e-07
 Reference value :  5.71427e-07
 Reference value :  5.73431e-07
 Reference value :  5.75350e-07
 Reference value :  5.77220e-07
 Reference value :  5.78861e-07
 Reference value :  5.80193e-07
 Reference value :  5.81547e-07
 Reference value :  5.82910e-07
 Reference value :  5.84329e-07
 Reference value :  5.85679e-07
 Reference value :  5.87069e-07
 Reference value :  5.88451e-07
 Reference value :  5.89825e-07
 Reference value :  5.91185e-07
 Reference value :  5.92494e-07
 Reference value :  5.93870e-07
 Reference value :  5.95302e-07
 Reference value :  5.96629e-07
 Reference value :  5.98092e-07
 Reference value :  5.99593e-07
 Reference value :  6.01271e-07
 Reference value :  6.02816e-07
 Reference value :  6.04210e-07
 Reference value :  6.05584e-07
 Reference value :  6.07129e-07
 Reference value :  6.09007e-07
 Reference value :  6.11125e-07
 Reference value :  6.13381e-07
 Reference value :  6.15711e-07
 Reference value :  6.17950e-07
 Reference value :  6.20044e-07
 Reference value :  6.22238e-07
 Reference value :  6.24023e-07
 Reference value :  6.25815e-07
 Reference value :  6.27923e-07
 Reference value :  6.30089e-07
 Reference value :  6.31600e-07
 Reference value :  6.33041e-07
 Reference value :  6.34420e-07
 Reference value :  6.35800e-07
 Reference value :  6.37093e-07
 Reference value :  6.38410e-07
 Reference value :  6.39752e-07
 Reference value :  6.41134e-07
 Reference value :  6.42441e-07
 Reference value :  6.43755e-07
 Reference value :  6.45140e-07
 Reference value :  6.46438e-07
 Reference value :  6.47700e-07
 Reference value :  6.49221e-07
 Reference value :  6.50483e-07
 Reference value :  6.51785e-07
 Reference value :  6.53170e-07
 Reference value :  6.54440e-07
 Reference value :  6.55698e-07
 Reference value :  6.57023e-07
 Reference value :  6.58311e-07
 Reference value :  6.59600e-07
 Reference value :  6.60936e-07
 Reference value :  6.62297e-07
 Reference value :  6.63574e-07
 Reference value :  6.64828e-07
 Reference value :  6.66068e-07
 Reference value :  6.67341e-07
 Reference value :  6.68691e-07
 Reference value :  6.70132e-07
 Reference value :  6.71682e-07
 Reference value :  6.73313e-07
 Reference value :  6.74557e-07
 Reference value :  6.76016e-07
 Reference value :  6.77342e-07
 Reference value :  6.78703e-07
 Reference value :  6.79986e-07
 Reference value :  6.81290e-07
 Reference value :  6.82542e-07
 Reference value :  6.83824e-07
 Reference value :  6.85107e-07
 Reference value :  6.86491e-07
 Reference value :  6.87860e-07
 Reference value :  6.89387e-07
 Reference value :  6.90911e-07
 Reference value :  6.92320e-07
 Reference value :  6.93620e-07
 Reference value :  6.94896e-07
 Reference value :  6.96265e-07
 Reference value :  6.97884e-07
 Reference value :  6.99231e-07
 Reference value :  7.00612e-07
 Reference value :  7.01965e-07
 Reference value :  7.03254e-07
 Reference value :  7.04580e-07
 Reference value :  7.05830e-07
 Reference value :  7.07197e-07
 Reference value :  7.08421e-07
 Reference value :  7.09730e-07
 Reference value :  7.10995e-07
 Reference value :  7.12202e-07
 Reference value :  7.13456e-07
 Reference value :  7.14680e-07
 Reference value :  7.15871e-07
 Reference value :  7.17081e-07
 Reference value :  7.18331e-07
 Reference value :  7.19546e-07
 Reference value :  7.20803e-07
 Reference value :  7.22011e-07
 Reference value :  7.23260e-07
 Reference value :  7.24490e-07
 Reference value :  7.25700e-07
 Reference value :  7.26977e-07
 Reference value :  7.28180e-07
 Reference value :  7.29372e-07
 Reference value :  7.30592e-07
 Reference value :  7.31834e-07
 Reference value :  7.33032e-07
 Reference value :  7.34230e-07
 Reference value :  7.35460e-07
 Reference value :  7.36680e-07
 Reference value :  7.37858e-07
 Reference value :  7.39042e-07
 Reference value :  7.40293e-07
 Reference value :  7.41496e-07
 Reference value :  7.42690e-07
 Reference value :  7.43941e-07
 Reference value :  7.45149e-07
 Reference value :  7.46354e-07
 Reference value :  7.47569e-07
 Reference value :  7.48791e-07
 Reference value :  7.50020e-07
 Reference value :  7.51209e-07
 Reference value :  7.52415e-07
 Reference value :  7.53613e-07
 Reference value :  7.54812e-07
 Reference value :  7.56119e-07
 Reference value :  7.57343e-07
 Reference value :  7.58559e-07
 Reference value :  7.59787e-07
 Reference value :  7.61000e-07
 Reference value :  7.62195e-07
 Reference value :  7.63431e-07
 Reference value :  7.64626e-07
 Reference value :  7.65829e-07
 Reference value :  7.67048e-07
 Reference value :  7.68282e-07
 Reference value :  7.69475e-07
 Reference value :  7.70675e-07
 Reference value :  7.71967e-07
 Reference value :  7.73654e-07
 Reference value :  7.75238e-07
 Reference value :  7.76546e-07
 Reference value :  7.77765e-07
 Reference value :  7.78980e-07
 Reference value :  7.80187e-07
 Reference value :  7.81411e-07
 Reference value :  7.82615e-07
 Reference value :  7.83840e-07
 Reference value :  7.85059e-07
 Reference value :  7.86267e-07
 Reference value :  7.87501e-07
 Reference value :  7.88781e-07
 Reference value :  7.90019e-07
 Reference value :  7.91234e-07
 Reference value :  7.92475e-07
 Reference value :  7.93687e-07
 Reference value :  7.94891e-07
 Reference value :  7.96085e-07
 Reference value :  7.97300e-07
 Reference value :  7.98547e-07
 Reference value :  7.99762e-07
 Reference value :  8.00964e-07
 Reference value :  8.02170e-07
 Reference value :  8.03391e-07
 Reference value :  8.04595e-07
 Reference value :  8.05830e-07
 Reference value :  8.07036e-07
 Reference value :  8.08282e-07
 Reference value :  8.09480e-07
 Reference value :  8.10761e-07
 Reference value :  8.11947e-07
 Reference value :  8.13140e-07
 Reference value :  8.14372e-07
 Reference value :  8.15579e-07
 Reference value :  8.16807e-07
 Reference value :  8.18020e-07
 Reference value :  8.19197e-07
 Reference value :  8.20396e-07
 Reference value :  8.21745e-07
 Reference value :  8.22981e-07
 Reference value :  8.24354e-07
 Reference value :  8.25589e-07
 Reference value :  8.26781e-07
 Reference value :  8.28015e-07
 Reference value :  8.29221e-07
 Reference value :  8.30431e-07
 Reference value :  8.31686e-07
 Reference value :  8.32890e-07
 Reference value :  8.34120e-07
 Reference value :  8.35321e-07
 Reference value :  8.36526e-07
 Reference value :  8.37710e-07
 Reference value :  8.39336e-07
 Reference value :  8.40511e-07
 Reference value :  8.41719e-07
 Reference value :  8.42971e-07
 Reference value :  8.44218e-07
 Reference value :  8.45637e-07
 Reference value :  8.47443e-07
 Reference value :  8.48703e-07
 Reference value :  8.50176e-07
 Reference value :  8.51420e-07
 Reference value :  8.52601e-07
 Reference value :  8.53797e-07
 Reference value :  8.54993e-07
 Reference value :  8.56220e-07
 Reference value :  8.57784e-07
 Reference value :  8.59364e-07
 Reference value :  8.60586e-07
 Reference value :  8.62101e-07
 Reference value :  8.63317e-07
 Reference value :  8.64573e-07
 Reference value :  8.65802e-07
 Reference value :  8.66988e-07
 Reference value :  8.68228e-07
 Reference value :  8.69781e-07
 Reference value :  8.71195e-07
 Reference value :  8.72585e-07
 Reference value :  8.74113e-07
 Reference value :  8.75391e-07
 Reference value :  8.76575e-07
 Reference value :  8.77793e-07
 Reference value :  8.79019e-07
 Reference value :  8.80257e-07
 Reference value :  8.81608e-07
 Reference value :  8.82957e-07
 Reference value :  8.84246e-07
 Reference value :  8.85692e-07
 Reference value :  8.86954e-07
 Reference value :  8.88140e-07
 Reference value :  8.89345e-07
 Reference value :  8.90544e-07
 Reference value :  8.91753e-07
 Reference value :  8.92972e-07
 Reference value :  8.94449e-07
 Reference value :  8.95767e-07
 Reference value :  8.97080e-07
 Reference value :  8.98300e-07
 Reference value :  8.99492e-07
 Reference value :  9.00701e-07
 Reference value :  9.01926e-07
 Reference value :  9.03140e-07
 Reference value :  9.04343e-07
 Reference value :  9.05875e-07
 Reference value :  9.07261e-07
 Reference value :  9.08463e-07
 Reference value :  9.09812e-07
 Reference value :  9.11026e-07
 Reference value :  9.12285e-07
 Reference value :  9.13478e-07
 Reference value :  9.14680e-07
 Reference value :  9.15907e-07
 Reference value :  9.17140e-07
 Reference value :  9.18331e-07
 Reference value :  9.19550e-07
 Reference value :  9.20755e-07
 Reference value :  9.21914e-07
 Reference value :  9.23119e-07
 Reference value :  9.24332e-07
 Reference value :  9.25550e-07
 Reference value :  9.26712e-07
 Reference value :  9.27921e-07
 Reference value :  9.29133e-07
 Reference value :  9.30341e-07
 Reference value :  9.31571e-07
 Reference value :  9.32775e-07
 Reference value :  9.33982e-07
 Reference value :  9.35173e-07
 Reference value :  9.36411e-07
 Reference value :  9.37648e-07
 Reference value :  9.38864e-07
 Reference value :  9.40104e-07
 Reference value :  9.41358e-07
 Reference value :  9.42607e-07
 Reference value :  9.43809e-07
 Reference value :  9.44999e-07
 Reference value :  9.46201e-07
 Reference value :  9.47383e-07
 Reference value :  9.48620e-07
 Reference value :  9.49835e-07
 Reference value :  9.51039e-07
 Reference value :  9.52241e-07
 Reference value :  9.53456e-07
 Reference value :  9.54655e-07
 Reference value :  9.55850e-07
 Reference value :  9.57053e-07
 Reference value :  9.58312e-07
 Reference value :  9.59518e-07
 Reference value :  9.60701e-07
 Reference value :  9.61902e-07
 Reference value :  9.63140e-07
 Reference value :  9.64325e-07
 Reference value :  9.65510e-07
 Reference value :  9.66735e-07
 Reference value :  9.67931e-07
 Reference value :  9.69130e-07
 Reference value :  9.70323e-07
 Reference value :  9.71566e-07
 Reference value :  9.72789e-07
 Reference value :  9.74024e-07
 Reference value :  9.75291e-07
 Reference value :  9.76510e-07
 Reference value :  9.77761e-07
 Reference value :  9.79020e-07
 Reference value :  9.80285e-07
 Reference value :  9.81477e-07
 Reference value :  9.82689e-07
 Reference value :  9.83874e-07
 Reference value :  9.85100e-07
 Reference value :  9.86277e-07
 Reference value :  9.87490e-07
 Reference value :  9.88687e-07
 Reference value :  9.89878e-07
 Reference value :  9.91117e-07
 Reference value :  9.92320e-07
 Reference value :  9.93520e-07
 Reference value :  9.94771e-07
 Reference value :  9.95962e-07
 Reference value :  9.97166e-07
 Reference value :  9.98369e-07
 Reference value :  9.99548e-07
 Reference value :  1.00073e-06
 Reference value :  1.00198e-06
 Reference value :  1.00318e-06
 Reference value :  1.00437e-06
 Reference value :  1.00558e-06
 Reference value :  1.00677e-06
 Reference value :  1.00801e-06
 Reference value :  1.00920e-06
 Reference value :  1.01042e-06
 Reference value :  1.01162e-06
 Reference value :  1.01286e-06
 Reference value :  1.01407e-06
 Reference value :  1.01530e-06
 Reference value :  1.01654e-06
 Reference value :  1.01773e-06
 Reference value :  1.01894e-06
 Reference value :  1.02017e-06
 Reference value :  1.02139e-06
 Reference value :  1.02261e-06
 Reference value :  1.02389e-06
 Reference value :  1.02512e-06
 Reference value :  1.02636e-06
 Reference value :  1.02758e-06
 Reference value :  1.02880e-06
 Reference value :  1.02999e-06
 Reference value :  1.03123e-06
 Reference value :  1.03245e-06
 Reference value :  1.03364e-06
 Reference value :  1.03486e-06
 Reference value :  1.03610e-06
 Reference value :  1.03731e-06
 Reference value :  1.03856e-06
 Reference value :  1.03977e-06
 Reference value :  1.04099e-06
 Reference value :  1.04222e-06
 Reference value :  1.04345e-06
 Reference value :  1.04465e-06
 Reference value :  1.04590e-06
 Reference value :  1.04715e-06
 Reference value :  1.04839e-06
 Reference value :  1.04965e-06
 Reference value :  1.05089e-06
 Reference value :  1.05210e-06
 Reference value :  1.05334e-06
 Reference value :  1.05457e-06
 Reference value :  1.05577e-06
 Reference value :  1.05699e-06
 Reference value :  1.05872e-06
 Reference value :  1.06066e-06
 Reference value :  1.06235e-06
 Reference value :  1.06357e-06
 Reference value :  1.06519e-06
 Reference value :  1.06640e-06
 Reference value :  1.06760e-06
 Reference value :  1.06880e-06
 Reference value :  1.07003e-06
 Reference value :  1.07126e-06
 Reference value :  1.07248e-06
 Reference value :  1.07370e-06
 Reference value :  1.07491e-06
 Reference value :  1.07611e-06
 Reference value :  1.07733e-06
 Reference value :  1.07853e-06
 Reference value :  1.07979e-06
 Reference value :  1.08136e-06
 Reference value :  1.08268e-06
 Reference value :  1.08427e-06
 Reference value :  1.08551e-06
 Reference value :  1.08708e-06
 Reference value :  1.08827e-06
 Reference value :  1.08947e-06
 Reference value :  1.09070e-06
 Reference value :  1.09191e-06
 Reference value :  1.09310e-06
 Reference value :  1.09430e-06
 Reference value :  1.09596e-06
 Reference value :  1.09736e-06
 Reference value :  1.09857e-06
 Reference value :  1.10020e-06
 Reference value :  1.10145e-06
 Reference value :  1.10267e-06
 Reference value :  1.10384e-06
 Reference value :  1.10503e-06
 Reference value :  1.10630e-06
 Reference value :  1.10754e-06
 Reference value :  1.10875e-06
 Reference value :  1.11002e-06
 Reference value :  1.11127e-06
 Reference value :  1.11249e-06
 Reference value :  1.11375e-06
 Reference value :  1.11496e-06
 Reference value :  1.11617e-06
 Reference value :  1.11738e-06
 Reference value :  1.11863e-06
 Reference value :  1.11983e-06
 Reference value :  1.12104e-06
 Reference value :  1.12230e-06
 Reference value :  1.12352e-06
 Reference value :  1.12476e-06
 Reference value :  1.12596e-06
 Reference value :  1.12718e-06
 Reference value :  1.12844e-06
 Reference value :  1.12967e-06
 Reference value :  1.13089e-06
 Reference value :  1.13210e-06
 Reference value :  1.13332e-06
 Reference value :  1.13452e-06
 Reference value :  1.13580e-06
 Reference value :  1.13704e-06
 Reference value :  1.13827e-06
 Reference value :  1.13946e-06
 Reference value :  1.14065e-06
 Reference value :  1.14186e-06
 Reference value :  1.14312e-06
 Reference value :  1.14434e-06
 Reference value :  1.14565e-06
 Reference value :  1.14687e-06
 Reference value :  1.14813e-06
 Reference value :  1.14933e-06
 Reference value :  1.15058e-06
 Reference value :  1.15176e-06
 Reference value :  1.15299e-06
 Reference value :  1.15422e-06
 Reference value :  1.15543e-06
 Reference value :  1.15663e-06
 Reference value :  1.15785e-06
 Reference value :  1.15909e-06
 Reference value :  1.16030e-06
 Reference value :  1.16148e-06
 Reference value :  1.16266e-06
 Reference value :  1.16390e-06
 Reference value :  1.16508e-06
 Reference value :  1.16631e-06
 Reference value :  1.16750e-06
 Reference value :  1.16872e-06
 Reference value :  1.16996e-06
 Reference value :  1.17118e-06
 Reference value :  1.17243e-06
 Reference value :  1.17366e-06
 Reference value :  1.17487e-06
 Reference value :  1.17615e-06
 Reference value :  1.17738e-06
 Reference value :  1.17864e-06
 Reference value :  1.17986e-06
 Reference value :  1.18110e-06
 Reference value :  1.18231e-06
 Reference value :  1.18353e-06
 Reference value :  1.18477e-06
 Reference value :  1.18608e-06
 Reference value :  1.18732e-06
 Reference value :  1.18856e-06
 Reference value :  1.18980e-06
 Reference value :  1.19107e-06
 Reference value :  1.19231e-06
 Reference value :  1.19362e-06
 Reference value :  1.19487e-06
 Reference value :  1.19611e-06
 Reference value :  1.19736e-06
 Reference value :  1.19861e-06
 Reference value :  1.19989e-06
 Reference value :  1.20112e-06
 Reference value :  1.20234e-06
 Reference value :  1.20359e-06
 Reference value :  1.20481e-06
 Reference value :  1.20608e-06
 Reference value :  1.20734e-06
 Reference value :  1.20854e-06
 Reference value :  1.20973e-06
 Reference value :  1.21147e-06
 Reference value :  1.21271e-06
 Reference value :  1.21396e-06
 Reference value :  1.21517e-06
 Reference value :  1.21642e-06
 Reference value :  1.21765e-06
 Reference value :  1.21887e-06
 Reference value :  1.22010e-06
 Reference value :  1.22131e-06
 Reference value :  1.22251e-06
 Reference value :  1.22376e-06
 Reference value :  1.22496e-06
 Reference value :  1.22616e-06
 Reference value :  1.22738e-06
 Reference value :  1.22859e-06
 Reference value :  1.22983e-06
 Reference value :  1.23106e-06
 Reference value :  1.23228e-06
 Reference value :  1.23351e-06
 Reference value :  1.23469e-06
 Reference value :  1.23592e-06
 Reference value :  1.23715e-06
 Reference value :  1.23841e-06
 Reference value :  1.23963e-06
 Reference value :  1.24083e-06
 Reference value :  1.24207e-06
 Reference value :  1.24326e-06
 Reference value :  1.24449e-06
 Reference value :  1.24568e-06
 Reference value :  1.24692e-06
 Reference value :  1.24814e-06
 Reference value :  1.24936e-06
 Reference value :  1.25057e-06
 Reference value :  1.25189e-06
 Reference value :  1.25311e-06
 Reference value :  1.25435e-06
 Reference value :  1.25556e-06
 Reference value :  1.25678e-06
 Reference value :  1.25800e-06
 Reference value :  1.25922e-06
 Reference value :  1.26047e-06
 Reference value :  1.26171e-06
 Reference value :  1.26294e-06
 Reference value :  1.26419e-06
 Reference value :  1.26545e-06
 Reference value :  1.26697e-06
 Reference value :  1.26827e-06
 Reference value :  1.26953e-06
 Reference value :  1.27077e-06
 Reference value :  1.27201e-06
 Reference value :  1.27325e-06
 Reference value :  1.27448e-06
 Reference value :  1.27570e-06
 Reference value :  1.27693e-06
 Reference value :  1.27822e-06
 Reference value :  1.27948e-06
 Reference value :  1.28072e-06
 Reference value :  1.28199e-06
 Reference value :  1.28327e-06
 Reference value :  1.28451e-06
 Reference value :  1.28576e-06
 Reference value :  1.28705e-06
 Reference value :  1.28834e-06
 Reference value :  1.28959e-06
 Reference value :  1.29080e-06
 Reference value :  1.29208e-06
 Reference value :  1.29335e-06
 Reference value :  1.29462e-06
 Reference value :  1.29585e-06
 Reference value :  1.29714e-06
 Reference value :  1.29838e-06
 Reference value :  1.29966e-06
 Reference value :  1.30088e-06
 Reference value :  1.30213e-06
 Reference value :  1.30336e-06
 Reference value :  1.30460e-06
 Reference value :  1.30583e-06
 Reference value :  1.30706e-06
 Reference value :  1.30835e-06
 Reference value :  1.30963e-06
 Reference value :  1.31093e-06
 Reference value :  1.31223e-06
 Reference value :  1.31357e-06
 Reference value :  1.31484e-06
 Reference value :  1.31610e-06
 Reference value :  1.31733e-06
 Reference value :  1.31856e-06
 Reference value :  1.31978e-06
 Reference value :  1.32110e-06
 Reference value :  1.32232e-06
 Reference value :  1.32362e-06
 Reference value :  1.32485e-06
 Reference value :  1.32611e-06
 Reference value :  1.32736e-06
 Reference value :  1.32865e-06
 Reference value :  1.33003e-06
 Reference value :  1.33133e-06
 Reference value :  1.33267e-06
 Reference value :  1.33400e-06
 Reference value :  1.33535e-06
 Reference value :  1.33659e-06
 Reference value :  1.33793e-06
 Reference value :  1.33918e-06
 Reference value :  1.34040e-06
 Reference value :  1.34162e-06
 Reference value :  1.34282e-06
 Reference value :  1.34411e-06
 Reference value :  1.34541e-06
 Reference value :  1.34670e-06
 Reference value :  1.34799e-06
 Reference value :  1.34922e-06
 Reference value :  1.35044e-06
 Reference value :  1.35166e-06
 Reference value :  1.35288e-06
 Reference value :  1.35454e-06
 Reference value :  1.35583e-06
 Reference value :  1.35710e-06
 Reference value :  1.35831e-06
 Reference value :  1.35953e-06
 Reference value :  1.36080e-06
 Reference value :  1.36211e-06
 Reference value :  1.36333e-06
 Reference value :  1.36454e-06
 Reference value :  1.36589e-06
 Reference value :  1.36711e-06
 Reference value :  1.36840e-06
 Reference value :  1.36959e-06
 Reference value :  1.37084e-06
 Reference value :  1.37208e-06
 Reference value :  1.37332e-06
 Reference value :  1.37455e-06
 Reference value :  1.37582e-06
 Reference value :  1.37706e-06
 Reference value :  1.37828e-06
 Reference value :  1.37952e-06
 Reference value :  1.38074e-06
 Reference value :  1.38204e-06
 Reference value :  1.38328e-06
 Reference value :  1.38453e-06
 Reference value :  1.38578e-06
 Reference value :  1.38701e-06
 Reference value :  1.38822e-06
 Reference value :  1.38943e-06
 Reference value :  1.39065e-06
 Reference value :  1.39190e-06
 Reference value :  1.39311e-06
 Reference value :  1.39430e-06
 Reference value :  1.39552e-06
 Reference value :  1.39674e-06
 Reference value :  1.39799e-06
 Reference value :  1.39922e-06
 Reference value :  1.40045e-06
 Reference value :  1.40166e-06
 Reference value :  1.40291e-06
 Reference value :  1.40410e-06
 Reference value :  1.40540e-06
 Reference value :  1.40663e-06
 Reference value :  1.40784e-06
 Reference value :  1.40903e-06
 Reference value :  1.41028e-06
 Reference value :  1.41152e-06
 Reference value :  1.41275e-06
 Reference value :  1.41398e-06
 Reference value :  1.41518e-06
 Reference value :  1.41642e-06
 Reference value :  1.41763e-06
 Reference value :  1.41888e-06
 Reference value :  1.42008e-06
 Reference value :  1.42124e-06
 Reference value :  1.42252e-06
 Reference value :  1.42368e-06
 Reference value :  1.42492e-06
 Reference value :  1.42614e-06
 Reference value :  1.42736e-06
 Reference value :  1.42860e-06
 Reference value :  1.42980e-06
 Reference value :  1.43101e-06
 Reference value :  1.43224e-06
 Reference value :  1.43347e-06
 Reference value :  1.43466e-06
 Reference value :  1.43597e-06
 Reference value :  1.43722e-06
 Reference value :  1.43846e-06
 Reference value :  1.43965e-06
 Reference value :  1.44085e-06
 Reference value :  1.44207e-06
 Reference value :  1.44326e-06
 Reference value :  1.44448e-06
 Reference value :  1.44569e-06
 Reference value :  1.44694e-06
 Reference value :  1.44812e-06
 Reference value :  1.44930e-06
 Reference value :  1.45048e-06
 Reference value :  1.45170e-06
 Reference value :  1.45291e-06
 Reference value :  1.45408e-06
 Reference value :  1.45524e-06
 Reference value :  1.45652e-06
 Reference value :  1.45813e-06
 Reference value :  1.45932e-06
 Reference value :  1.46054e-06
 Reference value :  1.46174e-06
 Reference value :  1.46299e-06
 Reference value :  1.46424e-06
 Reference value :  1.46540e-06
 Reference value :  1.46661e-06
 Reference value :  1.46782e-06
 Reference value :  1.46907e-06
 Reference value :  1.47031e-06
 Reference value :  1.47149e-06
 Reference value :  1.47269e-06
 Reference value :  1.47388e-06
 Reference value :  1.47516e-06
 Reference value :  1.47634e-06
 Reference value :  1.47752e-06
 Reference value :  1.47872e-06
 Reference value :  1.47989e-06
 Reference value :  1.48104e-06
 Reference value :  1.48223e-06
 Reference value :  1.48339e-06
 Reference value :  1.48457e-06
 Reference value :  1.48579e-06
 Reference value :  1.48697e-06
 Reference value :  1.48810e-06
 Reference value :  1.48937e-06
 Reference value :  1.49051e-06
 Reference value :  1.49170e-06
 Reference value :  1.49285e-06
 Reference value :  1.49401e-06
 Reference value :  1.49520e-06
 Reference value :  1.49638e-06
 Reference value :  1.49757e-06
 Reference value :  1.49874e-06
 Reference value :  1.49990e-06
 Reference value :  1.50106e-06
 Reference value :  1.50224e-06
 Reference value :  1.50341e-06
 Reference value :  1.50459e-06
 Reference value :  1.50576e-06
 Reference value :  1.50692e-06
 Reference value :  1.50806e-06
 Reference value :  1.50945e-06
 Reference value :  1.51141e-06
 Reference value :  1.51258e-06
 Reference value :  1.51379e-06
 Reference value :  1.51502e-06
 Reference value :  1.51624e-06
 Reference value :  1.51744e-06
 Reference value :  1.51864e-06
 Reference value :  1.51984e-06
 Reference value :  1.52102e-06
 Reference value :  1.52220e-06
 Reference value :  1.52340e-06
 Reference value :  1.52457e-06
 Reference value :  1.52578e-06
 Reference value :  1.52701e-06
 Reference value :  1.52821e-06
 Reference value :  1.52941e-06
 Reference value :  1.53061e-06
 Reference value :  1.53178e-06
 Reference value :  1.53300e-06
 Reference value :  1.53422e-06
 Reference value :  1.53543e-06
 Reference value :  1.53662e-06
 Reference value :  1.53783e-06
 Reference value :  1.53901e-06
 Reference value :  1.54025e-06
 Reference value :  1.54145e-06
 Reference value :  1.54267e-06
 Reference value :  1.54386e-06
 Reference value :  1.54507e-06
 Reference value :  1.54626e-06
 Reference value :  1.54748e-06
 Reference value :  1.54873e-06
 Reference value :  1.54999e-06
 Reference value :  1.55121e-06
 Reference value :  1.55245e-06
 Reference value :  1.55365e-06
 Reference value :  1.55485e-06
 Reference value :  1.55604e-06
 Reference value :  1.55730e-06
 Reference value :  1.55854e-06
 Reference value :  1.55976e-06
 Reference value :  1.56114e-06
 Reference value :  1.56263e-06
 Reference value :  1.56384e-06
 Reference value :  1.56506e-06
 Reference value :  1.56628e-06
 Reference value :  1.56749e-06
 Reference value :  1.56870e-06
 Reference value :  1.56992e-06
 Reference value :  1.57114e-06
 Reference value :  1.57245e-06
 Reference value :  1.57364e-06
 Reference value :  1.57485e-06
 Reference value :  1.57604e-06
 Reference value :  1.57724e-06
 Reference value :  1.57919e-06
 Reference value :  1.58037e-06
 Reference value :  1.58159e-06
 Reference value :  1.58275e-06
 Reference value :  1.58395e-06
 Reference value :  1.58515e-06
 Reference value :  1.58635e-06
 Reference value :  1.58754e-06
 Reference value :  1.58878e-06
 Reference value :  1.58996e-06
 Reference value :  1.59118e-06
 Reference value :  1.59236e-06
 Reference value :  1.59359e-06
 Reference value :  1.59479e-06
 Reference value :  1.59599e-06
 Reference value :  1.59720e-06
 Reference value :  1.59843e-06
 Reference value :  1.59963e-06
 Reference value :  1.60080e-06
 Reference value :  1.60206e-06
 Reference value :  1.60329e-06
 Reference value :  1.60453e-06
 Reference value :  1.60576e-06
 Reference value :  1.60702e-06
 Reference value :  1.60825e-06
 Reference value :  1.60948e-06
 Reference value :  1.61073e-06
 Reference value :  1.61193e-06
 Reference value :  1.61313e-06
 Reference value :  1.61435e-06
 Reference value :  1.61556e-06
 Reference value :  1.61692e-06
 Reference value :  1.61819e-06
 Reference value :  1.61947e-06
 Reference value :  1.62073e-06
 Reference value :  1.62193e-06
 Reference value :  1.62314e-06
 Reference value :  1.62437e-06
 Reference value :  1.62563e-06
 Reference value :  1.62686e-06
 Reference value :  1.62814e-06
 Reference value :  1.62937e-06
 Reference value :  1.63061e-06
 Reference value :  1.63188e-06
 Reference value :  1.63316e-06
 Reference value :  1.63443e-06
 Reference value :  1.63569e-06
 Reference value :  1.63692e-06
 Reference value :  1.63814e-06
 Reference value :  1.63934e-06
 Reference value :  1.64054e-06
 Reference value :  1.64176e-06
 Reference value :  1.64295e-06
 Reference value :  1.64412e-06
 Reference value :  1.64534e-06
 Reference value :  1.64655e-06
 Reference value :  1.64774e-06
 Reference value :  1.64897e-06
 Reference value :  1.65023e-06
 Reference value :  1.65145e-06
 Reference value :  1.65266e-06
 Reference value :  1.65386e-06
 Reference value :  1.65508e-06
 Reference value :  1.65630e-06
 Reference value :  1.65751e-06
 Reference value :  1.65877e-06
 Reference value :  1.65999e-06
 Reference value :  1.66120e-06
 Reference value :  1.66284e-06
 Reference value :  1.66402e-06
 Reference value :  1.66522e-06
 Reference value :  1.66644e-06
 Reference value :  1.66763e-06
 Reference value :  1.66885e-06
 Reference value :  1.67007e-06
 Reference value :  1.67130e-06
 Reference value :  1.67247e-06
 Reference value :  1.67369e-06
 Reference value :  1.67490e-06
 Reference value :  1.67614e-06
 Reference value :  1.67733e-06
 Reference value :  1.67851e-06
 Reference value :  1.67971e-06
 Reference value :  1.68088e-06
 Reference value :  1.68208e-06
 Reference value :  1.68332e-06
 Reference value :  1.68451e-06
 Reference value :  1.68576e-06
 Reference value :  1.68696e-06
 Reference value :  1.68820e-06
 Reference value :  1.68943e-06
 Reference value :  1.69063e-06
 Reference value :  1.69183e-06
 Reference value :  1.69306e-06
 Reference value :  1.69430e-06
 Reference value :  1.69552e-06
 Reference value :  1.69674e-06
 Reference value :  1.69795e-06
 Reference value :  1.69922e-06
 Reference value :  1.70042e-06
 Reference value :  1.70163e-06
 Reference value :  1.70289e-06
 Reference value :  1.70411e-06
 Reference value :  1.70532e-06
 Reference value :  1.70652e-06
 Reference value :  1.70779e-06
 Reference value :  1.70900e-06
 Reference value :  1.71023e-06
 Reference value :  1.71143e-06
 Reference value :  1.71275e-06
 Reference value :  1.71396e-06
 Reference value :  1.71521e-06
 Reference value :  1.71644e-06
 Reference value :  1.71766e-06
 Reference value :  1.71886e-06
 Reference value :  1.72008e-06
 Reference value :  1.72131e-06
 Reference value :  1.72258e-06
 Reference value :  1.72381e-06
 Reference value :  1.72507e-06
 Reference value :  1.72628e-06
 Reference value :  1.72745e-06
 Reference value :  1.72866e-06
 Reference value :  1.72986e-06
 Reference value :  1.73109e-06
 Reference value :  1.73229e-06
 Reference value :  1.73349e-06
 Reference value :  1.73471e-06
 Reference value :  1.73591e-06
 Reference value :  1.73711e-06
 Reference value :  1.73831e-06
 Reference value :  1.73955e-06
 Reference value :  1.74075e-06
 Reference value :  1.74191e-06
 Reference value :  1.74310e-06
 Reference value :  1.74433e-06
 Reference value :  1.74555e-06
 Reference value :  1.74677e-06
 Reference value :  1.74799e-06
 Reference value :  1.74921e-06
 Reference value :  1.75042e-06
 Reference value :  1.75164e-06
 Reference value :  1.75284e-06
 Reference value :  1.75407e-06
 Reference value :  1.75529e-06
 Reference value :  1.75648e-06
 Reference value :  1.75771e-06
 Reference value :  1.75891e-06
 Reference value :  1.76010e-06
 Reference value :  1.76131e-06
 Reference value :  1.76253e-06
 Reference value :  1.76372e-06
 Reference value :  1.76493e-06
 Reference value :  1.76617e-06
 Reference value :  1.76736e-06
 Reference value :  1.76859e-06
 Reference value :  1.76984e-06
 Reference value :  1.77107e-06
 Reference value :  1.77228e-06
 Reference value :  1.77345e-06
 Reference value :  1.77466e-06
 Reference value :  1.77585e-06
 Reference value :  1.77707e-06
 Reference value :  1.77826e-06
 Reference value :  1.77951e-06
 Reference value :  1.78072e-06
 Reference value :  1.78194e-06
 Reference value :  1.78312e-06
 Reference value :  1.78435e-06
 Reference value :  1.78556e-06
 Reference value :  1.78674e-06
 Reference value :  1.78793e-06
 Reference value :  1.78911e-06
 Reference value :  1.79030e-06
 Reference value :  1.79196e-06
 Reference value :  1.79319e-06
 Reference value :  1.79441e-06
 Reference value :  1.79562e-06
 Reference value :  1.79681e-06
 Reference value :  1.79805e-06
 Reference value :  1.79924e-06
 Reference value :  1.80046e-06
 Reference value :  1.80169e-06
 Reference value :  1.80288e-06
 Reference value :  1.80408e-06
 Reference value :  1.80529e-06
 Reference value :  1.80649e-06
 Reference value :  1.80770e-06
 Reference value :  1.80891e-06
 Reference value :  1.81012e-06
 Reference value :  1.81139e-06
 Reference value :  1.81265e-06
 Reference value :  1.81385e-06
 Reference value :  1.81505e-06
 Reference value :  1.81628e-06
 Reference value :  1.81750e-06
 Reference value :  1.81874e-06
 Reference value :  1.81996e-06
 Reference value :  1.82141e-06
 Reference value :  1.82276e-06
 Reference value :  1.82398e-06
 Reference value :  1.82522e-06
 Reference value :  1.82645e-06
 Reference value :  1.82782e-06
 Reference value :  1.82920e-06
 Reference value :  1.83039e-06
 Reference value :  1.83175e-06
 Reference value :  1.83298e-06
 Reference value :  1.83418e-06
 Reference value :  1.83538e-06
 Reference value :  1.83661e-06
 Reference value :  1.83785e-06
 Reference value :  1.83904e-06
 Reference value :  1.84028e-06
 Reference value :  1.84148e-06
 Reference value :  1.84267e-06
 Reference value :  1.84403e-06
 Reference value :  1.84522e-06
 Reference value :  1.84649e-06
 Reference value :  1.84769e-06
 Reference value :  1.84893e-06
 Reference value :  1.85012e-06
 Reference value :  1.85145e-06
 Reference value :  1.85280e-06
 Reference value :  1.85401e-06
 Reference value :  1.85522e-06
 Reference value :  1.85642e-06
 Reference value :  1.85765e-06
 Reference value :  1.85887e-06
 Reference value :  1.86008e-06
 Reference value :  1.86131e-06
 Reference value :  1.86258e-06
 Reference value :  1.86377e-06
 Reference value :  1.86496e-06
 Reference value :  1.86621e-06
 Reference value :  1.86750e-06
 Reference value :  1.86874e-06
 Reference value :  1.87012e-06
 Reference value :  1.87138e-06
 Reference value :  1.87260e-06
 Reference value :  1.87382e-06
 Reference value :  1.87506e-06
 Reference value :  1.87628e-06
 Reference value :  1.87754e-06
 Reference value :  1.87881e-06
 Reference value :  1.88010e-06
 Reference value :  1.88135e-06
 Reference value :  1.88258e-06
 Reference value :  1.88378e-06
 Reference value :  1.88501e-06
 Reference value :  1.88622e-06
 Reference value :  1.88744e-06
 Reference value :  1.88867e-06
 Reference value :  1.88993e-06
 Reference value :  1.89113e-06
 Reference value :  1.89234e-06
 Reference value :  1.89355e-06
 Reference value :  1.89489e-06
 Reference value :  1.89617e-06
 Reference value :  1.89746e-06
 Reference value :  1.89875e-06
 Reference value :  1.89996e-06
 Reference value :  1.90175e-06
 Reference value :  1.90298e-06
 Reference value :  1.90418e-06
 Reference value :  1.90544e-06
 Reference value :  1.90665e-06
 Reference value :  1.90786e-06
 Reference value :  1.90911e-06
 Reference value :  1.91036e-06
 Reference value :  1.91160e-06
 Reference value :  1.91281e-06
 Reference value :  1.91405e-06
 Reference value :  1.91527e-06
 Reference value :  1.91650e-06
 Reference value :  1.91771e-06
 Reference value :  1.91894e-06
 Reference value :  1.92014e-06
 Reference value :  1.92132e-06
 Reference value :  1.92256e-06
 Reference value :  1.92374e-06
 Reference value :  1.92496e-06
 Reference value :  1.92614e-06
 Reference value :  1.92737e-06
 Reference value :  1.92858e-06
 Reference value :  1.92983e-06
 Reference value :  1.93104e-06
 Reference value :  1.93226e-06
 Reference value :  1.93343e-06
 Reference value :  1.93463e-06
 Reference value :  1.93585e-06
 Reference value :  1.93708e-06
 Reference value :  1.93831e-06
 Reference value :  1.93953e-06
 Reference value :  1.94075e-06
 Reference value :  1.94196e-06
 Reference value :  1.94321e-06
 Reference value :  1.94441e-06
 Reference value :  1.94562e-06
 Reference value :  1.94682e-06
 Reference value :  1.94803e-06
 Reference value :  1.94928e-06
 Reference value :  1.95049e-06
 Reference value :  1.95174e-06
 Reference value :  1.95294e-06
 Reference value :  1.95413e-06
 Reference value :  1.95537e-06
 Reference value :  1.95655e-06
 Reference value :  1.95775e-06
 Reference value :  1.95896e-06
 Reference value :  1.96017e-06
 Reference value :  1.96138e-06
 Reference value :  1.96263e-06
 Reference value :  1.96383e-06
 Reference value :  1.96504e-06
 Reference value :  1.96624e-06
 Reference value :  1.96744e-06
 Reference value :  1.96863e-06
 Reference value :  1.96986e-06
 Reference value :  1.97108e-06
 Reference value :  1.97226e-06
 Reference value :  1.97353e-06
 Reference value :  1.97480e-06
 Reference value :  1.97599e-06
 Reference value :  1.97721e-06
 Reference value :  1.97840e-06
 Reference value :  1.97960e-06
 Reference value :  1.98084e-06
 Reference value :  1.98202e-06
 Reference value :  1.98327e-06
 Reference value :  1.98449e-06
 Reference value :  1.98568e-06
 Reference value :  1.98689e-06
 Reference value :  1.98806e-06
 Reference value :  1.98926e-06
 Reference value :  1.99051e-06
 Reference value :  1.99172e-06
 Reference value :  1.99290e-06
 Reference value :  1.99413e-06
 Reference value :  1.99535e-06
 Reference value :  1.99656e-06
 Reference value :  1.99805e-06
 Reference value :  1.99995e-06
 Reference value :  2.00134e-06
 Reference value :  2.00280e-06
 Reference value :  2.00403e-06
 Reference value :  2.00549e-06
 Reference value :  2.00727e-06
 Reference value :  2.00876e-06
 Reference value :  2.00995e-06
 Reference value :  2.01131e-06
 Reference value :  2.01259e-06
 Reference value :  2.01377e-06
 Reference value :  2.01503e-06
 Reference value :  2.01627e-06
 Reference value :  2.01746e-06
 Reference value :  2.01865e-06
 Reference value :  2.01986e-06
 Reference value :  2.02106e-06
 Reference value :  2.02254e-06
 Reference value :  2.02381e-06
 Reference value :  2.02498e-06
 Reference value :  2.02622e-06
 Reference value :  2.02742e-06
 Reference value :  2.02861e-06
 Reference value :  2.02980e-06
 Reference value :  2.03099e-06
 Reference value :  2.03214e-06
 Reference value :  2.03347e-06
 Reference value :  2.03464e-06
 Reference value :  2.03582e-06
 Reference value :  2.03698e-06
 Reference value :  2.03815e-06
 Reference value :  2.03931e-06
 Reference value :  2.04049e-06
 Reference value :  2.04166e-06
 Reference value :  2.04291e-06
 Reference value :  2.04411e-06
 Reference value :  2.04537e-06
 Reference value :  2.04655e-06
 Reference value :  2.04771e-06
 Reference value :  2.04892e-06
 Reference value :  2.05010e-06
 Reference value :  2.05126e-06
 Reference value :  2.05244e-06
 Reference value :  2.05364e-06
 Reference value :  2.05484e-06
 Reference value :  2.05601e-06
 Reference value :  2.05721e-06
 Reference value :  2.05842e-06
 Reference value :  2.05962e-06
 Reference value :  2.06085e-06
 Reference value :  2.06206e-06
 Reference value :  2.06323e-06
 Reference value :  2.06443e-06
 Reference value :  2.06561e-06
 Reference value :  2.06679e-06
 Reference value :  2.06800e-06
 Reference value :  2.06922e-06
 Reference value :  2.07039e-06
 Reference value :  2.07161e-06
 Reference value :  2.07279e-06
 Reference value :  2.07401e-06
 Reference value :  2.07522e-06
 Reference value :  2.07643e-06
 Reference value :  2.07767e-06
 Reference value :  2.07885e-06
 Reference value :  2.08004e-06
 Reference value :  2.08125e-06
 Reference value :  2.08241e-06
 Reference value :  2.08358e-06
 Reference value :  2.08479e-06
 Reference value :  2.08599e-06
 Reference value :  2.08720e-06
 Reference value :  2.08845e-06
 Reference value :  2.08964e-06
 Reference value :  2.09081e-06
 Reference value :  2.09197e-06
 Reference value :  2.09318e-06
 Reference value :  2.09443e-06
 Reference value :  2.09569e-06
 Reference value :  2.09688e-06
 Reference value :  2.09807e-06
 Reference value :  2.09928e-06
 Reference value :  2.10046e-06
 Reference value :  2.10164e-06
 Reference value :  2.10284e-06
 Reference value :  2.10405e-06
 Reference value :  2.10528e-06
 Reference value :  2.10650e-06
 Reference value :  2.10773e-06
 Reference value :  2.10893e-06
 Reference value :  2.11013e-06
 Reference value :  2.11132e-06
 Reference value :  2.11253e-06
 Reference value :  2.11375e-06
 Reference value :  2.11494e-06
 Reference value :  2.11617e-06
 Reference value :  2.11737e-06
 Reference value :  2.11858e-06
 Reference value :  2.11978e-06
 Reference value :  2.12100e-06
 Reference value :  2.12220e-06
 Reference value :  2.12340e-06
 Reference value :  2.12463e-06
 Reference value :  2.12581e-06
 Reference value :  2.12702e-06
 Reference value :  2.12822e-06
 Reference value :  2.12942e-06
 Reference value :  2.13062e-06
 Reference value :  2.13181e-06
 Reference value :  2.13300e-06
 Reference value :  2.13424e-06
 Reference value :  2.13547e-06
 Reference value :  2.13667e-06
 Reference value :  2.13790e-06
 Reference value :  2.13917e-06
 Reference value :  2.14039e-06
 Reference value :  2.14159e-06
 Reference value :  2.14279e-06
 Reference value :  2.14397e-06
 Reference value :  2.14522e-06
 Reference value :  2.14642e-06
 Reference value :  2.14761e-06
 Reference value :  2.14883e-06
 Reference value :  2.15008e-06
 Reference value :  2.15131e-06
 Reference value :  2.15253e-06
 Reference value :  2.15381e-06
 Reference value :  2.15505e-06
 Reference value :  2.15630e-06
 Reference value :  2.15751e-06
 Reference value :  2.15875e-06
 Reference value :  2.15994e-06
 Reference value :  2.16116e-06
 Reference value :  2.16236e-06
 Reference value :  2.16356e-06
 Reference value :  2.16478e-06
 Reference value :  2.16601e-06
 Reference value :  2.16723e-06
 Reference value :  2.16846e-06
 Reference value :  2.16967e-06
 Reference value :  2.17094e-06
 Reference value :  2.17217e-06
 Reference value :  2.17336e-06
 Reference value :  2.17458e-06
 Reference value :  2.17580e-06
 Reference value :  2.17702e-06
 Reference value :  2.17828e-06
 Reference value :  2.17950e-06
 Reference value :  2.18068e-06
 Reference value :  2.18188e-06
 Reference value :  2.18311e-06
 Reference value :  2.18435e-06
 Reference value :  2.18558e-06
 Reference value :  2.18680e-06
 Reference value :  2.18801e-06
 Reference value :  2.18922e-06
 Reference value :  2.19041e-06
 Reference value :  2.19164e-06
 Reference value :  2.19288e-06
 Reference value :  2.19406e-06
 Reference value :  2.19526e-06
 Reference value :  2.19647e-06
 Reference value :  2.19770e-06
 Reference value :  2.19891e-06
 Reference value :  2.20009e-06
 Reference value :  2.20130e-06
 Reference value :  2.20252e-06
 Reference value :  2.20380e-06
 Reference value :  2.20531e-06
 Reference value :  2.20658e-06
 Reference value :  2.20789e-06
 Reference value :  2.20910e-06
 Reference value :  2.21032e-06
 Reference value :  2.21159e-06
 Reference value :  2.21283e-06
 Reference value :  2.21408e-06
 Reference value :  2.21528e-06
 Reference value :  2.21649e-06
 Reference value :  2.21777e-06
 Reference value :  2.21900e-06
 Reference value :  2.22029e-06
 Reference value :  2.22151e-06
 Reference value :  2.22273e-06
 Reference value :  2.22439e-06
 Reference value :  2.22560e-06
 Reference value :  2.22689e-06
 Reference value :  2.22818e-06
 Reference value :  2.22953e-06
 Reference value :  2.23083e-06
 Reference value :  2.23209e-06
 Reference value :  2.23331e-06
 Reference value :  2.23456e-06
 Reference value :  2.23581e-06
 Reference value :  2.23712e-06
 Reference value :  2.23838e-06
 Reference value :  2.23958e-06
 Reference value :  2.24078e-06
 Reference value :  2.24211e-06
 Reference value :  2.24338e-06
 Reference value :  2.24470e-06
 Reference value :  2.24601e-06
 Reference value :  2.24746e-06
 Reference value :  2.24873e-06
 Reference value :  2.24999e-06
 Reference value :  2.25120e-06
 Reference value :  2.25241e-06
 Reference value :  2.25364e-06
 Reference value :  2.25489e-06
 Reference value :  2.25608e-06
 Reference value :  2.25731e-06
 Reference value :  2.25854e-06
 Reference value :  2.25973e-06
 Reference value :  2.26097e-06
 Reference value :  2.26222e-06
 Reference value :  2.26351e-06
 Reference value :  2.26472e-06
 Reference value :  2.26595e-06
 Reference value :  2.26719e-06
 Reference value :  2.26845e-06
 Reference value :  2.26969e-06
 Reference value :  2.27088e-06
 Reference value :  2.27212e-06
 Reference value :  2.27332e-06
 Reference value :  2.27452e-06
 Reference value :  2.27572e-06
 Reference value :  2.27697e-06
 Reference value :  2.27818e-06
 Reference value :  2.27938e-06
 Reference value :  2.28061e-06
 Reference value :  2.28185e-06
 Reference value :  2.28308e-06
 Reference value :  2.28432e-06
 Reference value :  2.28553e-06
 Reference value :  2.28676e-06
 Reference value :  2.28798e-06
 Reference value :  2.28923e-06
 Reference value :  2.29045e-06
 Reference value :  2.29173e-06
 Reference value :  2.29299e-06
 Reference value :  2.29426e-06
 Reference value :  2.29547e-06
 Reference value :  2.29666e-06
 Reference value :  2.29792e-06
 Reference value :  2.29911e-06
 Reference value :  2.30033e-06
 Reference value :  2.30151e-06
 Reference value :  2.30278e-06
 Reference value :  2.30399e-06
 Reference value :  2.30520e-06
 Reference value :  2.30644e-06
 Reference value :  2.30766e-06
 Reference value :  2.30885e-06
 Reference value :  2.31006e-06
 Reference value :  2.31126e-06
 Reference value :  2.31249e-06
 Reference value :  2.31371e-06
 Reference value :  2.31491e-06
 Reference value :  2.31613e-06
 Reference value :  2.31733e-06
 Reference value :  2.31854e-06
 Reference value :  2.31976e-06
 Reference value :  2.32100e-06
 Reference value :  2.32226e-06
 Reference value :  2.32351e-06
 Reference value :  2.32475e-06
 Reference value :  2.32599e-06
 Reference value :  2.32719e-06
 Reference value :  2.32845e-06
 Reference value :  2.32964e-06
 Reference value :  2.33088e-06
 Reference value :  2.33210e-06
 Reference value :  2.33330e-06
 Reference value :  2.33449e-06
 Reference value :  2.33570e-06
 Reference value :  2.33693e-06
 Reference value :  2.33815e-06
 Reference value :  2.33937e-06
 Reference value :  2.34059e-06
 Reference value :  2.34181e-06
 Reference value :  2.34302e-06
 Reference value :  2.34423e-06
 Reference value :  2.34541e-06
 Reference value :  2.34665e-06
 Reference value :  2.34789e-06
 Reference value :  2.34911e-06
 Reference value :  2.35033e-06
 Reference value :  2.35153e-06
 Reference value :  2.35276e-06
 Reference value :  2.35396e-06
 Reference value :  2.35517e-06
 Reference value :  2.35641e-06
 Reference value :  2.35765e-06
 Reference value :  2.35908e-06
 Reference value :  2.36060e-06
 Reference value :  2.36183e-06
 Reference value :  2.36305e-06
 Reference value :  2.36423e-06
 Reference value :  2.36544e-06
 Reference value :  2.36667e-06
 Reference value :  2.36794e-06
 Reference value :  2.36915e-06
 Reference value :  2.37034e-06
 Reference value :  2.37164e-06
 Reference value :  2.37286e-06
 Reference value :  2.37404e-06
 Reference value :  2.37524e-06
 Reference value :  2.37646e-06
 Reference value :  2.37767e-06
 Reference value :  2.37885e-06
 Reference value :  2.38005e-06
 Reference value :  2.38126e-06
 Reference value :  2.38246e-06
 Reference value :  2.38366e-06
 Reference value :  2.38492e-06
 Reference value :  2.38615e-06
 Reference value :  2.38736e-06
 Reference value :  2.38859e-06
 Reference value :  2.38982e-06
 Reference value :  2.39105e-06
 Reference value :  2.39226e-06
 Reference value :  2.39346e-06
 Reference value :  2.39471e-06
 Reference value :  2.39594e-06
 Reference value :  2.39714e-06
 Reference value :  2.39836e-06
 Reference value :  2.39962e-06
No. of Data Rows : 3120009
tk                  =  2.51550e-09
tk                  =  4.02234e-09
tk                  =  5.52869e-09
tk                  =  7.03550e-09
tk                  =  8.54206e-09
tk                  =  1.00489e-08
tk                  =  1.15556e-08
tk                  =  1.30617e-08
tk                  =  1.45679e-08
tk                  =  1.60759e-08
tk                  =  1.75826e-08
tk                  =  1.90898e-08
tk                  =  2.05960e-08
tk                  =  2.21028e-08
tk                  =  2.36096e-08
tk                  =  2.51161e-08
tk                  =  2.66227e-08
tk                  =  2.81290e-08
tk                  =  2.96357e-08
tk                  =  3.11431e-08
tk                  =  3.26494e-08
tk                  =  3.41568e-08
tk                  =  3.56628e-08
tk                  =  3.71694e-08
tk                  =  3.86763e-08
tk                  =  4.01828e-08
tk                  =  4.16896e-08
tk                  =  4.31960e-08
tk                  =  4.47026e-08
tk                  =  4.62095e-08
tk                  =  4.77169e-08
tk                  =  4.92240e-08
tk                  =  5.07311e-08
tk                  =  5.22381e-08
tk                  =  5.37452e-08
tk                  =  5.52521e-08
tk                  =  5.67589e-08
tk                  =  5.82664e-08
tk                  =  5.97729e-08
tk                  =  6.12797e-08
tk                  =  6.27862e-08
tk                  =  6.42931e-08
tk                  =  6.58001e-08
tk                  =  6.73066e-08
tk                  =  6.88132e-08
tk                  =  7.03201e-08
tk                  =  7.18265e-08
tk                  =  7.33330e-08
tk                  =  7.48397e-08
tk                  =  7.63465e-08
tk                  =  7.78528e-08
tk                  =  7.93588e-08
tk                  =  8.08656e-08
tk                  =  8.23726e-08
tk                  =  8.38790e-08
tk                  =  8.53860e-08
tk                  =  8.68929e-08
tk                  =  8.83996e-08
tk                  =  8.99065e-08
tk                  =  9.14132e-08
tk                  =  9.29206e-08
tk                  =  9.44271e-08
tk                  =  9.59336e-08
tk                  =  9.74401e-08
tk                  =  9.89465e-08
tk                  =  1.00453e-07
tk                  =  1.01959e-07
tk                  =  1.03466e-07
tk                  =  1.04973e-07
tk                  =  1.06479e-07
tk                  =  1.07987e-07
tk                  =  1.09493e-07
tk                  =  1.11001e-07
tk                  =  1.12507e-07
tk                  =  1.14014e-07
tk                  =  1.15521e-07
tk                  =  1.17028e-07
tk                  =  1.18534e-07
tk                  =  1.20041e-07
tk                  =  1.21548e-07
tk                  =  1.23055e-07
tk                  =  1.24562e-07
tk                  =  1.26069e-07
tk                  =  1.27576e-07
tk                  =  1.29083e-07
tk                  =  1.30590e-07
tk                  =  1.32096e-07
tk                  =  1.33603e-07
tk                  =  1.35110e-07
tk                  =  1.36617e-07
tk                  =  1.38123e-07
tk                  =  1.39630e-07
tk                  =  1.41136e-07
tk                  =  1.42643e-07
tk                  =  1.44150e-07
tk                  =  1.45657e-07
tk                  =  1.47163e-07
tk                  =  1.48670e-07
tk                  =  1.50177e-07
tk                  =  1.51683e-07
tk                  =  1.53190e-07
tk                  =  1.54697e-07
tk                  =  1.56203e-07
tk                  =  1.57710e-07
tk                  =  1.59216e-07
tk                  =  1.60723e-07
tk                  =  1.62230e-07
tk                  =  1.63736e-07
tk                  =  1.65243e-07
tk                  =  1.66749e-07
tk                  =  1.68256e-07
tk                  =  1.69762e-07
tk                  =  1.71270e-07
tk                  =  1.72776e-07
tk                  =  1.74282e-07
tk                  =  1.75789e-07
tk                  =  1.77297e-07
tk                  =  1.78804e-07
tk                  =  1.80311e-07
tk                  =  1.81818e-07
tk                  =  1.83325e-07
tk                  =  1.84831e-07
tk                  =  1.86337e-07
tk                  =  1.87843e-07
tk                  =  1.89349e-07
tk                  =  1.90855e-07
tk                  =  1.92362e-07
tk                  =  1.93869e-07
tk                  =  1.95376e-07
tk                  =  1.96883e-07
tk                  =  1.98390e-07
tk                  =  1.99897e-07
tk                  =  2.01404e-07
tk                  =  2.02911e-07
tk                  =  2.04418e-07
tk                  =  2.05925e-07
tk                  =  2.07432e-07
tk                  =  2.08939e-07
tk                  =  2.10446e-07
tk                  =  2.11952e-07
tk                  =  2.13459e-07
tk                  =  2.14966e-07
tk                  =  2.16473e-07
tk                  =  2.17980e-07
tk                  =  2.19486e-07
tk                  =  2.20993e-07
tk                  =  2.22499e-07
tk                  =  2.24006e-07
tk                  =  2.25513e-07
tk                  =  2.27020e-07
tk                  =  2.28527e-07
tk                  =  2.30035e-07
tk                  =  2.31541e-07
tk                  =  2.33048e-07
tk                  =  2.34554e-07
tk                  =  2.36061e-07
tk                  =  2.37567e-07
tk                  =  2.39074e-07
tk                  =  2.40581e-07
tk                  =  2.42087e-07
tk                  =  2.43594e-07
tk                  =  2.45100e-07
tk                  =  2.46608e-07
tk                  =  2.48115e-07
tk                  =  2.49622e-07
tk                  =  2.51129e-07
tk                  =  2.52636e-07
tk                  =  2.54142e-07
tk                  =  2.55648e-07
tk                  =  2.57155e-07
tk                  =  2.58662e-07
tk                  =  2.60168e-07
tk                  =  2.61676e-07
tk                  =  2.63182e-07
tk                  =  2.64689e-07
tk                  =  2.66196e-07
tk                  =  2.67703e-07
tk                  =  2.69210e-07
tk                  =  2.70716e-07
tk                  =  2.72223e-07
tk                  =  2.73730e-07
tk                  =  2.75237e-07
tk                  =  2.76744e-07
tk                  =  2.78251e-07
tk                  =  2.79758e-07
tk                  =  2.81264e-07
tk                  =  2.82771e-07
tk                  =  2.84278e-07
tk                  =  2.85785e-07
tk                  =  2.87292e-07
tk                  =  2.88799e-07
tk                  =  2.90305e-07
tk                  =  2.91812e-07
tk                  =  2.93319e-07
tk                  =  2.94826e-07
tk                  =  2.96333e-07
tk                  =  2.97839e-07
tk                  =  2.99347e-07
tk                  =  3.00853e-07
tk                  =  3.02360e-07
tk                  =  3.03867e-07
tk                  =  3.05374e-07
tk                  =  3.06880e-07
tk                  =  3.08387e-07
tk                  =  3.09893e-07
tk                  =  3.11400e-07
tk                  =  3.12907e-07
tk                  =  3.14414e-07
tk                  =  3.15921e-07
tk                  =  3.17427e-07
tk                  =  3.18934e-07
tk                  =  3.20440e-07
tk                  =  3.21947e-07
tk                  =  3.23453e-07
tk                  =  3.24960e-07
tk                  =  3.26467e-07
tk                  =  3.27974e-07
tk                  =  3.29481e-07
tk                  =  3.30987e-07
tk                  =  3.32494e-07
tk                  =  3.34001e-07
tk                  =  3.35508e-07
tk                  =  3.37015e-07
tk                  =  3.38523e-07
tk                  =  3.40029e-07
tk                  =  3.41535e-07
tk                  =  3.43042e-07
tk                  =  3.44550e-07
tk                  =  3.46056e-07
tk                  =  3.47563e-07
tk                  =  3.49069e-07
tk                  =  3.50576e-07
tk                  =  3.52082e-07
tk                  =  3.53589e-07
tk                  =  3.55096e-07
tk                  =  3.56602e-07
tk                  =  3.58109e-07
tk                  =  3.59616e-07
tk                  =  3.61123e-07
tk                  =  3.62630e-07
tk                  =  3.64136e-07
tk                  =  3.65643e-07
tk                  =  3.67150e-07
tk                  =  3.68656e-07
tk                  =  3.70163e-07
tk                  =  3.71670e-07
tk                  =  3.73177e-07
tk                  =  3.74684e-07
tk                  =  3.76190e-07
tk                  =  3.77697e-07
tk                  =  3.79204e-07
tk                  =  3.80711e-07
tk                  =  3.82218e-07
tk                  =  3.83725e-07
tk                  =  3.85231e-07
tk                  =  3.86739e-07
tk                  =  3.88245e-07
tk                  =  3.89752e-07
tk                  =  3.91258e-07
tk                  =  3.92765e-07
tk                  =  3.94272e-07
tk                  =  3.95778e-07
tk                  =  3.97285e-07
tk                  =  3.98792e-07
tk                  =  4.00299e-07
tk                  =  4.01805e-07
tk                  =  4.03312e-07
tk                  =  4.04818e-07
tk                  =  4.06325e-07
tk                  =  4.07832e-07
tk                  =  4.09338e-07
tk                  =  4.10845e-07
tk                  =  4.12352e-07
tk                  =  4.13859e-07
tk                  =  4.15365e-07
tk                  =  4.16873e-07
tk                  =  4.18380e-07
tk                  =  4.19886e-07
tk                  =  4.21393e-07
tk                  =  4.22900e-07
tk                  =  4.24406e-07
tk                  =  4.25914e-07
tk                  =  4.27421e-07
tk                  =  4.28927e-07
tk                  =  4.30434e-07
tk                  =  4.31941e-07
tk                  =  4.33447e-07
tk                  =  4.34955e-07
tk                  =  4.36461e-07
tk                  =  4.37968e-07
tk                  =  4.39475e-07
tk                  =  4.40982e-07
tk                  =  4.42488e-07
tk                  =  4.43995e-07
tk                  =  4.45501e-07
tk                  =  4.47008e-07
tk                  =  4.48515e-07
tk                  =  4.50021e-07
tk                  =  4.51528e-07
tk                  =  4.53035e-07
tk                  =  4.54541e-07
tk                  =  4.56048e-07
tk                  =  4.57555e-07
tk                  =  4.59061e-07
tk                  =  4.60568e-07
tk                  =  4.62076e-07
tk                  =  4.63582e-07
tk                  =  4.65089e-07
tk                  =  4.66595e-07
tk                  =  4.68102e-07
tk                  =  4.69609e-07
tk                  =  4.71115e-07
tk                  =  4.72622e-07
tk                  =  4.74130e-07
tk                  =  4.75637e-07
tk                  =  4.77144e-07
tk                  =  4.78650e-07
tk                  =  4.80157e-07
tk                  =  4.81664e-07
tk                  =  4.83172e-07
tk                  =  4.84679e-07
tk                  =  4.86185e-07
tk                  =  4.87692e-07
tk                  =  4.89198e-07
tk                  =  4.90704e-07
tk                  =  4.92210e-07
tk                  =  4.93717e-07
tk                  =  4.95223e-07
tk                  =  4.96730e-07
tk                  =  4.98237e-07
tk                  =  4.99743e-07
tk                  =  5.01250e-07
tk                  =  5.02757e-07
tk                  =  5.04264e-07
tk                  =  5.05771e-07
tk                  =  5.07278e-07
tk                  =  5.08785e-07
tk                  =  5.10292e-07
tk                  =  5.11798e-07
tk                  =  5.13305e-07
tk                  =  5.14811e-07
tk                  =  5.16318e-07
tk                  =  5.17824e-07
tk                  =  5.19331e-07
tk                  =  5.20838e-07
tk                  =  5.22345e-07
tk                  =  5.23852e-07
tk                  =  5.25359e-07
tk                  =  5.26865e-07
tk                  =  5.28371e-07
tk                  =  5.29879e-07
tk                  =  5.31386e-07
tk                  =  5.32893e-07
tk                  =  5.34400e-07
tk                  =  5.35906e-07
tk                  =  5.37413e-07
tk                  =  5.38920e-07
tk                  =  5.40426e-07
tk                  =  5.41933e-07
tk                  =  5.43439e-07
tk                  =  5.44946e-07
tk                  =  5.46452e-07
tk                  =  5.47960e-07
tk                  =  5.49466e-07
tk                  =  5.50972e-07
tk                  =  5.52479e-07
tk                  =  5.53986e-07
tk                  =  5.55493e-07
tk                  =  5.56999e-07
tk                  =  5.58506e-07
tk                  =  5.60013e-07
tk                  =  5.61520e-07
tk                  =  5.63026e-07
tk                  =  5.64533e-07
tk                  =  5.66041e-07
tk                  =  5.67547e-07
tk                  =  5.69054e-07
tk                  =  5.70561e-07
tk                  =  5.72068e-07
tk                  =  5.73575e-07
tk                  =  5.75082e-07
tk                  =  5.76588e-07
tk                  =  5.78095e-07
tk                  =  5.79602e-07
tk                  =  5.81108e-07
tk                  =  5.82615e-07
tk                  =  5.84121e-07
tk                  =  5.85628e-07
tk                  =  5.87135e-07
tk                  =  5.88642e-07
tk                  =  5.90150e-07
tk                  =  5.91656e-07
tk                  =  5.93163e-07
tk                  =  5.94670e-07
tk                  =  5.96176e-07
tk                  =  5.97683e-07
tk                  =  5.99189e-07
tk                  =  6.00696e-07
tk                  =  6.02203e-07
tk                  =  6.03710e-07
tk                  =  6.05216e-07
tk                  =  6.06723e-07
tk                  =  6.08230e-07
tk                  =  6.09735e-07
tk                  =  6.11242e-07
tk                  =  6.12749e-07
tk                  =  6.14255e-07
tk                  =  6.15762e-07
tk                  =  6.17269e-07
tk                  =  6.18775e-07
tk                  =  6.20282e-07
tk                  =  6.21788e-07
tk                  =  6.23295e-07
tk                  =  6.24801e-07
tk                  =  6.26308e-07
tk                  =  6.27814e-07
tk                  =  6.29321e-07
tk                  =  6.30827e-07
tk                  =  6.32335e-07
tk                  =  6.33842e-07
tk                  =  6.35348e-07
tk                  =  6.36855e-07
tk                  =  6.38361e-07
tk                  =  6.39868e-07
tk                  =  6.41375e-07
tk                  =  6.42882e-07
tk                  =  6.44389e-07
tk                  =  6.45895e-07
tk                  =  6.47402e-07
tk                  =  6.48909e-07
tk                  =  6.50416e-07
tk                  =  6.51923e-07
tk                  =  6.53430e-07
tk                  =  6.54936e-07
tk                  =  6.56444e-07
tk                  =  6.57951e-07
tk                  =  6.59457e-07
tk                  =  6.60964e-07
tk                  =  6.62471e-07
tk                  =  6.63978e-07
tk                  =  6.65485e-07
tk                  =  6.66991e-07
tk                  =  6.68497e-07
tk                  =  6.70004e-07
tk                  =  6.71511e-07
tk                  =  6.73018e-07
tk                  =  6.74524e-07
tk                  =  6.76032e-07
tk                  =  6.77538e-07
tk                  =  6.79045e-07
tk                  =  6.80551e-07
tk                  =  6.82057e-07
tk                  =  6.83564e-07
tk                  =  6.85071e-07
tk                  =  6.86578e-07
tk                  =  6.88084e-07
tk                  =  6.89590e-07
tk                  =  6.91097e-07
tk                  =  6.92603e-07
tk                  =  6.94110e-07
tk                  =  6.95617e-07
tk                  =  6.97124e-07
tk                  =  6.98631e-07
tk                  =  7.00137e-07
tk                  =  7.01643e-07
tk                  =  7.03150e-07
tk                  =  7.04657e-07
tk                  =  7.06164e-07
tk                  =  7.07671e-07
tk                  =  7.09178e-07
tk                  =  7.10684e-07
tk                  =  7.12191e-07
tk                  =  7.13698e-07
tk                  =  7.15204e-07
tk                  =  7.16711e-07
tk                  =  7.18218e-07
tk                  =  7.19725e-07
tk                  =  7.21231e-07
tk                  =  7.22738e-07
tk                  =  7.24244e-07
tk                  =  7.25751e-07
tk                  =  7.27258e-07
tk                  =  7.28765e-07
tk                  =  7.30271e-07
tk                  =  7.31778e-07
tk                  =  7.33285e-07
tk                  =  7.34792e-07
tk                  =  7.36299e-07
tk                  =  7.37805e-07
tk                  =  7.39312e-07
tk                  =  7.40819e-07
tk                  =  7.42325e-07
tk                  =  7.43832e-07
tk                  =  7.45338e-07
tk                  =  7.46845e-07
tk                  =  7.48352e-07
tk                  =  7.49859e-07
tk                  =  7.51365e-07
tk                  =  7.52871e-07
tk                  =  7.54378e-07
tk                  =  7.55886e-07
tk                  =  7.57392e-07
tk                  =  7.58899e-07
tk                  =  7.60406e-07
tk                  =  7.61912e-07
tk                  =  7.63418e-07
tk                  =  7.64925e-07
tk                  =  7.66431e-07
tk                  =  7.67938e-07
tk                  =  7.69444e-07
tk                  =  7.70951e-07
tk                  =  7.72458e-07
tk                  =  7.73965e-07
tk                  =  7.75471e-07
tk                  =  7.76978e-07
tk                  =  7.78486e-07
tk                  =  7.79992e-07
tk                  =  7.81499e-07
tk                  =  7.83006e-07
tk                  =  7.84513e-07
tk                  =  7.86019e-07
tk                  =  7.87526e-07
tk                  =  7.89033e-07
tk                  =  7.90540e-07
tk                  =  7.92047e-07
tk                  =  7.93552e-07
tk                  =  7.95059e-07
tk                  =  7.96566e-07
tk                  =  7.98072e-07
tk                  =  7.99579e-07
tk                  =  8.01085e-07
tk                  =  8.02592e-07
tk                  =  8.04098e-07
tk                  =  8.05606e-07
tk                  =  8.07113e-07
tk                  =  8.08619e-07
tk                  =  8.10126e-07
tk                  =  8.11632e-07
tk                  =  8.13139e-07
tk                  =  8.14646e-07
tk                  =  8.16152e-07
tk                  =  8.17660e-07
tk                  =  8.19166e-07
tk                  =  8.20672e-07
tk                  =  8.22179e-07
tk                  =  8.23686e-07
tk                  =  8.25192e-07
tk                  =  8.26699e-07
tk                  =  8.28206e-07
tk                  =  8.29713e-07
tk                  =  8.31219e-07
tk                  =  8.32726e-07
tk                  =  8.34233e-07
tk                  =  8.35740e-07
tk                  =  8.37246e-07
tk                  =  8.38753e-07
tk                  =  8.40260e-07
tk                  =  8.41767e-07
tk                  =  8.43273e-07
tk                  =  8.44779e-07
tk                  =  8.46286e-07
tk                  =  8.47792e-07
tk                  =  8.49298e-07
tk                  =  8.50805e-07
tk                  =  8.52313e-07
tk                  =  8.53820e-07
tk                  =  8.55327e-07
tk                  =  8.56834e-07
tk                  =  8.58340e-07
tk                  =  8.59847e-07
tk                  =  8.61354e-07
tk                  =  8.62861e-07
tk                  =  8.64367e-07
tk                  =  8.65874e-07
tk                  =  8.67381e-07
tk                  =  8.68888e-07
tk                  =  8.70394e-07
tk                  =  8.71902e-07
tk                  =  8.73408e-07
tk                  =  8.74914e-07
tk                  =  8.76421e-07
tk                  =  8.77928e-07
tk                  =  8.79435e-07
tk                  =  8.80942e-07
tk                  =  8.82449e-07
tk                  =  8.83956e-07
tk                  =  8.85463e-07
tk                  =  8.86970e-07
tk                  =  8.88477e-07
tk                  =  8.89983e-07
tk                  =  8.91490e-07
tk                  =  8.92997e-07
tk                  =  8.94504e-07
tk                  =  8.96011e-07
tk                  =  8.97518e-07
tk                  =  8.99024e-07
tk                  =  9.00531e-07
tk                  =  9.02038e-07
tk                  =  9.03544e-07
tk                  =  9.05051e-07
tk                  =  9.06557e-07
tk                  =  9.08063e-07
tk                  =  9.09570e-07
tk                  =  9.11077e-07
tk                  =  9.12584e-07
tk                  =  9.14090e-07
tk                  =  9.15597e-07
tk                  =  9.17104e-07
tk                  =  9.18610e-07
tk                  =  9.20117e-07
tk                  =  9.21624e-07
tk                  =  9.23131e-07
tk                  =  9.24638e-07
tk                  =  9.26145e-07
tk                  =  9.27652e-07
tk                  =  9.29158e-07
tk                  =  9.30665e-07
tk                  =  9.32171e-07
tk                  =  9.33678e-07
tk                  =  9.35185e-07
tk                  =  9.36692e-07
tk                  =  9.38198e-07
tk                  =  9.39705e-07
tk                  =  9.41212e-07
tk                  =  9.42718e-07
tk                  =  9.44225e-07
tk                  =  9.45731e-07
tk                  =  9.47239e-07
tk                  =  9.48746e-07
tk                  =  9.50253e-07
tk                  =  9.51760e-07
tk                  =  9.53267e-07
tk                  =  9.54773e-07
tk                  =  9.56279e-07
tk                  =  9.57786e-07
tk                  =  9.59293e-07
tk                  =  9.60800e-07
tk                  =  9.62306e-07
tk                  =  9.63813e-07
tk                  =  9.65321e-07
tk                  =  9.66827e-07
tk                  =  9.68333e-07
tk                  =  9.69840e-07
tk                  =  9.71347e-07
tk                  =  9.72854e-07
tk                  =  9.74361e-07
tk                  =  9.75867e-07
tk                  =  9.77374e-07
tk                  =  9.78881e-07
tk                  =  9.80388e-07
tk                  =  9.81894e-07
tk                  =  9.83401e-07
tk                  =  9.84907e-07
tk                  =  9.86414e-07
tk                  =  9.87920e-07
tk                  =  9.89427e-07
tk                  =  9.90934e-07
tk                  =  9.92441e-07
tk                  =  9.93948e-07
tk                  =  9.95455e-07
tk                  =  9.96962e-07
tk                  =  9.98469e-07
tk                  =  9.99975e-07
tk                  =  1.00148e-06
tk                  =  1.00299e-06
tk                  =  1.00449e-06
tk                  =  1.00600e-06
tk                  =  1.00751e-06
tk                  =  1.00902e-06
tk                  =  1.01052e-06
tk                  =  1.01203e-06
tk                  =  1.01354e-06
tk                  =  1.01504e-06
tk                  =  1.01655e-06
tk                  =  1.01806e-06
tk                  =  1.01956e-06
tk                  =  1.02107e-06
tk                  =  1.02258e-06
tk                  =  1.02408e-06
tk                  =  1.02559e-06
tk                  =  1.02710e-06
tk                  =  1.02860e-06
tk                  =  1.03011e-06
tk                  =  1.03162e-06
tk                  =  1.03312e-06
tk                  =  1.03463e-06
tk                  =  1.03614e-06
tk                  =  1.03764e-06
tk                  =  1.03915e-06
tk                  =  1.04066e-06
tk                  =  1.04216e-06
tk                  =  1.04367e-06
tk                  =  1.04518e-06
tk                  =  1.04668e-06
tk                  =  1.04819e-06
tk                  =  1.04970e-06
tk                  =  1.05120e-06
tk                  =  1.05271e-06
tk                  =  1.05422e-06
tk                  =  1.05572e-06
tk                  =  1.05723e-06
tk                  =  1.05874e-06
tk                  =  1.06024e-06
tk                  =  1.06175e-06
tk                  =  1.06326e-06
tk                  =  1.06477e-06
tk                  =  1.06627e-06
tk                  =  1.06778e-06
tk                  =  1.06929e-06
tk                  =  1.07079e-06
tk                  =  1.07230e-06
tk                  =  1.07381e-06
tk                  =  1.07531e-06
tk                  =  1.07682e-06
tk                  =  1.07833e-06
tk                  =  1.07983e-06
tk                  =  1.08134e-06
tk                  =  1.08285e-06
tk                  =  1.08435e-06
tk                  =  1.08586e-06
tk                  =  1.08737e-06
tk                  =  1.08887e-06
tk                  =  1.09038e-06
tk                  =  1.09189e-06
tk                  =  1.09339e-06
tk                  =  1.09490e-06
tk                  =  1.09641e-06
tk                  =  1.09791e-06
tk                  =  1.09942e-06
tk                  =  1.10093e-06
tk                  =  1.10243e-06
tk                  =  1.10394e-06
tk                  =  1.10545e-06
tk                  =  1.10695e-06
tk                  =  1.10846e-06
tk                  =  1.10997e-06
tk                  =  1.11147e-06
tk                  =  1.11298e-06
tk                  =  1.11449e-06
tk                  =  1.11599e-06
tk                  =  1.11750e-06
tk                  =  1.11900e-06
tk                  =  1.12051e-06
tk                  =  1.12202e-06
tk                  =  1.12352e-06
tk                  =  1.12503e-06
tk                  =  1.12654e-06
tk                  =  1.12804e-06
tk                  =  1.12955e-06
tk                  =  1.13106e-06
tk                  =  1.13256e-06
tk                  =  1.13407e-06
tk                  =  1.13558e-06
tk                  =  1.13708e-06
tk                  =  1.13859e-06
tk                  =  1.14010e-06
tk                  =  1.14161e-06
tk                  =  1.14311e-06
tk                  =  1.14462e-06
tk                  =  1.14613e-06
tk                  =  1.14763e-06
tk                  =  1.14914e-06
tk                  =  1.15065e-06
tk                  =  1.15215e-06
tk                  =  1.15366e-06
tk                  =  1.15517e-06
tk                  =  1.15667e-06
tk                  =  1.15818e-06
tk                  =  1.15969e-06
qw0                 =  -1.45046e-02
qw1                 =  -4.33463e-02
m_period = 1.5067222656e-09
m_f_osc = 6.6369232261e+08
m_period_startup16 = 1.5066990000e-09
m_period_b00 = 1.5067536250e-09
m_period_b01 = 1.5067381250e-09
m_period_b02 = 1.5067312500e-09
m_period_b03 = 1.5067937500e-09
m_period_b04 = 1.5067458333e-09
m_period_b05 = 1.5067770833e-09
m_period_b06 = 1.5067375000e-09
m_period_b07 = 1.5067354167e-09
m_period_b08 = 1.5067166667e-09
m_period_b09 = 1.5066750000e-09
m_period_b10 = 1.5066979167e-09
m_period_b11 = 1.5067020833e-09
m_period_b12 = 1.5067541667e-09
m_period_b13 = 1.5067645833e-09
m_period_b14 = 1.5067291667e-09
m_period_b15 = 1.5066875000e-09
m_sigma_1 = 3.9844652319e-13
m_sigma_2 = 5.0959266173e-13
m_sigma_4 = 6.7689251006e-13
m_sigma_8 = 9.1953677165e-13
m_sigma_16 = 1.1820184442e-12
m_sigma_32 = 1.4150719490e-12
m_sigma_64 = 1.8787426323e-12
m_sigma_128 = 2.8144971024e-12
m_sigma_startup16_1 = 4.5748282299e-13
m_sigma_startup16_2 = 5.9618245849e-13
m_sigma_startup16_4 = 7.2606003849e-13
m_sigma_startup16_8 = 1.0229205465e-12
m_i_ring_a = 3.7386773701e-05
m_p_active_w = 1.3571398854e-04
m_e_per_cycle_j = 2.0448328829e-13
m_c_eff_node_f = 3.1036630508e-15
m_vsup_v = 3.6300000001e+00
Note: Simulation executed from .control section 

Warning: m=xx on .subckt line will override multiplier m hierarchy!

