
Note: Compatibility modes selected: hs a


Circuit: * ro-ring5-starved-jitter-long @ ff_-40c_3.63v -- generated by sim/harness, do not edit

Doing analysis at TEMP = -40.000000 and TNOM = 27.000000

Using SPARSE 1.3 as Direct Linear Solver

Initial Transient Solution
--------------------------

Node                                   Voltage
----                                   -------
vsup                                      3.63
en                                        3.63
vddr1                                     3.63
xg1.py                                 1.62993
n11                                          0
g10                                  9.098e-08
xg1.nm                            8.21485e-100
xg1.ny                            7.58615e-100
x11.py                                    3.63
n12                                       3.63
g11                                          0
x11.ny                             2.30658e-09
x12.py                                    3.63
n13                                  9.098e-08
g12                                       3.63
x12.ny                             7.58087e-08
x13.py                                    3.63
n14                                       3.63
g13                                  9.098e-08
x13.ny                             2.30659e-09
x14.py                                    3.63
ro1                                  9.098e-08
g14                                       3.63
x14.ny                             7.58087e-08
q1                                -1.71468e-15
x1                                      -1.815
bx1#branch                                   0
vr1#branch                         1.71468e-05
vn14#branch                                  0
vn13#branch                                  0
vn12#branch                                  0
vn11#branch                                  0
vn10#branch                        1.37673e-24
ven#branch                                   0
vsup#branch                       -1.71468e-05

 Reference value :  0.00000e+00
 Reference value :  1.27000e-09
 Reference value :  2.67000e-09
 Reference value :  4.10030e-09
 Reference value :  5.51070e-09
 Reference value :  6.72030e-09
 Reference value :  7.94850e-09
 Reference value :  9.16925e-09
 Reference value :  1.05001e-08
 Reference value :  1.20803e-08
 Reference value :  1.34215e-08
 Reference value :  1.55615e-08
 Reference value :  1.69285e-08
 Reference value :  1.81401e-08
 Reference value :  1.93503e-08
 Reference value :  2.09001e-08
 Reference value :  2.21885e-08
 Reference value :  2.36335e-08
 Reference value :  2.48245e-08
 Reference value :  2.60592e-08
 Reference value :  2.72825e-08
 Reference value :  2.86745e-08
 Reference value :  2.99785e-08
 Reference value :  3.12225e-08
 Reference value :  3.26335e-08
 Reference value :  3.38345e-08
 Reference value :  3.50555e-08
 Reference value :  3.62965e-08
 Reference value :  3.76592e-08
 Reference value :  3.89575e-08
 Reference value :  4.02000e-08
 Reference value :  4.14455e-08
 Reference value :  4.27335e-08
 Reference value :  4.39600e-08
 Reference value :  4.52103e-08
 Reference value :  4.64565e-08
 Reference value :  4.77245e-08
 Reference value :  4.90175e-08
 Reference value :  5.02815e-08
 Reference value :  5.15835e-08
 Reference value :  5.28255e-08
 Reference value :  5.41501e-08
 Reference value :  5.55545e-08
 Reference value :  5.67655e-08
 Reference value :  5.79800e-08
 Reference value :  5.92301e-08
 Reference value :  6.04503e-08
 Reference value :  6.16492e-08
 Reference value :  6.28692e-08
 Reference value :  6.40801e-08
 Reference value :  6.52635e-08
 Reference value :  6.64765e-08
 Reference value :  6.76792e-08
 Reference value :  6.88601e-08
 Reference value :  7.01107e-08
 Reference value :  7.13145e-08
 Reference value :  7.25165e-08
 Reference value :  7.37101e-08
 Reference value :  7.49192e-08
 Reference value :  7.61065e-08
 Reference value :  7.73400e-08
 Reference value :  7.85335e-08
 Reference value :  7.97175e-08
 Reference value :  8.09065e-08
 Reference value :  8.21145e-08
 Reference value :  8.33375e-08
 Reference value :  8.45725e-08
 Reference value :  8.57703e-08
 Reference value :  8.69965e-08
 Reference value :  8.82301e-08
 Reference value :  8.94615e-08
 Reference value :  9.07301e-08
 Reference value :  9.19503e-08
 Reference value :  9.31307e-08
 Reference value :  9.43792e-08
 Reference value :  9.55975e-08
 Reference value :  9.67715e-08
 Reference value :  9.79715e-08
 Reference value :  9.92207e-08
 Reference value :  1.00467e-07
 Reference value :  1.01681e-07
 Reference value :  1.02859e-07
 Reference value :  1.04089e-07
 Reference value :  1.05264e-07
 Reference value :  1.06444e-07
 Reference value :  1.07663e-07
 Reference value :  1.08870e-07
 Reference value :  1.10050e-07
 Reference value :  1.11297e-07
 Reference value :  1.12470e-07
 Reference value :  1.13726e-07
 Reference value :  1.15330e-07
 Reference value :  1.16804e-07
 Reference value :  1.18222e-07
 Reference value :  1.19450e-07
 Reference value :  1.20701e-07
 Reference value :  1.21922e-07
 Reference value :  1.23171e-07
 Reference value :  1.24387e-07
 Reference value :  1.25570e-07
 Reference value :  1.26808e-07
 Reference value :  1.28340e-07
 Reference value :  1.29800e-07
 Reference value :  1.31197e-07
 Reference value :  1.32422e-07
 Reference value :  1.33641e-07
 Reference value :  1.34815e-07
 Reference value :  1.36191e-07
 Reference value :  1.37663e-07
 Reference value :  1.38860e-07
 Reference value :  1.40232e-07
 Reference value :  1.41490e-07
 Reference value :  1.42771e-07
 Reference value :  1.44413e-07
 Reference value :  1.45817e-07
 Reference value :  1.47117e-07
 Reference value :  1.48385e-07
 Reference value :  1.49664e-07
 Reference value :  1.50934e-07
 Reference value :  1.52197e-07
 Reference value :  1.53519e-07
 Reference value :  1.54846e-07
 Reference value :  1.56170e-07
 Reference value :  1.57376e-07
 Reference value :  1.58570e-07
 Reference value :  1.59751e-07
 Reference value :  1.60965e-07
 Reference value :  1.62170e-07
 Reference value :  1.63439e-07
 Reference value :  1.64641e-07
 Reference value :  1.65801e-07
 Reference value :  1.67008e-07
 Reference value :  1.68243e-07
 Reference value :  1.69480e-07
 Reference value :  1.70782e-07
 Reference value :  1.71990e-07
 Reference value :  1.73217e-07
 Reference value :  1.74421e-07
 Reference value :  1.75601e-07
 Reference value :  1.76805e-07
 Reference value :  1.77994e-07
 Reference value :  1.79208e-07
 Reference value :  1.80435e-07
 Reference value :  1.81630e-07
 Reference value :  1.82839e-07
 Reference value :  1.84057e-07
 Reference value :  1.85350e-07
 Reference value :  1.86629e-07
 Reference value :  1.87890e-07
 Reference value :  1.89204e-07
 Reference value :  1.90495e-07
 Reference value :  1.91753e-07
 Reference value :  1.92990e-07
 Reference value :  1.94315e-07
 Reference value :  1.95651e-07
 Reference value :  1.97060e-07
 Reference value :  1.98326e-07
 Reference value :  1.99621e-07
 Reference value :  2.00959e-07
 Reference value :  2.02270e-07
 Reference value :  2.03567e-07
 Reference value :  2.04883e-07
 Reference value :  2.06134e-07
 Reference value :  2.07360e-07
 Reference value :  2.08645e-07
 Reference value :  2.09881e-07
 Reference value :  2.11131e-07
 Reference value :  2.12402e-07
 Reference value :  2.13680e-07
 Reference value :  2.14955e-07
 Reference value :  2.16215e-07
 Reference value :  2.17516e-07
 Reference value :  2.18777e-07
 Reference value :  2.20079e-07
 Reference value :  2.21342e-07
 Reference value :  2.22607e-07
 Reference value :  2.23895e-07
 Reference value :  2.25171e-07
 Reference value :  2.26449e-07
 Reference value :  2.27721e-07
 Reference value :  2.28949e-07
 Reference value :  2.30296e-07
 Reference value :  2.31596e-07
 Reference value :  2.32861e-07
 Reference value :  2.34251e-07
 Reference value :  2.35503e-07
 Reference value :  2.36777e-07
 Reference value :  2.38015e-07
 Reference value :  2.39280e-07
 Reference value :  2.40629e-07
 Reference value :  2.41876e-07
 Reference value :  2.43245e-07
 Reference value :  2.44630e-07
 Reference value :  2.46351e-07
 Reference value :  2.47737e-07
 Reference value :  2.49089e-07
 Reference value :  2.50386e-07
 Reference value :  2.51750e-07
 Reference value :  2.53241e-07
 Reference value :  2.55259e-07
 Reference value :  2.56690e-07
 Reference value :  2.57974e-07
 Reference value :  2.59247e-07
 Reference value :  2.60530e-07
 Reference value :  2.61794e-07
 Reference value :  2.63127e-07
 Reference value :  2.64357e-07
 Reference value :  2.65587e-07
 Reference value :  2.66846e-07
 Reference value :  2.68165e-07
 Reference value :  2.69500e-07
 Reference value :  2.70810e-07
 Reference value :  2.72131e-07
 Reference value :  2.73404e-07
 Reference value :  2.74700e-07
 Reference value :  2.75918e-07
 Reference value :  2.77178e-07
 Reference value :  2.78390e-07
 Reference value :  2.79620e-07
 Reference value :  2.80907e-07
 Reference value :  2.82144e-07
 Reference value :  2.83386e-07
 Reference value :  2.84676e-07
 Reference value :  2.85940e-07
 Reference value :  2.87208e-07
 Reference value :  2.88458e-07
 Reference value :  2.89720e-07
 Reference value :  2.90961e-07
 Reference value :  2.92221e-07
 Reference value :  2.93510e-07
 Reference value :  2.94805e-07
 Reference value :  2.96068e-07
 Reference value :  2.97355e-07
 Reference value :  2.98621e-07
 Reference value :  2.99874e-07
 Reference value :  3.01120e-07
 Reference value :  3.02373e-07
 Reference value :  3.03634e-07
 Reference value :  3.04907e-07
 Reference value :  3.06215e-07
 Reference value :  3.07448e-07
 Reference value :  3.08720e-07
 Reference value :  3.09991e-07
 Reference value :  3.11218e-07
 Reference value :  3.12481e-07
 Reference value :  3.13713e-07
 Reference value :  3.14941e-07
 Reference value :  3.16221e-07
 Reference value :  3.17510e-07
 Reference value :  3.18818e-07
 Reference value :  3.20049e-07
 Reference value :  3.21342e-07
 Reference value :  3.22627e-07
 Reference value :  3.23875e-07
 Reference value :  3.25120e-07
 Reference value :  3.26330e-07
 Reference value :  3.27611e-07
 Reference value :  3.28924e-07
 Reference value :  3.30161e-07
 Reference value :  3.31466e-07
 Reference value :  3.32751e-07
 Reference value :  3.34035e-07
 Reference value :  3.35310e-07
 Reference value :  3.36588e-07
 Reference value :  3.37850e-07
 Reference value :  3.39110e-07
 Reference value :  3.40350e-07
 Reference value :  3.41600e-07
 Reference value :  3.42853e-07
 Reference value :  3.44106e-07
 Reference value :  3.45338e-07
 Reference value :  3.46744e-07
 Reference value :  3.48278e-07
 Reference value :  3.49664e-07
 Reference value :  3.50920e-07
 Reference value :  3.52206e-07
 Reference value :  3.53496e-07
 Reference value :  3.54739e-07
 Reference value :  3.55964e-07
 Reference value :  3.57171e-07
 Reference value :  3.58411e-07
 Reference value :  3.59667e-07
 Reference value :  3.60910e-07
 Reference value :  3.62190e-07
 Reference value :  3.63400e-07
 Reference value :  3.64680e-07
 Reference value :  3.65943e-07
 Reference value :  3.67222e-07
 Reference value :  3.68511e-07
 Reference value :  3.69866e-07
 Reference value :  3.71201e-07
 Reference value :  3.72503e-07
 Reference value :  3.73802e-07
 Reference value :  3.75093e-07
 Reference value :  3.76341e-07
 Reference value :  3.77704e-07
 Reference value :  3.78983e-07
 Reference value :  3.80250e-07
 Reference value :  3.81520e-07
 Reference value :  3.82904e-07
 Reference value :  3.84201e-07
 Reference value :  3.85480e-07
 Reference value :  3.86799e-07
 Reference value :  3.88072e-07
 Reference value :  3.89480e-07
 Reference value :  3.90932e-07
 Reference value :  3.92320e-07
 Reference value :  3.93731e-07
 Reference value :  3.95179e-07
 Reference value :  3.96550e-07
 Reference value :  3.97970e-07
 Reference value :  3.99403e-07
 Reference value :  4.00814e-07
 Reference value :  4.02285e-07
 Reference value :  4.03774e-07
 Reference value :  4.05301e-07
 Reference value :  4.06737e-07
 Reference value :  4.08171e-07
 Reference value :  4.09542e-07
 Reference value :  4.10977e-07
 Reference value :  4.12418e-07
 Reference value :  4.13830e-07
 Reference value :  4.15214e-07
 Reference value :  4.16632e-07
 Reference value :  4.18086e-07
 Reference value :  4.19570e-07
 Reference value :  4.20933e-07
 Reference value :  4.22207e-07
 Reference value :  4.23530e-07
 Reference value :  4.24911e-07
 Reference value :  4.26228e-07
 Reference value :  4.27569e-07
 Reference value :  4.28876e-07
 Reference value :  4.30200e-07
 Reference value :  4.31516e-07
 Reference value :  4.32916e-07
 Reference value :  4.34281e-07
 Reference value :  4.35726e-07
 Reference value :  4.37103e-07
 Reference value :  4.38380e-07
 Reference value :  4.39685e-07
 Reference value :  4.41000e-07
 Reference value :  4.42329e-07
 Reference value :  4.43687e-07
 Reference value :  4.45054e-07
 Reference value :  4.46390e-07
 Reference value :  4.47699e-07
 Reference value :  4.49010e-07
 Reference value :  4.50300e-07
 Reference value :  4.51780e-07
 Reference value :  4.53161e-07
 Reference value :  4.54580e-07
 Reference value :  4.56079e-07
 Reference value :  4.57656e-07
 Reference value :  4.59225e-07
 Reference value :  4.60850e-07
 Reference value :  4.62400e-07
 Reference value :  4.63957e-07
 Reference value :  4.65507e-07
 Reference value :  4.66980e-07
 Reference value :  4.68403e-07
 Reference value :  4.69980e-07
 Reference value :  4.71842e-07
 Reference value :  4.73338e-07
 Reference value :  4.74940e-07
 Reference value :  4.76437e-07
 Reference value :  4.77818e-07
 Reference value :  4.79191e-07
 Reference value :  4.80547e-07
 Reference value :  4.82014e-07
 Reference value :  4.83403e-07
 Reference value :  4.84740e-07
 Reference value :  4.86140e-07
 Reference value :  4.87546e-07
 Reference value :  4.88936e-07
 Reference value :  4.90312e-07
 Reference value :  4.91798e-07
 Reference value :  4.93230e-07
 Reference value :  4.94690e-07
 Reference value :  4.96062e-07
 Reference value :  4.97550e-07
 Reference value :  4.99014e-07
 Reference value :  5.00471e-07
 Reference value :  5.01983e-07
 Reference value :  5.03367e-07
 Reference value :  5.04730e-07
 Reference value :  5.06297e-07
 Reference value :  5.07916e-07
 Reference value :  5.09548e-07
 Reference value :  5.10999e-07
 Reference value :  5.12353e-07
 Reference value :  5.14086e-07
 Reference value :  5.15630e-07
 Reference value :  5.17053e-07
 Reference value :  5.18373e-07
 Reference value :  5.19701e-07
 Reference value :  5.21029e-07
 Reference value :  5.22329e-07
 Reference value :  5.23883e-07
 Reference value :  5.25687e-07
 Reference value :  5.27738e-07
 Reference value :  5.29950e-07
 Reference value :  5.32058e-07
 Reference value :  5.34182e-07
 Reference value :  5.36187e-07
 Reference value :  5.38211e-07
 Reference value :  5.40108e-07
 Reference value :  5.42167e-07
 Reference value :  5.44270e-07
 Reference value :  5.46261e-07
 Reference value :  5.48328e-07
 Reference value :  5.50407e-07
 Reference value :  5.52540e-07
 Reference value :  5.54611e-07
 Reference value :  5.56666e-07
 Reference value :  5.58732e-07
 Reference value :  5.60704e-07
 Reference value :  5.62628e-07
 Reference value :  5.64671e-07
 Reference value :  5.66541e-07
 Reference value :  5.68534e-07
 Reference value :  5.70498e-07
 Reference value :  5.72424e-07
 Reference value :  5.74503e-07
 Reference value :  5.76506e-07
 Reference value :  5.77839e-07
 Reference value :  5.79173e-07
 Reference value :  5.80466e-07
 Reference value :  5.81784e-07
 Reference value :  5.83121e-07
 Reference value :  5.84492e-07
 Reference value :  5.85859e-07
 Reference value :  5.87303e-07
 Reference value :  5.88720e-07
 Reference value :  5.90155e-07
 Reference value :  5.91534e-07
 Reference value :  5.92878e-07
 Reference value :  5.94221e-07
 Reference value :  5.95593e-07
 Reference value :  5.96994e-07
 Reference value :  5.98585e-07
 Reference value :  6.00142e-07
 Reference value :  6.01570e-07
 Reference value :  6.02969e-07
 Reference value :  6.04620e-07
 Reference value :  6.06230e-07
 Reference value :  6.08303e-07
 Reference value :  6.10331e-07
 Reference value :  6.12497e-07
 Reference value :  6.14708e-07
 Reference value :  6.16909e-07
 Reference value :  6.19042e-07
 Reference value :  6.21176e-07
 Reference value :  6.22903e-07
 Reference value :  6.24786e-07
 Reference value :  6.27050e-07
 Reference value :  6.28680e-07
 Reference value :  6.29940e-07
 Reference value :  6.31354e-07
 Reference value :  6.32646e-07
 Reference value :  6.33956e-07
 Reference value :  6.35340e-07
 Reference value :  6.36670e-07
 Reference value :  6.38033e-07
 Reference value :  6.39310e-07
 Reference value :  6.40651e-07
 Reference value :  6.41980e-07
 Reference value :  6.43278e-07
 Reference value :  6.44588e-07
 Reference value :  6.46105e-07
 Reference value :  6.47440e-07
 Reference value :  6.48802e-07
 Reference value :  6.50173e-07
 Reference value :  6.51420e-07
 Reference value :  6.52739e-07
 Reference value :  6.54029e-07
 Reference value :  6.55380e-07
 Reference value :  6.56663e-07
 Reference value :  6.57990e-07
 Reference value :  6.59258e-07
 Reference value :  6.60539e-07
 Reference value :  6.61773e-07
 Reference value :  6.63003e-07
 Reference value :  6.64292e-07
 Reference value :  6.65598e-07
 Reference value :  6.67000e-07
 Reference value :  6.68550e-07
 Reference value :  6.70150e-07
 Reference value :  6.71520e-07
 Reference value :  6.72869e-07
 Reference value :  6.74243e-07
 Reference value :  6.75549e-07
 Reference value :  6.76813e-07
 Reference value :  6.78087e-07
 Reference value :  6.79406e-07
 Reference value :  6.80659e-07
 Reference value :  6.81916e-07
 Reference value :  6.83304e-07
 Reference value :  6.84631e-07
 Reference value :  6.85942e-07
 Reference value :  6.87404e-07
 Reference value :  6.88894e-07
 Reference value :  6.90200e-07
 Reference value :  6.91490e-07
 Reference value :  6.92781e-07
 Reference value :  6.94380e-07
 Reference value :  6.95691e-07
 Reference value :  6.97114e-07
 Reference value :  6.98495e-07
 Reference value :  6.99751e-07
 Reference value :  7.01043e-07
 Reference value :  7.02267e-07
 Reference value :  7.03608e-07
 Reference value :  7.04950e-07
 Reference value :  7.06177e-07
 Reference value :  7.07430e-07
 Reference value :  7.08680e-07
 Reference value :  7.09899e-07
 Reference value :  7.11140e-07
 Reference value :  7.12340e-07
 Reference value :  7.13523e-07
 Reference value :  7.14751e-07
 Reference value :  7.15964e-07
 Reference value :  7.17171e-07
 Reference value :  7.18396e-07
 Reference value :  7.19604e-07
 Reference value :  7.20821e-07
 Reference value :  7.22013e-07
 Reference value :  7.23251e-07
 Reference value :  7.24458e-07
 Reference value :  7.25651e-07
 Reference value :  7.26830e-07
 Reference value :  7.28052e-07
 Reference value :  7.29262e-07
 Reference value :  7.30464e-07
 Reference value :  7.31670e-07
 Reference value :  7.32898e-07
 Reference value :  7.34075e-07
 Reference value :  7.35257e-07
 Reference value :  7.36539e-07
 Reference value :  7.37753e-07
 Reference value :  7.38970e-07
 Reference value :  7.40190e-07
 Reference value :  7.41392e-07
 Reference value :  7.42581e-07
 Reference value :  7.43781e-07
 Reference value :  7.45025e-07
 Reference value :  7.46223e-07
 Reference value :  7.47444e-07
 Reference value :  7.48651e-07
 Reference value :  7.49848e-07
 Reference value :  7.51052e-07
 Reference value :  7.52287e-07
 Reference value :  7.53484e-07
 Reference value :  7.54740e-07
 Reference value :  7.55962e-07
 Reference value :  7.57181e-07
 Reference value :  7.58400e-07
 Reference value :  7.59597e-07
 Reference value :  7.60800e-07
 Reference value :  7.61990e-07
 Reference value :  7.63215e-07
 Reference value :  7.64452e-07
 Reference value :  7.65636e-07
 Reference value :  7.66839e-07
 Reference value :  7.68116e-07
 Reference value :  7.69762e-07
 Reference value :  7.71350e-07
 Reference value :  7.72701e-07
 Reference value :  7.73932e-07
 Reference value :  7.75139e-07
 Reference value :  7.76386e-07
 Reference value :  7.77577e-07
 Reference value :  7.78791e-07
 Reference value :  7.80039e-07
 Reference value :  7.81281e-07
 Reference value :  7.82501e-07
 Reference value :  7.83738e-07
 Reference value :  7.85002e-07
 Reference value :  7.86199e-07
 Reference value :  7.87426e-07
 Reference value :  7.88615e-07
 Reference value :  7.89850e-07
 Reference value :  7.91048e-07
 Reference value :  7.92242e-07
 Reference value :  7.93455e-07
 Reference value :  7.94666e-07
 Reference value :  7.95840e-07
 Reference value :  7.97017e-07
 Reference value :  7.98250e-07
 Reference value :  7.99480e-07
 Reference value :  8.00661e-07
 Reference value :  8.01882e-07
 Reference value :  8.03119e-07
 Reference value :  8.04357e-07
 Reference value :  8.05571e-07
 Reference value :  8.06800e-07
 Reference value :  8.07996e-07
 Reference value :  8.09187e-07
 Reference value :  8.10408e-07
 Reference value :  8.11630e-07
 Reference value :  8.12888e-07
 Reference value :  8.14117e-07
 Reference value :  8.15336e-07
 Reference value :  8.16654e-07
 Reference value :  8.17941e-07
 Reference value :  8.19300e-07
 Reference value :  8.20496e-07
 Reference value :  8.21690e-07
 Reference value :  8.22900e-07
 Reference value :  8.24119e-07
 Reference value :  8.25320e-07
 Reference value :  8.26537e-07
 Reference value :  8.27790e-07
 Reference value :  8.28968e-07
 Reference value :  8.30180e-07
 Reference value :  8.31396e-07
 Reference value :  8.32601e-07
 Reference value :  8.33808e-07
 Reference value :  8.35329e-07
 Reference value :  8.36508e-07
 Reference value :  8.37741e-07
 Reference value :  8.38975e-07
 Reference value :  8.40171e-07
 Reference value :  8.41868e-07
 Reference value :  8.43401e-07
 Reference value :  8.44640e-07
 Reference value :  8.46120e-07
 Reference value :  8.47314e-07
 Reference value :  8.48520e-07
 Reference value :  8.49723e-07
 Reference value :  8.50949e-07
 Reference value :  8.52200e-07
 Reference value :  8.53765e-07
 Reference value :  8.55240e-07
 Reference value :  8.56473e-07
 Reference value :  8.57912e-07
 Reference value :  8.59090e-07
 Reference value :  8.60331e-07
 Reference value :  8.61521e-07
 Reference value :  8.62714e-07
 Reference value :  8.63927e-07
 Reference value :  8.65485e-07
 Reference value :  8.66903e-07
 Reference value :  8.68235e-07
 Reference value :  8.69810e-07
 Reference value :  8.71040e-07
 Reference value :  8.72231e-07
 Reference value :  8.73465e-07
 Reference value :  8.74660e-07
 Reference value :  8.75901e-07
 Reference value :  8.77430e-07
 Reference value :  8.78809e-07
 Reference value :  8.80044e-07
 Reference value :  8.81554e-07
 Reference value :  8.82759e-07
 Reference value :  8.83949e-07
 Reference value :  8.85150e-07
 Reference value :  8.86383e-07
 Reference value :  8.87550e-07
 Reference value :  8.88770e-07
 Reference value :  8.90299e-07
 Reference value :  8.91624e-07
 Reference value :  8.92931e-07
 Reference value :  8.94173e-07
 Reference value :  8.95371e-07
 Reference value :  8.96556e-07
 Reference value :  8.97788e-07
 Reference value :  8.98997e-07
 Reference value :  9.00210e-07
 Reference value :  9.01760e-07
 Reference value :  9.03114e-07
 Reference value :  9.04365e-07
 Reference value :  9.05656e-07
 Reference value :  9.06886e-07
 Reference value :  9.08122e-07
 Reference value :  9.09322e-07
 Reference value :  9.10528e-07
 Reference value :  9.11773e-07
 Reference value :  9.12981e-07
 Reference value :  9.14164e-07
 Reference value :  9.15373e-07
 Reference value :  9.16583e-07
 Reference value :  9.17769e-07
 Reference value :  9.18954e-07
 Reference value :  9.20180e-07
 Reference value :  9.21403e-07
 Reference value :  9.22588e-07
 Reference value :  9.23811e-07
 Reference value :  9.24986e-07
 Reference value :  9.26190e-07
 Reference value :  9.27401e-07
 Reference value :  9.28589e-07
 Reference value :  9.29810e-07
 Reference value :  9.30993e-07
 Reference value :  9.32196e-07
 Reference value :  9.33404e-07
 Reference value :  9.34623e-07
 Reference value :  9.35820e-07
 Reference value :  9.37090e-07
 Reference value :  9.38303e-07
 Reference value :  9.39508e-07
 Reference value :  9.40711e-07
 Reference value :  9.41909e-07
 Reference value :  9.43105e-07
 Reference value :  9.44355e-07
 Reference value :  9.45567e-07
 Reference value :  9.46744e-07
 Reference value :  9.47952e-07
 Reference value :  9.49183e-07
 Reference value :  9.50386e-07
 Reference value :  9.51562e-07
 Reference value :  9.52785e-07
 Reference value :  9.54023e-07
 Reference value :  9.55198e-07
 Reference value :  9.56401e-07
 Reference value :  9.57632e-07
 Reference value :  9.58831e-07
 Reference value :  9.60012e-07
 Reference value :  9.61184e-07
 Reference value :  9.62441e-07
 Reference value :  9.63650e-07
 Reference value :  9.64849e-07
 Reference value :  9.66030e-07
 Reference value :  9.67219e-07
 Reference value :  9.68413e-07
 Reference value :  9.69610e-07
 Reference value :  9.70836e-07
 Reference value :  9.72057e-07
 Reference value :  9.73359e-07
 Reference value :  9.74628e-07
 Reference value :  9.75969e-07
 Reference value :  9.77238e-07
 Reference value :  9.78450e-07
 Reference value :  9.79628e-07
 Reference value :  9.80815e-07
 Reference value :  9.82051e-07
 Reference value :  9.83267e-07
 Reference value :  9.84432e-07
 Reference value :  9.85620e-07
 Reference value :  9.86844e-07
 Reference value :  9.88042e-07
 Reference value :  9.89237e-07
 Reference value :  9.90433e-07
 Reference value :  9.91601e-07
 Reference value :  9.92795e-07
 Reference value :  9.93961e-07
 Reference value :  9.95151e-07
 Reference value :  9.96381e-07
 Reference value :  9.97660e-07
 Reference value :  9.98868e-07
 Reference value :  1.00007e-06
 Reference value :  1.00127e-06
 Reference value :  1.00249e-06
 Reference value :  1.00371e-06
 Reference value :  1.00492e-06
 Reference value :  1.00611e-06
 Reference value :  1.00734e-06
 Reference value :  1.00853e-06
 Reference value :  1.00975e-06
 Reference value :  1.01096e-06
 Reference value :  1.01216e-06
 Reference value :  1.01337e-06
 Reference value :  1.01458e-06
 Reference value :  1.01579e-06
 Reference value :  1.01700e-06
 Reference value :  1.01825e-06
 Reference value :  1.01946e-06
 Reference value :  1.02073e-06
 Reference value :  1.02194e-06
 Reference value :  1.02315e-06
 Reference value :  1.02440e-06
 Reference value :  1.02558e-06
 Reference value :  1.02678e-06
 Reference value :  1.02801e-06
 Reference value :  1.02922e-06
 Reference value :  1.03046e-06
 Reference value :  1.03166e-06
 Reference value :  1.03292e-06
 Reference value :  1.03418e-06
 Reference value :  1.03538e-06
 Reference value :  1.03662e-06
 Reference value :  1.03781e-06
 Reference value :  1.03903e-06
 Reference value :  1.04023e-06
 Reference value :  1.04142e-06
 Reference value :  1.04264e-06
 Reference value :  1.04387e-06
 Reference value :  1.04508e-06
 Reference value :  1.04630e-06
 Reference value :  1.04756e-06
 Reference value :  1.04877e-06
 Reference value :  1.04997e-06
 Reference value :  1.05114e-06
 Reference value :  1.05234e-06
 Reference value :  1.05436e-06
 Reference value :  1.05635e-06
 Reference value :  1.05759e-06
 Reference value :  1.05902e-06
 Reference value :  1.06044e-06
 Reference value :  1.06164e-06
 Reference value :  1.06285e-06
 Reference value :  1.06407e-06
 Reference value :  1.06529e-06
 Reference value :  1.06652e-06
 Reference value :  1.06771e-06
 Reference value :  1.06891e-06
 Reference value :  1.07014e-06
 Reference value :  1.07134e-06
 Reference value :  1.07255e-06
 Reference value :  1.07376e-06
 Reference value :  1.07500e-06
 Reference value :  1.07668e-06
 Reference value :  1.07835e-06
 Reference value :  1.07957e-06
 Reference value :  1.08119e-06
 Reference value :  1.08240e-06
 Reference value :  1.08362e-06
 Reference value :  1.08483e-06
 Reference value :  1.08603e-06
 Reference value :  1.08722e-06
 Reference value :  1.08844e-06
 Reference value :  1.08977e-06
 Reference value :  1.09133e-06
 Reference value :  1.09273e-06
 Reference value :  1.09392e-06
 Reference value :  1.09556e-06
 Reference value :  1.09679e-06
 Reference value :  1.09802e-06
 Reference value :  1.09919e-06
 Reference value :  1.10034e-06
 Reference value :  1.10158e-06
 Reference value :  1.10278e-06
 Reference value :  1.10401e-06
 Reference value :  1.10525e-06
 Reference value :  1.10648e-06
 Reference value :  1.10767e-06
 Reference value :  1.10891e-06
 Reference value :  1.11014e-06
 Reference value :  1.11137e-06
 Reference value :  1.11253e-06
 Reference value :  1.11370e-06
 Reference value :  1.11490e-06
 Reference value :  1.11616e-06
 Reference value :  1.11739e-06
 Reference value :  1.11861e-06
 Reference value :  1.11978e-06
 Reference value :  1.12101e-06
 Reference value :  1.12224e-06
 Reference value :  1.12351e-06
 Reference value :  1.12472e-06
 Reference value :  1.12599e-06
 Reference value :  1.12720e-06
 Reference value :  1.12839e-06
 Reference value :  1.12961e-06
 Reference value :  1.13081e-06
 Reference value :  1.13202e-06
 Reference value :  1.13324e-06
 Reference value :  1.13453e-06
 Reference value :  1.13569e-06
 Reference value :  1.13688e-06
 Reference value :  1.13811e-06
 Reference value :  1.13936e-06
 Reference value :  1.14054e-06
 Reference value :  1.14173e-06
 Reference value :  1.14293e-06
 Reference value :  1.14415e-06
 Reference value :  1.14543e-06
 Reference value :  1.14668e-06
 Reference value :  1.14790e-06
 Reference value :  1.14914e-06
 Reference value :  1.15038e-06
 Reference value :  1.15157e-06
 Reference value :  1.15277e-06
 Reference value :  1.15400e-06
 Reference value :  1.15518e-06
 Reference value :  1.15636e-06
 Reference value :  1.15756e-06
 Reference value :  1.15878e-06
 Reference value :  1.16002e-06
 Reference value :  1.16126e-06
 Reference value :  1.16246e-06
 Reference value :  1.16366e-06
 Reference value :  1.16484e-06
 Reference value :  1.16604e-06
 Reference value :  1.16728e-06
 Reference value :  1.16848e-06
 Reference value :  1.16972e-06
 Reference value :  1.17094e-06
 Reference value :  1.17222e-06
 Reference value :  1.17346e-06
 Reference value :  1.17465e-06
 Reference value :  1.17588e-06
 Reference value :  1.17709e-06
 Reference value :  1.17836e-06
 Reference value :  1.17956e-06
 Reference value :  1.18088e-06
 Reference value :  1.18209e-06
 Reference value :  1.18334e-06
 Reference value :  1.18457e-06
 Reference value :  1.18586e-06
 Reference value :  1.18708e-06
 Reference value :  1.18832e-06
 Reference value :  1.18955e-06
 Reference value :  1.19077e-06
 Reference value :  1.19203e-06
 Reference value :  1.19324e-06
 Reference value :  1.19447e-06
 Reference value :  1.19570e-06
 Reference value :  1.19694e-06
 Reference value :  1.19822e-06
 Reference value :  1.19949e-06
 Reference value :  1.20078e-06
 Reference value :  1.20205e-06
 Reference value :  1.20328e-06
 Reference value :  1.20451e-06
 Reference value :  1.20613e-06
 Reference value :  1.20739e-06
 Reference value :  1.20863e-06
 Reference value :  1.20983e-06
 Reference value :  1.21109e-06
 Reference value :  1.21235e-06
 Reference value :  1.21358e-06
 Reference value :  1.21481e-06
 Reference value :  1.21606e-06
 Reference value :  1.21726e-06
 Reference value :  1.21850e-06
 Reference value :  1.21975e-06
 Reference value :  1.22095e-06
 Reference value :  1.22220e-06
 Reference value :  1.22343e-06
 Reference value :  1.22466e-06
 Reference value :  1.22587e-06
 Reference value :  1.22709e-06
 Reference value :  1.22830e-06
 Reference value :  1.22951e-06
 Reference value :  1.23070e-06
 Reference value :  1.23194e-06
 Reference value :  1.23320e-06
 Reference value :  1.23439e-06
 Reference value :  1.23560e-06
 Reference value :  1.23681e-06
 Reference value :  1.23801e-06
 Reference value :  1.23920e-06
 Reference value :  1.24042e-06
 Reference value :  1.24163e-06
 Reference value :  1.24283e-06
 Reference value :  1.24405e-06
 Reference value :  1.24527e-06
 Reference value :  1.24651e-06
 Reference value :  1.24772e-06
 Reference value :  1.24892e-06
 Reference value :  1.25014e-06
 Reference value :  1.25139e-06
 Reference value :  1.25261e-06
 Reference value :  1.25386e-06
 Reference value :  1.25521e-06
 Reference value :  1.25642e-06
 Reference value :  1.25769e-06
 Reference value :  1.25892e-06
 Reference value :  1.26013e-06
 Reference value :  1.26148e-06
 Reference value :  1.26294e-06
 Reference value :  1.26416e-06
 Reference value :  1.26546e-06
 Reference value :  1.26672e-06
 Reference value :  1.26800e-06
 Reference value :  1.26924e-06
 Reference value :  1.27046e-06
 Reference value :  1.27167e-06
 Reference value :  1.27289e-06
 Reference value :  1.27413e-06
 Reference value :  1.27542e-06
 Reference value :  1.27664e-06
 Reference value :  1.27788e-06
 Reference value :  1.27914e-06
 Reference value :  1.28039e-06
 Reference value :  1.28168e-06
 Reference value :  1.28294e-06
 Reference value :  1.28418e-06
 Reference value :  1.28538e-06
 Reference value :  1.28662e-06
 Reference value :  1.28786e-06
 Reference value :  1.28915e-06
 Reference value :  1.29038e-06
 Reference value :  1.29161e-06
 Reference value :  1.29287e-06
 Reference value :  1.29410e-06
 Reference value :  1.29531e-06
 Reference value :  1.29653e-06
 Reference value :  1.29773e-06
 Reference value :  1.29895e-06
 Reference value :  1.30022e-06
 Reference value :  1.30145e-06
 Reference value :  1.30277e-06
 Reference value :  1.30412e-06
 Reference value :  1.30551e-06
 Reference value :  1.30684e-06
 Reference value :  1.30815e-06
 Reference value :  1.30943e-06
 Reference value :  1.31065e-06
 Reference value :  1.31189e-06
 Reference value :  1.31315e-06
 Reference value :  1.31439e-06
 Reference value :  1.31563e-06
 Reference value :  1.31695e-06
 Reference value :  1.31827e-06
 Reference value :  1.31952e-06
 Reference value :  1.32075e-06
 Reference value :  1.32199e-06
 Reference value :  1.32323e-06
 Reference value :  1.32460e-06
 Reference value :  1.32598e-06
 Reference value :  1.32729e-06
 Reference value :  1.32860e-06
 Reference value :  1.32994e-06
 Reference value :  1.33120e-06
 Reference value :  1.33250e-06
 Reference value :  1.33377e-06
 Reference value :  1.33503e-06
 Reference value :  1.33622e-06
 Reference value :  1.33740e-06
 Reference value :  1.33871e-06
 Reference value :  1.33995e-06
 Reference value :  1.34122e-06
 Reference value :  1.34248e-06
 Reference value :  1.34374e-06
 Reference value :  1.34495e-06
 Reference value :  1.34616e-06
 Reference value :  1.34739e-06
 Reference value :  1.34908e-06
 Reference value :  1.35034e-06
 Reference value :  1.35156e-06
 Reference value :  1.35281e-06
 Reference value :  1.35408e-06
 Reference value :  1.35531e-06
 Reference value :  1.35659e-06
 Reference value :  1.35781e-06
 Reference value :  1.35900e-06
 Reference value :  1.36030e-06
 Reference value :  1.36150e-06
 Reference value :  1.36271e-06
 Reference value :  1.36395e-06
 Reference value :  1.36526e-06
 Reference value :  1.36649e-06
 Reference value :  1.36774e-06
 Reference value :  1.36898e-06
 Reference value :  1.37024e-06
 Reference value :  1.37147e-06
 Reference value :  1.37270e-06
 Reference value :  1.37391e-06
 Reference value :  1.37514e-06
 Reference value :  1.37641e-06
 Reference value :  1.37765e-06
 Reference value :  1.37887e-06
 Reference value :  1.38011e-06
 Reference value :  1.38135e-06
 Reference value :  1.38253e-06
 Reference value :  1.38375e-06
 Reference value :  1.38498e-06
 Reference value :  1.38614e-06
 Reference value :  1.38734e-06
 Reference value :  1.38855e-06
 Reference value :  1.38979e-06
 Reference value :  1.39099e-06
 Reference value :  1.39224e-06
 Reference value :  1.39351e-06
 Reference value :  1.39472e-06
 Reference value :  1.39595e-06
 Reference value :  1.39712e-06
 Reference value :  1.39834e-06
 Reference value :  1.39958e-06
 Reference value :  1.40084e-06
 Reference value :  1.40203e-06
 Reference value :  1.40323e-06
 Reference value :  1.40442e-06
 Reference value :  1.40563e-06
 Reference value :  1.40682e-06
 Reference value :  1.40803e-06
 Reference value :  1.40921e-06
 Reference value :  1.41043e-06
 Reference value :  1.41166e-06
 Reference value :  1.41287e-06
 Reference value :  1.41408e-06
 Reference value :  1.41529e-06
 Reference value :  1.41665e-06
 Reference value :  1.41785e-06
 Reference value :  1.41906e-06
 Reference value :  1.42027e-06
 Reference value :  1.42145e-06
 Reference value :  1.42267e-06
 Reference value :  1.42384e-06
 Reference value :  1.42510e-06
 Reference value :  1.42629e-06
 Reference value :  1.42754e-06
 Reference value :  1.42872e-06
 Reference value :  1.42995e-06
 Reference value :  1.43116e-06
 Reference value :  1.43236e-06
 Reference value :  1.43357e-06
 Reference value :  1.43471e-06
 Reference value :  1.43592e-06
 Reference value :  1.43718e-06
 Reference value :  1.43834e-06
 Reference value :  1.43954e-06
 Reference value :  1.44074e-06
 Reference value :  1.44192e-06
 Reference value :  1.44317e-06
 Reference value :  1.44434e-06
 Reference value :  1.44557e-06
 Reference value :  1.44677e-06
 Reference value :  1.44798e-06
 Reference value :  1.44919e-06
 Reference value :  1.45048e-06
 Reference value :  1.45207e-06
 Reference value :  1.45327e-06
 Reference value :  1.45450e-06
 Reference value :  1.45570e-06
 Reference value :  1.45697e-06
 Reference value :  1.45822e-06
 Reference value :  1.45943e-06
 Reference value :  1.46061e-06
 Reference value :  1.46185e-06
 Reference value :  1.46311e-06
 Reference value :  1.46434e-06
 Reference value :  1.46552e-06
 Reference value :  1.46671e-06
 Reference value :  1.46789e-06
 Reference value :  1.46907e-06
 Reference value :  1.47022e-06
 Reference value :  1.47144e-06
 Reference value :  1.47264e-06
 Reference value :  1.47380e-06
 Reference value :  1.47496e-06
 Reference value :  1.47611e-06
 Reference value :  1.47729e-06
 Reference value :  1.47847e-06
 Reference value :  1.47965e-06
 Reference value :  1.48081e-06
 Reference value :  1.48197e-06
 Reference value :  1.48319e-06
 Reference value :  1.48433e-06
 Reference value :  1.48549e-06
 Reference value :  1.48668e-06
 Reference value :  1.48783e-06
 Reference value :  1.48897e-06
 Reference value :  1.49013e-06
 Reference value :  1.49131e-06
 Reference value :  1.49246e-06
 Reference value :  1.49370e-06
 Reference value :  1.49486e-06
 Reference value :  1.49604e-06
 Reference value :  1.49727e-06
 Reference value :  1.49848e-06
 Reference value :  1.49966e-06
 Reference value :  1.50082e-06
 Reference value :  1.50197e-06
 Reference value :  1.50309e-06
 Reference value :  1.50491e-06
 Reference value :  1.50643e-06
 Reference value :  1.50763e-06
 Reference value :  1.50888e-06
 Reference value :  1.51009e-06
 Reference value :  1.51129e-06
 Reference value :  1.51248e-06
 Reference value :  1.51372e-06
 Reference value :  1.51492e-06
 Reference value :  1.51611e-06
 Reference value :  1.51731e-06
 Reference value :  1.51853e-06
 Reference value :  1.51973e-06
 Reference value :  1.52093e-06
 Reference value :  1.52212e-06
 Reference value :  1.52333e-06
 Reference value :  1.52452e-06
 Reference value :  1.52572e-06
 Reference value :  1.52689e-06
 Reference value :  1.52809e-06
 Reference value :  1.52928e-06
 Reference value :  1.53049e-06
 Reference value :  1.53167e-06
 Reference value :  1.53286e-06
 Reference value :  1.53407e-06
 Reference value :  1.53526e-06
 Reference value :  1.53647e-06
 Reference value :  1.53765e-06
 Reference value :  1.53885e-06
 Reference value :  1.54004e-06
 Reference value :  1.54122e-06
 Reference value :  1.54245e-06
 Reference value :  1.54373e-06
 Reference value :  1.54496e-06
 Reference value :  1.54616e-06
 Reference value :  1.54739e-06
 Reference value :  1.54856e-06
 Reference value :  1.54976e-06
 Reference value :  1.55104e-06
 Reference value :  1.55226e-06
 Reference value :  1.55357e-06
 Reference value :  1.55478e-06
 Reference value :  1.55611e-06
 Reference value :  1.55766e-06
 Reference value :  1.55887e-06
 Reference value :  1.56006e-06
 Reference value :  1.56125e-06
 Reference value :  1.56244e-06
 Reference value :  1.56368e-06
 Reference value :  1.56486e-06
 Reference value :  1.56606e-06
 Reference value :  1.56731e-06
 Reference value :  1.56849e-06
 Reference value :  1.56971e-06
 Reference value :  1.57089e-06
 Reference value :  1.57214e-06
 Reference value :  1.57398e-06
 Reference value :  1.57517e-06
 Reference value :  1.57634e-06
 Reference value :  1.57752e-06
 Reference value :  1.57869e-06
 Reference value :  1.57989e-06
 Reference value :  1.58114e-06
 Reference value :  1.58234e-06
 Reference value :  1.58357e-06
 Reference value :  1.58477e-06
 Reference value :  1.58600e-06
 Reference value :  1.58723e-06
 Reference value :  1.58844e-06
 Reference value :  1.58964e-06
 Reference value :  1.59085e-06
 Reference value :  1.59209e-06
 Reference value :  1.59333e-06
 Reference value :  1.59453e-06
 Reference value :  1.59573e-06
 Reference value :  1.59699e-06
 Reference value :  1.59823e-06
 Reference value :  1.59960e-06
 Reference value :  1.60079e-06
 Reference value :  1.60200e-06
 Reference value :  1.60325e-06
 Reference value :  1.60450e-06
 Reference value :  1.60572e-06
 Reference value :  1.60700e-06
 Reference value :  1.60819e-06
 Reference value :  1.60940e-06
 Reference value :  1.61065e-06
 Reference value :  1.61196e-06
 Reference value :  1.61324e-06
 Reference value :  1.61449e-06
 Reference value :  1.61576e-06
 Reference value :  1.61695e-06
 Reference value :  1.61814e-06
 Reference value :  1.61937e-06
 Reference value :  1.62058e-06
 Reference value :  1.62183e-06
 Reference value :  1.62313e-06
 Reference value :  1.62433e-06
 Reference value :  1.62559e-06
 Reference value :  1.62686e-06
 Reference value :  1.62808e-06
 Reference value :  1.62934e-06
 Reference value :  1.63060e-06
 Reference value :  1.63184e-06
 Reference value :  1.63304e-06
 Reference value :  1.63427e-06
 Reference value :  1.63550e-06
 Reference value :  1.63673e-06
 Reference value :  1.63791e-06
 Reference value :  1.63912e-06
 Reference value :  1.64034e-06
 Reference value :  1.64152e-06
 Reference value :  1.64271e-06
 Reference value :  1.64394e-06
 Reference value :  1.64513e-06
 Reference value :  1.64633e-06
 Reference value :  1.64756e-06
 Reference value :  1.64877e-06
 Reference value :  1.64999e-06
 Reference value :  1.65122e-06
 Reference value :  1.65245e-06
 Reference value :  1.65369e-06
 Reference value :  1.65491e-06
 Reference value :  1.65610e-06
 Reference value :  1.65774e-06
 Reference value :  1.65892e-06
 Reference value :  1.66012e-06
 Reference value :  1.66133e-06
 Reference value :  1.66250e-06
 Reference value :  1.66374e-06
 Reference value :  1.66494e-06
 Reference value :  1.66614e-06
 Reference value :  1.66736e-06
 Reference value :  1.66857e-06
 Reference value :  1.66976e-06
 Reference value :  1.67096e-06
 Reference value :  1.67213e-06
 Reference value :  1.67332e-06
 Reference value :  1.67449e-06
 Reference value :  1.67567e-06
 Reference value :  1.67688e-06
 Reference value :  1.67809e-06
 Reference value :  1.67931e-06
 Reference value :  1.68053e-06
 Reference value :  1.68175e-06
 Reference value :  1.68299e-06
 Reference value :  1.68421e-06
 Reference value :  1.68542e-06
 Reference value :  1.68661e-06
 Reference value :  1.68780e-06
 Reference value :  1.68904e-06
 Reference value :  1.69028e-06
 Reference value :  1.69148e-06
 Reference value :  1.69273e-06
 Reference value :  1.69395e-06
 Reference value :  1.69514e-06
 Reference value :  1.69634e-06
 Reference value :  1.69757e-06
 Reference value :  1.69879e-06
 Reference value :  1.69999e-06
 Reference value :  1.70120e-06
 Reference value :  1.70245e-06
 Reference value :  1.70367e-06
 Reference value :  1.70498e-06
 Reference value :  1.70618e-06
 Reference value :  1.70744e-06
 Reference value :  1.70866e-06
 Reference value :  1.70987e-06
 Reference value :  1.71106e-06
 Reference value :  1.71225e-06
 Reference value :  1.71346e-06
 Reference value :  1.71466e-06
 Reference value :  1.71587e-06
 Reference value :  1.71708e-06
 Reference value :  1.71837e-06
 Reference value :  1.71956e-06
 Reference value :  1.72073e-06
 Reference value :  1.72195e-06
 Reference value :  1.72316e-06
 Reference value :  1.72434e-06
 Reference value :  1.72553e-06
 Reference value :  1.72674e-06
 Reference value :  1.72791e-06
 Reference value :  1.72916e-06
 Reference value :  1.73036e-06
 Reference value :  1.73156e-06
 Reference value :  1.73276e-06
 Reference value :  1.73405e-06
 Reference value :  1.73526e-06
 Reference value :  1.73644e-06
 Reference value :  1.73763e-06
 Reference value :  1.73884e-06
 Reference value :  1.74008e-06
 Reference value :  1.74128e-06
 Reference value :  1.74246e-06
 Reference value :  1.74370e-06
 Reference value :  1.74491e-06
 Reference value :  1.74610e-06
 Reference value :  1.74733e-06
 Reference value :  1.74852e-06
 Reference value :  1.74972e-06
 Reference value :  1.75096e-06
 Reference value :  1.75214e-06
 Reference value :  1.75333e-06
 Reference value :  1.75451e-06
 Reference value :  1.75572e-06
 Reference value :  1.75692e-06
 Reference value :  1.75809e-06
 Reference value :  1.75931e-06
 Reference value :  1.76054e-06
 Reference value :  1.76176e-06
 Reference value :  1.76298e-06
 Reference value :  1.76422e-06
 Reference value :  1.76549e-06
 Reference value :  1.76670e-06
 Reference value :  1.76788e-06
 Reference value :  1.76906e-06
 Reference value :  1.77025e-06
 Reference value :  1.77144e-06
 Reference value :  1.77263e-06
 Reference value :  1.77383e-06
 Reference value :  1.77504e-06
 Reference value :  1.77623e-06
 Reference value :  1.77741e-06
 Reference value :  1.77867e-06
 Reference value :  1.77989e-06
 Reference value :  1.78110e-06
 Reference value :  1.78230e-06
 Reference value :  1.78351e-06
 Reference value :  1.78468e-06
 Reference value :  1.78638e-06
 Reference value :  1.78757e-06
 Reference value :  1.78879e-06
 Reference value :  1.79003e-06
 Reference value :  1.79124e-06
 Reference value :  1.79247e-06
 Reference value :  1.79366e-06
 Reference value :  1.79495e-06
 Reference value :  1.79622e-06
 Reference value :  1.79741e-06
 Reference value :  1.79866e-06
 Reference value :  1.79986e-06
 Reference value :  1.80105e-06
 Reference value :  1.80227e-06
 Reference value :  1.80348e-06
 Reference value :  1.80467e-06
 Reference value :  1.80588e-06
 Reference value :  1.80709e-06
 Reference value :  1.80828e-06
 Reference value :  1.80947e-06
 Reference value :  1.81069e-06
 Reference value :  1.81195e-06
 Reference value :  1.81319e-06
 Reference value :  1.81440e-06
 Reference value :  1.81591e-06
 Reference value :  1.81726e-06
 Reference value :  1.81845e-06
 Reference value :  1.81967e-06
 Reference value :  1.82090e-06
 Reference value :  1.82226e-06
 Reference value :  1.82348e-06
 Reference value :  1.82485e-06
 Reference value :  1.82619e-06
 Reference value :  1.82738e-06
 Reference value :  1.82857e-06
 Reference value :  1.82982e-06
 Reference value :  1.83105e-06
 Reference value :  1.83225e-06
 Reference value :  1.83346e-06
 Reference value :  1.83468e-06
 Reference value :  1.83590e-06
 Reference value :  1.83712e-06
 Reference value :  1.83844e-06
 Reference value :  1.83964e-06
 Reference value :  1.84088e-06
 Reference value :  1.84211e-06
 Reference value :  1.84331e-06
 Reference value :  1.84451e-06
 Reference value :  1.84582e-06
 Reference value :  1.84706e-06
 Reference value :  1.84831e-06
 Reference value :  1.84953e-06
 Reference value :  1.85074e-06
 Reference value :  1.85195e-06
 Reference value :  1.85319e-06
 Reference value :  1.85437e-06
 Reference value :  1.85557e-06
 Reference value :  1.85681e-06
 Reference value :  1.85804e-06
 Reference value :  1.85927e-06
 Reference value :  1.86052e-06
 Reference value :  1.86174e-06
 Reference value :  1.86294e-06
 Reference value :  1.86422e-06
 Reference value :  1.86544e-06
 Reference value :  1.86664e-06
 Reference value :  1.86785e-06
 Reference value :  1.86905e-06
 Reference value :  1.87028e-06
 Reference value :  1.87150e-06
 Reference value :  1.87273e-06
 Reference value :  1.87398e-06
 Reference value :  1.87523e-06
 Reference value :  1.87643e-06
 Reference value :  1.87766e-06
 Reference value :  1.87885e-06
 Reference value :  1.88009e-06
 Reference value :  1.88132e-06
 Reference value :  1.88254e-06
 Reference value :  1.88376e-06
 Reference value :  1.88495e-06
 Reference value :  1.88616e-06
 Reference value :  1.88740e-06
 Reference value :  1.88873e-06
 Reference value :  1.89004e-06
 Reference value :  1.89134e-06
 Reference value :  1.89265e-06
 Reference value :  1.89400e-06
 Reference value :  1.89565e-06
 Reference value :  1.89687e-06
 Reference value :  1.89806e-06
 Reference value :  1.89928e-06
 Reference value :  1.90050e-06
 Reference value :  1.90171e-06
 Reference value :  1.90294e-06
 Reference value :  1.90419e-06
 Reference value :  1.90541e-06
 Reference value :  1.90660e-06
 Reference value :  1.90782e-06
 Reference value :  1.90904e-06
 Reference value :  1.91030e-06
 Reference value :  1.91154e-06
 Reference value :  1.91273e-06
 Reference value :  1.91394e-06
 Reference value :  1.91512e-06
 Reference value :  1.91632e-06
 Reference value :  1.91752e-06
 Reference value :  1.91873e-06
 Reference value :  1.91993e-06
 Reference value :  1.92118e-06
 Reference value :  1.92239e-06
 Reference value :  1.92365e-06
 Reference value :  1.92486e-06
 Reference value :  1.92606e-06
 Reference value :  1.92729e-06
 Reference value :  1.92848e-06
 Reference value :  1.92966e-06
 Reference value :  1.93088e-06
 Reference value :  1.93208e-06
 Reference value :  1.93332e-06
 Reference value :  1.93452e-06
 Reference value :  1.93573e-06
 Reference value :  1.93693e-06
 Reference value :  1.93812e-06
 Reference value :  1.93933e-06
 Reference value :  1.94057e-06
 Reference value :  1.94177e-06
 Reference value :  1.94294e-06
 Reference value :  1.94419e-06
 Reference value :  1.94541e-06
 Reference value :  1.94661e-06
 Reference value :  1.94780e-06
 Reference value :  1.94903e-06
 Reference value :  1.95022e-06
 Reference value :  1.95144e-06
 Reference value :  1.95264e-06
 Reference value :  1.95384e-06
 Reference value :  1.95506e-06
 Reference value :  1.95629e-06
 Reference value :  1.95750e-06
 Reference value :  1.95872e-06
 Reference value :  1.95993e-06
 Reference value :  1.96115e-06
 Reference value :  1.96234e-06
 Reference value :  1.96365e-06
 Reference value :  1.96483e-06
 Reference value :  1.96607e-06
 Reference value :  1.96731e-06
 Reference value :  1.96850e-06
 Reference value :  1.96970e-06
 Reference value :  1.97090e-06
 Reference value :  1.97212e-06
 Reference value :  1.97332e-06
 Reference value :  1.97454e-06
 Reference value :  1.97575e-06
 Reference value :  1.97695e-06
 Reference value :  1.97819e-06
 Reference value :  1.97935e-06
 Reference value :  1.98053e-06
 Reference value :  1.98171e-06
 Reference value :  1.98289e-06
 Reference value :  1.98410e-06
 Reference value :  1.98536e-06
 Reference value :  1.98655e-06
 Reference value :  1.98775e-06
 Reference value :  1.98902e-06
 Reference value :  1.99018e-06
 Reference value :  1.99153e-06
 Reference value :  1.99348e-06
 Reference value :  1.99489e-06
 Reference value :  1.99623e-06
 Reference value :  1.99760e-06
 Reference value :  1.99893e-06
 Reference value :  2.00093e-06
 Reference value :  2.00264e-06
 Reference value :  2.00384e-06
 Reference value :  2.00518e-06
 Reference value :  2.00644e-06
 Reference value :  2.00762e-06
 Reference value :  2.00887e-06
 Reference value :  2.01007e-06
 Reference value :  2.01128e-06
 Reference value :  2.01247e-06
 Reference value :  2.01366e-06
 Reference value :  2.01488e-06
 Reference value :  2.01602e-06
 Reference value :  2.01759e-06
 Reference value :  2.01876e-06
 Reference value :  2.01997e-06
 Reference value :  2.02114e-06
 Reference value :  2.02232e-06
 Reference value :  2.02349e-06
 Reference value :  2.02465e-06
 Reference value :  2.02584e-06
 Reference value :  2.02713e-06
 Reference value :  2.02832e-06
 Reference value :  2.02947e-06
 Reference value :  2.03064e-06
 Reference value :  2.03177e-06
 Reference value :  2.03296e-06
 Reference value :  2.03412e-06
 Reference value :  2.03532e-06
 Reference value :  2.03649e-06
 Reference value :  2.03772e-06
 Reference value :  2.03893e-06
 Reference value :  2.04009e-06
 Reference value :  2.04129e-06
 Reference value :  2.04248e-06
 Reference value :  2.04365e-06
 Reference value :  2.04486e-06
 Reference value :  2.04603e-06
 Reference value :  2.04722e-06
 Reference value :  2.04843e-06
 Reference value :  2.04959e-06
 Reference value :  2.05076e-06
 Reference value :  2.05192e-06
 Reference value :  2.05314e-06
 Reference value :  2.05431e-06
 Reference value :  2.05552e-06
 Reference value :  2.05675e-06
 Reference value :  2.05792e-06
 Reference value :  2.05912e-06
 Reference value :  2.06032e-06
 Reference value :  2.06153e-06
 Reference value :  2.06271e-06
 Reference value :  2.06396e-06
 Reference value :  2.06513e-06
 Reference value :  2.06632e-06
 Reference value :  2.06749e-06
 Reference value :  2.06868e-06
 Reference value :  2.06984e-06
 Reference value :  2.07108e-06
 Reference value :  2.07227e-06
 Reference value :  2.07349e-06
 Reference value :  2.07471e-06
 Reference value :  2.07586e-06
 Reference value :  2.07703e-06
 Reference value :  2.07823e-06
 Reference value :  2.07943e-06
 Reference value :  2.08061e-06
 Reference value :  2.08177e-06
 Reference value :  2.08303e-06
 Reference value :  2.08417e-06
 Reference value :  2.08530e-06
 Reference value :  2.08646e-06
 Reference value :  2.08764e-06
 Reference value :  2.08884e-06
 Reference value :  2.09003e-06
 Reference value :  2.09123e-06
 Reference value :  2.09238e-06
 Reference value :  2.09358e-06
 Reference value :  2.09475e-06
 Reference value :  2.09592e-06
 Reference value :  2.09714e-06
 Reference value :  2.09832e-06
 Reference value :  2.09955e-06
 Reference value :  2.10078e-06
 Reference value :  2.10200e-06
 Reference value :  2.10317e-06
 Reference value :  2.10437e-06
 Reference value :  2.10555e-06
 Reference value :  2.10680e-06
 Reference value :  2.10798e-06
 Reference value :  2.10921e-06
 Reference value :  2.11041e-06
 Reference value :  2.11160e-06
 Reference value :  2.11286e-06
 Reference value :  2.11406e-06
 Reference value :  2.11526e-06
 Reference value :  2.11648e-06
 Reference value :  2.11774e-06
 Reference value :  2.11894e-06
 Reference value :  2.12014e-06
 Reference value :  2.12132e-06
 Reference value :  2.12251e-06
 Reference value :  2.12371e-06
 Reference value :  2.12491e-06
 Reference value :  2.12609e-06
 Reference value :  2.12730e-06
 Reference value :  2.12855e-06
 Reference value :  2.12977e-06
 Reference value :  2.13099e-06
 Reference value :  2.13223e-06
 Reference value :  2.13342e-06
 Reference value :  2.13462e-06
 Reference value :  2.13582e-06
 Reference value :  2.13707e-06
 Reference value :  2.13827e-06
 Reference value :  2.13947e-06
 Reference value :  2.14068e-06
 Reference value :  2.14188e-06
 Reference value :  2.14312e-06
 Reference value :  2.14437e-06
 Reference value :  2.14559e-06
 Reference value :  2.14679e-06
 Reference value :  2.14802e-06
 Reference value :  2.14924e-06
 Reference value :  2.15044e-06
 Reference value :  2.15167e-06
 Reference value :  2.15288e-06
 Reference value :  2.15410e-06
 Reference value :  2.15529e-06
 Reference value :  2.15651e-06
 Reference value :  2.15772e-06
 Reference value :  2.15897e-06
 Reference value :  2.16017e-06
 Reference value :  2.16141e-06
 Reference value :  2.16264e-06
 Reference value :  2.16388e-06
 Reference value :  2.16510e-06
 Reference value :  2.16630e-06
 Reference value :  2.16748e-06
 Reference value :  2.16866e-06
 Reference value :  2.16989e-06
 Reference value :  2.17112e-06
 Reference value :  2.17233e-06
 Reference value :  2.17356e-06
 Reference value :  2.17475e-06
 Reference value :  2.17593e-06
 Reference value :  2.17714e-06
 Reference value :  2.17836e-06
 Reference value :  2.17959e-06
 Reference value :  2.18078e-06
 Reference value :  2.18197e-06
 Reference value :  2.18318e-06
 Reference value :  2.18444e-06
 Reference value :  2.18564e-06
 Reference value :  2.18682e-06
 Reference value :  2.18802e-06
 Reference value :  2.18922e-06
 Reference value :  2.19042e-06
 Reference value :  2.19160e-06
 Reference value :  2.19282e-06
 Reference value :  2.19404e-06
 Reference value :  2.19524e-06
 Reference value :  2.19644e-06
 Reference value :  2.19776e-06
 Reference value :  2.19919e-06
 Reference value :  2.20042e-06
 Reference value :  2.20166e-06
 Reference value :  2.20285e-06
 Reference value :  2.20411e-06
 Reference value :  2.20543e-06
 Reference value :  2.20666e-06
 Reference value :  2.20785e-06
 Reference value :  2.20904e-06
 Reference value :  2.21027e-06
 Reference value :  2.21153e-06
 Reference value :  2.21277e-06
 Reference value :  2.21401e-06
 Reference value :  2.21524e-06
 Reference value :  2.21648e-06
 Reference value :  2.21815e-06
 Reference value :  2.21940e-06
 Reference value :  2.22065e-06
 Reference value :  2.22197e-06
 Reference value :  2.22327e-06
 Reference value :  2.22455e-06
 Reference value :  2.22578e-06
 Reference value :  2.22697e-06
 Reference value :  2.22819e-06
 Reference value :  2.22939e-06
 Reference value :  2.23062e-06
 Reference value :  2.23184e-06
 Reference value :  2.23303e-06
 Reference value :  2.23423e-06
 Reference value :  2.23554e-06
 Reference value :  2.23690e-06
 Reference value :  2.23821e-06
 Reference value :  2.23960e-06
 Reference value :  2.24092e-06
 Reference value :  2.24223e-06
 Reference value :  2.24345e-06
 Reference value :  2.24468e-06
 Reference value :  2.24588e-06
 Reference value :  2.24713e-06
 Reference value :  2.24839e-06
 Reference value :  2.24961e-06
 Reference value :  2.25086e-06
 Reference value :  2.25206e-06
 Reference value :  2.25327e-06
 Reference value :  2.25452e-06
 Reference value :  2.25583e-06
 Reference value :  2.25706e-06
 Reference value :  2.25828e-06
 Reference value :  2.25950e-06
 Reference value :  2.26076e-06
 Reference value :  2.26201e-06
 Reference value :  2.26323e-06
 Reference value :  2.26444e-06
 Reference value :  2.26565e-06
 Reference value :  2.26689e-06
 Reference value :  2.26813e-06
 Reference value :  2.26937e-06
 Reference value :  2.27061e-06
 Reference value :  2.27186e-06
 Reference value :  2.27309e-06
 Reference value :  2.27430e-06
 Reference value :  2.27553e-06
 Reference value :  2.27675e-06
 Reference value :  2.27798e-06
 Reference value :  2.27921e-06
 Reference value :  2.28042e-06
 Reference value :  2.28166e-06
 Reference value :  2.28288e-06
 Reference value :  2.28411e-06
 Reference value :  2.28535e-06
 Reference value :  2.28661e-06
 Reference value :  2.28784e-06
 Reference value :  2.28908e-06
 Reference value :  2.29029e-06
 Reference value :  2.29151e-06
 Reference value :  2.29274e-06
 Reference value :  2.29394e-06
 Reference value :  2.29514e-06
 Reference value :  2.29635e-06
 Reference value :  2.29758e-06
 Reference value :  2.29875e-06
 Reference value :  2.29997e-06
 Reference value :  2.30119e-06
 Reference value :  2.30237e-06
 Reference value :  2.30358e-06
 Reference value :  2.30478e-06
 Reference value :  2.30603e-06
 Reference value :  2.30723e-06
 Reference value :  2.30845e-06
 Reference value :  2.30967e-06
 Reference value :  2.31089e-06
 Reference value :  2.31212e-06
 Reference value :  2.31332e-06
 Reference value :  2.31454e-06
 Reference value :  2.31575e-06
 Reference value :  2.31700e-06
 Reference value :  2.31823e-06
 Reference value :  2.31946e-06
 Reference value :  2.32065e-06
 Reference value :  2.32184e-06
 Reference value :  2.32308e-06
 Reference value :  2.32434e-06
 Reference value :  2.32551e-06
 Reference value :  2.32673e-06
 Reference value :  2.32797e-06
 Reference value :  2.32916e-06
 Reference value :  2.33037e-06
 Reference value :  2.33158e-06
 Reference value :  2.33278e-06
 Reference value :  2.33399e-06
 Reference value :  2.33520e-06
 Reference value :  2.33641e-06
 Reference value :  2.33763e-06
 Reference value :  2.33882e-06
 Reference value :  2.34001e-06
 Reference value :  2.34126e-06
 Reference value :  2.34247e-06
 Reference value :  2.34366e-06
 Reference value :  2.34486e-06
 Reference value :  2.34608e-06
 Reference value :  2.34729e-06
 Reference value :  2.34846e-06
 Reference value :  2.34969e-06
 Reference value :  2.35087e-06
 Reference value :  2.35212e-06
 Reference value :  2.35381e-06
 Reference value :  2.35506e-06
 Reference value :  2.35628e-06
 Reference value :  2.35749e-06
 Reference value :  2.35870e-06
 Reference value :  2.35993e-06
 Reference value :  2.36122e-06
 Reference value :  2.36248e-06
 Reference value :  2.36369e-06
 Reference value :  2.36488e-06
 Reference value :  2.36616e-06
 Reference value :  2.36733e-06
 Reference value :  2.36856e-06
 Reference value :  2.36975e-06
 Reference value :  2.37096e-06
 Reference value :  2.37219e-06
 Reference value :  2.37341e-06
 Reference value :  2.37463e-06
 Reference value :  2.37583e-06
 Reference value :  2.37706e-06
 Reference value :  2.37824e-06
 Reference value :  2.37944e-06
 Reference value :  2.38066e-06
 Reference value :  2.38187e-06
 Reference value :  2.38308e-06
 Reference value :  2.38430e-06
 Reference value :  2.38550e-06
 Reference value :  2.38671e-06
 Reference value :  2.38803e-06
 Reference value :  2.38925e-06
 Reference value :  2.39048e-06
 Reference value :  2.39170e-06
 Reference value :  2.39293e-06
 Reference value :  2.39411e-06
 Reference value :  2.39531e-06
 Reference value :  2.39654e-06
 Reference value :  2.39771e-06
 Reference value :  2.39893e-06
No. of Data Rows : 3120009
tk                  =  2.51621e-09
tk                  =  4.02298e-09
tk                  =  5.52994e-09
tk                  =  7.03650e-09
tk                  =  8.54330e-09
tk                  =  1.00504e-08
tk                  =  1.15573e-08
tk                  =  1.30638e-08
tk                  =  1.45701e-08
tk                  =  1.60774e-08
tk                  =  1.75844e-08
tk                  =  1.90912e-08
tk                  =  2.05988e-08
tk                  =  2.21054e-08
tk                  =  2.36117e-08
tk                  =  2.51185e-08
tk                  =  2.66247e-08
tk                  =  2.81315e-08
tk                  =  2.96386e-08
tk                  =  3.11454e-08
tk                  =  3.26524e-08
tk                  =  3.41588e-08
tk                  =  3.56654e-08
tk                  =  3.71721e-08
tk                  =  3.86795e-08
tk                  =  4.01857e-08
tk                  =  4.16932e-08
tk                  =  4.31998e-08
tk                  =  4.47069e-08
tk                  =  4.62137e-08
tk                  =  4.77202e-08
tk                  =  4.92272e-08
tk                  =  5.07342e-08
tk                  =  5.22411e-08
tk                  =  5.37480e-08
tk                  =  5.52547e-08
tk                  =  5.67613e-08
tk                  =  5.82681e-08
tk                  =  5.97745e-08
tk                  =  6.12812e-08
tk                  =  6.27882e-08
tk                  =  6.42943e-08
tk                  =  6.58018e-08
tk                  =  6.73082e-08
tk                  =  6.88148e-08
tk                  =  7.03219e-08
tk                  =  7.18287e-08
tk                  =  7.33355e-08
tk                  =  7.48428e-08
tk                  =  7.63500e-08
tk                  =  7.78564e-08
tk                  =  7.93634e-08
tk                  =  8.08696e-08
tk                  =  8.23765e-08
tk                  =  8.38845e-08
tk                  =  8.53914e-08
tk                  =  8.68988e-08
tk                  =  8.84053e-08
tk                  =  8.99122e-08
tk                  =  9.14192e-08
tk                  =  9.29263e-08
tk                  =  9.44335e-08
tk                  =  9.59409e-08
tk                  =  9.74480e-08
tk                  =  9.89551e-08
tk                  =  1.00462e-07
tk                  =  1.01969e-07
tk                  =  1.03476e-07
tk                  =  1.04983e-07
tk                  =  1.06490e-07
tk                  =  1.07996e-07
tk                  =  1.09503e-07
tk                  =  1.11010e-07
tk                  =  1.12517e-07
tk                  =  1.14024e-07
tk                  =  1.15530e-07
tk                  =  1.17037e-07
tk                  =  1.18544e-07
tk                  =  1.20052e-07
tk                  =  1.21559e-07
tk                  =  1.23066e-07
tk                  =  1.24573e-07
tk                  =  1.26080e-07
tk                  =  1.27587e-07
tk                  =  1.29093e-07
tk                  =  1.30600e-07
tk                  =  1.32108e-07
tk                  =  1.33614e-07
tk                  =  1.35121e-07
tk                  =  1.36628e-07
tk                  =  1.38135e-07
tk                  =  1.39642e-07
tk                  =  1.41149e-07
tk                  =  1.42656e-07
tk                  =  1.44162e-07
tk                  =  1.45668e-07
tk                  =  1.47175e-07
tk                  =  1.48682e-07
tk                  =  1.50188e-07
tk                  =  1.51695e-07
tk                  =  1.53202e-07
tk                  =  1.54709e-07
tk                  =  1.56215e-07
tk                  =  1.57722e-07
tk                  =  1.59229e-07
tk                  =  1.60735e-07
tk                  =  1.62242e-07
tk                  =  1.63749e-07
tk                  =  1.65255e-07
tk                  =  1.66763e-07
tk                  =  1.68270e-07
tk                  =  1.69776e-07
tk                  =  1.71283e-07
tk                  =  1.72790e-07
tk                  =  1.74297e-07
tk                  =  1.75804e-07
tk                  =  1.77310e-07
tk                  =  1.78817e-07
tk                  =  1.80323e-07
tk                  =  1.81830e-07
tk                  =  1.83338e-07
tk                  =  1.84845e-07
tk                  =  1.86351e-07
tk                  =  1.87858e-07
tk                  =  1.89365e-07
tk                  =  1.90871e-07
tk                  =  1.92378e-07
tk                  =  1.93885e-07
tk                  =  1.95392e-07
tk                  =  1.96898e-07
tk                  =  1.98405e-07
tk                  =  1.99911e-07
tk                  =  2.01418e-07
tk                  =  2.02925e-07
tk                  =  2.04432e-07
tk                  =  2.05938e-07
tk                  =  2.07445e-07
tk                  =  2.08951e-07
tk                  =  2.10458e-07
tk                  =  2.11966e-07
tk                  =  2.13472e-07
tk                  =  2.14979e-07
tk                  =  2.16486e-07
tk                  =  2.17993e-07
tk                  =  2.19500e-07
tk                  =  2.21007e-07
tk                  =  2.22514e-07
tk                  =  2.24021e-07
tk                  =  2.25528e-07
tk                  =  2.27034e-07
tk                  =  2.28542e-07
tk                  =  2.30049e-07
tk                  =  2.31555e-07
tk                  =  2.33062e-07
tk                  =  2.34569e-07
tk                  =  2.36076e-07
tk                  =  2.37582e-07
tk                  =  2.39089e-07
tk                  =  2.40596e-07
tk                  =  2.42102e-07
tk                  =  2.43609e-07
tk                  =  2.45115e-07
tk                  =  2.46621e-07
tk                  =  2.48128e-07
tk                  =  2.49634e-07
tk                  =  2.51141e-07
tk                  =  2.52648e-07
tk                  =  2.54154e-07
tk                  =  2.55661e-07
tk                  =  2.57168e-07
tk                  =  2.58675e-07
tk                  =  2.60181e-07
tk                  =  2.61688e-07
tk                  =  2.63195e-07
tk                  =  2.64702e-07
tk                  =  2.66209e-07
tk                  =  2.67715e-07
tk                  =  2.69222e-07
tk                  =  2.70729e-07
tk                  =  2.72236e-07
tk                  =  2.73743e-07
tk                  =  2.75249e-07
tk                  =  2.76756e-07
tk                  =  2.78263e-07
tk                  =  2.79771e-07
tk                  =  2.81277e-07
tk                  =  2.82784e-07
tk                  =  2.84291e-07
tk                  =  2.85797e-07
tk                  =  2.87304e-07
tk                  =  2.88811e-07
tk                  =  2.90318e-07
tk                  =  2.91825e-07
tk                  =  2.93331e-07
tk                  =  2.94839e-07
tk                  =  2.96345e-07
tk                  =  2.97852e-07
tk                  =  2.99358e-07
tk                  =  3.00866e-07
tk                  =  3.02372e-07
tk                  =  3.03878e-07
tk                  =  3.05385e-07
tk                  =  3.06892e-07
tk                  =  3.08398e-07
tk                  =  3.09905e-07
tk                  =  3.11411e-07
tk                  =  3.12918e-07
tk                  =  3.14426e-07
tk                  =  3.15933e-07
tk                  =  3.17440e-07
tk                  =  3.18946e-07
tk                  =  3.20453e-07
tk                  =  3.21960e-07
tk                  =  3.23467e-07
tk                  =  3.24974e-07
tk                  =  3.26481e-07
tk                  =  3.27987e-07
tk                  =  3.29494e-07
tk                  =  3.31001e-07
tk                  =  3.32508e-07
tk                  =  3.34015e-07
tk                  =  3.35522e-07
tk                  =  3.37028e-07
tk                  =  3.38535e-07
tk                  =  3.40041e-07
tk                  =  3.41548e-07
tk                  =  3.43055e-07
tk                  =  3.44561e-07
tk                  =  3.46068e-07
tk                  =  3.47574e-07
tk                  =  3.49082e-07
tk                  =  3.50588e-07
tk                  =  3.52095e-07
tk                  =  3.53602e-07
tk                  =  3.55108e-07
tk                  =  3.56615e-07
tk                  =  3.58122e-07
tk                  =  3.59628e-07
tk                  =  3.61135e-07
tk                  =  3.62642e-07
tk                  =  3.64149e-07
tk                  =  3.65656e-07
tk                  =  3.67163e-07
tk                  =  3.68669e-07
tk                  =  3.70177e-07
tk                  =  3.71684e-07
tk                  =  3.73190e-07
tk                  =  3.74697e-07
tk                  =  3.76204e-07
tk                  =  3.77710e-07
tk                  =  3.79216e-07
tk                  =  3.80723e-07
tk                  =  3.82230e-07
tk                  =  3.83737e-07
tk                  =  3.85243e-07
tk                  =  3.86750e-07
tk                  =  3.88257e-07
tk                  =  3.89764e-07
tk                  =  3.91271e-07
tk                  =  3.92778e-07
tk                  =  3.94284e-07
tk                  =  3.95791e-07
tk                  =  3.97297e-07
tk                  =  3.98804e-07
tk                  =  4.00311e-07
tk                  =  4.01817e-07
tk                  =  4.03324e-07
tk                  =  4.04830e-07
tk                  =  4.06337e-07
tk                  =  4.07844e-07
tk                  =  4.09350e-07
tk                  =  4.10856e-07
tk                  =  4.12363e-07
tk                  =  4.13870e-07
tk                  =  4.15377e-07
tk                  =  4.16884e-07
tk                  =  4.18391e-07
tk                  =  4.19897e-07
tk                  =  4.21404e-07
tk                  =  4.22910e-07
tk                  =  4.24417e-07
tk                  =  4.25925e-07
tk                  =  4.27431e-07
tk                  =  4.28939e-07
tk                  =  4.30445e-07
tk                  =  4.31951e-07
tk                  =  4.33457e-07
tk                  =  4.34964e-07
tk                  =  4.36471e-07
tk                  =  4.37978e-07
tk                  =  4.39485e-07
tk                  =  4.40991e-07
tk                  =  4.42497e-07
tk                  =  4.44005e-07
tk                  =  4.45511e-07
tk                  =  4.47018e-07
tk                  =  4.48525e-07
tk                  =  4.50031e-07
tk                  =  4.51538e-07
tk                  =  4.53045e-07
tk                  =  4.54551e-07
tk                  =  4.56058e-07
tk                  =  4.57564e-07
tk                  =  4.59070e-07
tk                  =  4.60577e-07
tk                  =  4.62084e-07
tk                  =  4.63590e-07
tk                  =  4.65096e-07
tk                  =  4.66603e-07
tk                  =  4.68110e-07
tk                  =  4.69617e-07
tk                  =  4.71124e-07
tk                  =  4.72630e-07
tk                  =  4.74137e-07
tk                  =  4.75644e-07
tk                  =  4.77151e-07
tk                  =  4.78658e-07
tk                  =  4.80165e-07
tk                  =  4.81671e-07
tk                  =  4.83179e-07
tk                  =  4.84685e-07
tk                  =  4.86192e-07
tk                  =  4.87698e-07
tk                  =  4.89204e-07
tk                  =  4.90711e-07
tk                  =  4.92217e-07
tk                  =  4.93724e-07
tk                  =  4.95231e-07
tk                  =  4.96737e-07
tk                  =  4.98243e-07
tk                  =  4.99750e-07
tk                  =  5.01257e-07
tk                  =  5.02763e-07
tk                  =  5.04270e-07
tk                  =  5.05777e-07
tk                  =  5.07284e-07
tk                  =  5.08790e-07
tk                  =  5.10297e-07
tk                  =  5.11804e-07
tk                  =  5.13311e-07
tk                  =  5.14818e-07
tk                  =  5.16325e-07
tk                  =  5.17831e-07
tk                  =  5.19339e-07
tk                  =  5.20845e-07
tk                  =  5.22352e-07
tk                  =  5.23859e-07
tk                  =  5.25365e-07
tk                  =  5.26872e-07
tk                  =  5.28379e-07
tk                  =  5.29886e-07
tk                  =  5.31392e-07
tk                  =  5.32899e-07
tk                  =  5.34405e-07
tk                  =  5.35912e-07
tk                  =  5.37419e-07
tk                  =  5.38926e-07
tk                  =  5.40432e-07
tk                  =  5.41940e-07
tk                  =  5.43446e-07
tk                  =  5.44953e-07
tk                  =  5.46460e-07
tk                  =  5.47967e-07
tk                  =  5.49474e-07
tk                  =  5.50981e-07
tk                  =  5.52488e-07
tk                  =  5.53995e-07
tk                  =  5.55501e-07
tk                  =  5.57008e-07
tk                  =  5.58515e-07
tk                  =  5.60022e-07
tk                  =  5.61528e-07
tk                  =  5.63035e-07
tk                  =  5.64541e-07
tk                  =  5.66048e-07
tk                  =  5.67555e-07
tk                  =  5.69061e-07
tk                  =  5.70568e-07
tk                  =  5.72075e-07
tk                  =  5.73581e-07
tk                  =  5.75088e-07
tk                  =  5.76594e-07
tk                  =  5.78101e-07
tk                  =  5.79607e-07
tk                  =  5.81115e-07
tk                  =  5.82621e-07
tk                  =  5.84128e-07
tk                  =  5.85634e-07
tk                  =  5.87141e-07
tk                  =  5.88648e-07
tk                  =  5.90154e-07
tk                  =  5.91661e-07
tk                  =  5.93168e-07
tk                  =  5.94675e-07
tk                  =  5.96181e-07
tk                  =  5.97688e-07
tk                  =  5.99194e-07
tk                  =  6.00702e-07
tk                  =  6.02208e-07
tk                  =  6.03714e-07
tk                  =  6.05220e-07
tk                  =  6.06727e-07
tk                  =  6.08234e-07
tk                  =  6.09741e-07
tk                  =  6.11248e-07
tk                  =  6.12755e-07
tk                  =  6.14262e-07
tk                  =  6.15768e-07
tk                  =  6.17275e-07
tk                  =  6.18781e-07
tk                  =  6.20289e-07
tk                  =  6.21796e-07
tk                  =  6.23302e-07
tk                  =  6.24809e-07
tk                  =  6.26315e-07
tk                  =  6.27821e-07
tk                  =  6.29329e-07
tk                  =  6.30836e-07
tk                  =  6.32342e-07
tk                  =  6.33849e-07
tk                  =  6.35356e-07
tk                  =  6.36863e-07
tk                  =  6.38369e-07
tk                  =  6.39876e-07
tk                  =  6.41384e-07
tk                  =  6.42890e-07
tk                  =  6.44396e-07
tk                  =  6.45903e-07
tk                  =  6.47409e-07
tk                  =  6.48916e-07
tk                  =  6.50422e-07
tk                  =  6.51928e-07
tk                  =  6.53435e-07
tk                  =  6.54941e-07
tk                  =  6.56448e-07
tk                  =  6.57955e-07
tk                  =  6.59462e-07
tk                  =  6.60968e-07
tk                  =  6.62475e-07
tk                  =  6.63981e-07
tk                  =  6.65488e-07
tk                  =  6.66995e-07
tk                  =  6.68502e-07
tk                  =  6.70009e-07
tk                  =  6.71515e-07
tk                  =  6.73022e-07
tk                  =  6.74529e-07
tk                  =  6.76036e-07
tk                  =  6.77543e-07
tk                  =  6.79049e-07
tk                  =  6.80556e-07
tk                  =  6.82062e-07
tk                  =  6.83569e-07
tk                  =  6.85076e-07
tk                  =  6.86583e-07
tk                  =  6.88090e-07
tk                  =  6.89597e-07
tk                  =  6.91103e-07
tk                  =  6.92610e-07
tk                  =  6.94117e-07
tk                  =  6.95623e-07
tk                  =  6.97130e-07
tk                  =  6.98637e-07
tk                  =  7.00144e-07
tk                  =  7.01651e-07
tk                  =  7.03157e-07
tk                  =  7.04664e-07
tk                  =  7.06171e-07
tk                  =  7.07678e-07
tk                  =  7.09184e-07
tk                  =  7.10691e-07
tk                  =  7.12198e-07
tk                  =  7.13705e-07
tk                  =  7.15212e-07
tk                  =  7.16719e-07
tk                  =  7.18225e-07
tk                  =  7.19731e-07
tk                  =  7.21239e-07
tk                  =  7.22746e-07
tk                  =  7.24252e-07
tk                  =  7.25759e-07
tk                  =  7.27266e-07
tk                  =  7.28772e-07
tk                  =  7.30279e-07
tk                  =  7.31786e-07
tk                  =  7.33292e-07
tk                  =  7.34799e-07
tk                  =  7.36306e-07
tk                  =  7.37812e-07
tk                  =  7.39318e-07
tk                  =  7.40826e-07
tk                  =  7.42332e-07
tk                  =  7.43839e-07
tk                  =  7.45346e-07
tk                  =  7.46852e-07
tk                  =  7.48360e-07
tk                  =  7.49867e-07
tk                  =  7.51373e-07
tk                  =  7.52880e-07
tk                  =  7.54387e-07
tk                  =  7.55894e-07
tk                  =  7.57400e-07
tk                  =  7.58907e-07
tk                  =  7.60414e-07
tk                  =  7.61921e-07
tk                  =  7.63427e-07
tk                  =  7.64934e-07
tk                  =  7.66441e-07
tk                  =  7.67948e-07
tk                  =  7.69455e-07
tk                  =  7.70961e-07
tk                  =  7.72468e-07
tk                  =  7.73975e-07
tk                  =  7.75481e-07
tk                  =  7.76988e-07
tk                  =  7.78495e-07
tk                  =  7.80002e-07
tk                  =  7.81509e-07
tk                  =  7.83016e-07
tk                  =  7.84523e-07
tk                  =  7.86030e-07
tk                  =  7.87536e-07
tk                  =  7.89043e-07
tk                  =  7.90550e-07
tk                  =  7.92056e-07
tk                  =  7.93563e-07
tk                  =  7.95070e-07
tk                  =  7.96576e-07
tk                  =  7.98083e-07
tk                  =  7.99590e-07
tk                  =  8.01096e-07
tk                  =  8.02603e-07
tk                  =  8.04110e-07
tk                  =  8.05616e-07
tk                  =  8.07124e-07
tk                  =  8.08631e-07
tk                  =  8.10137e-07
tk                  =  8.11644e-07
tk                  =  8.13150e-07
tk                  =  8.14656e-07
tk                  =  8.16163e-07
tk                  =  8.17670e-07
tk                  =  8.19177e-07
tk                  =  8.20683e-07
tk                  =  8.22190e-07
tk                  =  8.23697e-07
tk                  =  8.25204e-07
tk                  =  8.26711e-07
tk                  =  8.28217e-07
tk                  =  8.29724e-07
tk                  =  8.31230e-07
tk                  =  8.32737e-07
tk                  =  8.34244e-07
tk                  =  8.35750e-07
tk                  =  8.37257e-07
tk                  =  8.38764e-07
tk                  =  8.40270e-07
tk                  =  8.41777e-07
tk                  =  8.43283e-07
tk                  =  8.44790e-07
tk                  =  8.46295e-07
tk                  =  8.47803e-07
tk                  =  8.49309e-07
tk                  =  8.50816e-07
tk                  =  8.52323e-07
tk                  =  8.53829e-07
tk                  =  8.55335e-07
tk                  =  8.56842e-07
tk                  =  8.58348e-07
tk                  =  8.59855e-07
tk                  =  8.61362e-07
tk                  =  8.62868e-07
tk                  =  8.64375e-07
tk                  =  8.65882e-07
tk                  =  8.67389e-07
tk                  =  8.68895e-07
tk                  =  8.70401e-07
tk                  =  8.71907e-07
tk                  =  8.73414e-07
tk                  =  8.74921e-07
tk                  =  8.76427e-07
tk                  =  8.77934e-07
tk                  =  8.79441e-07
tk                  =  8.80947e-07
tk                  =  8.82454e-07
tk                  =  8.83961e-07
tk                  =  8.85467e-07
tk                  =  8.86974e-07
tk                  =  8.88480e-07
tk                  =  8.89987e-07
tk                  =  8.91494e-07
tk                  =  8.93000e-07
tk                  =  8.94507e-07
tk                  =  8.96014e-07
tk                  =  8.97521e-07
tk                  =  8.99028e-07
tk                  =  9.00535e-07
tk                  =  9.02041e-07
tk                  =  9.03548e-07
tk                  =  9.05055e-07
tk                  =  9.06562e-07
tk                  =  9.08068e-07
tk                  =  9.09575e-07
tk                  =  9.11082e-07
tk                  =  9.12589e-07
tk                  =  9.14095e-07
tk                  =  9.15602e-07
tk                  =  9.17108e-07
tk                  =  9.18615e-07
tk                  =  9.20122e-07
tk                  =  9.21629e-07
tk                  =  9.23135e-07
tk                  =  9.24643e-07
tk                  =  9.26150e-07
tk                  =  9.27657e-07
tk                  =  9.29163e-07
tk                  =  9.30670e-07
tk                  =  9.32176e-07
tk                  =  9.33683e-07
tk                  =  9.35189e-07
tk                  =  9.36696e-07
tk                  =  9.38202e-07
tk                  =  9.39709e-07
tk                  =  9.41216e-07
tk                  =  9.42722e-07
tk                  =  9.44229e-07
tk                  =  9.45736e-07
tk                  =  9.47243e-07
tk                  =  9.48749e-07
tk                  =  9.50256e-07
tk                  =  9.51763e-07
tk                  =  9.53270e-07
tk                  =  9.54776e-07
tk                  =  9.56283e-07
tk                  =  9.57789e-07
tk                  =  9.59297e-07
tk                  =  9.60803e-07
tk                  =  9.62309e-07
tk                  =  9.63817e-07
tk                  =  9.65323e-07
tk                  =  9.66830e-07
tk                  =  9.68336e-07
tk                  =  9.69844e-07
tk                  =  9.71350e-07
tk                  =  9.72856e-07
tk                  =  9.74363e-07
tk                  =  9.75870e-07
tk                  =  9.77377e-07
tk                  =  9.78884e-07
tk                  =  9.80390e-07
tk                  =  9.81897e-07
tk                  =  9.83403e-07
tk                  =  9.84910e-07
tk                  =  9.86416e-07
tk                  =  9.87922e-07
tk                  =  9.89430e-07
tk                  =  9.90936e-07
tk                  =  9.92443e-07
tk                  =  9.93949e-07
tk                  =  9.95457e-07
tk                  =  9.96963e-07
tk                  =  9.98470e-07
tk                  =  9.99976e-07
tk                  =  1.00148e-06
tk                  =  1.00299e-06
tk                  =  1.00450e-06
tk                  =  1.00600e-06
tk                  =  1.00751e-06
tk                  =  1.00902e-06
tk                  =  1.01052e-06
tk                  =  1.01203e-06
tk                  =  1.01354e-06
tk                  =  1.01504e-06
tk                  =  1.01655e-06
tk                  =  1.01806e-06
tk                  =  1.01956e-06
tk                  =  1.02107e-06
tk                  =  1.02258e-06
tk                  =  1.02408e-06
tk                  =  1.02559e-06
tk                  =  1.02710e-06
tk                  =  1.02860e-06
tk                  =  1.03011e-06
tk                  =  1.03162e-06
tk                  =  1.03312e-06
tk                  =  1.03463e-06
tk                  =  1.03614e-06
tk                  =  1.03764e-06
tk                  =  1.03915e-06
tk                  =  1.04066e-06
tk                  =  1.04216e-06
tk                  =  1.04367e-06
tk                  =  1.04518e-06
tk                  =  1.04668e-06
tk                  =  1.04819e-06
tk                  =  1.04970e-06
tk                  =  1.05120e-06
tk                  =  1.05271e-06
tk                  =  1.05422e-06
tk                  =  1.05572e-06
tk                  =  1.05723e-06
tk                  =  1.05874e-06
tk                  =  1.06024e-06
tk                  =  1.06175e-06
tk                  =  1.06326e-06
tk                  =  1.06477e-06
tk                  =  1.06627e-06
tk                  =  1.06778e-06
tk                  =  1.06929e-06
tk                  =  1.07079e-06
tk                  =  1.07230e-06
tk                  =  1.07381e-06
tk                  =  1.07531e-06
tk                  =  1.07682e-06
tk                  =  1.07833e-06
tk                  =  1.07983e-06
tk                  =  1.08134e-06
tk                  =  1.08285e-06
tk                  =  1.08435e-06
tk                  =  1.08586e-06
tk                  =  1.08737e-06
tk                  =  1.08887e-06
tk                  =  1.09038e-06
tk                  =  1.09189e-06
tk                  =  1.09339e-06
tk                  =  1.09490e-06
tk                  =  1.09641e-06
tk                  =  1.09791e-06
tk                  =  1.09942e-06
tk                  =  1.10093e-06
tk                  =  1.10244e-06
tk                  =  1.10394e-06
tk                  =  1.10545e-06
tk                  =  1.10696e-06
tk                  =  1.10846e-06
tk                  =  1.10997e-06
tk                  =  1.11148e-06
tk                  =  1.11298e-06
tk                  =  1.11449e-06
tk                  =  1.11600e-06
tk                  =  1.11750e-06
tk                  =  1.11901e-06
tk                  =  1.12052e-06
tk                  =  1.12202e-06
tk                  =  1.12353e-06
tk                  =  1.12504e-06
tk                  =  1.12654e-06
tk                  =  1.12805e-06
tk                  =  1.12956e-06
tk                  =  1.13106e-06
tk                  =  1.13257e-06
tk                  =  1.13408e-06
tk                  =  1.13558e-06
tk                  =  1.13709e-06
tk                  =  1.13860e-06
tk                  =  1.14010e-06
tk                  =  1.14161e-06
tk                  =  1.14312e-06
tk                  =  1.14462e-06
tk                  =  1.14613e-06
tk                  =  1.14764e-06
tk                  =  1.14914e-06
tk                  =  1.15065e-06
tk                  =  1.15216e-06
tk                  =  1.15366e-06
tk                  =  1.15517e-06
tk                  =  1.15668e-06
tk                  =  1.15819e-06
tk                  =  1.15969e-06
qw0                 =  -1.45048e-02
qw1                 =  -4.33464e-02
m_period = 1.5067091797e-09
m_f_osc = 6.6369808685e+08
m_period_startup16 = 1.5067818125e-09
m_period_b00 = 1.5068047708e-09
m_period_b01 = 1.5069200000e-09
m_period_b02 = 1.5067687500e-09
m_period_b03 = 1.5067625000e-09
m_period_b04 = 1.5067687500e-09
m_period_b05 = 1.5066979167e-09
m_period_b06 = 1.5066541667e-09
m_period_b07 = 1.5067541667e-09
m_period_b08 = 1.5066708333e-09
m_period_b09 = 1.5067583333e-09
m_period_b10 = 1.5067458333e-09
m_period_b11 = 1.5066270833e-09
m_period_b12 = 1.5066979167e-09
m_period_b13 = 1.5066770833e-09
m_period_b14 = 1.5067291667e-09
m_period_b15 = 1.5067916667e-09
m_sigma_1 = 4.1178066728e-13
m_sigma_2 = 4.9996349747e-13
m_sigma_4 = 6.3143036284e-13
m_sigma_8 = 8.8519248556e-13
m_sigma_16 = 1.2158263097e-12
m_sigma_32 = 1.8116409834e-12
m_sigma_64 = 2.5733788054e-12
m_sigma_128 = 3.0290544722e-12
m_sigma_startup16_1 = 3.8988463571e-13
m_sigma_startup16_2 = 5.4979056510e-13
m_sigma_startup16_4 = 7.5479793951e-13
m_sigma_startup16_8 = 8.1402460378e-13
m_i_ring_a = 3.7386916929e-05
m_p_active_w = 1.3571450846e-04
m_e_per_cycle_j = 2.0448229571e-13
m_c_eff_node_f = 3.1036479854e-15
m_vsup_v = 3.6300000001e+00
Note: Simulation executed from .control section 

Warning: m=xx on .subckt line will override multiplier m hierarchy!

