
Note: Compatibility modes selected: hs a


Circuit: * ro-ring5-starved-jitter-long @ ff_-40c_3.63v -- generated by sim/harness, do not edit

Doing analysis at TEMP = -40.000000 and TNOM = 27.000000

Using SPARSE 1.3 as Direct Linear Solver

Initial Transient Solution
--------------------------

Node                                   Voltage
----                                   -------
vsup                                      3.63
en                                        3.63
vddr1                                     3.63
xg1.py                                 1.62993
n11                                          0
g10                                  9.098e-08
xg1.nm                            8.21485e-100
xg1.ny                            7.58615e-100
x11.py                                    3.63
n12                                       3.63
g11                                          0
x11.ny                             2.30658e-09
x12.py                                    3.63
n13                                  9.098e-08
g12                                       3.63
x12.ny                             7.58087e-08
x13.py                                    3.63
n14                                       3.63
g13                                  9.098e-08
x13.ny                             2.30659e-09
x14.py                                    3.63
ro1                                  9.098e-08
g14                                       3.63
x14.ny                             7.58087e-08
q1                                -1.71468e-15
x1                                      -1.815
bx1#branch                                   0
vr1#branch                         1.71468e-05
vn14#branch                                  0
vn13#branch                                  0
vn12#branch                                  0
vn11#branch                                  0
vn10#branch                        1.37673e-24
ven#branch                                   0
vsup#branch                       -1.71468e-05

 Reference value :  0.00000e+00
 Reference value :  1.24150e-09
 Reference value :  2.82650e-09
 Reference value :  4.17000e-09
 Reference value :  5.59030e-09
 Reference value :  6.79650e-09
 Reference value :  7.96250e-09
 Reference value :  9.15450e-09
 Reference value :  1.04355e-08
 Reference value :  1.20507e-08
 Reference value :  1.32885e-08
 Reference value :  1.54975e-08
 Reference value :  1.69115e-08
 Reference value :  1.81265e-08
 Reference value :  1.93392e-08
 Reference value :  2.08275e-08
 Reference value :  2.21703e-08
 Reference value :  2.35925e-08
 Reference value :  2.47755e-08
 Reference value :  2.60085e-08
 Reference value :  2.72285e-08
 Reference value :  2.84285e-08
 Reference value :  2.98945e-08
 Reference value :  3.11715e-08
 Reference value :  3.26300e-08
 Reference value :  3.38375e-08
 Reference value :  3.51045e-08
 Reference value :  3.63407e-08
 Reference value :  3.77307e-08
 Reference value :  3.90215e-08
 Reference value :  4.02915e-08
 Reference value :  4.14992e-08
 Reference value :  4.27815e-08
 Reference value :  4.40065e-08
 Reference value :  4.52015e-08
 Reference value :  4.64607e-08
 Reference value :  4.76665e-08
 Reference value :  4.90407e-08
 Reference value :  5.02185e-08
 Reference value :  5.14625e-08
 Reference value :  5.27245e-08
 Reference value :  5.40075e-08
 Reference value :  5.53503e-08
 Reference value :  5.65955e-08
 Reference value :  5.78045e-08
 Reference value :  5.90345e-08
 Reference value :  6.02607e-08
 Reference value :  6.14601e-08
 Reference value :  6.26701e-08
 Reference value :  6.39115e-08
 Reference value :  6.51275e-08
 Reference value :  6.63792e-08
 Reference value :  6.76115e-08
 Reference value :  6.88255e-08
 Reference value :  7.00100e-08
 Reference value :  7.12355e-08
 Reference value :  7.24855e-08
 Reference value :  7.36907e-08
 Reference value :  7.49300e-08
 Reference value :  7.61625e-08
 Reference value :  7.73803e-08
 Reference value :  7.86100e-08
 Reference value :  7.97975e-08
 Reference value :  8.10015e-08
 Reference value :  8.22715e-08
 Reference value :  8.34500e-08
 Reference value :  8.46815e-08
 Reference value :  8.59135e-08
 Reference value :  8.71601e-08
 Reference value :  8.83715e-08
 Reference value :  8.95755e-08
 Reference value :  9.08607e-08
 Reference value :  9.21115e-08
 Reference value :  9.33625e-08
 Reference value :  9.45807e-08
 Reference value :  9.58107e-08
 Reference value :  9.70101e-08
 Reference value :  9.82407e-08
 Reference value :  9.94735e-08
 Reference value :  1.00712e-07
 Reference value :  1.01951e-07
 Reference value :  1.03230e-07
 Reference value :  1.04417e-07
 Reference value :  1.05662e-07
 Reference value :  1.06860e-07
 Reference value :  1.08170e-07
 Reference value :  1.09349e-07
 Reference value :  1.10543e-07
 Reference value :  1.11765e-07
 Reference value :  1.12981e-07
 Reference value :  1.14249e-07
 Reference value :  1.15853e-07
 Reference value :  1.17400e-07
 Reference value :  1.18869e-07
 Reference value :  1.20057e-07
 Reference value :  1.21312e-07
 Reference value :  1.22579e-07
 Reference value :  1.23761e-07
 Reference value :  1.24980e-07
 Reference value :  1.26187e-07
 Reference value :  1.27561e-07
 Reference value :  1.29103e-07
 Reference value :  1.30331e-07
 Reference value :  1.31839e-07
 Reference value :  1.33043e-07
 Reference value :  1.34265e-07
 Reference value :  1.35468e-07
 Reference value :  1.36869e-07
 Reference value :  1.38299e-07
 Reference value :  1.39734e-07
 Reference value :  1.40934e-07
 Reference value :  1.42190e-07
 Reference value :  1.43491e-07
 Reference value :  1.45181e-07
 Reference value :  1.46526e-07
 Reference value :  1.47791e-07
 Reference value :  1.49091e-07
 Reference value :  1.50364e-07
 Reference value :  1.51581e-07
 Reference value :  1.52857e-07
 Reference value :  1.54183e-07
 Reference value :  1.55491e-07
 Reference value :  1.56760e-07
 Reference value :  1.57961e-07
 Reference value :  1.59180e-07
 Reference value :  1.60360e-07
 Reference value :  1.61554e-07
 Reference value :  1.62831e-07
 Reference value :  1.64120e-07
 Reference value :  1.65323e-07
 Reference value :  1.66531e-07
 Reference value :  1.67712e-07
 Reference value :  1.68917e-07
 Reference value :  1.70180e-07
 Reference value :  1.71495e-07
 Reference value :  1.72715e-07
 Reference value :  1.73939e-07
 Reference value :  1.75168e-07
 Reference value :  1.76360e-07
 Reference value :  1.77596e-07
 Reference value :  1.78791e-07
 Reference value :  1.80011e-07
 Reference value :  1.81218e-07
 Reference value :  1.82421e-07
 Reference value :  1.83618e-07
 Reference value :  1.84802e-07
 Reference value :  1.86053e-07
 Reference value :  1.87353e-07
 Reference value :  1.88620e-07
 Reference value :  1.89859e-07
 Reference value :  1.91137e-07
 Reference value :  1.92390e-07
 Reference value :  1.93700e-07
 Reference value :  1.94990e-07
 Reference value :  1.96340e-07
 Reference value :  1.97734e-07
 Reference value :  1.99069e-07
 Reference value :  2.00340e-07
 Reference value :  2.01628e-07
 Reference value :  2.02960e-07
 Reference value :  2.04221e-07
 Reference value :  2.05521e-07
 Reference value :  2.06792e-07
 Reference value :  2.08091e-07
 Reference value :  2.09340e-07
 Reference value :  2.10583e-07
 Reference value :  2.11870e-07
 Reference value :  2.13114e-07
 Reference value :  2.14395e-07
 Reference value :  2.15661e-07
 Reference value :  2.17030e-07
 Reference value :  2.18299e-07
 Reference value :  2.19665e-07
 Reference value :  2.21000e-07
 Reference value :  2.22273e-07
 Reference value :  2.23549e-07
 Reference value :  2.24840e-07
 Reference value :  2.26121e-07
 Reference value :  2.27427e-07
 Reference value :  2.28731e-07
 Reference value :  2.30039e-07
 Reference value :  2.31320e-07
 Reference value :  2.32669e-07
 Reference value :  2.33951e-07
 Reference value :  2.35308e-07
 Reference value :  2.36556e-07
 Reference value :  2.37941e-07
 Reference value :  2.39160e-07
 Reference value :  2.40397e-07
 Reference value :  2.41682e-07
 Reference value :  2.42981e-07
 Reference value :  2.44325e-07
 Reference value :  2.45790e-07
 Reference value :  2.47494e-07
 Reference value :  2.48847e-07
 Reference value :  2.50220e-07
 Reference value :  2.51576e-07
 Reference value :  2.52940e-07
 Reference value :  2.54480e-07
 Reference value :  2.56540e-07
 Reference value :  2.57930e-07
 Reference value :  2.59278e-07
 Reference value :  2.60609e-07
 Reference value :  2.61852e-07
 Reference value :  2.63109e-07
 Reference value :  2.64393e-07
 Reference value :  2.65670e-07
 Reference value :  2.66920e-07
 Reference value :  2.68215e-07
 Reference value :  2.69570e-07
 Reference value :  2.70991e-07
 Reference value :  2.72361e-07
 Reference value :  2.73641e-07
 Reference value :  2.74913e-07
 Reference value :  2.76190e-07
 Reference value :  2.77450e-07
 Reference value :  2.78710e-07
 Reference value :  2.79982e-07
 Reference value :  2.81236e-07
 Reference value :  2.82548e-07
 Reference value :  2.83848e-07
 Reference value :  2.85112e-07
 Reference value :  2.86380e-07
 Reference value :  2.87598e-07
 Reference value :  2.88857e-07
 Reference value :  2.90231e-07
 Reference value :  2.91509e-07
 Reference value :  2.92839e-07
 Reference value :  2.94060e-07
 Reference value :  2.95372e-07
 Reference value :  2.96642e-07
 Reference value :  2.97926e-07
 Reference value :  2.99202e-07
 Reference value :  3.00471e-07
 Reference value :  3.01734e-07
 Reference value :  3.02980e-07
 Reference value :  3.04271e-07
 Reference value :  3.05571e-07
 Reference value :  3.06806e-07
 Reference value :  3.08102e-07
 Reference value :  3.09349e-07
 Reference value :  3.10641e-07
 Reference value :  3.11885e-07
 Reference value :  3.13094e-07
 Reference value :  3.14424e-07
 Reference value :  3.15788e-07
 Reference value :  3.17066e-07
 Reference value :  3.18316e-07
 Reference value :  3.19580e-07
 Reference value :  3.20832e-07
 Reference value :  3.22077e-07
 Reference value :  3.23380e-07
 Reference value :  3.24670e-07
 Reference value :  3.25930e-07
 Reference value :  3.27159e-07
 Reference value :  3.28411e-07
 Reference value :  3.29680e-07
 Reference value :  3.30941e-07
 Reference value :  3.32190e-07
 Reference value :  3.33460e-07
 Reference value :  3.34765e-07
 Reference value :  3.36071e-07
 Reference value :  3.37341e-07
 Reference value :  3.38620e-07
 Reference value :  3.39850e-07
 Reference value :  3.41085e-07
 Reference value :  3.42373e-07
 Reference value :  3.43646e-07
 Reference value :  3.44889e-07
 Reference value :  3.46166e-07
 Reference value :  3.47424e-07
 Reference value :  3.49082e-07
 Reference value :  3.50432e-07
 Reference value :  3.51742e-07
 Reference value :  3.53039e-07
 Reference value :  3.54259e-07
 Reference value :  3.55559e-07
 Reference value :  3.56838e-07
 Reference value :  3.58053e-07
 Reference value :  3.59254e-07
 Reference value :  3.60494e-07
 Reference value :  3.61821e-07
 Reference value :  3.63121e-07
 Reference value :  3.64351e-07
 Reference value :  3.65626e-07
 Reference value :  3.66826e-07
 Reference value :  3.68140e-07
 Reference value :  3.69450e-07
 Reference value :  3.70785e-07
 Reference value :  3.72168e-07
 Reference value :  3.73445e-07
 Reference value :  3.74735e-07
 Reference value :  3.76120e-07
 Reference value :  3.77481e-07
 Reference value :  3.78738e-07
 Reference value :  3.80061e-07
 Reference value :  3.81437e-07
 Reference value :  3.82764e-07
 Reference value :  3.84120e-07
 Reference value :  3.85510e-07
 Reference value :  3.86781e-07
 Reference value :  3.88036e-07
 Reference value :  3.89367e-07
 Reference value :  3.90673e-07
 Reference value :  3.91991e-07
 Reference value :  3.93470e-07
 Reference value :  3.94847e-07
 Reference value :  3.96134e-07
 Reference value :  3.97500e-07
 Reference value :  3.98884e-07
 Reference value :  4.00334e-07
 Reference value :  4.01793e-07
 Reference value :  4.03205e-07
 Reference value :  4.04754e-07
 Reference value :  4.06212e-07
 Reference value :  4.07681e-07
 Reference value :  4.09085e-07
 Reference value :  4.10575e-07
 Reference value :  4.12100e-07
 Reference value :  4.13479e-07
 Reference value :  4.14841e-07
 Reference value :  4.16289e-07
 Reference value :  4.17722e-07
 Reference value :  4.19130e-07
 Reference value :  4.20541e-07
 Reference value :  4.21931e-07
 Reference value :  4.23271e-07
 Reference value :  4.24607e-07
 Reference value :  4.25980e-07
 Reference value :  4.27290e-07
 Reference value :  4.28620e-07
 Reference value :  4.29911e-07
 Reference value :  4.31201e-07
 Reference value :  4.32422e-07
 Reference value :  4.33681e-07
 Reference value :  4.35147e-07
 Reference value :  4.36555e-07
 Reference value :  4.37985e-07
 Reference value :  4.39311e-07
 Reference value :  4.40638e-07
 Reference value :  4.41945e-07
 Reference value :  4.43262e-07
 Reference value :  4.44657e-07
 Reference value :  4.46099e-07
 Reference value :  4.47440e-07
 Reference value :  4.48800e-07
 Reference value :  4.50144e-07
 Reference value :  4.51460e-07
 Reference value :  4.52780e-07
 Reference value :  4.54176e-07
 Reference value :  4.55590e-07
 Reference value :  4.56960e-07
 Reference value :  4.58531e-07
 Reference value :  4.60071e-07
 Reference value :  4.61676e-07
 Reference value :  4.63201e-07
 Reference value :  4.64865e-07
 Reference value :  4.66432e-07
 Reference value :  4.67904e-07
 Reference value :  4.69436e-07
 Reference value :  4.70840e-07
 Reference value :  4.72563e-07
 Reference value :  4.74300e-07
 Reference value :  4.75862e-07
 Reference value :  4.77358e-07
 Reference value :  4.78801e-07
 Reference value :  4.80176e-07
 Reference value :  4.81644e-07
 Reference value :  4.83030e-07
 Reference value :  4.84438e-07
 Reference value :  4.85841e-07
 Reference value :  4.87260e-07
 Reference value :  4.88688e-07
 Reference value :  4.90074e-07
 Reference value :  4.91480e-07
 Reference value :  4.92893e-07
 Reference value :  4.94298e-07
 Reference value :  4.95730e-07
 Reference value :  4.97140e-07
 Reference value :  4.98560e-07
 Reference value :  5.00039e-07
 Reference value :  5.01524e-07
 Reference value :  5.03004e-07
 Reference value :  5.04409e-07
 Reference value :  5.05796e-07
 Reference value :  5.07110e-07
 Reference value :  5.08818e-07
 Reference value :  5.10382e-07
 Reference value :  5.12160e-07
 Reference value :  5.13550e-07
 Reference value :  5.14889e-07
 Reference value :  5.16645e-07
 Reference value :  5.18257e-07
 Reference value :  5.19696e-07
 Reference value :  5.21032e-07
 Reference value :  5.22308e-07
 Reference value :  5.23601e-07
 Reference value :  5.24900e-07
 Reference value :  5.26431e-07
 Reference value :  5.28288e-07
 Reference value :  5.30320e-07
 Reference value :  5.32533e-07
 Reference value :  5.34755e-07
 Reference value :  5.36750e-07
 Reference value :  5.38870e-07
 Reference value :  5.40819e-07
 Reference value :  5.42812e-07
 Reference value :  5.44861e-07
 Reference value :  5.46840e-07
 Reference value :  5.48930e-07
 Reference value :  5.51069e-07
 Reference value :  5.53186e-07
 Reference value :  5.55271e-07
 Reference value :  5.57320e-07
 Reference value :  5.59352e-07
 Reference value :  5.61484e-07
 Reference value :  5.63361e-07
 Reference value :  5.65339e-07
 Reference value :  5.67270e-07
 Reference value :  5.69148e-07
 Reference value :  5.71010e-07
 Reference value :  5.73036e-07
 Reference value :  5.75023e-07
 Reference value :  5.76984e-07
 Reference value :  5.79005e-07
 Reference value :  5.80296e-07
 Reference value :  5.81668e-07
 Reference value :  5.82961e-07
 Reference value :  5.84302e-07
 Reference value :  5.85680e-07
 Reference value :  5.87045e-07
 Reference value :  5.88417e-07
 Reference value :  5.89825e-07
 Reference value :  5.91213e-07
 Reference value :  5.92576e-07
 Reference value :  5.93868e-07
 Reference value :  5.95300e-07
 Reference value :  5.96650e-07
 Reference value :  5.98062e-07
 Reference value :  5.99502e-07
 Reference value :  6.01035e-07
 Reference value :  6.02555e-07
 Reference value :  6.03980e-07
 Reference value :  6.05441e-07
 Reference value :  6.06977e-07
 Reference value :  6.08790e-07
 Reference value :  6.10751e-07
 Reference value :  6.13010e-07
 Reference value :  6.15295e-07
 Reference value :  6.17615e-07
 Reference value :  6.19741e-07
 Reference value :  6.21889e-07
 Reference value :  6.23721e-07
 Reference value :  6.25582e-07
 Reference value :  6.27614e-07
 Reference value :  6.29736e-07
 Reference value :  6.31298e-07
 Reference value :  6.32620e-07
 Reference value :  6.33958e-07
 Reference value :  6.35340e-07
 Reference value :  6.36679e-07
 Reference value :  6.38023e-07
 Reference value :  6.39338e-07
 Reference value :  6.40663e-07
 Reference value :  6.41991e-07
 Reference value :  6.43261e-07
 Reference value :  6.44606e-07
 Reference value :  6.45980e-07
 Reference value :  6.47231e-07
 Reference value :  6.48791e-07
 Reference value :  6.50095e-07
 Reference value :  6.51379e-07
 Reference value :  6.52649e-07
 Reference value :  6.53907e-07
 Reference value :  6.55165e-07
 Reference value :  6.56508e-07
 Reference value :  6.57880e-07
 Reference value :  6.59165e-07
 Reference value :  6.60469e-07
 Reference value :  6.61800e-07
 Reference value :  6.63070e-07
 Reference value :  6.64324e-07
 Reference value :  6.65560e-07
 Reference value :  6.66881e-07
 Reference value :  6.68198e-07
 Reference value :  6.69567e-07
 Reference value :  6.71057e-07
 Reference value :  6.72633e-07
 Reference value :  6.74011e-07
 Reference value :  6.75364e-07
 Reference value :  6.76744e-07
 Reference value :  6.78100e-07
 Reference value :  6.79420e-07
 Reference value :  6.80760e-07
 Reference value :  6.82007e-07
 Reference value :  6.83335e-07
 Reference value :  6.84588e-07
 Reference value :  6.85910e-07
 Reference value :  6.87169e-07
 Reference value :  6.88482e-07
 Reference value :  6.90048e-07
 Reference value :  6.91477e-07
 Reference value :  6.92801e-07
 Reference value :  6.94107e-07
 Reference value :  6.95415e-07
 Reference value :  6.96970e-07
 Reference value :  6.98315e-07
 Reference value :  6.99791e-07
 Reference value :  7.01260e-07
 Reference value :  7.02556e-07
 Reference value :  7.03869e-07
 Reference value :  7.05166e-07
 Reference value :  7.06450e-07
 Reference value :  7.07786e-07
 Reference value :  7.09065e-07
 Reference value :  7.10319e-07
 Reference value :  7.11520e-07
 Reference value :  7.12701e-07
 Reference value :  7.13912e-07
 Reference value :  7.15129e-07
 Reference value :  7.16346e-07
 Reference value :  7.17570e-07
 Reference value :  7.18784e-07
 Reference value :  7.19999e-07
 Reference value :  7.21210e-07
 Reference value :  7.22421e-07
 Reference value :  7.23633e-07
 Reference value :  7.24840e-07
 Reference value :  7.26027e-07
 Reference value :  7.27224e-07
 Reference value :  7.28414e-07
 Reference value :  7.29627e-07
 Reference value :  7.30861e-07
 Reference value :  7.32059e-07
 Reference value :  7.33248e-07
 Reference value :  7.34448e-07
 Reference value :  7.35663e-07
 Reference value :  7.36841e-07
 Reference value :  7.38022e-07
 Reference value :  7.39234e-07
 Reference value :  7.40470e-07
 Reference value :  7.41697e-07
 Reference value :  7.42871e-07
 Reference value :  7.44121e-07
 Reference value :  7.45300e-07
 Reference value :  7.46472e-07
 Reference value :  7.47690e-07
 Reference value :  7.48918e-07
 Reference value :  7.50122e-07
 Reference value :  7.51300e-07
 Reference value :  7.52545e-07
 Reference value :  7.53766e-07
 Reference value :  7.54991e-07
 Reference value :  7.56185e-07
 Reference value :  7.57404e-07
 Reference value :  7.58622e-07
 Reference value :  7.59815e-07
 Reference value :  7.61013e-07
 Reference value :  7.62260e-07
 Reference value :  7.63462e-07
 Reference value :  7.64656e-07
 Reference value :  7.65890e-07
 Reference value :  7.67107e-07
 Reference value :  7.68320e-07
 Reference value :  7.69490e-07
 Reference value :  7.70750e-07
 Reference value :  7.72455e-07
 Reference value :  7.74053e-07
 Reference value :  7.75365e-07
 Reference value :  7.76584e-07
 Reference value :  7.77811e-07
 Reference value :  7.79083e-07
 Reference value :  7.80314e-07
 Reference value :  7.81511e-07
 Reference value :  7.82772e-07
 Reference value :  7.84021e-07
 Reference value :  7.85220e-07
 Reference value :  7.86450e-07
 Reference value :  7.87700e-07
 Reference value :  7.88906e-07
 Reference value :  7.90101e-07
 Reference value :  7.91296e-07
 Reference value :  7.92495e-07
 Reference value :  7.93702e-07
 Reference value :  7.94917e-07
 Reference value :  7.96124e-07
 Reference value :  7.97323e-07
 Reference value :  7.98512e-07
 Reference value :  7.99715e-07
 Reference value :  8.00968e-07
 Reference value :  8.02181e-07
 Reference value :  8.03436e-07
 Reference value :  8.04663e-07
 Reference value :  8.05891e-07
 Reference value :  8.07114e-07
 Reference value :  8.08323e-07
 Reference value :  8.09564e-07
 Reference value :  8.10776e-07
 Reference value :  8.11986e-07
 Reference value :  8.13200e-07
 Reference value :  8.14401e-07
 Reference value :  8.15650e-07
 Reference value :  8.16881e-07
 Reference value :  8.18071e-07
 Reference value :  8.19274e-07
 Reference value :  8.20604e-07
 Reference value :  8.22011e-07
 Reference value :  8.23183e-07
 Reference value :  8.24390e-07
 Reference value :  8.25584e-07
 Reference value :  8.26775e-07
 Reference value :  8.28009e-07
 Reference value :  8.29230e-07
 Reference value :  8.30446e-07
 Reference value :  8.31620e-07
 Reference value :  8.32830e-07
 Reference value :  8.34030e-07
 Reference value :  8.35245e-07
 Reference value :  8.36463e-07
 Reference value :  8.38029e-07
 Reference value :  8.39210e-07
 Reference value :  8.40420e-07
 Reference value :  8.41620e-07
 Reference value :  8.42847e-07
 Reference value :  8.44582e-07
 Reference value :  8.46150e-07
 Reference value :  8.47396e-07
 Reference value :  8.48900e-07
 Reference value :  8.50095e-07
 Reference value :  8.51305e-07
 Reference value :  8.52546e-07
 Reference value :  8.53758e-07
 Reference value :  8.54970e-07
 Reference value :  8.56465e-07
 Reference value :  8.57961e-07
 Reference value :  8.59271e-07
 Reference value :  8.60689e-07
 Reference value :  8.61892e-07
 Reference value :  8.63157e-07
 Reference value :  8.64393e-07
 Reference value :  8.65578e-07
 Reference value :  8.66792e-07
 Reference value :  8.68316e-07
 Reference value :  8.69803e-07
 Reference value :  8.71131e-07
 Reference value :  8.72553e-07
 Reference value :  8.73758e-07
 Reference value :  8.74951e-07
 Reference value :  8.76170e-07
 Reference value :  8.77397e-07
 Reference value :  8.78586e-07
 Reference value :  8.80100e-07
 Reference value :  8.81433e-07
 Reference value :  8.82628e-07
 Reference value :  8.84121e-07
 Reference value :  8.85328e-07
 Reference value :  8.86527e-07
 Reference value :  8.87741e-07
 Reference value :  8.88961e-07
 Reference value :  8.90147e-07
 Reference value :  8.91410e-07
 Reference value :  8.92941e-07
 Reference value :  8.94274e-07
 Reference value :  8.95571e-07
 Reference value :  8.96780e-07
 Reference value :  8.97998e-07
 Reference value :  8.99205e-07
 Reference value :  9.00400e-07
 Reference value :  9.01600e-07
 Reference value :  9.02791e-07
 Reference value :  9.04321e-07
 Reference value :  9.05666e-07
 Reference value :  9.07010e-07
 Reference value :  9.08293e-07
 Reference value :  9.09510e-07
 Reference value :  9.10756e-07
 Reference value :  9.11940e-07
 Reference value :  9.13160e-07
 Reference value :  9.14373e-07
 Reference value :  9.15577e-07
 Reference value :  9.16758e-07
 Reference value :  9.17964e-07
 Reference value :  9.19178e-07
 Reference value :  9.20358e-07
 Reference value :  9.21581e-07
 Reference value :  9.22792e-07
 Reference value :  9.23989e-07
 Reference value :  9.25180e-07
 Reference value :  9.26411e-07
 Reference value :  9.27617e-07
 Reference value :  9.28800e-07
 Reference value :  9.30031e-07
 Reference value :  9.31211e-07
 Reference value :  9.32409e-07
 Reference value :  9.33611e-07
 Reference value :  9.34816e-07
 Reference value :  9.36063e-07
 Reference value :  9.37284e-07
 Reference value :  9.38544e-07
 Reference value :  9.39831e-07
 Reference value :  9.41078e-07
 Reference value :  9.42307e-07
 Reference value :  9.43537e-07
 Reference value :  9.44728e-07
 Reference value :  9.45934e-07
 Reference value :  9.47185e-07
 Reference value :  9.48447e-07
 Reference value :  9.49630e-07
 Reference value :  9.50830e-07
 Reference value :  9.52050e-07
 Reference value :  9.53260e-07
 Reference value :  9.54461e-07
 Reference value :  9.55663e-07
 Reference value :  9.56898e-07
 Reference value :  9.58110e-07
 Reference value :  9.59360e-07
 Reference value :  9.60557e-07
 Reference value :  9.61786e-07
 Reference value :  9.62961e-07
 Reference value :  9.64154e-07
 Reference value :  9.65390e-07
 Reference value :  9.66661e-07
 Reference value :  9.67877e-07
 Reference value :  9.69050e-07
 Reference value :  9.70291e-07
 Reference value :  9.71525e-07
 Reference value :  9.72722e-07
 Reference value :  9.73963e-07
 Reference value :  9.75157e-07
 Reference value :  9.76424e-07
 Reference value :  9.77643e-07
 Reference value :  9.78910e-07
 Reference value :  9.80117e-07
 Reference value :  9.81340e-07
 Reference value :  9.82509e-07
 Reference value :  9.83762e-07
 Reference value :  9.84971e-07
 Reference value :  9.86227e-07
 Reference value :  9.87450e-07
 Reference value :  9.88650e-07
 Reference value :  9.89830e-07
 Reference value :  9.91036e-07
 Reference value :  9.92269e-07
 Reference value :  9.93447e-07
 Reference value :  9.94634e-07
 Reference value :  9.95820e-07
 Reference value :  9.97050e-07
 Reference value :  9.98243e-07
 Reference value :  9.99410e-07
 Reference value :  1.00064e-06
 Reference value :  1.00191e-06
 Reference value :  1.00312e-06
 Reference value :  1.00433e-06
 Reference value :  1.00553e-06
 Reference value :  1.00675e-06
 Reference value :  1.00795e-06
 Reference value :  1.00918e-06
 Reference value :  1.01039e-06
 Reference value :  1.01161e-06
 Reference value :  1.01283e-06
 Reference value :  1.01409e-06
 Reference value :  1.01532e-06
 Reference value :  1.01652e-06
 Reference value :  1.01773e-06
 Reference value :  1.01897e-06
 Reference value :  1.02019e-06
 Reference value :  1.02138e-06
 Reference value :  1.02264e-06
 Reference value :  1.02384e-06
 Reference value :  1.02507e-06
 Reference value :  1.02630e-06
 Reference value :  1.02752e-06
 Reference value :  1.02877e-06
 Reference value :  1.02999e-06
 Reference value :  1.03119e-06
 Reference value :  1.03241e-06
 Reference value :  1.03362e-06
 Reference value :  1.03481e-06
 Reference value :  1.03604e-06
 Reference value :  1.03726e-06
 Reference value :  1.03852e-06
 Reference value :  1.03976e-06
 Reference value :  1.04101e-06
 Reference value :  1.04224e-06
 Reference value :  1.04343e-06
 Reference value :  1.04466e-06
 Reference value :  1.04589e-06
 Reference value :  1.04715e-06
 Reference value :  1.04840e-06
 Reference value :  1.04961e-06
 Reference value :  1.05089e-06
 Reference value :  1.05214e-06
 Reference value :  1.05337e-06
 Reference value :  1.05458e-06
 Reference value :  1.05577e-06
 Reference value :  1.05701e-06
 Reference value :  1.05930e-06
 Reference value :  1.06110e-06
 Reference value :  1.06230e-06
 Reference value :  1.06391e-06
 Reference value :  1.06521e-06
 Reference value :  1.06642e-06
 Reference value :  1.06765e-06
 Reference value :  1.06886e-06
 Reference value :  1.07008e-06
 Reference value :  1.07131e-06
 Reference value :  1.07249e-06
 Reference value :  1.07369e-06
 Reference value :  1.07493e-06
 Reference value :  1.07613e-06
 Reference value :  1.07734e-06
 Reference value :  1.07856e-06
 Reference value :  1.07981e-06
 Reference value :  1.08145e-06
 Reference value :  1.08312e-06
 Reference value :  1.08438e-06
 Reference value :  1.08590e-06
 Reference value :  1.08717e-06
 Reference value :  1.08836e-06
 Reference value :  1.08959e-06
 Reference value :  1.09080e-06
 Reference value :  1.09202e-06
 Reference value :  1.09324e-06
 Reference value :  1.09470e-06
 Reference value :  1.09613e-06
 Reference value :  1.09754e-06
 Reference value :  1.09875e-06
 Reference value :  1.10056e-06
 Reference value :  1.10183e-06
 Reference value :  1.10307e-06
 Reference value :  1.10423e-06
 Reference value :  1.10544e-06
 Reference value :  1.10665e-06
 Reference value :  1.10787e-06
 Reference value :  1.10913e-06
 Reference value :  1.11035e-06
 Reference value :  1.11160e-06
 Reference value :  1.11283e-06
 Reference value :  1.11403e-06
 Reference value :  1.11526e-06
 Reference value :  1.11647e-06
 Reference value :  1.11769e-06
 Reference value :  1.11892e-06
 Reference value :  1.12017e-06
 Reference value :  1.12140e-06
 Reference value :  1.12265e-06
 Reference value :  1.12391e-06
 Reference value :  1.12513e-06
 Reference value :  1.12640e-06
 Reference value :  1.12761e-06
 Reference value :  1.12888e-06
 Reference value :  1.13006e-06
 Reference value :  1.13130e-06
 Reference value :  1.13249e-06
 Reference value :  1.13371e-06
 Reference value :  1.13495e-06
 Reference value :  1.13617e-06
 Reference value :  1.13741e-06
 Reference value :  1.13861e-06
 Reference value :  1.13987e-06
 Reference value :  1.14109e-06
 Reference value :  1.14233e-06
 Reference value :  1.14359e-06
 Reference value :  1.14483e-06
 Reference value :  1.14608e-06
 Reference value :  1.14731e-06
 Reference value :  1.14853e-06
 Reference value :  1.14977e-06
 Reference value :  1.15098e-06
 Reference value :  1.15225e-06
 Reference value :  1.15346e-06
 Reference value :  1.15473e-06
 Reference value :  1.15600e-06
 Reference value :  1.15718e-06
 Reference value :  1.15840e-06
 Reference value :  1.15963e-06
 Reference value :  1.16087e-06
 Reference value :  1.16210e-06
 Reference value :  1.16330e-06
 Reference value :  1.16451e-06
 Reference value :  1.16574e-06
 Reference value :  1.16695e-06
 Reference value :  1.16816e-06
 Reference value :  1.16938e-06
 Reference value :  1.17058e-06
 Reference value :  1.17178e-06
 Reference value :  1.17298e-06
 Reference value :  1.17420e-06
 Reference value :  1.17540e-06
 Reference value :  1.17667e-06
 Reference value :  1.17791e-06
 Reference value :  1.17918e-06
 Reference value :  1.18042e-06
 Reference value :  1.18161e-06
 Reference value :  1.18282e-06
 Reference value :  1.18405e-06
 Reference value :  1.18526e-06
 Reference value :  1.18651e-06
 Reference value :  1.18775e-06
 Reference value :  1.18900e-06
 Reference value :  1.19022e-06
 Reference value :  1.19145e-06
 Reference value :  1.19267e-06
 Reference value :  1.19395e-06
 Reference value :  1.19518e-06
 Reference value :  1.19639e-06
 Reference value :  1.19764e-06
 Reference value :  1.19887e-06
 Reference value :  1.20012e-06
 Reference value :  1.20134e-06
 Reference value :  1.20257e-06
 Reference value :  1.20384e-06
 Reference value :  1.20507e-06
 Reference value :  1.20634e-06
 Reference value :  1.20756e-06
 Reference value :  1.20876e-06
 Reference value :  1.20996e-06
 Reference value :  1.21161e-06
 Reference value :  1.21285e-06
 Reference value :  1.21414e-06
 Reference value :  1.21539e-06
 Reference value :  1.21662e-06
 Reference value :  1.21787e-06
 Reference value :  1.21915e-06
 Reference value :  1.22041e-06
 Reference value :  1.22164e-06
 Reference value :  1.22283e-06
 Reference value :  1.22404e-06
 Reference value :  1.22529e-06
 Reference value :  1.22654e-06
 Reference value :  1.22774e-06
 Reference value :  1.22902e-06
 Reference value :  1.23026e-06
 Reference value :  1.23146e-06
 Reference value :  1.23267e-06
 Reference value :  1.23388e-06
 Reference value :  1.23507e-06
 Reference value :  1.23627e-06
 Reference value :  1.23751e-06
 Reference value :  1.23878e-06
 Reference value :  1.24000e-06
 Reference value :  1.24121e-06
 Reference value :  1.24241e-06
 Reference value :  1.24361e-06
 Reference value :  1.24483e-06
 Reference value :  1.24603e-06
 Reference value :  1.24724e-06
 Reference value :  1.24847e-06
 Reference value :  1.24971e-06
 Reference value :  1.25097e-06
 Reference value :  1.25215e-06
 Reference value :  1.25339e-06
 Reference value :  1.25462e-06
 Reference value :  1.25584e-06
 Reference value :  1.25705e-06
 Reference value :  1.25826e-06
 Reference value :  1.25948e-06
 Reference value :  1.26085e-06
 Reference value :  1.26209e-06
 Reference value :  1.26332e-06
 Reference value :  1.26456e-06
 Reference value :  1.26581e-06
 Reference value :  1.26708e-06
 Reference value :  1.26866e-06
 Reference value :  1.26997e-06
 Reference value :  1.27120e-06
 Reference value :  1.27243e-06
 Reference value :  1.27370e-06
 Reference value :  1.27497e-06
 Reference value :  1.27617e-06
 Reference value :  1.27737e-06
 Reference value :  1.27859e-06
 Reference value :  1.27983e-06
 Reference value :  1.28106e-06
 Reference value :  1.28234e-06
 Reference value :  1.28355e-06
 Reference value :  1.28480e-06
 Reference value :  1.28604e-06
 Reference value :  1.28728e-06
 Reference value :  1.28853e-06
 Reference value :  1.28981e-06
 Reference value :  1.29106e-06
 Reference value :  1.29229e-06
 Reference value :  1.29353e-06
 Reference value :  1.29478e-06
 Reference value :  1.29601e-06
 Reference value :  1.29726e-06
 Reference value :  1.29854e-06
 Reference value :  1.29980e-06
 Reference value :  1.30100e-06
 Reference value :  1.30227e-06
 Reference value :  1.30350e-06
 Reference value :  1.30475e-06
 Reference value :  1.30602e-06
 Reference value :  1.30726e-06
 Reference value :  1.30851e-06
 Reference value :  1.30984e-06
 Reference value :  1.31124e-06
 Reference value :  1.31258e-06
 Reference value :  1.31398e-06
 Reference value :  1.31535e-06
 Reference value :  1.31662e-06
 Reference value :  1.31786e-06
 Reference value :  1.31911e-06
 Reference value :  1.32039e-06
 Reference value :  1.32171e-06
 Reference value :  1.32303e-06
 Reference value :  1.32432e-06
 Reference value :  1.32559e-06
 Reference value :  1.32685e-06
 Reference value :  1.32809e-06
 Reference value :  1.32933e-06
 Reference value :  1.33069e-06
 Reference value :  1.33197e-06
 Reference value :  1.33334e-06
 Reference value :  1.33462e-06
 Reference value :  1.33592e-06
 Reference value :  1.33719e-06
 Reference value :  1.33853e-06
 Reference value :  1.33978e-06
 Reference value :  1.34099e-06
 Reference value :  1.34222e-06
 Reference value :  1.34339e-06
 Reference value :  1.34463e-06
 Reference value :  1.34597e-06
 Reference value :  1.34724e-06
 Reference value :  1.34849e-06
 Reference value :  1.34970e-06
 Reference value :  1.35094e-06
 Reference value :  1.35214e-06
 Reference value :  1.35337e-06
 Reference value :  1.35501e-06
 Reference value :  1.35630e-06
 Reference value :  1.35753e-06
 Reference value :  1.35884e-06
 Reference value :  1.36004e-06
 Reference value :  1.36126e-06
 Reference value :  1.36249e-06
 Reference value :  1.36371e-06
 Reference value :  1.36494e-06
 Reference value :  1.36621e-06
 Reference value :  1.36742e-06
 Reference value :  1.36869e-06
 Reference value :  1.36991e-06
 Reference value :  1.37123e-06
 Reference value :  1.37245e-06
 Reference value :  1.37370e-06
 Reference value :  1.37493e-06
 Reference value :  1.37627e-06
 Reference value :  1.37750e-06
 Reference value :  1.37871e-06
 Reference value :  1.37991e-06
 Reference value :  1.38115e-06
 Reference value :  1.38240e-06
 Reference value :  1.38363e-06
 Reference value :  1.38494e-06
 Reference value :  1.38620e-06
 Reference value :  1.38743e-06
 Reference value :  1.38863e-06
 Reference value :  1.38985e-06
 Reference value :  1.39105e-06
 Reference value :  1.39221e-06
 Reference value :  1.39344e-06
 Reference value :  1.39464e-06
 Reference value :  1.39588e-06
 Reference value :  1.39710e-06
 Reference value :  1.39832e-06
 Reference value :  1.39956e-06
 Reference value :  1.40081e-06
 Reference value :  1.40206e-06
 Reference value :  1.40330e-06
 Reference value :  1.40455e-06
 Reference value :  1.40578e-06
 Reference value :  1.40705e-06
 Reference value :  1.40824e-06
 Reference value :  1.40941e-06
 Reference value :  1.41064e-06
 Reference value :  1.41184e-06
 Reference value :  1.41315e-06
 Reference value :  1.41433e-06
 Reference value :  1.41552e-06
 Reference value :  1.41672e-06
 Reference value :  1.41794e-06
 Reference value :  1.41918e-06
 Reference value :  1.42038e-06
 Reference value :  1.42159e-06
 Reference value :  1.42281e-06
 Reference value :  1.42407e-06
 Reference value :  1.42525e-06
 Reference value :  1.42646e-06
 Reference value :  1.42768e-06
 Reference value :  1.42889e-06
 Reference value :  1.43009e-06
 Reference value :  1.43132e-06
 Reference value :  1.43258e-06
 Reference value :  1.43380e-06
 Reference value :  1.43500e-06
 Reference value :  1.43621e-06
 Reference value :  1.43746e-06
 Reference value :  1.43870e-06
 Reference value :  1.43988e-06
 Reference value :  1.44107e-06
 Reference value :  1.44228e-06
 Reference value :  1.44350e-06
 Reference value :  1.44476e-06
 Reference value :  1.44598e-06
 Reference value :  1.44720e-06
 Reference value :  1.44839e-06
 Reference value :  1.44964e-06
 Reference value :  1.45081e-06
 Reference value :  1.45199e-06
 Reference value :  1.45329e-06
 Reference value :  1.45451e-06
 Reference value :  1.45567e-06
 Reference value :  1.45688e-06
 Reference value :  1.45841e-06
 Reference value :  1.45960e-06
 Reference value :  1.46082e-06
 Reference value :  1.46199e-06
 Reference value :  1.46315e-06
 Reference value :  1.46439e-06
 Reference value :  1.46560e-06
 Reference value :  1.46685e-06
 Reference value :  1.46804e-06
 Reference value :  1.46930e-06
 Reference value :  1.47054e-06
 Reference value :  1.47176e-06
 Reference value :  1.47301e-06
 Reference value :  1.47424e-06
 Reference value :  1.47540e-06
 Reference value :  1.47664e-06
 Reference value :  1.47782e-06
 Reference value :  1.47904e-06
 Reference value :  1.48023e-06
 Reference value :  1.48139e-06
 Reference value :  1.48254e-06
 Reference value :  1.48372e-06
 Reference value :  1.48492e-06
 Reference value :  1.48610e-06
 Reference value :  1.48728e-06
 Reference value :  1.48847e-06
 Reference value :  1.48962e-06
 Reference value :  1.49087e-06
 Reference value :  1.49202e-06
 Reference value :  1.49320e-06
 Reference value :  1.49436e-06
 Reference value :  1.49552e-06
 Reference value :  1.49670e-06
 Reference value :  1.49790e-06
 Reference value :  1.49906e-06
 Reference value :  1.50026e-06
 Reference value :  1.50140e-06
 Reference value :  1.50261e-06
 Reference value :  1.50383e-06
 Reference value :  1.50497e-06
 Reference value :  1.50617e-06
 Reference value :  1.50735e-06
 Reference value :  1.50848e-06
 Reference value :  1.50965e-06
 Reference value :  1.51087e-06
 Reference value :  1.51281e-06
 Reference value :  1.51426e-06
 Reference value :  1.51548e-06
 Reference value :  1.51672e-06
 Reference value :  1.51792e-06
 Reference value :  1.51913e-06
 Reference value :  1.52031e-06
 Reference value :  1.52151e-06
 Reference value :  1.52270e-06
 Reference value :  1.52392e-06
 Reference value :  1.52509e-06
 Reference value :  1.52626e-06
 Reference value :  1.52747e-06
 Reference value :  1.52868e-06
 Reference value :  1.52995e-06
 Reference value :  1.53115e-06
 Reference value :  1.53236e-06
 Reference value :  1.53355e-06
 Reference value :  1.53477e-06
 Reference value :  1.53597e-06
 Reference value :  1.53720e-06
 Reference value :  1.53841e-06
 Reference value :  1.53962e-06
 Reference value :  1.54084e-06
 Reference value :  1.54202e-06
 Reference value :  1.54323e-06
 Reference value :  1.54443e-06
 Reference value :  1.54565e-06
 Reference value :  1.54683e-06
 Reference value :  1.54805e-06
 Reference value :  1.54923e-06
 Reference value :  1.55046e-06
 Reference value :  1.55172e-06
 Reference value :  1.55292e-06
 Reference value :  1.55415e-06
 Reference value :  1.55534e-06
 Reference value :  1.55654e-06
 Reference value :  1.55776e-06
 Reference value :  1.55905e-06
 Reference value :  1.56028e-06
 Reference value :  1.56148e-06
 Reference value :  1.56265e-06
 Reference value :  1.56432e-06
 Reference value :  1.56553e-06
 Reference value :  1.56675e-06
 Reference value :  1.56792e-06
 Reference value :  1.56915e-06
 Reference value :  1.57033e-06
 Reference value :  1.57156e-06
 Reference value :  1.57272e-06
 Reference value :  1.57394e-06
 Reference value :  1.57516e-06
 Reference value :  1.57635e-06
 Reference value :  1.57756e-06
 Reference value :  1.57877e-06
 Reference value :  1.58034e-06
 Reference value :  1.58193e-06
 Reference value :  1.58312e-06
 Reference value :  1.58431e-06
 Reference value :  1.58551e-06
 Reference value :  1.58669e-06
 Reference value :  1.58788e-06
 Reference value :  1.58905e-06
 Reference value :  1.59023e-06
 Reference value :  1.59144e-06
 Reference value :  1.59262e-06
 Reference value :  1.59386e-06
 Reference value :  1.59508e-06
 Reference value :  1.59631e-06
 Reference value :  1.59750e-06
 Reference value :  1.59873e-06
 Reference value :  1.59998e-06
 Reference value :  1.60118e-06
 Reference value :  1.60238e-06
 Reference value :  1.60358e-06
 Reference value :  1.60483e-06
 Reference value :  1.60602e-06
 Reference value :  1.60734e-06
 Reference value :  1.60852e-06
 Reference value :  1.60981e-06
 Reference value :  1.61101e-06
 Reference value :  1.61223e-06
 Reference value :  1.61348e-06
 Reference value :  1.61468e-06
 Reference value :  1.61587e-06
 Reference value :  1.61708e-06
 Reference value :  1.61835e-06
 Reference value :  1.61959e-06
 Reference value :  1.62085e-06
 Reference value :  1.62218e-06
 Reference value :  1.62342e-06
 Reference value :  1.62460e-06
 Reference value :  1.62581e-06
 Reference value :  1.62707e-06
 Reference value :  1.62835e-06
 Reference value :  1.62960e-06
 Reference value :  1.63081e-06
 Reference value :  1.63202e-06
 Reference value :  1.63335e-06
 Reference value :  1.63468e-06
 Reference value :  1.63596e-06
 Reference value :  1.63728e-06
 Reference value :  1.63855e-06
 Reference value :  1.63978e-06
 Reference value :  1.64101e-06
 Reference value :  1.64220e-06
 Reference value :  1.64341e-06
 Reference value :  1.64458e-06
 Reference value :  1.64584e-06
 Reference value :  1.64706e-06
 Reference value :  1.64824e-06
 Reference value :  1.64942e-06
 Reference value :  1.65065e-06
 Reference value :  1.65183e-06
 Reference value :  1.65307e-06
 Reference value :  1.65429e-06
 Reference value :  1.65547e-06
 Reference value :  1.65667e-06
 Reference value :  1.65788e-06
 Reference value :  1.65907e-06
 Reference value :  1.66040e-06
 Reference value :  1.66159e-06
 Reference value :  1.66279e-06
 Reference value :  1.66443e-06
 Reference value :  1.66563e-06
 Reference value :  1.66682e-06
 Reference value :  1.66804e-06
 Reference value :  1.66923e-06
 Reference value :  1.67041e-06
 Reference value :  1.67159e-06
 Reference value :  1.67279e-06
 Reference value :  1.67398e-06
 Reference value :  1.67517e-06
 Reference value :  1.67640e-06
 Reference value :  1.67760e-06
 Reference value :  1.67878e-06
 Reference value :  1.67997e-06
 Reference value :  1.68115e-06
 Reference value :  1.68234e-06
 Reference value :  1.68354e-06
 Reference value :  1.68474e-06
 Reference value :  1.68595e-06
 Reference value :  1.68720e-06
 Reference value :  1.68841e-06
 Reference value :  1.68959e-06
 Reference value :  1.69080e-06
 Reference value :  1.69199e-06
 Reference value :  1.69317e-06
 Reference value :  1.69438e-06
 Reference value :  1.69562e-06
 Reference value :  1.69682e-06
 Reference value :  1.69801e-06
 Reference value :  1.69924e-06
 Reference value :  1.70050e-06
 Reference value :  1.70169e-06
 Reference value :  1.70287e-06
 Reference value :  1.70412e-06
 Reference value :  1.70532e-06
 Reference value :  1.70653e-06
 Reference value :  1.70776e-06
 Reference value :  1.70897e-06
 Reference value :  1.71022e-06
 Reference value :  1.71150e-06
 Reference value :  1.71272e-06
 Reference value :  1.71397e-06
 Reference value :  1.71522e-06
 Reference value :  1.71645e-06
 Reference value :  1.71762e-06
 Reference value :  1.71880e-06
 Reference value :  1.71998e-06
 Reference value :  1.72119e-06
 Reference value :  1.72240e-06
 Reference value :  1.72361e-06
 Reference value :  1.72485e-06
 Reference value :  1.72606e-06
 Reference value :  1.72727e-06
 Reference value :  1.72846e-06
 Reference value :  1.72967e-06
 Reference value :  1.73086e-06
 Reference value :  1.73210e-06
 Reference value :  1.73329e-06
 Reference value :  1.73449e-06
 Reference value :  1.73571e-06
 Reference value :  1.73693e-06
 Reference value :  1.73811e-06
 Reference value :  1.73930e-06
 Reference value :  1.74058e-06
 Reference value :  1.74178e-06
 Reference value :  1.74299e-06
 Reference value :  1.74423e-06
 Reference value :  1.74540e-06
 Reference value :  1.74667e-06
 Reference value :  1.74790e-06
 Reference value :  1.74909e-06
 Reference value :  1.75029e-06
 Reference value :  1.75153e-06
 Reference value :  1.75272e-06
 Reference value :  1.75392e-06
 Reference value :  1.75510e-06
 Reference value :  1.75626e-06
 Reference value :  1.75748e-06
 Reference value :  1.75867e-06
 Reference value :  1.75984e-06
 Reference value :  1.76106e-06
 Reference value :  1.76228e-06
 Reference value :  1.76349e-06
 Reference value :  1.76469e-06
 Reference value :  1.76589e-06
 Reference value :  1.76710e-06
 Reference value :  1.76831e-06
 Reference value :  1.76953e-06
 Reference value :  1.77073e-06
 Reference value :  1.77193e-06
 Reference value :  1.77311e-06
 Reference value :  1.77429e-06
 Reference value :  1.77548e-06
 Reference value :  1.77670e-06
 Reference value :  1.77793e-06
 Reference value :  1.77914e-06
 Reference value :  1.78035e-06
 Reference value :  1.78156e-06
 Reference value :  1.78278e-06
 Reference value :  1.78400e-06
 Reference value :  1.78522e-06
 Reference value :  1.78640e-06
 Reference value :  1.78758e-06
 Reference value :  1.78876e-06
 Reference value :  1.78995e-06
 Reference value :  1.79112e-06
 Reference value :  1.79274e-06
 Reference value :  1.79394e-06
 Reference value :  1.79515e-06
 Reference value :  1.79633e-06
 Reference value :  1.79756e-06
 Reference value :  1.79877e-06
 Reference value :  1.79997e-06
 Reference value :  1.80118e-06
 Reference value :  1.80240e-06
 Reference value :  1.80361e-06
 Reference value :  1.80484e-06
 Reference value :  1.80605e-06
 Reference value :  1.80728e-06
 Reference value :  1.80851e-06
 Reference value :  1.80972e-06
 Reference value :  1.81094e-06
 Reference value :  1.81217e-06
 Reference value :  1.81337e-06
 Reference value :  1.81457e-06
 Reference value :  1.81579e-06
 Reference value :  1.81703e-06
 Reference value :  1.81827e-06
 Reference value :  1.81952e-06
 Reference value :  1.82077e-06
 Reference value :  1.82221e-06
 Reference value :  1.82358e-06
 Reference value :  1.82483e-06
 Reference value :  1.82604e-06
 Reference value :  1.82726e-06
 Reference value :  1.82861e-06
 Reference value :  1.82997e-06
 Reference value :  1.83118e-06
 Reference value :  1.83253e-06
 Reference value :  1.83373e-06
 Reference value :  1.83494e-06
 Reference value :  1.83617e-06
 Reference value :  1.83736e-06
 Reference value :  1.83857e-06
 Reference value :  1.83978e-06
 Reference value :  1.84099e-06
 Reference value :  1.84220e-06
 Reference value :  1.84341e-06
 Reference value :  1.84471e-06
 Reference value :  1.84597e-06
 Reference value :  1.84718e-06
 Reference value :  1.84840e-06
 Reference value :  1.84966e-06
 Reference value :  1.85086e-06
 Reference value :  1.85217e-06
 Reference value :  1.85351e-06
 Reference value :  1.85471e-06
 Reference value :  1.85593e-06
 Reference value :  1.85716e-06
 Reference value :  1.85838e-06
 Reference value :  1.85956e-06
 Reference value :  1.86076e-06
 Reference value :  1.86198e-06
 Reference value :  1.86324e-06
 Reference value :  1.86447e-06
 Reference value :  1.86570e-06
 Reference value :  1.86695e-06
 Reference value :  1.86815e-06
 Reference value :  1.86939e-06
 Reference value :  1.87073e-06
 Reference value :  1.87194e-06
 Reference value :  1.87316e-06
 Reference value :  1.87434e-06
 Reference value :  1.87557e-06
 Reference value :  1.87682e-06
 Reference value :  1.87817e-06
 Reference value :  1.87943e-06
 Reference value :  1.88068e-06
 Reference value :  1.88190e-06
 Reference value :  1.88312e-06
 Reference value :  1.88433e-06
 Reference value :  1.88554e-06
 Reference value :  1.88673e-06
 Reference value :  1.88807e-06
 Reference value :  1.88932e-06
 Reference value :  1.89057e-06
 Reference value :  1.89176e-06
 Reference value :  1.89296e-06
 Reference value :  1.89420e-06
 Reference value :  1.89544e-06
 Reference value :  1.89679e-06
 Reference value :  1.89813e-06
 Reference value :  1.89937e-06
 Reference value :  1.90068e-06
 Reference value :  1.90234e-06
 Reference value :  1.90364e-06
 Reference value :  1.90488e-06
 Reference value :  1.90611e-06
 Reference value :  1.90734e-06
 Reference value :  1.90854e-06
 Reference value :  1.90975e-06
 Reference value :  1.91095e-06
 Reference value :  1.91213e-06
 Reference value :  1.91334e-06
 Reference value :  1.91454e-06
 Reference value :  1.91578e-06
 Reference value :  1.91699e-06
 Reference value :  1.91821e-06
 Reference value :  1.91943e-06
 Reference value :  1.92063e-06
 Reference value :  1.92185e-06
 Reference value :  1.92308e-06
 Reference value :  1.92431e-06
 Reference value :  1.92552e-06
 Reference value :  1.92676e-06
 Reference value :  1.92798e-06
 Reference value :  1.92918e-06
 Reference value :  1.93042e-06
 Reference value :  1.93160e-06
 Reference value :  1.93281e-06
 Reference value :  1.93401e-06
 Reference value :  1.93521e-06
 Reference value :  1.93644e-06
 Reference value :  1.93766e-06
 Reference value :  1.93887e-06
 Reference value :  1.94008e-06
 Reference value :  1.94132e-06
 Reference value :  1.94255e-06
 Reference value :  1.94379e-06
 Reference value :  1.94499e-06
 Reference value :  1.94619e-06
 Reference value :  1.94739e-06
 Reference value :  1.94859e-06
 Reference value :  1.94980e-06
 Reference value :  1.95100e-06
 Reference value :  1.95223e-06
 Reference value :  1.95342e-06
 Reference value :  1.95461e-06
 Reference value :  1.95582e-06
 Reference value :  1.95701e-06
 Reference value :  1.95824e-06
 Reference value :  1.95942e-06
 Reference value :  1.96062e-06
 Reference value :  1.96183e-06
 Reference value :  1.96302e-06
 Reference value :  1.96421e-06
 Reference value :  1.96542e-06
 Reference value :  1.96664e-06
 Reference value :  1.96782e-06
 Reference value :  1.96903e-06
 Reference value :  1.97028e-06
 Reference value :  1.97147e-06
 Reference value :  1.97265e-06
 Reference value :  1.97390e-06
 Reference value :  1.97512e-06
 Reference value :  1.97632e-06
 Reference value :  1.97755e-06
 Reference value :  1.97876e-06
 Reference value :  1.97998e-06
 Reference value :  1.98119e-06
 Reference value :  1.98237e-06
 Reference value :  1.98359e-06
 Reference value :  1.98482e-06
 Reference value :  1.98599e-06
 Reference value :  1.98721e-06
 Reference value :  1.98840e-06
 Reference value :  1.98962e-06
 Reference value :  1.99088e-06
 Reference value :  1.99209e-06
 Reference value :  1.99329e-06
 Reference value :  1.99449e-06
 Reference value :  1.99571e-06
 Reference value :  1.99688e-06
 Reference value :  1.99844e-06
 Reference value :  2.00032e-06
 Reference value :  2.00172e-06
 Reference value :  2.00321e-06
 Reference value :  2.00443e-06
 Reference value :  2.00589e-06
 Reference value :  2.00778e-06
 Reference value :  2.00924e-06
 Reference value :  2.01044e-06
 Reference value :  2.01185e-06
 Reference value :  2.01308e-06
 Reference value :  2.01428e-06
 Reference value :  2.01552e-06
 Reference value :  2.01674e-06
 Reference value :  2.01794e-06
 Reference value :  2.01912e-06
 Reference value :  2.02033e-06
 Reference value :  2.02155e-06
 Reference value :  2.02298e-06
 Reference value :  2.02431e-06
 Reference value :  2.02550e-06
 Reference value :  2.02668e-06
 Reference value :  2.02785e-06
 Reference value :  2.02903e-06
 Reference value :  2.03016e-06
 Reference value :  2.03131e-06
 Reference value :  2.03246e-06
 Reference value :  2.03377e-06
 Reference value :  2.03494e-06
 Reference value :  2.03612e-06
 Reference value :  2.03730e-06
 Reference value :  2.03843e-06
 Reference value :  2.03960e-06
 Reference value :  2.04080e-06
 Reference value :  2.04196e-06
 Reference value :  2.04317e-06
 Reference value :  2.04432e-06
 Reference value :  2.04553e-06
 Reference value :  2.04672e-06
 Reference value :  2.04792e-06
 Reference value :  2.04911e-06
 Reference value :  2.05027e-06
 Reference value :  2.05149e-06
 Reference value :  2.05266e-06
 Reference value :  2.05383e-06
 Reference value :  2.05502e-06
 Reference value :  2.05618e-06
 Reference value :  2.05738e-06
 Reference value :  2.05860e-06
 Reference value :  2.05982e-06
 Reference value :  2.06100e-06
 Reference value :  2.06219e-06
 Reference value :  2.06340e-06
 Reference value :  2.06461e-06
 Reference value :  2.06580e-06
 Reference value :  2.06702e-06
 Reference value :  2.06825e-06
 Reference value :  2.06946e-06
 Reference value :  2.07069e-06
 Reference value :  2.07193e-06
 Reference value :  2.07314e-06
 Reference value :  2.07439e-06
 Reference value :  2.07565e-06
 Reference value :  2.07680e-06
 Reference value :  2.07802e-06
 Reference value :  2.07925e-06
 Reference value :  2.08047e-06
 Reference value :  2.08162e-06
 Reference value :  2.08280e-06
 Reference value :  2.08398e-06
 Reference value :  2.08519e-06
 Reference value :  2.08644e-06
 Reference value :  2.08767e-06
 Reference value :  2.08888e-06
 Reference value :  2.09012e-06
 Reference value :  2.09129e-06
 Reference value :  2.09245e-06
 Reference value :  2.09359e-06
 Reference value :  2.09478e-06
 Reference value :  2.09595e-06
 Reference value :  2.09714e-06
 Reference value :  2.09834e-06
 Reference value :  2.09955e-06
 Reference value :  2.10081e-06
 Reference value :  2.10203e-06
 Reference value :  2.10319e-06
 Reference value :  2.10440e-06
 Reference value :  2.10561e-06
 Reference value :  2.10683e-06
 Reference value :  2.10805e-06
 Reference value :  2.10928e-06
 Reference value :  2.11050e-06
 Reference value :  2.11175e-06
 Reference value :  2.11293e-06
 Reference value :  2.11418e-06
 Reference value :  2.11535e-06
 Reference value :  2.11656e-06
 Reference value :  2.11781e-06
 Reference value :  2.11901e-06
 Reference value :  2.12024e-06
 Reference value :  2.12145e-06
 Reference value :  2.12268e-06
 Reference value :  2.12388e-06
 Reference value :  2.12507e-06
 Reference value :  2.12631e-06
 Reference value :  2.12748e-06
 Reference value :  2.12867e-06
 Reference value :  2.12985e-06
 Reference value :  2.13105e-06
 Reference value :  2.13226e-06
 Reference value :  2.13344e-06
 Reference value :  2.13467e-06
 Reference value :  2.13591e-06
 Reference value :  2.13711e-06
 Reference value :  2.13830e-06
 Reference value :  2.13954e-06
 Reference value :  2.14073e-06
 Reference value :  2.14196e-06
 Reference value :  2.14317e-06
 Reference value :  2.14440e-06
 Reference value :  2.14564e-06
 Reference value :  2.14684e-06
 Reference value :  2.14803e-06
 Reference value :  2.14922e-06
 Reference value :  2.15046e-06
 Reference value :  2.15173e-06
 Reference value :  2.15293e-06
 Reference value :  2.15414e-06
 Reference value :  2.15539e-06
 Reference value :  2.15666e-06
 Reference value :  2.15793e-06
 Reference value :  2.15913e-06
 Reference value :  2.16038e-06
 Reference value :  2.16171e-06
 Reference value :  2.16292e-06
 Reference value :  2.16413e-06
 Reference value :  2.16536e-06
 Reference value :  2.16658e-06
 Reference value :  2.16781e-06
 Reference value :  2.16910e-06
 Reference value :  2.17032e-06
 Reference value :  2.17155e-06
 Reference value :  2.17278e-06
 Reference value :  2.17401e-06
 Reference value :  2.17520e-06
 Reference value :  2.17645e-06
 Reference value :  2.17765e-06
 Reference value :  2.17885e-06
 Reference value :  2.18011e-06
 Reference value :  2.18136e-06
 Reference value :  2.18255e-06
 Reference value :  2.18374e-06
 Reference value :  2.18499e-06
 Reference value :  2.18623e-06
 Reference value :  2.18742e-06
 Reference value :  2.18865e-06
 Reference value :  2.18988e-06
 Reference value :  2.19107e-06
 Reference value :  2.19229e-06
 Reference value :  2.19350e-06
 Reference value :  2.19474e-06
 Reference value :  2.19590e-06
 Reference value :  2.19709e-06
 Reference value :  2.19831e-06
 Reference value :  2.19952e-06
 Reference value :  2.20075e-06
 Reference value :  2.20198e-06
 Reference value :  2.20318e-06
 Reference value :  2.20438e-06
 Reference value :  2.20565e-06
 Reference value :  2.20715e-06
 Reference value :  2.20836e-06
 Reference value :  2.20959e-06
 Reference value :  2.21078e-06
 Reference value :  2.21204e-06
 Reference value :  2.21331e-06
 Reference value :  2.21460e-06
 Reference value :  2.21583e-06
 Reference value :  2.21703e-06
 Reference value :  2.21823e-06
 Reference value :  2.21946e-06
 Reference value :  2.22066e-06
 Reference value :  2.22190e-06
 Reference value :  2.22310e-06
 Reference value :  2.22435e-06
 Reference value :  2.22600e-06
 Reference value :  2.22729e-06
 Reference value :  2.22855e-06
 Reference value :  2.22984e-06
 Reference value :  2.23118e-06
 Reference value :  2.23247e-06
 Reference value :  2.23369e-06
 Reference value :  2.23492e-06
 Reference value :  2.23616e-06
 Reference value :  2.23742e-06
 Reference value :  2.23875e-06
 Reference value :  2.23996e-06
 Reference value :  2.24117e-06
 Reference value :  2.24240e-06
 Reference value :  2.24372e-06
 Reference value :  2.24505e-06
 Reference value :  2.24633e-06
 Reference value :  2.24766e-06
 Reference value :  2.24911e-06
 Reference value :  2.25045e-06
 Reference value :  2.25172e-06
 Reference value :  2.25290e-06
 Reference value :  2.25413e-06
 Reference value :  2.25532e-06
 Reference value :  2.25655e-06
 Reference value :  2.25776e-06
 Reference value :  2.25900e-06
 Reference value :  2.26021e-06
 Reference value :  2.26141e-06
 Reference value :  2.26266e-06
 Reference value :  2.26392e-06
 Reference value :  2.26517e-06
 Reference value :  2.26641e-06
 Reference value :  2.26764e-06
 Reference value :  2.26894e-06
 Reference value :  2.27022e-06
 Reference value :  2.27150e-06
 Reference value :  2.27273e-06
 Reference value :  2.27396e-06
 Reference value :  2.27520e-06
 Reference value :  2.27642e-06
 Reference value :  2.27763e-06
 Reference value :  2.27890e-06
 Reference value :  2.28012e-06
 Reference value :  2.28133e-06
 Reference value :  2.28257e-06
 Reference value :  2.28382e-06
 Reference value :  2.28503e-06
 Reference value :  2.28627e-06
 Reference value :  2.28752e-06
 Reference value :  2.28877e-06
 Reference value :  2.28999e-06
 Reference value :  2.29124e-06
 Reference value :  2.29247e-06
 Reference value :  2.29377e-06
 Reference value :  2.29504e-06
 Reference value :  2.29627e-06
 Reference value :  2.29747e-06
 Reference value :  2.29869e-06
 Reference value :  2.29992e-06
 Reference value :  2.30111e-06
 Reference value :  2.30232e-06
 Reference value :  2.30353e-06
 Reference value :  2.30476e-06
 Reference value :  2.30600e-06
 Reference value :  2.30724e-06
 Reference value :  2.30844e-06
 Reference value :  2.30962e-06
 Reference value :  2.31087e-06
 Reference value :  2.31209e-06
 Reference value :  2.31333e-06
 Reference value :  2.31455e-06
 Reference value :  2.31581e-06
 Reference value :  2.31702e-06
 Reference value :  2.31824e-06
 Reference value :  2.31944e-06
 Reference value :  2.32065e-06
 Reference value :  2.32186e-06
 Reference value :  2.32310e-06
 Reference value :  2.32437e-06
 Reference value :  2.32558e-06
 Reference value :  2.32678e-06
 Reference value :  2.32800e-06
 Reference value :  2.32920e-06
 Reference value :  2.33043e-06
 Reference value :  2.33164e-06
 Reference value :  2.33284e-06
 Reference value :  2.33408e-06
 Reference value :  2.33531e-06
 Reference value :  2.33650e-06
 Reference value :  2.33774e-06
 Reference value :  2.33893e-06
 Reference value :  2.34012e-06
 Reference value :  2.34137e-06
 Reference value :  2.34256e-06
 Reference value :  2.34380e-06
 Reference value :  2.34500e-06
 Reference value :  2.34618e-06
 Reference value :  2.34737e-06
 Reference value :  2.34859e-06
 Reference value :  2.34981e-06
 Reference value :  2.35104e-06
 Reference value :  2.35227e-06
 Reference value :  2.35351e-06
 Reference value :  2.35473e-06
 Reference value :  2.35592e-06
 Reference value :  2.35713e-06
 Reference value :  2.35836e-06
 Reference value :  2.35958e-06
 Reference value :  2.36137e-06
 Reference value :  2.36258e-06
 Reference value :  2.36378e-06
 Reference value :  2.36502e-06
 Reference value :  2.36620e-06
 Reference value :  2.36742e-06
 Reference value :  2.36868e-06
 Reference value :  2.36991e-06
 Reference value :  2.37113e-06
 Reference value :  2.37234e-06
 Reference value :  2.37356e-06
 Reference value :  2.37475e-06
 Reference value :  2.37596e-06
 Reference value :  2.37717e-06
 Reference value :  2.37844e-06
 Reference value :  2.37965e-06
 Reference value :  2.38088e-06
 Reference value :  2.38209e-06
 Reference value :  2.38328e-06
 Reference value :  2.38451e-06
 Reference value :  2.38573e-06
 Reference value :  2.38694e-06
 Reference value :  2.38814e-06
 Reference value :  2.38932e-06
 Reference value :  2.39052e-06
 Reference value :  2.39174e-06
 Reference value :  2.39295e-06
 Reference value :  2.39415e-06
 Reference value :  2.39542e-06
 Reference value :  2.39667e-06
 Reference value :  2.39788e-06
 Reference value :  2.39908e-06
No. of Data Rows : 3120009
tk                  =  2.51646e-09
tk                  =  4.02328e-09
tk                  =  5.52995e-09
tk                  =  7.03687e-09
tk                  =  8.54345e-09
tk                  =  1.00504e-08
tk                  =  1.15569e-08
tk                  =  1.30640e-08
tk                  =  1.45702e-08
tk                  =  1.60770e-08
tk                  =  1.75836e-08
tk                  =  1.90906e-08
tk                  =  2.05968e-08
tk                  =  2.21042e-08
tk                  =  2.36106e-08
tk                  =  2.51162e-08
tk                  =  2.66231e-08
tk                  =  2.81294e-08
tk                  =  2.96355e-08
tk                  =  3.11427e-08
tk                  =  3.26494e-08
tk                  =  3.41561e-08
tk                  =  3.56631e-08
tk                  =  3.71696e-08
tk                  =  3.86767e-08
tk                  =  4.01836e-08
tk                  =  4.16897e-08
tk                  =  4.31967e-08
tk                  =  4.47038e-08
tk                  =  4.62105e-08
tk                  =  4.77169e-08
tk                  =  4.92240e-08
tk                  =  5.07306e-08
tk                  =  5.22372e-08
tk                  =  5.37443e-08
tk                  =  5.52515e-08
tk                  =  5.67582e-08
tk                  =  5.82655e-08
tk                  =  5.97724e-08
tk                  =  6.12794e-08
tk                  =  6.27864e-08
tk                  =  6.42928e-08
tk                  =  6.57990e-08
tk                  =  6.73062e-08
tk                  =  6.88133e-08
tk                  =  7.03198e-08
tk                  =  7.18271e-08
tk                  =  7.33345e-08
tk                  =  7.48418e-08
tk                  =  7.63487e-08
tk                  =  7.78556e-08
tk                  =  7.93624e-08
tk                  =  8.08691e-08
tk                  =  8.23756e-08
tk                  =  8.38827e-08
tk                  =  8.53893e-08
tk                  =  8.68965e-08
tk                  =  8.84031e-08
tk                  =  8.99099e-08
tk                  =  9.14165e-08
tk                  =  9.29234e-08
tk                  =  9.44303e-08
tk                  =  9.59363e-08
tk                  =  9.74439e-08
tk                  =  9.89505e-08
tk                  =  1.00457e-07
tk                  =  1.01964e-07
tk                  =  1.03471e-07
tk                  =  1.04977e-07
tk                  =  1.06483e-07
tk                  =  1.07989e-07
tk                  =  1.09496e-07
tk                  =  1.11003e-07
tk                  =  1.12510e-07
tk                  =  1.14016e-07
tk                  =  1.15523e-07
tk                  =  1.17030e-07
tk                  =  1.18537e-07
tk                  =  1.20044e-07
tk                  =  1.21550e-07
tk                  =  1.23057e-07
tk                  =  1.24563e-07
tk                  =  1.26071e-07
tk                  =  1.27577e-07
tk                  =  1.29084e-07
tk                  =  1.30591e-07
tk                  =  1.32098e-07
tk                  =  1.33604e-07
tk                  =  1.35110e-07
tk                  =  1.36617e-07
tk                  =  1.38124e-07
tk                  =  1.39630e-07
tk                  =  1.41137e-07
tk                  =  1.42644e-07
tk                  =  1.44150e-07
tk                  =  1.45657e-07
tk                  =  1.47164e-07
tk                  =  1.48671e-07
tk                  =  1.50177e-07
tk                  =  1.51684e-07
tk                  =  1.53191e-07
tk                  =  1.54698e-07
tk                  =  1.56205e-07
tk                  =  1.57711e-07
tk                  =  1.59218e-07
tk                  =  1.60725e-07
tk                  =  1.62232e-07
tk                  =  1.63739e-07
tk                  =  1.65245e-07
tk                  =  1.66752e-07
tk                  =  1.68259e-07
tk                  =  1.69766e-07
tk                  =  1.71272e-07
tk                  =  1.72779e-07
tk                  =  1.74286e-07
tk                  =  1.75792e-07
tk                  =  1.77298e-07
tk                  =  1.78805e-07
tk                  =  1.80311e-07
tk                  =  1.81818e-07
tk                  =  1.83325e-07
tk                  =  1.84831e-07
tk                  =  1.86338e-07
tk                  =  1.87845e-07
tk                  =  1.89352e-07
tk                  =  1.90859e-07
tk                  =  1.92366e-07
tk                  =  1.93872e-07
tk                  =  1.95379e-07
tk                  =  1.96885e-07
tk                  =  1.98392e-07
tk                  =  1.99900e-07
tk                  =  2.01406e-07
tk                  =  2.02914e-07
tk                  =  2.04420e-07
tk                  =  2.05926e-07
tk                  =  2.07432e-07
tk                  =  2.08939e-07
tk                  =  2.10446e-07
tk                  =  2.11952e-07
tk                  =  2.13459e-07
tk                  =  2.14966e-07
tk                  =  2.16473e-07
tk                  =  2.17979e-07
tk                  =  2.19486e-07
tk                  =  2.20993e-07
tk                  =  2.22499e-07
tk                  =  2.24006e-07
tk                  =  2.25513e-07
tk                  =  2.27019e-07
tk                  =  2.28526e-07
tk                  =  2.30033e-07
tk                  =  2.31539e-07
tk                  =  2.33046e-07
tk                  =  2.34553e-07
tk                  =  2.36059e-07
tk                  =  2.37566e-07
tk                  =  2.39072e-07
tk                  =  2.40579e-07
tk                  =  2.42086e-07
tk                  =  2.43592e-07
tk                  =  2.45098e-07
tk                  =  2.46605e-07
tk                  =  2.48112e-07
tk                  =  2.49618e-07
tk                  =  2.51125e-07
tk                  =  2.52631e-07
tk                  =  2.54138e-07
tk                  =  2.55644e-07
tk                  =  2.57151e-07
tk                  =  2.58658e-07
tk                  =  2.60165e-07
tk                  =  2.61672e-07
tk                  =  2.63179e-07
tk                  =  2.64686e-07
tk                  =  2.66192e-07
tk                  =  2.67699e-07
tk                  =  2.69206e-07
tk                  =  2.70714e-07
tk                  =  2.72220e-07
tk                  =  2.73727e-07
tk                  =  2.75234e-07
tk                  =  2.76741e-07
tk                  =  2.78247e-07
tk                  =  2.79755e-07
tk                  =  2.81261e-07
tk                  =  2.82768e-07
tk                  =  2.84275e-07
tk                  =  2.85781e-07
tk                  =  2.87288e-07
tk                  =  2.88795e-07
tk                  =  2.90302e-07
tk                  =  2.91809e-07
tk                  =  2.93316e-07
tk                  =  2.94823e-07
tk                  =  2.96329e-07
tk                  =  2.97835e-07
tk                  =  2.99342e-07
tk                  =  3.00849e-07
tk                  =  3.02355e-07
tk                  =  3.03862e-07
tk                  =  3.05368e-07
tk                  =  3.06875e-07
tk                  =  3.08381e-07
tk                  =  3.09887e-07
tk                  =  3.11394e-07
tk                  =  3.12901e-07
tk                  =  3.14408e-07
tk                  =  3.15915e-07
tk                  =  3.17421e-07
tk                  =  3.18927e-07
tk                  =  3.20435e-07
tk                  =  3.21941e-07
tk                  =  3.23448e-07
tk                  =  3.24954e-07
tk                  =  3.26461e-07
tk                  =  3.27968e-07
tk                  =  3.29475e-07
tk                  =  3.30982e-07
tk                  =  3.32489e-07
tk                  =  3.33995e-07
tk                  =  3.35502e-07
tk                  =  3.37008e-07
tk                  =  3.38516e-07
tk                  =  3.40022e-07
tk                  =  3.41529e-07
tk                  =  3.43036e-07
tk                  =  3.44543e-07
tk                  =  3.46050e-07
tk                  =  3.47557e-07
tk                  =  3.49064e-07
tk                  =  3.50570e-07
tk                  =  3.52077e-07
tk                  =  3.53584e-07
tk                  =  3.55091e-07
tk                  =  3.56598e-07
tk                  =  3.58104e-07
tk                  =  3.59611e-07
tk                  =  3.61118e-07
tk                  =  3.62625e-07
tk                  =  3.64131e-07
tk                  =  3.65638e-07
tk                  =  3.67145e-07
tk                  =  3.68652e-07
tk                  =  3.70159e-07
tk                  =  3.71665e-07
tk                  =  3.73171e-07
tk                  =  3.74678e-07
tk                  =  3.76185e-07
tk                  =  3.77691e-07
tk                  =  3.79199e-07
tk                  =  3.80705e-07
tk                  =  3.82212e-07
tk                  =  3.83719e-07
tk                  =  3.85226e-07
tk                  =  3.86733e-07
tk                  =  3.88241e-07
tk                  =  3.89747e-07
tk                  =  3.91254e-07
tk                  =  3.92761e-07
tk                  =  3.94268e-07
tk                  =  3.95775e-07
tk                  =  3.97281e-07
tk                  =  3.98788e-07
tk                  =  4.00294e-07
tk                  =  4.01801e-07
tk                  =  4.03308e-07
tk                  =  4.04814e-07
tk                  =  4.06320e-07
tk                  =  4.07828e-07
tk                  =  4.09334e-07
tk                  =  4.10841e-07
tk                  =  4.12347e-07
tk                  =  4.13854e-07
tk                  =  4.15361e-07
tk                  =  4.16868e-07
tk                  =  4.18374e-07
tk                  =  4.19881e-07
tk                  =  4.21388e-07
tk                  =  4.22895e-07
tk                  =  4.24402e-07
tk                  =  4.25909e-07
tk                  =  4.27416e-07
tk                  =  4.28922e-07
tk                  =  4.30429e-07
tk                  =  4.31936e-07
tk                  =  4.33443e-07
tk                  =  4.34949e-07
tk                  =  4.36456e-07
tk                  =  4.37963e-07
tk                  =  4.39470e-07
tk                  =  4.40977e-07
tk                  =  4.42484e-07
tk                  =  4.43990e-07
tk                  =  4.45498e-07
tk                  =  4.47005e-07
tk                  =  4.48512e-07
tk                  =  4.50018e-07
tk                  =  4.51525e-07
tk                  =  4.53031e-07
tk                  =  4.54538e-07
tk                  =  4.56044e-07
tk                  =  4.57551e-07
tk                  =  4.59058e-07
tk                  =  4.60564e-07
tk                  =  4.62071e-07
tk                  =  4.63579e-07
tk                  =  4.65085e-07
tk                  =  4.66592e-07
tk                  =  4.68098e-07
tk                  =  4.69605e-07
tk                  =  4.71112e-07
tk                  =  4.72618e-07
tk                  =  4.74125e-07
tk                  =  4.75631e-07
tk                  =  4.77138e-07
tk                  =  4.78644e-07
tk                  =  4.80151e-07
tk                  =  4.81658e-07
tk                  =  4.83165e-07
tk                  =  4.84672e-07
tk                  =  4.86179e-07
tk                  =  4.87686e-07
tk                  =  4.89192e-07
tk                  =  4.90699e-07
tk                  =  4.92206e-07
tk                  =  4.93712e-07
tk                  =  4.95218e-07
tk                  =  4.96725e-07
tk                  =  4.98232e-07
tk                  =  4.99738e-07
tk                  =  5.01244e-07
tk                  =  5.02751e-07
tk                  =  5.04258e-07
tk                  =  5.05765e-07
tk                  =  5.07271e-07
tk                  =  5.08778e-07
tk                  =  5.10286e-07
tk                  =  5.11792e-07
tk                  =  5.13299e-07
tk                  =  5.14806e-07
tk                  =  5.16312e-07
tk                  =  5.17819e-07
tk                  =  5.19326e-07
tk                  =  5.20833e-07
tk                  =  5.22339e-07
tk                  =  5.23846e-07
tk                  =  5.25353e-07
tk                  =  5.26859e-07
tk                  =  5.28366e-07
tk                  =  5.29872e-07
tk                  =  5.31379e-07
tk                  =  5.32887e-07
tk                  =  5.34393e-07
tk                  =  5.35899e-07
tk                  =  5.37405e-07
tk                  =  5.38912e-07
tk                  =  5.40419e-07
tk                  =  5.41926e-07
tk                  =  5.43432e-07
tk                  =  5.44939e-07
tk                  =  5.46446e-07
tk                  =  5.47953e-07
tk                  =  5.49459e-07
tk                  =  5.50965e-07
tk                  =  5.52472e-07
tk                  =  5.53979e-07
tk                  =  5.55485e-07
tk                  =  5.56991e-07
tk                  =  5.58498e-07
tk                  =  5.60005e-07
tk                  =  5.61511e-07
tk                  =  5.63017e-07
tk                  =  5.64524e-07
tk                  =  5.66030e-07
tk                  =  5.67537e-07
tk                  =  5.69044e-07
tk                  =  5.70551e-07
tk                  =  5.72058e-07
tk                  =  5.73565e-07
tk                  =  5.75072e-07
tk                  =  5.76579e-07
tk                  =  5.78085e-07
tk                  =  5.79592e-07
tk                  =  5.81098e-07
tk                  =  5.82605e-07
tk                  =  5.84112e-07
tk                  =  5.85619e-07
tk                  =  5.87125e-07
tk                  =  5.88632e-07
tk                  =  5.90139e-07
tk                  =  5.91646e-07
tk                  =  5.93153e-07
tk                  =  5.94659e-07
tk                  =  5.96166e-07
tk                  =  5.97673e-07
tk                  =  5.99180e-07
tk                  =  6.00687e-07
tk                  =  6.02193e-07
tk                  =  6.03700e-07
tk                  =  6.05206e-07
tk                  =  6.06713e-07
tk                  =  6.08219e-07
tk                  =  6.09726e-07
tk                  =  6.11232e-07
tk                  =  6.12738e-07
tk                  =  6.14245e-07
tk                  =  6.15751e-07
tk                  =  6.17258e-07
tk                  =  6.18765e-07
tk                  =  6.20271e-07
tk                  =  6.21779e-07
tk                  =  6.23285e-07
tk                  =  6.24792e-07
tk                  =  6.26299e-07
tk                  =  6.27806e-07
tk                  =  6.29312e-07
tk                  =  6.30818e-07
tk                  =  6.32325e-07
tk                  =  6.33832e-07
tk                  =  6.35339e-07
tk                  =  6.36846e-07
tk                  =  6.38352e-07
tk                  =  6.39859e-07
tk                  =  6.41366e-07
tk                  =  6.42872e-07
tk                  =  6.44379e-07
tk                  =  6.45886e-07
tk                  =  6.47393e-07
tk                  =  6.48900e-07
tk                  =  6.50407e-07
tk                  =  6.51913e-07
tk                  =  6.53421e-07
tk                  =  6.54928e-07
tk                  =  6.56434e-07
tk                  =  6.57940e-07
tk                  =  6.59447e-07
tk                  =  6.60953e-07
tk                  =  6.62460e-07
tk                  =  6.63966e-07
tk                  =  6.65473e-07
tk                  =  6.66980e-07
tk                  =  6.68486e-07
tk                  =  6.69992e-07
tk                  =  6.71499e-07
tk                  =  6.73006e-07
tk                  =  6.74512e-07
tk                  =  6.76019e-07
tk                  =  6.77526e-07
tk                  =  6.79033e-07
tk                  =  6.80540e-07
tk                  =  6.82047e-07
tk                  =  6.83553e-07
tk                  =  6.85060e-07
tk                  =  6.86567e-07
tk                  =  6.88074e-07
tk                  =  6.89581e-07
tk                  =  6.91087e-07
tk                  =  6.92594e-07
tk                  =  6.94101e-07
tk                  =  6.95608e-07
tk                  =  6.97114e-07
tk                  =  6.98621e-07
tk                  =  7.00127e-07
tk                  =  7.01634e-07
tk                  =  7.03140e-07
tk                  =  7.04647e-07
tk                  =  7.06154e-07
tk                  =  7.07661e-07
tk                  =  7.09168e-07
tk                  =  7.10674e-07
tk                  =  7.12181e-07
tk                  =  7.13688e-07
tk                  =  7.15194e-07
tk                  =  7.16701e-07
tk                  =  7.18208e-07
tk                  =  7.19715e-07
tk                  =  7.21221e-07
tk                  =  7.22728e-07
tk                  =  7.24235e-07
tk                  =  7.25742e-07
tk                  =  7.27248e-07
tk                  =  7.28754e-07
tk                  =  7.30261e-07
tk                  =  7.31767e-07
tk                  =  7.33275e-07
tk                  =  7.34781e-07
tk                  =  7.36288e-07
tk                  =  7.37795e-07
tk                  =  7.39301e-07
tk                  =  7.40807e-07
tk                  =  7.42314e-07
tk                  =  7.43821e-07
tk                  =  7.45327e-07
tk                  =  7.46834e-07
tk                  =  7.48341e-07
tk                  =  7.49848e-07
tk                  =  7.51355e-07
tk                  =  7.52862e-07
tk                  =  7.54368e-07
tk                  =  7.55874e-07
tk                  =  7.57381e-07
tk                  =  7.58888e-07
tk                  =  7.60395e-07
tk                  =  7.61902e-07
tk                  =  7.63409e-07
tk                  =  7.64916e-07
tk                  =  7.66423e-07
tk                  =  7.67930e-07
tk                  =  7.69436e-07
tk                  =  7.70943e-07
tk                  =  7.72451e-07
tk                  =  7.73958e-07
tk                  =  7.75464e-07
tk                  =  7.76971e-07
tk                  =  7.78478e-07
tk                  =  7.79985e-07
tk                  =  7.81491e-07
tk                  =  7.82998e-07
tk                  =  7.84505e-07
tk                  =  7.86011e-07
tk                  =  7.87518e-07
tk                  =  7.89025e-07
tk                  =  7.90532e-07
tk                  =  7.92039e-07
tk                  =  7.93545e-07
tk                  =  7.95052e-07
tk                  =  7.96559e-07
tk                  =  7.98066e-07
tk                  =  7.99573e-07
tk                  =  8.01080e-07
tk                  =  8.02586e-07
tk                  =  8.04092e-07
tk                  =  8.05599e-07
tk                  =  8.07106e-07
tk                  =  8.08612e-07
tk                  =  8.10119e-07
tk                  =  8.11625e-07
tk                  =  8.13132e-07
tk                  =  8.14639e-07
tk                  =  8.16145e-07
tk                  =  8.17652e-07
tk                  =  8.19158e-07
tk                  =  8.20665e-07
tk                  =  8.22172e-07
tk                  =  8.23679e-07
tk                  =  8.25186e-07
tk                  =  8.26692e-07
tk                  =  8.28200e-07
tk                  =  8.29706e-07
tk                  =  8.31213e-07
tk                  =  8.32720e-07
tk                  =  8.34226e-07
tk                  =  8.35733e-07
tk                  =  8.37240e-07
tk                  =  8.38746e-07
tk                  =  8.40253e-07
tk                  =  8.41760e-07
tk                  =  8.43267e-07
tk                  =  8.44773e-07
tk                  =  8.46279e-07
tk                  =  8.47786e-07
tk                  =  8.49293e-07
tk                  =  8.50800e-07
tk                  =  8.52306e-07
tk                  =  8.53813e-07
tk                  =  8.55320e-07
tk                  =  8.56827e-07
tk                  =  8.58333e-07
tk                  =  8.59840e-07
tk                  =  8.61347e-07
tk                  =  8.62854e-07
tk                  =  8.64360e-07
tk                  =  8.65867e-07
tk                  =  8.67374e-07
tk                  =  8.68881e-07
tk                  =  8.70388e-07
tk                  =  8.71894e-07
tk                  =  8.73401e-07
tk                  =  8.74909e-07
tk                  =  8.76415e-07
tk                  =  8.77923e-07
tk                  =  8.79429e-07
tk                  =  8.80936e-07
tk                  =  8.82442e-07
tk                  =  8.83949e-07
tk                  =  8.85455e-07
tk                  =  8.86962e-07
tk                  =  8.88469e-07
tk                  =  8.89976e-07
tk                  =  8.91483e-07
tk                  =  8.92990e-07
tk                  =  8.94497e-07
tk                  =  8.96004e-07
tk                  =  8.97510e-07
tk                  =  8.99017e-07
tk                  =  9.00524e-07
tk                  =  9.02030e-07
tk                  =  9.03537e-07
tk                  =  9.05043e-07
tk                  =  9.06550e-07
tk                  =  9.08057e-07
tk                  =  9.09564e-07
tk                  =  9.11071e-07
tk                  =  9.12578e-07
tk                  =  9.14085e-07
tk                  =  9.15592e-07
tk                  =  9.17099e-07
tk                  =  9.18606e-07
tk                  =  9.20112e-07
tk                  =  9.21619e-07
tk                  =  9.23125e-07
tk                  =  9.24632e-07
tk                  =  9.26138e-07
tk                  =  9.27645e-07
tk                  =  9.29151e-07
tk                  =  9.30658e-07
tk                  =  9.32165e-07
tk                  =  9.33672e-07
tk                  =  9.35179e-07
tk                  =  9.36686e-07
tk                  =  9.38193e-07
tk                  =  9.39701e-07
tk                  =  9.41207e-07
tk                  =  9.42714e-07
tk                  =  9.44220e-07
tk                  =  9.45727e-07
tk                  =  9.47234e-07
tk                  =  9.48740e-07
tk                  =  9.50247e-07
tk                  =  9.51754e-07
tk                  =  9.53261e-07
tk                  =  9.54768e-07
tk                  =  9.56275e-07
tk                  =  9.57782e-07
tk                  =  9.59288e-07
tk                  =  9.60795e-07
tk                  =  9.62302e-07
tk                  =  9.63808e-07
tk                  =  9.65315e-07
tk                  =  9.66821e-07
tk                  =  9.68327e-07
tk                  =  9.69834e-07
tk                  =  9.71341e-07
tk                  =  9.72848e-07
tk                  =  9.74354e-07
tk                  =  9.75861e-07
tk                  =  9.77368e-07
tk                  =  9.78874e-07
tk                  =  9.80381e-07
tk                  =  9.81888e-07
tk                  =  9.83395e-07
tk                  =  9.84902e-07
tk                  =  9.86408e-07
tk                  =  9.87914e-07
tk                  =  9.89421e-07
tk                  =  9.90927e-07
tk                  =  9.92434e-07
tk                  =  9.93941e-07
tk                  =  9.95448e-07
tk                  =  9.96955e-07
tk                  =  9.98461e-07
tk                  =  9.99968e-07
tk                  =  1.00147e-06
tk                  =  1.00298e-06
tk                  =  1.00449e-06
tk                  =  1.00600e-06
tk                  =  1.00750e-06
tk                  =  1.00901e-06
tk                  =  1.01052e-06
tk                  =  1.01202e-06
tk                  =  1.01353e-06
tk                  =  1.01504e-06
tk                  =  1.01654e-06
tk                  =  1.01805e-06
tk                  =  1.01956e-06
tk                  =  1.02106e-06
tk                  =  1.02257e-06
tk                  =  1.02407e-06
tk                  =  1.02558e-06
tk                  =  1.02709e-06
tk                  =  1.02859e-06
tk                  =  1.03010e-06
tk                  =  1.03161e-06
tk                  =  1.03312e-06
tk                  =  1.03462e-06
tk                  =  1.03613e-06
tk                  =  1.03764e-06
tk                  =  1.03914e-06
tk                  =  1.04065e-06
tk                  =  1.04216e-06
tk                  =  1.04366e-06
tk                  =  1.04517e-06
tk                  =  1.04668e-06
tk                  =  1.04818e-06
tk                  =  1.04969e-06
tk                  =  1.05120e-06
tk                  =  1.05270e-06
tk                  =  1.05421e-06
tk                  =  1.05572e-06
tk                  =  1.05722e-06
tk                  =  1.05873e-06
tk                  =  1.06024e-06
tk                  =  1.06174e-06
tk                  =  1.06325e-06
tk                  =  1.06476e-06
tk                  =  1.06626e-06
tk                  =  1.06777e-06
tk                  =  1.06928e-06
tk                  =  1.07078e-06
tk                  =  1.07229e-06
tk                  =  1.07380e-06
tk                  =  1.07530e-06
tk                  =  1.07681e-06
tk                  =  1.07832e-06
tk                  =  1.07982e-06
tk                  =  1.08133e-06
tk                  =  1.08284e-06
tk                  =  1.08434e-06
tk                  =  1.08585e-06
tk                  =  1.08736e-06
tk                  =  1.08886e-06
tk                  =  1.09037e-06
tk                  =  1.09188e-06
tk                  =  1.09338e-06
tk                  =  1.09489e-06
tk                  =  1.09640e-06
tk                  =  1.09790e-06
tk                  =  1.09941e-06
tk                  =  1.10092e-06
tk                  =  1.10242e-06
tk                  =  1.10393e-06
tk                  =  1.10543e-06
tk                  =  1.10694e-06
tk                  =  1.10845e-06
tk                  =  1.10995e-06
tk                  =  1.11146e-06
tk                  =  1.11297e-06
tk                  =  1.11447e-06
tk                  =  1.11598e-06
tk                  =  1.11749e-06
tk                  =  1.11899e-06
tk                  =  1.12050e-06
tk                  =  1.12201e-06
tk                  =  1.12351e-06
tk                  =  1.12502e-06
tk                  =  1.12653e-06
tk                  =  1.12804e-06
tk                  =  1.12954e-06
tk                  =  1.13105e-06
tk                  =  1.13256e-06
tk                  =  1.13406e-06
tk                  =  1.13557e-06
tk                  =  1.13708e-06
tk                  =  1.13858e-06
tk                  =  1.14009e-06
tk                  =  1.14160e-06
tk                  =  1.14310e-06
tk                  =  1.14461e-06
tk                  =  1.14612e-06
tk                  =  1.14762e-06
tk                  =  1.14913e-06
tk                  =  1.15064e-06
tk                  =  1.15214e-06
tk                  =  1.15365e-06
tk                  =  1.15515e-06
tk                  =  1.15666e-06
tk                  =  1.15817e-06
tk                  =  1.15967e-06
qw0                 =  -1.45045e-02
qw1                 =  -4.33460e-02
m_period = 1.5067054688e-09
m_f_osc = 6.6369972151e+08
m_period_startup16 = 1.5066625000e-09
m_period_b00 = 1.5067775000e-09
m_period_b01 = 1.5067170833e-09
m_period_b02 = 1.5067104167e-09
m_period_b03 = 1.5067270833e-09
m_period_b04 = 1.5067083333e-09
m_period_b05 = 1.5067729167e-09
m_period_b06 = 1.5067000000e-09
m_period_b07 = 1.5066729167e-09
m_period_b08 = 1.5067187500e-09
m_period_b09 = 1.5066875000e-09
m_period_b10 = 1.5067562500e-09
m_period_b11 = 1.5067062500e-09
m_period_b12 = 1.5067937500e-09
m_period_b13 = 1.5067083333e-09
m_period_b14 = 1.5066875000e-09
m_period_b15 = 1.5066041667e-09
m_sigma_1 = 4.1101441854e-13
m_sigma_2 = 5.2006830695e-13
m_sigma_4 = 6.9053253037e-13
m_sigma_8 = 9.7230326776e-13
m_sigma_16 = 1.2652518604e-12
m_sigma_32 = 1.7286886702e-12
m_sigma_64 = 2.5622445318e-12
m_sigma_128 = 4.1908124619e-12
m_sigma_startup16_1 = 4.2023771051e-13
m_sigma_startup16_2 = 4.8170783479e-13
m_sigma_startup16_4 = 4.8530223203e-13
m_sigma_startup16_8 = 7.3538168472e-13
m_i_ring_a = 3.7386957160e-05
m_p_active_w = 1.3571465450e-04
m_e_per_cycle_j = 2.0448201212e-13
m_c_eff_node_f = 3.1036436810e-15
m_vsup_v = 3.6300000001e+00
Note: Simulation executed from .control section 

Warning: m=xx on .subckt line will override multiplier m hierarchy!

