
Note: Compatibility modes selected: hs a


Circuit: * ro-inv-05stage-jitter @ ff_27c_2.97v -- generated by sim/harness, do not edit

Doing analysis at TEMP = 27.000000 and TNOM = 27.000000

Using SPARSE 1.3 as Direct Linear Solver

Initial Transient Solution
--------------------------

Node                                   Voltage
----                                   -------
vdd                                       2.97
n2                                        2.97
g1                                           0
n3                                 5.17644e-09
g2                                        2.97
n4                                        2.97
g3                                 5.17644e-09
n5                                 5.17644e-09
g4                                        2.97
n1                                           0
g5                                 5.17644e-09
xing                                    -1.485
xs40                                    -1.188
xs60                                    -1.782
bs60#branch                                  0
bs40#branch                                  0
bxing#branch                                 0
vn5#branch                                   0
vn4#branch                                   0
vn3#branch                                   0
vn2#branch                                   0
vn1#branch                                   0
vdd#branch                        -0.000483173

 Reference value :  1.90850e-09
 Reference value :  5.69000e-09
 Reference value :  9.38550e-09
 Reference value :  1.23600e-08
 Reference value :  1.53292e-08
 Reference value :  1.85145e-08
 Reference value :  2.13900e-08
 Reference value :  2.46915e-08
 Reference value :  2.79807e-08
 Reference value :  3.19503e-08
 Reference value :  3.54775e-08
 Reference value :  3.88745e-08
 Reference value :  4.22692e-08
 Reference value :  4.50745e-08
 Reference value :  4.81300e-08
 Reference value :  5.11185e-08
 Reference value :  5.41335e-08
 Reference value :  5.70915e-08
 Reference value :  6.00925e-08
 Reference value :  6.31835e-08
 Reference value :  6.59265e-08
 Reference value :  6.94703e-08
 Reference value :  7.25875e-08
 Reference value :  7.54355e-08
 Reference value :  7.85092e-08
 Reference value :  8.16792e-08
 Reference value :  8.46400e-08
 Reference value :  8.80803e-08
 Reference value :  9.13207e-08
 Reference value :  9.49407e-08
 Reference value :  9.79125e-08
 Reference value :  1.00806e-07
 Reference value :  1.04073e-07
 Reference value :  1.07344e-07
 Reference value :  1.10747e-07
 Reference value :  1.13991e-07
 Reference value :  1.17284e-07
 Reference value :  1.20386e-07
 Reference value :  1.23418e-07
 Reference value :  1.27051e-07
 Reference value :  1.30470e-07
 Reference value :  1.33703e-07
 Reference value :  1.36901e-07
 Reference value :  1.40454e-07
 Reference value :  1.43799e-07
 Reference value :  1.46917e-07
 Reference value :  1.49828e-07
 Reference value :  1.52831e-07
 Reference value :  1.55826e-07
 Reference value :  1.58790e-07
 Reference value :  1.61859e-07
 Reference value :  1.64770e-07
 Reference value :  1.67761e-07
No. of Data Rows : 221009
ts40                =  2.27256e-09
ts60                =  2.29031e-09
tk                  =  5.96427e-10
tk                  =  1.15794e-09
tk                  =  1.71953e-09
tk                  =  2.28107e-09
tk                  =  2.84247e-09
tk                  =  3.40393e-09
tk                  =  3.96535e-09
tk                  =  4.52686e-09
tk                  =  5.08827e-09
tk                  =  5.64983e-09
tk                  =  6.21120e-09
tk                  =  6.77261e-09
tk                  =  7.33423e-09
tk                  =  7.89583e-09
tk                  =  8.45727e-09
tk                  =  9.01872e-09
tk                  =  9.58019e-09
tk                  =  1.01416e-08
tk                  =  1.07032e-08
tk                  =  1.12645e-08
tk                  =  1.18261e-08
tk                  =  1.23873e-08
tk                  =  1.29487e-08
tk                  =  1.35101e-08
tk                  =  1.40717e-08
tk                  =  1.46330e-08
tk                  =  1.51947e-08
tk                  =  1.57560e-08
tk                  =  1.63174e-08
tk                  =  1.68789e-08
tk                  =  1.74403e-08
tk                  =  1.80017e-08
tk                  =  1.85633e-08
tk                  =  1.91248e-08
tk                  =  1.96862e-08
tk                  =  2.02478e-08
tk                  =  2.08093e-08
tk                  =  2.13708e-08
tk                  =  2.19323e-08
tk                  =  2.24939e-08
tk                  =  2.30554e-08
tk                  =  2.36169e-08
tk                  =  2.41785e-08
tk                  =  2.47399e-08
tk                  =  2.53014e-08
tk                  =  2.58629e-08
tk                  =  2.64243e-08
tk                  =  2.69857e-08
tk                  =  2.75471e-08
tk                  =  2.81086e-08
tk                  =  2.86701e-08
tk                  =  2.92315e-08
tk                  =  2.97930e-08
tk                  =  3.03545e-08
tk                  =  3.09161e-08
tk                  =  3.14777e-08
tk                  =  3.20392e-08
tk                  =  3.26007e-08
tk                  =  3.31621e-08
tk                  =  3.37235e-08
tk                  =  3.42850e-08
tk                  =  3.48464e-08
tk                  =  3.54080e-08
tk                  =  3.59694e-08
tk                  =  3.65310e-08
tk                  =  3.70924e-08
tk                  =  3.76539e-08
tk                  =  3.82153e-08
tk                  =  3.87768e-08
tk                  =  3.93382e-08
tk                  =  3.98996e-08
tk                  =  4.04611e-08
tk                  =  4.10224e-08
tk                  =  4.15838e-08
tk                  =  4.21452e-08
tk                  =  4.27067e-08
tk                  =  4.32680e-08
tk                  =  4.38295e-08
tk                  =  4.43911e-08
tk                  =  4.49526e-08
tk                  =  4.55142e-08
tk                  =  4.60757e-08
tk                  =  4.66373e-08
tk                  =  4.71987e-08
tk                  =  4.77602e-08
tk                  =  4.83218e-08
tk                  =  4.88832e-08
tk                  =  4.94447e-08
tk                  =  5.00063e-08
tk                  =  5.05677e-08
tk                  =  5.11291e-08
tk                  =  5.16906e-08
tk                  =  5.22520e-08
tk                  =  5.28133e-08
tk                  =  5.33747e-08
tk                  =  5.39364e-08
tk                  =  5.44979e-08
tk                  =  5.50594e-08
tk                  =  5.56209e-08
tk                  =  5.61824e-08
tk                  =  5.67437e-08
tk                  =  5.73052e-08
tk                  =  5.78667e-08
tk                  =  5.84282e-08
tk                  =  5.89898e-08
tk                  =  5.95513e-08
tk                  =  6.01127e-08
tk                  =  6.06743e-08
tk                  =  6.12358e-08
tk                  =  6.17974e-08
tk                  =  6.23588e-08
tk                  =  6.29203e-08
tk                  =  6.34819e-08
tk                  =  6.40433e-08
tk                  =  6.46048e-08
tk                  =  6.51664e-08
tk                  =  6.57279e-08
tk                  =  6.62894e-08
tk                  =  6.68510e-08
tk                  =  6.74125e-08
tk                  =  6.79740e-08
tk                  =  6.85356e-08
tk                  =  6.90971e-08
tk                  =  6.96585e-08
tk                  =  7.02200e-08
tk                  =  7.07815e-08
tk                  =  7.13430e-08
tk                  =  7.19045e-08
tk                  =  7.24658e-08
m_period = 5.6147963516e-10
m_f_osc = 1.7810084950e+09
m_slew_v_per_s = 3.3461018477e+10
m_sigma_1 = 8.0291185217e-14
m_sigma_2 = 1.1380872938e-13
m_sigma_4 = 1.6909470345e-13
m_sigma_8 = 2.5757726364e-13
m_sigma_16 = 3.5745363568e-13
m_sigma_32 = 4.5410579615e-13
Note: Simulation executed from .control section 

Warning: m=xx on .subckt line will override multiplier m hierarchy!

