
Note: Compatibility modes selected: hs a


Circuit: * ro-inv-05stage-jitter @ ff_27c_2.97v -- generated by sim/harness, do not edit

Doing analysis at TEMP = 27.000000 and TNOM = 27.000000

Using SPARSE 1.3 as Direct Linear Solver

Initial Transient Solution
--------------------------

Node                                   Voltage
----                                   -------
vdd                                       2.97
n2                                        2.97
g1                                           0
n3                                 5.17644e-09
g2                                        2.97
n4                                        2.97
g3                                 5.17644e-09
n5                                 5.17644e-09
g4                                        2.97
n1                                           0
g5                                 5.17644e-09
xing                                    -1.485
xs40                                    -1.188
xs60                                    -1.782
bs60#branch                                  0
bs40#branch                                  0
bxing#branch                                 0
vn5#branch                                   0
vn4#branch                                   0
vn3#branch                                   0
vn2#branch                                   0
vn1#branch                                   0
vdd#branch                        -0.000483173

 Reference value :  1.74450e-09
 Reference value :  6.40450e-09
 Reference value :  9.80030e-09
 Reference value :  1.29425e-08
 Reference value :  1.58607e-08
 Reference value :  1.91035e-08
 Reference value :  2.21015e-08
 Reference value :  2.51701e-08
 Reference value :  2.83035e-08
 Reference value :  3.19115e-08
 Reference value :  3.53755e-08
 Reference value :  3.85585e-08
 Reference value :  4.21703e-08
 Reference value :  4.54575e-08
 Reference value :  4.83407e-08
 Reference value :  5.11965e-08
 Reference value :  5.43092e-08
 Reference value :  5.73515e-08
 Reference value :  6.01925e-08
 Reference value :  6.33455e-08
 Reference value :  6.64625e-08
 Reference value :  6.96601e-08
 Reference value :  7.28407e-08
 Reference value :  7.56435e-08
 Reference value :  7.86845e-08
 Reference value :  8.17635e-08
 Reference value :  8.48601e-08
 Reference value :  8.81003e-08
 Reference value :  9.17125e-08
 Reference value :  9.49692e-08
 Reference value :  9.79885e-08
 Reference value :  1.01219e-07
 Reference value :  1.04476e-07
 Reference value :  1.07879e-07
 Reference value :  1.11357e-07
 Reference value :  1.14424e-07
 Reference value :  1.17803e-07
 Reference value :  1.20963e-07
 Reference value :  1.23810e-07
 Reference value :  1.27483e-07
 Reference value :  1.30691e-07
 Reference value :  1.33886e-07
 Reference value :  1.37180e-07
 Reference value :  1.40754e-07
 Reference value :  1.44152e-07
 Reference value :  1.46955e-07
 Reference value :  1.49931e-07
 Reference value :  1.53036e-07
 Reference value :  1.55886e-07
 Reference value :  1.58734e-07
 Reference value :  1.61920e-07
 Reference value :  1.65107e-07
 Reference value :  1.68030e-07
No. of Data Rows : 221009
ts40                =  2.27218e-09
ts60                =  2.28992e-09
tk                  =  5.96329e-10
tk                  =  1.15787e-09
tk                  =  1.71921e-09
tk                  =  2.28067e-09
tk                  =  2.84209e-09
tk                  =  3.40348e-09
tk                  =  3.96478e-09
tk                  =  4.52607e-09
tk                  =  5.08756e-09
tk                  =  5.64899e-09
tk                  =  6.21042e-09
tk                  =  6.77193e-09
tk                  =  7.33340e-09
tk                  =  7.89508e-09
tk                  =  8.45644e-09
tk                  =  9.01794e-09
tk                  =  9.57944e-09
tk                  =  1.01410e-08
tk                  =  1.07024e-08
tk                  =  1.12639e-08
tk                  =  1.18255e-08
tk                  =  1.23870e-08
tk                  =  1.29485e-08
tk                  =  1.35101e-08
tk                  =  1.40715e-08
tk                  =  1.46330e-08
tk                  =  1.51944e-08
tk                  =  1.57559e-08
tk                  =  1.63172e-08
tk                  =  1.68786e-08
tk                  =  1.74400e-08
tk                  =  1.80013e-08
tk                  =  1.85628e-08
tk                  =  1.91242e-08
tk                  =  1.96855e-08
tk                  =  2.02471e-08
tk                  =  2.08082e-08
tk                  =  2.13697e-08
tk                  =  2.19311e-08
tk                  =  2.24926e-08
tk                  =  2.30538e-08
tk                  =  2.36153e-08
tk                  =  2.41768e-08
tk                  =  2.47382e-08
tk                  =  2.52997e-08
tk                  =  2.58613e-08
tk                  =  2.64228e-08
tk                  =  2.69842e-08
tk                  =  2.75457e-08
tk                  =  2.81074e-08
tk                  =  2.86690e-08
tk                  =  2.92303e-08
tk                  =  2.97919e-08
tk                  =  3.03532e-08
tk                  =  3.09147e-08
tk                  =  3.14762e-08
tk                  =  3.20378e-08
tk                  =  3.25993e-08
tk                  =  3.31607e-08
tk                  =  3.37221e-08
tk                  =  3.42836e-08
tk                  =  3.48451e-08
tk                  =  3.54066e-08
tk                  =  3.59681e-08
tk                  =  3.65296e-08
tk                  =  3.70911e-08
tk                  =  3.76525e-08
tk                  =  3.82140e-08
tk                  =  3.87755e-08
tk                  =  3.93369e-08
tk                  =  3.98984e-08
tk                  =  4.04599e-08
tk                  =  4.10214e-08
tk                  =  4.15829e-08
tk                  =  4.21444e-08
tk                  =  4.27059e-08
tk                  =  4.32675e-08
tk                  =  4.38289e-08
tk                  =  4.43904e-08
tk                  =  4.49520e-08
tk                  =  4.55135e-08
tk                  =  4.60750e-08
tk                  =  4.66364e-08
tk                  =  4.71979e-08
tk                  =  4.77594e-08
tk                  =  4.83209e-08
tk                  =  4.88824e-08
tk                  =  4.94438e-08
tk                  =  5.00051e-08
tk                  =  5.05667e-08
tk                  =  5.11281e-08
tk                  =  5.16897e-08
tk                  =  5.22512e-08
tk                  =  5.28128e-08
tk                  =  5.33742e-08
tk                  =  5.39358e-08
tk                  =  5.44972e-08
tk                  =  5.50586e-08
tk                  =  5.56198e-08
tk                  =  5.61813e-08
tk                  =  5.67430e-08
tk                  =  5.73045e-08
tk                  =  5.78660e-08
tk                  =  5.84277e-08
tk                  =  5.89892e-08
tk                  =  5.95505e-08
tk                  =  6.01119e-08
tk                  =  6.06734e-08
tk                  =  6.12347e-08
tk                  =  6.17962e-08
tk                  =  6.23576e-08
tk                  =  6.29191e-08
tk                  =  6.34805e-08
tk                  =  6.40419e-08
tk                  =  6.46034e-08
tk                  =  6.51648e-08
tk                  =  6.57263e-08
tk                  =  6.62879e-08
tk                  =  6.68493e-08
tk                  =  6.74107e-08
tk                  =  6.79722e-08
tk                  =  6.85336e-08
tk                  =  6.90951e-08
tk                  =  6.96565e-08
tk                  =  7.02180e-08
tk                  =  7.07794e-08
tk                  =  7.13410e-08
tk                  =  7.19025e-08
tk                  =  7.24639e-08
m_period = 5.6146508281e-10
m_f_osc = 1.7810546561e+09
m_slew_v_per_s = 3.3500648581e+10
m_sigma_1 = 9.5467547448e-14
m_sigma_2 = 1.3023969734e-13
m_sigma_4 = 1.9990272919e-13
m_sigma_8 = 3.0412427680e-13
m_sigma_16 = 4.5166353515e-13
m_sigma_32 = 6.2828999545e-13
Note: Simulation executed from .control section 

Warning: m=xx on .subckt line will override multiplier m hierarchy!

