
Note: Compatibility modes selected: hs a


Circuit: * sampler-dff-reset-clocked @ tt_-40c_3.63v -- generated by sim/harness, do not edit

Doing analysis at TEMP = -40.000000 and TNOM = 27.000000

Using SPARSE 1.3 as Direct Linear Solver

Initial Transient Solution
--------------------------

Node                                   Voltage
----                                   -------
vdd                                       3.63
rst_n                                        0
clk                                          0
d                                         3.63
xdut.clkb                                 3.63
xdut.m                                    3.63
xdut.mb                                   3.63
xdut.mmid                              2.95648
xdut.mc                            3.28669e-08
xdut.s                                    3.63
q                                  1.64281e-08
xdut.qb                                   3.63
xdut.s2mid                          0.00053568
vth                                      1.815
bvth#branch                                  0
vd#branch                         -1.08926e-11
vclk#branch                                  0
vrst#branch                                  0
vdd#branch                        -4.24608e-11

 Reference value :  0.00000e+00
 Reference value :  1.65328e-07
 Reference value :  3.26928e-07
 Reference value :  4.85628e-07
 Reference value :  6.50668e-07
 Reference value :  8.18868e-07
 Reference value :  9.83168e-07
 Reference value :  1.14641e-06
 Reference value :  1.31331e-06
 Reference value :  1.48891e-06
 Reference value :  1.65017e-06
 Reference value :  1.81127e-06
 Reference value :  1.97517e-06
 Reference value :  2.13661e-06
 Reference value :  2.30381e-06
 Reference value :  2.47051e-06
 Reference value :  2.63237e-06
 Reference value :  2.79647e-06
 Reference value :  2.95977e-06
 Reference value :  3.12141e-06
 Reference value :  3.28781e-06
 Reference value :  3.45821e-06
 Reference value :  3.61765e-06
 Reference value :  3.78155e-06
 Reference value :  3.94935e-06
 Reference value :  4.11150e-06
 Reference value :  4.27740e-06
 Reference value :  4.44160e-06
 Reference value :  4.60076e-06
 Reference value :  4.76766e-06
 Reference value :  4.93666e-06
 Reference value :  5.09943e-06
 Reference value :  5.26383e-06
 Reference value :  5.42373e-06
 Reference value :  5.58768e-06
 Reference value :  5.75858e-06
 Reference value :  5.92448e-06
No. of Data Rows : 60184
q_rst_max           =  1.50969e-01 at=  3.50000e-06
s_rst_min           =  3.07420e+00 at=  3.00000e-06
q_rel               =  1.18514e-06
q_cap               =  3.63000e+00
mb_rst_min          =  3.45964e+00 at=  3.00000e-06
m_q_rst_max_v = 1.5096910000e-01
m_q_rst_max_frac = 4.1589283747e-02
m_s_rst_min_v = 3.0742000000e+00
m_s_rst_dev_frac = 1.5311294766e-01
m_mb_rst_min_v = 3.4596350000e+00
m_q_rel_v = 1.1851430000e-06
m_q_cap_v = 3.6299990000e+00
Note: Simulation executed from .control section 

Warning: m=xx on .subckt line will override multiplier m hierarchy!

