
Note: Compatibility modes selected: hs a


Circuit: * sampler-core-idle-leakage @ tt_27c_3.30v -- generated by sim/harness, do not edit

Doing analysis at TEMP = 27.000000 and TNOM = 27.000000

Using SPARSE 1.3 as Direct Linear Solver

Initial Transient Solution
--------------------------

Node                                   Voltage
----                                   -------
vsup                                       3.3
en                                           0
rst_n                                        0
clk0                                         0
clk1                                         0
vdda                                       3.3
vddb                                       3.3
xduta.xdut.xr1.xg.py                       3.3
xduta.xdut.xr1.n1                          3.3
xduta.xdut.ro1                             3.3
xduta.xdut.xr1.xg.nm                   2.76248
xduta.xdut.xr1.xg.ny               9.71258e-09
xduta.xdut.xr1.x1.py                       3.3
xduta.xdut.xr1.n2                  1.24708e-07
xduta.xdut.xr1.x1.ny               1.06256e-07
xduta.xdut.xr1.x2.py                       3.3
xduta.xdut.xr1.n3                          3.3
xduta.xdut.xr1.x2.ny               2.35463e-08
xduta.xdut.xr1.x3.py                       3.3
xduta.xdut.xr1.n4                  1.24708e-07
xduta.xdut.xr1.x3.ny               1.06256e-07
xduta.xdut.xr1.x4.py                       3.3
xduta.xdut.xr1.n5                          3.3
xduta.xdut.xr1.x4.ny               2.35463e-08
xduta.xdut.xr1.x5.py                       3.3
xduta.xdut.xr1.n6                  1.24708e-07
xduta.xdut.xr1.x5.ny               1.06256e-07
xduta.xdut.xr1.x6.py                       3.3
xduta.xdut.xr1.n7                          3.3
xduta.xdut.xr1.x6.ny               2.35463e-08
xduta.xdut.xr1.x7.py                       3.3
xduta.xdut.xr1.n8                  1.24708e-07
xduta.xdut.xr1.x7.ny               1.06256e-07
xduta.xdut.xr1.x8.py                       3.3
xduta.xdut.xr1.n9                          3.3
xduta.xdut.xr1.x8.ny               2.35463e-08
xduta.xdut.xr1.x9.py                       3.3
xduta.xdut.xr1.n10                 1.24708e-07
xduta.xdut.xr1.x9.ny               1.06256e-07
xduta.xdut.xr1.x10.py                      3.3
xduta.xdut.xr1.x10.ny              2.35463e-08
xduta.xdut.xr2.xg.py                       3.3
xduta.xdut.xr2.n1                          3.3
xduta.xdut.ro2                             3.3
xduta.xdut.xr2.xg.nm                   2.76248
xduta.xdut.xr2.xg.ny               9.02142e-09
xduta.xdut.xr2.x1.py                       3.3
xduta.xdut.xr2.n2                  1.17147e-07
xduta.xdut.xr2.x1.ny                9.8695e-08
xduta.xdut.xr2.x2.py                       3.3
xduta.xdut.xr2.n3                          3.3
xduta.xdut.xr2.x2.ny               2.18707e-08
xduta.xdut.xr2.x3.py                       3.3
xduta.xdut.xr2.n4                  1.17147e-07
xduta.xdut.xr2.x3.ny                9.8695e-08
xduta.xdut.xr2.x4.py                       3.3
xduta.xdut.xr2.n5                          3.3
xduta.xdut.xr2.x4.ny               2.18707e-08
xduta.xdut.xr2.x5.py                       3.3
xduta.xdut.xr2.n6                  1.17147e-07
xduta.xdut.xr2.x5.ny                9.8695e-08
xduta.xdut.xr2.x6.py                       3.3
xduta.xdut.xr2.n7                          3.3
xduta.xdut.xr2.x6.ny               2.18707e-08
xduta.xdut.xr2.x7.py                       3.3
xduta.xdut.xr2.n8                  1.17147e-07
xduta.xdut.xr2.x7.ny                9.8695e-08
xduta.xdut.xr2.x8.py                       3.3
xduta.xdut.xr2.n9                          3.3
xduta.xdut.xr2.x8.ny               2.18707e-08
xduta.xdut.xr2.x9.py                       3.3
xduta.xdut.xr2.n10                 1.17147e-07
xduta.xdut.xr2.x9.ny                9.8695e-08
xduta.xdut.xr2.x10.py                      3.3
xduta.xdut.xr2.x10.ny              2.18707e-08
xduta.xdut.xa1.an                  1.84515e-08
xduta.xdut.xa1.bn                  1.84515e-08
xduta.xdut.xa1.mid                    0.783853
xduta.xo                           1.79153e-07
xduta.xdut.xa1.s1                  8.95766e-08
xduta.xdut.xa1.s2                  3.77439e-08
xduta.xsb.clkb                             3.3
xduta.xsb.m                        2.15825e-07
xduta.xsb.mb                               3.3
xduta.xsb.mmid                       0.0420083
xduta.xsb.mc                       3.68602e-08
xduta.xsb.s                                3.3
rba                                1.84515e-08
xduta.xsb.qb                               3.3
xduta.xsb.s2mid                      0.0420081
xduta.xsv.clkb                             3.3
xduta.xsv.m                                3.3
xduta.xsv.mb                               3.3
xduta.xsv.mmid                         2.76248
xduta.xsv.mc                       4.09919e-08
xduta.xsv.s                                3.3
rva                                1.84515e-08
xduta.xsv.qb                               3.3
xduta.xsv.s2mid                      0.0420081
xdutb.xdut.xr1.xg.py                       3.3
xdutb.xdut.xr1.n1                          3.3
xdutb.xdut.ro1                             3.3
xdutb.xdut.xr1.xg.nm                   2.76248
xdutb.xdut.xr1.xg.ny               9.71258e-09
xdutb.xdut.xr1.x1.py                       3.3
xdutb.xdut.xr1.n2                  1.24708e-07
xdutb.xdut.xr1.x1.ny               1.06256e-07
xdutb.xdut.xr1.x2.py                       3.3
xdutb.xdut.xr1.n3                          3.3
xdutb.xdut.xr1.x2.ny               2.35463e-08
xdutb.xdut.xr1.x3.py                       3.3
xdutb.xdut.xr1.n4                  1.24708e-07
xdutb.xdut.xr1.x3.ny               1.06256e-07
xdutb.xdut.xr1.x4.py                       3.3
xdutb.xdut.xr1.n5                          3.3
xdutb.xdut.xr1.x4.ny               2.35463e-08
xdutb.xdut.xr1.x5.py                       3.3
xdutb.xdut.xr1.n6                  1.24708e-07
xdutb.xdut.xr1.x5.ny               1.06256e-07
xdutb.xdut.xr1.x6.py                       3.3
xdutb.xdut.xr1.n7                          3.3
xdutb.xdut.xr1.x6.ny               2.35463e-08
xdutb.xdut.xr1.x7.py                       3.3
xdutb.xdut.xr1.n8                  1.24708e-07
xdutb.xdut.xr1.x7.ny               1.06256e-07
xdutb.xdut.xr1.x8.py                       3.3
xdutb.xdut.xr1.n9                          3.3
xdutb.xdut.xr1.x8.ny               2.35463e-08
xdutb.xdut.xr1.x9.py                       3.3
xdutb.xdut.xr1.n10                 1.24708e-07
xdutb.xdut.xr1.x9.ny               1.06256e-07
xdutb.xdut.xr1.x10.py                      3.3
xdutb.xdut.xr1.x10.ny              2.35463e-08
xdutb.xdut.xr2.xg.py                       3.3
xdutb.xdut.xr2.n1                          3.3
xdutb.xdut.ro2                             3.3
xdutb.xdut.xr2.xg.nm                   2.76248
xdutb.xdut.xr2.xg.ny               9.02142e-09
xdutb.xdut.xr2.x1.py                       3.3
xdutb.xdut.xr2.n2                  1.17147e-07
xdutb.xdut.xr2.x1.ny                9.8695e-08
xdutb.xdut.xr2.x2.py                       3.3
xdutb.xdut.xr2.n3                          3.3
xdutb.xdut.xr2.x2.ny               2.18707e-08
xdutb.xdut.xr2.x3.py                       3.3
xdutb.xdut.xr2.n4                  1.17147e-07
xdutb.xdut.xr2.x3.ny                9.8695e-08
xdutb.xdut.xr2.x4.py                       3.3
xdutb.xdut.xr2.n5                          3.3
xdutb.xdut.xr2.x4.ny               2.18707e-08
xdutb.xdut.xr2.x5.py                       3.3
xdutb.xdut.xr2.n6                  1.17147e-07
xdutb.xdut.xr2.x5.ny                9.8695e-08
xdutb.xdut.xr2.x6.py                       3.3
xdutb.xdut.xr2.n7                          3.3
xdutb.xdut.xr2.x6.ny               2.18707e-08
xdutb.xdut.xr2.x7.py                       3.3
xdutb.xdut.xr2.n8                  1.17147e-07
xdutb.xdut.xr2.x7.ny                9.8695e-08
xdutb.xdut.xr2.x8.py                       3.3
xdutb.xdut.xr2.n9                          3.3
xdutb.xdut.xr2.x8.ny               2.18707e-08
xdutb.xdut.xr2.x9.py                       3.3
xdutb.xdut.xr2.n10                 1.17147e-07
xdutb.xdut.xr2.x9.ny                9.8695e-08
xdutb.xdut.xr2.x10.py                      3.3
xdutb.xdut.xr2.x10.ny              2.18707e-08
xdutb.xdut.xa1.an                  1.84515e-08
xdutb.xdut.xa1.bn                  1.84515e-08
xdutb.xdut.xa1.mid                    0.783853
xdutb.xo                           1.79152e-07
xdutb.xdut.xa1.s1                   8.9576e-08
xdutb.xdut.xa1.s2                  3.77437e-08
xdutb.xsb.clkb                             3.3
xdutb.xsb.m                        2.15824e-07
xdutb.xsb.mb                               3.3
xdutb.xsb.mmid                       0.0420074
xdutb.xsb.mc                       3.68602e-08
xdutb.xsb.s                                3.3
rbb                                1.84515e-08
xdutb.xsb.qb                               3.3
xdutb.xsb.s2mid                      0.0420081
xdutb.xsv.clkb                             3.3
xdutb.xsv.m                                3.3
xdutb.xsv.mb                               3.3
xdutb.xsv.mmid                         2.76248
xdutb.xsv.mc                       4.09919e-08
xdutb.xsv.s                                3.3
rvb                                1.84515e-08
xdutb.xsv.qb                               3.3
xdutb.xsv.s2mid                      0.0420081
qa                                  -2.101e-20
qb                                -2.10097e-20
vsb#branch                         2.10097e-10
vsa#branch                           2.101e-10
vclk1#branch                                 0
vclk0#branch                                 0
vrst#branch                                  0
ven#branch                                   0
vsup#branch                       -4.20197e-10

 Reference value :  0.00000e+00
 Reference value :  2.16560e-08
 Reference value :  4.44560e-08
 Reference value :  6.86560e-08
 Reference value :  9.20560e-08
 Reference value :  1.07241e-07
 Reference value :  1.24441e-07
 Reference value :  1.47641e-07
 Reference value :  1.70441e-07
 Reference value :  1.93441e-07
 Reference value :  2.07096e-07
 Reference value :  2.23496e-07
 Reference value :  2.43896e-07
 Reference value :  2.69096e-07
 Reference value :  2.92896e-07
 Reference value :  3.08160e-07
 Reference value :  3.27960e-07
 Reference value :  3.50960e-07
 Reference value :  3.74360e-07
 Reference value :  3.97360e-07
 Reference value :  4.19760e-07
 Reference value :  4.42160e-07
 Reference value :  4.65560e-07
 Reference value :  4.88160e-07
 Reference value :  5.11360e-07
 Reference value :  5.34160e-07
 Reference value :  5.56960e-07
 Reference value :  5.79760e-07
 Reference value :  6.03360e-07
 Reference value :  6.26760e-07
 Reference value :  6.49560e-07
 Reference value :  6.72760e-07
 Reference value :  6.96560e-07
 Reference value :  7.19160e-07
 Reference value :  7.42160e-07
 Reference value :  7.65360e-07
 Reference value :  7.88360e-07
 Reference value :  8.11960e-07
 Reference value :  8.35360e-07
 Reference value :  8.57960e-07
 Reference value :  8.80760e-07
 Reference value :  9.03560e-07
 Reference value :  9.26560e-07
 Reference value :  9.49360e-07
 Reference value :  9.72960e-07
 Reference value :  9.96160e-07
No. of Data Rows : 5059
qax                 =  -2.96304e-05
qa0                 =  -2.97113e-05
qa1                 =  -2.97907e-05
qbx                 =  -1.42232e-05
qb0                 =  -1.42654e-05
qb1                 =  -1.43075e-05
vro1                =  3.30000e+00
vro2                =  3.30000e+00
vxo                 =  8.90264e-07
vn1                 =  3.30000e+00
vn2                 =  1.23237e-07
vrba                =  -6.45647e-06
vrva                =  3.30000e+00
vrbb                =  1.91967e-08
vrvb                =  3.30000e+00
vsupm               =  3.30000e+00
m_i_idle_clklo_a = 3.9695000000e-10
m_i_idle_clkhi_a = 2.1080000000e-10
m_p_idle_clklo_w = 1.3099350000e-09
m_p_idle_clkhi_w = 6.9564000000e-10
m_i_idle_clklo_prev_a = 4.0455000000e-10
m_i_idle_clkhi_prev_a = 2.1080000000e-10
m_i_idle_worst_a = 3.9695000000e-10
m_p_idle_worst_w = 1.3099350000e-09
m_v_ro1_v = 3.2999990000e+00
m_v_ro2_v = 3.3000000000e+00
m_v_xo_v = 8.9026430000e-07
m_v_n1_v = 3.2999990000e+00
m_v_n2_v = 1.2323690000e-07
m_v_rawbit_clklo_v = -6.456467000e-06
m_v_rawvalid_clklo_v = 3.2999990000e+00
m_v_rawbit_clkhi_v = 1.9196700000e-08
m_v_rawvalid_clkhi_v = 3.3000000000e+00
m_v_sup_v = 3.3000000000e+00
Note: Simulation executed from .control section 

Warning: m=xx on .subckt line will override multiplier m hierarchy!

