
Note: No compatibility mode selected!


Circuit: * rostage-noise @ ss_125c_2.97v -- generated by sim/harness, do not edit

Doing analysis at TEMP = 125.000000 and TNOM = 27.000000


No. of Data Rows : 1
Doing analysis at TEMP = 125.000000 and TNOM = 27.000000


No. of Data Rows : 81
Doing analysis at TEMP = 125.000000 and TNOM = 27.000000


No. of Data Rows : 81

No. of Data Rows : 1
Doing analysis at TEMP = 125.000000 and TNOM = 27.000000


No. of Data Rows : 31

No. of Data Rows : 1
m_vtrip = 1.0627933803e+00
m_v_starve_p_node = 2.3046998995e+00
m_v_starve_n_node = 1.7682408245e-01
m_gain_1meg = 2.3818255955e+01
m_gain_100meg = 1.1141424350e+01
m_gain_1g = 1.6843734070e+00
m_inoise_dens_1meg = 1.1874272919e-07
m_inoise_dens_10meg = 6.3837605230e-08
m_inoise_dens_100meg = 5.4152812151e-08
m_inoise_dens_1g = 4.3058835276e-08
m_inoise_dens_10g = 2.5432866143e-08
m_onoise_dens_1meg = 2.8282447165e-06
m_onoise_dens_1g = 7.2527157074e-08
m_onoise_rms_1k_100g = 1.4176999661e-02
m_onoise_rms_100meg_100g = 6.7203567741e-03
Note: Simulation executed from .control section 

Using SPARSE 1.3 as Direct Linear Solver
Using SPARSE 1.3 as Direct Linear Solver
Using SPARSE 1.3 as Direct Linear Solver
Using SPARSE 1.3 as Direct Linear Solver
