
Note: Compatibility modes selected: hs a


Circuit: * ro-array-core-startup @ tt_27c_3.63v -- generated by sim/harness, do not edit

Doing analysis at TEMP = 27.000000 and TNOM = 27.000000

Using SPARSE 1.3 as Direct Linear Solver

Initial Transient Solution
--------------------------

Node                                   Voltage
----                                   -------
vsup                                      3.63
en                                           0
xdut.xr1.xg.py                            3.63
xdut.xr1.n1                               3.63
xdut.ro1                                  3.63
xdut.xr1.xg.nm                         3.07073
xdut.xr1.xg.ny                     1.17496e-08
xdut.xr1.x1.py                            3.63
xdut.xr1.n2                        1.31284e-07
xdut.xr1.x1.ny                     1.11752e-07
xdut.xr1.x2.py                            3.63
xdut.xr1.n3                               3.63
xdut.xr1.x2.ny                     2.91585e-08
xdut.xr1.x3.py                            3.63
xdut.xr1.n4                        1.31284e-07
xdut.xr1.x3.ny                     1.11752e-07
xdut.xr1.x4.py                            3.63
xdut.xr1.n5                               3.63
xdut.xr1.x4.ny                     2.91585e-08
xdut.xr1.x5.py                            3.63
xdut.xr1.n6                        1.31284e-07
xdut.xr1.x5.ny                     1.11752e-07
xdut.xr1.x6.py                            3.63
xdut.xr1.n7                               3.63
xdut.xr1.x6.ny                     2.91585e-08
xdut.xr1.x7.py                            3.63
xdut.xr1.n8                        1.31284e-07
xdut.xr1.x7.ny                     1.11752e-07
xdut.xr1.x8.py                            3.63
xdut.xr1.n9                               3.63
xdut.xr1.x8.ny                     2.91585e-08
xdut.xr1.x9.py                            3.63
xdut.xr1.n10                       1.31284e-07
xdut.xr1.x9.ny                     1.11752e-07
xdut.xr1.x10.py                           3.63
xdut.xr1.x10.ny                    2.91585e-08
xdut.xr2.xg.py                            3.63
xdut.xr2.n1                               3.63
xdut.ro2                                  3.63
xdut.xr2.xg.nm                         3.07073
xdut.xr2.xg.ny                     1.09171e-08
xdut.xr2.x1.py                            3.63
xdut.xr2.n2                        1.23365e-07
xdut.xr2.x1.ny                     1.03833e-07
xdut.xr2.x2.py                            3.63
xdut.xr2.n3                               3.63
xdut.xr2.x2.ny                     2.70924e-08
xdut.xr2.x3.py                            3.63
xdut.xr2.n4                        1.23365e-07
xdut.xr2.x3.ny                     1.03833e-07
xdut.xr2.x4.py                            3.63
xdut.xr2.n5                               3.63
xdut.xr2.x4.ny                     2.70924e-08
xdut.xr2.x5.py                            3.63
xdut.xr2.n6                        1.23365e-07
xdut.xr2.x5.ny                     1.03833e-07
xdut.xr2.x6.py                            3.63
xdut.xr2.n7                               3.63
xdut.xr2.x6.ny                     2.70924e-08
xdut.xr2.x7.py                            3.63
xdut.xr2.n8                        1.23365e-07
xdut.xr2.x7.ny                     1.03833e-07
xdut.xr2.x8.py                            3.63
xdut.xr2.n9                               3.63
xdut.xr2.x8.ny                     2.70924e-08
xdut.xr2.x9.py                            3.63
xdut.xr2.n10                       1.23365e-07
xdut.xr2.x9.ny                     1.03833e-07
xdut.xr2.x10.py                           3.63
xdut.xr2.x10.ny                    2.70924e-08
xdut.xa1.an                        1.95319e-08
xdut.xa1.bn                        1.95319e-08
xdut.xa1.mid                          0.820157
xo                                 1.18545e-07
xdut.xa1.s1                        5.92725e-08
xdut.xa1.s2                         2.4975e-08
vth                                      1.815
bvth#branch                                  0
ven#branch                                   0
vsup#branch                        -1.3008e-10

 Reference value :  0.00000e+00
 Reference value :  6.96560e-10
 Reference value :  1.38656e-09
 Reference value :  2.09656e-09
 Reference value :  2.82256e-09
 Reference value :  3.55256e-09
 Reference value :  4.25256e-09
 Reference value :  4.94656e-09
 Reference value :  5.62717e-09
 Reference value :  6.33917e-09
 Reference value :  7.05717e-09
 Reference value :  7.75317e-09
 Reference value :  8.45317e-09
 Reference value :  9.20117e-09
 Reference value :  9.88717e-09
 Reference value :  1.06232e-08
 Reference value :  1.13432e-08
 Reference value :  1.20432e-08
 Reference value :  1.27452e-08
 Reference value :  1.34352e-08
 Reference value :  1.41612e-08
 Reference value :  1.48952e-08
 Reference value :  1.56052e-08
 Reference value :  1.63092e-08
 Reference value :  1.70032e-08
 Reference value :  1.77032e-08
 Reference value :  1.84112e-08
 Reference value :  1.91232e-08
 Reference value :  1.98312e-08
 Reference value :  2.05372e-08
 Reference value :  2.12612e-08
 Reference value :  2.19692e-08
 Reference value :  2.26692e-08
 Reference value :  2.33752e-08
 Reference value :  2.40812e-08
 Reference value :  2.47672e-08
 Reference value :  2.54832e-08
 Reference value :  2.61872e-08
 Reference value :  2.69892e-08
 Reference value :  2.77052e-08
 Reference value :  2.84212e-08
 Reference value :  2.91212e-08
 Reference value :  2.98132e-08
 Reference value :  3.05072e-08
 Reference value :  3.12172e-08
 Reference value :  3.19332e-08
 Reference value :  3.26172e-08
 Reference value :  3.33212e-08
 Reference value :  3.40152e-08
 Reference value :  3.47172e-08
 Reference value :  3.54172e-08
 Reference value :  3.61152e-08
 Reference value :  3.68352e-08
 Reference value :  3.75392e-08
 Reference value :  3.82312e-08
 Reference value :  3.89152e-08
 Reference value :  3.96192e-08
 Reference value :  4.03052e-08
 Reference value :  4.10072e-08
 Reference value :  4.17052e-08
 Reference value :  4.24052e-08
 Reference value :  4.31132e-08
 Reference value :  4.38332e-08
 Reference value :  4.45372e-08
 Reference value :  4.52652e-08
 Reference value :  4.59552e-08
 Reference value :  4.66632e-08
 Reference value :  4.73692e-08
 Reference value :  4.80752e-08
 Reference value :  4.87632e-08
 Reference value :  4.94572e-08
 Reference value :  5.01512e-08
 Reference value :  5.08652e-08
 Reference value :  5.15692e-08
 Reference value :  5.23052e-08
 Reference value :  5.29952e-08
 Reference value :  5.37472e-08
 Reference value :  5.44732e-08
 Reference value :  5.52692e-08
 Reference value :  5.59872e-08
 Reference value :  5.67192e-08
 Reference value :  5.74312e-08
 Reference value :  5.81272e-08
 Reference value :  5.88072e-08
 Reference value :  5.95192e-08
 Reference value :  6.02372e-08
 Reference value :  6.09552e-08
 Reference value :  6.16732e-08
 Reference value :  6.23572e-08
 Reference value :  6.30632e-08
 Reference value :  6.37812e-08
 Reference value :  6.45272e-08
 Reference value :  6.52212e-08
 Reference value :  6.59212e-08
 Reference value :  6.66212e-08
 Reference value :  6.73212e-08
 Reference value :  6.80452e-08
 Reference value :  6.87652e-08
 Reference value :  6.94652e-08
 Reference value :  7.01652e-08
 Reference value :  7.08592e-08
 Reference value :  7.15652e-08
 Reference value :  7.22552e-08
 Reference value :  7.29632e-08
 Reference value :  7.36772e-08
 Reference value :  7.43772e-08
 Reference value :  7.50792e-08
 Reference value :  7.57772e-08
 Reference value :  7.65152e-08
 Reference value :  7.72272e-08
 Reference value :  7.79312e-08
 Reference value :  7.86492e-08
 Reference value :  7.94112e-08
 Reference value :  8.01552e-08
 Reference value :  8.08552e-08
 Reference value :  8.15532e-08
 Reference value :  8.22712e-08
 Reference value :  8.29852e-08
 Reference value :  8.37112e-08
 Reference value :  8.44432e-08
 Reference value :  8.51792e-08
 Reference value :  8.58972e-08
 Reference value :  8.65972e-08
 Reference value :  8.73092e-08
 Reference value :  8.79992e-08
 Reference value :  8.87092e-08
 Reference value :  8.93972e-08
 Reference value :  9.01292e-08
 Reference value :  9.08572e-08
 Reference value :  9.15512e-08
 Reference value :  9.22492e-08
 Reference value :  9.29652e-08
 Reference value :  9.36652e-08
 Reference value :  9.44072e-08
 Reference value :  9.51092e-08
 Reference value :  9.58332e-08
 Reference value :  9.65452e-08
 Reference value :  9.72492e-08
 Reference value :  9.79472e-08
 Reference value :  9.86632e-08
 Reference value :  9.93792e-08
 Reference value :  1.00075e-07
 Reference value :  1.00771e-07
 Reference value :  1.01491e-07
 Reference value :  1.02175e-07
 Reference value :  1.02875e-07
 Reference value :  1.03571e-07
 Reference value :  1.04281e-07
 Reference value :  1.05021e-07
 Reference value :  1.05719e-07
 Reference value :  1.06455e-07
 Reference value :  1.07157e-07
 Reference value :  1.07875e-07
 Reference value :  1.08593e-07
 Reference value :  1.09321e-07
 Reference value :  1.10019e-07
 Reference value :  1.10719e-07
 Reference value :  1.11441e-07
 Reference value :  1.12147e-07
 Reference value :  1.12859e-07
 Reference value :  1.13569e-07
 Reference value :  1.14263e-07
 Reference value :  1.15001e-07
 Reference value :  1.15725e-07
 Reference value :  1.16479e-07
 Reference value :  1.17215e-07
 Reference value :  1.17957e-07
 Reference value :  1.18661e-07
 Reference value :  1.19353e-07
 Reference value :  1.20083e-07
 Reference value :  1.20797e-07
 Reference value :  1.21505e-07
 Reference value :  1.22193e-07
 Reference value :  1.22889e-07
 Reference value :  1.23609e-07
 Reference value :  1.24301e-07
 Reference value :  1.25013e-07
 Reference value :  1.25729e-07
 Reference value :  1.26453e-07
 Reference value :  1.27161e-07
 Reference value :  1.27859e-07
 Reference value :  1.28557e-07
 Reference value :  1.29267e-07
 Reference value :  1.29995e-07
 Reference value :  1.30715e-07
 Reference value :  1.31421e-07
 Reference value :  1.32183e-07
 Reference value :  1.32893e-07
 Reference value :  1.33609e-07
 Reference value :  1.34319e-07
 Reference value :  1.35015e-07
 Reference value :  1.35779e-07
 Reference value :  1.36497e-07
 Reference value :  1.37209e-07
 Reference value :  1.37907e-07
 Reference value :  1.38669e-07
 Reference value :  1.39377e-07
 Reference value :  1.40089e-07
 Reference value :  1.40771e-07
 Reference value :  1.41465e-07
 Reference value :  1.42205e-07
 Reference value :  1.42931e-07
 Reference value :  1.43641e-07
 Reference value :  1.44325e-07
 Reference value :  1.45043e-07
 Reference value :  1.45741e-07
 Reference value :  1.46477e-07
 Reference value :  1.47177e-07
 Reference value :  1.47891e-07
 Reference value :  1.48595e-07
 Reference value :  1.49311e-07
 Reference value :  1.50013e-07
 Reference value :  1.50741e-07
 Reference value :  1.51459e-07
 Reference value :  1.52175e-07
 Reference value :  1.52883e-07
 Reference value :  1.53573e-07
 Reference value :  1.54281e-07
 Reference value :  1.54989e-07
 Reference value :  1.55695e-07
 Reference value :  1.56421e-07
 Reference value :  1.57129e-07
 Reference value :  1.57837e-07
 Reference value :  1.58537e-07
 Reference value :  1.59231e-07
 Reference value :  1.59937e-07
 Reference value :  1.60661e-07
 Reference value :  1.61367e-07
 Reference value :  1.62093e-07
 Reference value :  1.62797e-07
 Reference value :  1.63489e-07
 Reference value :  1.64187e-07
 Reference value :  1.64911e-07
 Reference value :  1.65627e-07
 Reference value :  1.66349e-07
 Reference value :  1.67079e-07
 Reference value :  1.67787e-07
 Reference value :  1.68533e-07
 Reference value :  1.69251e-07
 Reference value :  1.69965e-07
 Reference value :  1.70671e-07
 Reference value :  1.71371e-07
 Reference value :  1.72097e-07
 Reference value :  1.72815e-07
 Reference value :  1.73517e-07
 Reference value :  1.74207e-07
 Reference value :  1.74899e-07
 Reference value :  1.75595e-07
 Reference value :  1.76307e-07
 Reference value :  1.77017e-07
 Reference value :  1.77711e-07
 Reference value :  1.78407e-07
 Reference value :  1.79477e-07
No. of Data Rows : 90016
t1r1                =  1.16095e-08
t2r1                =  1.80816e-08
t3r1                =  2.45413e-08
t4r1                =  3.09979e-08
t5r1                =  3.74487e-08
t6r1                =  4.38963e-08
t7r1                =  5.03301e-08
t8r1                =  5.67286e-08
t9r1                =  6.31679e-08
t10r1               =  6.96019e-08
t1r2                =  1.12112e-08
t2r2                =  1.72996e-08
t3r2                =  2.33889e-08
t4r2                =  2.94761e-08
t5r2                =  3.55615e-08
t6r2                =  4.16453e-08
t7r2                =  4.77285e-08
t8r2                =  5.38139e-08
t9r2                =  5.98988e-08
t10r2               =  6.59810e-08
t1xo                =  7.93566e-09
t2xo                =  1.13557e-08
t3xo                =  1.40385e-08
t4xo                =  1.74182e-08
vhi_early           =  3.79481e+00 at=  2.03752e-08
vlo_early           =  -3.94530e-02 at=  4.93872e-08
vhi_late            =  3.62445e+00 at=  1.55831e-07
vlo_late            =  -4.65714e-02 at=  1.78303e-07
vxhi_early          =  3.66347e+00 at=  4.03512e-08
vxlo_early          =  -8.49202e-03 at=  4.75572e-08
vxhi_late           =  3.69234e+00 at=  1.78245e-07
vxlo_late           =  -8.58382e-03 at=  1.57049e-07
v_off_ro1           =  3.63000e+00
v_off_xo            =  1.18546e-07
m_en_assert_s = 5.0000000000e-09
m_t1r1_s = 1.1609510000e-08
m_t2r1_s = 1.8081620000e-08
m_t3r1_s = 2.4541270000e-08
m_t4r1_s = 3.0997870000e-08
m_t5r1_s = 3.7448720000e-08
m_t6r1_s = 4.3896330000e-08
m_t7r1_s = 5.0330140000e-08
m_t8r1_s = 5.6728600000e-08
m_t9r1_s = 6.3167920000e-08
m_t10r1_s = 6.9601910000e-08
m_t1r2_s = 1.1211210000e-08
m_t2r2_s = 1.7299580000e-08
m_t3r2_s = 2.3388870000e-08
m_t4r2_s = 2.9476100000e-08
m_t5r2_s = 3.5561510000e-08
m_t6r2_s = 4.1645320000e-08
m_t7r2_s = 4.7728480000e-08
m_t8r2_s = 5.3813870000e-08
m_t9r2_s = 5.9898760000e-08
m_t10r2_s = 6.5980970000e-08
m_t1xo_s = 7.9356620000e-09
m_t2xo_s = 1.1355700000e-08
m_t3xo_s = 1.4038460000e-08
m_t4xo_s = 1.7418230000e-08
m_ring_swing_early_v = 3.8342660200e+00
m_ring_swing_late_v = 3.6710244200e+00
m_xo_swing_early_v = 3.6719650180e+00
m_xo_swing_late_v = 3.7009188230e+00
m_v_ro1_off_v = 3.6300000000e+00
m_v_xo_off_v = 1.1854630000e-07
Note: Simulation executed from .control section 

Warning: m=xx on .subckt line will override multiplier m hierarchy!

