
Note: Compatibility modes selected: hs a


Circuit: * sampler-dff-active-current @ ss_-40c_3.63v -- generated by sim/harness, do not edit

Doing analysis at TEMP = -40.000000 and TNOM = 27.000000

Using SPARSE 1.3 as Direct Linear Solver

Initial Transient Solution
--------------------------

Node                                   Voltage
----                                   -------
vsup                                      3.63
clk                                          0
rst_n                                        0
d                                            0
vddv                                      3.63
vddb                                      3.63
xsv.clkb                                  3.63
xsv.m                                     3.63
xsv.mb                                    3.63
xsv.mmid                               2.84929
xsv.mc                             3.60046e-08
xsv.s                                     3.63
qv                                 1.80022e-08
xsv.qb                                    3.63
xsv.s2mid                          1.38782e-05
xsb.clkb                                  3.63
xsb.m                              3.57788e-08
xsb.mb                                    3.63
xsb.mmid                           1.38782e-05
xsb.mc                             3.60043e-08
xsb.s                                     3.63
qb                                 1.80022e-08
xsb.qb                                    3.63
xsb.s2mid                          1.38782e-05
q1                                -5.30287e-21
q2                                -5.83271e-21
vd#branch                          1.09412e-11
vr2#branch                         4.73859e-11
vr1#branch                         5.30287e-11
vrst#branch                                  0
vclk#branch                                  0
vsup#branch                       -1.00415e-10

 Reference value :  0.00000e+00
 Reference value :  1.01578e-08
 Reference value :  2.00010e-08
 Reference value :  3.16578e-08
 Reference value :  4.15064e-08
 Reference value :  5.29568e-08
No. of Data Rows : 3775
q1a                 =  -1.88268e-05
q1b                 =  -1.88271e-05
q1c                 =  -2.72387e-05
q1d                 =  -2.72390e-05
q1e                 =  -2.72387e-05
q1f                 =  -3.56019e-05
q2a                 =  -1.00589e-04
q2b                 =  -1.00590e-04
q2c                 =  -1.26425e-04
q2d                 =  -1.77934e-04
q2e                 =  -1.26425e-04
q2f                 =  -2.21626e-04
qv_pre              =  1.80020e-08
qv_post             =  3.63000e+00
qb_pre              =  -2.54910e-07
qb_post             =  3.63000e+00
vdd_mean            =  3.63000e+00 from=  3.20000e-08 to=  5.30168e-08
m_q_d_shut_c = 4.9999999999e-20
m_q_d_open_c = 8.5848333333e-15
m_e_d_shut_j = 1.8150000000e-19
m_e_d_open_j = 3.1162945000e-14
m_q_clkcyc_xsv_c = 8.3631900000e-15
m_e_clkcyc_xsv_j = 3.0358379700e-14
m_q_clkcyc_xsb_resid_c = 7.6733333333e-16
m_q_cyc_xsb_total_c = 9.5201000000e-14
m_q_d_shut_xsv_c = 5.5000000000e-20
m_q_d_open_xsv_c = 5.5000000000e-20
m_vdd_mean_v = 3.6300000000e+00
m_qv_pre_v = 1.8002040000e-08
m_qv_post_v = 3.6300000000e+00
m_qb_pre_v = -2.549096000e-07
m_qb_post_v = 3.6300000000e+00
Note: Simulation executed from .control section 

Warning: m=xx on .subckt line will override multiplier m hierarchy!

