
Note: Compatibility modes selected: hs a


Circuit: * sampler-dff-reset-clocked @ sf_-40c_3.30v -- generated by sim/harness, do not edit

Doing analysis at TEMP = -40.000000 and TNOM = 27.000000

Using SPARSE 1.3 as Direct Linear Solver

Initial Transient Solution
--------------------------

Node                                   Voltage
----                                   -------
vdd                                        3.3
rst_n                                        0
clk                                          0
d                                          3.3
xdut.clkb                                  3.3
xdut.m                                     3.3
xdut.mb                                    3.3
xdut.mmid                               2.5709
xdut.mc                            3.27077e-08
xdut.s                                     3.3
q                                  1.63536e-08
xdut.qb                                    3.3
xdut.s2mid                         2.36176e-05
vth                                       1.65
bvth#branch                                  0
vd#branch                         -9.89955e-12
vclk#branch                                  0
vrst#branch                                  0
vdd#branch                        -3.82457e-11

 Reference value :  0.00000e+00
 Reference value :  1.61628e-07
 Reference value :  3.19428e-07
 Reference value :  4.83728e-07
 Reference value :  6.41598e-07
 Reference value :  8.03098e-07
 Reference value :  9.74398e-07
 Reference value :  1.14231e-06
 Reference value :  1.30411e-06
 Reference value :  1.46901e-06
 Reference value :  1.63760e-06
 Reference value :  1.80420e-06
 Reference value :  1.96900e-06
 Reference value :  2.13061e-06
 Reference value :  2.29551e-06
 Reference value :  2.45971e-06
 Reference value :  2.62360e-06
 Reference value :  2.79150e-06
 Reference value :  2.95660e-06
 Reference value :  3.11981e-06
 Reference value :  3.28291e-06
 Reference value :  3.44861e-06
 Reference value :  3.60575e-06
 Reference value :  3.77555e-06
 Reference value :  3.94125e-06
 Reference value :  4.10550e-06
 Reference value :  4.26930e-06
 Reference value :  4.43480e-06
 Reference value :  4.59169e-06
 Reference value :  4.75469e-06
 Reference value :  4.92119e-06
 Reference value :  5.08083e-06
 Reference value :  5.24473e-06
 Reference value :  5.40803e-06
 Reference value :  5.56531e-06
 Reference value :  5.73021e-06
 Reference value :  5.89791e-06
No. of Data Rows : 60182
q_rst_max           =  1.38957e-01 at=  3.50000e-06
s_rst_min           =  2.79167e+00 at=  3.00000e-06
q_rel               =  2.64129e-06
q_cap               =  3.30000e+00
mb_rst_min          =  3.14379e+00 at=  3.00000e-06
m_q_rst_max_v = 1.3895660000e-01
m_q_rst_max_frac = 4.2108060606e-02
m_s_rst_min_v = 2.7916660000e+00
m_s_rst_dev_frac = 1.5404060606e-01
m_mb_rst_min_v = 3.1437880000e+00
m_q_rel_v = 2.6412890000e-06
m_q_cap_v = 3.3000000000e+00
Note: Simulation executed from .control section 

Warning: m=xx on .subckt line will override multiplier m hierarchy!

