
Note: Compatibility modes selected: hs a


Circuit: * sampler-dff-active-current @ ss_125c_3.63v -- generated by sim/harness, do not edit

Doing analysis at TEMP = 125.000000 and TNOM = 27.000000

Using SPARSE 1.3 as Direct Linear Solver

Initial Transient Solution
--------------------------

Node                                   Voltage
----                                   -------
vsup                                      3.63
clk                                          0
rst_n                                        0
d                                            0
vddv                                      3.63
vddb                                      3.63
xsv.clkb                                  3.63
xsv.m                                     3.63
xsv.mb                                    3.63
xsv.mmid                               3.09688
xsv.mc                             1.93513e-07
xsv.s                                     3.63
qv                                 3.42943e-08
xsv.qb                                    3.63
xsv.s2mid                            0.0805033
xsb.clkb                                  3.63
xsb.m                              5.63877e-08
xsb.mb                                    3.63
xsb.mmid                             0.0805033
xsb.mc                             6.26631e-08
xsb.s                                     3.63
qb                                 3.42943e-08
xsb.qb                                    3.63
xsb.s2mid                            0.0805033
q1                                -1.03703e-20
q2                                -8.13514e-21
vd#branch                          1.11144e-11
vr2#branch                          7.0237e-11
vr1#branch                         1.03703e-10
vrst#branch                                  0
vclk#branch                                  0
vsup#branch                        -1.7394e-10

 Reference value :  0.00000e+00
 Reference value :  9.67777e-09
 Reference value :  1.95010e-08
 Reference value :  3.02178e-08
 Reference value :  3.97378e-08
 Reference value :  5.08568e-08
No. of Data Rows : 3775
q1a                 =  -2.06023e-05
q1b                 =  -2.06028e-05
q1c                 =  -2.91404e-05
q1d                 =  -2.91411e-05
q1e                 =  -2.91404e-05
q1f                 =  -3.77182e-05
q2a                 =  -1.09682e-04
q2b                 =  -1.09682e-04
q2c                 =  -1.37134e-04
q2d                 =  -1.93034e-04
q2e                 =  -1.37134e-04
q2f                 =  -2.40550e-04
qv_pre              =  3.42945e-08
qv_post             =  3.63000e+00
qb_pre              =  -2.82666e-06
qb_post             =  3.63000e+00
vdd_mean            =  3.63000e+00 from=  3.20000e-08 to=  5.30168e-08
m_q_d_shut_c = 8.3333333330e-20
m_q_d_open_c = 9.3165500000e-15
m_e_d_shut_j = 3.0249999999e-19
m_e_d_open_j = 3.3819076500e-14
m_q_clkcyc_xsv_c = 8.5777500000e-15
m_e_clkcyc_xsv_j = 3.1137232500e-14
m_q_clkcyc_xsb_resid_c = 9.3301666667e-16
m_q_cyc_xsb_total_c = 1.0341590000e-13
m_q_d_shut_xsv_c = 9.5000000000e-20
m_q_d_open_xsv_c = 1.1000000000e-19
m_vdd_mean_v = 3.6300000000e+00
m_qv_pre_v = 3.4294450000e-08
m_qv_post_v = 3.6300000000e+00
m_qb_pre_v = -2.826665000e-06
m_qb_post_v = 3.6300000000e+00
Note: Simulation executed from .control section 

Warning: m=xx on .subckt line will override multiplier m hierarchy!

