
Note: No compatibility mode selected!


Circuit: * klt sim -- generated corner deck, do not edit

Doing analysis at TEMP = 125.000000 and TNOM = 27.000000

Using SPARSE 1.3 as Direct Linear Solver

Initial Transient Solution
--------------------------

Node                                   Voltage
----                                   -------
vddr                                       3.3
en                                         3.3
vss                                          0
vsubs                                        0
xdut.\$15                           5.8302e-06
xdut.a|y__t0                                 0
xdut.a|y__t02                          3.29998
xdut.vddr__t0                              3.3
xdut.vss__t0                       1.12959e-08
xdut.\$17                          5.14872e-07
xdut.a|y__t32                          3.29998
xdut.a|y__t13                       5.9625e-07
xdut.vddr__t18                             3.3
xdut.vss__t18                      7.46933e-10
xdut.\$18                          5.82459e-06
xdut.a|y__t33                      5.96512e-07
xdut.a|y__t14                          3.29998
xdut.vddr__t14                             3.3
xdut.vss__t14                      5.61362e-09
xdut.\$20                           5.1437e-07
xdut.a|y__t34                          3.29998
xdut.a|y__t15                      5.95748e-07
xdut.vddr__t21                             3.3
xdut.vss__t21                      2.45662e-10
xdut.\$21                          5.81933e-06
xdut.a|y__t35                      5.96011e-07
xdut.a|y__t16                          3.29998
xdut.vddr__t13                             3.3
xdut.vss__t13                      3.51704e-10
xdut.\$22                          5.14385e-07
xdut.a|y__t36                          3.29998
xdut.a|y__t17                      5.95763e-07
xdut.vddr__t15                             3.3
xdut.vss__t15                      2.60471e-10
xdut.\$24                          5.82476e-06
xdut.a|y__t37                      5.96026e-07
xdut.a|y__t18                          3.29998
xdut.vddr__t16                             3.3
xdut.vss__t16                      5.78214e-09
xdut.\$23                          5.14886e-07
xdut.a|y__t38                          3.29998
xdut.a|y__t19                      5.96264e-07
xdut.vddr__t17                             3.3
xdut.vss__t17                      7.61837e-10
xdut.\$19                          5.83044e-06
xdut.a|y__t39                      5.96527e-07
xdut.a|y__t110                         3.29998
xdut.vddr__t19                             3.3
xdut.vss__t19                      1.14648e-08
xdut.\$16                          5.15389e-07
xdut.a|y__t310                         3.29998
xdut.a|y__t311                     5.96767e-07
xdut.vddr__t20                             3.3
xdut.vss__t20                      1.26412e-09
xdut.vss__t1                      -6.13697e-50
xdut.vddr__t1                              3.3
xdut.\$14                         -1.47152e-47
xdut.\$13                         -1.51511e-47
xdut.a|y__t011                     5.97069e-07
xdut.a|y__t1                      -7.10527e-56
xdut.en__t0                                3.3
xdut.\$27__t1                          1.49693
xdut.vss__t2                                 0
xdut.vddr__t2                           3.2993
xdut.a|y__t3                       0.000127377
xdut.a|y__t111                     5.97069e-07
xdut.\$27__t2                          1.49692
xdut.\$27__t0                          1.49692
xdut.en__t1                                3.3
xdut.a|y__t4                       4.06437e-11
xdut.vddr__t3                              3.3
xdut.vss__t3                                 0
xdut.\$29                              3.29998
xdut.a|y__t2                                 0
xdut.a|y__t12                          3.29998
xdut.vddr__t12                             3.3
xdut.vss__t12                                0
xdut.\$31                                  3.3
xdut.a|y__t22                          3.29998
xdut.a|y__t03                      5.96774e-07
xdut.vddr__t10                             3.3
xdut.vss__t10                                0
xdut.\$33                              3.29998
xdut.a|y__t23                      5.96512e-07
xdut.a|y__t04                          3.29998
xdut.vddr__t9                              3.3
xdut.vss__t9                                 0
xdut.\$35                                  3.3
xdut.a|y__t24                          3.29998
xdut.a|y__t05                      5.96273e-07
xdut.vddr__t7                              3.3
xdut.vss__t7                                 0
xdut.\$37                              3.29998
xdut.a|y__t25                      5.96011e-07
xdut.a|y__t06                          3.29998
xdut.vddr__t6                              3.3
xdut.vss__t6                                 0
xdut.\$39                                  3.3
xdut.a|y__t26                          3.29998
xdut.a|y__t07                      5.96288e-07
xdut.vddr__t4                              3.3
xdut.vss__t4                                 0
xdut.\$41                              3.29998
xdut.a|y__t27                      5.96026e-07
xdut.a|y__t08                          3.29998
xdut.vddr__t5                              3.3
xdut.vss__t5                                 0
xdut.\$43                                  3.3
xdut.a|y__t28                          3.29998
xdut.a|y__t09                      5.96789e-07
xdut.vddr__t8                              3.3
xdut.vss__t8                                 0
xdut.\$45                              3.29998
xdut.a|y__t29                      5.96527e-07
xdut.a|y__t010                         3.29998
xdut.vddr__t11                             3.3
xdut.vss__t11                                0
xdut.\$47                                  3.3
xdut.a|y__t210                         3.29998
xdut.a|y__t211                     5.97372e-07
xdut.\$27                              1.49692
n1                                           0
n2                                     3.29998
n3                                 5.96512e-07
n4                                     3.29998
n5                                 5.96011e-07
n6                                     3.29998
n7                                 5.96026e-07
n8                                     3.29998
n9                                 5.96527e-07
n10                                    3.29998
ro                                 5.97069e-07
ron                                 1.8093e-07
bron#branch                                  0
een#branch                                   0
vvsubs#branch                       3.4361e-11
vvss#branch                        7.03867e-10
vsupply#branch                    -7.43015e-06


No. of Data Rows : 130008

  Measurements for Transient Analysis

period_s            =  1.78767e-08 targ=  1.88511e-07 trig=  1.70634e-07
supply_current_avg_a=  -1.36693e-05 from=  3.00000e-07 to=  1.30000e-06
ro_swing_v          =  3.24351e+00 from=  3.00000e-07 to=  1.30000e-06

ngspice-46 done
