
Note: Compatibility modes selected: hs a


Circuit: * sampler-dff-reset-current-xsb @ ss_27c_2.97v -- generated by sim/harness, do not edit

Doing analysis at TEMP = 27.000000 and TNOM = 27.000000

Using SPARSE 1.3 as Direct Linear Solver

Initial Transient Solution
--------------------------

Node                                   Voltage
----                                   -------
vdd                                       2.97
rst_n                                        0
clk                                          0
d                                            0
xdut.clkb                                 2.97
xdut.m                             3.98152e-08
xdut.mb                                   2.97
xdut.mmid                           0.00760944
xdut.mc                            3.98408e-08
xdut.s                                    2.97
q                                  1.99214e-08
xdut.qb                                   2.97
xdut.s2mid                          0.00760939
qint                               2.97796e-21
vd#branch                          8.91672e-12
vdd#branch                        -3.86963e-11
vclk#branch                                  0
vrst#branch                                  0

 Reference value :  0.00000e+00
 Reference value :  1.53505e-09
 Reference value :  3.07105e-09
No. of Data Rows : 4720
qint1               =  1.41159e-06
qint2               =  1.47878e-06
qint3               =  1.49890e-06
qout_rst            =  -1.76091e-05
m_i_reset_xsb_a = 2.1829000000e-08
m_p_reset_xsb_w = 6.4832130000e-08
m_i_reset_xsb_first_a = 3.3594500000e-08
m_i_reset_xsb_last_a = 1.0063500000e-08
m_q_v = -1.760911000e-05
Note: Simulation executed from .control section 

Warning: m=xx on .subckt line will override multiplier m hierarchy!

