
Note: Compatibility modes selected: hs a


Circuit: * ro-array-core-startup @ tt_27c_2.97v -- generated by sim/harness, do not edit

Doing analysis at TEMP = 27.000000 and TNOM = 27.000000

Using SPARSE 1.3 as Direct Linear Solver

Initial Transient Solution
--------------------------

Node                                   Voltage
----                                   -------
vsup                                      2.97
en                                           0
xdut.xr1.xg.py                            2.97
xdut.xr1.n1                               2.97
xdut.ro1                                  2.97
xdut.xr1.xg.nm                         2.45665
xdut.xr1.xg.ny                     8.16795e-09
xdut.xr1.x1.py                            2.97
xdut.xr1.n2                        1.20185e-07
xdut.xr1.x1.ny                     1.02592e-07
xdut.xr1.x2.py                            2.97
xdut.xr1.n3                               2.97
xdut.xr1.x2.ny                     1.94423e-08
xdut.xr1.x3.py                            2.97
xdut.xr1.n4                        1.20185e-07
xdut.xr1.x3.ny                     1.02592e-07
xdut.xr1.x4.py                            2.97
xdut.xr1.n5                               2.97
xdut.xr1.x4.ny                     1.94423e-08
xdut.xr1.x5.py                            2.97
xdut.xr1.n6                        1.20185e-07
xdut.xr1.x5.ny                     1.02592e-07
xdut.xr1.x6.py                            2.97
xdut.xr1.n7                               2.97
xdut.xr1.x6.ny                     1.94423e-08
xdut.xr1.x7.py                            2.97
xdut.xr1.n8                        1.20185e-07
xdut.xr1.x7.ny                     1.02592e-07
xdut.xr1.x8.py                            2.97
xdut.xr1.n9                               2.97
xdut.xr1.x8.ny                     1.94423e-08
xdut.xr1.x9.py                            2.97
xdut.xr1.n10                       1.20185e-07
xdut.xr1.x9.ny                     1.02592e-07
xdut.xr1.x10.py                           2.97
xdut.xr1.x10.ny                    1.94423e-08
xdut.xr2.xg.py                            2.97
xdut.xr2.n1                               2.97
xdut.ro2                                  2.97
xdut.xr2.xg.nm                         2.45667
xdut.xr2.xg.ny                     7.58477e-09
xdut.xr2.x1.py                            2.97
xdut.xr2.n2                        1.12858e-07
xdut.xr2.x1.ny                     9.52657e-08
xdut.xr2.x2.py                            2.97
xdut.xr2.n3                               2.97
xdut.xr2.x2.ny                     1.80539e-08
xdut.xr2.x3.py                            2.97
xdut.xr2.n4                        1.12858e-07
xdut.xr2.x3.ny                     9.52657e-08
xdut.xr2.x4.py                            2.97
xdut.xr2.n5                               2.97
xdut.xr2.x4.ny                     1.80539e-08
xdut.xr2.x5.py                            2.97
xdut.xr2.n6                        1.12858e-07
xdut.xr2.x5.ny                     9.52657e-08
xdut.xr2.x6.py                            2.97
xdut.xr2.n7                               2.97
xdut.xr2.x6.ny                     1.80539e-08
xdut.xr2.x7.py                            2.97
xdut.xr2.n8                        1.12858e-07
xdut.xr2.x7.ny                     9.52657e-08
xdut.xr2.x8.py                            2.97
xdut.xr2.n9                               2.97
xdut.xr2.x8.ny                     1.80539e-08
xdut.xr2.x9.py                            2.97
xdut.xr2.n10                       1.12858e-07
xdut.xr2.x9.ny                     9.52657e-08
xdut.xr2.x10.py                           2.97
xdut.xr2.x10.ny                    1.80539e-08
xdut.xa1.an                        1.75926e-08
xdut.xa1.bn                        1.75926e-08
xdut.xa1.mid                          0.744401
xo                                 1.06488e-07
xdut.xa1.s1                        5.32441e-08
xdut.xa1.s2                        2.24349e-08
vth                                      1.485
bvth#branch                                  0
ven#branch                                   0
vsup#branch                       -1.02359e-10

 Reference value :  0.00000e+00
 Reference value :  6.86560e-10
 Reference value :  1.36656e-09
 Reference value :  2.05056e-09
 Reference value :  2.78256e-09
 Reference value :  3.47056e-09
 Reference value :  4.16256e-09
 Reference value :  4.85456e-09
 Reference value :  5.56117e-09
 Reference value :  6.22917e-09
 Reference value :  6.92717e-09
 Reference value :  7.62517e-09
 Reference value :  8.31917e-09
 Reference value :  9.00717e-09
 Reference value :  9.71117e-09
 Reference value :  1.04052e-08
 Reference value :  1.10832e-08
 Reference value :  1.17732e-08
 Reference value :  1.24572e-08
 Reference value :  1.31432e-08
 Reference value :  1.38292e-08
 Reference value :  1.45192e-08
 Reference value :  1.52292e-08
 Reference value :  1.59372e-08
 Reference value :  1.66672e-08
 Reference value :  1.73692e-08
 Reference value :  1.80852e-08
 Reference value :  1.87652e-08
 Reference value :  1.94692e-08
 Reference value :  2.01572e-08
 Reference value :  2.08332e-08
 Reference value :  2.15172e-08
 Reference value :  2.22152e-08
 Reference value :  2.29092e-08
 Reference value :  2.35952e-08
 Reference value :  2.43052e-08
 Reference value :  2.50012e-08
 Reference value :  2.56772e-08
 Reference value :  2.63852e-08
 Reference value :  2.70852e-08
 Reference value :  2.77932e-08
 Reference value :  2.84792e-08
 Reference value :  2.91672e-08
 Reference value :  2.98592e-08
 Reference value :  3.05412e-08
 Reference value :  3.12352e-08
 Reference value :  3.19712e-08
 Reference value :  3.26472e-08
 Reference value :  3.33172e-08
 Reference value :  3.40052e-08
 Reference value :  3.47092e-08
 Reference value :  3.54292e-08
 Reference value :  3.61152e-08
 Reference value :  3.68212e-08
 Reference value :  3.74932e-08
 Reference value :  3.81752e-08
 Reference value :  3.88552e-08
 Reference value :  3.95332e-08
 Reference value :  4.02692e-08
 Reference value :  4.09972e-08
 Reference value :  4.16892e-08
 Reference value :  4.23752e-08
 Reference value :  4.30612e-08
 Reference value :  4.38272e-08
 Reference value :  4.45172e-08
 Reference value :  4.51972e-08
 Reference value :  4.58932e-08
 Reference value :  4.66612e-08
 Reference value :  4.73592e-08
 Reference value :  4.80392e-08
 Reference value :  4.87032e-08
 Reference value :  4.93932e-08
 Reference value :  5.00972e-08
 Reference value :  5.07912e-08
 Reference value :  5.14672e-08
 Reference value :  5.21632e-08
 Reference value :  5.28552e-08
 Reference value :  5.35632e-08
 Reference value :  5.42592e-08
 Reference value :  5.49612e-08
 Reference value :  5.56532e-08
 Reference value :  5.67232e-08
 Reference value :  5.76152e-08
 Reference value :  5.83052e-08
 Reference value :  5.90152e-08
 Reference value :  5.97032e-08
 Reference value :  6.03912e-08
 Reference value :  6.10812e-08
 Reference value :  6.17652e-08
 Reference value :  6.24412e-08
 Reference value :  6.31132e-08
 Reference value :  6.38172e-08
 Reference value :  6.45132e-08
 Reference value :  6.51992e-08
 Reference value :  6.58772e-08
 Reference value :  6.65552e-08
 Reference value :  6.72432e-08
 Reference value :  6.79492e-08
 Reference value :  6.86512e-08
 Reference value :  6.93372e-08
 Reference value :  7.00072e-08
 Reference value :  7.07132e-08
 Reference value :  7.14192e-08
 Reference value :  7.21172e-08
 Reference value :  7.28052e-08
 Reference value :  7.35312e-08
 Reference value :  7.42232e-08
 Reference value :  7.49272e-08
 Reference value :  7.56132e-08
 Reference value :  7.63012e-08
 Reference value :  7.69972e-08
 Reference value :  7.76952e-08
 Reference value :  7.83892e-08
 Reference value :  7.90872e-08
 Reference value :  7.97852e-08
 Reference value :  8.04772e-08
 Reference value :  8.11632e-08
 Reference value :  8.18492e-08
 Reference value :  8.25272e-08
 Reference value :  8.32292e-08
 Reference value :  8.39212e-08
 Reference value :  8.46092e-08
 Reference value :  8.52892e-08
 Reference value :  8.59612e-08
 Reference value :  8.66452e-08
 Reference value :  8.73632e-08
 Reference value :  8.80612e-08
 Reference value :  8.87352e-08
 Reference value :  8.94212e-08
 Reference value :  9.00992e-08
 Reference value :  9.07752e-08
 Reference value :  9.14572e-08
 Reference value :  9.21572e-08
 Reference value :  9.28312e-08
 Reference value :  9.35452e-08
 Reference value :  9.42232e-08
 Reference value :  9.49252e-08
 Reference value :  9.56152e-08
 Reference value :  9.62772e-08
 Reference value :  9.69412e-08
 Reference value :  9.75812e-08
 Reference value :  9.82392e-08
 Reference value :  9.89092e-08
 Reference value :  9.95792e-08
 Reference value :  1.00237e-07
 Reference value :  1.00913e-07
 Reference value :  1.01605e-07
 Reference value :  1.02293e-07
 Reference value :  1.02971e-07
 Reference value :  1.03641e-07
 Reference value :  1.04321e-07
 Reference value :  1.05021e-07
 Reference value :  1.05707e-07
 Reference value :  1.06373e-07
 Reference value :  1.07049e-07
 Reference value :  1.07759e-07
 Reference value :  1.08435e-07
 Reference value :  1.09153e-07
 Reference value :  1.09843e-07
 Reference value :  1.10549e-07
 Reference value :  1.11269e-07
 Reference value :  1.11965e-07
 Reference value :  1.12637e-07
 Reference value :  1.13319e-07
 Reference value :  1.14051e-07
 Reference value :  1.14775e-07
 Reference value :  1.15459e-07
 Reference value :  1.16143e-07
 Reference value :  1.16815e-07
 Reference value :  1.17565e-07
 Reference value :  1.18261e-07
 Reference value :  1.18935e-07
 Reference value :  1.19597e-07
 Reference value :  1.20245e-07
 Reference value :  1.20899e-07
 Reference value :  1.21583e-07
 Reference value :  1.22221e-07
 Reference value :  1.22883e-07
 Reference value :  1.23577e-07
 Reference value :  1.24213e-07
 Reference value :  1.24853e-07
 Reference value :  1.25509e-07
 Reference value :  1.26181e-07
 Reference value :  1.26889e-07
 Reference value :  1.27553e-07
 Reference value :  1.28253e-07
 Reference value :  1.28923e-07
 Reference value :  1.29597e-07
 Reference value :  1.30273e-07
 Reference value :  1.30947e-07
 Reference value :  1.31637e-07
 Reference value :  1.32339e-07
 Reference value :  1.33027e-07
 Reference value :  1.33691e-07
 Reference value :  1.34371e-07
 Reference value :  1.35097e-07
 Reference value :  1.35801e-07
 Reference value :  1.36461e-07
 Reference value :  1.37137e-07
 Reference value :  1.37785e-07
 Reference value :  1.38453e-07
 Reference value :  1.39115e-07
 Reference value :  1.39779e-07
 Reference value :  1.40459e-07
 Reference value :  1.41123e-07
 Reference value :  1.41823e-07
 Reference value :  1.42497e-07
 Reference value :  1.43213e-07
 Reference value :  1.43889e-07
 Reference value :  1.44575e-07
 Reference value :  1.45261e-07
 Reference value :  1.45941e-07
 Reference value :  1.46625e-07
 Reference value :  1.47303e-07
 Reference value :  1.47977e-07
 Reference value :  1.48651e-07
 Reference value :  1.49345e-07
 Reference value :  1.50023e-07
 Reference value :  1.50723e-07
 Reference value :  1.51431e-07
 Reference value :  1.52115e-07
 Reference value :  1.52805e-07
 Reference value :  1.53493e-07
 Reference value :  1.54199e-07
 Reference value :  1.54897e-07
 Reference value :  1.55577e-07
 Reference value :  1.56263e-07
 Reference value :  1.56951e-07
 Reference value :  1.57657e-07
 Reference value :  1.58351e-07
 Reference value :  1.59057e-07
 Reference value :  1.59751e-07
 Reference value :  1.60435e-07
 Reference value :  1.61115e-07
 Reference value :  1.61809e-07
 Reference value :  1.62489e-07
 Reference value :  1.63175e-07
 Reference value :  1.63887e-07
 Reference value :  1.64565e-07
 Reference value :  1.65269e-07
 Reference value :  1.65965e-07
 Reference value :  1.66657e-07
 Reference value :  1.67329e-07
 Reference value :  1.68001e-07
 Reference value :  1.68695e-07
 Reference value :  1.69427e-07
 Reference value :  1.70111e-07
 Reference value :  1.70793e-07
 Reference value :  1.71471e-07
 Reference value :  1.72193e-07
 Reference value :  1.72895e-07
 Reference value :  1.73611e-07
 Reference value :  1.74307e-07
 Reference value :  1.74981e-07
 Reference value :  1.75665e-07
 Reference value :  1.76361e-07
 Reference value :  1.77035e-07
 Reference value :  1.77749e-07
 Reference value :  1.78451e-07
 Reference value :  1.79147e-07
 Reference value :  1.79843e-07
No. of Data Rows : 90016
t1r1                =  1.32440e-08
t2r1                =  2.13366e-08
t3r1                =  2.94252e-08
t4r1                =  3.75086e-08
t5r1                =  4.55853e-08
t6r1                =  5.36580e-08
t7r1                =  6.16789e-08
t8r1                =  6.97427e-08
t9r1                =  7.77822e-08
t10r1               =  8.58247e-08
t1r2                =  1.27135e-08
t2r2                =  2.03071e-08
t3r2                =  2.79001e-08
t4r2                =  3.54904e-08
t5r2                =  4.30784e-08
t6r2                =  5.06644e-08
t7r2                =  5.82528e-08
t8r2                =  6.58428e-08
t9r2                =  7.34252e-08
t10r2               =  8.10257e-08
t1xo                =  8.63296e-09
t2xo                =  1.28630e-08
t3xo                =  1.62301e-08
t4xo                =  2.04346e-08
vhi_early           =  3.09321e+00 at=  2.42252e-08
vlo_early           =  -4.33602e-02 at=  2.01592e-08
vhi_late            =  3.07289e+00 at=  1.53339e-07
vlo_late            =  -3.89960e-02 at=  1.73489e-07
vxhi_early          =  3.01282e+00 at=  3.30792e-08
vxlo_early          =  -9.80414e-03 at=  2.01532e-08
vxhi_late           =  3.01285e+00 at=  1.54113e-07
vxlo_late           =  -9.73011e-03 at=  1.79499e-07
v_off_ro1           =  2.97000e+00
v_off_xo            =  1.06488e-07
m_en_assert_s = 5.0000000000e-09
m_t1r1_s = 1.3243950000e-08
m_t2r1_s = 2.1336560000e-08
m_t3r1_s = 2.9425160000e-08
m_t4r1_s = 3.7508610000e-08
m_t5r1_s = 4.5585280000e-08
m_t6r1_s = 5.3658020000e-08
m_t7r1_s = 6.1678900000e-08
m_t8r1_s = 6.9742740000e-08
m_t9r1_s = 7.7782150000e-08
m_t10r1_s = 8.5824750000e-08
m_t1r2_s = 1.2713530000e-08
m_t2r2_s = 2.0307080000e-08
m_t3r2_s = 2.7900090000e-08
m_t4r2_s = 3.5490360000e-08
m_t5r2_s = 4.3078360000e-08
m_t6r2_s = 5.0664370000e-08
m_t7r2_s = 5.8252760000e-08
m_t8r2_s = 6.5842800000e-08
m_t9r2_s = 7.3425170000e-08
m_t10r2_s = 8.1025700000e-08
m_t1xo_s = 8.6329570000e-09
m_t2xo_s = 1.2863040000e-08
m_t3xo_s = 1.6230060000e-08
m_t4xo_s = 2.0434560000e-08
m_ring_swing_early_v = 3.1365691600e+00
m_ring_swing_late_v = 3.1118869700e+00
m_xo_swing_early_v = 3.0226271430e+00
m_xo_swing_late_v = 3.0225751090e+00
m_v_ro1_off_v = 2.9700000000e+00
m_v_xo_off_v = 1.0648820000e-07
Note: Simulation executed from .control section 

Warning: m=xx on .subckt line will override multiplier m hierarchy!

