
Note: Compatibility modes selected: hs a


Circuit: * ro-array-core-pvt-q @ ss_27c_3.30v -- generated by sim/harness, do not edit

Doing analysis at TEMP = 27.000000 and TNOM = 27.000000

Using SPARSE 1.3 as Direct Linear Solver

Initial Transient Solution
--------------------------

Node                                   Voltage
----                                   -------
vsup                                       3.3
en                                         3.3
vddr1                                      3.3
vddr2                                      3.3
vdd                                        3.3
xdut.xr1.xg.py                         1.69112
xdut.xr1.n1                                  0
xdut.rn1                           1.40636e-07
xdut.xr1.xg.nm                   -1.41713e-218
xdut.xr1.xg.ny                   -1.32494e-218
xdut.xr1.x1.py                             3.3
xdut.xr1.n2                                3.3
xdut.xr1.x1.ny                     1.45091e-09
xdut.xr1.x2.py                             3.3
xdut.xr1.n3                        1.40636e-07
xdut.xr1.x2.ny                     1.19952e-07
xdut.xr1.x3.py                             3.3
xdut.xr1.n4                                3.3
xdut.xr1.x3.ny                     1.45092e-09
xdut.xr1.x4.py                             3.3
xdut.xr1.n5                        1.40636e-07
xdut.xr1.x4.ny                     1.19952e-07
xdut.xr1.x5.py                             3.3
xdut.xr1.n6                                3.3
xdut.xr1.x5.ny                     1.45092e-09
xdut.xr1.x6.py                             3.3
xdut.xr1.n7                        1.40636e-07
xdut.xr1.x6.ny                     1.19952e-07
xdut.xr1.x7.py                             3.3
xdut.xr1.n8                                3.3
xdut.xr1.x7.ny                     1.45092e-09
xdut.xr1.x8.py                             3.3
xdut.xr1.n9                        1.40636e-07
xdut.xr1.x8.ny                     1.19952e-07
xdut.xr1.x9.py                             3.3
xdut.xr1.n10                               3.3
xdut.xr1.x9.ny                     1.45092e-09
xdut.xr1.x10.py                            3.3
xdut.xr1.x10.ny                    1.19952e-07
xdut.xr2.xg.py                         1.70771
xdut.xr2.n1                                  0
xdut.rn2                            1.3164e-07
xdut.xr2.xg.nm                   -3.08705e-207
xdut.xr2.xg.ny                   -2.87091e-207
xdut.xr2.x1.py                             3.3
xdut.xr2.n2                                3.3
xdut.xr2.x1.ny                      1.3421e-09
xdut.xr2.x2.py                             3.3
xdut.xr2.n3                         1.3164e-07
xdut.xr2.x2.ny                     1.10957e-07
xdut.xr2.x3.py                             3.3
xdut.xr2.n4                                3.3
xdut.xr2.x3.ny                     1.34211e-09
xdut.xr2.x4.py                             3.3
xdut.xr2.n5                         1.3164e-07
xdut.xr2.x4.ny                     1.10957e-07
xdut.xr2.x5.py                             3.3
xdut.xr2.n6                                3.3
xdut.xr2.x5.ny                     1.34211e-09
xdut.xr2.x6.py                             3.3
xdut.xr2.n7                         1.3164e-07
xdut.xr2.x6.ny                     1.10957e-07
xdut.xr2.x7.py                             3.3
xdut.xr2.n8                                3.3
xdut.xr2.x7.ny                     1.34211e-09
xdut.xr2.x8.py                             3.3
xdut.xr2.n9                         1.3164e-07
xdut.xr2.x8.ny                     1.10957e-07
xdut.xr2.x9.py                             3.3
xdut.xr2.n10                               3.3
xdut.xr2.x9.ny                     1.34211e-09
xdut.xr2.x10.py                            3.3
xdut.xr2.x10.ny                    1.10957e-07
ro1                                        3.3
ro2                                        3.3
xdut.xa1.an                        2.06834e-08
xdut.xa1.bn                        2.06834e-08
xdut.xa1.mid                           0.91804
xo                                 1.20476e-07
xdut.xa1.s1                        6.02381e-08
xdut.xa1.s2                        3.05972e-09
q1                                -7.52228e-16
q2                                -7.99873e-16
qt                                -2.94555e-21
vth                                       1.65
bvth#branch                                  0
vtr#branch                         2.94555e-11
vr2#branch                         7.99873e-06
vr1#branch                         7.52228e-06
ven#branch                                   0
vsup#branch                        -1.5521e-05

 Reference value :  0.00000e+00
 Reference value :  2.05640e-09
 Reference value :  4.12140e-09
 Reference value :  6.23140e-09
 Reference value :  8.41640e-09
 Reference value :  1.05664e-08
 Reference value :  1.27514e-08
 Reference value :  1.49164e-08
 Reference value :  1.69364e-08
 Reference value :  1.91314e-08
 Reference value :  2.13014e-08
 Reference value :  2.33614e-08
 Reference value :  2.54764e-08
 Reference value :  2.77164e-08
 Reference value :  2.98514e-08
 Reference value :  3.18364e-08
 Reference value :  3.39864e-08
 Reference value :  3.61414e-08
 Reference value :  3.82414e-08
 Reference value :  4.04364e-08
 Reference value :  4.25364e-08
 Reference value :  4.46114e-08
 Reference value :  4.67614e-08
 Reference value :  4.89514e-08
 Reference value :  5.10014e-08
 Reference value :  5.32414e-08
 Reference value :  5.52364e-08
 Reference value :  5.73864e-08
 Reference value :  5.95514e-08
 Reference value :  6.16314e-08
 Reference value :  6.36964e-08
 Reference value :  6.58614e-08
 Reference value :  6.79764e-08
 Reference value :  7.01064e-08
 Reference value :  7.22864e-08
 Reference value :  7.43864e-08
 Reference value :  7.64414e-08
 Reference value :  7.85914e-08
 Reference value :  8.06914e-08
 Reference value :  8.27764e-08
 Reference value :  8.50714e-08
 Reference value :  8.71864e-08
 Reference value :  8.93114e-08
 Reference value :  9.14414e-08
 Reference value :  9.36714e-08
 Reference value :  9.60764e-08
 Reference value :  9.87414e-08
 Reference value :  1.00961e-07
 Reference value :  1.03316e-07
 Reference value :  1.05716e-07
 Reference value :  1.07841e-07
 Reference value :  1.10376e-07
 Reference value :  1.12536e-07
 Reference value :  1.14741e-07
 Reference value :  1.16981e-07
 Reference value :  1.19731e-07
 Reference value :  1.22256e-07
 Reference value :  1.24541e-07
 Reference value :  1.26576e-07
 Reference value :  1.28801e-07
 Reference value :  1.30881e-07
 Reference value :  1.33036e-07
 Reference value :  1.35136e-07
 Reference value :  1.37266e-07
 Reference value :  1.39571e-07
 Reference value :  1.41856e-07
 Reference value :  1.44021e-07
 Reference value :  1.46191e-07
 Reference value :  1.48386e-07
 Reference value :  1.50476e-07
 Reference value :  1.52856e-07
 Reference value :  1.55611e-07
 Reference value :  1.57821e-07
 Reference value :  1.60356e-07
 Reference value :  1.62946e-07
 Reference value :  1.65486e-07
 Reference value :  1.67986e-07
 Reference value :  1.70161e-07
 Reference value :  1.72206e-07
 Reference value :  1.74421e-07
 Reference value :  1.76601e-07
 Reference value :  1.78761e-07
 Reference value :  1.80831e-07
 Reference value :  1.83001e-07
 Reference value :  1.85211e-07
 Reference value :  1.87261e-07
 Reference value :  1.89341e-07
 Reference value :  1.91741e-07
 Reference value :  1.93906e-07
 Reference value :  1.96471e-07
 Reference value :  1.99356e-07
 Reference value :  2.01571e-07
 Reference value :  2.03631e-07
 Reference value :  2.05831e-07
 Reference value :  2.08161e-07
 Reference value :  2.10461e-07
 Reference value :  2.12716e-07
 Reference value :  2.14836e-07
 Reference value :  2.16971e-07
 Reference value :  2.19221e-07
 Reference value :  2.21181e-07
 Reference value :  2.23441e-07
 Reference value :  2.25686e-07
 Reference value :  2.27796e-07
 Reference value :  2.29931e-07
 Reference value :  2.32301e-07
 Reference value :  2.34496e-07
 Reference value :  2.36626e-07
 Reference value :  2.39166e-07
 Reference value :  2.41176e-07
 Reference value :  2.43531e-07
 Reference value :  2.45721e-07
 Reference value :  2.47841e-07
 Reference value :  2.50026e-07
 Reference value :  2.52231e-07
 Reference value :  2.54656e-07
 Reference value :  2.57021e-07
 Reference value :  2.59111e-07
 Reference value :  2.61376e-07
 Reference value :  2.64026e-07
 Reference value :  2.66246e-07
 Reference value :  2.68596e-07
 Reference value :  2.71226e-07
 Reference value :  2.73286e-07
 Reference value :  2.75401e-07
 Reference value :  2.77581e-07
 Reference value :  2.79796e-07
 Reference value :  2.82101e-07
 Reference value :  2.84321e-07
 Reference value :  2.86496e-07
 Reference value :  2.88556e-07
 Reference value :  2.90646e-07
 Reference value :  2.92926e-07
 Reference value :  2.95086e-07
 Reference value :  2.97191e-07
 Reference value :  2.99421e-07
No. of Data Rows : 60008
t1a                 =  1.64479e-08
t1b                 =  4.90044e-08
t2a                 =  1.53587e-08
t2b                 =  4.57158e-08
c1a                 =  -2.33389e-04
c1b                 =  -7.06741e-04
c2a                 =  -2.32705e-04
c2b                 =  -7.04648e-04
cta                 =  -1.78616e-04
ctb                 =  -5.71889e-04
vhi                 =  3.42796e+00 at=  2.39591e-07
vlo                 =  -2.94743e-02 at=  2.92766e-07
vxhi                =  3.41849e+00 at=  2.92671e-07
vxlo                =  -5.81720e-02 at=  2.35496e-07
m_period_r1 = 8.1391175000e-09
m_period_r2 = 7.5892650000e-09
m_f_r1 = 1.2286344312e+08
m_f_r2 = 1.3176506552e+08
m_i_r1_a = -1.453943563e-05
m_i_r2_a = -1.554641326e-05
m_i_tree_a = -1.207970643e-05
m_e_cycle_r1_j = -3.905159775e-13
m_c_eff_node_r1_f = -3.260004821e-15
m_ring_swing_v = 3.4574312600e+00
m_xo_swing_v = 3.4766659800e+00
m_i_total_a = -4.216555532e-05
m_p_rings_w = -9.928330133e-05
m_p_total_w = -1.391463326e-04
m_xo_trans_per_s = 5.0925701728e+08
Note: Simulation executed from .control section 

Warning: m=xx on .subckt line will override multiplier m hierarchy!

