
Note: Compatibility modes selected: hs a


Circuit: * sampler-dff-setup-hold @ sf_-40c_3.63v -- generated by sim/harness, do not edit

Doing analysis at TEMP = -40.000000 and TNOM = 27.000000

Using SPARSE 1.3 as Direct Linear Solver

Initial Transient Solution
--------------------------

Node                                   Voltage
----                                   -------
vdd                                       3.63
rst_n                                        0
clk                                          0
d                                            0
xdut.clkb                                 3.63
xdut.m                             3.45391e-08
xdut.mb                                   3.63
xdut.mmid                          3.21328e-05
xdut.mc                             3.5029e-08
xdut.s                                    3.63
q                                  1.75147e-08
xdut.qb                                   3.63
xdut.s2mid                         3.21328e-05
vth                                      1.815
bvth#branch                                  0
vd#branch                          1.09996e-11
vclk#branch                                  0
vrst#branch                                  0
vdd#branch                         -4.7619e-11

 Reference value :  0.00000e+00
 Reference value :  1.54032e-07
 Reference value :  3.14564e-07
 Reference value :  4.78764e-07
 Reference value :  6.41764e-07
 Reference value :  8.02354e-07
 Reference value :  9.70754e-07
 Reference value :  1.13785e-06
 Reference value :  1.30152e-06
 Reference value :  1.41672e-06
 Reference value :  1.53302e-06
 Reference value :  1.66242e-06
 Reference value :  1.79632e-06
 Reference value :  1.96081e-06
 Reference value :  2.12851e-06
 Reference value :  2.29251e-06
 Reference value :  2.45526e-06
 Reference value :  2.62336e-06
 Reference value :  2.78736e-06
 Reference value :  2.94607e-06
 Reference value :  3.11337e-06
 Reference value :  3.28447e-06
 Reference value :  3.44429e-06
 Reference value :  3.60889e-06
 Reference value :  3.77629e-06
 Reference value :  3.94231e-06
 Reference value :  4.10961e-06
 Reference value :  4.27621e-06
 Reference value :  4.43666e-06
 Reference value :  4.59834e-06
 Reference value :  4.76644e-06
 Reference value :  4.92847e-06
 Reference value :  5.09617e-06
 Reference value :  5.25847e-06
 Reference value :  5.41737e-06
 Reference value :  5.58307e-06
 Reference value :  5.74527e-06
 Reference value :  5.90801e-06
 Reference value :  6.07501e-06
 Reference value :  6.24161e-06
 Reference value :  6.40126e-06
No. of Data Rows : 65282
tclk1               =  3.00001e-07
tclk2               =  1.30000e-06
tq_r1               =  3.00086e-07
tq_f1               =  1.30011e-06
q_rst               =  1.75147e-08
q_e1                =  3.63000e+00
q_e2                =  6.98602e-06
q_e3a               =  -1.46343e-06
q_e3b               =  -9.99472e-07
q_e3c               =  -9.55757e-07
q_e4                =  3.07682e-06
q_e5a               =  3.63185e+00
q_e5b               =  3.63000e+00
q_e5c               =  3.63000e+00
q_e6                =  -6.79879e-06
q_e7a               =  3.63048e+00
q_e7b               =  3.63000e+00
q_e7c               =  3.63000e+00
m_tpd_clk_q_rise_s = 8.5400000000e-11
m_tpd_clk_q_fall_s = 1.1100000000e-10
m_q_rst_v = 1.7514650000e-08
m_q_e1_v = 3.6299990000e+00
m_q_e2_v = 6.9860240000e-06
m_q_e4_v = 3.0768230000e-06
m_q_e3_1ns_v = -1.463434000e-06
m_q_e3_10ns_v = -9.994716000e-07
m_q_e3_100ns_v = -9.557566000e-07
m_q_e3_drift_v = 5.0767740000e-07
m_q_e3_rail_dev_v = -9.557566001e-07
m_q_e5_1ns_v = 3.6318510000e+00
m_q_e5_10ns_v = 3.6300020000e+00
m_q_e5_100ns_v = 3.6300020000e+00
m_q_e5_drift_v = -1.849000000e-03
m_q_e5_rail_dev_v = -1.999996948e-06
m_q_e6_v = -6.798789000e-06
m_q_e7_1ns_v = 3.6304840000e+00
m_q_e7_10ns_v = 3.6300000000e+00
m_q_e7_100ns_v = 3.6299990000e+00
m_q_e7_drift_v = -4.850000000e-04
m_q_e7_rail_dev_v = 1.0000030528e-06
Note: Simulation executed from .control section 

Warning: m=xx on .subckt line will override multiplier m hierarchy!

