
Note: Compatibility modes selected: hs a


Circuit: * ro-array-core-pvt-q @ ff_-40c_2.97v -- generated by sim/harness, do not edit

Doing analysis at TEMP = -40.000000 and TNOM = 27.000000

Using SPARSE 1.3 as Direct Linear Solver

Initial Transient Solution
--------------------------

Node                                   Voltage
----                                   -------
vsup                                      2.97
en                                        2.97
vddr1                                     2.97
vddr2                                     2.97
vdd                                       2.97
xdut.xr1.xg.py                         1.42826
xdut.xr1.n1                                  0
xdut.ro1                           7.97116e-08
xdut.xr1.xg.nm                    -1.31286e-63
xdut.xr1.xg.ny                    -1.21453e-63
xdut.xr1.x1.py                            2.97
xdut.xr1.n2                               2.97
xdut.xr1.x1.ny                     1.21876e-09
xdut.xr1.x2.py                            2.97
xdut.xr1.n3                        7.97116e-08
xdut.xr1.x2.ny                     6.67025e-08
xdut.xr1.x3.py                            2.97
xdut.xr1.n4                               2.97
xdut.xr1.x3.ny                     1.21876e-09
xdut.xr1.x4.py                            2.97
xdut.xr1.n5                        7.97116e-08
xdut.xr1.x4.ny                     6.67025e-08
xdut.xr1.x5.py                            2.97
xdut.xr1.n6                               2.97
xdut.xr1.x5.ny                     1.21876e-09
xdut.xr1.x6.py                            2.97
xdut.xr1.n7                        7.97116e-08
xdut.xr1.x6.ny                     6.67025e-08
xdut.xr1.x7.py                            2.97
xdut.xr1.n8                               2.97
xdut.xr1.x7.ny                     1.21876e-09
xdut.xr1.x8.py                            2.97
xdut.xr1.n9                        7.97116e-08
xdut.xr1.x8.ny                     6.67025e-08
xdut.xr1.x9.py                            2.97
xdut.xr1.n10                              2.97
xdut.xr1.x9.ny                     1.21876e-09
xdut.xr1.x10.py                           2.97
xdut.xr1.x10.ny                    6.67025e-08
xdut.xr2.xg.py                         1.44224
xdut.xr2.n1                                  0
xdut.ro2                           7.51593e-08
xdut.xr2.xg.nm                   -4.04635e-164
xdut.xr2.xg.ny                   -3.72261e-164
xdut.xr2.x1.py                            2.97
xdut.xr2.n2                               2.97
xdut.xr2.x1.ny                     1.13558e-09
xdut.xr2.x2.py                            2.97
xdut.xr2.n3                        7.51593e-08
xdut.xr2.x2.ny                     6.21502e-08
xdut.xr2.x3.py                            2.97
xdut.xr2.n4                               2.97
xdut.xr2.x3.ny                     1.13558e-09
xdut.xr2.x4.py                            2.97
xdut.xr2.n5                        7.51593e-08
xdut.xr2.x4.ny                     6.21502e-08
xdut.xr2.x5.py                            2.97
xdut.xr2.n6                               2.97
xdut.xr2.x5.ny                     1.13558e-09
xdut.xr2.x6.py                            2.97
xdut.xr2.n7                        7.51593e-08
xdut.xr2.x6.ny                     6.21502e-08
xdut.xr2.x7.py                            2.97
xdut.xr2.n8                               2.97
xdut.xr2.x7.ny                     1.13558e-09
xdut.xr2.x8.py                            2.97
xdut.xr2.n9                        7.51593e-08
xdut.xr2.x8.ny                     6.21502e-08
xdut.xr2.x9.py                            2.97
xdut.xr2.n10                              2.97
xdut.xr2.x9.ny                     1.13558e-09
xdut.xr2.x10.py                           2.97
xdut.xr2.x10.ny                    6.21502e-08
xdut.xa1.an                               2.97
xdut.xa1.bn                               2.97
xdut.xa1.mid                              2.97
xo                                 3.21249e-08
xdut.xa1.s1                        3.29444e-10
xdut.xa1.s2                        1.60625e-08
q1                                -1.07966e-15
q2                                -1.13971e-15
qt                                -1.20443e-21
vth                                      1.485
bvth#branch                                  0
vtr#branch                         1.20443e-11
vr2#branch                         1.13971e-05
vr1#branch                         1.07966e-05
ven#branch                                   0
vsup#branch                       -2.21937e-05

 Reference value :  0.00000e+00
 Reference value :  1.63140e-09
 Reference value :  3.41140e-09
 Reference value :  5.10140e-09
 Reference value :  6.79140e-09
 Reference value :  8.53140e-09
 Reference value :  1.02314e-08
 Reference value :  1.19364e-08
 Reference value :  1.37614e-08
 Reference value :  1.55514e-08
 Reference value :  1.72814e-08
 Reference value :  1.90014e-08
 Reference value :  2.06714e-08
 Reference value :  2.23464e-08
 Reference value :  2.40914e-08
 Reference value :  2.58464e-08
 Reference value :  2.75014e-08
 Reference value :  2.92714e-08
 Reference value :  3.09614e-08
 Reference value :  3.26814e-08
 Reference value :  3.43814e-08
 Reference value :  3.60714e-08
 Reference value :  3.77814e-08
 Reference value :  3.95314e-08
 Reference value :  4.12614e-08
 Reference value :  4.29864e-08
 Reference value :  4.46414e-08
 Reference value :  4.63914e-08
 Reference value :  4.81364e-08
 Reference value :  4.98114e-08
 Reference value :  5.15814e-08
 Reference value :  5.33014e-08
 Reference value :  5.50714e-08
 Reference value :  5.68214e-08
 Reference value :  5.85464e-08
 Reference value :  6.02714e-08
 Reference value :  6.20114e-08
 Reference value :  6.37114e-08
 Reference value :  6.54714e-08
 Reference value :  6.71664e-08
 Reference value :  6.88564e-08
 Reference value :  7.06464e-08
 Reference value :  7.24214e-08
 Reference value :  7.41264e-08
 Reference value :  7.58714e-08
 Reference value :  7.76514e-08
 Reference value :  7.93714e-08
 Reference value :  8.10414e-08
 Reference value :  8.27514e-08
 Reference value :  8.44814e-08
 Reference value :  8.61964e-08
 Reference value :  8.79214e-08
 Reference value :  8.96064e-08
 Reference value :  9.13364e-08
 Reference value :  9.30214e-08
 Reference value :  9.47614e-08
 Reference value :  9.64764e-08
 Reference value :  9.82264e-08
 Reference value :  9.99364e-08
 Reference value :  1.01656e-07
 Reference value :  1.03441e-07
 Reference value :  1.05141e-07
 Reference value :  1.07021e-07
 Reference value :  1.08746e-07
 Reference value :  1.10451e-07
 Reference value :  1.12156e-07
 Reference value :  1.13911e-07
 Reference value :  1.15651e-07
 Reference value :  1.17391e-07
 Reference value :  1.19131e-07
 Reference value :  1.20861e-07
 Reference value :  1.22606e-07
 Reference value :  1.24311e-07
 Reference value :  1.26036e-07
 Reference value :  1.27781e-07
 Reference value :  1.29536e-07
 Reference value :  1.31206e-07
 Reference value :  1.32911e-07
 Reference value :  1.34576e-07
 Reference value :  1.36316e-07
 Reference value :  1.38011e-07
 Reference value :  1.39726e-07
 Reference value :  1.41521e-07
 Reference value :  1.43311e-07
 Reference value :  1.45166e-07
 Reference value :  1.47116e-07
 Reference value :  1.49116e-07
 Reference value :  1.51066e-07
 Reference value :  1.52801e-07
 Reference value :  1.54571e-07
 Reference value :  1.56846e-07
 Reference value :  1.58576e-07
 Reference value :  1.60376e-07
 Reference value :  1.62126e-07
 Reference value :  1.63861e-07
 Reference value :  1.65621e-07
 Reference value :  1.67476e-07
 Reference value :  1.69406e-07
 Reference value :  1.71281e-07
 Reference value :  1.73121e-07
 Reference value :  1.75006e-07
 Reference value :  1.76821e-07
 Reference value :  1.78571e-07
 Reference value :  1.80336e-07
 Reference value :  1.82061e-07
 Reference value :  1.83781e-07
 Reference value :  1.85581e-07
 Reference value :  1.87266e-07
 Reference value :  1.88961e-07
 Reference value :  1.90726e-07
 Reference value :  1.92416e-07
 Reference value :  1.94096e-07
 Reference value :  1.95796e-07
 Reference value :  1.97481e-07
 Reference value :  1.99221e-07
 Reference value :  2.00936e-07
 Reference value :  2.02606e-07
 Reference value :  2.04311e-07
 Reference value :  2.06101e-07
 Reference value :  2.07861e-07
 Reference value :  2.09581e-07
 Reference value :  2.11301e-07
 Reference value :  2.13081e-07
 Reference value :  2.14796e-07
 Reference value :  2.16571e-07
 Reference value :  2.18311e-07
 Reference value :  2.20011e-07
 Reference value :  2.21796e-07
 Reference value :  2.23491e-07
 Reference value :  2.25196e-07
 Reference value :  2.26981e-07
 Reference value :  2.28686e-07
 Reference value :  2.30471e-07
 Reference value :  2.32236e-07
 Reference value :  2.33981e-07
 Reference value :  2.35711e-07
 Reference value :  2.37451e-07
 Reference value :  2.39151e-07
 Reference value :  2.40891e-07
 Reference value :  2.42601e-07
 Reference value :  2.44306e-07
 Reference value :  2.46006e-07
 Reference value :  2.47751e-07
 Reference value :  2.49461e-07
 Reference value :  2.51176e-07
 Reference value :  2.52921e-07
 Reference value :  2.54646e-07
 Reference value :  2.56441e-07
 Reference value :  2.58151e-07
 Reference value :  2.59891e-07
 Reference value :  2.61601e-07
 Reference value :  2.63346e-07
 Reference value :  2.65066e-07
 Reference value :  2.66841e-07
 Reference value :  2.68676e-07
 Reference value :  2.70466e-07
 Reference value :  2.72171e-07
 Reference value :  2.73911e-07
 Reference value :  2.75691e-07
 Reference value :  2.77361e-07
 Reference value :  2.79316e-07
 Reference value :  2.81266e-07
 Reference value :  2.82961e-07
 Reference value :  2.84691e-07
 Reference value :  2.86396e-07
 Reference value :  2.88066e-07
 Reference value :  2.89826e-07
 Reference value :  2.91551e-07
 Reference value :  2.93261e-07
 Reference value :  2.94976e-07
 Reference value :  2.96726e-07
 Reference value :  2.98391e-07
No. of Data Rows : 60008
t1a                 =  8.06660e-09
t1b                 =  2.87524e-08
t2a                 =  7.58600e-09
t2b                 =  2.70885e-08
c1a                 =  -1.75612e-04
c1b                 =  -6.45369e-04
c2a                 =  -1.75566e-04
c2b                 =  -6.47536e-04
cta                 =  -1.54464e-04
ctb                 =  -6.24294e-04
vhi                 =  3.07854e+00 at=  2.73331e-07
vlo                 =  -5.05806e-02 at=  2.29336e-07
vxhi                =  3.03945e+00 at=  2.24301e-07
vxlo                =  -2.30881e-02 at=  2.58126e-07
m_period_r1 = 5.1714432500e-09
m_period_r2 = 4.8756202500e-09
m_f_r1 = 1.9336961689e+08
m_f_r2 = 2.0510210983e+08
m_i_r1_a = -2.270919245e-05
m_i_r2_a = -2.420048506e-05
m_i_tree_a = -2.271269244e-05
m_e_cycle_r1_j = -3.487947210e-13
m_c_eff_node_r1_f = -3.594713805e-15
m_ring_swing_v = 3.1291206200e+00
m_xo_swing_v = 3.0625380900e+00
m_i_total_a = -6.962236994e-05
m_p_rings_w = -1.393217422e-04
m_p_total_w = -2.067784387e-04
m_xo_trans_per_s = 7.9694345343e+08
Note: Simulation executed from .control section 

Warning: m=xx on .subckt line will override multiplier m hierarchy!

