
Note: Compatibility modes selected: hs a


Circuit: * ro-array-core-startup @ ff_27c_3.30v -- generated by sim/harness, do not edit

Doing analysis at TEMP = 27.000000 and TNOM = 27.000000

Using SPARSE 1.3 as Direct Linear Solver

Initial Transient Solution
--------------------------

Node                                   Voltage
----                                   -------
vsup                                       3.3
en                                           0
xdut.xr1.xg.py                             3.3
xdut.xr1.n1                                3.3
xdut.ro1                                   3.3
xdut.xr1.xg.nm                         2.84823
xdut.xr1.xg.ny                     1.77621e-07
xdut.xr1.x1.py                             3.3
xdut.xr1.n2                        1.17463e-07
xdut.xr1.x1.ny                     9.99479e-08
xdut.xr1.x2.py                             3.3
xdut.xr1.n3                                3.3
xdut.xr1.x2.ny                     4.27774e-07
xdut.xr1.x3.py                             3.3
xdut.xr1.n4                        1.17463e-07
xdut.xr1.x3.ny                     9.99479e-08
xdut.xr1.x4.py                             3.3
xdut.xr1.n5                                3.3
xdut.xr1.x4.ny                     4.27774e-07
xdut.xr1.x5.py                             3.3
xdut.xr1.n6                        1.17463e-07
xdut.xr1.x5.ny                     9.99479e-08
xdut.xr1.x6.py                             3.3
xdut.xr1.n7                                3.3
xdut.xr1.x6.ny                     4.27774e-07
xdut.xr1.x7.py                             3.3
xdut.xr1.n8                        1.17463e-07
xdut.xr1.x7.ny                     9.99479e-08
xdut.xr1.x8.py                             3.3
xdut.xr1.n9                                3.3
xdut.xr1.x8.ny                     4.27774e-07
xdut.xr1.x9.py                             3.3
xdut.xr1.n10                       1.17463e-07
xdut.xr1.x9.ny                     9.99479e-08
xdut.xr1.x10.py                            3.3
xdut.xr1.x10.ny                    4.27774e-07
xdut.xr2.xg.py                             3.3
xdut.xr2.n1                                3.3
xdut.ro2                                   3.3
xdut.xr2.xg.nm                         2.84824
xdut.xr2.xg.ny                     1.65604e-07
xdut.xr2.x1.py                             3.3
xdut.xr2.n2                          1.107e-07
xdut.xr2.x1.ny                     9.31851e-08
xdut.xr2.x2.py                             3.3
xdut.xr2.n3                                3.3
xdut.xr2.x2.ny                     3.98829e-07
xdut.xr2.x3.py                             3.3
xdut.xr2.n4                          1.107e-07
xdut.xr2.x3.ny                     9.31851e-08
xdut.xr2.x4.py                             3.3
xdut.xr2.n5                                3.3
xdut.xr2.x4.ny                     3.98829e-07
xdut.xr2.x5.py                             3.3
xdut.xr2.n6                          1.107e-07
xdut.xr2.x5.ny                     9.31851e-08
xdut.xr2.x6.py                             3.3
xdut.xr2.n7                                3.3
xdut.xr2.x6.ny                     3.98829e-07
xdut.xr2.x7.py                             3.3
xdut.xr2.n8                          1.107e-07
xdut.xr2.x7.ny                     9.31851e-08
xdut.xr2.x8.py                             3.3
xdut.xr2.n9                                3.3
xdut.xr2.x8.ny                     3.98829e-07
xdut.xr2.x9.py                             3.3
xdut.xr2.n10                         1.107e-07
xdut.xr2.x9.ny                     9.31851e-08
xdut.xr2.x10.py                            3.3
xdut.xr2.x10.ny                    3.98829e-07
xdut.xa1.an                        1.75148e-08
xdut.xa1.bn                        1.75148e-08
xdut.xa1.mid                          0.647256
xo                                 1.07344e-07
xdut.xa1.s1                        5.36722e-08
xdut.xa1.s2                        4.90603e-08
vth                                       1.65
bvth#branch                                  0
ven#branch                                   0
vsup#branch                       -2.80337e-10

 Reference value :  0.00000e+00
 Reference value :  6.48560e-10
 Reference value :  1.32656e-09
 Reference value :  2.02656e-09
 Reference value :  2.72656e-09
 Reference value :  3.42256e-09
 Reference value :  4.14056e-09
 Reference value :  4.82056e-09
 Reference value :  5.53117e-09
 Reference value :  6.22117e-09
 Reference value :  6.91317e-09
 Reference value :  7.63117e-09
 Reference value :  8.33317e-09
 Reference value :  9.04917e-09
 Reference value :  9.76917e-09
 Reference value :  1.04592e-08
 Reference value :  1.11732e-08
 Reference value :  1.18652e-08
 Reference value :  1.25452e-08
 Reference value :  1.32612e-08
 Reference value :  1.39512e-08
 Reference value :  1.46852e-08
 Reference value :  1.53932e-08
 Reference value :  1.61032e-08
 Reference value :  1.67972e-08
 Reference value :  1.75012e-08
 Reference value :  1.82012e-08
 Reference value :  1.88912e-08
 Reference value :  1.95992e-08
 Reference value :  2.03112e-08
 Reference value :  2.10952e-08
 Reference value :  2.18652e-08
 Reference value :  2.26372e-08
 Reference value :  2.34032e-08
 Reference value :  2.41872e-08
 Reference value :  2.49152e-08
 Reference value :  2.56532e-08
 Reference value :  2.64232e-08
 Reference value :  2.71812e-08
 Reference value :  2.79632e-08
 Reference value :  2.87172e-08
 Reference value :  2.94672e-08
 Reference value :  3.01952e-08
 Reference value :  3.09152e-08
 Reference value :  3.16712e-08
 Reference value :  3.24952e-08
 Reference value :  3.32452e-08
 Reference value :  3.39832e-08
 Reference value :  3.47332e-08
 Reference value :  3.54932e-08
 Reference value :  3.62652e-08
 Reference value :  3.69932e-08
 Reference value :  3.77192e-08
 Reference value :  3.84692e-08
 Reference value :  3.91572e-08
 Reference value :  3.99012e-08
 Reference value :  4.06552e-08
 Reference value :  4.13712e-08
 Reference value :  4.20892e-08
 Reference value :  4.27712e-08
 Reference value :  4.34952e-08
 Reference value :  4.41772e-08
 Reference value :  4.48692e-08
 Reference value :  4.56152e-08
 Reference value :  4.63552e-08
 Reference value :  4.70992e-08
 Reference value :  4.78452e-08
 Reference value :  4.85172e-08
 Reference value :  4.92052e-08
 Reference value :  4.99052e-08
 Reference value :  5.06332e-08
 Reference value :  5.13512e-08
 Reference value :  5.20352e-08
 Reference value :  5.27192e-08
 Reference value :  5.33932e-08
 Reference value :  5.40852e-08
 Reference value :  5.49052e-08
 Reference value :  5.56032e-08
 Reference value :  5.63072e-08
 Reference value :  5.70472e-08
 Reference value :  5.77512e-08
 Reference value :  5.84392e-08
 Reference value :  5.91152e-08
 Reference value :  5.98032e-08
 Reference value :  6.05012e-08
 Reference value :  6.12032e-08
 Reference value :  6.18852e-08
 Reference value :  6.25772e-08
 Reference value :  6.32772e-08
 Reference value :  6.39632e-08
 Reference value :  6.46452e-08
 Reference value :  6.53332e-08
 Reference value :  6.60432e-08
 Reference value :  6.67312e-08
 Reference value :  6.74072e-08
 Reference value :  6.81112e-08
 Reference value :  6.87912e-08
 Reference value :  6.94592e-08
 Reference value :  7.01452e-08
 Reference value :  7.08392e-08
 Reference value :  7.15432e-08
 Reference value :  7.22292e-08
 Reference value :  7.29372e-08
 Reference value :  7.36152e-08
 Reference value :  7.43112e-08
 Reference value :  7.50072e-08
 Reference value :  7.56932e-08
 Reference value :  7.63892e-08
 Reference value :  7.70872e-08
 Reference value :  7.77872e-08
 Reference value :  7.85092e-08
 Reference value :  7.92012e-08
 Reference value :  7.98892e-08
 Reference value :  8.05792e-08
 Reference value :  8.12652e-08
 Reference value :  8.19692e-08
 Reference value :  8.26792e-08
 Reference value :  8.33812e-08
 Reference value :  8.41152e-08
 Reference value :  8.48292e-08
 Reference value :  8.55112e-08
 Reference value :  8.62072e-08
 Reference value :  8.69192e-08
 Reference value :  8.75912e-08
 Reference value :  8.82732e-08
 Reference value :  8.89552e-08
 Reference value :  8.96352e-08
 Reference value :  9.03292e-08
 Reference value :  9.10232e-08
 Reference value :  9.17272e-08
 Reference value :  9.23952e-08
 Reference value :  9.30812e-08
 Reference value :  9.37952e-08
 Reference value :  9.44852e-08
 Reference value :  9.51692e-08
 Reference value :  9.58692e-08
 Reference value :  9.65512e-08
 Reference value :  9.72532e-08
 Reference value :  9.79532e-08
 Reference value :  9.86852e-08
 Reference value :  9.93992e-08
 Reference value :  1.00077e-07
 Reference value :  1.00789e-07
 Reference value :  1.01471e-07
 Reference value :  1.02145e-07
 Reference value :  1.02841e-07
 Reference value :  1.03541e-07
 Reference value :  1.04249e-07
 Reference value :  1.04945e-07
 Reference value :  1.05615e-07
 Reference value :  1.06321e-07
 Reference value :  1.06989e-07
 Reference value :  1.07689e-07
 Reference value :  1.08363e-07
 Reference value :  1.09063e-07
 Reference value :  1.09749e-07
 Reference value :  1.10423e-07
 Reference value :  1.11103e-07
 Reference value :  1.11791e-07
 Reference value :  1.12497e-07
 Reference value :  1.13213e-07
 Reference value :  1.13913e-07
 Reference value :  1.14635e-07
 Reference value :  1.15323e-07
 Reference value :  1.16013e-07
 Reference value :  1.16705e-07
 Reference value :  1.17393e-07
 Reference value :  1.18079e-07
 Reference value :  1.18805e-07
 Reference value :  1.19489e-07
 Reference value :  1.20181e-07
 Reference value :  1.20865e-07
 Reference value :  1.21543e-07
 Reference value :  1.22243e-07
 Reference value :  1.22925e-07
 Reference value :  1.23621e-07
 Reference value :  1.24295e-07
 Reference value :  1.25011e-07
 Reference value :  1.25711e-07
 Reference value :  1.26395e-07
 Reference value :  1.27101e-07
 Reference value :  1.27801e-07
 Reference value :  1.28489e-07
 Reference value :  1.29171e-07
 Reference value :  1.29841e-07
 Reference value :  1.30553e-07
 Reference value :  1.31237e-07
 Reference value :  1.31933e-07
 Reference value :  1.32619e-07
 Reference value :  1.33305e-07
 Reference value :  1.34001e-07
 Reference value :  1.34735e-07
 Reference value :  1.35431e-07
 Reference value :  1.36157e-07
 Reference value :  1.36861e-07
 Reference value :  1.37585e-07
 Reference value :  1.38343e-07
 Reference value :  1.39065e-07
 Reference value :  1.39773e-07
 Reference value :  1.40501e-07
 Reference value :  1.41213e-07
 Reference value :  1.41921e-07
 Reference value :  1.42639e-07
 Reference value :  1.43333e-07
 Reference value :  1.44037e-07
 Reference value :  1.44747e-07
 Reference value :  1.45469e-07
 Reference value :  1.46151e-07
 Reference value :  1.46859e-07
 Reference value :  1.47549e-07
 Reference value :  1.48245e-07
 Reference value :  1.48933e-07
 Reference value :  1.49665e-07
 Reference value :  1.50351e-07
 Reference value :  1.51063e-07
 Reference value :  1.51757e-07
 Reference value :  1.52433e-07
 Reference value :  1.53131e-07
 Reference value :  1.53867e-07
 Reference value :  1.54661e-07
 Reference value :  1.55349e-07
 Reference value :  1.56031e-07
 Reference value :  1.56755e-07
 Reference value :  1.57433e-07
 Reference value :  1.58119e-07
 Reference value :  1.58829e-07
 Reference value :  1.59515e-07
 Reference value :  1.60241e-07
 Reference value :  1.60927e-07
 Reference value :  1.61631e-07
 Reference value :  1.62359e-07
 Reference value :  1.63039e-07
 Reference value :  1.63763e-07
 Reference value :  1.64453e-07
 Reference value :  1.65127e-07
 Reference value :  1.65825e-07
 Reference value :  1.66501e-07
 Reference value :  1.67191e-07
 Reference value :  1.67869e-07
 Reference value :  1.68551e-07
 Reference value :  1.69225e-07
 Reference value :  1.69943e-07
 Reference value :  1.70629e-07
 Reference value :  1.71375e-07
 Reference value :  1.72077e-07
 Reference value :  1.72771e-07
 Reference value :  1.73475e-07
 Reference value :  1.74151e-07
 Reference value :  1.74847e-07
 Reference value :  1.75517e-07
 Reference value :  1.76197e-07
 Reference value :  1.76879e-07
 Reference value :  1.77607e-07
 Reference value :  1.78287e-07
 Reference value :  1.79001e-07
 Reference value :  1.79683e-07
No. of Data Rows : 90016
t1r1                =  1.11064e-08
t2r1                =  1.70647e-08
t3r1                =  2.30115e-08
t4r1                =  2.89554e-08
t5r1                =  3.48944e-08
t6r1                =  4.08303e-08
t7r1                =  4.67544e-08
t8r1                =  5.26416e-08
t9r1                =  5.85698e-08
t10r1               =  6.44894e-08
t1r2                =  1.07471e-08
t2r2                =  1.63557e-08
t3r2                =  2.19647e-08
t4r2                =  2.75721e-08
t5r2                =  3.31780e-08
t6r2                =  3.87826e-08
t7r2                =  4.43872e-08
t8r2                =  4.99933e-08
t9r2                =  5.55979e-08
t10r2               =  6.11959e-08
t1xo                =  7.70661e-09
t2xo                =  1.08604e-08
t3xo                =  1.33341e-08
t4xo                =  1.64435e-08
vhi_early           =  3.35034e+00 at=  2.51052e-08
vlo_early           =  -3.06429e-02 at=  2.20532e-08
vhi_late            =  3.26819e+00 at=  1.55671e-07
vlo_late            =  -4.30417e-02 at=  1.70435e-07
vxhi_early          =  3.32865e+00 at=  4.93972e-08
vxlo_early          =  -6.45888e-03 at=  4.97752e-08
vxhi_late           =  3.35155e+00 at=  1.64611e-07
vxlo_late           =  -5.84864e-03 at=  1.50663e-07
v_off_ro1           =  3.30000e+00
v_off_xo            =  1.07344e-07
m_en_assert_s = 5.0000000000e-09
m_t1r1_s = 1.1106430000e-08
m_t2r1_s = 1.7064690000e-08
m_t3r1_s = 2.3011540000e-08
m_t4r1_s = 2.8955440000e-08
m_t5r1_s = 3.4894370000e-08
m_t6r1_s = 4.0830310000e-08
m_t7r1_s = 4.6754370000e-08
m_t8r1_s = 5.2641590000e-08
m_t9r1_s = 5.8569800000e-08
m_t10r1_s = 6.4489380000e-08
m_t1r2_s = 1.0747110000e-08
m_t2r2_s = 1.6355720000e-08
m_t3r2_s = 2.1964720000e-08
m_t4r2_s = 2.7572100000e-08
m_t5r2_s = 3.3177960000e-08
m_t6r2_s = 3.8782640000e-08
m_t7r2_s = 4.4387160000e-08
m_t8r2_s = 4.9993320000e-08
m_t9r2_s = 5.5597900000e-08
m_t10r2_s = 6.1195910000e-08
m_t1xo_s = 7.7066080000e-09
m_t2xo_s = 1.0860400000e-08
m_t3xo_s = 1.3334100000e-08
m_t4xo_s = 1.6443490000e-08
m_ring_swing_early_v = 3.3809828700e+00
m_ring_swing_late_v = 3.3112357400e+00
m_xo_swing_early_v = 3.3351128770e+00
m_xo_swing_late_v = 3.3574026430e+00
m_v_ro1_off_v = 3.2999980000e+00
m_v_xo_off_v = 1.0734440000e-07
Note: Simulation executed from .control section 

Warning: m=xx on .subckt line will override multiplier m hierarchy!

