
Note: Compatibility modes selected: hs a


Circuit: * ro-array-core-pvt-q @ ss_125c_3.30v -- generated by sim/harness, do not edit

Doing analysis at TEMP = 125.000000 and TNOM = 27.000000

Using SPARSE 1.3 as Direct Linear Solver

Initial Transient Solution
--------------------------

Node                                   Voltage
----                                   -------
vsup                                       3.3
en                                         3.3
vddr1                                      3.3
vddr2                                      3.3
vdd                                        3.3
xdut.xr1.xg.py                         1.60539
xdut.xr1.n1                                  0
xdut.ro1                           2.42122e-07
xdut.xr1.xg.nm                    7.37194e-144
xdut.xr1.xg.ny                    6.93521e-144
xdut.xr1.x1.py                             3.3
xdut.xr1.n2                                3.3
xdut.xr1.x1.ny                     6.93886e-07
xdut.xr1.x2.py                             3.3
xdut.xr1.n3                        2.42122e-07
xdut.xr1.x2.ny                     2.08861e-07
xdut.xr1.x3.py                             3.3
xdut.xr1.n4                                3.3
xdut.xr1.x3.ny                     6.93889e-07
xdut.xr1.x4.py                             3.3
xdut.xr1.n5                        2.42122e-07
xdut.xr1.x4.ny                     2.08861e-07
xdut.xr1.x5.py                             3.3
xdut.xr1.n6                                3.3
xdut.xr1.x5.ny                     6.93889e-07
xdut.xr1.x6.py                             3.3
xdut.xr1.n7                        2.42122e-07
xdut.xr1.x6.ny                     2.08861e-07
xdut.xr1.x7.py                             3.3
xdut.xr1.n8                                3.3
xdut.xr1.x7.ny                     6.93889e-07
xdut.xr1.x8.py                             3.3
xdut.xr1.n9                        2.42122e-07
xdut.xr1.x8.ny                     2.08861e-07
xdut.xr1.x9.py                             3.3
xdut.xr1.n10                               3.3
xdut.xr1.x9.ny                     6.93889e-07
xdut.xr1.x10.py                            3.3
xdut.xr1.x10.ny                    2.08861e-07
xdut.xr2.xg.py                          1.6232
xdut.xr2.n1                                  0
xdut.ro2                           2.26425e-07
xdut.xr2.xg.nm                    2.26403e-137
xdut.xr2.xg.ny                    2.11959e-137
xdut.xr2.x1.py                             3.3
xdut.xr2.n2                                3.3
xdut.xr2.x1.ny                     6.41737e-07
xdut.xr2.x2.py                             3.3
xdut.xr2.n3                        2.26425e-07
xdut.xr2.x2.ny                     1.93164e-07
xdut.xr2.x3.py                             3.3
xdut.xr2.n4                                3.3
xdut.xr2.x3.ny                      6.4174e-07
xdut.xr2.x4.py                             3.3
xdut.xr2.n5                        2.26425e-07
xdut.xr2.x4.ny                     1.93164e-07
xdut.xr2.x5.py                             3.3
xdut.xr2.n6                                3.3
xdut.xr2.x5.ny                      6.4174e-07
xdut.xr2.x6.py                             3.3
xdut.xr2.n7                        2.26425e-07
xdut.xr2.x6.ny                     1.93164e-07
xdut.xr2.x7.py                             3.3
xdut.xr2.n8                                3.3
xdut.xr2.x7.ny                      6.4174e-07
xdut.xr2.x8.py                             3.3
xdut.xr2.n9                        2.26425e-07
xdut.xr2.x8.ny                     1.93164e-07
xdut.xr2.x9.py                             3.3
xdut.xr2.n10                               3.3
xdut.xr2.x9.ny                      6.4174e-07
xdut.xr2.x10.py                            3.3
xdut.xr2.x10.ny                    1.93164e-07
xdut.xa1.an                                3.3
xdut.xa1.bn                                3.3
xdut.xa1.mid                               3.3
xo                                 8.51773e-08
xdut.xa1.s1                        3.97966e-08
xdut.xa1.s2                        4.25886e-08
q1                                -6.04396e-16
q2                                -6.44989e-16
qt                                -4.33162e-21
vth                                       1.65
bvth#branch                                  0
vtr#branch                         4.33162e-11
vr2#branch                         6.44989e-06
vr1#branch                         6.04396e-06
ven#branch                                   0
vsup#branch                       -1.24939e-05

 Reference value :  0.00000e+00
 Reference value :  1.52640e-09
 Reference value :  3.10140e-09
 Reference value :  4.67140e-09
 Reference value :  6.23140e-09
 Reference value :  7.86140e-09
 Reference value :  9.44640e-09
 Reference value :  1.10164e-08
 Reference value :  1.26464e-08
 Reference value :  1.42964e-08
 Reference value :  1.58814e-08
 Reference value :  1.74464e-08
 Reference value :  1.90864e-08
 Reference value :  2.07114e-08
 Reference value :  2.22414e-08
 Reference value :  2.38864e-08
 Reference value :  2.55014e-08
 Reference value :  2.70514e-08
 Reference value :  2.86364e-08
 Reference value :  3.01914e-08
 Reference value :  3.18064e-08
 Reference value :  3.33614e-08
 Reference value :  3.49864e-08
 Reference value :  3.65614e-08
 Reference value :  3.81614e-08
 Reference value :  3.97814e-08
 Reference value :  4.14064e-08
 Reference value :  4.30164e-08
 Reference value :  4.46864e-08
 Reference value :  4.62614e-08
 Reference value :  4.78714e-08
 Reference value :  4.95064e-08
 Reference value :  5.11614e-08
 Reference value :  5.28264e-08
 Reference value :  5.44014e-08
 Reference value :  5.60314e-08
 Reference value :  5.76964e-08
 Reference value :  5.93164e-08
 Reference value :  6.09364e-08
 Reference value :  6.25514e-08
 Reference value :  6.41464e-08
 Reference value :  6.57164e-08
 Reference value :  6.74014e-08
 Reference value :  6.90464e-08
 Reference value :  7.06314e-08
 Reference value :  7.22564e-08
 Reference value :  7.38714e-08
 Reference value :  7.54664e-08
 Reference value :  7.71414e-08
 Reference value :  7.87714e-08
 Reference value :  8.03864e-08
 Reference value :  8.19714e-08
 Reference value :  8.35314e-08
 Reference value :  8.51564e-08
 Reference value :  8.67514e-08
 Reference value :  8.84264e-08
 Reference value :  9.00064e-08
 Reference value :  9.20214e-08
 Reference value :  9.36714e-08
 Reference value :  9.52064e-08
 Reference value :  9.68214e-08
 Reference value :  9.83914e-08
 Reference value :  9.99464e-08
 Reference value :  1.01971e-07
 Reference value :  1.03811e-07
 Reference value :  1.05411e-07
 Reference value :  1.07046e-07
 Reference value :  1.08661e-07
 Reference value :  1.10281e-07
 Reference value :  1.11871e-07
 Reference value :  1.13536e-07
 Reference value :  1.15166e-07
 Reference value :  1.16721e-07
 Reference value :  1.18356e-07
 Reference value :  1.19931e-07
 Reference value :  1.21536e-07
 Reference value :  1.23201e-07
 Reference value :  1.24816e-07
 Reference value :  1.26401e-07
 Reference value :  1.27981e-07
 Reference value :  1.29556e-07
 Reference value :  1.31161e-07
 Reference value :  1.32751e-07
 Reference value :  1.34331e-07
 Reference value :  1.35931e-07
 Reference value :  1.37591e-07
 Reference value :  1.39196e-07
 Reference value :  1.40836e-07
 Reference value :  1.42446e-07
 Reference value :  1.44021e-07
 Reference value :  1.45591e-07
 Reference value :  1.47266e-07
 Reference value :  1.48891e-07
 Reference value :  1.50486e-07
 Reference value :  1.52121e-07
 Reference value :  1.53706e-07
 Reference value :  1.55246e-07
 Reference value :  1.56866e-07
 Reference value :  1.58481e-07
 Reference value :  1.60116e-07
 Reference value :  1.61701e-07
 Reference value :  1.63321e-07
 Reference value :  1.64916e-07
 Reference value :  1.66536e-07
 Reference value :  1.68086e-07
 Reference value :  1.69661e-07
 Reference value :  1.71301e-07
 Reference value :  1.73006e-07
 Reference value :  1.74636e-07
 Reference value :  1.76241e-07
 Reference value :  1.77886e-07
 Reference value :  1.79621e-07
 Reference value :  1.81201e-07
 Reference value :  1.82751e-07
 Reference value :  1.84366e-07
 Reference value :  1.85986e-07
 Reference value :  1.87556e-07
 Reference value :  1.89141e-07
 Reference value :  1.90736e-07
 Reference value :  1.92296e-07
 Reference value :  1.93896e-07
 Reference value :  1.95551e-07
 Reference value :  1.97181e-07
 Reference value :  1.98756e-07
 Reference value :  2.00411e-07
 Reference value :  2.01966e-07
 Reference value :  2.03576e-07
 Reference value :  2.05146e-07
 Reference value :  2.06781e-07
 Reference value :  2.08331e-07
 Reference value :  2.09926e-07
 Reference value :  2.11496e-07
 Reference value :  2.13091e-07
 Reference value :  2.14746e-07
 Reference value :  2.16381e-07
 Reference value :  2.17996e-07
 Reference value :  2.19601e-07
 Reference value :  2.21286e-07
 Reference value :  2.22901e-07
 Reference value :  2.24506e-07
 Reference value :  2.26156e-07
 Reference value :  2.27726e-07
 Reference value :  2.29341e-07
 Reference value :  2.30956e-07
 Reference value :  2.32606e-07
 Reference value :  2.34181e-07
 Reference value :  2.35741e-07
 Reference value :  2.37311e-07
 Reference value :  2.38946e-07
 Reference value :  2.40516e-07
 Reference value :  2.42161e-07
 Reference value :  2.43761e-07
 Reference value :  2.45341e-07
 Reference value :  2.46976e-07
 Reference value :  2.48546e-07
 Reference value :  2.50151e-07
 Reference value :  2.51746e-07
 Reference value :  2.53336e-07
 Reference value :  2.54956e-07
 Reference value :  2.56571e-07
 Reference value :  2.58156e-07
 Reference value :  2.59756e-07
 Reference value :  2.61316e-07
 Reference value :  2.62886e-07
 Reference value :  2.64461e-07
 Reference value :  2.66036e-07
 Reference value :  2.67661e-07
 Reference value :  2.69266e-07
 Reference value :  2.70806e-07
 Reference value :  2.72411e-07
 Reference value :  2.74006e-07
 Reference value :  2.75591e-07
 Reference value :  2.77751e-07
 Reference value :  2.79396e-07
 Reference value :  2.80931e-07
 Reference value :  2.82536e-07
 Reference value :  2.84091e-07
 Reference value :  2.85706e-07
 Reference value :  2.87271e-07
 Reference value :  2.88851e-07
 Reference value :  2.90386e-07
 Reference value :  2.91986e-07
 Reference value :  2.93581e-07
 Reference value :  2.95166e-07
 Reference value :  2.96751e-07
 Reference value :  2.98386e-07
No. of Data Rows : 60008
t1a                 =  1.77190e-08
t1b                 =  6.35468e-08
t2a                 =  1.65627e-08
t2b                 =  5.95277e-08
c1a                 =  -2.00469e-04
c1b                 =  -7.37370e-04
c2a                 =  -2.00456e-04
c2b                 =  -7.40446e-04
cta                 =  -1.85620e-04
ctb                 =  -7.55697e-04
vhi                 =  3.39813e+00 at=  2.05006e-07
vlo                 =  -6.27697e-02 at=  2.79291e-07
vxhi                =  3.36174e+00 at=  2.89856e-07
vxlo                =  -8.55540e-03 at=  2.52516e-07
m_period_r1 = 1.1456947500e-08
m_period_r2 = 1.0741245000e-08
m_f_r1 = 8.7283283789e+07
m_f_r2 = 9.3099077435e+07
m_i_r1_a = -1.171560749e-05
m_i_r2_a = -1.256813805e-05
m_i_tree_a = -1.243954378e-05
m_e_cycle_r1_j = -4.429428300e-13
m_c_eff_node_r1_f = -3.697661157e-15
m_ring_swing_v = 3.4609027300e+00
m_xo_swing_v = 3.3702953980e+00
m_i_total_a = -3.672328932e-05
m_p_rings_w = -8.013636030e-05
m_p_total_w = -1.211868548e-04
m_xo_trans_per_s = 3.6076472245e+08
Note: Simulation executed from .control section 

Warning: m=xx on .subckt line will override multiplier m hierarchy!

