
Note: Compatibility modes selected: hs a


Circuit: * ro-inv-05stage-lownoise @ tt_27c_3.30v -- generated by sim/harness, do not edit

Doing analysis at TEMP = 27.000000 and TNOM = 27.000000

Using SPARSE 1.3 as Direct Linear Solver

Initial Transient Solution
--------------------------

Node                                   Voltage
----                                   -------
vdd                                        3.3
n2                                         3.3
g1                                           0
n3                                 5.43322e-09
g2                                         3.3
n4                                         3.3
g3                                 5.43322e-09
n5                                 5.43322e-09
g4                                         3.3
n1                                           0
g5                                 5.43322e-09
xing                                     -1.65
xs40                                     -1.32
xs60                                     -1.98
bs60#branch                                  0
bs40#branch                                  0
bxing#branch                                 0
vn5#branch                                   0
vn4#branch                                   0
vn3#branch                                   0
vn2#branch                                   0
vn1#branch                                   0
vdd#branch                        -0.000497416

 Reference value :  5.00100e-10
 Reference value :  3.54350e-09
 Reference value :  6.68450e-09
 Reference value :  9.75450e-09
 Reference value :  1.29200e-08
 Reference value :  1.60307e-08
 Reference value :  1.89907e-08
 Reference value :  2.18285e-08
 Reference value :  2.48045e-08
 Reference value :  2.79125e-08
 Reference value :  3.10500e-08
 Reference value :  3.41265e-08
 Reference value :  3.70765e-08
 Reference value :  3.99492e-08
 Reference value :  4.29775e-08
 Reference value :  4.60515e-08
 Reference value :  4.91885e-08
 Reference value :  5.21685e-08
 Reference value :  5.52303e-08
 Reference value :  5.85103e-08
 Reference value :  6.16301e-08
 Reference value :  6.47755e-08
 Reference value :  6.83185e-08
 Reference value :  7.15675e-08
 Reference value :  7.48407e-08
 Reference value :  7.82365e-08
 Reference value :  8.15585e-08
 Reference value :  8.47392e-08
 Reference value :  8.80507e-08
 Reference value :  9.12785e-08
 Reference value :  9.45255e-08
 Reference value :  9.74307e-08
 Reference value :  1.00561e-07
 Reference value :  1.03499e-07
 Reference value :  1.06574e-07
 Reference value :  1.09612e-07
 Reference value :  1.12581e-07
 Reference value :  1.15822e-07
 Reference value :  1.18881e-07
 Reference value :  1.22288e-07
 Reference value :  1.25352e-07
 Reference value :  1.28476e-07
 Reference value :  1.31458e-07
 Reference value :  1.34520e-07
 Reference value :  1.37610e-07
 Reference value :  1.40620e-07
 Reference value :  1.43730e-07
 Reference value :  1.47035e-07
 Reference value :  1.50364e-07
 Reference value :  1.53931e-07
 Reference value :  1.57280e-07
 Reference value :  1.60881e-07
 Reference value :  1.64350e-07
 Reference value :  1.67817e-07
No. of Data Rows : 221009
ts40                =  2.51405e-09
ts60                =  2.53315e-09
tk                  =  6.59219e-10
tk                  =  1.28056e-09
tk                  =  1.90189e-09
tk                  =  2.52322e-09
tk                  =  3.14456e-09
tk                  =  3.76590e-09
tk                  =  4.38726e-09
tk                  =  5.00859e-09
tk                  =  5.62993e-09
tk                  =  6.25128e-09
tk                  =  6.87261e-09
tk                  =  7.49395e-09
tk                  =  8.11529e-09
tk                  =  8.73663e-09
tk                  =  9.35797e-09
tk                  =  9.97933e-09
tk                  =  1.06007e-08
tk                  =  1.12220e-08
tk                  =  1.18433e-08
tk                  =  1.24647e-08
tk                  =  1.30860e-08
tk                  =  1.37074e-08
tk                  =  1.43287e-08
tk                  =  1.49500e-08
tk                  =  1.55714e-08
tk                  =  1.61927e-08
tk                  =  1.68140e-08
tk                  =  1.74354e-08
tk                  =  1.80567e-08
tk                  =  1.86781e-08
tk                  =  1.92994e-08
tk                  =  1.99207e-08
tk                  =  2.05421e-08
tk                  =  2.11634e-08
tk                  =  2.17848e-08
tk                  =  2.24061e-08
tk                  =  2.30274e-08
tk                  =  2.36488e-08
tk                  =  2.42701e-08
tk                  =  2.48915e-08
tk                  =  2.55128e-08
tk                  =  2.61341e-08
tk                  =  2.67555e-08
tk                  =  2.73768e-08
tk                  =  2.79981e-08
tk                  =  2.86195e-08
tk                  =  2.92408e-08
tk                  =  2.98621e-08
tk                  =  3.04835e-08
tk                  =  3.11048e-08
tk                  =  3.17262e-08
tk                  =  3.23475e-08
tk                  =  3.29689e-08
tk                  =  3.35902e-08
tk                  =  3.42115e-08
tk                  =  3.48329e-08
tk                  =  3.54542e-08
tk                  =  3.60756e-08
tk                  =  3.66969e-08
tk                  =  3.73183e-08
tk                  =  3.79396e-08
tk                  =  3.85609e-08
tk                  =  3.91823e-08
tk                  =  3.98036e-08
tk                  =  4.04249e-08
tk                  =  4.10463e-08
tk                  =  4.16676e-08
tk                  =  4.22889e-08
tk                  =  4.29103e-08
tk                  =  4.35316e-08
tk                  =  4.41529e-08
tk                  =  4.47743e-08
tk                  =  4.53956e-08
tk                  =  4.60169e-08
tk                  =  4.66383e-08
tk                  =  4.72596e-08
tk                  =  4.78810e-08
tk                  =  4.85023e-08
tk                  =  4.91237e-08
tk                  =  4.97450e-08
tk                  =  5.03663e-08
tk                  =  5.09877e-08
tk                  =  5.16090e-08
tk                  =  5.22303e-08
tk                  =  5.28517e-08
tk                  =  5.34730e-08
tk                  =  5.40944e-08
tk                  =  5.47157e-08
tk                  =  5.53370e-08
tk                  =  5.59584e-08
tk                  =  5.65797e-08
tk                  =  5.72011e-08
tk                  =  5.78224e-08
tk                  =  5.84437e-08
tk                  =  5.90650e-08
tk                  =  5.96864e-08
tk                  =  6.03077e-08
tk                  =  6.09291e-08
tk                  =  6.15504e-08
tk                  =  6.21718e-08
tk                  =  6.27931e-08
tk                  =  6.34145e-08
tk                  =  6.40358e-08
tk                  =  6.46572e-08
tk                  =  6.52785e-08
tk                  =  6.58998e-08
tk                  =  6.65211e-08
tk                  =  6.71425e-08
tk                  =  6.77638e-08
tk                  =  6.83852e-08
tk                  =  6.90065e-08
tk                  =  6.96278e-08
tk                  =  7.02492e-08
tk                  =  7.08705e-08
tk                  =  7.14919e-08
tk                  =  7.21132e-08
tk                  =  7.27345e-08
tk                  =  7.33559e-08
tk                  =  7.39772e-08
tk                  =  7.45986e-08
tk                  =  7.52199e-08
tk                  =  7.58412e-08
tk                  =  7.64625e-08
tk                  =  7.70839e-08
tk                  =  7.77052e-08
tk                  =  7.83266e-08
tk                  =  7.89479e-08
tk                  =  7.95692e-08
tk                  =  8.01906e-08
m_period = 6.2133868047e-10
m_f_osc = 1.6094282095e+09
m_slew_v_per_s = 3.4554973822e+10
m_sigma_1 = 1.0228084377e-14
m_sigma_2 = 1.4803382056e-14
m_sigma_4 = 2.0406668829e-14
m_sigma_8 = 2.5991466767e-14
m_sigma_16 = 2.7034891097e-14
m_sigma_32 = 3.0139507387e-14
Note: Simulation executed from .control section 

Warning: m=xx on .subckt line will override multiplier m hierarchy!

