
Note: Compatibility modes selected: hs a


Circuit: * ro-inv-05stage-jitter @ ss_27c_2.97v -- generated by sim/harness, do not edit

Doing analysis at TEMP = 27.000000 and TNOM = 27.000000

Using SPARSE 1.3 as Direct Linear Solver

Initial Transient Solution
--------------------------

Node                                   Voltage
----                                   -------
vdd                                       2.97
n2                                        2.97
g1                                           0
n3                                 5.51205e-09
g2                                        2.97
n4                                        2.97
g3                                 5.51205e-09
n5                                 5.51205e-09
g4                                        2.97
n1                                           0
g5                                 5.51205e-09
xing                                    -1.485
xs40                                    -1.188
xs60                                    -1.782
bs60#branch                                  0
bs40#branch                                  0
bxing#branch                                 0
vn5#branch                                   0
vn4#branch                                   0
vn3#branch                                   0
vn2#branch                                   0
vn1#branch                                   0
vdd#branch                         -0.00033773

 Reference value :  1.25500e-10
 Reference value :  2.91000e-09
 Reference value :  5.93010e-09
 Reference value :  8.79550e-09
 Reference value :  1.19401e-08
 Reference value :  1.51392e-08
 Reference value :  1.85201e-08
 Reference value :  2.14392e-08
 Reference value :  2.43500e-08
 Reference value :  2.72592e-08
 Reference value :  3.01492e-08
 Reference value :  3.30101e-08
 Reference value :  3.59307e-08
 Reference value :  3.88875e-08
 Reference value :  4.17435e-08
 Reference value :  4.45292e-08
 Reference value :  4.76700e-08
 Reference value :  5.04192e-08
 Reference value :  5.35755e-08
 Reference value :  5.63825e-08
 Reference value :  5.96892e-08
 Reference value :  6.27245e-08
 Reference value :  6.59307e-08
 Reference value :  6.87485e-08
 Reference value :  7.16615e-08
 Reference value :  7.46403e-08
 Reference value :  7.84192e-08
 Reference value :  8.12885e-08
 Reference value :  8.44100e-08
 Reference value :  8.71075e-08
 Reference value :  8.97545e-08
 Reference value :  9.26207e-08
 Reference value :  9.53903e-08
 Reference value :  9.80503e-08
 Reference value :  1.00862e-07
 Reference value :  1.03648e-07
 Reference value :  1.06460e-07
 Reference value :  1.09368e-07
 Reference value :  1.12155e-07
 Reference value :  1.15261e-07
 Reference value :  1.17904e-07
 Reference value :  1.21290e-07
 Reference value :  1.24148e-07
 Reference value :  1.27050e-07
 Reference value :  1.29965e-07
 Reference value :  1.32580e-07
 Reference value :  1.35732e-07
 Reference value :  1.38711e-07
 Reference value :  1.41480e-07
 Reference value :  1.45428e-07
 Reference value :  1.48542e-07
 Reference value :  1.51472e-07
 Reference value :  1.54404e-07
 Reference value :  1.57069e-07
 Reference value :  1.60021e-07
 Reference value :  1.63109e-07
 Reference value :  1.65980e-07
 Reference value :  1.68957e-07
No. of Data Rows : 221009
ts40                =  3.37372e-09
ts60                =  3.39833e-09
tk                  =  8.83870e-10
tk                  =  1.71790e-09
tk                  =  2.55187e-09
tk                  =  3.38567e-09
tk                  =  4.21955e-09
tk                  =  5.05321e-09
tk                  =  5.88707e-09
tk                  =  6.72089e-09
tk                  =  7.55495e-09
tk                  =  8.38886e-09
tk                  =  9.22264e-09
tk                  =  1.00563e-08
tk                  =  1.08901e-08
tk                  =  1.17238e-08
tk                  =  1.25575e-08
tk                  =  1.33914e-08
tk                  =  1.42252e-08
tk                  =  1.50589e-08
tk                  =  1.58927e-08
tk                  =  1.67267e-08
tk                  =  1.75604e-08
tk                  =  1.83943e-08
tk                  =  1.92280e-08
tk                  =  2.00615e-08
tk                  =  2.08954e-08
tk                  =  2.17293e-08
tk                  =  2.25631e-08
tk                  =  2.33967e-08
tk                  =  2.42304e-08
tk                  =  2.50642e-08
tk                  =  2.58981e-08
tk                  =  2.67322e-08
tk                  =  2.75661e-08
tk                  =  2.83999e-08
tk                  =  2.92337e-08
tk                  =  3.00675e-08
tk                  =  3.09013e-08
tk                  =  3.17353e-08
tk                  =  3.25691e-08
tk                  =  3.34030e-08
tk                  =  3.42371e-08
tk                  =  3.50710e-08
tk                  =  3.59049e-08
tk                  =  3.67389e-08
tk                  =  3.75727e-08
tk                  =  3.84066e-08
tk                  =  3.92405e-08
tk                  =  4.00743e-08
tk                  =  4.09081e-08
tk                  =  4.17420e-08
tk                  =  4.25757e-08
tk                  =  4.34097e-08
tk                  =  4.42433e-08
tk                  =  4.50771e-08
tk                  =  4.59110e-08
tk                  =  4.67448e-08
tk                  =  4.75786e-08
tk                  =  4.84124e-08
tk                  =  4.92463e-08
tk                  =  5.00802e-08
tk                  =  5.09141e-08
tk                  =  5.17479e-08
tk                  =  5.25820e-08
tk                  =  5.34157e-08
tk                  =  5.42496e-08
tk                  =  5.50834e-08
tk                  =  5.59172e-08
tk                  =  5.67510e-08
tk                  =  5.75849e-08
tk                  =  5.84186e-08
tk                  =  5.92524e-08
tk                  =  6.00862e-08
tk                  =  6.09201e-08
tk                  =  6.17540e-08
tk                  =  6.25877e-08
tk                  =  6.34216e-08
tk                  =  6.42555e-08
tk                  =  6.50892e-08
tk                  =  6.59231e-08
tk                  =  6.67570e-08
tk                  =  6.75907e-08
tk                  =  6.84244e-08
tk                  =  6.92584e-08
tk                  =  7.00921e-08
tk                  =  7.09257e-08
tk                  =  7.17595e-08
tk                  =  7.25933e-08
tk                  =  7.34271e-08
tk                  =  7.42610e-08
tk                  =  7.50949e-08
tk                  =  7.59287e-08
tk                  =  7.67622e-08
tk                  =  7.75962e-08
tk                  =  7.84301e-08
tk                  =  7.92638e-08
tk                  =  8.00976e-08
tk                  =  8.09317e-08
tk                  =  8.17654e-08
tk                  =  8.25992e-08
tk                  =  8.34331e-08
tk                  =  8.42667e-08
tk                  =  8.51005e-08
tk                  =  8.59343e-08
tk                  =  8.67680e-08
tk                  =  8.76018e-08
tk                  =  8.84355e-08
tk                  =  8.92693e-08
tk                  =  9.01032e-08
tk                  =  9.09370e-08
tk                  =  9.17709e-08
tk                  =  9.26046e-08
tk                  =  9.34385e-08
tk                  =  9.42724e-08
tk                  =  9.51063e-08
tk                  =  9.59403e-08
tk                  =  9.67740e-08
tk                  =  9.76080e-08
tk                  =  9.84417e-08
tk                  =  9.92753e-08
tk                  =  1.00109e-07
tk                  =  1.00943e-07
tk                  =  1.01777e-07
tk                  =  1.02610e-07
tk                  =  1.03444e-07
tk                  =  1.04278e-07
tk                  =  1.05112e-07
tk                  =  1.05945e-07
tk                  =  1.06779e-07
tk                  =  1.07613e-07
m_period = 8.3382367031e-10
m_f_osc = 1.1992943300e+09
m_slew_v_per_s = 2.4141434668e+10
m_sigma_1 = 1.2234678116e-13
m_sigma_2 = 1.6718583853e-13
m_sigma_4 = 2.2800087199e-13
m_sigma_8 = 3.4448310731e-13
m_sigma_16 = 4.9110422782e-13
m_sigma_32 = 7.3860367252e-13
Note: Simulation executed from .control section 

Warning: m=xx on .subckt line will override multiplier m hierarchy!

