
Note: Compatibility modes selected: hs a


Circuit: * ro-inv-05stage-jitter @ ss_27c_2.97v -- generated by sim/harness, do not edit

Doing analysis at TEMP = 27.000000 and TNOM = 27.000000

Using SPARSE 1.3 as Direct Linear Solver

Initial Transient Solution
--------------------------

Node                                   Voltage
----                                   -------
vdd                                       2.97
n2                                        2.97
g1                                           0
n3                                 5.51205e-09
g2                                        2.97
n4                                        2.97
g3                                 5.51205e-09
n5                                 5.51205e-09
g4                                        2.97
n1                                           0
g5                                 5.51205e-09
xing                                    -1.485
xs40                                    -1.188
xs60                                    -1.782
bs60#branch                                  0
bs40#branch                                  0
bxing#branch                                 0
vn5#branch                                   0
vn4#branch                                   0
vn3#branch                                   0
vn2#branch                                   0
vn1#branch                                   0
vdd#branch                         -0.00033773

 Reference value :  9.45000e-11
 Reference value :  3.01000e-09
 Reference value :  6.04000e-09
 Reference value :  9.27000e-09
 Reference value :  1.22965e-08
 Reference value :  1.53785e-08
 Reference value :  1.84065e-08
 Reference value :  2.13175e-08
 Reference value :  2.41301e-08
 Reference value :  2.70155e-08
 Reference value :  2.98901e-08
 Reference value :  3.29375e-08
 Reference value :  3.59055e-08
 Reference value :  3.89745e-08
 Reference value :  4.19375e-08
 Reference value :  4.48175e-08
 Reference value :  4.78100e-08
 Reference value :  5.07600e-08
 Reference value :  5.37655e-08
 Reference value :  5.71385e-08
 Reference value :  6.01155e-08
 Reference value :  6.30092e-08
 Reference value :  6.58145e-08
 Reference value :  6.87003e-08
 Reference value :  7.25865e-08
 Reference value :  7.53865e-08
 Reference value :  7.82503e-08
 Reference value :  8.09300e-08
 Reference value :  8.37301e-08
 Reference value :  8.66565e-08
 Reference value :  8.93900e-08
 Reference value :  9.21715e-08
 Reference value :  9.49365e-08
 Reference value :  9.76807e-08
 Reference value :  1.00592e-07
 Reference value :  1.03564e-07
 Reference value :  1.06562e-07
 Reference value :  1.09657e-07
 Reference value :  1.12276e-07
 Reference value :  1.15734e-07
 Reference value :  1.18641e-07
 Reference value :  1.21581e-07
 Reference value :  1.24529e-07
 Reference value :  1.27310e-07
 Reference value :  1.30378e-07
 Reference value :  1.33190e-07
 Reference value :  1.36106e-07
 Reference value :  1.39276e-07
 Reference value :  1.43101e-07
 Reference value :  1.46250e-07
 Reference value :  1.49231e-07
 Reference value :  1.51915e-07
 Reference value :  1.54892e-07
 Reference value :  1.57844e-07
 Reference value :  1.60791e-07
 Reference value :  1.63780e-07
 Reference value :  1.66777e-07
 Reference value :  1.69680e-07
No. of Data Rows : 221009
ts40                =  3.37326e-09
ts60                =  3.39785e-09
tk                  =  8.83963e-10
tk                  =  1.71768e-09
tk                  =  2.55139e-09
tk                  =  3.38518e-09
tk                  =  4.21906e-09
tk                  =  5.05294e-09
tk                  =  5.88656e-09
tk                  =  6.72024e-09
tk                  =  7.55381e-09
tk                  =  8.38756e-09
tk                  =  9.22138e-09
tk                  =  1.00554e-08
tk                  =  1.08893e-08
tk                  =  1.17232e-08
tk                  =  1.25570e-08
tk                  =  1.33907e-08
tk                  =  1.42245e-08
tk                  =  1.50583e-08
tk                  =  1.58923e-08
tk                  =  1.67260e-08
tk                  =  1.75598e-08
tk                  =  1.83935e-08
tk                  =  1.92274e-08
tk                  =  2.00612e-08
tk                  =  2.08949e-08
tk                  =  2.17287e-08
tk                  =  2.25627e-08
tk                  =  2.33963e-08
tk                  =  2.42300e-08
tk                  =  2.50641e-08
tk                  =  2.58981e-08
tk                  =  2.67319e-08
tk                  =  2.75660e-08
tk                  =  2.83999e-08
tk                  =  2.92337e-08
tk                  =  3.00674e-08
tk                  =  3.09014e-08
tk                  =  3.17352e-08
tk                  =  3.25691e-08
tk                  =  3.34029e-08
tk                  =  3.42368e-08
tk                  =  3.50708e-08
tk                  =  3.59046e-08
tk                  =  3.67385e-08
tk                  =  3.75725e-08
tk                  =  3.84062e-08
tk                  =  3.92400e-08
tk                  =  4.00738e-08
tk                  =  4.09076e-08
tk                  =  4.17415e-08
tk                  =  4.25751e-08
tk                  =  4.34090e-08
tk                  =  4.42427e-08
tk                  =  4.50764e-08
tk                  =  4.59103e-08
tk                  =  4.67439e-08
tk                  =  4.75777e-08
tk                  =  4.84115e-08
tk                  =  4.92453e-08
tk                  =  5.00789e-08
tk                  =  5.09127e-08
tk                  =  5.17465e-08
tk                  =  5.25803e-08
tk                  =  5.34140e-08
tk                  =  5.42479e-08
tk                  =  5.50817e-08
tk                  =  5.59155e-08
tk                  =  5.67488e-08
tk                  =  5.75826e-08
tk                  =  5.84165e-08
tk                  =  5.92504e-08
tk                  =  6.00841e-08
tk                  =  6.09178e-08
tk                  =  6.17515e-08
tk                  =  6.25855e-08
tk                  =  6.34194e-08
tk                  =  6.42530e-08
tk                  =  6.50869e-08
tk                  =  6.59205e-08
tk                  =  6.67544e-08
tk                  =  6.75883e-08
tk                  =  6.84224e-08
tk                  =  6.92562e-08
tk                  =  7.00900e-08
tk                  =  7.09238e-08
tk                  =  7.17574e-08
tk                  =  7.25912e-08
tk                  =  7.34248e-08
tk                  =  7.42585e-08
tk                  =  7.50923e-08
tk                  =  7.59263e-08
tk                  =  7.67603e-08
tk                  =  7.75939e-08
tk                  =  7.84276e-08
tk                  =  7.92614e-08
tk                  =  8.00952e-08
tk                  =  8.09291e-08
tk                  =  8.17631e-08
tk                  =  8.25968e-08
tk                  =  8.34307e-08
tk                  =  8.42643e-08
tk                  =  8.50980e-08
tk                  =  8.59319e-08
tk                  =  8.67657e-08
tk                  =  8.75995e-08
tk                  =  8.84335e-08
tk                  =  8.92674e-08
tk                  =  9.01011e-08
tk                  =  9.09349e-08
tk                  =  9.17688e-08
tk                  =  9.26024e-08
tk                  =  9.34363e-08
tk                  =  9.42702e-08
tk                  =  9.51041e-08
tk                  =  9.59378e-08
tk                  =  9.67715e-08
tk                  =  9.76054e-08
tk                  =  9.84393e-08
tk                  =  9.92731e-08
tk                  =  1.00107e-07
tk                  =  1.00941e-07
tk                  =  1.01775e-07
tk                  =  1.02608e-07
tk                  =  1.03442e-07
tk                  =  1.04276e-07
tk                  =  1.05110e-07
tk                  =  1.05944e-07
tk                  =  1.06778e-07
tk                  =  1.07611e-07
m_period = 8.3380888437e-10
m_f_osc = 1.1993155971e+09
m_slew_v_per_s = 2.4151250254e+10
m_sigma_1 = 1.2004554676e-13
m_sigma_2 = 1.7511675664e-13
m_sigma_4 = 2.4330412564e-13
m_sigma_8 = 3.4464436211e-13
m_sigma_16 = 5.5663987066e-13
m_sigma_32 = 8.7393179765e-13
Note: Simulation executed from .control section 

Warning: m=xx on .subckt line will override multiplier m hierarchy!

