
Note: Compatibility modes selected: hs a


Circuit: * ro-array-core-startup @ ff_-40c_3.63v -- generated by sim/harness, do not edit

Doing analysis at TEMP = -40.000000 and TNOM = 27.000000

Using SPARSE 1.3 as Direct Linear Solver

Initial Transient Solution
--------------------------

Node                                   Voltage
----                                   -------
vsup                                      3.63
en                                           0
xdut.xr1.xg.py                            3.63
xdut.xr1.n1                               3.63
xdut.ro1                                  3.63
xdut.xr1.xg.nm                         3.06368
xdut.xr1.xg.ny                     5.36035e-10
xdut.xr1.x1.py                            3.63
xdut.xr1.n2                        9.09799e-08
xdut.xr1.x1.ny                     7.58087e-08
xdut.xr1.x2.py                            3.63
xdut.xr1.n3                               3.63
xdut.xr1.x2.ny                     2.30659e-09
xdut.xr1.x3.py                            3.63
xdut.xr1.n4                          9.098e-08
xdut.xr1.x3.ny                     7.58087e-08
xdut.xr1.x4.py                            3.63
xdut.xr1.n5                               3.63
xdut.xr1.x4.ny                     2.30659e-09
xdut.xr1.x5.py                            3.63
xdut.xr1.n6                          9.098e-08
xdut.xr1.x5.ny                     7.58087e-08
xdut.xr1.x6.py                            3.63
xdut.xr1.n7                               3.63
xdut.xr1.x6.ny                     2.30659e-09
xdut.xr1.x7.py                            3.63
xdut.xr1.n8                          9.098e-08
xdut.xr1.x7.ny                     7.58087e-08
xdut.xr1.x8.py                            3.63
xdut.xr1.n9                               3.63
xdut.xr1.x8.ny                     2.30659e-09
xdut.xr1.x9.py                            3.63
xdut.xr1.n10                         9.098e-08
xdut.xr1.x9.ny                     7.58087e-08
xdut.xr1.x10.py                           3.63
xdut.xr1.x10.ny                    2.30659e-09
xdut.xr2.xg.py                            3.63
xdut.xr2.n1                               3.63
xdut.ro2                                  3.63
xdut.xr2.xg.nm                         3.06368
xdut.xr2.xg.ny                     4.99906e-10
xdut.xr2.x1.py                            3.63
xdut.xr2.n2                        8.58704e-08
xdut.xr2.x1.ny                     7.06991e-08
xdut.xr2.x2.py                            3.63
xdut.xr2.n3                               3.63
xdut.xr2.x2.ny                     2.15112e-09
xdut.xr2.x3.py                            3.63
xdut.xr2.n4                        8.58704e-08
xdut.xr2.x3.ny                     7.06991e-08
xdut.xr2.x4.py                            3.63
xdut.xr2.n5                               3.63
xdut.xr2.x4.ny                     2.15112e-09
xdut.xr2.x5.py                            3.63
xdut.xr2.n6                        8.58704e-08
xdut.xr2.x5.ny                     7.06991e-08
xdut.xr2.x6.py                            3.63
xdut.xr2.n7                               3.63
xdut.xr2.x6.ny                     2.15112e-09
xdut.xr2.x7.py                            3.63
xdut.xr2.n8                        8.58704e-08
xdut.xr2.x7.ny                     7.06991e-08
xdut.xr2.x8.py                            3.63
xdut.xr2.n9                               3.63
xdut.xr2.x8.ny                     2.15112e-09
xdut.xr2.x9.py                            3.63
xdut.xr2.n10                       8.58704e-08
xdut.xr2.x9.ny                     7.06991e-08
xdut.xr2.x10.py                           3.63
xdut.xr2.x10.ny                    2.15112e-09
xdut.xa1.an                        1.51713e-08
xdut.xa1.bn                        1.51713e-08
xdut.xa1.mid                          0.817191
xo                                 9.15205e-08
xdut.xa1.s1                        4.57602e-08
xdut.xa1.s2                        9.38547e-10
vth                                      1.815
bvth#branch                                  0
ven#branch                                   0
vsup#branch                       -1.20905e-10

 Reference value :  0.00000e+00
 Reference value :  6.62560e-10
 Reference value :  1.36456e-09
 Reference value :  2.05256e-09
 Reference value :  2.74656e-09
 Reference value :  3.47056e-09
 Reference value :  4.17656e-09
 Reference value :  4.89456e-09
 Reference value :  5.56717e-09
 Reference value :  6.27317e-09
 Reference value :  6.98317e-09
 Reference value :  7.68517e-09
 Reference value :  8.38117e-09
 Reference value :  9.10517e-09
 Reference value :  9.83517e-09
 Reference value :  1.05432e-08
 Reference value :  1.12392e-08
 Reference value :  1.19532e-08
 Reference value :  1.26492e-08
 Reference value :  1.33332e-08
 Reference value :  1.40952e-08
 Reference value :  1.48072e-08
 Reference value :  1.55172e-08
 Reference value :  1.62312e-08
 Reference value :  1.69572e-08
 Reference value :  1.76772e-08
 Reference value :  1.83752e-08
 Reference value :  1.90892e-08
 Reference value :  1.97912e-08
 Reference value :  2.05192e-08
 Reference value :  2.12252e-08
 Reference value :  2.19232e-08
 Reference value :  2.26152e-08
 Reference value :  2.33612e-08
 Reference value :  2.40832e-08
 Reference value :  2.48252e-08
 Reference value :  2.55852e-08
 Reference value :  2.62892e-08
 Reference value :  2.70012e-08
 Reference value :  2.77192e-08
 Reference value :  2.84432e-08
 Reference value :  2.91592e-08
 Reference value :  2.98572e-08
 Reference value :  3.05672e-08
 Reference value :  3.12592e-08
 Reference value :  3.19792e-08
 Reference value :  3.27272e-08
 Reference value :  3.34672e-08
 Reference value :  3.42112e-08
 Reference value :  3.49172e-08
 Reference value :  3.56412e-08
 Reference value :  3.63772e-08
 Reference value :  3.71272e-08
 Reference value :  3.78412e-08
 Reference value :  3.85512e-08
 Reference value :  3.92792e-08
 Reference value :  3.99892e-08
 Reference value :  4.07212e-08
 Reference value :  4.14452e-08
 Reference value :  4.21632e-08
 Reference value :  4.28712e-08
 Reference value :  4.36212e-08
 Reference value :  4.43372e-08
 Reference value :  4.50572e-08
 Reference value :  4.57932e-08
 Reference value :  4.65172e-08
 Reference value :  4.72532e-08
 Reference value :  4.79532e-08
 Reference value :  4.87372e-08
 Reference value :  4.94892e-08
 Reference value :  5.02112e-08
 Reference value :  5.09552e-08
 Reference value :  5.16992e-08
 Reference value :  5.24052e-08
 Reference value :  5.31792e-08
 Reference value :  5.39232e-08
 Reference value :  5.46492e-08
 Reference value :  5.53652e-08
 Reference value :  5.60832e-08
 Reference value :  5.67792e-08
 Reference value :  5.74872e-08
 Reference value :  5.82292e-08
 Reference value :  5.89532e-08
 Reference value :  5.96612e-08
 Reference value :  6.04212e-08
 Reference value :  6.11772e-08
 Reference value :  6.19792e-08
 Reference value :  6.26932e-08
 Reference value :  6.34052e-08
 Reference value :  6.41632e-08
 Reference value :  6.48972e-08
 Reference value :  6.55892e-08
 Reference value :  6.63512e-08
 Reference value :  6.70772e-08
 Reference value :  6.77812e-08
 Reference value :  6.85092e-08
 Reference value :  6.92452e-08
 Reference value :  6.99432e-08
 Reference value :  7.06572e-08
 Reference value :  7.13752e-08
 Reference value :  7.20912e-08
 Reference value :  7.28512e-08
 Reference value :  7.35552e-08
 Reference value :  7.42672e-08
 Reference value :  7.49632e-08
 Reference value :  7.56992e-08
 Reference value :  7.64252e-08
 Reference value :  7.71372e-08
 Reference value :  7.78392e-08
 Reference value :  7.85472e-08
 Reference value :  7.92532e-08
 Reference value :  7.99592e-08
 Reference value :  8.06832e-08
 Reference value :  8.14092e-08
 Reference value :  8.21132e-08
 Reference value :  8.28272e-08
 Reference value :  8.36032e-08
 Reference value :  8.43252e-08
 Reference value :  8.50312e-08
 Reference value :  8.57532e-08
 Reference value :  8.64552e-08
 Reference value :  8.71592e-08
 Reference value :  8.78792e-08
 Reference value :  8.85712e-08
 Reference value :  8.93032e-08
 Reference value :  9.00012e-08
 Reference value :  9.07052e-08
 Reference value :  9.14152e-08
 Reference value :  9.21152e-08
 Reference value :  9.28372e-08
 Reference value :  9.35412e-08
 Reference value :  9.42372e-08
 Reference value :  9.50132e-08
 Reference value :  9.56992e-08
 Reference value :  9.64072e-08
 Reference value :  9.71112e-08
 Reference value :  9.78152e-08
 Reference value :  9.85252e-08
 Reference value :  9.92432e-08
 Reference value :  9.99812e-08
 Reference value :  1.00733e-07
 Reference value :  1.01445e-07
 Reference value :  1.02149e-07
 Reference value :  1.02845e-07
 Reference value :  1.03549e-07
 Reference value :  1.04281e-07
 Reference value :  1.04995e-07
 Reference value :  1.05681e-07
 Reference value :  1.06397e-07
 Reference value :  1.07087e-07
 Reference value :  1.07839e-07
 Reference value :  1.08551e-07
 Reference value :  1.09257e-07
 Reference value :  1.09983e-07
 Reference value :  1.10711e-07
 Reference value :  1.11439e-07
 Reference value :  1.12159e-07
 Reference value :  1.12913e-07
 Reference value :  1.13615e-07
 Reference value :  1.14335e-07
 Reference value :  1.15043e-07
 Reference value :  1.15773e-07
 Reference value :  1.16495e-07
 Reference value :  1.17213e-07
 Reference value :  1.17927e-07
 Reference value :  1.18653e-07
 Reference value :  1.19349e-07
 Reference value :  1.20053e-07
 Reference value :  1.20747e-07
 Reference value :  1.21457e-07
 Reference value :  1.22167e-07
 Reference value :  1.22873e-07
 Reference value :  1.23587e-07
 Reference value :  1.24287e-07
 Reference value :  1.24999e-07
 Reference value :  1.25689e-07
 Reference value :  1.26403e-07
 Reference value :  1.27095e-07
 Reference value :  1.27803e-07
 Reference value :  1.28511e-07
 Reference value :  1.29261e-07
 Reference value :  1.30021e-07
 Reference value :  1.30771e-07
 Reference value :  1.31509e-07
 Reference value :  1.32239e-07
 Reference value :  1.33053e-07
 Reference value :  1.33747e-07
 Reference value :  1.34547e-07
 Reference value :  1.35361e-07
 Reference value :  1.36085e-07
 Reference value :  1.36815e-07
 Reference value :  1.37637e-07
 Reference value :  1.38391e-07
 Reference value :  1.39135e-07
 Reference value :  1.39911e-07
 Reference value :  1.40675e-07
 Reference value :  1.41421e-07
 Reference value :  1.42167e-07
 Reference value :  1.42915e-07
 Reference value :  1.43635e-07
 Reference value :  1.44377e-07
 Reference value :  1.45111e-07
 Reference value :  1.45857e-07
 Reference value :  1.46583e-07
 Reference value :  1.47283e-07
 Reference value :  1.48029e-07
 Reference value :  1.48767e-07
 Reference value :  1.49571e-07
 Reference value :  1.50313e-07
 Reference value :  1.51089e-07
 Reference value :  1.51817e-07
 Reference value :  1.52529e-07
 Reference value :  1.53327e-07
 Reference value :  1.54097e-07
 Reference value :  1.54807e-07
 Reference value :  1.55511e-07
 Reference value :  1.56237e-07
 Reference value :  1.56949e-07
 Reference value :  1.57661e-07
 Reference value :  1.58363e-07
 Reference value :  1.59057e-07
 Reference value :  1.59755e-07
 Reference value :  1.60453e-07
 Reference value :  1.61199e-07
 Reference value :  1.61907e-07
 Reference value :  1.62633e-07
 Reference value :  1.63351e-07
 Reference value :  1.64063e-07
 Reference value :  1.64767e-07
 Reference value :  1.65475e-07
 Reference value :  1.66187e-07
 Reference value :  1.66885e-07
 Reference value :  1.67599e-07
 Reference value :  1.68321e-07
 Reference value :  1.69019e-07
 Reference value :  1.69745e-07
 Reference value :  1.70449e-07
 Reference value :  1.71155e-07
 Reference value :  1.71929e-07
 Reference value :  1.72669e-07
 Reference value :  1.73411e-07
 Reference value :  1.74213e-07
 Reference value :  1.74941e-07
 Reference value :  1.75631e-07
 Reference value :  1.76357e-07
 Reference value :  1.77087e-07
 Reference value :  1.77825e-07
 Reference value :  1.78591e-07
 Reference value :  1.79291e-07
No. of Data Rows : 90016
t1r1                =  9.40412e-09
t2r1                =  1.37047e-08
t3r1                =  1.79919e-08
t4r1                =  2.22791e-08
t5r1                =  2.65628e-08
t6r1                =  3.08441e-08
t7r1                =  3.51235e-08
t8r1                =  3.93770e-08
t9r1                =  4.36502e-08
t10r1               =  4.79132e-08
t1r2                =  9.15587e-09
t2r2                =  1.32127e-08
t3r2                =  1.72704e-08
t4r2                =  2.13269e-08
t5r2                =  2.53825e-08
t6r2                =  2.94370e-08
t7r2                =  3.34910e-08
t8r2                =  3.75472e-08
t9r2                =  4.16027e-08
t10r2               =  4.56556e-08
t1xo                =  6.96165e-09
t2xo                =  9.26393e-09
t3xo                =  1.10356e-08
t4xo                =  1.32978e-08
vhi_early           =  3.65095e+00 at=  2.37912e-08
vlo_early           =  -3.65651e-02 at=  4.72672e-08
vhi_late            =  3.77134e+00 at=  1.65133e-07
vlo_late            =  -4.36682e-02 at=  1.67253e-07
vxhi_early          =  3.66480e+00 at=  4.74932e-08
vxlo_early          =  -8.48953e-03 at=  3.74092e-08
vxhi_late           =  3.66531e+00 at=  1.52903e-07
vxlo_late           =  -3.32642e-02 at=  1.56787e-07
v_off_ro1           =  3.63000e+00
v_off_xo            =  9.15205e-08
m_en_assert_s = 5.0000000000e-09
m_t1r1_s = 9.4041200000e-09
m_t2r1_s = 1.3704700000e-08
m_t3r1_s = 1.7991920000e-08
m_t4r1_s = 2.2279060000e-08
m_t5r1_s = 2.6562820000e-08
m_t6r1_s = 3.0844070000e-08
m_t7r1_s = 3.5123490000e-08
m_t8r1_s = 3.9377030000e-08
m_t9r1_s = 4.3650230000e-08
m_t10r1_s = 4.7913170000e-08
m_t1r2_s = 9.1558690000e-09
m_t2r2_s = 1.3212670000e-08
m_t3r2_s = 1.7270400000e-08
m_t4r2_s = 2.1326950000e-08
m_t5r2_s = 2.5382460000e-08
m_t6r2_s = 2.9437040000e-08
m_t7r2_s = 3.3491020000e-08
m_t8r2_s = 3.7547220000e-08
m_t9r2_s = 4.1602710000e-08
m_t10r2_s = 4.5655560000e-08
m_t1xo_s = 6.9616460000e-09
m_t2xo_s = 9.2639330000e-09
m_t3xo_s = 1.1035580000e-08
m_t4xo_s = 1.3297800000e-08
m_ring_swing_early_v = 3.6875100700e+00
m_ring_swing_late_v = 3.8150031800e+00
m_xo_swing_early_v = 3.6732865270e+00
m_xo_swing_late_v = 3.6985721700e+00
m_v_ro1_off_v = 3.6300000000e+00
m_v_xo_off_v = 9.1520490000e-08
Note: Simulation executed from .control section 

Warning: m=xx on .subckt line will override multiplier m hierarchy!

