
Note: Compatibility modes selected: hs a


Circuit: * ro-array-core-startup @ ss_27c_3.30v -- generated by sim/harness, do not edit

Doing analysis at TEMP = 27.000000 and TNOM = 27.000000

Using SPARSE 1.3 as Direct Linear Solver

Initial Transient Solution
--------------------------

Node                                   Voltage
----                                   -------
vsup                                       3.3
en                                           0
xdut.xr1.xg.py                             3.3
xdut.xr1.n1                                3.3
xdut.rn1                                   3.3
xdut.xr1.xg.nm                         2.65927
xdut.xr1.xg.ny                     5.93763e-10
xdut.xr1.x1.py                             3.3
xdut.xr1.n2                        1.40636e-07
xdut.xr1.x1.ny                     1.19952e-07
xdut.xr1.x2.py                             3.3
xdut.xr1.n3                                3.3
xdut.xr1.x2.ny                     1.45092e-09
xdut.xr1.x3.py                             3.3
xdut.xr1.n4                        1.40636e-07
xdut.xr1.x3.ny                     1.19952e-07
xdut.xr1.x4.py                             3.3
xdut.xr1.n5                                3.3
xdut.xr1.x4.ny                     1.45092e-09
xdut.xr1.x5.py                             3.3
xdut.xr1.n6                        1.40636e-07
xdut.xr1.x5.ny                     1.19952e-07
xdut.xr1.x6.py                             3.3
xdut.xr1.n7                                3.3
xdut.xr1.x6.ny                     1.45092e-09
xdut.xr1.x7.py                             3.3
xdut.xr1.n8                        1.40636e-07
xdut.xr1.x7.ny                     1.19952e-07
xdut.xr1.x8.py                             3.3
xdut.xr1.n9                                3.3
xdut.xr1.x8.ny                     1.45092e-09
xdut.xr1.x9.py                             3.3
xdut.xr1.n10                       1.40636e-07
xdut.xr1.x9.ny                     1.19952e-07
xdut.xr1.x10.py                            3.3
xdut.xr1.x10.ny                    1.45092e-09
xdut.xr2.xg.py                             3.3
xdut.xr2.n1                                3.3
xdut.rn2                                   3.3
xdut.xr2.xg.nm                         2.65939
xdut.xr2.xg.ny                     5.49287e-10
xdut.xr2.x1.py                             3.3
xdut.xr2.n2                         1.3164e-07
xdut.xr2.x1.ny                     1.10957e-07
xdut.xr2.x2.py                             3.3
xdut.xr2.n3                                3.3
xdut.xr2.x2.ny                     1.34211e-09
xdut.xr2.x3.py                             3.3
xdut.xr2.n4                         1.3164e-07
xdut.xr2.x3.ny                     1.10957e-07
xdut.xr2.x4.py                             3.3
xdut.xr2.n5                                3.3
xdut.xr2.x4.ny                     1.34211e-09
xdut.xr2.x5.py                             3.3
xdut.xr2.n6                         1.3164e-07
xdut.xr2.x5.ny                     1.10957e-07
xdut.xr2.x6.py                             3.3
xdut.xr2.n7                                3.3
xdut.xr2.x6.ny                     1.34211e-09
xdut.xr2.x7.py                             3.3
xdut.xr2.n8                         1.3164e-07
xdut.xr2.x7.ny                     1.10957e-07
xdut.xr2.x8.py                             3.3
xdut.xr2.n9                                3.3
xdut.xr2.x8.ny                     1.34211e-09
xdut.xr2.x9.py                             3.3
xdut.xr2.n10                        1.3164e-07
xdut.xr2.x9.ny                     1.10957e-07
xdut.xr2.x10.py                            3.3
xdut.xr2.x10.ny                    1.34211e-09
ro1                                2.06834e-08
ro2                                2.06834e-08
xdut.xa1.an                                3.3
xdut.xa1.bn                                3.3
xdut.xa1.mid                               3.3
xo                                 4.97583e-08
xdut.xa1.s1                        1.26371e-09
xdut.xa1.s2                        2.48792e-08
vth                                       1.65
bvth#branch                                  0
ven#branch                                   0
vsup#branch                       -1.03847e-10

 Reference value :  0.00000e+00
 Reference value :  7.74560e-10
 Reference value :  1.59256e-09
 Reference value :  2.48656e-09
 Reference value :  3.37256e-09
 Reference value :  4.18656e-09
 Reference value :  5.01717e-09
 Reference value :  5.95117e-09
 Reference value :  6.88517e-09
 Reference value :  7.75317e-09
 Reference value :  8.63117e-09
 Reference value :  9.38717e-09
 Reference value :  1.02992e-08
 Reference value :  1.12172e-08
 Reference value :  1.20752e-08
 Reference value :  1.29732e-08
 Reference value :  1.37812e-08
 Reference value :  1.46092e-08
 Reference value :  1.54392e-08
 Reference value :  1.63612e-08
 Reference value :  1.71852e-08
 Reference value :  1.79932e-08
 Reference value :  1.88492e-08
 Reference value :  1.95992e-08
 Reference value :  2.04272e-08
 Reference value :  2.12672e-08
 Reference value :  2.21072e-08
 Reference value :  2.28792e-08
 Reference value :  2.36692e-08
 Reference value :  2.43292e-08
 Reference value :  2.50672e-08
 Reference value :  2.57972e-08
 Reference value :  2.64752e-08
 Reference value :  2.71972e-08
 Reference value :  2.79032e-08
 Reference value :  2.86212e-08
 Reference value :  2.92892e-08
 Reference value :  2.99472e-08
 Reference value :  3.06372e-08
 Reference value :  3.13292e-08
 Reference value :  3.19932e-08
 Reference value :  3.26852e-08
 Reference value :  3.34052e-08
 Reference value :  3.41012e-08
 Reference value :  3.47592e-08
 Reference value :  3.54252e-08
 Reference value :  3.61132e-08
 Reference value :  3.67732e-08
 Reference value :  3.75272e-08
 Reference value :  3.82412e-08
 Reference value :  3.89392e-08
 Reference value :  3.96152e-08
 Reference value :  4.03512e-08
 Reference value :  4.10512e-08
 Reference value :  4.18092e-08
 Reference value :  4.25752e-08
 Reference value :  4.33512e-08
 Reference value :  4.40332e-08
 Reference value :  4.47252e-08
 Reference value :  4.55572e-08
 Reference value :  4.62572e-08
 Reference value :  4.69912e-08
 Reference value :  4.76712e-08
 Reference value :  4.84392e-08
 Reference value :  4.92612e-08
 Reference value :  5.01472e-08
 Reference value :  5.10572e-08
 Reference value :  5.18692e-08
 Reference value :  5.27112e-08
 Reference value :  5.36312e-08
 Reference value :  5.43712e-08
 Reference value :  5.51372e-08
 Reference value :  5.60492e-08
 Reference value :  5.69532e-08
 Reference value :  5.78252e-08
 Reference value :  5.87412e-08
 Reference value :  5.95392e-08
 Reference value :  6.03232e-08
 Reference value :  6.10632e-08
 Reference value :  6.17452e-08
 Reference value :  6.25072e-08
 Reference value :  6.32572e-08
 Reference value :  6.39652e-08
 Reference value :  6.46812e-08
 Reference value :  6.55952e-08
 Reference value :  6.64392e-08
 Reference value :  6.72552e-08
 Reference value :  6.79812e-08
 Reference value :  6.87212e-08
 Reference value :  6.94252e-08
 Reference value :  7.00992e-08
 Reference value :  7.08292e-08
 Reference value :  7.14972e-08
 Reference value :  7.22032e-08
 Reference value :  7.28832e-08
 Reference value :  7.35572e-08
 Reference value :  7.42712e-08
 Reference value :  7.49752e-08
 Reference value :  7.56532e-08
 Reference value :  7.63272e-08
 Reference value :  7.71252e-08
 Reference value :  7.78832e-08
 Reference value :  7.85532e-08
 Reference value :  7.92812e-08
 Reference value :  7.99512e-08
 Reference value :  8.07572e-08
 Reference value :  8.14872e-08
 Reference value :  8.21472e-08
 Reference value :  8.28392e-08
 Reference value :  8.35192e-08
 Reference value :  8.42272e-08
 Reference value :  8.49232e-08
 Reference value :  8.56472e-08
 Reference value :  8.63172e-08
 Reference value :  8.70112e-08
 Reference value :  8.77632e-08
 Reference value :  8.84592e-08
 Reference value :  8.91772e-08
 Reference value :  8.98812e-08
 Reference value :  9.05752e-08
 Reference value :  9.12912e-08
 Reference value :  9.20612e-08
 Reference value :  9.28152e-08
 Reference value :  9.35272e-08
 Reference value :  9.42652e-08
 Reference value :  9.50072e-08
 Reference value :  9.57012e-08
 Reference value :  9.64492e-08
 Reference value :  9.72072e-08
 Reference value :  9.79972e-08
 Reference value :  9.88032e-08
 Reference value :  9.94952e-08
 Reference value :  1.00205e-07
 Reference value :  1.00943e-07
 Reference value :  1.01661e-07
 Reference value :  1.02407e-07
 Reference value :  1.03113e-07
 Reference value :  1.03833e-07
 Reference value :  1.04549e-07
 Reference value :  1.05271e-07
 Reference value :  1.06153e-07
 Reference value :  1.07087e-07
 Reference value :  1.07959e-07
 Reference value :  1.08835e-07
 Reference value :  1.10049e-07
 Reference value :  1.11093e-07
 Reference value :  1.12123e-07
 Reference value :  1.13231e-07
 Reference value :  1.14405e-07
 Reference value :  1.15851e-07
 Reference value :  1.16789e-07
 Reference value :  1.17633e-07
 Reference value :  1.18595e-07
 Reference value :  1.19891e-07
 Reference value :  1.20793e-07
 Reference value :  1.21717e-07
 Reference value :  1.22975e-07
 Reference value :  1.24239e-07
 Reference value :  1.25123e-07
 Reference value :  1.26099e-07
 Reference value :  1.27239e-07
 Reference value :  1.28349e-07
 Reference value :  1.29273e-07
 Reference value :  1.30415e-07
 Reference value :  1.31361e-07
 Reference value :  1.32309e-07
 Reference value :  1.33199e-07
 Reference value :  1.34121e-07
 Reference value :  1.35147e-07
 Reference value :  1.35987e-07
 Reference value :  1.36859e-07
 Reference value :  1.37651e-07
 Reference value :  1.38569e-07
 Reference value :  1.39449e-07
 Reference value :  1.40299e-07
 Reference value :  1.41229e-07
 Reference value :  1.42143e-07
 Reference value :  1.43639e-07
 Reference value :  1.44571e-07
 Reference value :  1.45449e-07
 Reference value :  1.46281e-07
 Reference value :  1.47547e-07
 Reference value :  1.48999e-07
 Reference value :  1.49863e-07
 Reference value :  1.50695e-07
 Reference value :  1.51755e-07
 Reference value :  1.52633e-07
 Reference value :  1.53483e-07
 Reference value :  1.54523e-07
 Reference value :  1.55403e-07
 Reference value :  1.56215e-07
 Reference value :  1.57047e-07
 Reference value :  1.57819e-07
 Reference value :  1.58563e-07
 Reference value :  1.59493e-07
 Reference value :  1.60503e-07
 Reference value :  1.61311e-07
 Reference value :  1.62235e-07
 Reference value :  1.63211e-07
 Reference value :  1.64677e-07
 Reference value :  1.65565e-07
 Reference value :  1.66421e-07
 Reference value :  1.67287e-07
 Reference value :  1.68665e-07
 Reference value :  1.70127e-07
 Reference value :  1.70989e-07
 Reference value :  1.71909e-07
 Reference value :  1.73253e-07
 Reference value :  1.74303e-07
 Reference value :  1.75203e-07
 Reference value :  1.76549e-07
 Reference value :  1.77811e-07
 Reference value :  1.78661e-07
 Reference value :  1.79531e-07
No. of Data Rows : 90016
t1r1                =  1.32040e-08
t2r1                =  2.13430e-08
t3r1                =  2.94820e-08
t4r1                =  3.76208e-08
t5r1                =  4.57597e-08
t6r1                =  5.38986e-08
t7r1                =  6.20410e-08
t8r1                =  7.01758e-08
t9r1                =  7.83130e-08
t10r1               =  8.64503e-08
t1r2                =  1.26463e-08
t2r2                =  2.02355e-08
t3r2                =  2.78247e-08
t4r2                =  3.54138e-08
t5r2                =  4.30030e-08
t6r2                =  5.05917e-08
t7r2                =  5.81814e-08
t8r2                =  6.57702e-08
t9r2                =  7.33593e-08
t10r2               =  8.09484e-08
t1xo                =  8.93221e-09
t2xo                =  1.29104e-08
t3xo                =  1.65234e-08
t4xo                =  2.04987e-08
vhi_early           =  3.36284e+00 at=  4.89612e-08
vlo_early           =  -5.85402e-02 at=  2.86672e-08
vhi_late            =  3.36287e+00 at=  1.79173e-07
vlo_late            =  -5.81700e-02 at=  1.50739e-07
vxhi_early          =  3.37397e+00 at=  4.59372e-08
vxlo_early          =  -5.81076e-02 at=  2.40012e-08
vxhi_late           =  3.43238e+00 at=  1.79831e-07
vxlo_late           =  -5.80497e-02 at=  1.60605e-07
v_off_ro1           =  3.30000e+00
v_off_xo            =  4.97583e-08
m_en_assert_s = 5.0000000000e-09
m_t1r1_s = 1.3203960000e-08
m_t2r1_s = 2.1342980000e-08
m_t3r1_s = 2.9481960000e-08
m_t4r1_s = 3.7620850000e-08
m_t5r1_s = 4.5759740000e-08
m_t6r1_s = 5.3898630000e-08
m_t7r1_s = 6.2040970000e-08
m_t8r1_s = 7.0175770000e-08
m_t9r1_s = 7.8312980000e-08
m_t10r1_s = 8.6450290000e-08
m_t1r2_s = 1.2646330000e-08
m_t2r2_s = 2.0235510000e-08
m_t3r2_s = 2.7824680000e-08
m_t4r2_s = 3.5413840000e-08
m_t5r2_s = 4.3002980000e-08
m_t6r2_s = 5.0591690000e-08
m_t7r2_s = 5.8181440000e-08
m_t8r2_s = 6.5770200000e-08
m_t9r2_s = 7.3359250000e-08
m_t10r2_s = 8.0948370000e-08
m_t1xo_s = 8.9322110000e-09
m_t2xo_s = 1.2910440000e-08
m_t3xo_s = 1.6523380000e-08
m_t4xo_s = 2.0498700000e-08
m_ring_swing_early_v = 3.4213842000e+00
m_ring_swing_late_v = 3.4210409600e+00
m_xo_swing_early_v = 3.4320776200e+00
m_xo_swing_late_v = 3.4904337100e+00
m_v_ro1_off_v = 3.3000000000e+00
m_v_xo_off_v = 4.9758310000e-08
Note: Simulation executed from .control section 

Warning: m=xx on .subckt line will override multiplier m hierarchy!

