
Note: Compatibility modes selected: hs a


Circuit: * ro-inv-05stage-power @ ff_27c_3.30v -- generated by sim/harness, do not edit

Doing analysis at TEMP = 27.000000 and TNOM = 27.000000

Using SPARSE 1.3 as Direct Linear Solver

Initial Transient Solution
--------------------------

Node                                   Voltage
----                                   -------
vdd                                        3.3
n2                                         3.3
n1                                           0
n3                                 5.71816e-09
n4                                         3.3
n5                                 5.71816e-09
q                                   5.7955e-14
xing                                     -1.65
bxing#branch                                 0
vdd#branch                         -0.00057955

 Reference value :  6.28000e-12
 Reference value :  3.67228e-09
 Reference value :  7.70428e-09
 Reference value :  1.18423e-08
 Reference value :  1.55763e-08
 Reference value :  1.95463e-08
 Reference value :  2.32693e-08
 Reference value :  2.71413e-08
 Reference value :  3.10033e-08
 Reference value :  3.49363e-08
 Reference value :  3.86813e-08
 Reference value :  4.24613e-08
No. of Data Rows : 45008
t1                  =  1.07607e-09
t2                  =  9.42513e-09
t3                  =  1.77742e-08
q1                  =  4.33368e-04
q2                  =  3.80505e-03
q3                  =  7.17673e-03
m_period = 5.2181615625e-10
m_f_osc = 1.9163837455e+09
m_i_supply_a = 4.0383942094e-04
m_p_active_w = 1.3326700891e-03
m_e_per_cycle_j = 6.9540878344e-13
m_c_eff_node_f = 1.2771511174e-14
m_i_supply_first16_a = 4.0383946217e-04
m_i_supply_last16_a = 4.0383937970e-04
Note: Simulation executed from .control section 

Warning: m=xx on .subckt line will override multiplier m hierarchy!

