
Note: Compatibility modes selected: hs a


Circuit: * sampler-core-idle-leakage @ fs_-40c_3.30v -- generated by sim/harness, do not edit

Doing analysis at TEMP = -40.000000 and TNOM = 27.000000

Using SPARSE 1.3 as Direct Linear Solver

Initial Transient Solution
--------------------------

Node                                   Voltage
----                                   -------
vsup                                       3.3
en                                           0
rst_n                                        0
clk0                                         0
clk1                                         0
vdda                                       3.3
vddb                                       3.3
xduta.xdut.xr1.xg.py                       3.3
xduta.xdut.xr1.n1                          3.3
xduta.xdut.ro1                             3.3
xduta.xdut.xr1.xg.nm                   2.72178
xduta.xdut.xr1.xg.ny               1.63419e-10
xduta.xdut.xr1.x1.py                       3.3
xduta.xdut.xr1.n2                  8.75077e-08
xduta.xdut.xr1.x1.ny               7.30712e-08
xduta.xdut.xr1.x2.py                       3.3
xduta.xdut.xr1.n3                          3.3
xduta.xdut.xr1.x2.ny               6.84439e-10
xduta.xdut.xr1.x3.py                       3.3
xduta.xdut.xr1.n4                  8.75077e-08
xduta.xdut.xr1.x3.ny               7.30712e-08
xduta.xdut.xr1.x4.py                       3.3
xduta.xdut.xr1.n5                          3.3
xduta.xdut.xr1.x4.ny               6.84439e-10
xduta.xdut.xr1.x5.py                       3.3
xduta.xdut.xr1.n6                  8.75077e-08
xduta.xdut.xr1.x5.ny               7.30712e-08
xduta.xdut.xr1.x6.py                       3.3
xduta.xdut.xr1.n7                          3.3
xduta.xdut.xr1.x6.ny               6.84439e-10
xduta.xdut.xr1.x7.py                       3.3
xduta.xdut.xr1.n8                  8.75077e-08
xduta.xdut.xr1.x7.ny               7.30712e-08
xduta.xdut.xr1.x8.py                       3.3
xduta.xdut.xr1.n9                          3.3
xduta.xdut.xr1.x8.ny               6.84439e-10
xduta.xdut.xr1.x9.py                       3.3
xduta.xdut.xr1.n10                 8.75077e-08
xduta.xdut.xr1.x9.ny               7.30712e-08
xduta.xdut.xr1.x10.py                      3.3
xduta.xdut.xr1.x10.ny              6.84439e-10
xduta.xdut.xr2.xg.py                       3.3
xduta.xdut.xr2.n1                          3.3
xduta.xdut.ro2                             3.3
xduta.xdut.xr2.xg.nm                   2.72178
xduta.xdut.xr2.xg.ny               1.52037e-10
xduta.xdut.xr2.x1.py                       3.3
xduta.xdut.xr2.n2                  8.24182e-08
xduta.xdut.xr2.x1.ny               6.79818e-08
xduta.xdut.xr2.x2.py                       3.3
xduta.xdut.xr2.n3                          3.3
xduta.xdut.xr2.x2.ny               6.36767e-10
xduta.xdut.xr2.x3.py                       3.3
xduta.xdut.xr2.n4                  8.24182e-08
xduta.xdut.xr2.x3.ny               6.79818e-08
xduta.xdut.xr2.x4.py                       3.3
xduta.xdut.xr2.n5                          3.3
xduta.xdut.xr2.x4.ny               6.36767e-10
xduta.xdut.xr2.x5.py                       3.3
xduta.xdut.xr2.n6                  8.24182e-08
xduta.xdut.xr2.x5.ny               6.79818e-08
xduta.xdut.xr2.x6.py                       3.3
xduta.xdut.xr2.n7                          3.3
xduta.xdut.xr2.x6.ny               6.36767e-10
xduta.xdut.xr2.x7.py                       3.3
xduta.xdut.xr2.n8                  8.24182e-08
xduta.xdut.xr2.x7.ny               6.79818e-08
xduta.xdut.xr2.x8.py                       3.3
xduta.xdut.xr2.n9                          3.3
xduta.xdut.xr2.x8.ny               6.36767e-10
xduta.xdut.xr2.x9.py                       3.3
xduta.xdut.xr2.n10                 8.24182e-08
xduta.xdut.xr2.x9.ny               6.79818e-08
xduta.xdut.xr2.x10.py                      3.3
xduta.xdut.xr2.x10.ny              6.36767e-10
xduta.xdut.xa1.an                  1.44365e-08
xduta.xdut.xa1.bn                  1.44365e-08
xduta.xdut.xa1.mid                     1.01727
xduta.xo                           1.35777e-07
xduta.xdut.xa1.s1                  6.78884e-08
xduta.xdut.xa1.s2                  6.21268e-10
xduta.xsb.clkb                             3.3
xduta.xsb.m                        1.64565e-07
xduta.xsb.mb                               3.3
xduta.xsb.mmid                      0.00539872
xduta.xsb.mc                       2.88729e-08
xduta.xsb.s                                3.3
rba                                1.44365e-08
xduta.xsb.qb                               3.3
xduta.xsb.s2mid                     0.00539869
xduta.xsv.clkb                             3.3
xduta.xsv.m                                3.3
xduta.xsv.mb                               3.3
xduta.xsv.mmid                         2.72178
xduta.xsv.mc                       2.90081e-08
xduta.xsv.s                                3.3
rva                                1.44365e-08
xduta.xsv.qb                               3.3
xduta.xsv.s2mid                     0.00539869
xdutb.xdut.xr1.xg.py                       3.3
xdutb.xdut.xr1.n1                          3.3
xdutb.xdut.ro1                             3.3
xdutb.xdut.xr1.xg.nm                   2.72178
xdutb.xdut.xr1.xg.ny               1.63419e-10
xdutb.xdut.xr1.x1.py                       3.3
xdutb.xdut.xr1.n2                  8.75077e-08
xdutb.xdut.xr1.x1.ny               7.30712e-08
xdutb.xdut.xr1.x2.py                       3.3
xdutb.xdut.xr1.n3                          3.3
xdutb.xdut.xr1.x2.ny               6.84439e-10
xdutb.xdut.xr1.x3.py                       3.3
xdutb.xdut.xr1.n4                  8.75077e-08
xdutb.xdut.xr1.x3.ny               7.30712e-08
xdutb.xdut.xr1.x4.py                       3.3
xdutb.xdut.xr1.n5                          3.3
xdutb.xdut.xr1.x4.ny               6.84439e-10
xdutb.xdut.xr1.x5.py                       3.3
xdutb.xdut.xr1.n6                  8.75077e-08
xdutb.xdut.xr1.x5.ny               7.30712e-08
xdutb.xdut.xr1.x6.py                       3.3
xdutb.xdut.xr1.n7                          3.3
xdutb.xdut.xr1.x6.ny               6.84439e-10
xdutb.xdut.xr1.x7.py                       3.3
xdutb.xdut.xr1.n8                  8.75077e-08
xdutb.xdut.xr1.x7.ny               7.30712e-08
xdutb.xdut.xr1.x8.py                       3.3
xdutb.xdut.xr1.n9                          3.3
xdutb.xdut.xr1.x8.ny               6.84439e-10
xdutb.xdut.xr1.x9.py                       3.3
xdutb.xdut.xr1.n10                 8.75077e-08
xdutb.xdut.xr1.x9.ny               7.30712e-08
xdutb.xdut.xr1.x10.py                      3.3
xdutb.xdut.xr1.x10.ny              6.84439e-10
xdutb.xdut.xr2.xg.py                       3.3
xdutb.xdut.xr2.n1                          3.3
xdutb.xdut.ro2                             3.3
xdutb.xdut.xr2.xg.nm                   2.72178
xdutb.xdut.xr2.xg.ny               1.52037e-10
xdutb.xdut.xr2.x1.py                       3.3
xdutb.xdut.xr2.n2                  8.24182e-08
xdutb.xdut.xr2.x1.ny               6.79818e-08
xdutb.xdut.xr2.x2.py                       3.3
xdutb.xdut.xr2.n3                          3.3
xdutb.xdut.xr2.x2.ny               6.36767e-10
xdutb.xdut.xr2.x3.py                       3.3
xdutb.xdut.xr2.n4                  8.24182e-08
xdutb.xdut.xr2.x3.ny               6.79818e-08
xdutb.xdut.xr2.x4.py                       3.3
xdutb.xdut.xr2.n5                          3.3
xdutb.xdut.xr2.x4.ny               6.36767e-10
xdutb.xdut.xr2.x5.py                       3.3
xdutb.xdut.xr2.n6                  8.24182e-08
xdutb.xdut.xr2.x5.ny               6.79818e-08
xdutb.xdut.xr2.x6.py                       3.3
xdutb.xdut.xr2.n7                          3.3
xdutb.xdut.xr2.x6.ny               6.36767e-10
xdutb.xdut.xr2.x7.py                       3.3
xdutb.xdut.xr2.n8                  8.24182e-08
xdutb.xdut.xr2.x7.ny               6.79818e-08
xdutb.xdut.xr2.x8.py                       3.3
xdutb.xdut.xr2.n9                          3.3
xdutb.xdut.xr2.x8.ny               6.36767e-10
xdutb.xdut.xr2.x9.py                       3.3
xdutb.xdut.xr2.n10                 8.24182e-08
xdutb.xdut.xr2.x9.ny               6.79818e-08
xdutb.xdut.xr2.x10.py                      3.3
xdutb.xdut.xr2.x10.ny              6.36767e-10
xdutb.xdut.xa1.an                  1.44365e-08
xdutb.xdut.xa1.bn                  1.44365e-08
xdutb.xdut.xa1.mid                     1.01727
xdutb.xo                           1.35777e-07
xdutb.xdut.xa1.s1                  6.78886e-08
xdutb.xdut.xa1.s2                   6.2127e-10
xdutb.xsb.clkb                             3.3
xdutb.xsb.m                        1.64565e-07
xdutb.xsb.mb                               3.3
xdutb.xsb.mmid                      0.00539872
xdutb.xsb.mc                       2.88729e-08
xdutb.xsb.s                                3.3
rbb                                1.44365e-08
xdutb.xsb.qb                               3.3
xdutb.xsb.s2mid                     0.00539869
xdutb.xsv.clkb                             3.3
xdutb.xsv.m                                3.3
xdutb.xsv.mb                               3.3
xdutb.xsv.mmid                         2.72178
xdutb.xsv.mc                       2.90081e-08
xdutb.xsv.s                                3.3
rvb                                1.44365e-08
xdutb.xsv.qb                               3.3
xdutb.xsv.s2mid                     0.00539869
qa                                -1.97859e-20
qb                                -1.97855e-20
vsb#branch                         1.97855e-10
vsa#branch                         1.97859e-10
vclk1#branch                                 0
vclk0#branch                                 0
vrst#branch                                  0
ven#branch                                   0
vsup#branch                       -3.95714e-10

 Reference value :  0.00000e+00
 Reference value :  2.24560e-08
 Reference value :  4.84560e-08
 Reference value :  7.26560e-08
 Reference value :  9.64560e-08
 Reference value :  1.10432e-07
 Reference value :  1.30832e-07
 Reference value :  1.53832e-07
 Reference value :  1.77432e-07
 Reference value :  2.00001e-07
 Reference value :  2.12650e-07
 Reference value :  2.30650e-07
 Reference value :  2.54050e-07
 Reference value :  2.77850e-07
 Reference value :  3.00002e-07
 Reference value :  3.14761e-07
 Reference value :  3.35961e-07
 Reference value :  3.59361e-07
 Reference value :  3.82761e-07
 Reference value :  4.07361e-07
 Reference value :  4.31161e-07
 Reference value :  4.55561e-07
 Reference value :  4.78961e-07
 Reference value :  5.02761e-07
 Reference value :  5.26161e-07
 Reference value :  5.49361e-07
 Reference value :  5.73161e-07
 Reference value :  5.96161e-07
 Reference value :  6.19161e-07
 Reference value :  6.42561e-07
 Reference value :  6.65761e-07
 Reference value :  6.89961e-07
 Reference value :  7.13561e-07
 Reference value :  7.37561e-07
 Reference value :  7.61961e-07
 Reference value :  7.86161e-07
 Reference value :  8.09561e-07
 Reference value :  8.32761e-07
 Reference value :  8.56361e-07
 Reference value :  8.80161e-07
 Reference value :  9.04361e-07
 Reference value :  9.28161e-07
 Reference value :  9.51561e-07
 Reference value :  9.74961e-07
 Reference value :  9.98361e-07
No. of Data Rows : 5059
qax                 =  -2.83542e-05
qa0                 =  -2.84232e-05
qa1                 =  -2.84911e-05
qbx                 =  -1.31538e-05
qb0                 =  -1.31936e-05
qb1                 =  -1.32334e-05
vro1                =  3.30000e+00
vro2                =  3.30000e+00
vxo                 =  8.86039e-07
vn1                 =  3.30000e+00
vn2                 =  8.64404e-08
vrba                =  -4.77018e-06
vrva                =  3.30000e+00
vrbb                =  1.52124e-08
vrvb                =  3.30000e+00
vsupm               =  3.30000e+00
m_i_idle_clklo_a = 3.3950000000e-10
m_i_idle_clkhi_a = 1.9905000000e-10
m_p_idle_clklo_w = 1.1203500000e-09
m_p_idle_clkhi_w = 6.5686500000e-10
m_i_idle_clklo_prev_a = 3.4490000000e-10
m_i_idle_clkhi_prev_a = 1.9910000000e-10
m_i_idle_worst_a = 3.3950000000e-10
m_p_idle_worst_w = 1.1203500000e-09
m_v_ro1_v = 3.3000000000e+00
m_v_ro2_v = 3.3000000000e+00
m_v_xo_v = 8.8603900000e-07
m_v_n1_v = 3.2999990000e+00
m_v_n2_v = 8.6440410000e-08
m_v_rawbit_clklo_v = -4.770181000e-06
m_v_rawvalid_clklo_v = 3.2999990000e+00
m_v_rawbit_clkhi_v = 1.5212410000e-08
m_v_rawvalid_clkhi_v = 3.3000000000e+00
m_v_sup_v = 3.3000000000e+00
Note: Simulation executed from .control section 

Warning: m=xx on .subckt line will override multiplier m hierarchy!

Note: Starting dynamic gmin stepping
Warning: Dynamic gmin stepping failed
Note: Starting true gmin stepping
Note: True gmin stepping completed
