
Note: Compatibility modes selected: hs a


Circuit: * sampler-dff-reset-current-xsb @ fs_125c_3.30v -- generated by sim/harness, do not edit

Doing analysis at TEMP = 125.000000 and TNOM = 27.000000

Using SPARSE 1.3 as Direct Linear Solver

Initial Transient Solution
--------------------------

Node                                   Voltage
----                                   -------
vdd                                        3.3
rst_n                                        0
clk                                          0
d                                            0
xdut.clkb                              3.29999
xdut.rst                               3.29999
xdut.m                             1.67389e-08
xdut.mb                                3.29999
xdut.mc                            5.29156e-08
xdut.s                                     3.3
q                                  3.05975e-08
xdut.qb                                3.29999
qint                               3.07198e-19
vd#branch                          5.89187e-12
vdd#branch                        -3.07787e-09
vclk#branch                                  0
vrst#branch                                  0

 Reference value :  3.20050e-10
 Reference value :  2.64905e-09
No. of Data Rows : 4720
qint1               =  4.41496e-05
qint2               =  2.20754e-04
qint3               =  3.97358e-04
qout_rst            =  -8.89917e-07
m_i_reset_xsb_a = 8.8302105000e-05
m_p_reset_xsb_w = 2.9139694650e-04
m_i_reset_xsb_first_a = 8.8302110000e-05
m_i_reset_xsb_last_a = 8.8302100000e-05
m_q_v = -8.899167000e-07
Note: Simulation executed from .control section 

Warning: m=xx on .subckt line will override multiplier m hierarchy!

