
Note: Compatibility modes selected: hs a


Circuit: * sampler-dff-active-current @ tt_-40c_3.30v -- generated by sim/harness, do not edit

Doing analysis at TEMP = -40.000000 and TNOM = 27.000000

Using SPARSE 1.3 as Direct Linear Solver

Initial Transient Solution
--------------------------

Node                                   Voltage
----                                   -------
vsup                                       3.3
clk                                          0
rst_n                                        0
d                                            0
vddv                                       3.3
vddb                                       3.3
xsv.clkb                                   3.3
xsv.m                                      3.3
xsv.mb                                     3.3
xsv.mmid                               2.64618
xsv.mc                             3.06933e-08
xsv.s                                      3.3
qv                                 1.53426e-08
xsv.qb                                     3.3
xsv.s2mid                          0.000385957
xsb.clkb                                   3.3
xsb.m                              3.05639e-08
xsb.mb                                     3.3
xsb.mmid                           0.000385957
xsb.mc                             3.06852e-08
xsb.s                                      3.3
qb                                 1.53426e-08
xsb.qb                                     3.3
xsb.s2mid                          0.000385957
q1                                -4.82796e-21
q2                                -5.29454e-21
vd#branch                          9.92994e-12
vr2#branch                         4.30155e-11
vr1#branch                         4.82796e-11
vrst#branch                                  0
vclk#branch                                  0
vsup#branch                       -9.12951e-11

 Reference value :  0.00000e+00
 Reference value :  9.79777e-09
 Reference value :  1.95031e-08
 Reference value :  3.07568e-08
 Reference value :  4.05011e-08
 Reference value :  5.19178e-08
No. of Data Rows : 3781
q1a                 =  -1.72962e-05
q1b                 =  -1.72965e-05
q1c                 =  -2.49072e-05
q1d                 =  -2.49075e-05
q1e                 =  -2.49072e-05
q1f                 =  -3.24861e-05
q2a                 =  -9.29795e-05
q2b                 =  -9.29798e-05
q2c                 =  -1.16700e-04
q2d                 =  -1.64189e-04
q2e                 =  -1.16700e-04
q2f                 =  -2.04611e-04
qv_pre              =  1.53424e-08
qv_post             =  3.30000e+00
qb_pre              =  -1.32439e-07
qb_post             =  3.30000e+00
vdd_mean            =  3.30000e+00 from=  3.20000e-08 to=  5.30168e-08
m_q_d_shut_c = 5.1666666668e-20
m_q_d_open_c = 7.9148500000e-15
m_e_d_shut_j = 1.7050000000e-19
m_e_d_open_j = 2.6119005000e-14
m_q_clkcyc_xsv_c = 7.5788700000e-15
m_e_clkcyc_xsv_j = 2.5010271000e-14
m_q_clkcyc_xsb_resid_c = 8.4773333333e-16
m_q_cyc_xsb_total_c = 8.7911600000e-14
m_q_d_shut_xsv_c = 5.0000000000e-20
m_q_d_open_xsv_c = 5.0000000000e-20
m_vdd_mean_v = 3.3000000000e+00
m_qv_pre_v = 1.5342440000e-08
m_qv_post_v = 3.3000000000e+00
m_qb_pre_v = -1.324388000e-07
m_qb_post_v = 3.3000000000e+00
Note: Simulation executed from .control section 

Warning: m=xx on .subckt line will override multiplier m hierarchy!

