
Note: Compatibility modes selected: hs a


Circuit: * ro-array-core-pvt-q @ tt_-40c_3.30v -- generated by sim/harness, do not edit

Doing analysis at TEMP = -40.000000 and TNOM = 27.000000

Using SPARSE 1.3 as Direct Linear Solver

Initial Transient Solution
--------------------------

Node                                   Voltage
----                                   -------
vsup                                       3.3
en                                         3.3
vddr1                                      3.3
vddr2                                      3.3
vdd                                        3.3
xdut.xr1.xg.py                         1.64274
xdut.xr1.n1                                  0
xdut.rn1                           9.41713e-08
xdut.xr1.xg.nm                               0
xdut.xr1.xg.ny                               0
xdut.xr1.x1.py                             3.3
xdut.xr1.n2                                3.3
xdut.xr1.x1.ny                     4.12696e-11
xdut.xr1.x2.py                             3.3
xdut.xr1.n3                        9.41713e-08
xdut.xr1.x2.ny                     7.88287e-08
xdut.xr1.x3.py                             3.3
xdut.xr1.n4                                3.3
xdut.xr1.x3.ny                     4.12698e-11
xdut.xr1.x4.py                             3.3
xdut.xr1.n5                        9.41713e-08
xdut.xr1.x4.ny                     7.88287e-08
xdut.xr1.x5.py                             3.3
xdut.xr1.n6                                3.3
xdut.xr1.x5.ny                     4.12698e-11
xdut.xr1.x6.py                             3.3
xdut.xr1.n7                        9.41713e-08
xdut.xr1.x6.ny                     7.88287e-08
xdut.xr1.x7.py                             3.3
xdut.xr1.n8                                3.3
xdut.xr1.x7.ny                     4.12698e-11
xdut.xr1.x8.py                             3.3
xdut.xr1.n9                        9.41713e-08
xdut.xr1.x8.ny                     7.88287e-08
xdut.xr1.x9.py                             3.3
xdut.xr1.n10                               3.3
xdut.xr1.x9.ny                     4.12698e-11
xdut.xr1.x10.py                            3.3
xdut.xr1.x10.ny                    7.88287e-08
xdut.xr2.xg.py                         1.65861
xdut.xr2.n1                                  0
xdut.rn2                            8.8548e-08
xdut.xr2.xg.nm                               0
xdut.xr2.xg.ny                               0
xdut.xr2.x1.py                             3.3
xdut.xr2.n2                                3.3
xdut.xr2.x1.ny                     3.83256e-11
xdut.xr2.x2.py                             3.3
xdut.xr2.n3                         8.8548e-08
xdut.xr2.x2.ny                     7.32054e-08
xdut.xr2.x3.py                             3.3
xdut.xr2.n4                                3.3
xdut.xr2.x3.ny                     3.83258e-11
xdut.xr2.x4.py                             3.3
xdut.xr2.n5                         8.8548e-08
xdut.xr2.x4.ny                     7.32054e-08
xdut.xr2.x5.py                             3.3
xdut.xr2.n6                                3.3
xdut.xr2.x5.ny                     3.83258e-11
xdut.xr2.x6.py                             3.3
xdut.xr2.n7                         8.8548e-08
xdut.xr2.x6.ny                     7.32054e-08
xdut.xr2.x7.py                             3.3
xdut.xr2.n8                                3.3
xdut.xr2.x7.ny                     3.83258e-11
xdut.xr2.x8.py                             3.3
xdut.xr2.n9                         8.8548e-08
xdut.xr2.x8.ny                     7.32054e-08
xdut.xr2.x9.py                             3.3
xdut.xr2.n10                               3.3
xdut.xr2.x9.ny                     3.83258e-11
xdut.xr2.x10.py                            3.3
xdut.xr2.x10.ny                    7.32054e-08
ro1                                        3.3
ro2                                        3.3
xdut.xa1.an                        1.53426e-08
xdut.xa1.bn                        1.53426e-08
xdut.xa1.mid                          0.922596
xo                                 9.01765e-08
xdut.xa1.s1                        4.50883e-08
xdut.xa1.s2                        3.19402e-11
q1                                -1.13291e-15
q2                                -1.19762e-15
qt                                -2.93787e-21
vth                                       1.65
bvth#branch                                  0
vtr#branch                         2.93787e-11
vr2#branch                         1.19762e-05
vr1#branch                         1.13291e-05
ven#branch                                   0
vsup#branch                       -2.33053e-05

 Reference value :  0.00000e+00
 Reference value :  1.82640e-09
 Reference value :  3.56140e-09
 Reference value :  5.22640e-09
 Reference value :  6.93140e-09
 Reference value :  8.68640e-09
 Reference value :  1.05064e-08
 Reference value :  1.22914e-08
 Reference value :  1.44964e-08
 Reference value :  1.78614e-08
 Reference value :  1.98914e-08
 Reference value :  2.27414e-08
 Reference value :  2.45464e-08
 Reference value :  2.73014e-08
 Reference value :  2.96764e-08
 Reference value :  3.17914e-08
 Reference value :  3.36314e-08
 Reference value :  3.65114e-08
 Reference value :  3.94414e-08
 Reference value :  4.13314e-08
 Reference value :  4.34464e-08
 Reference value :  4.59564e-08
 Reference value :  4.77814e-08
 Reference value :  5.00164e-08
 Reference value :  5.19814e-08
 Reference value :  5.48664e-08
 Reference value :  5.65714e-08
 Reference value :  5.91714e-08
 Reference value :  6.09314e-08
 Reference value :  6.37164e-08
 Reference value :  6.55164e-08
 Reference value :  6.72714e-08
 Reference value :  6.89414e-08
 Reference value :  7.06564e-08
 Reference value :  7.23564e-08
 Reference value :  7.42964e-08
 Reference value :  7.68764e-08
 Reference value :  7.94414e-08
 Reference value :  8.14664e-08
 Reference value :  8.41064e-08
 Reference value :  8.58664e-08
 Reference value :  8.84164e-08
 Reference value :  9.01414e-08
 Reference value :  9.18414e-08
 Reference value :  9.35664e-08
 Reference value :  9.53264e-08
 Reference value :  9.70364e-08
 Reference value :  9.86914e-08
 Reference value :  1.00416e-07
 Reference value :  1.02226e-07
 Reference value :  1.04061e-07
 Reference value :  1.05791e-07
 Reference value :  1.07456e-07
 Reference value :  1.09186e-07
 Reference value :  1.10926e-07
 Reference value :  1.12706e-07
 Reference value :  1.14446e-07
 Reference value :  1.16211e-07
 Reference value :  1.17956e-07
 Reference value :  1.19661e-07
 Reference value :  1.21331e-07
 Reference value :  1.23061e-07
 Reference value :  1.24831e-07
 Reference value :  1.26451e-07
 Reference value :  1.28266e-07
 Reference value :  1.30001e-07
 Reference value :  1.32076e-07
 Reference value :  1.34466e-07
 Reference value :  1.37196e-07
 Reference value :  1.40066e-07
 Reference value :  1.42381e-07
 Reference value :  1.44656e-07
 Reference value :  1.47411e-07
 Reference value :  1.49931e-07
 Reference value :  1.52726e-07
 Reference value :  1.55426e-07
 Reference value :  1.57711e-07
 Reference value :  1.60586e-07
 Reference value :  1.63351e-07
 Reference value :  1.65826e-07
 Reference value :  1.68521e-07
 Reference value :  1.71191e-07
 Reference value :  1.73651e-07
 Reference value :  1.76166e-07
 Reference value :  1.78876e-07
 Reference value :  1.81341e-07
 Reference value :  1.83806e-07
 Reference value :  1.86511e-07
 Reference value :  1.89216e-07
 Reference value :  1.91836e-07
 Reference value :  1.94551e-07
 Reference value :  1.97301e-07
 Reference value :  1.99741e-07
 Reference value :  2.02246e-07
 Reference value :  2.04986e-07
 Reference value :  2.07691e-07
 Reference value :  2.10616e-07
 Reference value :  2.13486e-07
 Reference value :  2.16176e-07
 Reference value :  2.19086e-07
 Reference value :  2.21381e-07
 Reference value :  2.23666e-07
 Reference value :  2.26326e-07
 Reference value :  2.29336e-07
 Reference value :  2.31336e-07
 Reference value :  2.33781e-07
 Reference value :  2.36486e-07
 Reference value :  2.39056e-07
 Reference value :  2.41921e-07
 Reference value :  2.44486e-07
 Reference value :  2.47371e-07
 Reference value :  2.50091e-07
 Reference value :  2.52636e-07
 Reference value :  2.55026e-07
 Reference value :  2.57871e-07
 Reference value :  2.60766e-07
 Reference value :  2.63496e-07
 Reference value :  2.65266e-07
 Reference value :  2.66941e-07
 Reference value :  2.68766e-07
 Reference value :  2.70461e-07
 Reference value :  2.72171e-07
 Reference value :  2.73851e-07
 Reference value :  2.75546e-07
 Reference value :  2.77276e-07
 Reference value :  2.78916e-07
 Reference value :  2.80581e-07
 Reference value :  2.82276e-07
 Reference value :  2.83941e-07
 Reference value :  2.85681e-07
 Reference value :  2.87406e-07
 Reference value :  2.89076e-07
 Reference value :  2.90791e-07
 Reference value :  2.93521e-07
 Reference value :  2.95216e-07
 Reference value :  2.97906e-07
No. of Data Rows : 60008
t1a                 =  1.06274e-08
t1b                 =  3.16337e-08
t2a                 =  9.96603e-09
t2b                 =  2.96331e-08
c1a                 =  -2.36485e-04
c1b                 =  -7.16331e-04
c2a                 =  -2.35820e-04
c2b                 =  -7.14310e-04
cta                 =  -1.82527e-04
ctb                 =  -5.83767e-04
vhi                 =  3.43099e+00 at=  2.63411e-07
vlo                 =  -2.97516e-02 at=  2.36201e-07
vxhi                =  3.41364e+00 at=  2.83046e-07
vxlo                =  -5.63220e-02 at=  2.36166e-07
m_period_r1 = 5.2515700000e-09
m_period_r2 = 4.9167650000e-09
m_f_r1 = 1.9041924605e+08
m_f_r2 = 2.0338576279e+08
m_i_r1_a = -2.284300219e-05
m_i_r2_a = -2.432954900e-05
m_i_tree_a = -1.910093553e-05
m_e_cycle_r1_j = -3.958733625e-13
m_c_eff_node_r1_f = -3.304727961e-15
m_ring_swing_v = 3.4607435800e+00
m_xo_swing_v = 3.4699619500e+00
m_i_total_a = -6.627348672e-05
m_p_rings_w = -1.556694189e-04
m_p_total_w = -2.187025062e-04
m_xo_trans_per_s = 7.8761001769e+08
Note: Simulation executed from .control section 

Warning: m=xx on .subckt line will override multiplier m hierarchy!

