
Note: Compatibility modes selected: hs a


Circuit: * ro-inv-05stage-power @ tt_27c_2.97v -- generated by sim/harness, do not edit

Doing analysis at TEMP = 27.000000 and TNOM = 27.000000

Using SPARSE 1.3 as Direct Linear Solver

Initial Transient Solution
--------------------------

Node                                   Voltage
----                                   -------
vdd                                       2.97
n2                                        2.97
n1                                           0
n3                                 5.04418e-09
n4                                        2.97
n5                                 5.04418e-09
q                                  4.08736e-14
xing                                    -1.485
bxing#branch                                 0
vdd#branch                        -0.000408736

 Reference value :  0.00000e+00
 Reference value :  3.69328e-09
 Reference value :  7.50928e-09
 Reference value :  1.12483e-08
 Reference value :  1.49453e-08
 Reference value :  1.87063e-08
 Reference value :  2.25483e-08
 Reference value :  2.64253e-08
 Reference value :  3.04283e-08
 Reference value :  3.42433e-08
 Reference value :  3.82653e-08
 Reference value :  4.19863e-08
No. of Data Rows : 45008
t1                  =  1.39641e-09
t2                  =  1.22372e-08
t3                  =  2.30779e-08
q1                  =  3.80426e-04
q2                  =  3.33816e-03
q3                  =  6.29588e-03
m_period = 6.7754753125e-10
m_f_osc = 1.4759112149e+09
m_i_supply_a = 2.7283409683e-04
m_p_active_w = 8.1031726759e-04
m_e_per_cycle_j = 5.4902846419e-13
m_c_eff_node_f = 1.2448354798e-14
m_i_supply_first16_a = 2.7283409347e-04
m_i_supply_last16_a = 2.7283410019e-04
Note: Simulation executed from .control section 

Warning: m=xx on .subckt line will override multiplier m hierarchy!

