
Note: Compatibility modes selected: hs a


Circuit: * sampler-dff-reset-current-xsb @ ss_125c_2.97v -- generated by sim/harness, do not edit

Doing analysis at TEMP = 125.000000 and TNOM = 27.000000

Using SPARSE 1.3 as Direct Linear Solver

Initial Transient Solution
--------------------------

Node                                   Voltage
----                                   -------
vdd                                       2.97
rst_n                                        0
clk                                          0
d                                            0
xdut.clkb                                 2.97
xdut.m                             5.38261e-08
xdut.mb                                   2.97
xdut.mmid                            0.0685223
xdut.mc                            5.94808e-08
xdut.s                                    2.97
q                                  3.25521e-08
xdut.qb                                   2.97
xdut.s2mid                           0.0685223
qint                               4.58003e-21
vd#branch                          9.08763e-12
vdd#branch                         -5.4888e-11
vclk#branch                                  0
vrst#branch                                  0

 Reference value :  0.00000e+00
 Reference value :  1.50705e-09
 Reference value :  3.05905e-09
No. of Data Rows : 4720
qint1               =  1.44756e-06
qint2               =  1.53797e-06
qint3               =  1.56422e-06
qout_rst            =  -3.18393e-05
m_i_reset_xsb_a = 2.9164250000e-08
m_p_reset_xsb_w = 8.6617822500e-08
m_i_reset_xsb_first_a = 4.5202500000e-08
m_i_reset_xsb_last_a = 1.3126000000e-08
m_q_v = -3.183927000e-05
Note: Simulation executed from .control section 

Warning: m=xx on .subckt line will override multiplier m hierarchy!

