
Note: Compatibility modes selected: hs a


Circuit: * ro-array-core-pvt-q @ ss_125c_3.30v -- generated by sim/harness, do not edit

Doing analysis at TEMP = 125.000000 and TNOM = 27.000000

Using SPARSE 1.3 as Direct Linear Solver

Initial Transient Solution
--------------------------

Node                                   Voltage
----                                   -------
vsup                                       3.3
en                                         3.3
vddr1                                      3.3
vddr2                                      3.3
vdd                                        3.3
xdut.xr1.xg.py                         1.60539
xdut.xr1.n1                                  0
xdut.rn1                           2.42122e-07
xdut.xr1.xg.nm                    9.32981e-164
xdut.xr1.xg.ny                    8.77709e-164
xdut.xr1.x1.py                             3.3
xdut.xr1.n2                                3.3
xdut.xr1.x1.ny                     6.93886e-07
xdut.xr1.x2.py                             3.3
xdut.xr1.n3                        2.42122e-07
xdut.xr1.x2.ny                     2.08861e-07
xdut.xr1.x3.py                             3.3
xdut.xr1.n4                                3.3
xdut.xr1.x3.ny                     6.93889e-07
xdut.xr1.x4.py                             3.3
xdut.xr1.n5                        2.42122e-07
xdut.xr1.x4.ny                     2.08861e-07
xdut.xr1.x5.py                             3.3
xdut.xr1.n6                                3.3
xdut.xr1.x5.ny                     6.93889e-07
xdut.xr1.x6.py                             3.3
xdut.xr1.n7                        2.42122e-07
xdut.xr1.x6.ny                     2.08861e-07
xdut.xr1.x7.py                             3.3
xdut.xr1.n8                                3.3
xdut.xr1.x7.ny                     6.93889e-07
xdut.xr1.x8.py                             3.3
xdut.xr1.n9                        2.42122e-07
xdut.xr1.x8.ny                     2.08861e-07
xdut.xr1.x9.py                             3.3
xdut.xr1.n10                               3.3
xdut.xr1.x9.ny                     6.93889e-07
xdut.xr1.x10.py                            3.3
xdut.xr1.x10.ny                    2.08861e-07
xdut.xr2.xg.py                          1.6232
xdut.xr2.n1                                  0
xdut.rn2                           2.26425e-07
xdut.xr2.xg.nm                    2.27815e-157
xdut.xr2.xg.ny                     2.1328e-157
xdut.xr2.x1.py                             3.3
xdut.xr2.n2                                3.3
xdut.xr2.x1.ny                     6.41737e-07
xdut.xr2.x2.py                             3.3
xdut.xr2.n3                        2.26425e-07
xdut.xr2.x2.ny                     1.93164e-07
xdut.xr2.x3.py                             3.3
xdut.xr2.n4                                3.3
xdut.xr2.x3.ny                      6.4174e-07
xdut.xr2.x4.py                             3.3
xdut.xr2.n5                        2.26425e-07
xdut.xr2.x4.ny                     1.93164e-07
xdut.xr2.x5.py                             3.3
xdut.xr2.n6                                3.3
xdut.xr2.x5.ny                      6.4174e-07
xdut.xr2.x6.py                             3.3
xdut.xr2.n7                        2.26425e-07
xdut.xr2.x6.ny                     1.93164e-07
xdut.xr2.x7.py                             3.3
xdut.xr2.n8                                3.3
xdut.xr2.x7.ny                      6.4174e-07
xdut.xr2.x8.py                             3.3
xdut.xr2.n9                        2.26425e-07
xdut.xr2.x8.ny                     1.93164e-07
xdut.xr2.x9.py                             3.3
xdut.xr2.n10                               3.3
xdut.xr2.x9.ny                      6.4174e-07
xdut.xr2.x10.py                            3.3
xdut.xr2.x10.ny                    1.93164e-07
ro1                                        3.3
ro2                                        3.3
xdut.xa1.an                         3.3261e-08
xdut.xa1.bn                         3.3261e-08
xdut.xa1.mid                          0.722601
xo                                  1.8306e-07
xdut.xa1.s1                        9.15299e-08
xdut.xa1.s2                        8.55292e-08
q1                                -6.04396e-16
q2                                -6.44989e-16
qt                                -6.16754e-21
vth                                       1.65
bvth#branch                                  0
vtr#branch                         6.16754e-11
vr2#branch                         6.44989e-06
vr1#branch                         6.04396e-06
ven#branch                                   0
vsup#branch                       -1.24939e-05

 Reference value :  0.00000e+00
 Reference value :  2.07140e-09
 Reference value :  4.28640e-09
 Reference value :  6.38640e-09
 Reference value :  8.61140e-09
 Reference value :  1.07414e-08
 Reference value :  1.28014e-08
 Reference value :  1.48964e-08
 Reference value :  1.71614e-08
 Reference value :  1.94714e-08
 Reference value :  2.16664e-08
 Reference value :  2.37214e-08
 Reference value :  2.60614e-08
 Reference value :  2.80564e-08
 Reference value :  3.00464e-08
 Reference value :  3.21764e-08
 Reference value :  3.44364e-08
 Reference value :  3.66364e-08
 Reference value :  3.88364e-08
 Reference value :  4.09514e-08
 Reference value :  4.30564e-08
 Reference value :  4.52564e-08
 Reference value :  4.73664e-08
 Reference value :  4.94614e-08
 Reference value :  5.14364e-08
 Reference value :  5.35864e-08
 Reference value :  5.55664e-08
 Reference value :  5.77564e-08
 Reference value :  5.99614e-08
 Reference value :  6.20864e-08
 Reference value :  6.42514e-08
 Reference value :  6.63414e-08
 Reference value :  6.83964e-08
 Reference value :  7.04914e-08
 Reference value :  7.25814e-08
 Reference value :  7.46664e-08
 Reference value :  7.69264e-08
 Reference value :  7.90664e-08
 Reference value :  8.11764e-08
 Reference value :  8.33464e-08
 Reference value :  8.54514e-08
 Reference value :  8.76214e-08
 Reference value :  8.96964e-08
 Reference value :  9.20664e-08
 Reference value :  9.42064e-08
 Reference value :  9.68314e-08
 Reference value :  9.90264e-08
 Reference value :  1.01661e-07
 Reference value :  1.03781e-07
 Reference value :  1.06001e-07
 Reference value :  1.08516e-07
 Reference value :  1.10616e-07
 Reference value :  1.12646e-07
 Reference value :  1.14731e-07
 Reference value :  1.17516e-07
 Reference value :  1.20256e-07
 Reference value :  1.22296e-07
 Reference value :  1.24536e-07
 Reference value :  1.26701e-07
 Reference value :  1.28961e-07
 Reference value :  1.31101e-07
 Reference value :  1.33161e-07
 Reference value :  1.35211e-07
 Reference value :  1.37356e-07
 Reference value :  1.39556e-07
 Reference value :  1.41671e-07
 Reference value :  1.43931e-07
 Reference value :  1.46161e-07
 Reference value :  1.48306e-07
 Reference value :  1.50631e-07
 Reference value :  1.53186e-07
 Reference value :  1.55726e-07
 Reference value :  1.58011e-07
 Reference value :  1.60736e-07
 Reference value :  1.63281e-07
 Reference value :  1.65386e-07
 Reference value :  1.67566e-07
 Reference value :  1.69821e-07
 Reference value :  1.72081e-07
 Reference value :  1.74241e-07
 Reference value :  1.76346e-07
 Reference value :  1.78441e-07
 Reference value :  1.80596e-07
 Reference value :  1.82856e-07
 Reference value :  1.84981e-07
 Reference value :  1.87421e-07
 Reference value :  1.89741e-07
 Reference value :  1.92086e-07
 Reference value :  1.94766e-07
 Reference value :  1.97021e-07
 Reference value :  1.99096e-07
 Reference value :  2.01261e-07
 Reference value :  2.03416e-07
 Reference value :  2.05591e-07
 Reference value :  2.07806e-07
 Reference value :  2.09901e-07
 Reference value :  2.12121e-07
 Reference value :  2.14216e-07
 Reference value :  2.16336e-07
 Reference value :  2.18471e-07
 Reference value :  2.20696e-07
 Reference value :  2.22831e-07
 Reference value :  2.25276e-07
 Reference value :  2.27506e-07
 Reference value :  2.29686e-07
 Reference value :  2.32056e-07
 Reference value :  2.34221e-07
 Reference value :  2.36426e-07
 Reference value :  2.38711e-07
 Reference value :  2.40916e-07
 Reference value :  2.43146e-07
 Reference value :  2.45411e-07
 Reference value :  2.47596e-07
 Reference value :  2.49766e-07
 Reference value :  2.52116e-07
 Reference value :  2.54271e-07
 Reference value :  2.56871e-07
 Reference value :  2.59141e-07
 Reference value :  2.61311e-07
 Reference value :  2.63616e-07
 Reference value :  2.65966e-07
 Reference value :  2.68116e-07
 Reference value :  2.70391e-07
 Reference value :  2.72556e-07
 Reference value :  2.74961e-07
 Reference value :  2.77146e-07
 Reference value :  2.79436e-07
 Reference value :  2.81621e-07
 Reference value :  2.83776e-07
 Reference value :  2.85946e-07
 Reference value :  2.88076e-07
 Reference value :  2.90291e-07
 Reference value :  2.92511e-07
 Reference value :  2.94611e-07
 Reference value :  2.96811e-07
 Reference value :  2.98896e-07
No. of Data Rows : 60008
t1a                 =  2.16510e-08
t1b                 =  6.45796e-08
t2a                 =  2.01718e-08
t2b                 =  6.01141e-08
c1a                 =  -2.51254e-04
c1b                 =  -7.61171e-04
c2a                 =  -2.50426e-04
c2b                 =  -7.58641e-04
cta                 =  -2.05818e-04
ctb                 =  -6.56592e-04
vhi                 =  3.42248e+00 at=  2.05346e-07
vlo                 =  -2.18943e-02 at=  2.00036e-07
vxhi                =  3.40657e+00 at=  2.25261e-07
vxlo                =  -3.87904e-02 at=  2.84801e-07
m_period_r1 = 1.0732147500e-08
m_period_r2 = 9.9855825000e-09
m_f_r1 = 9.3177996296e+07
m_f_r2 = 1.0014438316e+08
m_i_r1_a = -1.187827739e-05
m_i_r2_a = -1.272373945e-05
m_i_tree_a = -1.050056384e-05
m_e_cycle_r1_j = -4.206821025e-13
m_c_eff_node_r1_f = -3.511829890e-15
m_ring_swing_v = 3.4443773000e+00
m_xo_swing_v = 3.4453614000e+00
m_i_total_a = -3.510258069e-05
m_p_rings_w = -8.118665558e-05
m_p_total_w = -1.158385163e-04
m_xo_trans_per_s = 3.8664475892e+08
Note: Simulation executed from .control section 

Warning: m=xx on .subckt line will override multiplier m hierarchy!

