
Note: Compatibility modes selected: hs a


Circuit: * ro-inv-05stage-jitter @ ff_-40c_3.63v -- generated by sim/harness, do not edit

Doing analysis at TEMP = -40.000000 and TNOM = 27.000000

Using SPARSE 1.3 as Direct Linear Solver

Initial Transient Solution
--------------------------

Node                                   Voltage
----                                   -------
vdd                                       3.63
n2                                        3.63
g1                                           0
n3                                 4.95679e-09
g2                                        3.63
n4                                        3.63
g3                                 4.95679e-09
n5                                 4.95679e-09
g4                                        3.63
n1                                           0
g5                                 4.95679e-09
xing                                    -1.815
xs40                                    -1.452
xs60                                    -2.178
bs60#branch                                  0
bs40#branch                                  0
bxing#branch                                 0
vn5#branch                                   0
vn4#branch                                   0
vn3#branch                                   0
vn2#branch                                   0
vn1#branch                                   0
vdd#branch                        -0.000760013

 Reference value :  0.00000e+00
 Reference value :  3.02250e-09
 Reference value :  5.83450e-09
 Reference value :  8.91150e-09
 Reference value :  1.19092e-08
 Reference value :  1.50255e-08
 Reference value :  1.85415e-08
 Reference value :  2.17501e-08
 Reference value :  2.53303e-08
 Reference value :  2.89892e-08
 Reference value :  3.21635e-08
 Reference value :  3.51492e-08
 Reference value :  3.82501e-08
 Reference value :  4.11101e-08
 Reference value :  4.42625e-08
 Reference value :  4.78185e-08
 Reference value :  5.12265e-08
 Reference value :  5.42700e-08
 Reference value :  5.73545e-08
 Reference value :  6.04865e-08
 Reference value :  6.38755e-08
 Reference value :  6.68645e-08
 Reference value :  7.01592e-08
 Reference value :  7.32501e-08
 Reference value :  7.67792e-08
 Reference value :  8.01025e-08
 Reference value :  8.32600e-08
 Reference value :  8.62300e-08
 Reference value :  8.89765e-08
 Reference value :  9.19735e-08
 Reference value :  9.50515e-08
 Reference value :  9.81900e-08
 Reference value :  1.01619e-07
 Reference value :  1.05089e-07
 Reference value :  1.08581e-07
 Reference value :  1.12727e-07
 Reference value :  1.17254e-07
 Reference value :  1.21648e-07
 Reference value :  1.26334e-07
 Reference value :  1.30842e-07
 Reference value :  1.35676e-07
 Reference value :  1.39051e-07
 Reference value :  1.43022e-07
 Reference value :  1.46774e-07
 Reference value :  1.50259e-07
 Reference value :  1.53581e-07
 Reference value :  1.57240e-07
 Reference value :  1.61199e-07
 Reference value :  1.64623e-07
 Reference value :  1.67597e-07
No. of Data Rows : 221009
ts40                =  1.75734e-09
ts60                =  1.77098e-09
tk                  =  4.61176e-10
tk                  =  8.95442e-10
tk                  =  1.32966e-09
tk                  =  1.76390e-09
tk                  =  2.19816e-09
tk                  =  2.63229e-09
tk                  =  3.06656e-09
tk                  =  3.50076e-09
tk                  =  3.93506e-09
tk                  =  4.36933e-09
tk                  =  4.80355e-09
tk                  =  5.23777e-09
tk                  =  5.67204e-09
tk                  =  6.10634e-09
tk                  =  6.54053e-09
tk                  =  6.97478e-09
tk                  =  7.40899e-09
tk                  =  7.84336e-09
tk                  =  8.27769e-09
tk                  =  8.71192e-09
tk                  =  9.14621e-09
tk                  =  9.58049e-09
tk                  =  1.00147e-08
tk                  =  1.04490e-08
tk                  =  1.08833e-08
tk                  =  1.13176e-08
tk                  =  1.17518e-08
tk                  =  1.21861e-08
tk                  =  1.26203e-08
tk                  =  1.30545e-08
tk                  =  1.34887e-08
tk                  =  1.39230e-08
tk                  =  1.43571e-08
tk                  =  1.47914e-08
tk                  =  1.52257e-08
tk                  =  1.56599e-08
tk                  =  1.60941e-08
tk                  =  1.65284e-08
tk                  =  1.69625e-08
tk                  =  1.73967e-08
tk                  =  1.78310e-08
tk                  =  1.82653e-08
tk                  =  1.86995e-08
tk                  =  1.91336e-08
tk                  =  1.95679e-08
tk                  =  2.00020e-08
tk                  =  2.04363e-08
tk                  =  2.08705e-08
tk                  =  2.13047e-08
tk                  =  2.17390e-08
tk                  =  2.21732e-08
tk                  =  2.26074e-08
tk                  =  2.30418e-08
tk                  =  2.34760e-08
tk                  =  2.39103e-08
tk                  =  2.43446e-08
tk                  =  2.47788e-08
tk                  =  2.52131e-08
tk                  =  2.56473e-08
tk                  =  2.60816e-08
tk                  =  2.65158e-08
tk                  =  2.69501e-08
tk                  =  2.73845e-08
tk                  =  2.78187e-08
tk                  =  2.82530e-08
tk                  =  2.86873e-08
tk                  =  2.91215e-08
tk                  =  2.95557e-08
tk                  =  2.99900e-08
tk                  =  3.04243e-08
tk                  =  3.08585e-08
tk                  =  3.12927e-08
tk                  =  3.17269e-08
tk                  =  3.21611e-08
tk                  =  3.25955e-08
tk                  =  3.30297e-08
tk                  =  3.34640e-08
tk                  =  3.38983e-08
tk                  =  3.43325e-08
tk                  =  3.47667e-08
tk                  =  3.52009e-08
tk                  =  3.56352e-08
tk                  =  3.60695e-08
tk                  =  3.65039e-08
tk                  =  3.69382e-08
tk                  =  3.73724e-08
tk                  =  3.78066e-08
tk                  =  3.82409e-08
tk                  =  3.86751e-08
tk                  =  3.91094e-08
tk                  =  3.95437e-08
tk                  =  3.99780e-08
tk                  =  4.04121e-08
tk                  =  4.08463e-08
tk                  =  4.12805e-08
tk                  =  4.17147e-08
tk                  =  4.21489e-08
tk                  =  4.25832e-08
tk                  =  4.30175e-08
tk                  =  4.34517e-08
tk                  =  4.38859e-08
tk                  =  4.43201e-08
tk                  =  4.47544e-08
tk                  =  4.51887e-08
tk                  =  4.56230e-08
tk                  =  4.60573e-08
tk                  =  4.64916e-08
tk                  =  4.69258e-08
tk                  =  4.73601e-08
tk                  =  4.77944e-08
tk                  =  4.82286e-08
tk                  =  4.86628e-08
tk                  =  4.90972e-08
tk                  =  4.95313e-08
tk                  =  4.99655e-08
tk                  =  5.03997e-08
tk                  =  5.08339e-08
tk                  =  5.12682e-08
tk                  =  5.17024e-08
tk                  =  5.21366e-08
tk                  =  5.25708e-08
tk                  =  5.30050e-08
tk                  =  5.34394e-08
tk                  =  5.38736e-08
tk                  =  5.43079e-08
tk                  =  5.47422e-08
tk                  =  5.51765e-08
tk                  =  5.56107e-08
tk                  =  5.60450e-08
m_period = 4.3424854531e-10
m_f_osc = 2.3028286699e+09
m_slew_v_per_s = 5.3237515583e+10
m_sigma_1 = 6.1518151549e-14
m_sigma_2 = 8.0526046772e-14
m_sigma_4 = 1.1480379534e-13
m_sigma_8 = 1.6340021371e-13
m_sigma_16 = 2.2863870473e-13
m_sigma_32 = 2.7820366301e-13
Note: Simulation executed from .control section 

Warning: m=xx on .subckt line will override multiplier m hierarchy!

