
Note: Compatibility modes selected: hs a


Circuit: * sampler-dff-reset-clocked @ tt_125c_2.97v -- generated by sim/harness, do not edit

Doing analysis at TEMP = 125.000000 and TNOM = 27.000000

Using SPARSE 1.3 as Direct Linear Solver

Initial Transient Solution
--------------------------

Node                                   Voltage
----                                   -------
vdd                                       2.97
rst_n                                        0
clk                                          0
d                                         2.97
xdut.clkb                                 2.97
xdut.m                                    2.97
xdut.mb                                   2.97
xdut.mmid                              2.53233
xdut.mc                            9.63728e-07
xdut.s                                    2.97
q                                  7.83383e-08
xdut.qb                                   2.97
xdut.s2mid                           0.0792818
vth                                      1.485
bvth#branch                                  0
vd#branch                         -1.22083e-10
vclk#branch                                  0
vrst#branch                                  0
vdd#branch                        -2.35642e-10

 Reference value :  0.00000e+00
 Reference value :  1.58828e-07
 Reference value :  3.14728e-07
 Reference value :  4.77828e-07
 Reference value :  6.34237e-07
 Reference value :  8.04137e-07
 Reference value :  9.69837e-07
 Reference value :  1.13725e-06
 Reference value :  1.30515e-06
 Reference value :  1.46495e-06
 Reference value :  1.63004e-06
 Reference value :  1.79104e-06
 Reference value :  1.94824e-06
 Reference value :  2.10525e-06
 Reference value :  2.26665e-06
 Reference value :  2.42325e-06
 Reference value :  2.58234e-06
 Reference value :  2.74404e-06
 Reference value :  2.90724e-06
 Reference value :  3.06555e-06
 Reference value :  3.22465e-06
 Reference value :  3.38735e-06
 Reference value :  3.54204e-06
 Reference value :  3.70137e-06
 Reference value :  3.85857e-06
 Reference value :  4.01905e-06
 Reference value :  4.17965e-06
 Reference value :  4.34345e-06
 Reference value :  4.50054e-06
 Reference value :  4.65554e-06
 Reference value :  4.81654e-06
 Reference value :  4.97544e-06
 Reference value :  5.13625e-06
 Reference value :  5.29625e-06
 Reference value :  5.45765e-06
 Reference value :  5.61294e-06
 Reference value :  5.77774e-06
 Reference value :  5.94464e-06
No. of Data Rows : 60177
q_rst_max           =  1.15795e-01 at=  1.50000e-06
s_rst_min           =  2.53519e+00 at=  1.00000e-06
q_rel               =  1.00601e-06
q_cap               =  2.97000e+00
mb_rst_min          =  2.84001e+00 at=  3.50007e-06
m_q_rst_max_v = 1.1579490000e-01
m_q_rst_max_frac = 3.8988181818e-02
m_s_rst_min_v = 2.5351870000e+00
m_s_rst_dev_frac = 1.4640168350e-01
m_mb_rst_min_v = 2.8400060000e+00
m_q_rel_v = 1.0060140000e-06
m_q_cap_v = 2.9700000000e+00
Note: Simulation executed from .control section 

Warning: m=xx on .subckt line will override multiplier m hierarchy!

