
Note: Compatibility modes selected: hs a


Circuit: * ro-array-core-pvt-q @ ss_27c_2.97v -- generated by sim/harness, do not edit

Doing analysis at TEMP = 27.000000 and TNOM = 27.000000

Using SPARSE 1.3 as Direct Linear Solver

Initial Transient Solution
--------------------------

Node                                   Voltage
----                                   -------
vsup                                      2.97
en                                        2.97
vddr1                                     2.97
vddr2                                     2.97
vdd                                       2.97
xdut.xr1.xg.py                         1.57949
xdut.xr1.n1                                  0
xdut.rn1                           1.37048e-07
xdut.xr1.xg.nm                    4.18694e-229
xdut.xr1.xg.ny                    3.91826e-229
xdut.xr1.x1.py                            2.97
xdut.xr1.n2                               2.97
xdut.xr1.x1.ny                      1.2406e-09
xdut.xr1.x2.py                            2.97
xdut.xr1.n3                        1.37048e-07
xdut.xr1.x2.ny                     1.17127e-07
xdut.xr1.x3.py                            2.97
xdut.xr1.n4                               2.97
xdut.xr1.x3.ny                      1.2406e-09
xdut.xr1.x4.py                            2.97
xdut.xr1.n5                        1.37048e-07
xdut.xr1.x4.ny                     1.17127e-07
xdut.xr1.x5.py                            2.97
xdut.xr1.n6                               2.97
xdut.xr1.x5.ny                      1.2406e-09
xdut.xr1.x6.py                            2.97
xdut.xr1.n7                        1.37048e-07
xdut.xr1.x6.ny                     1.17127e-07
xdut.xr1.x7.py                            2.97
xdut.xr1.n8                               2.97
xdut.xr1.x7.ny                      1.2406e-09
xdut.xr1.x8.py                            2.97
xdut.xr1.n9                        1.37048e-07
xdut.xr1.x8.ny                     1.17127e-07
xdut.xr1.x9.py                            2.97
xdut.xr1.n10                              2.97
xdut.xr1.x9.ny                      1.2406e-09
xdut.xr1.x10.py                           2.97
xdut.xr1.x10.ny                    1.17127e-07
xdut.xr2.xg.py                         1.59377
xdut.xr2.n1                                  0
xdut.rn2                            1.2824e-07
xdut.xr2.xg.nm                    1.53209e-110
xdut.xr2.xg.ny                    1.42624e-110
xdut.xr2.x1.py                            2.97
xdut.xr2.n2                               2.97
xdut.xr2.x1.ny                      1.1473e-09
xdut.xr2.x2.py                            2.97
xdut.xr2.n3                         1.2824e-07
xdut.xr2.x2.ny                     1.08318e-07
xdut.xr2.x3.py                            2.97
xdut.xr2.n4                               2.97
xdut.xr2.x3.ny                      1.1473e-09
xdut.xr2.x4.py                            2.97
xdut.xr2.n5                         1.2824e-07
xdut.xr2.x4.ny                     1.08318e-07
xdut.xr2.x5.py                            2.97
xdut.xr2.n6                               2.97
xdut.xr2.x5.ny                      1.1473e-09
xdut.xr2.x6.py                            2.97
xdut.xr2.n7                         1.2824e-07
xdut.xr2.x6.ny                     1.08318e-07
xdut.xr2.x7.py                            2.97
xdut.xr2.n8                               2.97
xdut.xr2.x7.ny                      1.1473e-09
xdut.xr2.x8.py                            2.97
xdut.xr2.n9                         1.2824e-07
xdut.xr2.x8.ny                     1.08318e-07
xdut.xr2.x9.py                            2.97
xdut.xr2.n10                              2.97
xdut.xr2.x9.ny                      1.1473e-09
xdut.xr2.x10.py                           2.97
xdut.xr2.x10.ny                    1.08318e-07
ro1                                       2.97
ro2                                       2.97
xdut.xa1.an                        1.99214e-08
xdut.xa1.bn                        1.99214e-08
xdut.xa1.mid                          0.874363
xo                                 1.14779e-07
xdut.xa1.s1                        5.73896e-08
xdut.xa1.s2                        2.91503e-09
q1                                -5.67623e-16
q2                                -6.04525e-16
qt                                -2.62836e-21
vth                                      1.485
bvth#branch                                  0
vtr#branch                         2.62836e-11
vr2#branch                         6.04525e-06
vr1#branch                         5.67623e-06
ven#branch                                   0
vsup#branch                       -1.17215e-05

 Reference value :  0.00000e+00
 Reference value :  2.03140e-09
 Reference value :  4.49140e-09
 Reference value :  6.51640e-09
 Reference value :  8.63140e-09
 Reference value :  1.07264e-08
 Reference value :  1.28614e-08
 Reference value :  1.48964e-08
 Reference value :  1.70314e-08
 Reference value :  1.92914e-08
 Reference value :  2.14714e-08
 Reference value :  2.35914e-08
 Reference value :  2.56564e-08
 Reference value :  2.77114e-08
 Reference value :  2.99214e-08
 Reference value :  3.20814e-08
 Reference value :  3.42314e-08
 Reference value :  3.64214e-08
 Reference value :  3.83314e-08
 Reference value :  4.05014e-08
 Reference value :  4.26064e-08
 Reference value :  4.47564e-08
 Reference value :  4.68914e-08
 Reference value :  4.90114e-08
 Reference value :  5.12114e-08
 Reference value :  5.32864e-08
 Reference value :  5.52514e-08
 Reference value :  5.74514e-08
 Reference value :  5.96714e-08
 Reference value :  6.16514e-08
 Reference value :  6.36914e-08
 Reference value :  6.59164e-08
 Reference value :  6.80864e-08
 Reference value :  7.01914e-08
 Reference value :  7.23414e-08
 Reference value :  7.45664e-08
 Reference value :  7.67164e-08
 Reference value :  7.88364e-08
 Reference value :  8.09314e-08
 Reference value :  8.32064e-08
 Reference value :  8.53464e-08
 Reference value :  8.75364e-08
 Reference value :  8.96664e-08
 Reference value :  9.17214e-08
 Reference value :  9.38414e-08
 Reference value :  9.59414e-08
 Reference value :  9.81314e-08
 Reference value :  1.00291e-07
 Reference value :  1.02921e-07
 Reference value :  1.05431e-07
 Reference value :  1.07641e-07
 Reference value :  1.10101e-07
 Reference value :  1.12636e-07
 Reference value :  1.14651e-07
 Reference value :  1.17251e-07
 Reference value :  1.19866e-07
 Reference value :  1.21991e-07
 Reference value :  1.24156e-07
 Reference value :  1.26581e-07
 Reference value :  1.29061e-07
 Reference value :  1.31821e-07
 Reference value :  1.33806e-07
 Reference value :  1.35971e-07
 Reference value :  1.38141e-07
 Reference value :  1.40211e-07
 Reference value :  1.42336e-07
 Reference value :  1.44581e-07
 Reference value :  1.46796e-07
 Reference value :  1.49041e-07
 Reference value :  1.51231e-07
 Reference value :  1.53346e-07
 Reference value :  1.55496e-07
 Reference value :  1.57571e-07
 Reference value :  1.59871e-07
 Reference value :  1.62531e-07
 Reference value :  1.64571e-07
 Reference value :  1.67036e-07
 Reference value :  1.69701e-07
 Reference value :  1.72421e-07
 Reference value :  1.74761e-07
 Reference value :  1.76821e-07
 Reference value :  1.78986e-07
 Reference value :  1.81121e-07
 Reference value :  1.83271e-07
 Reference value :  1.85396e-07
 Reference value :  1.87641e-07
 Reference value :  1.89746e-07
 Reference value :  1.91941e-07
 Reference value :  1.94101e-07
 Reference value :  1.96031e-07
 Reference value :  1.98506e-07
 Reference value :  2.01201e-07
 Reference value :  2.03981e-07
 Reference value :  2.06016e-07
 Reference value :  2.08171e-07
 Reference value :  2.10346e-07
 Reference value :  2.12531e-07
 Reference value :  2.14696e-07
 Reference value :  2.16856e-07
 Reference value :  2.19126e-07
 Reference value :  2.21351e-07
 Reference value :  2.23501e-07
 Reference value :  2.25561e-07
 Reference value :  2.27716e-07
 Reference value :  2.29881e-07
 Reference value :  2.32116e-07
 Reference value :  2.34491e-07
 Reference value :  2.36696e-07
 Reference value :  2.38936e-07
 Reference value :  2.41006e-07
 Reference value :  2.43586e-07
 Reference value :  2.45611e-07
 Reference value :  2.47891e-07
 Reference value :  2.50141e-07
 Reference value :  2.52216e-07
 Reference value :  2.54366e-07
 Reference value :  2.56566e-07
 Reference value :  2.58861e-07
 Reference value :  2.61101e-07
 Reference value :  2.63201e-07
 Reference value :  2.65766e-07
 Reference value :  2.67886e-07
 Reference value :  2.69961e-07
 Reference value :  2.72221e-07
 Reference value :  2.74766e-07
 Reference value :  2.76776e-07
 Reference value :  2.79016e-07
 Reference value :  2.81131e-07
 Reference value :  2.83416e-07
 Reference value :  2.85636e-07
 Reference value :  2.87951e-07
 Reference value :  2.90101e-07
 Reference value :  2.92121e-07
 Reference value :  2.94236e-07
 Reference value :  2.96401e-07
 Reference value :  2.98506e-07
No. of Data Rows : 60008
t1a                 =  1.89912e-08
t1b                 =  5.65515e-08
t2a                 =  1.77086e-08
t2b                 =  5.26839e-08
c1a                 =  -2.01967e-04
c1b                 =  -6.11640e-04
c2a                 =  -2.01361e-04
c2b                 =  -6.09790e-04
cta                 =  -1.49282e-04
ctb                 =  -4.79203e-04
vhi                 =  3.10921e+00 at=  2.67311e-07
vlo                 =  -2.72862e-02 at=  2.62651e-07
vxhi                =  3.08708e+00 at=  2.06046e-07
vxlo                =  -5.82405e-02 at=  2.62596e-07
m_period_r1 = 9.3900850000e-09
m_period_r2 = 8.7438425000e-09
m_f_r1 = 1.0649530862e+08
m_f_r2 = 1.1436619541e+08
m_i_r1_a = -1.090705782e-05
m_i_r2_a = -1.167763772e-05
m_i_tree_a = -8.783746367e-06
m_e_cycle_r1_j = -3.041820540e-13
m_c_eff_node_r1_f = -3.134931129e-15
m_ring_swing_v = 3.1364911900e+00
m_xo_swing_v = 3.1453214900e+00
m_i_total_a = -3.136844190e-05
m_p_rings_w = -6.707654575e-05
m_p_total_w = -9.316427245e-05
m_xo_trans_per_s = 4.4172300805e+08
Note: Simulation executed from .control section 

Warning: m=xx on .subckt line will override multiplier m hierarchy!

