
Note: Compatibility modes selected: hs a


Circuit: * sampler-array-digitize @ tt_27c_3.30v -- generated by sim/harness, do not edit

Doing analysis at TEMP = 27.000000 and TNOM = 27.000000

Using SPARSE 1.3 as Direct Linear Solver

Initial Transient Solution
--------------------------

Node                                   Voltage
----                                   -------
vsup                                       3.3
en                                         3.3
vddr1                                      3.3
vddr2                                      3.3
vdd                                        3.3
xg1.py                                 1.58325
n11                                          0
g10                                1.24708e-07
xg1.nm                            1.18055e-314
xg1.ny                            1.10206e-314
x11.py                                     3.3
n12                                        3.3
g11                                          0
x11.ny                             2.35462e-08
x12.py                                     3.3
n13                                1.24708e-07
g12                                        3.3
x12.ny                             1.06256e-07
x13.py                                     3.3
n14                                        3.3
g13                                1.24708e-07
x13.ny                             2.35463e-08
x14.py                                     3.3
n15                                1.24708e-07
g14                                        3.3
x14.ny                             1.06256e-07
x15.py                                     3.3
n16                                        3.3
g15                                1.24708e-07
x15.ny                             2.35463e-08
x16.py                                     3.3
n17                                1.24708e-07
g16                                        3.3
x16.ny                             1.06256e-07
x17.py                                     3.3
n18                                        3.3
g17                                1.24708e-07
x17.ny                             2.35463e-08
x18.py                                     3.3
n19                                1.24708e-07
g18                                        3.3
x18.ny                             1.06256e-07
x19.py                                     3.3
n1a                                        3.3
g19                                1.24708e-07
x19.ny                             2.35463e-08
x1a.py                                     3.3
ro1                                1.24708e-07
g1a                                        3.3
x1a.ny                             1.06256e-07
xg2.py                                 1.59988
n21                                          0
g20                                1.17147e-07
xg2.nm                            7.13183e-243
xg2.ny                            6.62347e-243
x21.py                                     3.3
n22                                        3.3
g21                                          0
x21.ny                             2.18706e-08
x22.py                                     3.3
n23                                1.17147e-07
g22                                        3.3
x22.ny                              9.8695e-08
x23.py                                     3.3
n24                                        3.3
g23                                1.17147e-07
x23.ny                             2.18707e-08
x24.py                                     3.3
n25                                1.17147e-07
g24                                        3.3
x24.ny                              9.8695e-08
x25.py                                     3.3
n26                                        3.3
g25                                1.17147e-07
x25.ny                             2.18707e-08
x26.py                                     3.3
n27                                1.17147e-07
g26                                        3.3
x26.ny                              9.8695e-08
x27.py                                     3.3
n28                                        3.3
g27                                1.17147e-07
x27.ny                             2.18707e-08
x28.py                                     3.3
n29                                1.17147e-07
g28                                        3.3
x28.ny                              9.8695e-08
x29.py                                     3.3
n2a                                        3.3
g29                                1.17147e-07
x29.ny                             2.18707e-08
x2a.py                                     3.3
ro2                                1.17147e-07
g2a                                        3.3
x2a.ny                              9.8695e-08
xa1.an                                     3.3
xa1.bn                                     3.3
xa1.mid                                    3.3
xo                                 1.12129e-07
xa1.s1                             2.36233e-08
xa1.s2                             5.60644e-08
xsb.clkb                                   3.3
clk                                          0
xsb.m                              1.48801e-07
xsb.mb                                     3.3
rst_n                                        0
xsb.mmid                             0.0420079
xsb.mc                             3.68602e-08
xsb.s                                      3.3
raw_bit                            1.84515e-08
xsb.qb                                     3.3
xsb.s2mid                            0.0420081
xsv.clkb                                   3.3
xsv.m                                      3.3
xsv.mb                                     3.3
xsv.mmid                               2.76248
xsv.mc                             4.09919e-08
xsv.s                                      3.3
raw_valid                          1.84515e-08
xsv.qb                                     3.3
xsv.s2mid                            0.0420081
x1                                       -1.65
x2                                       -1.65
vth                                       1.65
tclkv                                    1e-08
btclk#branch                                 0
bvth#branch                                  0
bx2#branch                                   0
bx1#branch                                   0
vclk#branch                                  0
vrst#branch                                  0
vn2a#branch                                  0
vn29#branch                                  0
vn28#branch                                  0
vn27#branch                                  0
vn26#branch                                  0
vn25#branch                                  0
vn24#branch                                  0
vn23#branch                                  0
vn22#branch                                  0
vn21#branch                                  0
vn20#branch                        2.38825e-28
vn1a#branch                                  0
vn19#branch                                  0
vn18#branch                                  0
vn17#branch                                  0
vn16#branch                                  0
vn15#branch                                  0
vn14#branch                                  0
vn13#branch                                  0
vn12#branch                                  0
vn11#branch                                  0
vn10#branch                       -2.11538e-28
vtr#branch                         1.09306e-10
vr2#branch                         9.82236e-06
vr1#branch                         9.26862e-06
ven#branch                                   0
vsup#branch                       -1.90911e-05

 Reference value :  0.00000e+00
 Reference value :  3.64118e-10
 Reference value :  7.50588e-10
 Reference value :  1.13412e-09
 Reference value :  1.52412e-09
 Reference value :  1.93706e-09
 Reference value :  2.37059e-09
 Reference value :  2.81176e-09
 Reference value :  3.25412e-09
 Reference value :  3.68000e-09
 Reference value :  4.09706e-09
 Reference value :  4.51412e-09
 Reference value :  4.93059e-09
 Reference value :  5.35706e-09
 Reference value :  5.80412e-09
 Reference value :  6.25000e-09
 Reference value :  6.68000e-09
 Reference value :  7.11000e-09
 Reference value :  7.53000e-09
 Reference value :  7.95000e-09
 Reference value :  8.37412e-09
 Reference value :  8.79412e-09
 Reference value :  9.23059e-09
 Reference value :  9.66412e-09
 Reference value :  1.00941e-08
 Reference value :  1.05241e-08
 Reference value :  1.09418e-08
 Reference value :  1.13618e-08
 Reference value :  1.18006e-08
 Reference value :  1.22318e-08
 Reference value :  1.26571e-08
 Reference value :  1.31041e-08
 Reference value :  1.35400e-08
 Reference value :  1.39600e-08
 Reference value :  1.44018e-08
 Reference value :  1.48218e-08
 Reference value :  1.52518e-08
 Reference value :  1.56806e-08
 Reference value :  1.60906e-08
 Reference value :  1.65300e-08
 Reference value :  1.69471e-08
 Reference value :  1.73741e-08
 Reference value :  1.78018e-08
 Reference value :  1.83341e-08
 Reference value :  1.87471e-08
 Reference value :  1.91706e-08
 Reference value :  1.96271e-08
 Reference value :  2.00073e-08
 Reference value :  2.03800e-08
 Reference value :  2.08006e-08
 Reference value :  2.12171e-08
 Reference value :  2.16371e-08
 Reference value :  2.20406e-08
 Reference value :  2.24671e-08
 Reference value :  2.28971e-08
 Reference value :  2.33306e-08
 Reference value :  2.37541e-08
 Reference value :  2.41906e-08
 Reference value :  2.46071e-08
 Reference value :  2.50471e-08
 Reference value :  2.54806e-08
 Reference value :  2.59071e-08
 Reference value :  2.63606e-08
 Reference value :  2.67718e-08
 Reference value :  2.72100e-08
 Reference value :  2.76471e-08
 Reference value :  2.80818e-08
 Reference value :  2.85100e-08
 Reference value :  2.89506e-08
 Reference value :  2.93906e-08
 Reference value :  2.98100e-08
 Reference value :  3.01806e-08
 Reference value :  3.06118e-08
 Reference value :  3.10018e-08
 Reference value :  3.14241e-08
 Reference value :  3.18518e-08
 Reference value :  3.22818e-08
 Reference value :  3.27218e-08
 Reference value :  3.31406e-08
 Reference value :  3.35600e-08
 Reference value :  3.40018e-08
 Reference value :  3.44318e-08
 Reference value :  3.48771e-08
 Reference value :  3.52606e-08
 Reference value :  3.57041e-08
 Reference value :  3.60800e-08
 Reference value :  3.65000e-08
 Reference value :  3.69218e-08
 Reference value :  3.73400e-08
 Reference value :  3.77606e-08
 Reference value :  3.81918e-08
 Reference value :  3.86206e-08
 Reference value :  3.90518e-08
 Reference value :  3.94906e-08
 Reference value :  3.99141e-08
 Reference value :  4.02818e-08
 Reference value :  4.06806e-08
 Reference value :  4.10700e-08
 Reference value :  4.15000e-08
 Reference value :  4.19406e-08
 Reference value :  4.23671e-08
 Reference value :  4.28000e-08
 Reference value :  4.32206e-08
 Reference value :  4.36341e-08
 Reference value :  4.40500e-08
 Reference value :  4.44600e-08
 Reference value :  4.48706e-08
 Reference value :  4.52541e-08
 Reference value :  4.56941e-08
 Reference value :  4.60800e-08
 Reference value :  4.65400e-08
 Reference value :  4.69600e-08
 Reference value :  4.73741e-08
 Reference value :  4.78041e-08
 Reference value :  4.82400e-08
 Reference value :  4.86706e-08
 Reference value :  4.91118e-08
 Reference value :  4.95441e-08
 Reference value :  4.99918e-08
 Reference value :  5.03700e-08
 Reference value :  5.07806e-08
 Reference value :  5.11500e-08
 Reference value :  5.15641e-08
 Reference value :  5.19871e-08
 Reference value :  5.24171e-08
 Reference value :  5.28500e-08
 Reference value :  5.32900e-08
 Reference value :  5.37206e-08
 Reference value :  5.41406e-08
 Reference value :  5.45618e-08
 Reference value :  5.49971e-08
 Reference value :  5.53706e-08
 Reference value :  5.58171e-08
 Reference value :  5.62071e-08
 Reference value :  5.66471e-08
 Reference value :  5.70806e-08
 Reference value :  5.74918e-08
 Reference value :  5.79100e-08
 Reference value :  5.83500e-08
 Reference value :  5.87771e-08
 Reference value :  5.92241e-08
 Reference value :  5.96571e-08
 Reference value :  6.00640e-08
 Reference value :  6.04871e-08
 Reference value :  6.09371e-08
 Reference value :  6.13118e-08
 Reference value :  6.17206e-08
 Reference value :  6.21341e-08
 Reference value :  6.27406e-08
 Reference value :  6.32218e-08
 Reference value :  6.36600e-08
 Reference value :  6.40900e-08
 Reference value :  6.45106e-08
 Reference value :  6.49406e-08
 Reference value :  6.53200e-08
 Reference value :  6.57518e-08
 Reference value :  6.61441e-08
 Reference value :  6.65841e-08
 Reference value :  6.70341e-08
 Reference value :  6.74641e-08
 Reference value :  6.78900e-08
 Reference value :  6.83006e-08
 Reference value :  6.87300e-08
 Reference value :  6.91671e-08
 Reference value :  6.95818e-08
 Reference value :  7.00000e-08
 Reference value :  7.04218e-08
 Reference value :  7.08341e-08
 Reference value :  7.12071e-08
 Reference value :  7.16271e-08
 Reference value :  7.20500e-08
 Reference value :  7.24871e-08
 Reference value :  7.29400e-08
 Reference value :  7.33771e-08
 Reference value :  7.38100e-08
 Reference value :  7.42506e-08
 Reference value :  7.47006e-08
 Reference value :  7.51018e-08
 Reference value :  7.55406e-08
 Reference value :  7.59900e-08
 Reference value :  7.64271e-08
 Reference value :  7.68771e-08
 Reference value :  7.73206e-08
 Reference value :  7.77671e-08
 Reference value :  7.81871e-08
 Reference value :  7.86100e-08
 Reference value :  7.90641e-08
 Reference value :  7.94918e-08
 Reference value :  7.99341e-08
 Reference value :  8.03400e-08
 Reference value :  8.07900e-08
 Reference value :  8.12271e-08
 Reference value :  8.16600e-08
 Reference value :  8.20971e-08
 Reference value :  8.25400e-08
 Reference value :  8.29818e-08
 Reference value :  8.34418e-08
 Reference value :  8.39041e-08
 Reference value :  8.43600e-08
 Reference value :  8.48071e-08
 Reference value :  8.52141e-08
 Reference value :  8.56406e-08
 Reference value :  8.60506e-08
 Reference value :  8.64806e-08
 Reference value :  8.69018e-08
 Reference value :  8.73206e-08
 Reference value :  8.77500e-08
 Reference value :  8.81700e-08
 Reference value :  8.86006e-08
 Reference value :  8.90200e-08
 Reference value :  8.94341e-08
 Reference value :  8.98471e-08
 Reference value :  9.02206e-08
 Reference value :  9.06400e-08
 Reference value :  9.10219e-08
 Reference value :  9.14618e-08
 Reference value :  9.18971e-08
 Reference value :  9.23300e-08
 Reference value :  9.27800e-08
 Reference value :  9.32106e-08
 Reference value :  9.36500e-08
 Reference value :  9.40741e-08
 Reference value :  9.45071e-08
 Reference value :  9.49400e-08
 Reference value :  9.53441e-08
 Reference value :  9.57900e-08
 Reference value :  9.61871e-08
 Reference value :  9.66206e-08
 Reference value :  9.70506e-08
 Reference value :  9.74771e-08
 Reference value :  9.79006e-08
 Reference value :  9.83406e-08
 Reference value :  9.87806e-08
 Reference value :  9.92200e-08
 Reference value :  9.96606e-08
 Reference value :  1.00041e-07
 Reference value :  1.00477e-07
 Reference value :  1.00917e-07
 Reference value :  1.01304e-07
 Reference value :  1.01730e-07
 Reference value :  1.02160e-07
 Reference value :  1.02577e-07
 Reference value :  1.03002e-07
 Reference value :  1.03441e-07
 Reference value :  1.03867e-07
 Reference value :  1.04292e-07
 Reference value :  1.04720e-07
 Reference value :  1.05117e-07
 Reference value :  1.05541e-07
 Reference value :  1.05990e-07
 Reference value :  1.06380e-07
 Reference value :  1.06810e-07
 Reference value :  1.07231e-07
 Reference value :  1.07641e-07
 Reference value :  1.08054e-07
 Reference value :  1.08467e-07
 Reference value :  1.09054e-07
 Reference value :  1.09484e-07
 Reference value :  1.09932e-07
 Reference value :  1.10332e-07
 Reference value :  1.10761e-07
 Reference value :  1.11150e-07
 Reference value :  1.11587e-07
 Reference value :  1.12012e-07
 Reference value :  1.12432e-07
 Reference value :  1.12882e-07
 Reference value :  1.13337e-07
 Reference value :  1.13770e-07
 Reference value :  1.14194e-07
 Reference value :  1.14640e-07
 Reference value :  1.15012e-07
 Reference value :  1.15431e-07
 Reference value :  1.15857e-07
 Reference value :  1.16260e-07
 Reference value :  1.16690e-07
 Reference value :  1.17130e-07
 Reference value :  1.17544e-07
 Reference value :  1.17954e-07
 Reference value :  1.18374e-07
 Reference value :  1.18782e-07
 Reference value :  1.19212e-07
 Reference value :  1.19640e-07
 Reference value :  1.20032e-07
 Reference value :  1.20477e-07
 Reference value :  1.20901e-07
 Reference value :  1.21284e-07
 Reference value :  1.21704e-07
 Reference value :  1.22121e-07
 Reference value :  1.22542e-07
 Reference value :  1.22954e-07
 Reference value :  1.23380e-07
 Reference value :  1.23812e-07
 Reference value :  1.24242e-07
 Reference value :  1.24720e-07
 Reference value :  1.25087e-07
 Reference value :  1.25497e-07
 Reference value :  1.25882e-07
 Reference value :  1.26250e-07
 Reference value :  1.26670e-07
 Reference value :  1.27070e-07
 Reference value :  1.27481e-07
 Reference value :  1.27990e-07
 Reference value :  1.28582e-07
 Reference value :  1.28997e-07
 Reference value :  1.29397e-07
 Reference value :  1.29792e-07
 Reference value :  1.30134e-07
 Reference value :  1.30527e-07
 Reference value :  1.30924e-07
 Reference value :  1.31272e-07
 Reference value :  1.31662e-07
No. of Data Rows : 67052
rb_rst              =  9.54423e-08
rv_rst              =  1.84514e-08
b0                  =  -1.49866e-07
b1                  =  1.84574e-08
b2                  =  1.95826e-08
b3                  =  3.30000e+00
b4                  =  3.30000e+00
b5                  =  3.30000e+00
b6                  =  3.30000e+00
b7                  =  3.30000e+00
b8                  =  -1.58809e-07
b9                  =  -1.64897e-06
v0                  =  3.30000e+00
v9                  =  3.30000e+00
t1a                 =  1.10861e-08
t1b                 =  9.65293e-08
t2a                 =  1.03956e-08
t2b                 =  9.09598e-08
vxhi                =  3.36168e+00 at=  7.38900e-08
vxlo                =  -3.20983e-02 at=  1.20597e-07
vrhi                =  3.45005e+00 at=  1.27720e-07
vrlo                =  -5.85930e-02 at=  7.41141e-08
m_rb_rst_v = 9.5442310000e-08
m_rv_rst_v = 1.8451430000e-08
m_b0_v = -1.498664000e-07
m_b1_v = 1.8457360000e-08
m_b2_v = 1.9582580000e-08
m_b3_v = 3.3000000000e+00
m_b4_v = 3.3000020000e+00
m_b5_v = 3.3000000000e+00
m_b6_v = 3.3000000000e+00
m_b7_v = 3.3000000000e+00
m_b8_v = -1.588094000e-07
m_b9_v = -1.648965000e-06
m_rv0_v = 3.3000000000e+00
m_rv9_v = 3.3000000000e+00
m_ones_count = 5.0000000000e+00
m_worst_rail_dev_v = 1.9582580002e-08
m_period_r1 = 7.1202641667e-09
m_period_r2 = 6.7136808333e-09
m_f_r1 = 1.4044422743e+08
m_f_r2 = 1.4894958888e+08
m_freq_ratio_r2_r1 = 1.0605604203e+00
m_ring_periods_per_sample = 1.4044422743e+00
m_xo_swing_v = 3.3937813200e+00
m_ring1_swing_v = 3.5086470400e+00
m_xo_trans_per_s = 5.7878763263e+08
Note: Simulation executed from .control section 

Warning: m=xx on .subckt line will override multiplier m hierarchy!

