
Note: Compatibility modes selected: hs a


Circuit: * ro-array-core-mc-freq @ tt_27c_3.30v -- generated by sim/harness, do not edit

Doing analysis at TEMP = 27.000000 and TNOM = 27.000000

Using SPARSE 1.3 as Direct Linear Solver

Initial Transient Solution
--------------------------

Node                                   Voltage
----                                   -------
vsup                                       3.3
en                                         3.3
vddr1                                      3.3
vddr2                                      3.3
vdd                                        3.3
xdut.xr1.xg.py                         1.59231
xdut.xr1.n1                                  0
xdut.rn1                           1.25576e-07
xdut.xr1.xg.nm                    5.27848e-254
xdut.xr1.xg.ny                    4.92908e-254
xdut.xr1.x1.py                             3.3
xdut.xr1.n2                                3.3
xdut.xr1.x1.ny                     3.30306e-08
xdut.xr1.x2.py                             3.3
xdut.xr1.n3                        1.23632e-07
xdut.xr1.x2.ny                     1.05041e-07
xdut.xr1.x3.py                             3.3
xdut.xr1.n4                                3.3
xdut.xr1.x3.ny                     1.99111e-08
xdut.xr1.x4.py                             3.3
xdut.xr1.n5                        1.24565e-07
xdut.xr1.x4.ny                     1.06544e-07
xdut.xr1.x5.py                             3.3
xdut.xr1.n6                                3.3
xdut.xr1.x5.ny                       1.303e-08
xdut.xr1.x6.py                             3.3
xdut.xr1.n7                        1.24696e-07
xdut.xr1.x6.ny                     1.06442e-07
xdut.xr1.x7.py                             3.3
xdut.xr1.n8                                3.3
xdut.xr1.x7.ny                     2.19896e-08
xdut.xr1.x8.py                             3.3
xdut.xr1.n9                        1.24047e-07
xdut.xr1.x8.ny                      1.0552e-07
xdut.xr1.x9.py                             3.3
xdut.xr1.n10                               3.3
xdut.xr1.x9.ny                     8.46022e-09
xdut.xr1.x10.py                            3.3
xdut.xr1.x10.ny                    1.06792e-07
xdut.xr2.xg.py                         1.59952
xdut.xr2.n1                                  0
xdut.rn2                            1.1757e-07
xdut.xr2.xg.nm                    1.04186e-230
xdut.xr2.xg.ny                    9.68645e-231
xdut.xr2.x1.py                             3.3
xdut.xr2.n2                                3.3
xdut.xr2.x1.ny                     1.51853e-08
xdut.xr2.x2.py                             3.3
xdut.xr2.n3                        1.18397e-07
xdut.xr2.x2.ny                      9.9954e-08
xdut.xr2.x3.py                             3.3
xdut.xr2.n4                                3.3
xdut.xr2.x3.ny                     3.80461e-08
xdut.xr2.x4.py                             3.3
xdut.xr2.n5                        1.17028e-07
xdut.xr2.x4.ny                     9.86886e-08
xdut.xr2.x5.py                             3.3
xdut.xr2.n6                                3.3
xdut.xr2.x5.ny                     3.60106e-08
xdut.xr2.x6.py                             3.3
xdut.xr2.n7                        1.17317e-07
xdut.xr2.x6.ny                     9.88545e-08
xdut.xr2.x7.py                             3.3
xdut.xr2.n8                                3.3
xdut.xr2.x7.ny                     2.12165e-08
xdut.xr2.x8.py                             3.3
xdut.xr2.n9                         1.1691e-07
xdut.xr2.x8.ny                      9.8325e-08
xdut.xr2.x9.py                             3.3
xdut.xr2.n10                               3.3
xdut.xr2.x9.ny                     9.44828e-08
xdut.xr2.x10.py                            3.3
xdut.xr2.x10.ny                    9.91669e-08
ro1                                        3.3
ro2                                        3.3
xdut.xa1.an                        1.85885e-08
xdut.xa1.bn                         1.8373e-08
xdut.xa1.mid                          0.797671
xo                                 1.10344e-07
xdut.xa1.s1                        5.53182e-08
xdut.xa1.s2                        1.88951e-08
q1                                -9.25879e-16
q2                                -9.85169e-16
qt                                -3.07998e-21
vth                                       1.65
bvth#branch                                  0
vtr#branch                         3.07998e-11
vr2#branch                         9.85169e-06
vr1#branch                         9.25879e-06
ven#branch                                   0
vsup#branch                       -1.91105e-05

 Reference value :  0.00000e+00
 Reference value :  6.45280e-10
 Reference value :  1.28828e-09
 Reference value :  1.91428e-09
 Reference value :  2.58128e-09
 Reference value :  3.22028e-09
 Reference value :  3.86228e-09
 Reference value :  4.48328e-09
 Reference value :  5.12128e-09
 Reference value :  5.74828e-09
 Reference value :  6.38028e-09
 Reference value :  7.00828e-09
 Reference value :  7.63428e-09
 Reference value :  8.25928e-09
 Reference value :  8.88828e-09
 Reference value :  9.51828e-09
 Reference value :  1.01503e-08
 Reference value :  1.07933e-08
 Reference value :  1.14263e-08
 Reference value :  1.20993e-08
 Reference value :  1.27213e-08
 Reference value :  1.33683e-08
 Reference value :  1.40013e-08
 Reference value :  1.46323e-08
 Reference value :  1.52803e-08
 Reference value :  1.59113e-08
 Reference value :  1.65383e-08
 Reference value :  1.71703e-08
 Reference value :  1.78033e-08
 Reference value :  1.84363e-08
 Reference value :  1.90643e-08
 Reference value :  1.97303e-08
 Reference value :  2.03643e-08
 Reference value :  2.09853e-08
 Reference value :  2.16253e-08
 Reference value :  2.22473e-08
 Reference value :  2.28713e-08
 Reference value :  2.35063e-08
 Reference value :  2.41333e-08
 Reference value :  2.47883e-08
 Reference value :  2.54203e-08
 Reference value :  2.60503e-08
 Reference value :  2.66843e-08
 Reference value :  2.73183e-08
 Reference value :  2.79493e-08
 Reference value :  2.86003e-08
 Reference value :  2.92503e-08
 Reference value :  2.98923e-08
 Reference value :  3.05203e-08
 Reference value :  3.11573e-08
 Reference value :  3.18143e-08
 Reference value :  3.24583e-08
 Reference value :  3.30883e-08
 Reference value :  3.37343e-08
 Reference value :  3.43683e-08
 Reference value :  3.50093e-08
 Reference value :  3.56293e-08
 Reference value :  3.62513e-08
 Reference value :  3.68763e-08
 Reference value :  3.75013e-08
 Reference value :  3.81323e-08
 Reference value :  3.87683e-08
 Reference value :  3.93953e-08
 Reference value :  4.00273e-08
 Reference value :  4.06573e-08
 Reference value :  4.12893e-08
 Reference value :  4.19113e-08
 Reference value :  4.25403e-08
 Reference value :  4.31643e-08
 Reference value :  4.38013e-08
 Reference value :  4.44663e-08
 Reference value :  4.50913e-08
 Reference value :  4.57603e-08
 Reference value :  4.63893e-08
 Reference value :  4.70293e-08
 Reference value :  4.76523e-08
 Reference value :  4.82833e-08
 Reference value :  4.89123e-08
 Reference value :  4.95503e-08
 Reference value :  5.01903e-08
 Reference value :  5.08293e-08
 Reference value :  5.14553e-08
 Reference value :  5.20903e-08
 Reference value :  5.27183e-08
 Reference value :  5.33533e-08
 Reference value :  5.39783e-08
 Reference value :  5.45883e-08
 Reference value :  5.52123e-08
 Reference value :  5.58373e-08
 Reference value :  5.64753e-08
 Reference value :  5.71103e-08
 Reference value :  5.77353e-08
 Reference value :  5.83733e-08
 Reference value :  5.90243e-08
 Reference value :  5.96663e-08
 Reference value :  6.02903e-08
 Reference value :  6.09283e-08
 Reference value :  6.15553e-08
 Reference value :  6.21843e-08
 Reference value :  6.28123e-08
 Reference value :  6.34503e-08
 Reference value :  6.40853e-08
 Reference value :  6.47313e-08
 Reference value :  6.53613e-08
 Reference value :  6.59873e-08
 Reference value :  6.66103e-08
 Reference value :  6.72803e-08
 Reference value :  6.79233e-08
 Reference value :  6.85723e-08
 Reference value :  6.91973e-08
 Reference value :  6.98193e-08
 Reference value :  7.04413e-08
 Reference value :  7.10673e-08
 Reference value :  7.17103e-08
 Reference value :  7.23553e-08
 Reference value :  7.29883e-08
 Reference value :  7.36173e-08
 Reference value :  7.42633e-08
 Reference value :  7.48903e-08
 Reference value :  7.55203e-08
 Reference value :  7.61793e-08
 Reference value :  7.68093e-08
 Reference value :  7.74373e-08
 Reference value :  7.80663e-08
 Reference value :  7.87013e-08
 Reference value :  7.93493e-08
 Reference value :  7.99683e-08
 Reference value :  8.06063e-08
 Reference value :  8.12323e-08
 Reference value :  8.18753e-08
 Reference value :  8.24993e-08
 Reference value :  8.31253e-08
 Reference value :  8.37623e-08
 Reference value :  8.43903e-08
 Reference value :  8.50173e-08
 Reference value :  8.56523e-08
 Reference value :  8.62813e-08
 Reference value :  8.69443e-08
 Reference value :  8.75733e-08
 Reference value :  8.82393e-08
 Reference value :  8.89003e-08
 Reference value :  8.95393e-08
 Reference value :  9.01643e-08
 Reference value :  9.07953e-08
 Reference value :  9.14383e-08
 Reference value :  9.20883e-08
 Reference value :  9.27523e-08
 Reference value :  9.33783e-08
 Reference value :  9.40143e-08
 Reference value :  9.46503e-08
 Reference value :  9.52753e-08
 Reference value :  9.59053e-08
 Reference value :  9.65363e-08
 Reference value :  9.71843e-08
 Reference value :  9.78153e-08
 Reference value :  9.84453e-08
 Reference value :  9.90783e-08
 Reference value :  9.97193e-08
No. of Data Rows : 100008
t1a                 =  1.34919e-08
t1b                 =  4.01908e-08
t2a                 =  1.26378e-08
t2b                 =  3.76020e-08
c1a                 =  -2.50139e-04
c1b                 =  -7.58071e-04
c2a                 =  -2.48711e-04
c2b                 =  -7.53400e-04
m_period_r1 = 6.6747275000e-09
m_period_r2 = 6.2410475000e-09
m_f_r1 = 1.4981885028e+08
m_f_r2 = 1.6022951275e+08
m_i_r1_a = -1.902444707e-05
m_i_r2_a = -2.021651013e-05
Note: Simulation executed from .control section 

Warning: m=xx on .subckt line will override multiplier m hierarchy!

