
Note: Compatibility modes selected: hs a


Circuit: * ro-array-core-mc-freq @ tt_27c_3.30v -- generated by sim/harness, do not edit

Doing analysis at TEMP = 27.000000 and TNOM = 27.000000

Using SPARSE 1.3 as Direct Linear Solver

Initial Transient Solution
--------------------------

Node                                   Voltage
----                                   -------
vsup                                       3.3
en                                         3.3
vddr1                                      3.3
vddr2                                      3.3
vdd                                        3.3
xdut.xr1.xg.py                         1.59302
xdut.xr1.n1                                  0
xdut.rn1                           1.23893e-07
xdut.xr1.xg.nm                               0
xdut.xr1.xg.ny                               0
xdut.xr1.x1.py                             3.3
xdut.xr1.n2                                3.3
xdut.xr1.x1.ny                     2.05934e-08
xdut.xr1.x2.py                             3.3
xdut.xr1.n3                        1.24865e-07
xdut.xr1.x2.ny                     1.06603e-07
xdut.xr1.x3.py                             3.3
xdut.xr1.n4                                3.3
xdut.xr1.x3.ny                     1.71949e-08
xdut.xr1.x4.py                             3.3
xdut.xr1.n5                        1.24381e-07
xdut.xr1.x4.ny                     1.05664e-07
xdut.xr1.x5.py                             3.3
xdut.xr1.n6                                3.3
xdut.xr1.x5.ny                       3.225e-08
xdut.xr1.x6.py                             3.3
xdut.xr1.n7                        1.24401e-07
xdut.xr1.x6.ny                     1.05963e-07
xdut.xr1.x7.py                             3.3
xdut.xr1.n8                                3.3
xdut.xr1.x7.ny                     3.93005e-08
xdut.xr1.x8.py                             3.3
xdut.xr1.n9                        1.24349e-07
xdut.xr1.x8.ny                     1.05411e-07
xdut.xr1.x9.py                             3.3
xdut.xr1.n10                               3.3
xdut.xr1.x9.ny                     7.11545e-09
xdut.xr1.x10.py                            3.3
xdut.xr1.x10.ny                    1.05455e-07
xdut.xr2.xg.py                         1.61716
xdut.xr2.n1                                  0
xdut.rn2                           1.16381e-07
xdut.xr2.xg.nm                    3.69067e-279
xdut.xr2.xg.ny                    3.42932e-279
xdut.xr2.x1.py                             3.3
xdut.xr2.n2                                3.3
xdut.xr2.x1.ny                     1.66237e-08
xdut.xr2.x2.py                             3.3
xdut.xr2.n3                        1.18104e-07
xdut.xr2.x2.ny                     9.96662e-08
xdut.xr2.x3.py                             3.3
xdut.xr2.n4                                3.3
xdut.xr2.x3.ny                     1.14545e-08
xdut.xr2.x4.py                             3.3
xdut.xr2.n5                        1.15886e-07
xdut.xr2.x4.ny                     9.78897e-08
xdut.xr2.x5.py                             3.3
xdut.xr2.n6                                3.3
xdut.xr2.x5.ny                     2.32067e-08
xdut.xr2.x6.py                             3.3
xdut.xr2.n7                        1.17839e-07
xdut.xr2.x6.ny                      9.9466e-08
xdut.xr2.x7.py                             3.3
xdut.xr2.n8                                3.3
xdut.xr2.x7.ny                     7.36552e-09
xdut.xr2.x8.py                             3.3
xdut.xr2.n9                        1.16128e-07
xdut.xr2.x8.ny                     9.78752e-08
xdut.xr2.x9.py                             3.3
xdut.xr2.n10                               3.3
xdut.xr2.x9.ny                     9.13286e-08
xdut.xr2.x10.py                            3.3
xdut.xr2.x10.ny                    9.77575e-08
ro1                                        3.3
ro2                                        3.3
xdut.xa1.an                        1.82507e-08
xdut.xa1.bn                        1.84222e-08
xdut.xa1.mid                          0.783883
xo                                 1.11791e-07
xdut.xa1.s1                         5.5788e-08
xdut.xa1.s2                        1.91995e-08
q1                                -9.24214e-16
q2                                -9.84351e-16
qt                                -3.25333e-21
vth                                       1.65
bvth#branch                                  0
vtr#branch                         3.25333e-11
vr2#branch                         9.84351e-06
vr1#branch                         9.24214e-06
ven#branch                                   0
vsup#branch                       -1.90857e-05

 Reference value :  1.00000e-14
 Reference value :  6.48280e-10
 Reference value :  1.29128e-09
 Reference value :  1.91628e-09
 Reference value :  2.57728e-09
 Reference value :  3.21528e-09
 Reference value :  3.85328e-09
 Reference value :  4.47128e-09
 Reference value :  5.10728e-09
 Reference value :  5.73028e-09
 Reference value :  6.35828e-09
 Reference value :  6.98328e-09
 Reference value :  7.60628e-09
 Reference value :  8.22728e-09
 Reference value :  8.85428e-09
 Reference value :  9.48228e-09
 Reference value :  1.01103e-08
 Reference value :  1.07493e-08
 Reference value :  1.13803e-08
 Reference value :  1.20363e-08
 Reference value :  1.26653e-08
 Reference value :  1.33063e-08
 Reference value :  1.39393e-08
 Reference value :  1.45673e-08
 Reference value :  1.52113e-08
 Reference value :  1.58403e-08
 Reference value :  1.64653e-08
 Reference value :  1.70953e-08
 Reference value :  1.77273e-08
 Reference value :  1.83573e-08
 Reference value :  1.89823e-08
 Reference value :  1.96453e-08
 Reference value :  2.02743e-08
 Reference value :  2.08953e-08
 Reference value :  2.15353e-08
 Reference value :  2.21563e-08
 Reference value :  2.27773e-08
 Reference value :  2.34103e-08
 Reference value :  2.40343e-08
 Reference value :  2.46833e-08
 Reference value :  2.53103e-08
 Reference value :  2.59383e-08
 Reference value :  2.65693e-08
 Reference value :  2.71993e-08
 Reference value :  2.78283e-08
 Reference value :  2.84783e-08
 Reference value :  2.91203e-08
 Reference value :  2.97603e-08
 Reference value :  3.03863e-08
 Reference value :  3.10263e-08
 Reference value :  3.16823e-08
 Reference value :  3.23213e-08
 Reference value :  3.29673e-08
 Reference value :  3.35943e-08
 Reference value :  3.42383e-08
 Reference value :  3.48653e-08
 Reference value :  3.54843e-08
 Reference value :  3.61073e-08
 Reference value :  3.67303e-08
 Reference value :  3.73523e-08
 Reference value :  3.79813e-08
 Reference value :  3.86203e-08
 Reference value :  3.92513e-08
 Reference value :  3.98723e-08
 Reference value :  4.05003e-08
 Reference value :  4.11233e-08
 Reference value :  4.17573e-08
 Reference value :  4.23793e-08
 Reference value :  4.30123e-08
 Reference value :  4.36553e-08
 Reference value :  4.43003e-08
 Reference value :  4.49593e-08
 Reference value :  4.55763e-08
 Reference value :  4.62073e-08
 Reference value :  4.68403e-08
 Reference value :  4.74703e-08
 Reference value :  4.80953e-08
 Reference value :  4.87343e-08
 Reference value :  4.93673e-08
 Reference value :  4.99973e-08
 Reference value :  5.06283e-08
 Reference value :  5.12633e-08
 Reference value :  5.18843e-08
 Reference value :  5.25213e-08
 Reference value :  5.31483e-08
 Reference value :  5.37593e-08
 Reference value :  5.43803e-08
 Reference value :  5.50043e-08
 Reference value :  5.56263e-08
 Reference value :  5.62663e-08
 Reference value :  5.68923e-08
 Reference value :  5.75193e-08
 Reference value :  5.81703e-08
 Reference value :  5.88203e-08
 Reference value :  5.94473e-08
 Reference value :  6.00743e-08
 Reference value :  6.06983e-08
 Reference value :  6.13253e-08
 Reference value :  6.19473e-08
 Reference value :  6.25793e-08
 Reference value :  6.32163e-08
 Reference value :  6.38623e-08
 Reference value :  6.44893e-08
 Reference value :  6.51173e-08
 Reference value :  6.57473e-08
 Reference value :  6.64033e-08
 Reference value :  6.70383e-08
 Reference value :  6.76803e-08
 Reference value :  6.83233e-08
 Reference value :  6.89473e-08
 Reference value :  6.95693e-08
 Reference value :  7.01953e-08
 Reference value :  7.08203e-08
 Reference value :  7.14593e-08
 Reference value :  7.21003e-08
 Reference value :  7.27303e-08
 Reference value :  7.33573e-08
 Reference value :  7.40003e-08
 Reference value :  7.46273e-08
 Reference value :  7.52533e-08
 Reference value :  7.58903e-08
 Reference value :  7.65353e-08
 Reference value :  7.71603e-08
 Reference value :  7.77873e-08
 Reference value :  7.84203e-08
 Reference value :  7.90523e-08
 Reference value :  7.96903e-08
 Reference value :  8.03203e-08
 Reference value :  8.09463e-08
 Reference value :  8.15853e-08
 Reference value :  8.22043e-08
 Reference value :  8.28263e-08
 Reference value :  8.34623e-08
 Reference value :  8.40853e-08
 Reference value :  8.47093e-08
 Reference value :  8.53423e-08
 Reference value :  8.59793e-08
 Reference value :  8.66243e-08
 Reference value :  8.72523e-08
 Reference value :  8.79203e-08
 Reference value :  8.85763e-08
 Reference value :  8.92093e-08
 Reference value :  8.98323e-08
 Reference value :  9.04713e-08
 Reference value :  9.11003e-08
 Reference value :  9.17623e-08
 Reference value :  9.24043e-08
 Reference value :  9.30283e-08
 Reference value :  9.36623e-08
 Reference value :  9.42963e-08
 Reference value :  9.49223e-08
 Reference value :  9.55553e-08
 Reference value :  9.61863e-08
 Reference value :  9.68253e-08
 Reference value :  9.74633e-08
 Reference value :  9.80893e-08
 Reference value :  9.87103e-08
 Reference value :  9.93443e-08
 Reference value :  9.99813e-08
No. of Data Rows : 100008
t1a                 =  1.34839e-08
t1b                 =  4.01777e-08
t2a                 =  1.26285e-08
t2b                 =  3.75782e-08
c1a                 =  -2.50597e-04
c1b                 =  -7.59453e-04
c2a                 =  -2.48751e-04
c2b                 =  -7.53679e-04
m_period_r1 = 6.6734300000e-09
m_period_r2 = 6.2374150000e-09
m_f_r1 = 1.4984797923e+08
m_f_r2 = 1.6032282604e+08
m_i_r1_a = -1.906276832e-05
m_i_r2_a = -2.023787899e-05
Note: Simulation executed from .control section 

Warning: m=xx on .subckt line will override multiplier m hierarchy!

