
Note: Compatibility modes selected: hs a


Circuit: * ro-array-core-mc-freq @ tt_27c_3.30v -- generated by sim/harness, do not edit

Doing analysis at TEMP = 27.000000 and TNOM = 27.000000

Using SPARSE 1.3 as Direct Linear Solver

Initial Transient Solution
--------------------------

Node                                   Voltage
----                                   -------
vsup                                       3.3
en                                         3.3
vddr1                                      3.3
vddr2                                      3.3
vdd                                        3.3
xdut.xr1.xg.py                          1.5918
xdut.xr1.n1                                  0
xdut.rn1                           1.25373e-07
xdut.xr1.xg.nm                    -4.44089e-16
xdut.xr1.xg.ny                    -4.44089e-16
xdut.xr1.x1.py                             3.3
xdut.xr1.n2                                3.3
xdut.xr1.x1.ny                      3.1307e-08
xdut.xr1.x2.py                             3.3
xdut.xr1.n3                         1.2395e-07
xdut.xr1.x2.ny                      1.0551e-07
xdut.xr1.x3.py                             3.3
xdut.xr1.n4                                3.3
xdut.xr1.x3.ny                     1.64637e-08
xdut.xr1.x4.py                             3.3
xdut.xr1.n5                        1.25252e-07
xdut.xr1.x4.ny                     1.07011e-07
xdut.xr1.x5.py                             3.3
xdut.xr1.n6                                3.3
xdut.xr1.x5.ny                     3.10344e-08
xdut.xr1.x6.py                             3.3
xdut.xr1.n7                        1.24562e-07
xdut.xr1.x6.ny                      1.0591e-07
xdut.xr1.x7.py                             3.3
xdut.xr1.n8                                3.3
xdut.xr1.x7.ny                     1.58812e-08
xdut.xr1.x8.py                             3.3
xdut.xr1.n9                        1.25714e-07
xdut.xr1.x8.ny                     1.07244e-07
xdut.xr1.x9.py                             3.3
xdut.xr1.n10                               3.3
xdut.xr1.x9.ny                     8.61623e-09
xdut.xr1.x10.py                            3.3
xdut.xr1.x10.ny                    1.06634e-07
xdut.xr2.xg.py                         1.58577
xdut.xr2.n1                                  0
xdut.rn2                           1.18062e-07
xdut.xr2.xg.nm                    2.41789e-255
xdut.xr2.xg.ny                    2.24517e-255
xdut.xr2.x1.py                             3.3
xdut.xr2.n2                                3.3
xdut.xr2.x1.ny                      3.9719e-08
xdut.xr2.x2.py                             3.3
xdut.xr2.n3                        1.17613e-07
xdut.xr2.x2.ny                     9.90793e-08
xdut.xr2.x3.py                             3.3
xdut.xr2.n4                                3.3
xdut.xr2.x3.ny                     2.47589e-08
xdut.xr2.x4.py                             3.3
xdut.xr2.n5                         1.1802e-07
xdut.xr2.x4.ny                     9.96565e-08
xdut.xr2.x5.py                             3.3
xdut.xr2.n6                                3.3
xdut.xr2.x5.ny                     9.61356e-09
xdut.xr2.x6.py                             3.3
xdut.xr2.n7                        1.17077e-07
xdut.xr2.x6.ny                      9.8582e-08
xdut.xr2.x7.py                             3.3
xdut.xr2.n8                                3.3
xdut.xr2.x7.ny                     8.60455e-09
xdut.xr2.x8.py                             3.3
xdut.xr2.n9                        1.17583e-07
xdut.xr2.x8.ny                     9.91143e-08
xdut.xr2.x9.py                             3.3
xdut.xr2.n10                               3.3
xdut.xr2.x9.ny                     1.68089e-08
xdut.xr2.x10.py                            3.3
xdut.xr2.x10.ny                    9.94795e-08
ro1                                        3.3
ro2                                        3.3
xdut.xa1.an                        1.79753e-08
xdut.xa1.bn                        1.83997e-08
xdut.xa1.mid                          0.774949
xo                                 1.14356e-07
xdut.xa1.s1                        5.74389e-08
xdut.xa1.s2                        3.26234e-08
q1                                -9.29806e-16
q2                                -9.75367e-16
qt                                -3.10877e-21
vth                                       1.65
bvth#branch                                  0
vtr#branch                         3.10877e-11
vr2#branch                         9.75367e-06
vr1#branch                         9.29806e-06
ven#branch                                   0
vsup#branch                       -1.90518e-05

 Reference value :  0.00000e+00
 Reference value :  6.29280e-10
 Reference value :  1.27628e-09
 Reference value :  1.91928e-09
 Reference value :  2.56328e-09
 Reference value :  3.22128e-09
 Reference value :  3.86028e-09
 Reference value :  4.49228e-09
 Reference value :  5.15628e-09
 Reference value :  5.78528e-09
 Reference value :  6.42328e-09
 Reference value :  7.06228e-09
 Reference value :  7.71328e-09
 Reference value :  8.36228e-09
 Reference value :  9.01328e-09
 Reference value :  9.65928e-09
 Reference value :  1.03333e-08
 Reference value :  1.09953e-08
 Reference value :  1.16433e-08
 Reference value :  1.23323e-08
 Reference value :  1.29633e-08
 Reference value :  1.36003e-08
 Reference value :  1.42953e-08
 Reference value :  1.49253e-08
 Reference value :  1.55573e-08
 Reference value :  1.62063e-08
 Reference value :  1.68453e-08
 Reference value :  1.74793e-08
 Reference value :  1.81093e-08
 Reference value :  1.87733e-08
 Reference value :  1.94533e-08
 Reference value :  2.01033e-08
 Reference value :  2.07573e-08
 Reference value :  2.14043e-08
 Reference value :  2.20393e-08
 Reference value :  2.26783e-08
 Reference value :  2.33143e-08
 Reference value :  2.39783e-08
 Reference value :  2.46193e-08
 Reference value :  2.52863e-08
 Reference value :  2.59243e-08
 Reference value :  2.65673e-08
 Reference value :  2.72353e-08
 Reference value :  2.78883e-08
 Reference value :  2.85683e-08
 Reference value :  2.92173e-08
 Reference value :  2.98443e-08
 Reference value :  3.04793e-08
 Reference value :  3.11693e-08
 Reference value :  3.17933e-08
 Reference value :  3.24493e-08
 Reference value :  3.31353e-08
 Reference value :  3.37953e-08
 Reference value :  3.44833e-08
 Reference value :  3.51783e-08
 Reference value :  3.58373e-08
 Reference value :  3.64913e-08
 Reference value :  3.71333e-08
 Reference value :  3.78423e-08
 Reference value :  3.85293e-08
 Reference value :  3.91933e-08
 Reference value :  3.98633e-08
 Reference value :  4.05163e-08
 Reference value :  4.11723e-08
 Reference value :  4.18593e-08
 Reference value :  4.25303e-08
 Reference value :  4.31583e-08
 Reference value :  4.37943e-08
 Reference value :  4.44293e-08
 Reference value :  4.50703e-08
 Reference value :  4.57033e-08
 Reference value :  4.63363e-08
 Reference value :  4.70073e-08
 Reference value :  4.76403e-08
 Reference value :  4.82563e-08
 Reference value :  4.88903e-08
 Reference value :  4.95343e-08
 Reference value :  5.01653e-08
 Reference value :  5.08063e-08
 Reference value :  5.14353e-08
 Reference value :  5.20623e-08
 Reference value :  5.27793e-08
 Reference value :  5.34243e-08
 Reference value :  5.40683e-08
 Reference value :  5.47113e-08
 Reference value :  5.53733e-08
 Reference value :  5.60203e-08
 Reference value :  5.66783e-08
 Reference value :  5.73173e-08
 Reference value :  5.79823e-08
 Reference value :  5.86383e-08
 Reference value :  5.92643e-08
 Reference value :  5.99233e-08
 Reference value :  6.05813e-08
 Reference value :  6.12333e-08
 Reference value :  6.18523e-08
 Reference value :  6.24733e-08
 Reference value :  6.31073e-08
 Reference value :  6.37393e-08
 Reference value :  6.44043e-08
 Reference value :  6.50333e-08
 Reference value :  6.56873e-08
 Reference value :  6.63083e-08
 Reference value :  6.69453e-08
 Reference value :  6.75763e-08
 Reference value :  6.82143e-08
 Reference value :  6.88593e-08
 Reference value :  6.94923e-08
 Reference value :  7.01423e-08
 Reference value :  7.07823e-08
 Reference value :  7.14303e-08
 Reference value :  7.20813e-08
 Reference value :  7.27443e-08
 Reference value :  7.33903e-08
 Reference value :  7.40203e-08
 Reference value :  7.46873e-08
 Reference value :  7.53343e-08
 Reference value :  7.59713e-08
 Reference value :  7.66263e-08
 Reference value :  7.72633e-08
 Reference value :  7.78973e-08
 Reference value :  7.85463e-08
 Reference value :  7.92273e-08
 Reference value :  7.98913e-08
 Reference value :  8.05583e-08
 Reference value :  8.12173e-08
 Reference value :  8.18523e-08
 Reference value :  8.24903e-08
 Reference value :  8.31173e-08
 Reference value :  8.37733e-08
 Reference value :  8.44243e-08
 Reference value :  8.50533e-08
 Reference value :  8.56863e-08
 Reference value :  8.63283e-08
 Reference value :  8.69483e-08
 Reference value :  8.76143e-08
 Reference value :  8.82533e-08
 Reference value :  8.88813e-08
 Reference value :  8.95673e-08
 Reference value :  9.02353e-08
 Reference value :  9.08803e-08
 Reference value :  9.15603e-08
 Reference value :  9.22563e-08
 Reference value :  9.28973e-08
 Reference value :  9.35643e-08
 Reference value :  9.42233e-08
 Reference value :  9.48763e-08
 Reference value :  9.55213e-08
 Reference value :  9.61533e-08
 Reference value :  9.68443e-08
 Reference value :  9.75023e-08
 Reference value :  9.81193e-08
 Reference value :  9.87603e-08
 Reference value :  9.93863e-08
No. of Data Rows : 100008
t1a                 =  1.35136e-08
t1b                 =  4.02791e-08
t2a                 =  1.26794e-08
t2b                 =  3.77331e-08
c1a                 =  -2.50193e-04
c1b                 =  -7.58286e-04
c2a                 =  -2.49005e-04
c2b                 =  -7.54503e-04
m_period_r1 = 6.6913800000e-09
m_period_r2 = 6.2634075000e-09
m_f_r1 = 1.4944600366e+08
m_f_r2 = 1.5965750273e+08
m_i_r1_a = -1.898313950e-05
m_i_r2_a = -2.017666103e-05
Note: Simulation executed from .control section 

Warning: m=xx on .subckt line will override multiplier m hierarchy!

