
Note: Compatibility modes selected: hs a


Circuit: * ro-array-core-mc-freq @ tt_27c_3.30v -- generated by sim/harness, do not edit

Doing analysis at TEMP = 27.000000 and TNOM = 27.000000

Using SPARSE 1.3 as Direct Linear Solver

Initial Transient Solution
--------------------------

Node                                   Voltage
----                                   -------
vsup                                       3.3
en                                         3.3
vddr1                                      3.3
vddr2                                      3.3
vdd                                        3.3
xdut.xr1.xg.py                         1.56895
xdut.xr1.n1                                  0
xdut.rn1                           1.23739e-07
xdut.xr1.xg.nm                    1.82474e-195
xdut.xr1.xg.ny                    1.70259e-195
xdut.xr1.x1.py                             3.3
xdut.xr1.n2                                3.3
xdut.xr1.x1.ny                     2.69685e-08
xdut.xr1.x2.py                             3.3
xdut.xr1.n3                        1.23839e-07
xdut.xr1.x2.ny                     1.05331e-07
xdut.xr1.x3.py                             3.3
xdut.xr1.n4                                3.3
xdut.xr1.x3.ny                     3.43142e-08
xdut.xr1.x4.py                             3.3
xdut.xr1.n5                        1.25576e-07
xdut.xr1.x4.ny                     1.06537e-07
xdut.xr1.x5.py                             3.3
xdut.xr1.n6                                3.3
xdut.xr1.x5.ny                     2.82936e-08
xdut.xr1.x6.py                             3.3
xdut.xr1.n7                        1.24143e-07
xdut.xr1.x6.ny                     1.05802e-07
xdut.xr1.x7.py                             3.3
xdut.xr1.n8                                3.3
xdut.xr1.x7.ny                     5.86073e-08
xdut.xr1.x8.py                             3.3
xdut.xr1.n9                         1.2338e-07
xdut.xr1.x8.ny                     1.05345e-07
xdut.xr1.x9.py                             3.3
xdut.xr1.n10                               3.3
xdut.xr1.x9.ny                     1.29835e-08
xdut.xr1.x10.py                            3.3
xdut.xr1.x10.ny                    1.05534e-07
xdut.xr2.xg.py                         1.57494
xdut.xr2.n1                                  0
xdut.rn2                           1.16965e-07
xdut.xr2.xg.nm                    1.39386e-206
xdut.xr2.xg.ny                    1.29356e-206
xdut.xr2.x1.py                             3.3
xdut.xr2.n2                                3.3
xdut.xr2.x1.ny                     6.08796e-08
xdut.xr2.x2.py                             3.3
xdut.xr2.n3                        1.17386e-07
xdut.xr2.x2.ny                     9.88293e-08
xdut.xr2.x3.py                             3.3
xdut.xr2.n4                                3.3
xdut.xr2.x3.ny                      4.8117e-08
xdut.xr2.x4.py                             3.3
xdut.xr2.n5                        1.17678e-07
xdut.xr2.x4.ny                     9.93333e-08
xdut.xr2.x5.py                             3.3
xdut.xr2.n6                                3.3
xdut.xr2.x5.ny                     3.22334e-08
xdut.xr2.x6.py                             3.3
xdut.xr2.n7                         1.1645e-07
xdut.xr2.x6.ny                     9.85909e-08
xdut.xr2.x7.py                             3.3
xdut.xr2.n8                                3.3
xdut.xr2.x7.ny                     3.47846e-08
xdut.xr2.x8.py                             3.3
xdut.xr2.n9                        1.16848e-07
xdut.xr2.x8.ny                     9.82899e-08
xdut.xr2.x9.py                             3.3
xdut.xr2.n10                               3.3
xdut.xr2.x9.ny                     1.91489e-08
xdut.xr2.x10.py                            3.3
xdut.xr2.x10.ny                    9.77961e-08
ro1                                        3.3
ro2                                        3.3
xdut.xa1.an                        1.85724e-08
xdut.xa1.bn                         1.8606e-08
xdut.xa1.mid                          0.784594
xo                                 1.12483e-07
xdut.xa1.s1                        5.62228e-08
xdut.xa1.s2                        3.75332e-08
q1                                -9.25802e-16
q2                                -9.77751e-16
qt                                -3.20541e-21
vth                                       1.65
bvth#branch                                  0
vtr#branch                         3.20541e-11
vr2#branch                         9.77751e-06
vr1#branch                         9.25802e-06
ven#branch                                   0
vsup#branch                       -1.90356e-05

 Reference value :  0.00000e+00
 Reference value :  6.42280e-10
 Reference value :  1.28428e-09
 Reference value :  1.90928e-09
 Reference value :  2.57528e-09
 Reference value :  3.21428e-09
 Reference value :  3.85128e-09
 Reference value :  4.47028e-09
 Reference value :  5.10928e-09
 Reference value :  5.73328e-09
 Reference value :  6.36328e-09
 Reference value :  6.99028e-09
 Reference value :  7.61128e-09
 Reference value :  8.23628e-09
 Reference value :  8.86428e-09
 Reference value :  9.49128e-09
 Reference value :  1.01213e-08
 Reference value :  1.07603e-08
 Reference value :  1.13943e-08
 Reference value :  1.20623e-08
 Reference value :  1.26823e-08
 Reference value :  1.33283e-08
 Reference value :  1.39573e-08
 Reference value :  1.45843e-08
 Reference value :  1.52293e-08
 Reference value :  1.58563e-08
 Reference value :  1.64833e-08
 Reference value :  1.71133e-08
 Reference value :  1.77443e-08
 Reference value :  1.83763e-08
 Reference value :  1.90123e-08
 Reference value :  1.96683e-08
 Reference value :  2.02883e-08
 Reference value :  2.09113e-08
 Reference value :  2.15503e-08
 Reference value :  2.21723e-08
 Reference value :  2.28093e-08
 Reference value :  2.34303e-08
 Reference value :  2.40843e-08
 Reference value :  2.47113e-08
 Reference value :  2.53453e-08
 Reference value :  2.59683e-08
 Reference value :  2.66013e-08
 Reference value :  2.72313e-08
 Reference value :  2.78663e-08
 Reference value :  2.85193e-08
 Reference value :  2.91523e-08
 Reference value :  2.97923e-08
 Reference value :  3.04193e-08
 Reference value :  3.10543e-08
 Reference value :  3.17073e-08
 Reference value :  3.23493e-08
 Reference value :  3.29973e-08
 Reference value :  3.36233e-08
 Reference value :  3.42633e-08
 Reference value :  3.48873e-08
 Reference value :  3.55063e-08
 Reference value :  3.61303e-08
 Reference value :  3.67563e-08
 Reference value :  3.73853e-08
 Reference value :  3.80123e-08
 Reference value :  3.86493e-08
 Reference value :  3.92793e-08
 Reference value :  3.99023e-08
 Reference value :  4.05323e-08
 Reference value :  4.11573e-08
 Reference value :  4.17873e-08
 Reference value :  4.24113e-08
 Reference value :  4.30463e-08
 Reference value :  4.36903e-08
 Reference value :  4.43373e-08
 Reference value :  4.50103e-08
 Reference value :  4.56273e-08
 Reference value :  4.62603e-08
 Reference value :  4.68893e-08
 Reference value :  4.75163e-08
 Reference value :  4.81413e-08
 Reference value :  4.87843e-08
 Reference value :  4.94153e-08
 Reference value :  5.00453e-08
 Reference value :  5.06773e-08
 Reference value :  5.13143e-08
 Reference value :  5.19363e-08
 Reference value :  5.25783e-08
 Reference value :  5.32063e-08
 Reference value :  5.38123e-08
 Reference value :  5.44393e-08
 Reference value :  5.50723e-08
 Reference value :  5.56953e-08
 Reference value :  5.63373e-08
 Reference value :  5.69653e-08
 Reference value :  5.75853e-08
 Reference value :  5.82413e-08
 Reference value :  5.88873e-08
 Reference value :  5.95163e-08
 Reference value :  6.01483e-08
 Reference value :  6.07733e-08
 Reference value :  6.14043e-08
 Reference value :  6.20273e-08
 Reference value :  6.26593e-08
 Reference value :  6.32953e-08
 Reference value :  6.39373e-08
 Reference value :  6.45643e-08
 Reference value :  6.51953e-08
 Reference value :  6.58083e-08
 Reference value :  6.64803e-08
 Reference value :  6.71013e-08
 Reference value :  6.77443e-08
 Reference value :  6.83893e-08
 Reference value :  6.90143e-08
 Reference value :  6.96323e-08
 Reference value :  7.02713e-08
 Reference value :  7.08933e-08
 Reference value :  7.15353e-08
 Reference value :  7.21763e-08
 Reference value :  7.28083e-08
 Reference value :  7.34333e-08
 Reference value :  7.40773e-08
 Reference value :  7.47033e-08
 Reference value :  7.53293e-08
 Reference value :  7.59883e-08
 Reference value :  7.66163e-08
 Reference value :  7.72433e-08
 Reference value :  7.78713e-08
 Reference value :  7.85113e-08
 Reference value :  7.91543e-08
 Reference value :  7.97863e-08
 Reference value :  8.04113e-08
 Reference value :  8.10343e-08
 Reference value :  8.16763e-08
 Reference value :  8.23003e-08
 Reference value :  8.29233e-08
 Reference value :  8.35613e-08
 Reference value :  8.41863e-08
 Reference value :  8.48103e-08
 Reference value :  8.54453e-08
 Reference value :  8.61063e-08
 Reference value :  8.67313e-08
 Reference value :  8.73583e-08
 Reference value :  8.80363e-08
 Reference value :  8.86743e-08
 Reference value :  8.93123e-08
 Reference value :  8.99353e-08
 Reference value :  9.05673e-08
 Reference value :  9.12073e-08
 Reference value :  9.18553e-08
 Reference value :  9.25193e-08
 Reference value :  9.31453e-08
 Reference value :  9.37803e-08
 Reference value :  9.44183e-08
 Reference value :  9.50443e-08
 Reference value :  9.56783e-08
 Reference value :  9.63063e-08
 Reference value :  9.69473e-08
 Reference value :  9.75783e-08
 Reference value :  9.82043e-08
 Reference value :  9.88343e-08
 Reference value :  9.94803e-08
No. of Data Rows : 100008
t1a                 =  1.34989e-08
t1b                 =  4.01946e-08
t2a                 =  1.26290e-08
t2b                 =  3.75934e-08
c1a                 =  -2.48962e-04
c1b                 =  -7.54411e-04
c2a                 =  -2.49507e-04
c2b                 =  -7.55988e-04
m_period_r1 = 6.6739225000e-09
m_period_r2 = 6.2410925000e-09
m_f_r1 = 1.4983692124e+08
m_f_r2 = 1.6022835746e+08
m_i_r1_a = -1.893375672e-05
m_i_r2_a = -2.028815468e-05
Note: Simulation executed from .control section 

Warning: m=xx on .subckt line will override multiplier m hierarchy!

