
Note: Compatibility modes selected: hs a


Circuit: * ro-array-core-mc-freq @ tt_27c_3.30v -- generated by sim/harness, do not edit

Doing analysis at TEMP = 27.000000 and TNOM = 27.000000

Using SPARSE 1.3 as Direct Linear Solver

Initial Transient Solution
--------------------------

Node                                   Voltage
----                                   -------
vsup                                       3.3
en                                         3.3
vddr1                                      3.3
vddr2                                      3.3
vdd                                        3.3
xdut.xr1.xg.py                         1.57045
xdut.xr1.n1                                  0
xdut.ro1                           1.24929e-07
xdut.xr1.xg.nm                   -9.62232e-278
xdut.xr1.xg.ny                   -8.98273e-278
xdut.xr1.x1.py                             3.3
xdut.xr1.n2                                3.3
xdut.xr1.x1.ny                     2.67848e-08
xdut.xr1.x2.py                             3.3
xdut.xr1.n3                        1.24904e-07
xdut.xr1.x2.ny                     1.06457e-07
xdut.xr1.x3.py                             3.3
xdut.xr1.n4                                3.3
xdut.xr1.x3.ny                     3.11534e-08
xdut.xr1.x4.py                             3.3
xdut.xr1.n5                        1.25522e-07
xdut.xr1.x4.ny                     1.06909e-07
xdut.xr1.x5.py                             3.3
xdut.xr1.n6                                3.3
xdut.xr1.x5.ny                       2.384e-08
xdut.xr1.x6.py                             3.3
xdut.xr1.n7                          1.253e-07
xdut.xr1.x6.ny                     1.06908e-07
xdut.xr1.x7.py                             3.3
xdut.xr1.n8                                3.3
xdut.xr1.x7.ny                     1.19518e-08
xdut.xr1.x8.py                             3.3
xdut.xr1.n9                        1.25151e-07
xdut.xr1.x8.ny                     1.06521e-07
xdut.xr1.x9.py                             3.3
xdut.xr1.n10                               3.3
xdut.xr1.x9.ny                     1.08281e-08
xdut.xr1.x10.py                            3.3
xdut.xr1.x10.ny                    1.06456e-07
xdut.xr2.xg.py                         1.62144
xdut.xr2.n1                                  0
xdut.ro2                            1.1699e-07
xdut.xr2.xg.nm                    3.08014e-267
xdut.xr2.xg.ny                    2.86125e-267
xdut.xr2.x1.py                             3.3
xdut.xr2.n2                                3.3
xdut.xr2.x1.ny                     1.39264e-08
xdut.xr2.x2.py                             3.3
xdut.xr2.n3                        1.17802e-07
xdut.xr2.x2.ny                      9.9247e-08
xdut.xr2.x3.py                             3.3
xdut.xr2.n4                                3.3
xdut.xr2.x3.ny                     4.43426e-08
xdut.xr2.x4.py                             3.3
xdut.xr2.n5                        1.16264e-07
xdut.xr2.x4.ny                     9.77184e-08
xdut.xr2.x5.py                             3.3
xdut.xr2.n6                                3.3
xdut.xr2.x5.ny                     2.41992e-08
xdut.xr2.x6.py                             3.3
xdut.xr2.n7                        1.17351e-07
xdut.xr2.x6.ny                     9.88161e-08
xdut.xr2.x7.py                             3.3
xdut.xr2.n8                                3.3
xdut.xr2.x7.ny                     1.43544e-08
xdut.xr2.x8.py                             3.3
xdut.xr2.n9                        1.17471e-07
xdut.xr2.x8.ny                     9.90447e-08
xdut.xr2.x9.py                             3.3
xdut.xr2.n10                               3.3
xdut.xr2.x9.ny                     1.69395e-08
xdut.xr2.x10.py                            3.3
xdut.xr2.x10.ny                    9.87743e-08
xdut.xa1.an                                3.3
xdut.xa1.bn                                3.3
xdut.xa1.mid                               3.3
xo                                 4.47077e-08
xdut.xa1.s1                        7.03661e-09
xdut.xa1.s2                        2.26122e-08
q1                                 -9.3292e-16
q2                                -9.76078e-16
qt                                -1.63631e-21
vth                                       1.65
bvth#branch                                  0
vtr#branch                         1.63631e-11
vr2#branch                         9.76078e-06
vr1#branch                          9.3292e-06
ven#branch                                   0
vsup#branch                         -1.909e-05

 Reference value :  0.00000e+00
 Reference value :  3.30280e-10
 Reference value :  6.76280e-10
 Reference value :  1.02228e-09
 Reference value :  1.36628e-09
 Reference value :  1.70528e-09
 Reference value :  2.04828e-09
 Reference value :  2.39228e-09
 Reference value :  2.72628e-09
 Reference value :  3.07428e-09
 Reference value :  3.41828e-09
 Reference value :  3.76028e-09
 Reference value :  4.09728e-09
 Reference value :  4.44328e-09
 Reference value :  4.77528e-09
 Reference value :  5.11428e-09
 Reference value :  5.45428e-09
 Reference value :  5.78828e-09
 Reference value :  6.12628e-09
 Reference value :  6.48128e-09
 Reference value :  6.84928e-09
 Reference value :  7.18528e-09
 Reference value :  7.50528e-09
 Reference value :  7.84828e-09
 Reference value :  8.20028e-09
 Reference value :  8.51228e-09
 Reference value :  8.83828e-09
 Reference value :  9.25928e-09
 Reference value :  9.75028e-09
 Reference value :  1.01753e-08
 Reference value :  1.05063e-08
 Reference value :  1.08483e-08
 Reference value :  1.11713e-08
 Reference value :  1.14863e-08
 Reference value :  1.17993e-08
 Reference value :  1.21293e-08
 Reference value :  1.24403e-08
 Reference value :  1.27813e-08
 Reference value :  1.30993e-08
 Reference value :  1.34283e-08
 Reference value :  1.37533e-08
 Reference value :  1.40813e-08
 Reference value :  1.44103e-08
 Reference value :  1.47413e-08
 Reference value :  1.50743e-08
 Reference value :  1.54003e-08
 Reference value :  1.57273e-08
 Reference value :  1.60603e-08
 Reference value :  1.64343e-08
 Reference value :  1.68553e-08
 Reference value :  1.72213e-08
 Reference value :  1.75693e-08
 Reference value :  1.79163e-08
 Reference value :  1.82673e-08
 Reference value :  1.86213e-08
 Reference value :  1.89603e-08
 Reference value :  1.92763e-08
 Reference value :  1.95953e-08
 Reference value :  1.99153e-08
 Reference value :  2.02443e-08
 Reference value :  2.05643e-08
 Reference value :  2.08883e-08
 Reference value :  2.12013e-08
 Reference value :  2.15183e-08
 Reference value :  2.18453e-08
 Reference value :  2.21603e-08
 Reference value :  2.24823e-08
 Reference value :  2.28043e-08
 Reference value :  2.31393e-08
 Reference value :  2.34533e-08
 Reference value :  2.37773e-08
 Reference value :  2.41053e-08
 Reference value :  2.44263e-08
 Reference value :  2.47593e-08
 Reference value :  2.50813e-08
 Reference value :  2.53983e-08
 Reference value :  2.57503e-08
 Reference value :  2.61513e-08
 Reference value :  2.64683e-08
 Reference value :  2.68003e-08
 Reference value :  2.71283e-08
 Reference value :  2.74663e-08
 Reference value :  2.77923e-08
 Reference value :  2.81183e-08
 Reference value :  2.84393e-08
 Reference value :  2.87613e-08
 Reference value :  2.90873e-08
 Reference value :  2.94123e-08
 Reference value :  2.97313e-08
 Reference value :  3.00503e-08
 Reference value :  3.03843e-08
 Reference value :  3.07143e-08
 Reference value :  3.10333e-08
 Reference value :  3.13453e-08
 Reference value :  3.16603e-08
 Reference value :  3.19863e-08
 Reference value :  3.23113e-08
 Reference value :  3.26403e-08
 Reference value :  3.29673e-08
 Reference value :  3.32973e-08
 Reference value :  3.36163e-08
 Reference value :  3.39343e-08
 Reference value :  3.42533e-08
 Reference value :  3.45733e-08
 Reference value :  3.48933e-08
 Reference value :  3.52163e-08
 Reference value :  3.55413e-08
 Reference value :  3.58613e-08
 Reference value :  3.61813e-08
 Reference value :  3.65133e-08
 Reference value :  3.68333e-08
 Reference value :  3.71613e-08
 Reference value :  3.74893e-08
 Reference value :  3.78073e-08
 Reference value :  3.81333e-08
 Reference value :  3.84593e-08
 Reference value :  3.87843e-08
 Reference value :  3.91233e-08
 Reference value :  3.94403e-08
 Reference value :  3.97553e-08
 Reference value :  4.00753e-08
 Reference value :  4.03943e-08
 Reference value :  4.07113e-08
 Reference value :  4.10253e-08
 Reference value :  4.13453e-08
 Reference value :  4.16743e-08
 Reference value :  4.19923e-08
 Reference value :  4.23053e-08
 Reference value :  4.26143e-08
 Reference value :  4.29463e-08
 Reference value :  4.32643e-08
 Reference value :  4.35833e-08
 Reference value :  4.39073e-08
 Reference value :  4.42163e-08
 Reference value :  4.45363e-08
 Reference value :  4.48603e-08
 Reference value :  4.51793e-08
 Reference value :  4.55073e-08
 Reference value :  4.58403e-08
 Reference value :  4.61663e-08
 Reference value :  4.64773e-08
 Reference value :  4.67903e-08
 Reference value :  4.71133e-08
 Reference value :  4.74363e-08
 Reference value :  4.77643e-08
 Reference value :  4.80853e-08
 Reference value :  4.84143e-08
 Reference value :  4.87463e-08
 Reference value :  4.90743e-08
 Reference value :  4.93973e-08
 Reference value :  4.97313e-08
 Reference value :  5.00673e-08
 Reference value :  5.03933e-08
 Reference value :  5.07253e-08
 Reference value :  5.10573e-08
 Reference value :  5.13733e-08
 Reference value :  5.16943e-08
 Reference value :  5.20133e-08
 Reference value :  5.23313e-08
 Reference value :  5.26503e-08
 Reference value :  5.29753e-08
 Reference value :  5.33083e-08
 Reference value :  5.36353e-08
 Reference value :  5.39643e-08
 Reference value :  5.42793e-08
 Reference value :  5.46053e-08
 Reference value :  5.49283e-08
 Reference value :  5.52563e-08
 Reference value :  5.55883e-08
 Reference value :  5.59103e-08
 Reference value :  5.62423e-08
 Reference value :  5.65713e-08
 Reference value :  5.68913e-08
 Reference value :  5.72803e-08
 Reference value :  5.76863e-08
 Reference value :  5.79983e-08
 Reference value :  5.83303e-08
 Reference value :  5.86573e-08
 Reference value :  5.89913e-08
 Reference value :  5.93143e-08
 Reference value :  5.96393e-08
 Reference value :  5.99603e-08
 Reference value :  6.02993e-08
 Reference value :  6.06203e-08
 Reference value :  6.09483e-08
 Reference value :  6.12683e-08
 Reference value :  6.15943e-08
 Reference value :  6.19313e-08
 Reference value :  6.22543e-08
 Reference value :  6.25753e-08
 Reference value :  6.28973e-08
 Reference value :  6.32533e-08
 Reference value :  6.35923e-08
 Reference value :  6.39163e-08
 Reference value :  6.42473e-08
 Reference value :  6.45703e-08
 Reference value :  6.48953e-08
 Reference value :  6.52223e-08
 Reference value :  6.55543e-08
 Reference value :  6.58763e-08
 Reference value :  6.62133e-08
 Reference value :  6.65353e-08
 Reference value :  6.68713e-08
 Reference value :  6.71933e-08
 Reference value :  6.75113e-08
 Reference value :  6.78433e-08
 Reference value :  6.81613e-08
 Reference value :  6.84863e-08
 Reference value :  6.88043e-08
 Reference value :  6.91303e-08
 Reference value :  6.94643e-08
 Reference value :  6.97843e-08
 Reference value :  7.01043e-08
 Reference value :  7.04393e-08
 Reference value :  7.07683e-08
 Reference value :  7.10963e-08
 Reference value :  7.14233e-08
 Reference value :  7.17473e-08
 Reference value :  7.20713e-08
 Reference value :  7.23853e-08
 Reference value :  7.27043e-08
 Reference value :  7.30333e-08
 Reference value :  7.33463e-08
 Reference value :  7.36623e-08
 Reference value :  7.39973e-08
 Reference value :  7.43343e-08
 Reference value :  7.46803e-08
 Reference value :  7.50133e-08
 Reference value :  7.53393e-08
 Reference value :  7.56593e-08
 Reference value :  7.59903e-08
 Reference value :  7.63153e-08
 Reference value :  7.66553e-08
 Reference value :  7.69853e-08
 Reference value :  7.73053e-08
 Reference value :  7.76333e-08
 Reference value :  7.79573e-08
 Reference value :  7.82913e-08
 Reference value :  7.86273e-08
 Reference value :  7.89613e-08
 Reference value :  7.92993e-08
 Reference value :  7.96283e-08
 Reference value :  7.99533e-08
 Reference value :  8.02833e-08
 Reference value :  8.06193e-08
 Reference value :  8.09553e-08
 Reference value :  8.13133e-08
 Reference value :  8.16503e-08
 Reference value :  8.19893e-08
 Reference value :  8.23133e-08
 Reference value :  8.26603e-08
 Reference value :  8.30103e-08
 Reference value :  8.33323e-08
 Reference value :  8.36663e-08
 Reference value :  8.39903e-08
 Reference value :  8.43123e-08
 Reference value :  8.46303e-08
 Reference value :  8.49493e-08
 Reference value :  8.52653e-08
 Reference value :  8.56113e-08
 Reference value :  8.59343e-08
 Reference value :  8.62663e-08
 Reference value :  8.65903e-08
 Reference value :  8.69213e-08
 Reference value :  8.72733e-08
 Reference value :  8.75943e-08
 Reference value :  8.79343e-08
 Reference value :  8.82653e-08
 Reference value :  8.85783e-08
 Reference value :  8.88913e-08
 Reference value :  8.92113e-08
 Reference value :  8.95383e-08
 Reference value :  8.98683e-08
 Reference value :  9.01903e-08
 Reference value :  9.05203e-08
 Reference value :  9.08603e-08
 Reference value :  9.11753e-08
 Reference value :  9.15173e-08
 Reference value :  9.18443e-08
 Reference value :  9.21743e-08
 Reference value :  9.24903e-08
 Reference value :  9.28163e-08
 Reference value :  9.32643e-08
 Reference value :  9.35793e-08
 Reference value :  9.38953e-08
 Reference value :  9.42273e-08
 Reference value :  9.45553e-08
 Reference value :  9.48823e-08
 Reference value :  9.52073e-08
 Reference value :  9.55363e-08
 Reference value :  9.58663e-08
 Reference value :  9.61803e-08
 Reference value :  9.65203e-08
 Reference value :  9.68443e-08
 Reference value :  9.71693e-08
 Reference value :  9.74893e-08
 Reference value :  9.78153e-08
 Reference value :  9.81263e-08
 Reference value :  9.84493e-08
 Reference value :  9.87713e-08
 Reference value :  9.90853e-08
 Reference value :  9.94043e-08
 Reference value :  9.97213e-08
No. of Data Rows : 100008
t1a                 =  1.11235e-08
t1b                 =  3.97785e-08
t2a                 =  1.03932e-08
t2b                 =  3.72482e-08
c1a                 =  -1.98999e-04
c1b                 =  -7.31685e-04
c2a                 =  -1.98551e-04
c2b                 =  -7.32421e-04
m_period_r1 = 7.1637500000e-09
m_period_r2 = 6.7137525000e-09
m_f_r1 = 1.3959169429e+08
m_f_r2 = 1.4894799890e+08
m_i_r1_a = -1.858964928e-05
m_i_r2_a = -1.987969842e-05
Note: Simulation executed from .control section 

Warning: m=xx on .subckt line will override multiplier m hierarchy!

