
Note: Compatibility modes selected: hs a


Circuit: * ro-array-core-mc-freq @ tt_27c_3.30v -- generated by sim/harness, do not edit

Doing analysis at TEMP = 27.000000 and TNOM = 27.000000

Using SPARSE 1.3 as Direct Linear Solver

Initial Transient Solution
--------------------------

Node                                   Voltage
----                                   -------
vsup                                       3.3
en                                         3.3
vddr1                                      3.3
vddr2                                      3.3
vdd                                        3.3
xdut.xr1.xg.py                          1.5888
xdut.xr1.n1                                  0
xdut.ro1                           1.23851e-07
xdut.xr1.xg.nm                    2.23866e-170
xdut.xr1.xg.ny                    2.08777e-170
xdut.xr1.x1.py                             3.3
xdut.xr1.n2                                3.3
xdut.xr1.x1.ny                     1.18102e-08
xdut.xr1.x2.py                             3.3
xdut.xr1.n3                        1.24621e-07
xdut.xr1.x2.ny                     1.06188e-07
xdut.xr1.x3.py                             3.3
xdut.xr1.n4                                3.3
xdut.xr1.x3.ny                      1.1793e-08
xdut.xr1.x4.py                             3.3
xdut.xr1.n5                        1.25849e-07
xdut.xr1.x4.ny                     1.07135e-07
xdut.xr1.x5.py                             3.3
xdut.xr1.n6                                3.3
xdut.xr1.x5.ny                     2.46331e-08
xdut.xr1.x6.py                             3.3
xdut.xr1.n7                        1.25495e-07
xdut.xr1.x6.ny                     1.07083e-07
xdut.xr1.x7.py                             3.3
xdut.xr1.n8                                3.3
xdut.xr1.x7.ny                     5.24855e-08
xdut.xr1.x8.py                             3.3
xdut.xr1.n9                        1.23591e-07
xdut.xr1.x8.ny                     1.05327e-07
xdut.xr1.x9.py                             3.3
xdut.xr1.n10                               3.3
xdut.xr1.x9.ny                     5.29945e-08
xdut.xr1.x10.py                            3.3
xdut.xr1.x10.ny                    1.04977e-07
xdut.xr2.xg.py                         1.58886
xdut.xr2.n1                                  0
xdut.ro2                           1.17299e-07
xdut.xr2.xg.nm                    -4.44089e-16
xdut.xr2.xg.ny                    -4.44089e-16
xdut.xr2.x1.py                             3.3
xdut.xr2.n2                                3.3
xdut.xr2.x1.ny                     2.14705e-08
xdut.xr2.x2.py                             3.3
xdut.xr2.n3                        1.17961e-07
xdut.xr2.x2.ny                     9.94605e-08
xdut.xr2.x3.py                             3.3
xdut.xr2.n4                                3.3
xdut.xr2.x3.ny                     9.98431e-09
xdut.xr2.x4.py                             3.3
xdut.xr2.n5                        1.16939e-07
xdut.xr2.x4.ny                     9.81459e-08
xdut.xr2.x5.py                             3.3
xdut.xr2.n6                                3.3
xdut.xr2.x5.ny                     9.29004e-09
xdut.xr2.x6.py                             3.3
xdut.xr2.n7                         1.1599e-07
xdut.xr2.x6.ny                     9.72058e-08
xdut.xr2.x7.py                             3.3
xdut.xr2.n8                                3.3
xdut.xr2.x7.ny                     9.27367e-08
xdut.xr2.x8.py                             3.3
xdut.xr2.n9                        1.18119e-07
xdut.xr2.x8.ny                     9.94297e-08
xdut.xr2.x9.py                             3.3
xdut.xr2.n10                               3.3
xdut.xr2.x9.ny                     2.48271e-08
xdut.xr2.x10.py                            3.3
xdut.xr2.x10.ny                    9.86367e-08
xdut.xa1.an                                3.3
xdut.xa1.bn                                3.3
xdut.xa1.mid                               3.3
xo                                 4.54257e-08
xdut.xa1.s1                        4.16308e-09
xdut.xa1.s2                        2.29709e-08
q1                                -9.23952e-16
q2                                -9.84406e-16
qt                                -1.50632e-21
vth                                       1.65
bvth#branch                                  0
vtr#branch                         1.50632e-11
vr2#branch                         9.84406e-06
vr1#branch                         9.23952e-06
ven#branch                                   0
vsup#branch                       -1.90836e-05

 Reference value :  0.00000e+00
 Reference value :  3.36280e-10
 Reference value :  6.82280e-10
 Reference value :  1.02628e-09
 Reference value :  1.37828e-09
 Reference value :  1.72728e-09
 Reference value :  2.07628e-09
 Reference value :  2.41628e-09
 Reference value :  2.76028e-09
 Reference value :  3.10528e-09
 Reference value :  3.45428e-09
 Reference value :  3.80328e-09
 Reference value :  4.15028e-09
 Reference value :  4.48828e-09
 Reference value :  4.82528e-09
 Reference value :  5.17628e-09
 Reference value :  5.51828e-09
 Reference value :  5.85628e-09
 Reference value :  6.21028e-09
 Reference value :  6.55328e-09
 Reference value :  6.89828e-09
 Reference value :  7.24428e-09
 Reference value :  7.59428e-09
 Reference value :  7.97328e-09
 Reference value :  8.32028e-09
 Reference value :  8.67428e-09
 Reference value :  9.02528e-09
 Reference value :  9.36728e-09
 Reference value :  9.72428e-09
 Reference value :  1.00653e-08
 Reference value :  1.04123e-08
 Reference value :  1.07593e-08
 Reference value :  1.10983e-08
 Reference value :  1.14393e-08
 Reference value :  1.17783e-08
 Reference value :  1.21173e-08
 Reference value :  1.24543e-08
 Reference value :  1.28103e-08
 Reference value :  1.31523e-08
 Reference value :  1.34993e-08
 Reference value :  1.38363e-08
 Reference value :  1.41853e-08
 Reference value :  1.45353e-08
 Reference value :  1.48773e-08
 Reference value :  1.52193e-08
 Reference value :  1.55643e-08
 Reference value :  1.59013e-08
 Reference value :  1.62463e-08
 Reference value :  1.65943e-08
 Reference value :  1.69333e-08
 Reference value :  1.72763e-08
 Reference value :  1.76213e-08
 Reference value :  1.79573e-08
 Reference value :  1.83103e-08
 Reference value :  1.86533e-08
 Reference value :  1.90053e-08
 Reference value :  1.93553e-08
 Reference value :  1.97053e-08
 Reference value :  2.00373e-08
 Reference value :  2.03853e-08
 Reference value :  2.07313e-08
 Reference value :  2.10673e-08
 Reference value :  2.14083e-08
 Reference value :  2.17503e-08
 Reference value :  2.21003e-08
 Reference value :  2.24333e-08
 Reference value :  2.27763e-08
 Reference value :  2.31233e-08
 Reference value :  2.34653e-08
 Reference value :  2.38053e-08
 Reference value :  2.41623e-08
 Reference value :  2.44993e-08
 Reference value :  2.48343e-08
 Reference value :  2.51713e-08
 Reference value :  2.54923e-08
 Reference value :  2.58193e-08
 Reference value :  2.61593e-08
 Reference value :  2.64893e-08
 Reference value :  2.68243e-08
 Reference value :  2.71693e-08
 Reference value :  2.75013e-08
 Reference value :  2.78423e-08
 Reference value :  2.81873e-08
 Reference value :  2.85353e-08
 Reference value :  2.88863e-08
 Reference value :  2.92263e-08
 Reference value :  2.95563e-08
 Reference value :  2.99133e-08
 Reference value :  3.02403e-08
 Reference value :  3.05553e-08
 Reference value :  3.08773e-08
 Reference value :  3.11973e-08
 Reference value :  3.15173e-08
 Reference value :  3.18543e-08
 Reference value :  3.21883e-08
 Reference value :  3.25163e-08
 Reference value :  3.28423e-08
 Reference value :  3.31583e-08
 Reference value :  3.34753e-08
 Reference value :  3.38043e-08
 Reference value :  3.41283e-08
 Reference value :  3.44613e-08
 Reference value :  3.47703e-08
 Reference value :  3.50983e-08
 Reference value :  3.54173e-08
 Reference value :  3.57283e-08
 Reference value :  3.60483e-08
 Reference value :  3.64053e-08
 Reference value :  3.67403e-08
 Reference value :  3.70793e-08
 Reference value :  3.74003e-08
 Reference value :  3.77223e-08
 Reference value :  3.80453e-08
 Reference value :  3.83683e-08
 Reference value :  3.86863e-08
 Reference value :  3.90153e-08
 Reference value :  3.93403e-08
 Reference value :  3.96583e-08
 Reference value :  4.00033e-08
 Reference value :  4.03203e-08
 Reference value :  4.06433e-08
 Reference value :  4.09653e-08
 Reference value :  4.12833e-08
 Reference value :  4.16053e-08
 Reference value :  4.19333e-08
 Reference value :  4.22573e-08
 Reference value :  4.25873e-08
 Reference value :  4.29043e-08
 Reference value :  4.32303e-08
 Reference value :  4.35703e-08
 Reference value :  4.38903e-08
 Reference value :  4.42203e-08
 Reference value :  4.45503e-08
 Reference value :  4.48683e-08
 Reference value :  4.51933e-08
 Reference value :  4.55113e-08
 Reference value :  4.58383e-08
 Reference value :  4.61583e-08
 Reference value :  4.64803e-08
 Reference value :  4.67993e-08
 Reference value :  4.71183e-08
 Reference value :  4.74423e-08
 Reference value :  4.77573e-08
 Reference value :  4.80803e-08
 Reference value :  4.84163e-08
 Reference value :  4.87463e-08
 Reference value :  4.90633e-08
 Reference value :  4.93873e-08
 Reference value :  4.97183e-08
 Reference value :  5.00773e-08
 Reference value :  5.03973e-08
 Reference value :  5.07253e-08
 Reference value :  5.10983e-08
 Reference value :  5.14633e-08
 Reference value :  5.18153e-08
 Reference value :  5.21493e-08
 Reference value :  5.24943e-08
 Reference value :  5.28333e-08
 Reference value :  5.31763e-08
 Reference value :  5.35263e-08
 Reference value :  5.38863e-08
 Reference value :  5.42313e-08
 Reference value :  5.45733e-08
 Reference value :  5.49193e-08
 Reference value :  5.52603e-08
 Reference value :  5.55943e-08
 Reference value :  5.59443e-08
 Reference value :  5.62823e-08
 Reference value :  5.66283e-08
 Reference value :  5.69833e-08
 Reference value :  5.73193e-08
 Reference value :  5.76723e-08
 Reference value :  5.80133e-08
 Reference value :  5.83823e-08
 Reference value :  5.87273e-08
 Reference value :  5.90733e-08
 Reference value :  5.94203e-08
 Reference value :  5.97613e-08
 Reference value :  6.00983e-08
 Reference value :  6.04563e-08
 Reference value :  6.08003e-08
 Reference value :  6.11483e-08
 Reference value :  6.14983e-08
 Reference value :  6.18383e-08
 Reference value :  6.21803e-08
 Reference value :  6.25293e-08
 Reference value :  6.28683e-08
 Reference value :  6.32063e-08
 Reference value :  6.35473e-08
 Reference value :  6.38933e-08
 Reference value :  6.42303e-08
 Reference value :  6.45673e-08
 Reference value :  6.49023e-08
 Reference value :  6.52383e-08
 Reference value :  6.55763e-08
 Reference value :  6.59153e-08
 Reference value :  6.62613e-08
 Reference value :  6.66133e-08
 Reference value :  6.69563e-08
 Reference value :  6.72993e-08
 Reference value :  6.76373e-08
 Reference value :  6.79833e-08
 Reference value :  6.83323e-08
 Reference value :  6.86703e-08
 Reference value :  6.90113e-08
 Reference value :  6.93543e-08
 Reference value :  6.96953e-08
 Reference value :  7.00403e-08
 Reference value :  7.03853e-08
 Reference value :  7.07303e-08
 Reference value :  7.10713e-08
 Reference value :  7.14073e-08
 Reference value :  7.17513e-08
 Reference value :  7.20993e-08
 Reference value :  7.24453e-08
 Reference value :  7.27923e-08
 Reference value :  7.31333e-08
 Reference value :  7.34753e-08
 Reference value :  7.38363e-08
 Reference value :  7.41793e-08
 Reference value :  7.45183e-08
 Reference value :  7.48653e-08
 Reference value :  7.52003e-08
 Reference value :  7.55483e-08
 Reference value :  7.59003e-08
 Reference value :  7.62453e-08
 Reference value :  7.65903e-08
 Reference value :  7.69273e-08
 Reference value :  7.72723e-08
 Reference value :  7.76173e-08
 Reference value :  7.79583e-08
 Reference value :  7.83003e-08
 Reference value :  7.86483e-08
 Reference value :  7.89833e-08
 Reference value :  7.93233e-08
 Reference value :  7.96773e-08
 Reference value :  8.00503e-08
 Reference value :  8.04133e-08
 Reference value :  8.07923e-08
 Reference value :  8.11533e-08
 Reference value :  8.14953e-08
 Reference value :  8.18383e-08
 Reference value :  8.21823e-08
 Reference value :  8.25403e-08
 Reference value :  8.29033e-08
 Reference value :  8.32593e-08
 Reference value :  8.36103e-08
 Reference value :  8.39953e-08
 Reference value :  8.43823e-08
 Reference value :  8.47443e-08
 Reference value :  8.51033e-08
 Reference value :  8.54673e-08
 Reference value :  8.58233e-08
 Reference value :  8.61713e-08
 Reference value :  8.65183e-08
 Reference value :  8.68583e-08
 Reference value :  8.72043e-08
 Reference value :  8.75403e-08
 Reference value :  8.78843e-08
 Reference value :  8.82323e-08
 Reference value :  8.85723e-08
 Reference value :  8.89143e-08
 Reference value :  8.92573e-08
 Reference value :  8.96003e-08
 Reference value :  8.99573e-08
 Reference value :  9.03003e-08
 Reference value :  9.06353e-08
 Reference value :  9.09803e-08
 Reference value :  9.13203e-08
 Reference value :  9.16653e-08
 Reference value :  9.20113e-08
 Reference value :  9.23673e-08
 Reference value :  9.27063e-08
 Reference value :  9.30593e-08
 Reference value :  9.34203e-08
 Reference value :  9.37673e-08
 Reference value :  9.41183e-08
 Reference value :  9.44523e-08
 Reference value :  9.47963e-08
 Reference value :  9.51453e-08
 Reference value :  9.54863e-08
 Reference value :  9.58263e-08
 Reference value :  9.61663e-08
 Reference value :  9.65123e-08
 Reference value :  9.68463e-08
 Reference value :  9.72083e-08
 Reference value :  9.75613e-08
 Reference value :  9.79043e-08
 Reference value :  9.82603e-08
 Reference value :  9.86113e-08
 Reference value :  9.89553e-08
 Reference value :  9.92963e-08
 Reference value :  9.96353e-08
 Reference value :  9.99783e-08
No. of Data Rows : 100008
t1a                 =  1.10705e-08
t1b                 =  3.95874e-08
t2a                 =  1.04303e-08
t2b                 =  3.73869e-08
c1a                 =  -1.99596e-04
c1b                 =  -7.33811e-04
c2a                 =  -1.99811e-04
c2b                 =  -7.37330e-04
m_period_r1 = 7.1292200000e-09
m_period_r2 = 6.7391625000e-09
m_f_r1 = 1.4026779928e+08
m_f_r2 = 1.4838639074e+08
m_i_r1_a = -1.873329411e-05
m_i_r2_a = -1.994014464e-05
Note: Simulation executed from .control section 

Warning: m=xx on .subckt line will override multiplier m hierarchy!

