
Note: Compatibility modes selected: hs a


Circuit: * inv-stage-noise @ tt_27c_2.97v -- generated by sim/harness, do not edit

Doing analysis at TEMP = 27.000000 and TNOM = 27.000000

Using SPARSE 1.3 as Direct Linear Solver

No. of Data Rows : 1
Doing analysis at TEMP = 27.000000 and TNOM = 27.000000

Using SPARSE 1.3 as Direct Linear Solver

No. of Data Rows : 81
Doing analysis at TEMP = 27.000000 and TNOM = 27.000000

Using SPARSE 1.3 as Direct Linear Solver

No. of Data Rows : 81

No. of Data Rows : 1
Doing analysis at TEMP = 27.000000 and TNOM = 27.000000

Using SPARSE 1.3 as Direct Linear Solver

No. of Data Rows : 31

No. of Data Rows : 1
m_vtrip = 1.3709428908e+00
m_gain_1meg = 1.9531344637e+01
m_gain_100meg = 1.9019005728e+01
m_gain_1g = 7.6862014869e+00
m_inoise_dens_1meg = 3.7756873471e-08
m_inoise_dens_10meg = 1.4246134739e-08
m_inoise_dens_100meg = 8.2819597119e-09
m_inoise_dens_1g = 7.3276053225e-09
m_inoise_dens_10g = 6.9868048387e-09
m_onoise_dens_1meg = 7.3744250818e-07
m_onoise_dens_1g = 5.6321450925e-08
m_onoise_rms_1k_100g = 4.4813790477e-03
m_onoise_rms_100meg_100g = 3.5038183701e-03
Note: Simulation executed from .control section 

Warning: m=xx on .subckt line will override multiplier m hierarchy!

