
Note: Compatibility modes selected: hs a


Circuit: * sampler-dff-active-current @ tt_27c_2.97v -- generated by sim/harness, do not edit

Doing analysis at TEMP = 27.000000 and TNOM = 27.000000

Using SPARSE 1.3 as Direct Linear Solver

Initial Transient Solution
--------------------------

Node                                   Voltage
----                                   -------
vsup                                      2.97
clk                                          0
rst_n                                        0
d                                            0
vddv                                      2.97
vddb                                      2.97
xsv.clkb                                  2.97
xsv.m                                     2.97
xsv.mb                                    2.97
xsv.mmid                               2.45667
xsv.mc                             3.85191e-08
xsv.s                                     2.97
qv                                 1.75926e-08
xsv.qb                                    2.97
xsv.s2mid                            0.0374378
xsb.clkb                                  2.97
xsb.m                              3.50657e-08
xsb.mb                                    2.97
xsb.mmid                             0.0374379
xsb.mc                             3.51454e-08
xsb.s                                     2.97
qb                                 1.75926e-08
xsb.qb                                    2.97
xsb.s2mid                            0.0374378
q1                                -4.50453e-21
q2                                -4.83368e-21
vd#branch                          8.91997e-12
vr2#branch                         3.94168e-11
vr1#branch                         4.50453e-11
vrst#branch                                  0
vclk#branch                                  0
vsup#branch                       -8.44621e-11

 Reference value :  0.00000e+00
 Reference value :  9.93777e-09
 Reference value :  1.95025e-08
 Reference value :  3.06568e-08
 Reference value :  4.05000e-08
 Reference value :  5.14778e-08
No. of Data Rows : 3769
q1a                 =  -1.60427e-05
q1b                 =  -1.60429e-05
q1c                 =  -2.29269e-05
q1d                 =  -2.29272e-05
q1e                 =  -2.29269e-05
q1f                 =  -2.98440e-05
q2a                 =  -8.58560e-05
q2b                 =  -8.58563e-05
q2c                 =  -1.07573e-04
q2d                 =  -1.51383e-04
q2e                 =  -1.07573e-04
q2f                 =  -1.88566e-04
qv_pre              =  1.75926e-08
qv_post             =  2.97000e+00
qb_pre              =  -5.81369e-07
qb_post             =  2.97000e+00
vdd_mean            =  2.97000e+00 from=  3.20000e-08 to=  5.30168e-08
m_q_d_shut_c = 4.6666666668e-20
m_q_d_open_c = 7.3016166667e-15
m_e_d_shut_j = 1.3860000000e-19
m_e_d_open_j = 2.1685801500e-14
m_q_clkcyc_xsv_c = 6.9171100000e-15
m_e_clkcyc_xsv_j = 2.0543816700e-14
m_q_clkcyc_xsb_resid_c = 6.7495000000e-16
m_q_cyc_xsb_total_c = 8.0993200000e-14
m_q_d_shut_xsv_c = 4.6666666667e-20
m_q_d_open_xsv_c = 4.6666666667e-20
m_vdd_mean_v = 2.9700000000e+00
m_qv_pre_v = 1.7592630000e-08
m_qv_post_v = 2.9700000000e+00
m_qb_pre_v = -5.813694000e-07
m_qb_post_v = 2.9700000000e+00
Note: Simulation executed from .control section 

Warning: m=xx on .subckt line will override multiplier m hierarchy!

