
Note: Compatibility modes selected: hs a


Circuit: * sampler-dff-setup-hold @ fs_125c_2.97v -- generated by sim/harness, do not edit

Doing analysis at TEMP = 125.000000 and TNOM = 27.000000

Using SPARSE 1.3 as Direct Linear Solver

Initial Transient Solution
--------------------------

Node                                   Voltage
----                                   -------
vdd                                       2.97
rst_n                                        0
clk                                          0
d                                            0
xdut.clkb                              2.96999
xdut.rst                               2.96999
xdut.m                             1.61533e-08
xdut.mb                                2.96999
xdut.mc                            5.11112e-08
xdut.s                                    2.97
q                                  2.95679e-08
xdut.qb                                2.96999
vth                                      1.485
bvth#branch                                  0
vd#branch                          5.30165e-12
vclk#branch                                  0
vrst#branch                                  0
vdd#branch                        -2.41999e-09

 Reference value :  9.82800e-09
 Reference value :  1.88988e-07
 Reference value :  3.69935e-07
 Reference value :  5.53635e-07
 Reference value :  7.36735e-07
 Reference value :  9.18517e-07
 Reference value :  1.11272e-06
 Reference value :  1.30374e-06
 Reference value :  1.44144e-06
 Reference value :  1.58954e-06
 Reference value :  1.75474e-06
 Reference value :  1.94465e-06
 Reference value :  2.13955e-06
 Reference value :  2.33211e-06
 Reference value :  2.54091e-06
 Reference value :  2.72921e-06
 Reference value :  2.90382e-06
 Reference value :  3.11802e-06
 Reference value :  3.34043e-06
 Reference value :  3.56813e-06
 Reference value :  3.75903e-06
 Reference value :  3.94235e-06
 Reference value :  4.17655e-06
 Reference value :  4.38412e-06
 Reference value :  4.57554e-06
 Reference value :  4.75644e-06
 Reference value :  4.93045e-06
 Reference value :  5.11135e-06
 Reference value :  5.28805e-06
 Reference value :  5.48343e-06
 Reference value :  5.73153e-06
 Reference value :  6.00195e-06
 Reference value :  6.29755e-06
No. of Data Rows : 65269
tclk1               =  3.00001e-07
tclk2               =  1.30000e-06
tq_r1               =  3.00162e-07
tq_f1               =  1.30014e-06
q_rst               =  2.95680e-08
q_e1                =  2.96999e+00
q_e2                =  -1.20406e-06
q_e3a               =  6.77254e-05
q_e3b               =  -4.51982e-06
q_e3c               =  -4.32264e-06
q_e4                =  1.36707e-06
q_e5a               =  9.40592e-05
q_e5b               =  2.49788e-06
q_e5c               =  2.38306e-06
q_e6                =  1.36704e-06
q_e7a               =  2.97032e+00
q_e7b               =  2.96999e+00
q_e7c               =  2.96999e+00
m_tpd_clk_q_rise_s = 1.6130000000e-10
m_tpd_clk_q_fall_s = 1.3800000000e-10
m_q_rst_v = 2.9568010000e-08
m_q_e1_v = 2.9699920000e+00
m_q_e2_v = -1.204062000e-06
m_q_e4_v = 1.3670690000e-06
m_q_e3_1ns_v = 6.7725410000e-05
m_q_e3_10ns_v = -4.519818000e-06
m_q_e3_100ns_v = -4.322637000e-06
m_q_e3_drift_v = -7.204804700e-05
m_q_e3_rail_dev_v = -4.322637000e-06
m_q_e5_1ns_v = 9.4059230000e-05
m_q_e5_10ns_v = 2.4978830000e-06
m_q_e5_100ns_v = 2.3830570000e-06
m_q_e5_drift_v = -9.167617300e-05
m_q_e5_rail_dev_v = 2.3830570000e-06
m_q_e6_v = 1.3670360000e-06
m_q_e7_1ns_v = 2.9703190000e+00
m_q_e7_10ns_v = 2.9699920000e+00
m_q_e7_100ns_v = 2.9699920000e+00
m_q_e7_drift_v = -3.270000000e-04
m_q_e7_rail_dev_v = 8.0000010416e-06
Note: Simulation executed from .control section 

Warning: m=xx on .subckt line will override multiplier m hierarchy!

