
Note: Compatibility modes selected: hs a


Circuit: * ro-inv-05stage-lownoise @ ss_125c_2.97v -- generated by sim/harness, do not edit

Doing analysis at TEMP = 125.000000 and TNOM = 27.000000

Using SPARSE 1.3 as Direct Linear Solver

Initial Transient Solution
--------------------------

Node                                   Voltage
----                                   -------
vdd                                       2.97
n2                                        2.97
g1                                           0
n3                                 1.09792e-08
g2                                        2.97
n4                                        2.97
g3                                 1.09792e-08
n5                                 1.09792e-08
g4                                        2.97
n1                                           0
g5                                 1.09792e-08
xing                                    -1.485
xs40                                    -1.188
xs60                                    -1.782
bs60#branch                                  0
bs40#branch                                  0
bxing#branch                                 0
vn5#branch                                   0
vn4#branch                                   0
vn3#branch                                   0
vn2#branch                                   0
vn1#branch                                   0
vdd#branch                        -0.000299952

 Reference value :  1.25000e-11
 Reference value :  2.56650e-09
 Reference value :  5.24550e-09
 Reference value :  7.91030e-09
 Reference value :  1.06285e-08
 Reference value :  1.32985e-08
 Reference value :  1.59845e-08
 Reference value :  1.89300e-08
 Reference value :  2.16815e-08
 Reference value :  2.43507e-08
 Reference value :  2.71535e-08
 Reference value :  3.03403e-08
 Reference value :  3.32785e-08
 Reference value :  3.60907e-08
 Reference value :  3.90901e-08
 Reference value :  4.21375e-08
 Reference value :  4.51775e-08
 Reference value :  4.81125e-08
 Reference value :  5.10503e-08
 Reference value :  5.37601e-08
 Reference value :  5.65003e-08
 Reference value :  5.93192e-08
 Reference value :  6.20965e-08
 Reference value :  6.47800e-08
 Reference value :  6.83235e-08
 Reference value :  7.12503e-08
 Reference value :  7.40285e-08
 Reference value :  7.68475e-08
 Reference value :  7.97955e-08
 Reference value :  8.25335e-08
 Reference value :  8.54475e-08
 Reference value :  8.85415e-08
 Reference value :  9.18835e-08
 Reference value :  9.47115e-08
 Reference value :  9.76055e-08
 Reference value :  1.00573e-07
 Reference value :  1.03642e-07
 Reference value :  1.06580e-07
 Reference value :  1.09705e-07
 Reference value :  1.12620e-07
 Reference value :  1.15521e-07
 Reference value :  1.18486e-07
 Reference value :  1.21375e-07
 Reference value :  1.24194e-07
 Reference value :  1.27345e-07
 Reference value :  1.30145e-07
 Reference value :  1.32863e-07
 Reference value :  1.35533e-07
 Reference value :  1.38297e-07
 Reference value :  1.41331e-07
 Reference value :  1.44400e-07
 Reference value :  1.47337e-07
 Reference value :  1.50135e-07
 Reference value :  1.52900e-07
 Reference value :  1.55881e-07
 Reference value :  1.59104e-07
 Reference value :  1.62037e-07
 Reference value :  1.64905e-07
 Reference value :  1.68256e-07
No. of Data Rows : 221009
ts40                =  3.93280e-09
ts60                =  3.96152e-09
tk                  =  1.02953e-09
tk                  =  2.00190e-09
tk                  =  2.97427e-09
tk                  =  3.94665e-09
tk                  =  4.91903e-09
tk                  =  5.89142e-09
tk                  =  6.86381e-09
tk                  =  7.83621e-09
tk                  =  8.80861e-09
tk                  =  9.78101e-09
tk                  =  1.07534e-08
tk                  =  1.17258e-08
tk                  =  1.26982e-08
tk                  =  1.36706e-08
tk                  =  1.46430e-08
tk                  =  1.56153e-08
tk                  =  1.65877e-08
tk                  =  1.75601e-08
tk                  =  1.85325e-08
tk                  =  1.95049e-08
tk                  =  2.04773e-08
tk                  =  2.14496e-08
tk                  =  2.24220e-08
tk                  =  2.33944e-08
tk                  =  2.43668e-08
tk                  =  2.53392e-08
tk                  =  2.63115e-08
tk                  =  2.72839e-08
tk                  =  2.82563e-08
tk                  =  2.92287e-08
tk                  =  3.02011e-08
tk                  =  3.11735e-08
tk                  =  3.21459e-08
tk                  =  3.31182e-08
tk                  =  3.40906e-08
tk                  =  3.50630e-08
tk                  =  3.60354e-08
tk                  =  3.70078e-08
tk                  =  3.79802e-08
tk                  =  3.89526e-08
tk                  =  3.99250e-08
tk                  =  4.08974e-08
tk                  =  4.18697e-08
tk                  =  4.28421e-08
tk                  =  4.38145e-08
tk                  =  4.47869e-08
tk                  =  4.57593e-08
tk                  =  4.67317e-08
tk                  =  4.77040e-08
tk                  =  4.86764e-08
tk                  =  4.96488e-08
tk                  =  5.06212e-08
tk                  =  5.15936e-08
tk                  =  5.25660e-08
tk                  =  5.35384e-08
tk                  =  5.45108e-08
tk                  =  5.54832e-08
tk                  =  5.64555e-08
tk                  =  5.74279e-08
tk                  =  5.84003e-08
tk                  =  5.93727e-08
tk                  =  6.03451e-08
tk                  =  6.13175e-08
tk                  =  6.22899e-08
tk                  =  6.32622e-08
tk                  =  6.42346e-08
tk                  =  6.52070e-08
tk                  =  6.61794e-08
tk                  =  6.71518e-08
tk                  =  6.81241e-08
tk                  =  6.90965e-08
tk                  =  7.00689e-08
tk                  =  7.10413e-08
tk                  =  7.20137e-08
tk                  =  7.29861e-08
tk                  =  7.39585e-08
tk                  =  7.49309e-08
tk                  =  7.59033e-08
tk                  =  7.68757e-08
tk                  =  7.78481e-08
tk                  =  7.88205e-08
tk                  =  7.97929e-08
tk                  =  8.07652e-08
tk                  =  8.17376e-08
tk                  =  8.27100e-08
tk                  =  8.36824e-08
tk                  =  8.46548e-08
tk                  =  8.56272e-08
tk                  =  8.65996e-08
tk                  =  8.75720e-08
tk                  =  8.85443e-08
tk                  =  8.95167e-08
tk                  =  9.04891e-08
tk                  =  9.14615e-08
tk                  =  9.24339e-08
tk                  =  9.34063e-08
tk                  =  9.43786e-08
tk                  =  9.53510e-08
tk                  =  9.63234e-08
tk                  =  9.72958e-08
tk                  =  9.82682e-08
tk                  =  9.92406e-08
tk                  =  1.00213e-07
tk                  =  1.01185e-07
tk                  =  1.02158e-07
tk                  =  1.03130e-07
tk                  =  1.04103e-07
tk                  =  1.05075e-07
tk                  =  1.06047e-07
tk                  =  1.07020e-07
tk                  =  1.07992e-07
tk                  =  1.08964e-07
tk                  =  1.09937e-07
tk                  =  1.10909e-07
tk                  =  1.11882e-07
tk                  =  1.12854e-07
tk                  =  1.13826e-07
tk                  =  1.14799e-07
tk                  =  1.15771e-07
tk                  =  1.16744e-07
tk                  =  1.17716e-07
tk                  =  1.18688e-07
tk                  =  1.19661e-07
tk                  =  1.20633e-07
tk                  =  1.21605e-07
tk                  =  1.22578e-07
tk                  =  1.23550e-07
tk                  =  1.24523e-07
tk                  =  1.25495e-07
m_period = 9.7238650781e-10
m_f_osc = 1.0283976505e+09
m_slew_v_per_s = 2.0680291056e+10
m_sigma_1 = 1.9080845858e-14
m_sigma_2 = 2.5360906945e-14
m_sigma_4 = 2.9190205631e-14
m_sigma_8 = 3.1345594834e-14
m_sigma_16 = 3.8414469412e-14
m_sigma_32 = 4.7377632216e-14
Note: Simulation executed from .control section 

Warning: m=xx on .subckt line will override multiplier m hierarchy!

