
Note: Compatibility modes selected: hs a


Circuit: * ro-inv-05stage-lownoise @ ss_125c_2.97v -- generated by sim/harness, do not edit

Doing analysis at TEMP = 125.000000 and TNOM = 27.000000

Using SPARSE 1.3 as Direct Linear Solver

Initial Transient Solution
--------------------------

Node                                   Voltage
----                                   -------
vdd                                       2.97
n2                                        2.97
g1                                           0
n3                                 1.09792e-08
g2                                        2.97
n4                                        2.97
g3                                 1.09792e-08
n5                                 1.09792e-08
g4                                        2.97
n1                                           0
g5                                 1.09792e-08
xing                                    -1.485
xs40                                    -1.188
xs60                                    -1.782
bs60#branch                                  0
bs40#branch                                  0
bxing#branch                                 0
vn5#branch                                   0
vn4#branch                                   0
vn3#branch                                   0
vn2#branch                                   0
vn1#branch                                   0
vdd#branch                        -0.000299952

 Reference value :  6.25000e-11
 Reference value :  2.70030e-09
 Reference value :  5.34850e-09
 Reference value :  8.00925e-09
 Reference value :  1.06300e-08
 Reference value :  1.33407e-08
 Reference value :  1.60265e-08
 Reference value :  1.87965e-08
 Reference value :  2.16045e-08
 Reference value :  2.43001e-08
 Reference value :  2.71635e-08
 Reference value :  3.03925e-08
 Reference value :  3.35101e-08
 Reference value :  3.63185e-08
 Reference value :  3.92285e-08
 Reference value :  4.20601e-08
 Reference value :  4.50125e-08
 Reference value :  4.82303e-08
 Reference value :  5.10392e-08
 Reference value :  5.39975e-08
 Reference value :  5.69400e-08
 Reference value :  5.97600e-08
 Reference value :  6.25115e-08
 Reference value :  6.52003e-08
 Reference value :  6.83855e-08
 Reference value :  7.13725e-08
 Reference value :  7.42303e-08
 Reference value :  7.71503e-08
 Reference value :  8.00755e-08
 Reference value :  8.29775e-08
 Reference value :  8.60685e-08
 Reference value :  8.91925e-08
 Reference value :  9.23355e-08
 Reference value :  9.51403e-08
 Reference value :  9.80545e-08
 Reference value :  1.00951e-07
 Reference value :  1.03838e-07
 Reference value :  1.06967e-07
 Reference value :  1.09846e-07
 Reference value :  1.12662e-07
 Reference value :  1.15522e-07
 Reference value :  1.18390e-07
 Reference value :  1.21310e-07
 Reference value :  1.24125e-07
 Reference value :  1.27232e-07
 Reference value :  1.29895e-07
 Reference value :  1.32550e-07
 Reference value :  1.35353e-07
 Reference value :  1.38255e-07
 Reference value :  1.41442e-07
 Reference value :  1.44416e-07
 Reference value :  1.47260e-07
 Reference value :  1.50087e-07
 Reference value :  1.52880e-07
 Reference value :  1.55835e-07
 Reference value :  1.58981e-07
 Reference value :  1.61832e-07
 Reference value :  1.65071e-07
 Reference value :  1.68204e-07
No. of Data Rows : 221009
ts40                =  3.93283e-09
ts60                =  3.96155e-09
tk                  =  1.02953e-09
tk                  =  2.00193e-09
tk                  =  2.97430e-09
tk                  =  3.94669e-09
tk                  =  4.91907e-09
tk                  =  5.89145e-09
tk                  =  6.86383e-09
tk                  =  7.83621e-09
tk                  =  8.80860e-09
tk                  =  9.78099e-09
tk                  =  1.07533e-08
tk                  =  1.17257e-08
tk                  =  1.26981e-08
tk                  =  1.36705e-08
tk                  =  1.46429e-08
tk                  =  1.56153e-08
tk                  =  1.65877e-08
tk                  =  1.75601e-08
tk                  =  1.85325e-08
tk                  =  1.95049e-08
tk                  =  2.04773e-08
tk                  =  2.14496e-08
tk                  =  2.24220e-08
tk                  =  2.33944e-08
tk                  =  2.43668e-08
tk                  =  2.53392e-08
tk                  =  2.63116e-08
tk                  =  2.72840e-08
tk                  =  2.82564e-08
tk                  =  2.92288e-08
tk                  =  3.02012e-08
tk                  =  3.11736e-08
tk                  =  3.21460e-08
tk                  =  3.31183e-08
tk                  =  3.40907e-08
tk                  =  3.50631e-08
tk                  =  3.60355e-08
tk                  =  3.70079e-08
tk                  =  3.79803e-08
tk                  =  3.89526e-08
tk                  =  3.99250e-08
tk                  =  4.08974e-08
tk                  =  4.18698e-08
tk                  =  4.28421e-08
tk                  =  4.38145e-08
tk                  =  4.47869e-08
tk                  =  4.57593e-08
tk                  =  4.67317e-08
tk                  =  4.77041e-08
tk                  =  4.86765e-08
tk                  =  4.96489e-08
tk                  =  5.06213e-08
tk                  =  5.15937e-08
tk                  =  5.25661e-08
tk                  =  5.35385e-08
tk                  =  5.45108e-08
tk                  =  5.54832e-08
tk                  =  5.64556e-08
tk                  =  5.74280e-08
tk                  =  5.84004e-08
tk                  =  5.93728e-08
tk                  =  6.03451e-08
tk                  =  6.13175e-08
tk                  =  6.22899e-08
tk                  =  6.32623e-08
tk                  =  6.42346e-08
tk                  =  6.52071e-08
tk                  =  6.61794e-08
tk                  =  6.71518e-08
tk                  =  6.81242e-08
tk                  =  6.90966e-08
tk                  =  7.00690e-08
tk                  =  7.10414e-08
tk                  =  7.20138e-08
tk                  =  7.29862e-08
tk                  =  7.39585e-08
tk                  =  7.49309e-08
tk                  =  7.59033e-08
tk                  =  7.68757e-08
tk                  =  7.78481e-08
tk                  =  7.88205e-08
tk                  =  7.97929e-08
tk                  =  8.07653e-08
tk                  =  8.17377e-08
tk                  =  8.27101e-08
tk                  =  8.36824e-08
tk                  =  8.46548e-08
tk                  =  8.56272e-08
tk                  =  8.65996e-08
tk                  =  8.75720e-08
tk                  =  8.85443e-08
tk                  =  8.95167e-08
tk                  =  9.04891e-08
tk                  =  9.14615e-08
tk                  =  9.24339e-08
tk                  =  9.34063e-08
tk                  =  9.43787e-08
tk                  =  9.53511e-08
tk                  =  9.63235e-08
tk                  =  9.72959e-08
tk                  =  9.82683e-08
tk                  =  9.92406e-08
tk                  =  1.00213e-07
tk                  =  1.01185e-07
tk                  =  1.02158e-07
tk                  =  1.03130e-07
tk                  =  1.04103e-07
tk                  =  1.05075e-07
tk                  =  1.06047e-07
tk                  =  1.07020e-07
tk                  =  1.07992e-07
tk                  =  1.08965e-07
tk                  =  1.09937e-07
tk                  =  1.10909e-07
tk                  =  1.11882e-07
tk                  =  1.12854e-07
tk                  =  1.13826e-07
tk                  =  1.14799e-07
tk                  =  1.15771e-07
tk                  =  1.16744e-07
tk                  =  1.17716e-07
tk                  =  1.18688e-07
tk                  =  1.19661e-07
tk                  =  1.20633e-07
tk                  =  1.21606e-07
tk                  =  1.22578e-07
tk                  =  1.23550e-07
tk                  =  1.24523e-07
tk                  =  1.25495e-07
m_period = 9.7238729687e-10
m_f_osc = 1.0283968160e+09
m_slew_v_per_s = 2.0683171420e+10
m_sigma_1 = 2.3036212291e-14
m_sigma_2 = 2.6564392923e-14
m_sigma_4 = 3.3949277630e-14
m_sigma_8 = 3.9831298863e-14
m_sigma_16 = 3.8600821080e-14
m_sigma_32 = 4.7398326704e-14
Note: Simulation executed from .control section 

Warning: m=xx on .subckt line will override multiplier m hierarchy!

