
Note: Compatibility modes selected: hs a


Circuit: * sampler-dff-reset-current-xsb @ fs_27c_3.30v -- generated by sim/harness, do not edit

Doing analysis at TEMP = 27.000000 and TNOM = 27.000000

Using SPARSE 1.3 as Direct Linear Solver

Initial Transient Solution
--------------------------

Node                                   Voltage
----                                   -------
vdd                                        3.3
rst_n                                        0
clk                                          0
d                                            0
xdut.clkb                                  3.3
xdut.m                             3.42525e-08
xdut.mb                                    3.3
xdut.mmid                            0.0734327
xdut.mc                            3.43573e-08
xdut.s                                     3.3
q                                  1.71805e-08
xdut.qb                                    3.3
xdut.s2mid                           0.0734326
qint                                4.1125e-21
vd#branch                          9.92419e-12
vdd#branch                        -5.10492e-11
vclk#branch                                  0
vrst#branch                                  0

 Reference value :  0.00000e+00
 Reference value :  1.46405e-09
 Reference value :  2.98505e-09
 Reference value :  4.48005e-09
No. of Data Rows : 4720
qint1               =  1.73575e-06
qint2               =  1.79375e-06
qint3               =  1.81221e-06
qout_rst            =  -7.31124e-06
m_i_reset_xsb_a = 1.9114500000e-08
m_p_reset_xsb_w = 6.3077850000e-08
m_i_reset_xsb_first_a = 2.8999500000e-08
m_i_reset_xsb_last_a = 9.2295000000e-09
m_q_v = -7.311239000e-06
Note: Simulation executed from .control section 

Warning: m=xx on .subckt line will override multiplier m hierarchy!

