
Note: Compatibility modes selected: hs a


Circuit: * sampler-dff-reset-current-xsb @ ss_-40c_3.63v -- generated by sim/harness, do not edit

Doing analysis at TEMP = -40.000000 and TNOM = 27.000000

Using SPARSE 1.3 as Direct Linear Solver

Initial Transient Solution
--------------------------

Node                                   Voltage
----                                   -------
vdd                                       3.63
rst_n                                        0
clk                                          0
d                                            0
xdut.clkb                                 3.63
xdut.m                             3.57788e-08
xdut.mb                                   3.63
xdut.mmid                          1.38782e-05
xdut.mc                            3.60043e-08
xdut.s                                    3.63
q                                  1.80022e-08
xdut.qb                                   3.63
xdut.s2mid                         1.38782e-05
qint                               3.64434e-21
vd#branch                          1.09412e-11
vdd#branch                        -4.73847e-11
vclk#branch                                  0
vrst#branch                                  0

 Reference value :  0.00000e+00
 Reference value :  1.57405e-09
 Reference value :  3.08105e-09
 Reference value :  4.55305e-09
No. of Data Rows : 4720
qint1               =  1.73316e-06
qint2               =  1.79543e-06
qint3               =  1.82239e-06
qout_rst            =  -4.16678e-06
m_i_reset_xsb_a = 2.2306750000e-08
m_p_reset_xsb_w = 8.0973502500e-08
m_i_reset_xsb_first_a = 3.1132500000e-08
m_i_reset_xsb_last_a = 1.3481000000e-08
m_q_v = -4.166778000e-06
Note: Simulation executed from .control section 

Warning: m=xx on .subckt line will override multiplier m hierarchy!

