
Note: Compatibility modes selected: hs a


Circuit: * sampler-dff-reset-clocked @ sf_-40c_2.97v -- generated by sim/harness, do not edit

Doing analysis at TEMP = -40.000000 and TNOM = 27.000000

Using SPARSE 1.3 as Direct Linear Solver

Initial Transient Solution
--------------------------

Node                                   Voltage
----                                   -------
vdd                                       2.97
rst_n                                        0
clk                                          0
d                                         2.97
xdut.clkb                                 2.97
xdut.m                                    2.97
xdut.mb                                   2.97
xdut.mmid                              2.26456
xdut.mc                             3.0895e-08
xdut.s                                    2.97
q                                  1.54473e-08
xdut.qb                                   2.97
xdut.s2mid                         1.74217e-05
vth                                      1.485
bvth#branch                                  0
vd#branch                         -8.91053e-12
vclk#branch                                  0
vrst#branch                                  0
vdd#branch                        -3.42599e-11

 Reference value :  0.00000e+00
 Reference value :  1.61928e-07
 Reference value :  3.23528e-07
 Reference value :  4.79928e-07
 Reference value :  6.37322e-07
 Reference value :  7.96022e-07
 Reference value :  9.64722e-07
 Reference value :  1.13912e-06
 Reference value :  1.30322e-06
 Reference value :  1.46582e-06
 Reference value :  1.62942e-06
 Reference value :  1.79522e-06
 Reference value :  1.96342e-06
 Reference value :  2.12532e-06
 Reference value :  2.30002e-06
 Reference value :  2.46472e-06
 Reference value :  2.62972e-06
 Reference value :  2.79922e-06
 Reference value :  2.96422e-06
 Reference value :  3.12722e-06
 Reference value :  3.28732e-06
 Reference value :  3.44922e-06
 Reference value :  3.60646e-06
 Reference value :  3.77486e-06
 Reference value :  3.93716e-06
 Reference value :  4.09882e-06
 Reference value :  4.26262e-06
 Reference value :  4.42742e-06
 Reference value :  4.58381e-06
 Reference value :  4.75131e-06
 Reference value :  4.91531e-06
 Reference value :  5.06864e-06
 Reference value :  5.22754e-06
 Reference value :  5.38814e-06
 Reference value :  5.54873e-06
 Reference value :  5.71333e-06
 Reference value :  5.87373e-06
No. of Data Rows : 60177
q_rst_max           =  1.25225e-01 at=  3.50000e-06
s_rst_min           =  2.51786e+00 at=  3.00000e-06
q_rel               =  1.55524e-06
q_cap               =  2.97000e+00
mb_rst_min          =  2.83030e+00 at=  3.00000e-06
m_q_rst_max_v = 1.2522460000e-01
m_q_rst_max_frac = 4.2163164983e-02
m_s_rst_min_v = 2.5178640000e+00
m_s_rst_dev_frac = 1.5223434343e-01
m_mb_rst_min_v = 2.8302970000e+00
m_q_rel_v = 1.5552370000e-06
m_q_cap_v = 2.9700030000e+00
Note: Simulation executed from .control section 

Warning: m=xx on .subckt line will override multiplier m hierarchy!

