
Note: Compatibility modes selected: hs a


Circuit: * inv-stage-noise @ ss_-40c_3.63v -- generated by sim/harness, do not edit

Doing analysis at TEMP = -40.000000 and TNOM = 27.000000

Using SPARSE 1.3 as Direct Linear Solver

No. of Data Rows : 1
Doing analysis at TEMP = -40.000000 and TNOM = 27.000000

Using SPARSE 1.3 as Direct Linear Solver

No. of Data Rows : 81
Doing analysis at TEMP = -40.000000 and TNOM = 27.000000

Using SPARSE 1.3 as Direct Linear Solver

No. of Data Rows : 81

No. of Data Rows : 1
Doing analysis at TEMP = -40.000000 and TNOM = 27.000000

Using SPARSE 1.3 as Direct Linear Solver

No. of Data Rows : 31

No. of Data Rows : 1
m_vtrip = 1.6849094707e+00
m_gain_1meg = 2.1115272183e+01
m_gain_100meg = 2.0606696739e+01
m_gain_1g = 8.6241592047e+00
m_inoise_dens_1meg = 3.6510946623e-08
m_inoise_dens_10meg = 1.3584819780e-08
m_inoise_dens_100meg = 7.6661040208e-09
m_inoise_dens_1g = 6.6981637472e-09
m_inoise_dens_10g = 6.4033967335e-09
m_onoise_dens_1meg = 7.7093857559e-07
m_onoise_dens_1g = 5.7766030535e-08
m_onoise_rms_1k_100g = 4.5839541124e-03
m_onoise_rms_100meg_100g = 3.5588316166e-03
Note: Simulation executed from .control section 

Warning: m=xx on .subckt line will override multiplier m hierarchy!

