
Note: Compatibility modes selected: hs a


Circuit: * ro-inv-05stage-jitter @ tt_-40c_2.97v -- generated by sim/harness, do not edit

Doing analysis at TEMP = -40.000000 and TNOM = 27.000000

Using SPARSE 1.3 as Direct Linear Solver

Initial Transient Solution
--------------------------

Node                                   Voltage
----                                   -------
vdd                                       2.97
n2                                        2.97
g1                                           0
n3                                 4.10252e-09
g2                                        2.97
n4                                        2.97
g3                                 4.10252e-09
n5                                 4.10252e-09
g4                                        2.97
n1                                           0
g5                                 4.10252e-09
xing                                    -1.485
xs40                                    -1.188
xs60                                    -1.782
bs60#branch                                  0
bs40#branch                                  0
bxing#branch                                 0
vn5#branch                                   0
vn4#branch                                   0
vn3#branch                                   0
vn2#branch                                   0
vn1#branch                                   0
vdd#branch                        -0.000459862

 Reference value :  0.00000e+00
 Reference value :  2.83070e-09
 Reference value :  5.65450e-09
 Reference value :  8.54150e-09
 Reference value :  1.14401e-08
 Reference value :  1.40415e-08
 Reference value :  1.67375e-08
 Reference value :  1.95785e-08
 Reference value :  2.23600e-08
 Reference value :  2.51592e-08
 Reference value :  2.77903e-08
 Reference value :  3.05955e-08
 Reference value :  3.34025e-08
 Reference value :  3.63092e-08
 Reference value :  3.91975e-08
 Reference value :  4.21101e-08
 Reference value :  4.49403e-08
 Reference value :  4.79515e-08
 Reference value :  5.17725e-08
 Reference value :  5.46207e-08
 Reference value :  5.74415e-08
 Reference value :  6.10800e-08
 Reference value :  6.47475e-08
 Reference value :  6.75765e-08
 Reference value :  7.05945e-08
 Reference value :  7.38335e-08
 Reference value :  7.71025e-08
 Reference value :  8.00625e-08
 Reference value :  8.29475e-08
 Reference value :  8.56900e-08
 Reference value :  8.85065e-08
 Reference value :  9.13075e-08
 Reference value :  9.42055e-08
 Reference value :  9.68635e-08
 Reference value :  9.96665e-08
 Reference value :  1.02418e-07
 Reference value :  1.05395e-07
 Reference value :  1.08424e-07
 Reference value :  1.12320e-07
 Reference value :  1.15269e-07
 Reference value :  1.18091e-07
 Reference value :  1.21046e-07
 Reference value :  1.23946e-07
 Reference value :  1.26711e-07
 Reference value :  1.29540e-07
 Reference value :  1.32325e-07
 Reference value :  1.35286e-07
 Reference value :  1.38036e-07
 Reference value :  1.41140e-07
 Reference value :  1.44146e-07
 Reference value :  1.47112e-07
 Reference value :  1.50060e-07
 Reference value :  1.53034e-07
 Reference value :  1.55939e-07
 Reference value :  1.59119e-07
 Reference value :  1.62014e-07
 Reference value :  1.64976e-07
 Reference value :  1.68169e-07
No. of Data Rows : 221009
ts40                =  2.40836e-09
ts60                =  2.42630e-09
tk                  =  6.31509e-10
tk                  =  1.22669e-09
tk                  =  1.82171e-09
tk                  =  2.41703e-09
tk                  =  3.01199e-09
tk                  =  3.60713e-09
tk                  =  4.20228e-09
tk                  =  4.79734e-09
tk                  =  5.39231e-09
tk                  =  5.98742e-09
tk                  =  6.58256e-09
tk                  =  7.17757e-09
tk                  =  7.77261e-09
tk                  =  8.36776e-09
tk                  =  8.96308e-09
tk                  =  9.55815e-09
tk                  =  1.01533e-08
tk                  =  1.07484e-08
tk                  =  1.13435e-08
tk                  =  1.19386e-08
tk                  =  1.25339e-08
tk                  =  1.31289e-08
tk                  =  1.37239e-08
tk                  =  1.43192e-08
tk                  =  1.49142e-08
tk                  =  1.55094e-08
tk                  =  1.61044e-08
tk                  =  1.66998e-08
tk                  =  1.72949e-08
tk                  =  1.78901e-08
tk                  =  1.84853e-08
tk                  =  1.90807e-08
tk                  =  1.96757e-08
tk                  =  2.02709e-08
tk                  =  2.08660e-08
tk                  =  2.14612e-08
tk                  =  2.20563e-08
tk                  =  2.26513e-08
tk                  =  2.32464e-08
tk                  =  2.38417e-08
tk                  =  2.44369e-08
tk                  =  2.50321e-08
tk                  =  2.56271e-08
tk                  =  2.62223e-08
tk                  =  2.68174e-08
tk                  =  2.74126e-08
tk                  =  2.80076e-08
tk                  =  2.86027e-08
tk                  =  2.91978e-08
tk                  =  2.97930e-08
tk                  =  3.03883e-08
tk                  =  3.09832e-08
tk                  =  3.15783e-08
tk                  =  3.21734e-08
tk                  =  3.27686e-08
tk                  =  3.33636e-08
tk                  =  3.39588e-08
tk                  =  3.45540e-08
tk                  =  3.51492e-08
tk                  =  3.57443e-08
tk                  =  3.63395e-08
tk                  =  3.69344e-08
tk                  =  3.75296e-08
tk                  =  3.81248e-08
tk                  =  3.87199e-08
tk                  =  3.93150e-08
tk                  =  3.99102e-08
tk                  =  4.05055e-08
tk                  =  4.11007e-08
tk                  =  4.16957e-08
tk                  =  4.22909e-08
tk                  =  4.28860e-08
tk                  =  4.34813e-08
tk                  =  4.40763e-08
tk                  =  4.46713e-08
tk                  =  4.52664e-08
tk                  =  4.58616e-08
tk                  =  4.64568e-08
tk                  =  4.70519e-08
tk                  =  4.76472e-08
tk                  =  4.82422e-08
tk                  =  4.88373e-08
tk                  =  4.94325e-08
tk                  =  5.00276e-08
tk                  =  5.06227e-08
tk                  =  5.12178e-08
tk                  =  5.18129e-08
tk                  =  5.24079e-08
tk                  =  5.30031e-08
tk                  =  5.35983e-08
tk                  =  5.41934e-08
tk                  =  5.47885e-08
tk                  =  5.53834e-08
tk                  =  5.59785e-08
tk                  =  5.65737e-08
tk                  =  5.71688e-08
tk                  =  5.77640e-08
tk                  =  5.83593e-08
tk                  =  5.89543e-08
tk                  =  5.95494e-08
tk                  =  6.01445e-08
tk                  =  6.07397e-08
tk                  =  6.13347e-08
tk                  =  6.19299e-08
tk                  =  6.25250e-08
tk                  =  6.31203e-08
tk                  =  6.37153e-08
tk                  =  6.43105e-08
tk                  =  6.49057e-08
tk                  =  6.55009e-08
tk                  =  6.60961e-08
tk                  =  6.66913e-08
tk                  =  6.72862e-08
tk                  =  6.78813e-08
tk                  =  6.84765e-08
tk                  =  6.90715e-08
tk                  =  6.96666e-08
tk                  =  7.02615e-08
tk                  =  7.08567e-08
tk                  =  7.14518e-08
tk                  =  7.20470e-08
tk                  =  7.26421e-08
tk                  =  7.32372e-08
tk                  =  7.38324e-08
tk                  =  7.44276e-08
tk                  =  7.50227e-08
tk                  =  7.56177e-08
tk                  =  7.62128e-08
tk                  =  7.68080e-08
m_period = 5.9512891641e-10
m_f_osc = 1.6803082029e+09
m_slew_v_per_s = 3.3119598550e+10
m_sigma_1 = 9.6127760931e-14
m_sigma_2 = 1.2476149834e-13
m_sigma_4 = 1.5594040080e-13
m_sigma_8 = 2.1498526529e-13
m_sigma_16 = 2.8996214913e-13
m_sigma_32 = 3.2606695475e-13
Note: Simulation executed from .control section 

Warning: m=xx on .subckt line will override multiplier m hierarchy!

