
Note: Compatibility modes selected: hs a


Circuit: * ro-inv-05stage-jitter @ tt_-40c_2.97v -- generated by sim/harness, do not edit

Doing analysis at TEMP = -40.000000 and TNOM = 27.000000

Using SPARSE 1.3 as Direct Linear Solver

Initial Transient Solution
--------------------------

Node                                   Voltage
----                                   -------
vdd                                       2.97
n2                                        2.97
g1                                           0
n3                                 4.10252e-09
g2                                        2.97
n4                                        2.97
g3                                 4.10252e-09
n5                                 4.10252e-09
g4                                        2.97
n1                                           0
g5                                 4.10252e-09
xing                                    -1.485
xs40                                    -1.188
xs60                                    -1.782
bs60#branch                                  0
bs40#branch                                  0
bxing#branch                                 0
vn5#branch                                   0
vn4#branch                                   0
vn3#branch                                   0
vn2#branch                                   0
vn1#branch                                   0
vdd#branch                        -0.000459862

 Reference value :  9.85000e-11
 Reference value :  3.00150e-09
 Reference value :  5.97650e-09
 Reference value :  8.92070e-09
 Reference value :  1.17303e-08
 Reference value :  1.44701e-08
 Reference value :  1.71115e-08
 Reference value :  2.01115e-08
 Reference value :  2.29265e-08
 Reference value :  2.57035e-08
 Reference value :  2.84003e-08
 Reference value :  3.11707e-08
 Reference value :  3.41175e-08
 Reference value :  3.71625e-08
 Reference value :  4.01485e-08
 Reference value :  4.30107e-08
 Reference value :  4.57907e-08
 Reference value :  4.87001e-08
 Reference value :  5.25792e-08
 Reference value :  5.54492e-08
 Reference value :  5.81800e-08
 Reference value :  6.15725e-08
 Reference value :  6.50900e-08
 Reference value :  6.77635e-08
 Reference value :  7.08665e-08
 Reference value :  7.38303e-08
 Reference value :  7.72635e-08
 Reference value :  8.02265e-08
 Reference value :  8.30601e-08
 Reference value :  8.58085e-08
 Reference value :  8.86401e-08
 Reference value :  9.13892e-08
 Reference value :  9.43065e-08
 Reference value :  9.71435e-08
 Reference value :  9.99792e-08
 Reference value :  1.03025e-07
 Reference value :  1.05881e-07
 Reference value :  1.09290e-07
 Reference value :  1.12990e-07
 Reference value :  1.15880e-07
 Reference value :  1.18827e-07
 Reference value :  1.21647e-07
 Reference value :  1.24612e-07
 Reference value :  1.27290e-07
 Reference value :  1.30191e-07
 Reference value :  1.32818e-07
 Reference value :  1.35560e-07
 Reference value :  1.38570e-07
 Reference value :  1.41534e-07
 Reference value :  1.44594e-07
 Reference value :  1.47505e-07
 Reference value :  1.50350e-07
 Reference value :  1.53300e-07
 Reference value :  1.56338e-07
 Reference value :  1.59240e-07
 Reference value :  1.62140e-07
 Reference value :  1.65281e-07
 Reference value :  1.68633e-07
No. of Data Rows : 221009
ts40                =  2.40832e-09
ts60                =  2.42626e-09
tk                  =  6.31526e-10
tk                  =  1.22663e-09
tk                  =  1.82173e-09
tk                  =  2.41698e-09
tk                  =  3.01197e-09
tk                  =  3.60719e-09
tk                  =  4.20213e-09
tk                  =  4.79746e-09
tk                  =  5.39268e-09
tk                  =  5.98784e-09
tk                  =  6.58290e-09
tk                  =  7.17786e-09
tk                  =  7.77297e-09
tk                  =  8.36805e-09
tk                  =  8.96337e-09
tk                  =  9.55845e-09
tk                  =  1.01536e-08
tk                  =  1.07489e-08
tk                  =  1.13441e-08
tk                  =  1.19393e-08
tk                  =  1.25343e-08
tk                  =  1.31295e-08
tk                  =  1.37247e-08
tk                  =  1.43199e-08
tk                  =  1.49151e-08
tk                  =  1.55101e-08
tk                  =  1.61052e-08
tk                  =  1.67003e-08
tk                  =  1.72954e-08
tk                  =  1.78906e-08
tk                  =  1.84858e-08
tk                  =  1.90810e-08
tk                  =  1.96761e-08
tk                  =  2.02712e-08
tk                  =  2.08664e-08
tk                  =  2.14616e-08
tk                  =  2.20566e-08
tk                  =  2.26518e-08
tk                  =  2.32470e-08
tk                  =  2.38423e-08
tk                  =  2.44375e-08
tk                  =  2.50326e-08
tk                  =  2.56277e-08
tk                  =  2.62229e-08
tk                  =  2.68179e-08
tk                  =  2.74130e-08
tk                  =  2.80081e-08
tk                  =  2.86033e-08
tk                  =  2.91983e-08
tk                  =  2.97933e-08
tk                  =  3.03883e-08
tk                  =  3.09833e-08
tk                  =  3.15786e-08
tk                  =  3.21737e-08
tk                  =  3.27690e-08
tk                  =  3.33641e-08
tk                  =  3.39592e-08
tk                  =  3.45542e-08
tk                  =  3.51492e-08
tk                  =  3.57443e-08
tk                  =  3.63394e-08
tk                  =  3.69345e-08
tk                  =  3.75297e-08
tk                  =  3.81249e-08
tk                  =  3.87201e-08
tk                  =  3.93152e-08
tk                  =  3.99102e-08
tk                  =  4.05054e-08
tk                  =  4.11006e-08
tk                  =  4.16958e-08
tk                  =  4.22911e-08
tk                  =  4.28862e-08
tk                  =  4.34812e-08
tk                  =  4.40764e-08
tk                  =  4.46714e-08
tk                  =  4.52665e-08
tk                  =  4.58616e-08
tk                  =  4.64569e-08
tk                  =  4.70519e-08
tk                  =  4.76469e-08
tk                  =  4.82420e-08
tk                  =  4.88371e-08
tk                  =  4.94323e-08
tk                  =  5.00274e-08
tk                  =  5.06227e-08
tk                  =  5.12177e-08
tk                  =  5.18130e-08
tk                  =  5.24081e-08
tk                  =  5.30031e-08
tk                  =  5.35983e-08
tk                  =  5.41933e-08
tk                  =  5.47883e-08
tk                  =  5.53835e-08
tk                  =  5.59787e-08
tk                  =  5.65737e-08
tk                  =  5.71689e-08
tk                  =  5.77639e-08
tk                  =  5.83593e-08
tk                  =  5.89545e-08
tk                  =  5.95497e-08
tk                  =  6.01448e-08
tk                  =  6.07398e-08
tk                  =  6.13350e-08
tk                  =  6.19302e-08
tk                  =  6.25253e-08
tk                  =  6.31205e-08
tk                  =  6.37157e-08
tk                  =  6.43109e-08
tk                  =  6.49058e-08
tk                  =  6.55009e-08
tk                  =  6.60961e-08
tk                  =  6.66914e-08
tk                  =  6.72863e-08
tk                  =  6.78814e-08
tk                  =  6.84766e-08
tk                  =  6.90716e-08
tk                  =  6.96667e-08
tk                  =  7.02617e-08
tk                  =  7.08567e-08
tk                  =  7.14518e-08
tk                  =  7.20468e-08
tk                  =  7.26419e-08
tk                  =  7.32369e-08
tk                  =  7.38320e-08
tk                  =  7.44271e-08
tk                  =  7.50223e-08
tk                  =  7.56174e-08
tk                  =  7.62125e-08
tk                  =  7.68078e-08
m_period = 5.9512705938e-10
m_f_osc = 1.6803134461e+09
m_slew_v_per_s = 3.3117752007e+10
m_sigma_1 = 9.8000325757e-14
m_sigma_2 = 1.3686397846e-13
m_sigma_4 = 1.9179189853e-13
m_sigma_8 = 2.6531388952e-13
m_sigma_16 = 3.7112117693e-13
m_sigma_32 = 4.2632388265e-13
Note: Simulation executed from .control section 

Warning: m=xx on .subckt line will override multiplier m hierarchy!

