
Note: Compatibility modes selected: hs a


Circuit: * ro-array-core-pvt-q @ ss_125c_2.97v -- generated by sim/harness, do not edit

Doing analysis at TEMP = 125.000000 and TNOM = 27.000000

Using SPARSE 1.3 as Direct Linear Solver

Initial Transient Solution
--------------------------

Node                                   Voltage
----                                   -------
vsup                                      2.97
en                                        2.97
vddr1                                     2.97
vddr2                                     2.97
vdd                                       2.97
xdut.xr1.xg.py                         1.49334
xdut.xr1.n1                                  0
xdut.rn1                            2.3797e-07
xdut.xr1.xg.nm                   -2.20616e-200
xdut.xr1.xg.ny                   -2.07655e-200
xdut.xr1.x1.py                            2.97
xdut.xr1.n2                               2.97
xdut.xr1.x1.ny                     6.26763e-07
xdut.xr1.x2.py                            2.97
xdut.xr1.n3                         2.3797e-07
xdut.xr1.x2.ny                     2.05417e-07
xdut.xr1.x3.py                            2.97
xdut.xr1.n4                               2.97
xdut.xr1.x3.ny                     6.26766e-07
xdut.xr1.x4.py                            2.97
xdut.xr1.n5                         2.3797e-07
xdut.xr1.x4.ny                     2.05417e-07
xdut.xr1.x5.py                            2.97
xdut.xr1.n6                               2.97
xdut.xr1.x5.ny                     6.26766e-07
xdut.xr1.x6.py                            2.97
xdut.xr1.n7                         2.3797e-07
xdut.xr1.x6.ny                     2.05417e-07
xdut.xr1.x7.py                            2.97
xdut.xr1.n8                               2.97
xdut.xr1.x7.ny                     6.26766e-07
xdut.xr1.x8.py                            2.97
xdut.xr1.n9                         2.3797e-07
xdut.xr1.x8.ny                     2.05417e-07
xdut.xr1.x9.py                            2.97
xdut.xr1.n10                              2.97
xdut.xr1.x9.ny                     6.26766e-07
xdut.xr1.x10.py                           2.97
xdut.xr1.x10.ny                    2.05417e-07
xdut.xr2.xg.py                         1.50875
xdut.xr2.n1                                  0
xdut.rn2                           2.22534e-07
xdut.xr2.xg.nm                    2.47936e-203
xdut.xr2.xg.ny                    2.32249e-203
xdut.xr2.x1.py                            2.97
xdut.xr2.n2                               2.97
xdut.xr2.x1.ny                     5.79667e-07
xdut.xr2.x2.py                            2.97
xdut.xr2.n3                        2.22534e-07
xdut.xr2.x2.ny                     1.89982e-07
xdut.xr2.x3.py                            2.97
xdut.xr2.n4                               2.97
xdut.xr2.x3.ny                      5.7967e-07
xdut.xr2.x4.py                            2.97
xdut.xr2.n5                        2.22534e-07
xdut.xr2.x4.ny                     1.89982e-07
xdut.xr2.x5.py                            2.97
xdut.xr2.n6                               2.97
xdut.xr2.x5.ny                      5.7967e-07
xdut.xr2.x6.py                            2.97
xdut.xr2.n7                        2.22534e-07
xdut.xr2.x6.ny                     1.89982e-07
xdut.xr2.x7.py                            2.97
xdut.xr2.n8                               2.97
xdut.xr2.x7.ny                      5.7967e-07
xdut.xr2.x8.py                            2.97
xdut.xr2.n9                        2.22534e-07
xdut.xr2.x8.ny                     1.89982e-07
xdut.xr2.x9.py                            2.97
xdut.xr2.n10                              2.97
xdut.xr2.x9.ny                      5.7967e-07
xdut.xr2.x10.py                           2.97
xdut.xr2.x10.ny                    1.89982e-07
ro1                                       2.97
ro2                                       2.97
xdut.xa1.an                        3.25521e-08
xdut.xa1.bn                        3.25521e-08
xdut.xa1.mid                          0.678573
xo                                 1.78207e-07
xdut.xa1.s1                        8.91037e-08
xdut.xa1.s2                        8.32621e-08
q1                                -4.57423e-16
q2                                -4.88894e-16
qt                                -5.30982e-21
vth                                      1.485
bvth#branch                                  0
vtr#branch                         5.30982e-11
vr2#branch                         4.88894e-06
vr1#branch                         4.57423e-06
ven#branch                                   0
vsup#branch                       -9.46322e-06

 Reference value :  0.00000e+00
 Reference value :  2.02140e-09
 Reference value :  4.34640e-09
 Reference value :  6.44640e-09
 Reference value :  8.50640e-09
 Reference value :  1.05964e-08
 Reference value :  1.27064e-08
 Reference value :  1.48514e-08
 Reference value :  1.70014e-08
 Reference value :  1.91614e-08
 Reference value :  2.13564e-08
 Reference value :  2.36414e-08
 Reference value :  2.57114e-08
 Reference value :  2.76664e-08
 Reference value :  2.98664e-08
 Reference value :  3.20264e-08
 Reference value :  3.42014e-08
 Reference value :  3.63614e-08
 Reference value :  3.85314e-08
 Reference value :  4.07414e-08
 Reference value :  4.29564e-08
 Reference value :  4.51314e-08
 Reference value :  4.72314e-08
 Reference value :  4.93264e-08
 Reference value :  5.13464e-08
 Reference value :  5.35014e-08
 Reference value :  5.56364e-08
 Reference value :  5.78514e-08
 Reference value :  5.99464e-08
 Reference value :  6.20514e-08
 Reference value :  6.41364e-08
 Reference value :  6.63114e-08
 Reference value :  6.84814e-08
 Reference value :  7.05014e-08
 Reference value :  7.26814e-08
 Reference value :  7.48064e-08
 Reference value :  7.69164e-08
 Reference value :  7.90164e-08
 Reference value :  8.10564e-08
 Reference value :  8.32914e-08
 Reference value :  8.53964e-08
 Reference value :  8.74864e-08
 Reference value :  8.97414e-08
 Reference value :  9.20314e-08
 Reference value :  9.47564e-08
 Reference value :  9.69764e-08
 Reference value :  9.96464e-08
 Reference value :  1.01901e-07
 Reference value :  1.04091e-07
 Reference value :  1.06546e-07
 Reference value :  1.08606e-07
 Reference value :  1.10656e-07
 Reference value :  1.12781e-07
 Reference value :  1.15526e-07
 Reference value :  1.17926e-07
 Reference value :  1.20396e-07
 Reference value :  1.22371e-07
 Reference value :  1.24531e-07
 Reference value :  1.26646e-07
 Reference value :  1.28811e-07
 Reference value :  1.30981e-07
 Reference value :  1.33156e-07
 Reference value :  1.35366e-07
 Reference value :  1.37621e-07
 Reference value :  1.39831e-07
 Reference value :  1.42081e-07
 Reference value :  1.44226e-07
 Reference value :  1.46271e-07
 Reference value :  1.48766e-07
 Reference value :  1.51491e-07
 Reference value :  1.53666e-07
 Reference value :  1.56151e-07
 Reference value :  1.58776e-07
 Reference value :  1.61466e-07
 Reference value :  1.63611e-07
 Reference value :  1.65796e-07
 Reference value :  1.67911e-07
 Reference value :  1.70101e-07
 Reference value :  1.72176e-07
 Reference value :  1.74391e-07
 Reference value :  1.76551e-07
 Reference value :  1.78706e-07
 Reference value :  1.80916e-07
 Reference value :  1.83111e-07
 Reference value :  1.85181e-07
 Reference value :  1.87781e-07
 Reference value :  1.90436e-07
 Reference value :  1.93156e-07
 Reference value :  1.95186e-07
 Reference value :  1.97396e-07
 Reference value :  1.99566e-07
 Reference value :  2.01736e-07
 Reference value :  2.03876e-07
 Reference value :  2.06051e-07
 Reference value :  2.08266e-07
 Reference value :  2.10541e-07
 Reference value :  2.12636e-07
 Reference value :  2.14671e-07
 Reference value :  2.16841e-07
 Reference value :  2.18961e-07
 Reference value :  2.21161e-07
 Reference value :  2.23576e-07
 Reference value :  2.25816e-07
 Reference value :  2.28011e-07
 Reference value :  2.30186e-07
 Reference value :  2.32646e-07
 Reference value :  2.34786e-07
 Reference value :  2.37016e-07
 Reference value :  2.39286e-07
 Reference value :  2.41436e-07
 Reference value :  2.43576e-07
 Reference value :  2.45716e-07
 Reference value :  2.47926e-07
 Reference value :  2.50271e-07
 Reference value :  2.52406e-07
 Reference value :  2.54886e-07
 Reference value :  2.56976e-07
 Reference value :  2.59271e-07
 Reference value :  2.62016e-07
 Reference value :  2.64136e-07
 Reference value :  2.66306e-07
 Reference value :  2.68636e-07
 Reference value :  2.70846e-07
 Reference value :  2.73026e-07
 Reference value :  2.75326e-07
 Reference value :  2.77561e-07
 Reference value :  2.79766e-07
 Reference value :  2.81986e-07
 Reference value :  2.84251e-07
 Reference value :  2.86476e-07
 Reference value :  2.88641e-07
 Reference value :  2.90876e-07
 Reference value :  2.93101e-07
 Reference value :  2.95356e-07
 Reference value :  2.97351e-07
 Reference value :  2.99341e-07
No. of Data Rows : 60008
t1a                 =  2.48361e-08
t1b                 =  7.40339e-08
t2a                 =  2.31075e-08
t2b                 =  6.88228e-08
c1a                 =  -2.18545e-04
c1b                 =  -6.62129e-04
c2a                 =  -2.17780e-04
c2b                 =  -6.59811e-04
cta                 =  -1.73610e-04
ctb                 =  -5.54979e-04
vhi                 =  3.07852e+00 at=  2.35041e-07
vlo                 =  -2.74223e-02 at=  2.57971e-07
vxhi                =  3.07312e+00 at=  2.57841e-07
vxlo                =  -4.98405e-02 at=  2.06036e-07
m_period_r1 = 1.2299427500e-08
m_period_r2 = 1.1428822500e-08
m_f_r1 = 8.1304597307e+07
m_f_r2 = 8.7498077777e+07
m_i_r1_a = -9.016346493e-06
m_i_r2_a = -9.669213517e-06
m_i_tree_a = -7.751775438e-06
m_e_cycle_r1_j = -3.293608230e-13
m_c_eff_node_r1_f = -3.394426079e-15
m_ring_swing_v = 3.1059443100e+00
m_xo_swing_v = 3.1229574900e+00
m_i_total_a = -2.643733545e-05
m_p_rings_w = -5.549611323e-05
m_p_total_w = -7.851888628e-05
m_xo_trans_per_s = 3.3760535017e+08
Note: Simulation executed from .control section 

Warning: m=xx on .subckt line will override multiplier m hierarchy!

