
Note: Compatibility modes selected: hs a


Circuit: * cinv-stage-noise @ ss_-40c_3.63v -- generated by sim/harness, do not edit

Doing analysis at TEMP = -40.000000 and TNOM = 27.000000

Using SPARSE 1.3 as Direct Linear Solver

No. of Data Rows : 1
Doing analysis at TEMP = -40.000000 and TNOM = 27.000000

Using SPARSE 1.3 as Direct Linear Solver

No. of Data Rows : 81
Doing analysis at TEMP = -40.000000 and TNOM = 27.000000

Using SPARSE 1.3 as Direct Linear Solver

No. of Data Rows : 81

No. of Data Rows : 1
Doing analysis at TEMP = -40.000000 and TNOM = 27.000000

Using SPARSE 1.3 as Direct Linear Solver

No. of Data Rows : 31

No. of Data Rows : 1
m_vtrip = 1.6459957201e+00
m_vbias_n = 1.8327014478e+00
m_vbias_p = 1.2176784345e+00
m_gain_1meg = 2.3301373568e+01
m_gain_100meg = 2.1275593748e+01
m_gain_1g = 5.1151420474e+00
m_inoise_dens_1meg = 3.5953365830e-08
m_inoise_dens_10meg = 1.4596687289e-08
m_inoise_dens_100meg = 9.6975478960e-09
m_inoise_dens_1g = 8.8898790578e-09
m_inoise_dens_10g = 8.3866295767e-09
m_onoise_dens_1meg = 8.3776280824e-07
m_onoise_dens_1g = 4.5472994164e-08
m_onoise_rms_1k_100g = 4.8104242758e-03
m_onoise_rms_100meg_100g = 3.4341273393e-03
Note: Simulation executed from .control section 

Warning: m=xx on .subckt line will override multiplier m hierarchy!

