
Note: Compatibility modes selected: hs a


Circuit: * ro-ring5-starved-jitter-long @ ss_-40c_3.63v -- generated by sim/harness, do not edit

Doing analysis at TEMP = -40.000000 and TNOM = 27.000000

Using SPARSE 1.3 as Direct Linear Solver

Initial Transient Solution
--------------------------

Node                                   Voltage
----                                   -------
vsup                                      3.63
en                                        3.63
vddr1                                     3.63
xg1.py                                 1.85958
n11                                          0
g10                                1.10813e-07
xg1.nm                            -1.77231e-17
xg1.ny                            -1.71736e-16
x11.py                                    3.63
n12                                       3.63
g11                                          0
x11.ny                              1.5106e-12
x12.py                                    3.63
n13                                1.10813e-07
g12                                       3.63
x12.ny                             9.28113e-08
x13.py                                    3.63
n14                                       3.63
g13                                1.10813e-07
x13.ny                             1.51061e-12
x14.py                                    3.63
ro1                                1.10813e-07
g14                                       3.63
x14.ny                             9.28113e-08
q1                                -1.17083e-15
x1                                      -1.815
bx1#branch                                   0
vr1#branch                         1.17083e-05
vn14#branch                                  0
vn13#branch                                  0
vn12#branch                                  0
vn11#branch                                  0
vn10#branch                        2.39139e-25
ven#branch                                   0
vsup#branch                       -1.17083e-05

 Reference value :  9.75000e-11
 Reference value :  1.32070e-09
 Reference value :  2.50350e-09
 Reference value :  3.71030e-09
 Reference value :  4.95010e-09
 Reference value :  6.35030e-09
 Reference value :  7.89150e-09
 Reference value :  9.26750e-09
 Reference value :  1.05285e-08
 Reference value :  1.17545e-08
 Reference value :  1.29865e-08
 Reference value :  1.42192e-08
 Reference value :  1.56455e-08
 Reference value :  1.70701e-08
 Reference value :  1.86503e-08
 Reference value :  2.07085e-08
 Reference value :  2.19007e-08
 Reference value :  2.31545e-08
 Reference value :  2.43615e-08
 Reference value :  2.58235e-08
 Reference value :  2.71355e-08
 Reference value :  2.86015e-08
 Reference value :  2.98292e-08
 Reference value :  3.10855e-08
 Reference value :  3.22745e-08
 Reference value :  3.37707e-08
 Reference value :  3.50685e-08
 Reference value :  3.64901e-08
 Reference value :  3.77507e-08
 Reference value :  3.89935e-08
 Reference value :  4.02685e-08
 Reference value :  4.15285e-08
 Reference value :  4.29492e-08
 Reference value :  4.42365e-08
 Reference value :  4.54600e-08
 Reference value :  4.67645e-08
 Reference value :  4.80475e-08
 Reference value :  4.92907e-08
 Reference value :  5.05135e-08
 Reference value :  5.17055e-08
 Reference value :  5.30503e-08
 Reference value :  5.43065e-08
 Reference value :  5.55345e-08
 Reference value :  5.67892e-08
 Reference value :  5.80903e-08
 Reference value :  5.94865e-08
 Reference value :  6.07325e-08
 Reference value :  6.19845e-08
 Reference value :  6.31935e-08
 Reference value :  6.44165e-08
 Reference value :  6.56145e-08
 Reference value :  6.68335e-08
 Reference value :  6.80715e-08
 Reference value :  6.93007e-08
 Reference value :  7.05103e-08
 Reference value :  7.17325e-08
 Reference value :  7.29707e-08
 Reference value :  7.41892e-08
 Reference value :  7.54185e-08
 Reference value :  7.66285e-08
 Reference value :  7.78285e-08
 Reference value :  7.90401e-08
 Reference value :  8.02807e-08
 Reference value :  8.15385e-08
 Reference value :  8.27335e-08
 Reference value :  8.39725e-08
 Reference value :  8.52203e-08
 Reference value :  8.64215e-08
 Reference value :  8.76401e-08
 Reference value :  8.88500e-08
 Reference value :  9.01392e-08
 Reference value :  9.13803e-08
 Reference value :  9.27315e-08
 Reference value :  9.39315e-08
 Reference value :  9.51955e-08
 Reference value :  9.64300e-08
 Reference value :  9.76701e-08
 Reference value :  9.89301e-08
 Reference value :  1.00156e-07
 Reference value :  1.01377e-07
 Reference value :  1.02562e-07
 Reference value :  1.03817e-07
 Reference value :  1.05038e-07
 Reference value :  1.06292e-07
 Reference value :  1.07535e-07
 Reference value :  1.08757e-07
 Reference value :  1.09956e-07
 Reference value :  1.11172e-07
 Reference value :  1.12389e-07
 Reference value :  1.13599e-07
 Reference value :  1.14784e-07
 Reference value :  1.16001e-07
 Reference value :  1.17226e-07
 Reference value :  1.18459e-07
 Reference value :  1.20047e-07
 Reference value :  1.21530e-07
 Reference value :  1.22793e-07
 Reference value :  1.24260e-07
 Reference value :  1.25437e-07
 Reference value :  1.26650e-07
 Reference value :  1.27863e-07
 Reference value :  1.29060e-07
 Reference value :  1.30270e-07
 Reference value :  1.31469e-07
 Reference value :  1.32900e-07
 Reference value :  1.34351e-07
 Reference value :  1.35744e-07
 Reference value :  1.36957e-07
 Reference value :  1.38198e-07
 Reference value :  1.39389e-07
 Reference value :  1.40606e-07
 Reference value :  1.42141e-07
 Reference value :  1.43501e-07
 Reference value :  1.44900e-07
 Reference value :  1.46251e-07
 Reference value :  1.47490e-07
 Reference value :  1.49021e-07
 Reference value :  1.50510e-07
 Reference value :  1.51854e-07
 Reference value :  1.53102e-07
 Reference value :  1.54448e-07
 Reference value :  1.55680e-07
 Reference value :  1.56958e-07
 Reference value :  1.58204e-07
 Reference value :  1.59501e-07
 Reference value :  1.60808e-07
 Reference value :  1.62040e-07
 Reference value :  1.63280e-07
 Reference value :  1.64475e-07
 Reference value :  1.65665e-07
 Reference value :  1.66894e-07
 Reference value :  1.68218e-07
 Reference value :  1.69419e-07
 Reference value :  1.70611e-07
 Reference value :  1.71814e-07
 Reference value :  1.73016e-07
 Reference value :  1.74275e-07
 Reference value :  1.75578e-07
 Reference value :  1.76865e-07
 Reference value :  1.78072e-07
 Reference value :  1.79334e-07
 Reference value :  1.80538e-07
 Reference value :  1.81790e-07
 Reference value :  1.82993e-07
 Reference value :  1.84188e-07
 Reference value :  1.85380e-07
 Reference value :  1.86590e-07
 Reference value :  1.87805e-07
 Reference value :  1.89020e-07
 Reference value :  1.90258e-07
 Reference value :  1.91540e-07
 Reference value :  1.92835e-07
 Reference value :  1.94122e-07
 Reference value :  1.95420e-07
 Reference value :  1.96715e-07
 Reference value :  1.98030e-07
 Reference value :  1.99347e-07
 Reference value :  2.00660e-07
 Reference value :  2.01966e-07
 Reference value :  2.03300e-07
 Reference value :  2.04624e-07
 Reference value :  2.05915e-07
 Reference value :  2.07297e-07
 Reference value :  2.08590e-07
 Reference value :  2.09881e-07
 Reference value :  2.11171e-07
 Reference value :  2.12459e-07
 Reference value :  2.13721e-07
 Reference value :  2.14982e-07
 Reference value :  2.16304e-07
 Reference value :  2.17608e-07
 Reference value :  2.18866e-07
 Reference value :  2.20214e-07
 Reference value :  2.21514e-07
 Reference value :  2.22845e-07
 Reference value :  2.24128e-07
 Reference value :  2.25531e-07
 Reference value :  2.26850e-07
 Reference value :  2.28200e-07
 Reference value :  2.29463e-07
 Reference value :  2.30781e-07
 Reference value :  2.32061e-07
 Reference value :  2.33340e-07
 Reference value :  2.34611e-07
 Reference value :  2.35939e-07
 Reference value :  2.37245e-07
 Reference value :  2.38530e-07
 Reference value :  2.39919e-07
 Reference value :  2.41216e-07
 Reference value :  2.42567e-07
 Reference value :  2.43864e-07
 Reference value :  2.45163e-07
 Reference value :  2.46449e-07
 Reference value :  2.47760e-07
 Reference value :  2.49130e-07
 Reference value :  2.50611e-07
 Reference value :  2.52262e-07
 Reference value :  2.53668e-07
 Reference value :  2.55031e-07
 Reference value :  2.56404e-07
 Reference value :  2.57827e-07
 Reference value :  2.59315e-07
 Reference value :  2.61412e-07
 Reference value :  2.62918e-07
 Reference value :  2.64241e-07
 Reference value :  2.65637e-07
 Reference value :  2.66921e-07
 Reference value :  2.68190e-07
 Reference value :  2.69531e-07
 Reference value :  2.70898e-07
 Reference value :  2.72181e-07
 Reference value :  2.73528e-07
 Reference value :  2.74861e-07
 Reference value :  2.76206e-07
 Reference value :  2.77526e-07
 Reference value :  2.78801e-07
 Reference value :  2.80106e-07
 Reference value :  2.81378e-07
 Reference value :  2.82642e-07
 Reference value :  2.83940e-07
 Reference value :  2.85210e-07
 Reference value :  2.86489e-07
 Reference value :  2.87781e-07
 Reference value :  2.89074e-07
 Reference value :  2.90358e-07
 Reference value :  2.91650e-07
 Reference value :  2.92989e-07
 Reference value :  2.94296e-07
 Reference value :  2.95590e-07
 Reference value :  2.96831e-07
 Reference value :  2.98111e-07
 Reference value :  2.99400e-07
 Reference value :  3.00688e-07
 Reference value :  3.01970e-07
 Reference value :  3.03245e-07
 Reference value :  3.04520e-07
 Reference value :  3.05795e-07
 Reference value :  3.07047e-07
 Reference value :  3.08337e-07
 Reference value :  3.09620e-07
 Reference value :  3.10896e-07
 Reference value :  3.12169e-07
 Reference value :  3.13487e-07
 Reference value :  3.14712e-07
 Reference value :  3.15981e-07
 Reference value :  3.17220e-07
 Reference value :  3.18449e-07
 Reference value :  3.19741e-07
 Reference value :  3.21010e-07
 Reference value :  3.22368e-07
 Reference value :  3.23619e-07
 Reference value :  3.24893e-07
 Reference value :  3.26156e-07
 Reference value :  3.27396e-07
 Reference value :  3.28677e-07
 Reference value :  3.29947e-07
 Reference value :  3.31280e-07
 Reference value :  3.32532e-07
 Reference value :  3.33821e-07
 Reference value :  3.35058e-07
 Reference value :  3.36354e-07
 Reference value :  3.37610e-07
 Reference value :  3.38923e-07
 Reference value :  3.40212e-07
 Reference value :  3.41476e-07
 Reference value :  3.42800e-07
 Reference value :  3.44056e-07
 Reference value :  3.45387e-07
 Reference value :  3.46677e-07
 Reference value :  3.47949e-07
 Reference value :  3.49197e-07
 Reference value :  3.50457e-07
 Reference value :  3.51760e-07
 Reference value :  3.53067e-07
 Reference value :  3.54570e-07
 Reference value :  3.56078e-07
 Reference value :  3.57590e-07
 Reference value :  3.58861e-07
 Reference value :  3.60130e-07
 Reference value :  3.61434e-07
 Reference value :  3.62690e-07
 Reference value :  3.64004e-07
 Reference value :  3.65254e-07
 Reference value :  3.66526e-07
 Reference value :  3.67860e-07
 Reference value :  3.69146e-07
 Reference value :  3.70380e-07
 Reference value :  3.71640e-07
 Reference value :  3.72909e-07
 Reference value :  3.74170e-07
 Reference value :  3.75492e-07
 Reference value :  3.76830e-07
 Reference value :  3.78146e-07
 Reference value :  3.79499e-07
 Reference value :  3.80770e-07
 Reference value :  3.82170e-07
 Reference value :  3.83530e-07
 Reference value :  3.84814e-07
 Reference value :  3.86210e-07
 Reference value :  3.87513e-07
 Reference value :  3.88822e-07
 Reference value :  3.90123e-07
 Reference value :  3.91438e-07
 Reference value :  3.92760e-07
 Reference value :  3.94067e-07
 Reference value :  3.95391e-07
 Reference value :  3.96675e-07
 Reference value :  3.97955e-07
 Reference value :  3.99465e-07
 Reference value :  4.00909e-07
 Reference value :  4.02272e-07
 Reference value :  4.03662e-07
 Reference value :  4.05031e-07
 Reference value :  4.06453e-07
 Reference value :  4.07955e-07
 Reference value :  4.09323e-07
 Reference value :  4.10831e-07
 Reference value :  4.12310e-07
 Reference value :  4.13870e-07
 Reference value :  4.15222e-07
 Reference value :  4.16684e-07
 Reference value :  4.18105e-07
 Reference value :  4.19524e-07
 Reference value :  4.21010e-07
 Reference value :  4.22470e-07
 Reference value :  4.23850e-07
 Reference value :  4.25262e-07
 Reference value :  4.26720e-07
 Reference value :  4.28185e-07
 Reference value :  4.29537e-07
 Reference value :  4.30895e-07
 Reference value :  4.32316e-07
 Reference value :  4.33670e-07
 Reference value :  4.35009e-07
 Reference value :  4.36364e-07
 Reference value :  4.37739e-07
 Reference value :  4.39053e-07
 Reference value :  4.40307e-07
 Reference value :  4.41747e-07
 Reference value :  4.43165e-07
 Reference value :  4.44600e-07
 Reference value :  4.45980e-07
 Reference value :  4.47301e-07
 Reference value :  4.48670e-07
 Reference value :  4.50045e-07
 Reference value :  4.51396e-07
 Reference value :  4.52774e-07
 Reference value :  4.54185e-07
 Reference value :  4.55492e-07
 Reference value :  4.56829e-07
 Reference value :  4.58190e-07
 Reference value :  4.59524e-07
 Reference value :  4.60974e-07
 Reference value :  4.62421e-07
 Reference value :  4.63930e-07
 Reference value :  4.65472e-07
 Reference value :  4.67063e-07
 Reference value :  4.68664e-07
 Reference value :  4.70196e-07
 Reference value :  4.71658e-07
 Reference value :  4.73249e-07
 Reference value :  4.74861e-07
 Reference value :  4.76314e-07
 Reference value :  4.77720e-07
 Reference value :  4.79386e-07
 Reference value :  4.81277e-07
 Reference value :  4.82770e-07
 Reference value :  4.84381e-07
 Reference value :  4.85870e-07
 Reference value :  4.87201e-07
 Reference value :  4.88631e-07
 Reference value :  4.90088e-07
 Reference value :  4.91567e-07
 Reference value :  4.92940e-07
 Reference value :  4.94361e-07
 Reference value :  4.95718e-07
 Reference value :  4.97194e-07
 Reference value :  4.98642e-07
 Reference value :  5.00102e-07
 Reference value :  5.01627e-07
 Reference value :  5.03067e-07
 Reference value :  5.04519e-07
 Reference value :  5.05927e-07
 Reference value :  5.07439e-07
 Reference value :  5.08914e-07
 Reference value :  5.10340e-07
 Reference value :  5.11910e-07
 Reference value :  5.13292e-07
 Reference value :  5.14737e-07
 Reference value :  5.16395e-07
 Reference value :  5.17975e-07
 Reference value :  5.19757e-07
 Reference value :  5.21274e-07
 Reference value :  5.22640e-07
 Reference value :  5.24317e-07
 Reference value :  5.25950e-07
 Reference value :  5.27410e-07
 Reference value :  5.28748e-07
 Reference value :  5.30081e-07
 Reference value :  5.31356e-07
 Reference value :  5.32726e-07
 Reference value :  5.34230e-07
 Reference value :  5.36067e-07
 Reference value :  5.38133e-07
 Reference value :  5.40331e-07
 Reference value :  5.42526e-07
 Reference value :  5.44650e-07
 Reference value :  5.46760e-07
 Reference value :  5.48790e-07
 Reference value :  5.50770e-07
 Reference value :  5.52881e-07
 Reference value :  5.54926e-07
 Reference value :  5.57013e-07
 Reference value :  5.59105e-07
 Reference value :  5.61182e-07
 Reference value :  5.63268e-07
 Reference value :  5.65319e-07
 Reference value :  5.67346e-07
 Reference value :  5.69497e-07
 Reference value :  5.71404e-07
 Reference value :  5.73351e-07
 Reference value :  5.75354e-07
 Reference value :  5.77330e-07
 Reference value :  5.79295e-07
 Reference value :  5.81367e-07
 Reference value :  5.83397e-07
 Reference value :  5.85361e-07
 Reference value :  5.87411e-07
 Reference value :  5.88939e-07
 Reference value :  5.90250e-07
 Reference value :  5.91527e-07
 Reference value :  5.92861e-07
 Reference value :  5.94225e-07
 Reference value :  5.95597e-07
 Reference value :  5.97040e-07
 Reference value :  5.98507e-07
 Reference value :  5.99887e-07
 Reference value :  6.01258e-07
 Reference value :  6.02607e-07
 Reference value :  6.03966e-07
 Reference value :  6.05354e-07
 Reference value :  6.06732e-07
 Reference value :  6.08177e-07
 Reference value :  6.09740e-07
 Reference value :  6.11219e-07
 Reference value :  6.12675e-07
 Reference value :  6.14046e-07
 Reference value :  6.15531e-07
 Reference value :  6.17140e-07
 Reference value :  6.19117e-07
 Reference value :  6.21172e-07
 Reference value :  6.23470e-07
 Reference value :  6.25696e-07
 Reference value :  6.27930e-07
 Reference value :  6.29995e-07
 Reference value :  6.32210e-07
 Reference value :  6.33888e-07
 Reference value :  6.35678e-07
 Reference value :  6.37893e-07
 Reference value :  6.39944e-07
 Reference value :  6.41221e-07
 Reference value :  6.42570e-07
 Reference value :  6.43950e-07
 Reference value :  6.45272e-07
 Reference value :  6.46588e-07
 Reference value :  6.47940e-07
 Reference value :  6.49330e-07
 Reference value :  6.50674e-07
 Reference value :  6.52031e-07
 Reference value :  6.53375e-07
 Reference value :  6.54685e-07
 Reference value :  6.55940e-07
 Reference value :  6.57274e-07
 Reference value :  6.58731e-07
 Reference value :  6.60073e-07
 Reference value :  6.61400e-07
 Reference value :  6.62740e-07
 Reference value :  6.64004e-07
 Reference value :  6.65312e-07
 Reference value :  6.66648e-07
 Reference value :  6.67979e-07
 Reference value :  6.69315e-07
 Reference value :  6.70553e-07
 Reference value :  6.71817e-07
 Reference value :  6.73151e-07
 Reference value :  6.74380e-07
 Reference value :  6.75645e-07
 Reference value :  6.76926e-07
 Reference value :  6.78292e-07
 Reference value :  6.79673e-07
 Reference value :  6.81341e-07
 Reference value :  6.82920e-07
 Reference value :  6.84156e-07
 Reference value :  6.85590e-07
 Reference value :  6.86960e-07
 Reference value :  6.88269e-07
 Reference value :  6.89611e-07
 Reference value :  6.90859e-07
 Reference value :  6.92155e-07
 Reference value :  6.93471e-07
 Reference value :  6.94758e-07
 Reference value :  6.96131e-07
 Reference value :  6.97466e-07
 Reference value :  6.98941e-07
 Reference value :  7.00460e-07
 Reference value :  7.01821e-07
 Reference value :  7.03108e-07
 Reference value :  7.04409e-07
 Reference value :  7.05921e-07
 Reference value :  7.07282e-07
 Reference value :  7.08634e-07
 Reference value :  7.10138e-07
 Reference value :  7.11495e-07
 Reference value :  7.12750e-07
 Reference value :  7.13979e-07
 Reference value :  7.15212e-07
 Reference value :  7.16580e-07
 Reference value :  7.17833e-07
 Reference value :  7.19131e-07
 Reference value :  7.20366e-07
 Reference value :  7.21595e-07
 Reference value :  7.22818e-07
 Reference value :  7.24064e-07
 Reference value :  7.25250e-07
 Reference value :  7.26470e-07
 Reference value :  7.27749e-07
 Reference value :  7.28944e-07
 Reference value :  7.30195e-07
 Reference value :  7.31417e-07
 Reference value :  7.32650e-07
 Reference value :  7.33851e-07
 Reference value :  7.35088e-07
 Reference value :  7.36300e-07
 Reference value :  7.37501e-07
 Reference value :  7.38721e-07
 Reference value :  7.39971e-07
 Reference value :  7.41165e-07
 Reference value :  7.42376e-07
 Reference value :  7.43596e-07
 Reference value :  7.44828e-07
 Reference value :  7.46025e-07
 Reference value :  7.47229e-07
 Reference value :  7.48428e-07
 Reference value :  7.49644e-07
 Reference value :  7.50844e-07
 Reference value :  7.52027e-07
 Reference value :  7.53251e-07
 Reference value :  7.54447e-07
 Reference value :  7.55670e-07
 Reference value :  7.56911e-07
 Reference value :  7.58121e-07
 Reference value :  7.59323e-07
 Reference value :  7.60519e-07
 Reference value :  7.61717e-07
 Reference value :  7.62927e-07
 Reference value :  7.64173e-07
 Reference value :  7.65440e-07
 Reference value :  7.66669e-07
 Reference value :  7.67891e-07
 Reference value :  7.69146e-07
 Reference value :  7.70340e-07
 Reference value :  7.71605e-07
 Reference value :  7.72809e-07
 Reference value :  7.74030e-07
 Reference value :  7.75250e-07
 Reference value :  7.76518e-07
 Reference value :  7.77705e-07
 Reference value :  7.78912e-07
 Reference value :  7.80181e-07
 Reference value :  7.81865e-07
 Reference value :  7.83423e-07
 Reference value :  7.84741e-07
 Reference value :  7.86046e-07
 Reference value :  7.87229e-07
 Reference value :  7.88527e-07
 Reference value :  7.89758e-07
 Reference value :  7.90989e-07
 Reference value :  7.92288e-07
 Reference value :  7.93526e-07
 Reference value :  7.94759e-07
 Reference value :  7.96019e-07
 Reference value :  7.97290e-07
 Reference value :  7.98503e-07
 Reference value :  7.99752e-07
 Reference value :  8.00957e-07
 Reference value :  8.02189e-07
 Reference value :  8.03385e-07
 Reference value :  8.04596e-07
 Reference value :  8.05840e-07
 Reference value :  8.07051e-07
 Reference value :  8.08250e-07
 Reference value :  8.09430e-07
 Reference value :  8.10646e-07
 Reference value :  8.11870e-07
 Reference value :  8.13064e-07
 Reference value :  8.14273e-07
 Reference value :  8.15484e-07
 Reference value :  8.16749e-07
 Reference value :  8.17950e-07
 Reference value :  8.19223e-07
 Reference value :  8.20442e-07
 Reference value :  8.21684e-07
 Reference value :  8.22970e-07
 Reference value :  8.24186e-07
 Reference value :  8.25409e-07
 Reference value :  8.26618e-07
 Reference value :  8.27816e-07
 Reference value :  8.29008e-07
 Reference value :  8.30375e-07
 Reference value :  8.31754e-07
 Reference value :  8.32934e-07
 Reference value :  8.34130e-07
 Reference value :  8.35371e-07
 Reference value :  8.36569e-07
 Reference value :  8.37786e-07
 Reference value :  8.39005e-07
 Reference value :  8.40221e-07
 Reference value :  8.41426e-07
 Reference value :  8.42649e-07
 Reference value :  8.43860e-07
 Reference value :  8.45093e-07
 Reference value :  8.46327e-07
 Reference value :  8.47861e-07
 Reference value :  8.49079e-07
 Reference value :  8.50290e-07
 Reference value :  8.51512e-07
 Reference value :  8.52748e-07
 Reference value :  8.54481e-07
 Reference value :  8.56008e-07
 Reference value :  8.57236e-07
 Reference value :  8.58744e-07
 Reference value :  8.59972e-07
 Reference value :  8.61202e-07
 Reference value :  8.62457e-07
 Reference value :  8.63682e-07
 Reference value :  8.64917e-07
 Reference value :  8.66430e-07
 Reference value :  8.67933e-07
 Reference value :  8.69170e-07
 Reference value :  8.70669e-07
 Reference value :  8.71883e-07
 Reference value :  8.73176e-07
 Reference value :  8.74410e-07
 Reference value :  8.75609e-07
 Reference value :  8.76840e-07
 Reference value :  8.78410e-07
 Reference value :  8.79840e-07
 Reference value :  8.81212e-07
 Reference value :  8.82716e-07
 Reference value :  8.83938e-07
 Reference value :  8.85135e-07
 Reference value :  8.86337e-07
 Reference value :  8.87563e-07
 Reference value :  8.88791e-07
 Reference value :  8.90189e-07
 Reference value :  8.91618e-07
 Reference value :  8.92890e-07
 Reference value :  8.94390e-07
 Reference value :  8.95638e-07
 Reference value :  8.96866e-07
 Reference value :  8.98052e-07
 Reference value :  8.99280e-07
 Reference value :  9.00490e-07
 Reference value :  9.01728e-07
 Reference value :  9.03269e-07
 Reference value :  9.04580e-07
 Reference value :  9.05944e-07
 Reference value :  9.07164e-07
 Reference value :  9.08422e-07
 Reference value :  9.09621e-07
 Reference value :  9.10846e-07
 Reference value :  9.12049e-07
 Reference value :  9.13257e-07
 Reference value :  9.14800e-07
 Reference value :  9.16135e-07
 Reference value :  9.17336e-07
 Reference value :  9.18660e-07
 Reference value :  9.19874e-07
 Reference value :  9.21108e-07
 Reference value :  9.22323e-07
 Reference value :  9.23538e-07
 Reference value :  9.24752e-07
 Reference value :  9.25960e-07
 Reference value :  9.27160e-07
 Reference value :  9.28383e-07
 Reference value :  9.29603e-07
 Reference value :  9.30786e-07
 Reference value :  9.32023e-07
 Reference value :  9.33250e-07
 Reference value :  9.34458e-07
 Reference value :  9.35640e-07
 Reference value :  9.36840e-07
 Reference value :  9.38053e-07
 Reference value :  9.39238e-07
 Reference value :  9.40491e-07
 Reference value :  9.41740e-07
 Reference value :  9.42956e-07
 Reference value :  9.44177e-07
 Reference value :  9.45410e-07
 Reference value :  9.46660e-07
 Reference value :  9.47896e-07
 Reference value :  9.49139e-07
 Reference value :  9.50428e-07
 Reference value :  9.51676e-07
 Reference value :  9.52952e-07
 Reference value :  9.54165e-07
 Reference value :  9.55382e-07
 Reference value :  9.56597e-07
 Reference value :  9.57828e-07
 Reference value :  9.59060e-07
 Reference value :  9.60256e-07
 Reference value :  9.61461e-07
 Reference value :  9.62702e-07
 Reference value :  9.63931e-07
 Reference value :  9.65150e-07
 Reference value :  9.66359e-07
 Reference value :  9.67618e-07
 Reference value :  9.68845e-07
 Reference value :  9.70073e-07
 Reference value :  9.71294e-07
 Reference value :  9.72527e-07
 Reference value :  9.73750e-07
 Reference value :  9.74958e-07
 Reference value :  9.76165e-07
 Reference value :  9.77426e-07
 Reference value :  9.78630e-07
 Reference value :  9.79821e-07
 Reference value :  9.81076e-07
 Reference value :  9.82266e-07
 Reference value :  9.83491e-07
 Reference value :  9.84734e-07
 Reference value :  9.85945e-07
 Reference value :  9.87191e-07
 Reference value :  9.88494e-07
 Reference value :  9.89720e-07
 Reference value :  9.90959e-07
 Reference value :  9.92178e-07
 Reference value :  9.93360e-07
 Reference value :  9.94600e-07
 Reference value :  9.95801e-07
 Reference value :  9.97041e-07
 Reference value :  9.98219e-07
 Reference value :  9.99420e-07
 Reference value :  1.00065e-06
 Reference value :  1.00185e-06
 Reference value :  1.00305e-06
 Reference value :  1.00427e-06
 Reference value :  1.00548e-06
 Reference value :  1.00671e-06
 Reference value :  1.00790e-06
 Reference value :  1.00910e-06
 Reference value :  1.01029e-06
 Reference value :  1.01154e-06
 Reference value :  1.01277e-06
 Reference value :  1.01398e-06
 Reference value :  1.01519e-06
 Reference value :  1.01641e-06
 Reference value :  1.01773e-06
 Reference value :  1.01893e-06
 Reference value :  1.02015e-06
 Reference value :  1.02133e-06
 Reference value :  1.02254e-06
 Reference value :  1.02378e-06
 Reference value :  1.02502e-06
 Reference value :  1.02629e-06
 Reference value :  1.02750e-06
 Reference value :  1.02875e-06
 Reference value :  1.02998e-06
 Reference value :  1.03121e-06
 Reference value :  1.03245e-06
 Reference value :  1.03372e-06
 Reference value :  1.03495e-06
 Reference value :  1.03620e-06
 Reference value :  1.03743e-06
 Reference value :  1.03867e-06
 Reference value :  1.03988e-06
 Reference value :  1.04110e-06
 Reference value :  1.04233e-06
 Reference value :  1.04355e-06
 Reference value :  1.04475e-06
 Reference value :  1.04596e-06
 Reference value :  1.04721e-06
 Reference value :  1.04847e-06
 Reference value :  1.04973e-06
 Reference value :  1.05093e-06
 Reference value :  1.05218e-06
 Reference value :  1.05342e-06
 Reference value :  1.05465e-06
 Reference value :  1.05587e-06
 Reference value :  1.05710e-06
 Reference value :  1.05838e-06
 Reference value :  1.05961e-06
 Reference value :  1.06083e-06
 Reference value :  1.06207e-06
 Reference value :  1.06329e-06
 Reference value :  1.06452e-06
 Reference value :  1.06572e-06
 Reference value :  1.06693e-06
 Reference value :  1.06891e-06
 Reference value :  1.07097e-06
 Reference value :  1.07224e-06
 Reference value :  1.07347e-06
 Reference value :  1.07515e-06
 Reference value :  1.07639e-06
 Reference value :  1.07759e-06
 Reference value :  1.07879e-06
 Reference value :  1.08005e-06
 Reference value :  1.08126e-06
 Reference value :  1.08246e-06
 Reference value :  1.08367e-06
 Reference value :  1.08485e-06
 Reference value :  1.08607e-06
 Reference value :  1.08726e-06
 Reference value :  1.08844e-06
 Reference value :  1.08970e-06
 Reference value :  1.09134e-06
 Reference value :  1.09273e-06
 Reference value :  1.09424e-06
 Reference value :  1.09551e-06
 Reference value :  1.09718e-06
 Reference value :  1.09841e-06
 Reference value :  1.09961e-06
 Reference value :  1.10082e-06
 Reference value :  1.10203e-06
 Reference value :  1.10324e-06
 Reference value :  1.10445e-06
 Reference value :  1.10615e-06
 Reference value :  1.10759e-06
 Reference value :  1.10883e-06
 Reference value :  1.11049e-06
 Reference value :  1.11172e-06
 Reference value :  1.11294e-06
 Reference value :  1.11414e-06
 Reference value :  1.11532e-06
 Reference value :  1.11655e-06
 Reference value :  1.11777e-06
 Reference value :  1.11903e-06
 Reference value :  1.12034e-06
 Reference value :  1.12163e-06
 Reference value :  1.12285e-06
 Reference value :  1.12409e-06
 Reference value :  1.12536e-06
 Reference value :  1.12662e-06
 Reference value :  1.12780e-06
 Reference value :  1.12907e-06
 Reference value :  1.13026e-06
 Reference value :  1.13147e-06
 Reference value :  1.13269e-06
 Reference value :  1.13393e-06
 Reference value :  1.13515e-06
 Reference value :  1.13631e-06
 Reference value :  1.13754e-06
 Reference value :  1.13878e-06
 Reference value :  1.14004e-06
 Reference value :  1.14127e-06
 Reference value :  1.14248e-06
 Reference value :  1.14370e-06
 Reference value :  1.14492e-06
 Reference value :  1.14618e-06
 Reference value :  1.14742e-06
 Reference value :  1.14863e-06
 Reference value :  1.14986e-06
 Reference value :  1.15113e-06
 Reference value :  1.15238e-06
 Reference value :  1.15361e-06
 Reference value :  1.15486e-06
 Reference value :  1.15610e-06
 Reference value :  1.15732e-06
 Reference value :  1.15852e-06
 Reference value :  1.15974e-06
 Reference value :  1.16097e-06
 Reference value :  1.16217e-06
 Reference value :  1.16341e-06
 Reference value :  1.16464e-06
 Reference value :  1.16591e-06
 Reference value :  1.16710e-06
 Reference value :  1.16833e-06
 Reference value :  1.16951e-06
 Reference value :  1.17077e-06
 Reference value :  1.17194e-06
 Reference value :  1.17313e-06
 Reference value :  1.17435e-06
 Reference value :  1.17555e-06
 Reference value :  1.17685e-06
 Reference value :  1.17805e-06
 Reference value :  1.17928e-06
 Reference value :  1.18048e-06
 Reference value :  1.18171e-06
 Reference value :  1.18296e-06
 Reference value :  1.18418e-06
 Reference value :  1.18540e-06
 Reference value :  1.18667e-06
 Reference value :  1.18797e-06
 Reference value :  1.18919e-06
 Reference value :  1.19044e-06
 Reference value :  1.19168e-06
 Reference value :  1.19292e-06
 Reference value :  1.19414e-06
 Reference value :  1.19537e-06
 Reference value :  1.19672e-06
 Reference value :  1.19795e-06
 Reference value :  1.19921e-06
 Reference value :  1.20042e-06
 Reference value :  1.20166e-06
 Reference value :  1.20289e-06
 Reference value :  1.20416e-06
 Reference value :  1.20541e-06
 Reference value :  1.20663e-06
 Reference value :  1.20786e-06
 Reference value :  1.20915e-06
 Reference value :  1.21038e-06
 Reference value :  1.21163e-06
 Reference value :  1.21286e-06
 Reference value :  1.21414e-06
 Reference value :  1.21536e-06
 Reference value :  1.21670e-06
 Reference value :  1.21796e-06
 Reference value :  1.21917e-06
 Reference value :  1.22039e-06
 Reference value :  1.22204e-06
 Reference value :  1.22326e-06
 Reference value :  1.22457e-06
 Reference value :  1.22577e-06
 Reference value :  1.22701e-06
 Reference value :  1.22827e-06
 Reference value :  1.22953e-06
 Reference value :  1.23075e-06
 Reference value :  1.23203e-06
 Reference value :  1.23323e-06
 Reference value :  1.23449e-06
 Reference value :  1.23573e-06
 Reference value :  1.23696e-06
 Reference value :  1.23824e-06
 Reference value :  1.23950e-06
 Reference value :  1.24071e-06
 Reference value :  1.24193e-06
 Reference value :  1.24316e-06
 Reference value :  1.24439e-06
 Reference value :  1.24561e-06
 Reference value :  1.24683e-06
 Reference value :  1.24806e-06
 Reference value :  1.24928e-06
 Reference value :  1.25052e-06
 Reference value :  1.25176e-06
 Reference value :  1.25298e-06
 Reference value :  1.25420e-06
 Reference value :  1.25542e-06
 Reference value :  1.25664e-06
 Reference value :  1.25786e-06
 Reference value :  1.25912e-06
 Reference value :  1.26035e-06
 Reference value :  1.26155e-06
 Reference value :  1.26278e-06
 Reference value :  1.26404e-06
 Reference value :  1.26526e-06
 Reference value :  1.26648e-06
 Reference value :  1.26770e-06
 Reference value :  1.26896e-06
 Reference value :  1.27018e-06
 Reference value :  1.27151e-06
 Reference value :  1.27274e-06
 Reference value :  1.27399e-06
 Reference value :  1.27522e-06
 Reference value :  1.27648e-06
 Reference value :  1.27789e-06
 Reference value :  1.27927e-06
 Reference value :  1.28053e-06
 Reference value :  1.28179e-06
 Reference value :  1.28306e-06
 Reference value :  1.28440e-06
 Reference value :  1.28566e-06
 Reference value :  1.28687e-06
 Reference value :  1.28812e-06
 Reference value :  1.28936e-06
 Reference value :  1.29058e-06
 Reference value :  1.29180e-06
 Reference value :  1.29309e-06
 Reference value :  1.29430e-06
 Reference value :  1.29560e-06
 Reference value :  1.29686e-06
 Reference value :  1.29813e-06
 Reference value :  1.29939e-06
 Reference value :  1.30062e-06
 Reference value :  1.30187e-06
 Reference value :  1.30316e-06
 Reference value :  1.30442e-06
 Reference value :  1.30566e-06
 Reference value :  1.30692e-06
 Reference value :  1.30822e-06
 Reference value :  1.30951e-06
 Reference value :  1.31078e-06
 Reference value :  1.31200e-06
 Reference value :  1.31328e-06
 Reference value :  1.31453e-06
 Reference value :  1.31578e-06
 Reference value :  1.31702e-06
 Reference value :  1.31826e-06
 Reference value :  1.31953e-06
 Reference value :  1.32090e-06
 Reference value :  1.32220e-06
 Reference value :  1.32364e-06
 Reference value :  1.32503e-06
 Reference value :  1.32629e-06
 Reference value :  1.32753e-06
 Reference value :  1.32882e-06
 Reference value :  1.33002e-06
 Reference value :  1.33128e-06
 Reference value :  1.33261e-06
 Reference value :  1.33387e-06
 Reference value :  1.33510e-06
 Reference value :  1.33637e-06
 Reference value :  1.33762e-06
 Reference value :  1.33886e-06
 Reference value :  1.34016e-06
 Reference value :  1.34157e-06
 Reference value :  1.34294e-06
 Reference value :  1.34428e-06
 Reference value :  1.34558e-06
 Reference value :  1.34690e-06
 Reference value :  1.34821e-06
 Reference value :  1.34947e-06
 Reference value :  1.35073e-06
 Reference value :  1.35195e-06
 Reference value :  1.35314e-06
 Reference value :  1.35439e-06
 Reference value :  1.35577e-06
 Reference value :  1.35701e-06
 Reference value :  1.35827e-06
 Reference value :  1.35957e-06
 Reference value :  1.36083e-06
 Reference value :  1.36206e-06
 Reference value :  1.36331e-06
 Reference value :  1.36461e-06
 Reference value :  1.36631e-06
 Reference value :  1.36759e-06
 Reference value :  1.36889e-06
 Reference value :  1.37016e-06
 Reference value :  1.37144e-06
 Reference value :  1.37274e-06
 Reference value :  1.37402e-06
 Reference value :  1.37525e-06
 Reference value :  1.37653e-06
 Reference value :  1.37779e-06
 Reference value :  1.37902e-06
 Reference value :  1.38030e-06
 Reference value :  1.38156e-06
 Reference value :  1.38283e-06
 Reference value :  1.38405e-06
 Reference value :  1.38530e-06
 Reference value :  1.38660e-06
 Reference value :  1.38787e-06
 Reference value :  1.38911e-06
 Reference value :  1.39037e-06
 Reference value :  1.39165e-06
 Reference value :  1.39292e-06
 Reference value :  1.39419e-06
 Reference value :  1.39541e-06
 Reference value :  1.39666e-06
 Reference value :  1.39790e-06
 Reference value :  1.39914e-06
 Reference value :  1.40037e-06
 Reference value :  1.40158e-06
 Reference value :  1.40280e-06
 Reference value :  1.40402e-06
 Reference value :  1.40523e-06
 Reference value :  1.40646e-06
 Reference value :  1.40772e-06
 Reference value :  1.40898e-06
 Reference value :  1.41023e-06
 Reference value :  1.41149e-06
 Reference value :  1.41273e-06
 Reference value :  1.41398e-06
 Reference value :  1.41524e-06
 Reference value :  1.41651e-06
 Reference value :  1.41771e-06
 Reference value :  1.41894e-06
 Reference value :  1.42014e-06
 Reference value :  1.42139e-06
 Reference value :  1.42260e-06
 Reference value :  1.42383e-06
 Reference value :  1.42502e-06
 Reference value :  1.42625e-06
 Reference value :  1.42745e-06
 Reference value :  1.42869e-06
 Reference value :  1.42995e-06
 Reference value :  1.43118e-06
 Reference value :  1.43241e-06
 Reference value :  1.43364e-06
 Reference value :  1.43488e-06
 Reference value :  1.43606e-06
 Reference value :  1.43731e-06
 Reference value :  1.43853e-06
 Reference value :  1.43977e-06
 Reference value :  1.44095e-06
 Reference value :  1.44218e-06
 Reference value :  1.44342e-06
 Reference value :  1.44459e-06
 Reference value :  1.44586e-06
 Reference value :  1.44708e-06
 Reference value :  1.44829e-06
 Reference value :  1.44949e-06
 Reference value :  1.45071e-06
 Reference value :  1.45192e-06
 Reference value :  1.45308e-06
 Reference value :  1.45431e-06
 Reference value :  1.45555e-06
 Reference value :  1.45674e-06
 Reference value :  1.45799e-06
 Reference value :  1.45920e-06
 Reference value :  1.46042e-06
 Reference value :  1.46160e-06
 Reference value :  1.46286e-06
 Reference value :  1.46407e-06
 Reference value :  1.46529e-06
 Reference value :  1.46655e-06
 Reference value :  1.46776e-06
 Reference value :  1.46933e-06
 Reference value :  1.47057e-06
 Reference value :  1.47181e-06
 Reference value :  1.47306e-06
 Reference value :  1.47429e-06
 Reference value :  1.47559e-06
 Reference value :  1.47678e-06
 Reference value :  1.47799e-06
 Reference value :  1.47923e-06
 Reference value :  1.48045e-06
 Reference value :  1.48182e-06
 Reference value :  1.48298e-06
 Reference value :  1.48422e-06
 Reference value :  1.48539e-06
 Reference value :  1.48658e-06
 Reference value :  1.48775e-06
 Reference value :  1.48895e-06
 Reference value :  1.49014e-06
 Reference value :  1.49132e-06
 Reference value :  1.49249e-06
 Reference value :  1.49368e-06
 Reference value :  1.49489e-06
 Reference value :  1.49608e-06
 Reference value :  1.49728e-06
 Reference value :  1.49848e-06
 Reference value :  1.49965e-06
 Reference value :  1.50086e-06
 Reference value :  1.50198e-06
 Reference value :  1.50320e-06
 Reference value :  1.50436e-06
 Reference value :  1.50554e-06
 Reference value :  1.50675e-06
 Reference value :  1.50793e-06
 Reference value :  1.50913e-06
 Reference value :  1.51031e-06
 Reference value :  1.51151e-06
 Reference value :  1.51273e-06
 Reference value :  1.51390e-06
 Reference value :  1.51511e-06
 Reference value :  1.51629e-06
 Reference value :  1.51746e-06
 Reference value :  1.51863e-06
 Reference value :  1.51980e-06
 Reference value :  1.52095e-06
 Reference value :  1.52253e-06
 Reference value :  1.52421e-06
 Reference value :  1.52539e-06
 Reference value :  1.52658e-06
 Reference value :  1.52783e-06
 Reference value :  1.52909e-06
 Reference value :  1.53034e-06
 Reference value :  1.53156e-06
 Reference value :  1.53279e-06
 Reference value :  1.53398e-06
 Reference value :  1.53518e-06
 Reference value :  1.53638e-06
 Reference value :  1.53763e-06
 Reference value :  1.53882e-06
 Reference value :  1.54004e-06
 Reference value :  1.54127e-06
 Reference value :  1.54246e-06
 Reference value :  1.54368e-06
 Reference value :  1.54487e-06
 Reference value :  1.54609e-06
 Reference value :  1.54728e-06
 Reference value :  1.54851e-06
 Reference value :  1.54973e-06
 Reference value :  1.55092e-06
 Reference value :  1.55213e-06
 Reference value :  1.55337e-06
 Reference value :  1.55459e-06
 Reference value :  1.55578e-06
 Reference value :  1.55700e-06
 Reference value :  1.55825e-06
 Reference value :  1.55948e-06
 Reference value :  1.56069e-06
 Reference value :  1.56194e-06
 Reference value :  1.56320e-06
 Reference value :  1.56439e-06
 Reference value :  1.56563e-06
 Reference value :  1.56683e-06
 Reference value :  1.56804e-06
 Reference value :  1.56929e-06
 Reference value :  1.57055e-06
 Reference value :  1.57180e-06
 Reference value :  1.57302e-06
 Reference value :  1.57433e-06
 Reference value :  1.57589e-06
 Reference value :  1.57710e-06
 Reference value :  1.57833e-06
 Reference value :  1.57956e-06
 Reference value :  1.58077e-06
 Reference value :  1.58198e-06
 Reference value :  1.58319e-06
 Reference value :  1.58437e-06
 Reference value :  1.58565e-06
 Reference value :  1.58687e-06
 Reference value :  1.58809e-06
 Reference value :  1.58929e-06
 Reference value :  1.59060e-06
 Reference value :  1.59240e-06
 Reference value :  1.59358e-06
 Reference value :  1.59478e-06
 Reference value :  1.59596e-06
 Reference value :  1.59714e-06
 Reference value :  1.59836e-06
 Reference value :  1.59956e-06
 Reference value :  1.60080e-06
 Reference value :  1.60207e-06
 Reference value :  1.60326e-06
 Reference value :  1.60445e-06
 Reference value :  1.60569e-06
 Reference value :  1.60694e-06
 Reference value :  1.60814e-06
 Reference value :  1.60936e-06
 Reference value :  1.61062e-06
 Reference value :  1.61186e-06
 Reference value :  1.61308e-06
 Reference value :  1.61428e-06
 Reference value :  1.61554e-06
 Reference value :  1.61680e-06
 Reference value :  1.61809e-06
 Reference value :  1.61929e-06
 Reference value :  1.62049e-06
 Reference value :  1.62175e-06
 Reference value :  1.62299e-06
 Reference value :  1.62425e-06
 Reference value :  1.62548e-06
 Reference value :  1.62670e-06
 Reference value :  1.62789e-06
 Reference value :  1.62914e-06
 Reference value :  1.63044e-06
 Reference value :  1.63172e-06
 Reference value :  1.63297e-06
 Reference value :  1.63423e-06
 Reference value :  1.63545e-06
 Reference value :  1.63669e-06
 Reference value :  1.63790e-06
 Reference value :  1.63911e-06
 Reference value :  1.64040e-06
 Reference value :  1.64162e-06
 Reference value :  1.64286e-06
 Reference value :  1.64416e-06
 Reference value :  1.64547e-06
 Reference value :  1.64683e-06
 Reference value :  1.64814e-06
 Reference value :  1.64942e-06
 Reference value :  1.65067e-06
 Reference value :  1.65196e-06
 Reference value :  1.65319e-06
 Reference value :  1.65442e-06
 Reference value :  1.65565e-06
 Reference value :  1.65685e-06
 Reference value :  1.65810e-06
 Reference value :  1.65932e-06
 Reference value :  1.66052e-06
 Reference value :  1.66174e-06
 Reference value :  1.66299e-06
 Reference value :  1.66419e-06
 Reference value :  1.66542e-06
 Reference value :  1.66666e-06
 Reference value :  1.66788e-06
 Reference value :  1.66909e-06
 Reference value :  1.67030e-06
 Reference value :  1.67154e-06
 Reference value :  1.67281e-06
 Reference value :  1.67404e-06
 Reference value :  1.67523e-06
 Reference value :  1.67689e-06
 Reference value :  1.67807e-06
 Reference value :  1.67927e-06
 Reference value :  1.68050e-06
 Reference value :  1.68168e-06
 Reference value :  1.68287e-06
 Reference value :  1.68410e-06
 Reference value :  1.68533e-06
 Reference value :  1.68654e-06
 Reference value :  1.68775e-06
 Reference value :  1.68894e-06
 Reference value :  1.69015e-06
 Reference value :  1.69134e-06
 Reference value :  1.69252e-06
 Reference value :  1.69371e-06
 Reference value :  1.69492e-06
 Reference value :  1.69614e-06
 Reference value :  1.69735e-06
 Reference value :  1.69858e-06
 Reference value :  1.69985e-06
 Reference value :  1.70110e-06
 Reference value :  1.70233e-06
 Reference value :  1.70355e-06
 Reference value :  1.70475e-06
 Reference value :  1.70599e-06
 Reference value :  1.70717e-06
 Reference value :  1.70840e-06
 Reference value :  1.70960e-06
 Reference value :  1.71085e-06
 Reference value :  1.71207e-06
 Reference value :  1.71332e-06
 Reference value :  1.71456e-06
 Reference value :  1.71581e-06
 Reference value :  1.71704e-06
 Reference value :  1.71827e-06
 Reference value :  1.71948e-06
 Reference value :  1.72074e-06
 Reference value :  1.72198e-06
 Reference value :  1.72320e-06
 Reference value :  1.72447e-06
 Reference value :  1.72576e-06
 Reference value :  1.72702e-06
 Reference value :  1.72823e-06
 Reference value :  1.72945e-06
 Reference value :  1.73069e-06
 Reference value :  1.73187e-06
 Reference value :  1.73304e-06
 Reference value :  1.73424e-06
 Reference value :  1.73548e-06
 Reference value :  1.73668e-06
 Reference value :  1.73789e-06
 Reference value :  1.73917e-06
 Reference value :  1.74040e-06
 Reference value :  1.74158e-06
 Reference value :  1.74283e-06
 Reference value :  1.74403e-06
 Reference value :  1.74522e-06
 Reference value :  1.74640e-06
 Reference value :  1.74766e-06
 Reference value :  1.74885e-06
 Reference value :  1.75006e-06
 Reference value :  1.75129e-06
 Reference value :  1.75246e-06
 Reference value :  1.75369e-06
 Reference value :  1.75492e-06
 Reference value :  1.75612e-06
 Reference value :  1.75736e-06
 Reference value :  1.75862e-06
 Reference value :  1.75984e-06
 Reference value :  1.76111e-06
 Reference value :  1.76232e-06
 Reference value :  1.76358e-06
 Reference value :  1.76478e-06
 Reference value :  1.76601e-06
 Reference value :  1.76723e-06
 Reference value :  1.76844e-06
 Reference value :  1.76966e-06
 Reference value :  1.77088e-06
 Reference value :  1.77212e-06
 Reference value :  1.77332e-06
 Reference value :  1.77452e-06
 Reference value :  1.77571e-06
 Reference value :  1.77694e-06
 Reference value :  1.77816e-06
 Reference value :  1.77939e-06
 Reference value :  1.78058e-06
 Reference value :  1.78182e-06
 Reference value :  1.78309e-06
 Reference value :  1.78432e-06
 Reference value :  1.78550e-06
 Reference value :  1.78668e-06
 Reference value :  1.78792e-06
 Reference value :  1.78915e-06
 Reference value :  1.79035e-06
 Reference value :  1.79156e-06
 Reference value :  1.79280e-06
 Reference value :  1.79402e-06
 Reference value :  1.79526e-06
 Reference value :  1.79651e-06
 Reference value :  1.79774e-06
 Reference value :  1.79894e-06
 Reference value :  1.80016e-06
 Reference value :  1.80133e-06
 Reference value :  1.80253e-06
 Reference value :  1.80375e-06
 Reference value :  1.80494e-06
 Reference value :  1.80630e-06
 Reference value :  1.80776e-06
 Reference value :  1.80900e-06
 Reference value :  1.81022e-06
 Reference value :  1.81145e-06
 Reference value :  1.81268e-06
 Reference value :  1.81391e-06
 Reference value :  1.81512e-06
 Reference value :  1.81636e-06
 Reference value :  1.81756e-06
 Reference value :  1.81885e-06
 Reference value :  1.82005e-06
 Reference value :  1.82125e-06
 Reference value :  1.82248e-06
 Reference value :  1.82371e-06
 Reference value :  1.82492e-06
 Reference value :  1.82619e-06
 Reference value :  1.82742e-06
 Reference value :  1.82866e-06
 Reference value :  1.82987e-06
 Reference value :  1.83110e-06
 Reference value :  1.83233e-06
 Reference value :  1.83358e-06
 Reference value :  1.83484e-06
 Reference value :  1.83616e-06
 Reference value :  1.83744e-06
 Reference value :  1.83877e-06
 Reference value :  1.83999e-06
 Reference value :  1.84120e-06
 Reference value :  1.84254e-06
 Reference value :  1.84381e-06
 Reference value :  1.84521e-06
 Reference value :  1.84646e-06
 Reference value :  1.84770e-06
 Reference value :  1.84893e-06
 Reference value :  1.85016e-06
 Reference value :  1.85137e-06
 Reference value :  1.85259e-06
 Reference value :  1.85383e-06
 Reference value :  1.85508e-06
 Reference value :  1.85629e-06
 Reference value :  1.85749e-06
 Reference value :  1.85873e-06
 Reference value :  1.86008e-06
 Reference value :  1.86130e-06
 Reference value :  1.86253e-06
 Reference value :  1.86372e-06
 Reference value :  1.86496e-06
 Reference value :  1.86618e-06
 Reference value :  1.86753e-06
 Reference value :  1.86888e-06
 Reference value :  1.87008e-06
 Reference value :  1.87127e-06
 Reference value :  1.87248e-06
 Reference value :  1.87369e-06
 Reference value :  1.87491e-06
 Reference value :  1.87614e-06
 Reference value :  1.87737e-06
 Reference value :  1.87860e-06
 Reference value :  1.87982e-06
 Reference value :  1.88108e-06
 Reference value :  1.88231e-06
 Reference value :  1.88351e-06
 Reference value :  1.88485e-06
 Reference value :  1.88612e-06
 Reference value :  1.88733e-06
 Reference value :  1.88856e-06
 Reference value :  1.88979e-06
 Reference value :  1.89104e-06
 Reference value :  1.89232e-06
 Reference value :  1.89357e-06
 Reference value :  1.89491e-06
 Reference value :  1.89624e-06
 Reference value :  1.89746e-06
 Reference value :  1.89868e-06
 Reference value :  1.89990e-06
 Reference value :  1.90113e-06
 Reference value :  1.90236e-06
 Reference value :  1.90355e-06
 Reference value :  1.90480e-06
 Reference value :  1.90602e-06
 Reference value :  1.90719e-06
 Reference value :  1.90844e-06
 Reference value :  1.90976e-06
 Reference value :  1.91106e-06
 Reference value :  1.91240e-06
 Reference value :  1.91371e-06
 Reference value :  1.91504e-06
 Reference value :  1.91674e-06
 Reference value :  1.91804e-06
 Reference value :  1.91933e-06
 Reference value :  1.92056e-06
 Reference value :  1.92177e-06
 Reference value :  1.92300e-06
 Reference value :  1.92420e-06
 Reference value :  1.92546e-06
 Reference value :  1.92668e-06
 Reference value :  1.92785e-06
 Reference value :  1.92906e-06
 Reference value :  1.93025e-06
 Reference value :  1.93147e-06
 Reference value :  1.93272e-06
 Reference value :  1.93394e-06
 Reference value :  1.93512e-06
 Reference value :  1.93633e-06
 Reference value :  1.93760e-06
 Reference value :  1.93879e-06
 Reference value :  1.94002e-06
 Reference value :  1.94124e-06
 Reference value :  1.94251e-06
 Reference value :  1.94372e-06
 Reference value :  1.94497e-06
 Reference value :  1.94621e-06
 Reference value :  1.94740e-06
 Reference value :  1.94861e-06
 Reference value :  1.94984e-06
 Reference value :  1.95104e-06
 Reference value :  1.95225e-06
 Reference value :  1.95348e-06
 Reference value :  1.95470e-06
 Reference value :  1.95596e-06
 Reference value :  1.95720e-06
 Reference value :  1.95840e-06
 Reference value :  1.95959e-06
 Reference value :  1.96079e-06
 Reference value :  1.96204e-06
 Reference value :  1.96326e-06
 Reference value :  1.96446e-06
 Reference value :  1.96566e-06
 Reference value :  1.96685e-06
 Reference value :  1.96807e-06
 Reference value :  1.96925e-06
 Reference value :  1.97045e-06
 Reference value :  1.97163e-06
 Reference value :  1.97288e-06
 Reference value :  1.97412e-06
 Reference value :  1.97536e-06
 Reference value :  1.97658e-06
 Reference value :  1.97782e-06
 Reference value :  1.97902e-06
 Reference value :  1.98022e-06
 Reference value :  1.98144e-06
 Reference value :  1.98265e-06
 Reference value :  1.98386e-06
 Reference value :  1.98515e-06
 Reference value :  1.98638e-06
 Reference value :  1.98760e-06
 Reference value :  1.98883e-06
 Reference value :  1.99006e-06
 Reference value :  1.99133e-06
 Reference value :  1.99255e-06
 Reference value :  1.99379e-06
 Reference value :  1.99501e-06
 Reference value :  1.99623e-06
 Reference value :  1.99744e-06
 Reference value :  1.99864e-06
 Reference value :  1.99987e-06
 Reference value :  2.00105e-06
 Reference value :  2.00226e-06
 Reference value :  2.00347e-06
 Reference value :  2.00469e-06
 Reference value :  2.00594e-06
 Reference value :  2.00716e-06
 Reference value :  2.00838e-06
 Reference value :  2.00958e-06
 Reference value :  2.01080e-06
 Reference value :  2.01204e-06
 Reference value :  2.01330e-06
 Reference value :  2.01532e-06
 Reference value :  2.01673e-06
 Reference value :  2.01813e-06
 Reference value :  2.01949e-06
 Reference value :  2.02072e-06
 Reference value :  2.02253e-06
 Reference value :  2.02446e-06
 Reference value :  2.02573e-06
 Reference value :  2.02707e-06
 Reference value :  2.02841e-06
 Reference value :  2.02963e-06
 Reference value :  2.03087e-06
 Reference value :  2.03205e-06
 Reference value :  2.03333e-06
 Reference value :  2.03454e-06
 Reference value :  2.03570e-06
 Reference value :  2.03691e-06
 Reference value :  2.03815e-06
 Reference value :  2.03979e-06
 Reference value :  2.04095e-06
 Reference value :  2.04213e-06
 Reference value :  2.04336e-06
 Reference value :  2.04454e-06
 Reference value :  2.04573e-06
 Reference value :  2.04694e-06
 Reference value :  2.04812e-06
 Reference value :  2.04943e-06
 Reference value :  2.05065e-06
 Reference value :  2.05183e-06
 Reference value :  2.05304e-06
 Reference value :  2.05427e-06
 Reference value :  2.05544e-06
 Reference value :  2.05665e-06
 Reference value :  2.05780e-06
 Reference value :  2.05900e-06
 Reference value :  2.06020e-06
 Reference value :  2.06143e-06
 Reference value :  2.06259e-06
 Reference value :  2.06378e-06
 Reference value :  2.06497e-06
 Reference value :  2.06617e-06
 Reference value :  2.06736e-06
 Reference value :  2.06855e-06
 Reference value :  2.06974e-06
 Reference value :  2.07095e-06
 Reference value :  2.07215e-06
 Reference value :  2.07333e-06
 Reference value :  2.07453e-06
 Reference value :  2.07579e-06
 Reference value :  2.07697e-06
 Reference value :  2.07817e-06
 Reference value :  2.07942e-06
 Reference value :  2.08060e-06
 Reference value :  2.08178e-06
 Reference value :  2.08302e-06
 Reference value :  2.08424e-06
 Reference value :  2.08542e-06
 Reference value :  2.08662e-06
 Reference value :  2.08780e-06
 Reference value :  2.08898e-06
 Reference value :  2.09021e-06
 Reference value :  2.09142e-06
 Reference value :  2.09263e-06
 Reference value :  2.09382e-06
 Reference value :  2.09504e-06
 Reference value :  2.09627e-06
 Reference value :  2.09750e-06
 Reference value :  2.09868e-06
 Reference value :  2.09990e-06
 Reference value :  2.10107e-06
 Reference value :  2.10229e-06
 Reference value :  2.10347e-06
 Reference value :  2.10471e-06
 Reference value :  2.10598e-06
 Reference value :  2.10717e-06
 Reference value :  2.10834e-06
 Reference value :  2.10955e-06
 Reference value :  2.11074e-06
 Reference value :  2.11194e-06
 Reference value :  2.11311e-06
 Reference value :  2.11429e-06
 Reference value :  2.11548e-06
 Reference value :  2.11666e-06
 Reference value :  2.11784e-06
 Reference value :  2.11904e-06
 Reference value :  2.12022e-06
 Reference value :  2.12143e-06
 Reference value :  2.12264e-06
 Reference value :  2.12385e-06
 Reference value :  2.12504e-06
 Reference value :  2.12623e-06
 Reference value :  2.12746e-06
 Reference value :  2.12867e-06
 Reference value :  2.12990e-06
 Reference value :  2.13112e-06
 Reference value :  2.13235e-06
 Reference value :  2.13363e-06
 Reference value :  2.13485e-06
 Reference value :  2.13607e-06
 Reference value :  2.13729e-06
 Reference value :  2.13853e-06
 Reference value :  2.13976e-06
 Reference value :  2.14097e-06
 Reference value :  2.14220e-06
 Reference value :  2.14341e-06
 Reference value :  2.14462e-06
 Reference value :  2.14581e-06
 Reference value :  2.14704e-06
 Reference value :  2.14828e-06
 Reference value :  2.14950e-06
 Reference value :  2.15074e-06
 Reference value :  2.15196e-06
 Reference value :  2.15321e-06
 Reference value :  2.15445e-06
 Reference value :  2.15570e-06
 Reference value :  2.15695e-06
 Reference value :  2.15822e-06
 Reference value :  2.15943e-06
 Reference value :  2.16064e-06
 Reference value :  2.16188e-06
 Reference value :  2.16309e-06
 Reference value :  2.16431e-06
 Reference value :  2.16554e-06
 Reference value :  2.16679e-06
 Reference value :  2.16808e-06
 Reference value :  2.16929e-06
 Reference value :  2.17051e-06
 Reference value :  2.17175e-06
 Reference value :  2.17305e-06
 Reference value :  2.17430e-06
 Reference value :  2.17551e-06
 Reference value :  2.17675e-06
 Reference value :  2.17800e-06
 Reference value :  2.17921e-06
 Reference value :  2.18043e-06
 Reference value :  2.18167e-06
 Reference value :  2.18292e-06
 Reference value :  2.18414e-06
 Reference value :  2.18537e-06
 Reference value :  2.18662e-06
 Reference value :  2.18783e-06
 Reference value :  2.18905e-06
 Reference value :  2.19027e-06
 Reference value :  2.19146e-06
 Reference value :  2.19275e-06
 Reference value :  2.19401e-06
 Reference value :  2.19523e-06
 Reference value :  2.19651e-06
 Reference value :  2.19774e-06
 Reference value :  2.19894e-06
 Reference value :  2.20016e-06
 Reference value :  2.20136e-06
 Reference value :  2.20260e-06
 Reference value :  2.20382e-06
 Reference value :  2.20506e-06
 Reference value :  2.20627e-06
 Reference value :  2.20748e-06
 Reference value :  2.20873e-06
 Reference value :  2.20998e-06
 Reference value :  2.21118e-06
 Reference value :  2.21239e-06
 Reference value :  2.21359e-06
 Reference value :  2.21483e-06
 Reference value :  2.21602e-06
 Reference value :  2.21725e-06
 Reference value :  2.21845e-06
 Reference value :  2.21966e-06
 Reference value :  2.22091e-06
 Reference value :  2.22225e-06
 Reference value :  2.22371e-06
 Reference value :  2.22497e-06
 Reference value :  2.22626e-06
 Reference value :  2.22747e-06
 Reference value :  2.22874e-06
 Reference value :  2.22999e-06
 Reference value :  2.23119e-06
 Reference value :  2.23245e-06
 Reference value :  2.23370e-06
 Reference value :  2.23499e-06
 Reference value :  2.23627e-06
 Reference value :  2.23755e-06
 Reference value :  2.23877e-06
 Reference value :  2.23998e-06
 Reference value :  2.24171e-06
 Reference value :  2.24299e-06
 Reference value :  2.24431e-06
 Reference value :  2.24567e-06
 Reference value :  2.24708e-06
 Reference value :  2.24840e-06
 Reference value :  2.24962e-06
 Reference value :  2.25083e-06
 Reference value :  2.25208e-06
 Reference value :  2.25331e-06
 Reference value :  2.25464e-06
 Reference value :  2.25583e-06
 Reference value :  2.25707e-06
 Reference value :  2.25827e-06
 Reference value :  2.25965e-06
 Reference value :  2.26103e-06
 Reference value :  2.26231e-06
 Reference value :  2.26366e-06
 Reference value :  2.26518e-06
 Reference value :  2.26653e-06
 Reference value :  2.26776e-06
 Reference value :  2.26897e-06
 Reference value :  2.27017e-06
 Reference value :  2.27140e-06
 Reference value :  2.27263e-06
 Reference value :  2.27384e-06
 Reference value :  2.27512e-06
 Reference value :  2.27634e-06
 Reference value :  2.27758e-06
 Reference value :  2.27881e-06
 Reference value :  2.28010e-06
 Reference value :  2.28135e-06
 Reference value :  2.28259e-06
 Reference value :  2.28379e-06
 Reference value :  2.28504e-06
 Reference value :  2.28632e-06
 Reference value :  2.28754e-06
 Reference value :  2.28876e-06
 Reference value :  2.28999e-06
 Reference value :  2.29122e-06
 Reference value :  2.29244e-06
 Reference value :  2.29373e-06
 Reference value :  2.29498e-06
 Reference value :  2.29623e-06
 Reference value :  2.29744e-06
 Reference value :  2.29869e-06
 Reference value :  2.29990e-06
 Reference value :  2.30114e-06
 Reference value :  2.30238e-06
 Reference value :  2.30361e-06
 Reference value :  2.30489e-06
 Reference value :  2.30612e-06
 Reference value :  2.30738e-06
 Reference value :  2.30862e-06
 Reference value :  2.30994e-06
 Reference value :  2.31116e-06
 Reference value :  2.31237e-06
 Reference value :  2.31359e-06
 Reference value :  2.31484e-06
 Reference value :  2.31605e-06
 Reference value :  2.31726e-06
 Reference value :  2.31851e-06
 Reference value :  2.31975e-06
 Reference value :  2.32102e-06
 Reference value :  2.32224e-06
 Reference value :  2.32345e-06
 Reference value :  2.32468e-06
 Reference value :  2.32588e-06
 Reference value :  2.32708e-06
 Reference value :  2.32828e-06
 Reference value :  2.32950e-06
 Reference value :  2.33075e-06
 Reference value :  2.33196e-06
 Reference value :  2.33318e-06
 Reference value :  2.33441e-06
 Reference value :  2.33565e-06
 Reference value :  2.33687e-06
 Reference value :  2.33808e-06
 Reference value :  2.33930e-06
 Reference value :  2.34055e-06
 Reference value :  2.34177e-06
 Reference value :  2.34299e-06
 Reference value :  2.34420e-06
 Reference value :  2.34546e-06
 Reference value :  2.34670e-06
 Reference value :  2.34792e-06
 Reference value :  2.34915e-06
 Reference value :  2.35040e-06
 Reference value :  2.35165e-06
 Reference value :  2.35285e-06
 Reference value :  2.35412e-06
 Reference value :  2.35534e-06
 Reference value :  2.35657e-06
 Reference value :  2.35780e-06
 Reference value :  2.35899e-06
 Reference value :  2.36020e-06
 Reference value :  2.36145e-06
 Reference value :  2.36264e-06
 Reference value :  2.36385e-06
 Reference value :  2.36508e-06
 Reference value :  2.36631e-06
 Reference value :  2.36753e-06
 Reference value :  2.36874e-06
 Reference value :  2.37000e-06
 Reference value :  2.37120e-06
 Reference value :  2.37241e-06
 Reference value :  2.37361e-06
 Reference value :  2.37486e-06
 Reference value :  2.37609e-06
 Reference value :  2.37782e-06
 Reference value :  2.37905e-06
 Reference value :  2.38027e-06
 Reference value :  2.38150e-06
 Reference value :  2.38273e-06
 Reference value :  2.38395e-06
 Reference value :  2.38520e-06
 Reference value :  2.38643e-06
 Reference value :  2.38767e-06
 Reference value :  2.38890e-06
 Reference value :  2.39017e-06
 Reference value :  2.39139e-06
 Reference value :  2.39258e-06
 Reference value :  2.39377e-06
 Reference value :  2.39498e-06
 Reference value :  2.39620e-06
 Reference value :  2.39742e-06
 Reference value :  2.39864e-06
 Reference value :  2.39985e-06
No. of Data Rows : 3120009
tk                  =  3.70072e-09
tk                  =  5.97936e-09
tk                  =  8.25854e-09
tk                  =  1.05376e-08
tk                  =  1.28169e-08
tk                  =  1.50963e-08
tk                  =  1.73760e-08
tk                  =  1.96544e-08
tk                  =  2.19341e-08
tk                  =  2.42128e-08
tk                  =  2.64923e-08
tk                  =  2.87714e-08
tk                  =  3.10510e-08
tk                  =  3.33297e-08
tk                  =  3.56084e-08
tk                  =  3.78876e-08
tk                  =  4.01670e-08
tk                  =  4.24462e-08
tk                  =  4.47254e-08
tk                  =  4.70053e-08
tk                  =  4.92845e-08
tk                  =  5.15644e-08
tk                  =  5.38435e-08
tk                  =  5.61224e-08
tk                  =  5.84013e-08
tk                  =  6.06809e-08
tk                  =  6.29603e-08
tk                  =  6.52389e-08
tk                  =  6.75181e-08
tk                  =  6.97972e-08
tk                  =  7.20766e-08
tk                  =  7.43552e-08
tk                  =  7.66349e-08
tk                  =  7.89136e-08
tk                  =  8.11928e-08
tk                  =  8.34721e-08
tk                  =  8.57513e-08
tk                  =  8.80302e-08
tk                  =  9.03096e-08
tk                  =  9.25890e-08
tk                  =  9.48677e-08
tk                  =  9.71474e-08
tk                  =  9.94263e-08
tk                  =  1.01706e-07
tk                  =  1.03985e-07
tk                  =  1.06264e-07
tk                  =  1.08544e-07
tk                  =  1.10824e-07
tk                  =  1.13102e-07
tk                  =  1.15382e-07
tk                  =  1.17661e-07
tk                  =  1.19939e-07
tk                  =  1.22218e-07
tk                  =  1.24497e-07
tk                  =  1.26775e-07
tk                  =  1.29055e-07
tk                  =  1.31333e-07
tk                  =  1.33612e-07
tk                  =  1.35892e-07
tk                  =  1.38171e-07
tk                  =  1.40450e-07
tk                  =  1.42729e-07
tk                  =  1.45008e-07
tk                  =  1.47287e-07
tk                  =  1.49567e-07
tk                  =  1.51847e-07
tk                  =  1.54126e-07
tk                  =  1.56405e-07
tk                  =  1.58684e-07
tk                  =  1.60963e-07
tk                  =  1.63242e-07
tk                  =  1.65521e-07
tk                  =  1.67800e-07
tk                  =  1.70079e-07
tk                  =  1.72359e-07
tk                  =  1.74637e-07
tk                  =  1.76916e-07
tk                  =  1.79195e-07
tk                  =  1.81474e-07
tk                  =  1.83754e-07
tk                  =  1.86034e-07
tk                  =  1.88313e-07
tk                  =  1.90592e-07
tk                  =  1.92870e-07
tk                  =  1.95149e-07
tk                  =  1.97429e-07
tk                  =  1.99708e-07
tk                  =  2.01986e-07
tk                  =  2.04265e-07
tk                  =  2.06544e-07
tk                  =  2.08823e-07
tk                  =  2.11102e-07
tk                  =  2.13381e-07
tk                  =  2.15660e-07
tk                  =  2.17939e-07
tk                  =  2.20219e-07
tk                  =  2.22497e-07
tk                  =  2.24776e-07
tk                  =  2.27055e-07
tk                  =  2.29334e-07
tk                  =  2.31613e-07
tk                  =  2.33892e-07
tk                  =  2.36171e-07
tk                  =  2.38450e-07
tk                  =  2.40730e-07
tk                  =  2.43009e-07
tk                  =  2.45287e-07
tk                  =  2.47567e-07
tk                  =  2.49845e-07
tk                  =  2.52125e-07
tk                  =  2.54404e-07
tk                  =  2.56684e-07
tk                  =  2.58962e-07
tk                  =  2.61241e-07
tk                  =  2.63520e-07
tk                  =  2.65799e-07
tk                  =  2.68079e-07
tk                  =  2.70358e-07
tk                  =  2.72637e-07
tk                  =  2.74916e-07
tk                  =  2.77196e-07
tk                  =  2.79475e-07
tk                  =  2.81754e-07
tk                  =  2.84032e-07
tk                  =  2.86311e-07
tk                  =  2.88591e-07
tk                  =  2.90870e-07
tk                  =  2.93149e-07
tk                  =  2.95429e-07
tk                  =  2.97708e-07
tk                  =  2.99987e-07
tk                  =  3.02267e-07
tk                  =  3.04546e-07
tk                  =  3.06825e-07
tk                  =  3.09104e-07
tk                  =  3.11383e-07
tk                  =  3.13662e-07
tk                  =  3.15942e-07
tk                  =  3.18221e-07
tk                  =  3.20500e-07
tk                  =  3.22779e-07
tk                  =  3.25058e-07
tk                  =  3.27337e-07
tk                  =  3.29617e-07
tk                  =  3.31896e-07
tk                  =  3.34175e-07
tk                  =  3.36454e-07
tk                  =  3.38732e-07
tk                  =  3.41011e-07
tk                  =  3.43290e-07
tk                  =  3.45568e-07
tk                  =  3.47848e-07
tk                  =  3.50128e-07
tk                  =  3.52407e-07
tk                  =  3.54686e-07
tk                  =  3.56965e-07
tk                  =  3.59244e-07
tk                  =  3.61523e-07
tk                  =  3.63802e-07
tk                  =  3.66081e-07
tk                  =  3.68360e-07
tk                  =  3.70639e-07
tk                  =  3.72919e-07
tk                  =  3.75198e-07
tk                  =  3.77478e-07
tk                  =  3.79757e-07
tk                  =  3.82036e-07
tk                  =  3.84315e-07
tk                  =  3.86594e-07
tk                  =  3.88874e-07
tk                  =  3.91153e-07
tk                  =  3.93432e-07
tk                  =  3.95711e-07
tk                  =  3.97990e-07
tk                  =  4.00270e-07
tk                  =  4.02549e-07
tk                  =  4.04828e-07
tk                  =  4.07107e-07
tk                  =  4.09386e-07
tk                  =  4.11666e-07
tk                  =  4.13945e-07
tk                  =  4.16224e-07
tk                  =  4.18502e-07
tk                  =  4.20782e-07
tk                  =  4.23060e-07
tk                  =  4.25340e-07
tk                  =  4.27619e-07
tk                  =  4.29898e-07
tk                  =  4.32177e-07
tk                  =  4.34456e-07
tk                  =  4.36735e-07
tk                  =  4.39014e-07
tk                  =  4.41293e-07
tk                  =  4.43572e-07
tk                  =  4.45850e-07
tk                  =  4.48129e-07
tk                  =  4.50408e-07
tk                  =  4.52688e-07
tk                  =  4.54967e-07
tk                  =  4.57246e-07
tk                  =  4.59525e-07
tk                  =  4.61804e-07
tk                  =  4.64084e-07
tk                  =  4.66363e-07
tk                  =  4.68642e-07
tk                  =  4.70921e-07
tk                  =  4.73200e-07
tk                  =  4.75479e-07
tk                  =  4.77758e-07
tk                  =  4.80037e-07
tk                  =  4.82316e-07
tk                  =  4.84596e-07
tk                  =  4.86874e-07
tk                  =  4.89153e-07
tk                  =  4.91432e-07
tk                  =  4.93712e-07
tk                  =  4.95991e-07
tk                  =  4.98271e-07
tk                  =  5.00550e-07
tk                  =  5.02829e-07
tk                  =  5.05108e-07
tk                  =  5.07387e-07
tk                  =  5.09665e-07
tk                  =  5.11945e-07
tk                  =  5.14224e-07
tk                  =  5.16503e-07
tk                  =  5.18783e-07
tk                  =  5.21062e-07
tk                  =  5.23342e-07
tk                  =  5.25620e-07
tk                  =  5.27900e-07
tk                  =  5.30180e-07
tk                  =  5.32459e-07
tk                  =  5.34738e-07
tk                  =  5.37017e-07
tk                  =  5.39296e-07
tk                  =  5.41575e-07
tk                  =  5.43854e-07
tk                  =  5.46133e-07
tk                  =  5.48412e-07
tk                  =  5.50691e-07
tk                  =  5.52970e-07
tk                  =  5.55249e-07
tk                  =  5.57529e-07
tk                  =  5.59808e-07
tk                  =  5.62087e-07
tk                  =  5.64367e-07
tk                  =  5.66647e-07
tk                  =  5.68926e-07
tk                  =  5.71205e-07
tk                  =  5.73485e-07
tk                  =  5.75763e-07
tk                  =  5.78042e-07
tk                  =  5.80321e-07
tk                  =  5.82600e-07
tk                  =  5.84879e-07
tk                  =  5.87158e-07
tk                  =  5.89436e-07
tk                  =  5.91715e-07
tk                  =  5.93994e-07
tk                  =  5.96273e-07
tk                  =  5.98552e-07
tk                  =  6.00831e-07
tk                  =  6.03111e-07
tk                  =  6.05389e-07
tk                  =  6.07668e-07
tk                  =  6.09948e-07
tk                  =  6.12227e-07
tk                  =  6.14506e-07
tk                  =  6.16786e-07
tk                  =  6.19065e-07
tk                  =  6.21344e-07
tk                  =  6.23623e-07
tk                  =  6.25902e-07
tk                  =  6.28181e-07
tk                  =  6.30460e-07
tk                  =  6.32739e-07
tk                  =  6.35019e-07
tk                  =  6.37297e-07
tk                  =  6.39577e-07
tk                  =  6.41855e-07
tk                  =  6.44135e-07
tk                  =  6.46414e-07
tk                  =  6.48693e-07
tk                  =  6.50972e-07
tk                  =  6.53251e-07
tk                  =  6.55530e-07
tk                  =  6.57808e-07
tk                  =  6.60088e-07
tk                  =  6.62367e-07
tk                  =  6.64647e-07
tk                  =  6.66926e-07
tk                  =  6.69205e-07
tk                  =  6.71484e-07
tk                  =  6.73762e-07
tk                  =  6.76042e-07
tk                  =  6.78321e-07
tk                  =  6.80600e-07
tk                  =  6.82879e-07
tk                  =  6.85158e-07
tk                  =  6.87438e-07
tk                  =  6.89717e-07
tk                  =  6.91996e-07
tk                  =  6.94275e-07
tk                  =  6.96555e-07
tk                  =  6.98834e-07
tk                  =  7.01113e-07
tk                  =  7.03392e-07
tk                  =  7.05672e-07
tk                  =  7.07951e-07
tk                  =  7.10229e-07
tk                  =  7.12508e-07
tk                  =  7.14787e-07
tk                  =  7.17066e-07
tk                  =  7.19346e-07
tk                  =  7.21624e-07
tk                  =  7.23903e-07
tk                  =  7.26182e-07
tk                  =  7.28461e-07
tk                  =  7.30741e-07
tk                  =  7.33020e-07
tk                  =  7.35299e-07
tk                  =  7.37579e-07
tk                  =  7.39857e-07
tk                  =  7.42136e-07
tk                  =  7.44415e-07
tk                  =  7.46695e-07
tk                  =  7.48973e-07
tk                  =  7.51253e-07
tk                  =  7.53532e-07
tk                  =  7.55810e-07
tk                  =  7.58089e-07
tk                  =  7.60369e-07
tk                  =  7.62648e-07
tk                  =  7.64926e-07
tk                  =  7.67206e-07
tk                  =  7.69485e-07
tk                  =  7.71765e-07
tk                  =  7.74045e-07
tk                  =  7.76324e-07
tk                  =  7.78603e-07
tk                  =  7.80882e-07
tk                  =  7.83162e-07
tk                  =  7.85441e-07
tk                  =  7.87720e-07
tk                  =  7.90000e-07
tk                  =  7.92279e-07
tk                  =  7.94558e-07
tk                  =  7.96836e-07
tk                  =  7.99116e-07
tk                  =  8.01395e-07
tk                  =  8.03674e-07
tk                  =  8.05953e-07
tk                  =  8.08233e-07
tk                  =  8.10512e-07
tk                  =  8.12792e-07
tk                  =  8.15070e-07
tk                  =  8.17349e-07
tk                  =  8.19629e-07
tk                  =  8.21908e-07
tk                  =  8.24186e-07
tk                  =  8.26466e-07
tk                  =  8.28746e-07
tk                  =  8.31024e-07
tk                  =  8.33304e-07
tk                  =  8.35583e-07
tk                  =  8.37863e-07
tk                  =  8.40141e-07
tk                  =  8.42420e-07
tk                  =  8.44700e-07
tk                  =  8.46979e-07
tk                  =  8.49258e-07
tk                  =  8.51538e-07
tk                  =  8.53818e-07
tk                  =  8.56097e-07
tk                  =  8.58376e-07
tk                  =  8.60655e-07
tk                  =  8.62935e-07
tk                  =  8.65213e-07
tk                  =  8.67492e-07
tk                  =  8.69772e-07
tk                  =  8.72050e-07
tk                  =  8.74330e-07
tk                  =  8.76609e-07
tk                  =  8.78888e-07
tk                  =  8.81167e-07
tk                  =  8.83447e-07
tk                  =  8.85726e-07
tk                  =  8.88005e-07
tk                  =  8.90284e-07
tk                  =  8.92563e-07
tk                  =  8.94842e-07
tk                  =  8.97121e-07
tk                  =  8.99400e-07
tk                  =  9.01680e-07
tk                  =  9.03959e-07
tk                  =  9.06237e-07
tk                  =  9.08516e-07
tk                  =  9.10796e-07
tk                  =  9.13076e-07
tk                  =  9.15355e-07
tk                  =  9.17634e-07
tk                  =  9.19913e-07
tk                  =  9.22191e-07
tk                  =  9.24471e-07
tk                  =  9.26750e-07
tk                  =  9.29029e-07
tk                  =  9.31308e-07
tk                  =  9.33588e-07
tk                  =  9.35867e-07
tk                  =  9.38145e-07
tk                  =  9.40425e-07
tk                  =  9.42704e-07
tk                  =  9.44983e-07
tk                  =  9.47262e-07
tk                  =  9.49541e-07
tk                  =  9.51820e-07
tk                  =  9.54100e-07
tk                  =  9.56379e-07
tk                  =  9.58658e-07
tk                  =  9.60937e-07
tk                  =  9.63217e-07
tk                  =  9.65496e-07
tk                  =  9.67775e-07
tk                  =  9.70054e-07
tk                  =  9.72333e-07
tk                  =  9.74613e-07
tk                  =  9.76892e-07
tk                  =  9.79171e-07
tk                  =  9.81450e-07
tk                  =  9.83729e-07
tk                  =  9.86009e-07
tk                  =  9.88287e-07
tk                  =  9.90566e-07
tk                  =  9.92845e-07
tk                  =  9.95124e-07
tk                  =  9.97403e-07
tk                  =  9.99682e-07
tk                  =  1.00196e-06
tk                  =  1.00424e-06
tk                  =  1.00652e-06
tk                  =  1.00880e-06
tk                  =  1.01108e-06
tk                  =  1.01336e-06
tk                  =  1.01564e-06
tk                  =  1.01792e-06
tk                  =  1.02019e-06
tk                  =  1.02247e-06
tk                  =  1.02475e-06
tk                  =  1.02703e-06
tk                  =  1.02931e-06
tk                  =  1.03159e-06
tk                  =  1.03387e-06
tk                  =  1.03615e-06
tk                  =  1.03843e-06
tk                  =  1.04070e-06
tk                  =  1.04298e-06
tk                  =  1.04526e-06
tk                  =  1.04754e-06
tk                  =  1.04982e-06
tk                  =  1.05210e-06
tk                  =  1.05438e-06
tk                  =  1.05666e-06
tk                  =  1.05894e-06
tk                  =  1.06122e-06
tk                  =  1.06350e-06
tk                  =  1.06578e-06
tk                  =  1.06805e-06
tk                  =  1.07033e-06
tk                  =  1.07261e-06
tk                  =  1.07489e-06
tk                  =  1.07717e-06
tk                  =  1.07945e-06
tk                  =  1.08173e-06
tk                  =  1.08401e-06
tk                  =  1.08629e-06
tk                  =  1.08857e-06
tk                  =  1.09085e-06
tk                  =  1.09313e-06
tk                  =  1.09541e-06
tk                  =  1.09768e-06
tk                  =  1.09996e-06
tk                  =  1.10224e-06
tk                  =  1.10452e-06
tk                  =  1.10680e-06
tk                  =  1.10908e-06
tk                  =  1.11136e-06
tk                  =  1.11364e-06
tk                  =  1.11592e-06
tk                  =  1.11819e-06
tk                  =  1.12047e-06
tk                  =  1.12275e-06
tk                  =  1.12503e-06
tk                  =  1.12731e-06
tk                  =  1.12959e-06
tk                  =  1.13187e-06
tk                  =  1.13415e-06
tk                  =  1.13643e-06
tk                  =  1.13871e-06
tk                  =  1.14099e-06
tk                  =  1.14327e-06
tk                  =  1.14555e-06
tk                  =  1.14783e-06
tk                  =  1.15011e-06
tk                  =  1.15239e-06
tk                  =  1.15466e-06
tk                  =  1.15694e-06
tk                  =  1.15922e-06
tk                  =  1.16150e-06
tk                  =  1.16378e-06
tk                  =  1.16606e-06
tk                  =  1.16834e-06
tk                  =  1.17062e-06
tk                  =  1.17290e-06
tk                  =  1.17518e-06
tk                  =  1.17746e-06
tk                  =  1.17973e-06
tk                  =  1.18201e-06
tk                  =  1.18429e-06
tk                  =  1.18657e-06
tk                  =  1.18885e-06
tk                  =  1.19113e-06
tk                  =  1.19341e-06
tk                  =  1.19569e-06
tk                  =  1.19797e-06
tk                  =  1.20025e-06
tk                  =  1.20253e-06
tk                  =  1.20481e-06
tk                  =  1.20709e-06
tk                  =  1.20937e-06
tk                  =  1.21164e-06
tk                  =  1.21392e-06
tk                  =  1.21620e-06
tk                  =  1.21848e-06
tk                  =  1.22076e-06
tk                  =  1.22304e-06
tk                  =  1.22532e-06
tk                  =  1.22760e-06
tk                  =  1.22988e-06
tk                  =  1.23216e-06
tk                  =  1.23443e-06
tk                  =  1.23671e-06
tk                  =  1.23899e-06
tk                  =  1.24127e-06
tk                  =  1.24355e-06
tk                  =  1.24583e-06
tk                  =  1.24811e-06
tk                  =  1.25039e-06
tk                  =  1.25267e-06
tk                  =  1.25495e-06
tk                  =  1.25723e-06
tk                  =  1.25951e-06
tk                  =  1.26179e-06
tk                  =  1.26406e-06
tk                  =  1.26634e-06
tk                  =  1.26862e-06
tk                  =  1.27090e-06
tk                  =  1.27318e-06
tk                  =  1.27546e-06
tk                  =  1.27774e-06
tk                  =  1.28002e-06
tk                  =  1.28230e-06
tk                  =  1.28458e-06
tk                  =  1.28685e-06
tk                  =  1.28913e-06
tk                  =  1.29141e-06
tk                  =  1.29369e-06
tk                  =  1.29597e-06
tk                  =  1.29825e-06
tk                  =  1.30053e-06
tk                  =  1.30281e-06
tk                  =  1.30509e-06
tk                  =  1.30737e-06
tk                  =  1.30965e-06
tk                  =  1.31193e-06
tk                  =  1.31420e-06
tk                  =  1.31648e-06
tk                  =  1.31876e-06
tk                  =  1.32104e-06
tk                  =  1.32332e-06
tk                  =  1.32560e-06
tk                  =  1.32788e-06
tk                  =  1.33016e-06
tk                  =  1.33244e-06
tk                  =  1.33472e-06
tk                  =  1.33700e-06
tk                  =  1.33928e-06
tk                  =  1.34156e-06
tk                  =  1.34383e-06
tk                  =  1.34611e-06
tk                  =  1.34839e-06
tk                  =  1.35067e-06
tk                  =  1.35295e-06
tk                  =  1.35523e-06
tk                  =  1.35751e-06
tk                  =  1.35979e-06
tk                  =  1.36207e-06
tk                  =  1.36435e-06
tk                  =  1.36663e-06
tk                  =  1.36891e-06
tk                  =  1.37118e-06
tk                  =  1.37346e-06
tk                  =  1.37574e-06
tk                  =  1.37802e-06
tk                  =  1.38030e-06
tk                  =  1.38258e-06
tk                  =  1.38486e-06
tk                  =  1.38714e-06
tk                  =  1.38942e-06
tk                  =  1.39170e-06
tk                  =  1.39398e-06
tk                  =  1.39626e-06
tk                  =  1.39853e-06
tk                  =  1.40081e-06
tk                  =  1.40309e-06
tk                  =  1.40537e-06
tk                  =  1.40765e-06
tk                  =  1.40993e-06
tk                  =  1.41221e-06
tk                  =  1.41449e-06
tk                  =  1.41677e-06
tk                  =  1.41905e-06
tk                  =  1.42133e-06
tk                  =  1.42360e-06
tk                  =  1.42588e-06
tk                  =  1.42816e-06
tk                  =  1.43044e-06
tk                  =  1.43272e-06
tk                  =  1.43500e-06
tk                  =  1.43728e-06
tk                  =  1.43956e-06
tk                  =  1.44184e-06
tk                  =  1.44412e-06
tk                  =  1.44640e-06
tk                  =  1.44868e-06
tk                  =  1.45095e-06
tk                  =  1.45323e-06
tk                  =  1.45551e-06
tk                  =  1.45779e-06
tk                  =  1.46007e-06
tk                  =  1.46235e-06
tk                  =  1.46463e-06
tk                  =  1.46691e-06
tk                  =  1.46919e-06
tk                  =  1.47147e-06
tk                  =  1.47375e-06
tk                  =  1.47602e-06
tk                  =  1.47830e-06
tk                  =  1.48058e-06
tk                  =  1.48286e-06
tk                  =  1.48514e-06
tk                  =  1.48742e-06
tk                  =  1.48970e-06
tk                  =  1.49198e-06
tk                  =  1.49426e-06
tk                  =  1.49654e-06
tk                  =  1.49882e-06
tk                  =  1.50110e-06
tk                  =  1.50338e-06
tk                  =  1.50566e-06
tk                  =  1.50793e-06
tk                  =  1.51021e-06
tk                  =  1.51249e-06
tk                  =  1.51477e-06
tk                  =  1.51705e-06
tk                  =  1.51933e-06
tk                  =  1.52161e-06
tk                  =  1.52389e-06
tk                  =  1.52617e-06
tk                  =  1.52845e-06
tk                  =  1.53073e-06
tk                  =  1.53301e-06
tk                  =  1.53529e-06
tk                  =  1.53757e-06
tk                  =  1.53985e-06
tk                  =  1.54212e-06
tk                  =  1.54440e-06
tk                  =  1.54668e-06
tk                  =  1.54896e-06
tk                  =  1.55124e-06
tk                  =  1.55352e-06
tk                  =  1.55580e-06
tk                  =  1.55808e-06
tk                  =  1.56036e-06
tk                  =  1.56264e-06
tk                  =  1.56492e-06
tk                  =  1.56719e-06
tk                  =  1.56947e-06
tk                  =  1.57175e-06
tk                  =  1.57403e-06
tk                  =  1.57631e-06
tk                  =  1.57859e-06
tk                  =  1.58087e-06
tk                  =  1.58315e-06
tk                  =  1.58543e-06
tk                  =  1.58771e-06
tk                  =  1.58999e-06
tk                  =  1.59227e-06
tk                  =  1.59455e-06
tk                  =  1.59682e-06
tk                  =  1.59910e-06
tk                  =  1.60138e-06
tk                  =  1.60366e-06
tk                  =  1.60594e-06
tk                  =  1.60822e-06
tk                  =  1.61050e-06
tk                  =  1.61278e-06
tk                  =  1.61506e-06
tk                  =  1.61734e-06
tk                  =  1.61962e-06
tk                  =  1.62189e-06
tk                  =  1.62417e-06
tk                  =  1.62645e-06
tk                  =  1.62873e-06
tk                  =  1.63101e-06
tk                  =  1.63329e-06
tk                  =  1.63557e-06
tk                  =  1.63785e-06
tk                  =  1.64013e-06
tk                  =  1.64241e-06
tk                  =  1.64469e-06
tk                  =  1.64697e-06
tk                  =  1.64924e-06
tk                  =  1.65152e-06
tk                  =  1.65380e-06
tk                  =  1.65608e-06
tk                  =  1.65836e-06
tk                  =  1.66064e-06
tk                  =  1.66292e-06
tk                  =  1.66520e-06
tk                  =  1.66748e-06
tk                  =  1.66976e-06
tk                  =  1.67203e-06
tk                  =  1.67431e-06
tk                  =  1.67659e-06
tk                  =  1.67887e-06
tk                  =  1.68115e-06
tk                  =  1.68343e-06
tk                  =  1.68571e-06
tk                  =  1.68799e-06
tk                  =  1.69027e-06
tk                  =  1.69255e-06
tk                  =  1.69483e-06
tk                  =  1.69711e-06
tk                  =  1.69938e-06
tk                  =  1.70166e-06
tk                  =  1.70394e-06
tk                  =  1.70622e-06
tk                  =  1.70850e-06
tk                  =  1.71078e-06
tk                  =  1.71306e-06
tk                  =  1.71534e-06
tk                  =  1.71762e-06
tk                  =  1.71990e-06
tk                  =  1.72218e-06
tk                  =  1.72445e-06
tk                  =  1.72673e-06
tk                  =  1.72901e-06
tk                  =  1.73129e-06
tk                  =  1.73357e-06
tk                  =  1.73585e-06
tk                  =  1.73813e-06
tk                  =  1.74041e-06
tk                  =  1.74269e-06
tk                  =  1.74497e-06
tk                  =  1.74725e-06
tk                  =  1.74952e-06
tk                  =  1.75180e-06
tk                  =  1.75408e-06
qw0                 =  -1.31864e-02
qw1                 =  -3.94087e-02
m_period = 2.2791509766e-09
m_f_osc = 4.3875987606e+08
m_period_startup16 = 2.2791453125e-09
m_period_b00 = 2.2791955208e-09
m_period_b01 = 2.2790625000e-09
m_period_b02 = 2.2791375000e-09
m_period_b03 = 2.2791062500e-09
m_period_b04 = 2.2791312500e-09
m_period_b05 = 2.2791083333e-09
m_period_b06 = 2.2791083333e-09
m_period_b07 = 2.2792145833e-09
m_period_b08 = 2.2791479167e-09
m_period_b09 = 2.2791062500e-09
m_period_b10 = 2.2792083333e-09
m_period_b11 = 2.2791250000e-09
m_period_b12 = 2.2791458333e-09
m_period_b13 = 2.2792291667e-09
m_period_b14 = 2.2791666667e-09
m_period_b15 = 2.2791041667e-09
m_sigma_1 = 5.1376266673e-13
m_sigma_2 = 5.9764550258e-13
m_sigma_4 = 7.3560179877e-13
m_sigma_8 = 9.4419843873e-13
m_sigma_16 = 1.2642331184e-12
m_sigma_32 = 1.7815173217e-12
m_sigma_64 = 2.3721238257e-12
m_sigma_128 = 2.4979580405e-12
m_sigma_startup16_1 = 4.1462315722e-13
m_sigma_startup16_2 = 4.1460056365e-13
m_sigma_startup16_4 = 5.0999143407e-13
m_sigma_startup16_8 = 7.2204466621e-13
m_i_ring_a = 2.2471292721e-05
m_p_active_w = 8.1570792581e-05
m_e_per_cycle_j = 1.8591215157e-13
m_c_eff_node_f = 2.8217889117e-15
m_vsup_v = 3.6300000001e+00
Note: Simulation executed from .control section 

Warning: m=xx on .subckt line will override multiplier m hierarchy!

