
Note: Compatibility modes selected: hs a


Circuit: * ro-ring5-starved-jitter-long @ ss_-40c_3.63v -- generated by sim/harness, do not edit

Doing analysis at TEMP = -40.000000 and TNOM = 27.000000

Using SPARSE 1.3 as Direct Linear Solver

Initial Transient Solution
--------------------------

Node                                   Voltage
----                                   -------
vsup                                      3.63
en                                        3.63
vddr1                                     3.63
xg1.py                                 1.85958
n11                                          0
g10                                1.10813e-07
xg1.nm                            -1.77231e-17
xg1.ny                            -1.71736e-16
x11.py                                    3.63
n12                                       3.63
g11                                          0
x11.ny                              1.5106e-12
x12.py                                    3.63
n13                                1.10813e-07
g12                                       3.63
x12.ny                             9.28113e-08
x13.py                                    3.63
n14                                       3.63
g13                                1.10813e-07
x13.ny                             1.51061e-12
x14.py                                    3.63
ro1                                1.10813e-07
g14                                       3.63
x14.ny                             9.28113e-08
q1                                -1.17083e-15
x1                                      -1.815
bx1#branch                                   0
vr1#branch                         1.17083e-05
vn14#branch                                  0
vn13#branch                                  0
vn12#branch                                  0
vn11#branch                                  0
vn10#branch                        2.39139e-25
ven#branch                                   0
vsup#branch                       -1.17083e-05

 Reference value :  8.07000e-11
 Reference value :  1.30010e-09
 Reference value :  2.51925e-09
 Reference value :  3.71925e-09
 Reference value :  4.95000e-09
 Reference value :  6.47150e-09
 Reference value :  7.94925e-09
 Reference value :  9.33850e-09
 Reference value :  1.05875e-08
 Reference value :  1.17792e-08
 Reference value :  1.30207e-08
 Reference value :  1.42300e-08
 Reference value :  1.56685e-08
 Reference value :  1.70315e-08
 Reference value :  1.85965e-08
 Reference value :  2.06335e-08
 Reference value :  2.18503e-08
 Reference value :  2.30555e-08
 Reference value :  2.42900e-08
 Reference value :  2.58001e-08
 Reference value :  2.71201e-08
 Reference value :  2.85875e-08
 Reference value :  2.98001e-08
 Reference value :  3.10192e-08
 Reference value :  3.22585e-08
 Reference value :  3.37615e-08
 Reference value :  3.50601e-08
 Reference value :  3.64892e-08
 Reference value :  3.77635e-08
 Reference value :  3.89692e-08
 Reference value :  4.02200e-08
 Reference value :  4.14985e-08
 Reference value :  4.29245e-08
 Reference value :  4.42435e-08
 Reference value :  4.54903e-08
 Reference value :  4.68501e-08
 Reference value :  4.81715e-08
 Reference value :  4.94107e-08
 Reference value :  5.06345e-08
 Reference value :  5.18400e-08
 Reference value :  5.32101e-08
 Reference value :  5.45465e-08
 Reference value :  5.57625e-08
 Reference value :  5.70203e-08
 Reference value :  5.83115e-08
 Reference value :  5.97715e-08
 Reference value :  6.10401e-08
 Reference value :  6.22745e-08
 Reference value :  6.35300e-08
 Reference value :  6.47785e-08
 Reference value :  6.59792e-08
 Reference value :  6.72000e-08
 Reference value :  6.84515e-08
 Reference value :  6.96807e-08
 Reference value :  7.08907e-08
 Reference value :  7.21607e-08
 Reference value :  7.33715e-08
 Reference value :  7.45875e-08
 Reference value :  7.58155e-08
 Reference value :  7.70435e-08
 Reference value :  7.82845e-08
 Reference value :  7.95125e-08
 Reference value :  8.07325e-08
 Reference value :  8.19307e-08
 Reference value :  8.31300e-08
 Reference value :  8.43025e-08
 Reference value :  8.55065e-08
 Reference value :  8.67135e-08
 Reference value :  8.79155e-08
 Reference value :  8.91245e-08
 Reference value :  9.03400e-08
 Reference value :  9.15825e-08
 Reference value :  9.28535e-08
 Reference value :  9.40492e-08
 Reference value :  9.52692e-08
 Reference value :  9.65292e-08
 Reference value :  9.77600e-08
 Reference value :  9.90101e-08
 Reference value :  1.00211e-07
 Reference value :  1.01447e-07
 Reference value :  1.02694e-07
 Reference value :  1.03951e-07
 Reference value :  1.05175e-07
 Reference value :  1.06449e-07
 Reference value :  1.07694e-07
 Reference value :  1.08883e-07
 Reference value :  1.10090e-07
 Reference value :  1.11270e-07
 Reference value :  1.12510e-07
 Reference value :  1.13748e-07
 Reference value :  1.14951e-07
 Reference value :  1.16151e-07
 Reference value :  1.17351e-07
 Reference value :  1.18553e-07
 Reference value :  1.20121e-07
 Reference value :  1.21655e-07
 Reference value :  1.22937e-07
 Reference value :  1.24416e-07
 Reference value :  1.25685e-07
 Reference value :  1.26894e-07
 Reference value :  1.28110e-07
 Reference value :  1.29320e-07
 Reference value :  1.30540e-07
 Reference value :  1.31740e-07
 Reference value :  1.33220e-07
 Reference value :  1.34663e-07
 Reference value :  1.36096e-07
 Reference value :  1.37318e-07
 Reference value :  1.38541e-07
 Reference value :  1.39762e-07
 Reference value :  1.40975e-07
 Reference value :  1.42554e-07
 Reference value :  1.43845e-07
 Reference value :  1.45331e-07
 Reference value :  1.46616e-07
 Reference value :  1.47910e-07
 Reference value :  1.49484e-07
 Reference value :  1.50961e-07
 Reference value :  1.52314e-07
 Reference value :  1.53570e-07
 Reference value :  1.54828e-07
 Reference value :  1.56078e-07
 Reference value :  1.57321e-07
 Reference value :  1.58602e-07
 Reference value :  1.59929e-07
 Reference value :  1.61337e-07
 Reference value :  1.62547e-07
 Reference value :  1.63761e-07
 Reference value :  1.64972e-07
 Reference value :  1.66182e-07
 Reference value :  1.67437e-07
 Reference value :  1.68683e-07
 Reference value :  1.69939e-07
 Reference value :  1.71110e-07
 Reference value :  1.72321e-07
 Reference value :  1.73570e-07
 Reference value :  1.74816e-07
 Reference value :  1.76115e-07
 Reference value :  1.77464e-07
 Reference value :  1.78718e-07
 Reference value :  1.79951e-07
 Reference value :  1.81178e-07
 Reference value :  1.82374e-07
 Reference value :  1.83620e-07
 Reference value :  1.84816e-07
 Reference value :  1.86040e-07
 Reference value :  1.87294e-07
 Reference value :  1.88510e-07
 Reference value :  1.89740e-07
 Reference value :  1.90971e-07
 Reference value :  1.92278e-07
 Reference value :  1.93532e-07
 Reference value :  1.94841e-07
 Reference value :  1.96118e-07
 Reference value :  1.97376e-07
 Reference value :  1.98699e-07
 Reference value :  2.00030e-07
 Reference value :  2.01342e-07
 Reference value :  2.02657e-07
 Reference value :  2.03968e-07
 Reference value :  2.05313e-07
 Reference value :  2.06618e-07
 Reference value :  2.07927e-07
 Reference value :  2.09176e-07
 Reference value :  2.10478e-07
 Reference value :  2.11751e-07
 Reference value :  2.13050e-07
 Reference value :  2.14323e-07
 Reference value :  2.15584e-07
 Reference value :  2.16848e-07
 Reference value :  2.18125e-07
 Reference value :  2.19391e-07
 Reference value :  2.20739e-07
 Reference value :  2.22045e-07
 Reference value :  2.23330e-07
 Reference value :  2.24650e-07
 Reference value :  2.26034e-07
 Reference value :  2.27334e-07
 Reference value :  2.28600e-07
 Reference value :  2.29918e-07
 Reference value :  2.31220e-07
 Reference value :  2.32544e-07
 Reference value :  2.33781e-07
 Reference value :  2.35058e-07
 Reference value :  2.36370e-07
 Reference value :  2.37685e-07
 Reference value :  2.38958e-07
 Reference value :  2.40321e-07
 Reference value :  2.41585e-07
 Reference value :  2.42871e-07
 Reference value :  2.44168e-07
 Reference value :  2.45438e-07
 Reference value :  2.46720e-07
 Reference value :  2.48030e-07
 Reference value :  2.49379e-07
 Reference value :  2.50774e-07
 Reference value :  2.52530e-07
 Reference value :  2.53937e-07
 Reference value :  2.55267e-07
 Reference value :  2.56629e-07
 Reference value :  2.57989e-07
 Reference value :  2.59530e-07
 Reference value :  2.61416e-07
 Reference value :  2.63121e-07
 Reference value :  2.64481e-07
 Reference value :  2.65819e-07
 Reference value :  2.67116e-07
 Reference value :  2.68386e-07
 Reference value :  2.69760e-07
 Reference value :  2.71085e-07
 Reference value :  2.72395e-07
 Reference value :  2.73728e-07
 Reference value :  2.75075e-07
 Reference value :  2.76448e-07
 Reference value :  2.77790e-07
 Reference value :  2.79141e-07
 Reference value :  2.80430e-07
 Reference value :  2.81778e-07
 Reference value :  2.83018e-07
 Reference value :  2.84300e-07
 Reference value :  2.85581e-07
 Reference value :  2.86815e-07
 Reference value :  2.88091e-07
 Reference value :  2.89398e-07
 Reference value :  2.90661e-07
 Reference value :  2.91960e-07
 Reference value :  2.93242e-07
 Reference value :  2.94484e-07
 Reference value :  2.95770e-07
 Reference value :  2.97051e-07
 Reference value :  2.98312e-07
 Reference value :  2.99565e-07
 Reference value :  3.00793e-07
 Reference value :  3.02225e-07
 Reference value :  3.03499e-07
 Reference value :  3.04782e-07
 Reference value :  3.06066e-07
 Reference value :  3.07387e-07
 Reference value :  3.08636e-07
 Reference value :  3.09852e-07
 Reference value :  3.11180e-07
 Reference value :  3.12432e-07
 Reference value :  3.13810e-07
 Reference value :  3.15134e-07
 Reference value :  3.16367e-07
 Reference value :  3.17665e-07
 Reference value :  3.18895e-07
 Reference value :  3.20201e-07
 Reference value :  3.21566e-07
 Reference value :  3.22832e-07
 Reference value :  3.24155e-07
 Reference value :  3.25382e-07
 Reference value :  3.26709e-07
 Reference value :  3.28008e-07
 Reference value :  3.29261e-07
 Reference value :  3.30530e-07
 Reference value :  3.31865e-07
 Reference value :  3.33193e-07
 Reference value :  3.34443e-07
 Reference value :  3.35694e-07
 Reference value :  3.37031e-07
 Reference value :  3.38270e-07
 Reference value :  3.39541e-07
 Reference value :  3.40850e-07
 Reference value :  3.42138e-07
 Reference value :  3.43384e-07
 Reference value :  3.44658e-07
 Reference value :  3.45915e-07
 Reference value :  3.47210e-07
 Reference value :  3.48461e-07
 Reference value :  3.49708e-07
 Reference value :  3.50990e-07
 Reference value :  3.52305e-07
 Reference value :  3.53566e-07
 Reference value :  3.54900e-07
 Reference value :  3.56480e-07
 Reference value :  3.57841e-07
 Reference value :  3.59139e-07
 Reference value :  3.60460e-07
 Reference value :  3.61720e-07
 Reference value :  3.62990e-07
 Reference value :  3.64259e-07
 Reference value :  3.65526e-07
 Reference value :  3.66784e-07
 Reference value :  3.68131e-07
 Reference value :  3.69430e-07
 Reference value :  3.70710e-07
 Reference value :  3.72005e-07
 Reference value :  3.73241e-07
 Reference value :  3.74499e-07
 Reference value :  3.75822e-07
 Reference value :  3.77090e-07
 Reference value :  3.78413e-07
 Reference value :  3.79759e-07
 Reference value :  3.81117e-07
 Reference value :  3.82450e-07
 Reference value :  3.83812e-07
 Reference value :  3.85080e-07
 Reference value :  3.86486e-07
 Reference value :  3.87810e-07
 Reference value :  3.89133e-07
 Reference value :  3.90537e-07
 Reference value :  3.91880e-07
 Reference value :  3.93234e-07
 Reference value :  3.94527e-07
 Reference value :  3.95850e-07
 Reference value :  3.97171e-07
 Reference value :  3.98490e-07
 Reference value :  3.99931e-07
 Reference value :  4.01381e-07
 Reference value :  4.02672e-07
 Reference value :  4.04065e-07
 Reference value :  4.05520e-07
 Reference value :  4.06889e-07
 Reference value :  4.08400e-07
 Reference value :  4.09871e-07
 Reference value :  4.11355e-07
 Reference value :  4.12873e-07
 Reference value :  4.14430e-07
 Reference value :  4.15841e-07
 Reference value :  4.17295e-07
 Reference value :  4.18766e-07
 Reference value :  4.20221e-07
 Reference value :  4.21661e-07
 Reference value :  4.23145e-07
 Reference value :  4.24581e-07
 Reference value :  4.26015e-07
 Reference value :  4.27434e-07
 Reference value :  4.28844e-07
 Reference value :  4.30239e-07
 Reference value :  4.31594e-07
 Reference value :  4.32963e-07
 Reference value :  4.34333e-07
 Reference value :  4.35695e-07
 Reference value :  4.37030e-07
 Reference value :  4.38351e-07
 Reference value :  4.39590e-07
 Reference value :  4.40858e-07
 Reference value :  4.42289e-07
 Reference value :  4.43661e-07
 Reference value :  4.45127e-07
 Reference value :  4.46503e-07
 Reference value :  4.47846e-07
 Reference value :  4.49184e-07
 Reference value :  4.50544e-07
 Reference value :  4.51870e-07
 Reference value :  4.53313e-07
 Reference value :  4.54740e-07
 Reference value :  4.56062e-07
 Reference value :  4.57401e-07
 Reference value :  4.58701e-07
 Reference value :  4.60091e-07
 Reference value :  4.61524e-07
 Reference value :  4.62942e-07
 Reference value :  4.64459e-07
 Reference value :  4.66021e-07
 Reference value :  4.67611e-07
 Reference value :  4.69150e-07
 Reference value :  4.70669e-07
 Reference value :  4.72281e-07
 Reference value :  4.74014e-07
 Reference value :  4.75549e-07
 Reference value :  4.76999e-07
 Reference value :  4.78396e-07
 Reference value :  4.80002e-07
 Reference value :  4.81764e-07
 Reference value :  4.83220e-07
 Reference value :  4.84899e-07
 Reference value :  4.86390e-07
 Reference value :  4.87764e-07
 Reference value :  4.89160e-07
 Reference value :  4.90561e-07
 Reference value :  4.92018e-07
 Reference value :  4.93410e-07
 Reference value :  4.94746e-07
 Reference value :  4.96226e-07
 Reference value :  4.97719e-07
 Reference value :  4.99146e-07
 Reference value :  5.00535e-07
 Reference value :  5.02025e-07
 Reference value :  5.03511e-07
 Reference value :  5.04986e-07
 Reference value :  5.06430e-07
 Reference value :  5.07881e-07
 Reference value :  5.09422e-07
 Reference value :  5.10964e-07
 Reference value :  5.12426e-07
 Reference value :  5.13886e-07
 Reference value :  5.15302e-07
 Reference value :  5.16846e-07
 Reference value :  5.18494e-07
 Reference value :  5.20174e-07
 Reference value :  5.21680e-07
 Reference value :  5.23091e-07
 Reference value :  5.24791e-07
 Reference value :  5.26365e-07
 Reference value :  5.27824e-07
 Reference value :  5.29166e-07
 Reference value :  5.30509e-07
 Reference value :  5.31809e-07
 Reference value :  5.33114e-07
 Reference value :  5.34560e-07
 Reference value :  5.36330e-07
 Reference value :  5.38396e-07
 Reference value :  5.40500e-07
 Reference value :  5.42740e-07
 Reference value :  5.44807e-07
 Reference value :  5.46854e-07
 Reference value :  5.48826e-07
 Reference value :  5.50778e-07
 Reference value :  5.52717e-07
 Reference value :  5.54810e-07
 Reference value :  5.56871e-07
 Reference value :  5.58909e-07
 Reference value :  5.61178e-07
 Reference value :  5.63180e-07
 Reference value :  5.65215e-07
 Reference value :  5.67237e-07
 Reference value :  5.69288e-07
 Reference value :  5.71186e-07
 Reference value :  5.73233e-07
 Reference value :  5.75150e-07
 Reference value :  5.77220e-07
 Reference value :  5.79189e-07
 Reference value :  5.81325e-07
 Reference value :  5.83351e-07
 Reference value :  5.85386e-07
 Reference value :  5.87326e-07
 Reference value :  5.88679e-07
 Reference value :  5.90079e-07
 Reference value :  5.91412e-07
 Reference value :  5.92776e-07
 Reference value :  5.94171e-07
 Reference value :  5.95569e-07
 Reference value :  5.97013e-07
 Reference value :  5.98560e-07
 Reference value :  5.99957e-07
 Reference value :  6.01361e-07
 Reference value :  6.02720e-07
 Reference value :  6.04089e-07
 Reference value :  6.05447e-07
 Reference value :  6.06900e-07
 Reference value :  6.08400e-07
 Reference value :  6.10062e-07
 Reference value :  6.11611e-07
 Reference value :  6.13062e-07
 Reference value :  6.14420e-07
 Reference value :  6.16017e-07
 Reference value :  6.17622e-07
 Reference value :  6.19726e-07
 Reference value :  6.21830e-07
 Reference value :  6.24131e-07
 Reference value :  6.26452e-07
 Reference value :  6.28692e-07
 Reference value :  6.30876e-07
 Reference value :  6.32977e-07
 Reference value :  6.34619e-07
 Reference value :  6.36500e-07
 Reference value :  6.38721e-07
 Reference value :  6.40557e-07
 Reference value :  6.41880e-07
 Reference value :  6.43233e-07
 Reference value :  6.44629e-07
 Reference value :  6.45960e-07
 Reference value :  6.47330e-07
 Reference value :  6.48751e-07
 Reference value :  6.50070e-07
 Reference value :  6.51445e-07
 Reference value :  6.52792e-07
 Reference value :  6.54166e-07
 Reference value :  6.55519e-07
 Reference value :  6.56819e-07
 Reference value :  6.58331e-07
 Reference value :  6.59716e-07
 Reference value :  6.61052e-07
 Reference value :  6.62410e-07
 Reference value :  6.63713e-07
 Reference value :  6.64987e-07
 Reference value :  6.66325e-07
 Reference value :  6.67717e-07
 Reference value :  6.69090e-07
 Reference value :  6.70383e-07
 Reference value :  6.71730e-07
 Reference value :  6.73024e-07
 Reference value :  6.74321e-07
 Reference value :  6.75573e-07
 Reference value :  6.76869e-07
 Reference value :  6.78201e-07
 Reference value :  6.79502e-07
 Reference value :  6.81010e-07
 Reference value :  6.82650e-07
 Reference value :  6.84186e-07
 Reference value :  6.85484e-07
 Reference value :  6.86874e-07
 Reference value :  6.88214e-07
 Reference value :  6.89517e-07
 Reference value :  6.90821e-07
 Reference value :  6.92074e-07
 Reference value :  6.93336e-07
 Reference value :  6.94620e-07
 Reference value :  6.95895e-07
 Reference value :  6.97242e-07
 Reference value :  6.98618e-07
 Reference value :  7.00118e-07
 Reference value :  7.01560e-07
 Reference value :  7.02857e-07
 Reference value :  7.04190e-07
 Reference value :  7.05453e-07
 Reference value :  7.07064e-07
 Reference value :  7.08444e-07
 Reference value :  7.09793e-07
 Reference value :  7.11389e-07
 Reference value :  7.12692e-07
 Reference value :  7.13971e-07
 Reference value :  7.15270e-07
 Reference value :  7.16548e-07
 Reference value :  7.17927e-07
 Reference value :  7.19190e-07
 Reference value :  7.20522e-07
 Reference value :  7.21743e-07
 Reference value :  7.22951e-07
 Reference value :  7.24247e-07
 Reference value :  7.25472e-07
 Reference value :  7.26684e-07
 Reference value :  7.27943e-07
 Reference value :  7.29210e-07
 Reference value :  7.30451e-07
 Reference value :  7.31745e-07
 Reference value :  7.32964e-07
 Reference value :  7.34219e-07
 Reference value :  7.35441e-07
 Reference value :  7.36680e-07
 Reference value :  7.37942e-07
 Reference value :  7.39161e-07
 Reference value :  7.40386e-07
 Reference value :  7.41617e-07
 Reference value :  7.42821e-07
 Reference value :  7.44069e-07
 Reference value :  7.45287e-07
 Reference value :  7.46547e-07
 Reference value :  7.47751e-07
 Reference value :  7.48965e-07
 Reference value :  7.50161e-07
 Reference value :  7.51397e-07
 Reference value :  7.52591e-07
 Reference value :  7.53808e-07
 Reference value :  7.55080e-07
 Reference value :  7.56310e-07
 Reference value :  7.57507e-07
 Reference value :  7.58755e-07
 Reference value :  7.59966e-07
 Reference value :  7.61155e-07
 Reference value :  7.62370e-07
 Reference value :  7.63585e-07
 Reference value :  7.64820e-07
 Reference value :  7.66051e-07
 Reference value :  7.67270e-07
 Reference value :  7.68490e-07
 Reference value :  7.69717e-07
 Reference value :  7.70932e-07
 Reference value :  7.72144e-07
 Reference value :  7.73365e-07
 Reference value :  7.74582e-07
 Reference value :  7.75780e-07
 Reference value :  7.76995e-07
 Reference value :  7.78270e-07
 Reference value :  7.79473e-07
 Reference value :  7.80681e-07
 Reference value :  7.81904e-07
 Reference value :  7.83662e-07
 Reference value :  7.85234e-07
 Reference value :  7.86472e-07
 Reference value :  7.87868e-07
 Reference value :  7.89090e-07
 Reference value :  7.90305e-07
 Reference value :  7.91505e-07
 Reference value :  7.92720e-07
 Reference value :  7.93972e-07
 Reference value :  7.95220e-07
 Reference value :  7.96460e-07
 Reference value :  7.97758e-07
 Reference value :  7.98981e-07
 Reference value :  8.00220e-07
 Reference value :  8.01430e-07
 Reference value :  8.02620e-07
 Reference value :  8.03810e-07
 Reference value :  8.05022e-07
 Reference value :  8.06243e-07
 Reference value :  8.07457e-07
 Reference value :  8.08698e-07
 Reference value :  8.09915e-07
 Reference value :  8.11144e-07
 Reference value :  8.12391e-07
 Reference value :  8.13610e-07
 Reference value :  8.14810e-07
 Reference value :  8.16043e-07
 Reference value :  8.17263e-07
 Reference value :  8.18508e-07
 Reference value :  8.19750e-07
 Reference value :  8.21025e-07
 Reference value :  8.22224e-07
 Reference value :  8.23429e-07
 Reference value :  8.24673e-07
 Reference value :  8.25899e-07
 Reference value :  8.27120e-07
 Reference value :  8.28362e-07
 Reference value :  8.29568e-07
 Reference value :  8.30770e-07
 Reference value :  8.32170e-07
 Reference value :  8.33455e-07
 Reference value :  8.34765e-07
 Reference value :  8.35976e-07
 Reference value :  8.37170e-07
 Reference value :  8.38371e-07
 Reference value :  8.39585e-07
 Reference value :  8.40821e-07
 Reference value :  8.42030e-07
 Reference value :  8.43244e-07
 Reference value :  8.44454e-07
 Reference value :  8.45667e-07
 Reference value :  8.46877e-07
 Reference value :  8.48121e-07
 Reference value :  8.49531e-07
 Reference value :  8.50930e-07
 Reference value :  8.52110e-07
 Reference value :  8.53362e-07
 Reference value :  8.54571e-07
 Reference value :  8.55821e-07
 Reference value :  8.57645e-07
 Reference value :  8.59193e-07
 Reference value :  8.60697e-07
 Reference value :  8.61928e-07
 Reference value :  8.63130e-07
 Reference value :  8.64333e-07
 Reference value :  8.65524e-07
 Reference value :  8.66757e-07
 Reference value :  8.68218e-07
 Reference value :  8.69784e-07
 Reference value :  8.71045e-07
 Reference value :  8.72532e-07
 Reference value :  8.73740e-07
 Reference value :  8.75006e-07
 Reference value :  8.76223e-07
 Reference value :  8.77455e-07
 Reference value :  8.78688e-07
 Reference value :  8.80034e-07
 Reference value :  8.81442e-07
 Reference value :  8.83000e-07
 Reference value :  8.84487e-07
 Reference value :  8.85780e-07
 Reference value :  8.86973e-07
 Reference value :  8.88180e-07
 Reference value :  8.89401e-07
 Reference value :  8.90593e-07
 Reference value :  8.91807e-07
 Reference value :  8.93296e-07
 Reference value :  8.94590e-07
 Reference value :  8.95973e-07
 Reference value :  8.97226e-07
 Reference value :  8.98437e-07
 Reference value :  8.99636e-07
 Reference value :  9.00865e-07
 Reference value :  9.02052e-07
 Reference value :  9.03252e-07
 Reference value :  9.04790e-07
 Reference value :  9.06101e-07
 Reference value :  9.07290e-07
 Reference value :  9.08711e-07
 Reference value :  9.09913e-07
 Reference value :  9.11158e-07
 Reference value :  9.12380e-07
 Reference value :  9.13598e-07
 Reference value :  9.14855e-07
 Reference value :  9.16390e-07
 Reference value :  9.17731e-07
 Reference value :  9.18943e-07
 Reference value :  9.20290e-07
 Reference value :  9.21497e-07
 Reference value :  9.22753e-07
 Reference value :  9.23960e-07
 Reference value :  9.25170e-07
 Reference value :  9.26402e-07
 Reference value :  9.27630e-07
 Reference value :  9.28845e-07
 Reference value :  9.30048e-07
 Reference value :  9.31289e-07
 Reference value :  9.32480e-07
 Reference value :  9.33690e-07
 Reference value :  9.34930e-07
 Reference value :  9.36154e-07
 Reference value :  9.37351e-07
 Reference value :  9.38562e-07
 Reference value :  9.39793e-07
 Reference value :  9.41006e-07
 Reference value :  9.42226e-07
 Reference value :  9.43421e-07
 Reference value :  9.44640e-07
 Reference value :  9.45832e-07
 Reference value :  9.47067e-07
 Reference value :  9.48311e-07
 Reference value :  9.49561e-07
 Reference value :  9.50775e-07
 Reference value :  9.52001e-07
 Reference value :  9.53281e-07
 Reference value :  9.54530e-07
 Reference value :  9.55741e-07
 Reference value :  9.56946e-07
 Reference value :  9.58155e-07
 Reference value :  9.59371e-07
 Reference value :  9.60598e-07
 Reference value :  9.61823e-07
 Reference value :  9.63030e-07
 Reference value :  9.64226e-07
 Reference value :  9.65465e-07
 Reference value :  9.66650e-07
 Reference value :  9.67884e-07
 Reference value :  9.69120e-07
 Reference value :  9.70341e-07
 Reference value :  9.71556e-07
 Reference value :  9.72792e-07
 Reference value :  9.74016e-07
 Reference value :  9.75232e-07
 Reference value :  9.76450e-07
 Reference value :  9.77648e-07
 Reference value :  9.78870e-07
 Reference value :  9.80112e-07
 Reference value :  9.81328e-07
 Reference value :  9.82537e-07
 Reference value :  9.83778e-07
 Reference value :  9.85020e-07
 Reference value :  9.86246e-07
 Reference value :  9.87447e-07
 Reference value :  9.88659e-07
 Reference value :  9.89968e-07
 Reference value :  9.91241e-07
 Reference value :  9.92496e-07
 Reference value :  9.93712e-07
 Reference value :  9.94938e-07
 Reference value :  9.96143e-07
 Reference value :  9.97338e-07
 Reference value :  9.98554e-07
 Reference value :  9.99845e-07
 Reference value :  1.00109e-06
 Reference value :  1.00232e-06
 Reference value :  1.00356e-06
 Reference value :  1.00482e-06
 Reference value :  1.00606e-06
 Reference value :  1.00726e-06
 Reference value :  1.00846e-06
 Reference value :  1.00966e-06
 Reference value :  1.01084e-06
 Reference value :  1.01206e-06
 Reference value :  1.01326e-06
 Reference value :  1.01449e-06
 Reference value :  1.01572e-06
 Reference value :  1.01692e-06
 Reference value :  1.01814e-06
 Reference value :  1.01936e-06
 Reference value :  1.02064e-06
 Reference value :  1.02183e-06
 Reference value :  1.02309e-06
 Reference value :  1.02429e-06
 Reference value :  1.02554e-06
 Reference value :  1.02676e-06
 Reference value :  1.02804e-06
 Reference value :  1.02927e-06
 Reference value :  1.03048e-06
 Reference value :  1.03170e-06
 Reference value :  1.03296e-06
 Reference value :  1.03419e-06
 Reference value :  1.03542e-06
 Reference value :  1.03668e-06
 Reference value :  1.03793e-06
 Reference value :  1.03921e-06
 Reference value :  1.04045e-06
 Reference value :  1.04167e-06
 Reference value :  1.04290e-06
 Reference value :  1.04412e-06
 Reference value :  1.04534e-06
 Reference value :  1.04658e-06
 Reference value :  1.04779e-06
 Reference value :  1.04907e-06
 Reference value :  1.05033e-06
 Reference value :  1.05160e-06
 Reference value :  1.05286e-06
 Reference value :  1.05409e-06
 Reference value :  1.05532e-06
 Reference value :  1.05654e-06
 Reference value :  1.05775e-06
 Reference value :  1.05898e-06
 Reference value :  1.06023e-06
 Reference value :  1.06149e-06
 Reference value :  1.06272e-06
 Reference value :  1.06395e-06
 Reference value :  1.06521e-06
 Reference value :  1.06645e-06
 Reference value :  1.06766e-06
 Reference value :  1.06884e-06
 Reference value :  1.07010e-06
 Reference value :  1.07210e-06
 Reference value :  1.07428e-06
 Reference value :  1.07557e-06
 Reference value :  1.07687e-06
 Reference value :  1.07849e-06
 Reference value :  1.07971e-06
 Reference value :  1.08091e-06
 Reference value :  1.08212e-06
 Reference value :  1.08338e-06
 Reference value :  1.08459e-06
 Reference value :  1.08580e-06
 Reference value :  1.08702e-06
 Reference value :  1.08828e-06
 Reference value :  1.08952e-06
 Reference value :  1.09072e-06
 Reference value :  1.09196e-06
 Reference value :  1.09321e-06
 Reference value :  1.09493e-06
 Reference value :  1.09657e-06
 Reference value :  1.09784e-06
 Reference value :  1.09944e-06
 Reference value :  1.10072e-06
 Reference value :  1.10194e-06
 Reference value :  1.10316e-06
 Reference value :  1.10438e-06
 Reference value :  1.10559e-06
 Reference value :  1.10680e-06
 Reference value :  1.10801e-06
 Reference value :  1.10967e-06
 Reference value :  1.11103e-06
 Reference value :  1.11224e-06
 Reference value :  1.11391e-06
 Reference value :  1.11515e-06
 Reference value :  1.11638e-06
 Reference value :  1.11755e-06
 Reference value :  1.11874e-06
 Reference value :  1.12001e-06
 Reference value :  1.12122e-06
 Reference value :  1.12247e-06
 Reference value :  1.12370e-06
 Reference value :  1.12495e-06
 Reference value :  1.12614e-06
 Reference value :  1.12738e-06
 Reference value :  1.12862e-06
 Reference value :  1.12984e-06
 Reference value :  1.13107e-06
 Reference value :  1.13230e-06
 Reference value :  1.13351e-06
 Reference value :  1.13472e-06
 Reference value :  1.13600e-06
 Reference value :  1.13725e-06
 Reference value :  1.13843e-06
 Reference value :  1.13969e-06
 Reference value :  1.14092e-06
 Reference value :  1.14220e-06
 Reference value :  1.14340e-06
 Reference value :  1.14462e-06
 Reference value :  1.14582e-06
 Reference value :  1.14703e-06
 Reference value :  1.14831e-06
 Reference value :  1.14959e-06
 Reference value :  1.15080e-06
 Reference value :  1.15203e-06
 Reference value :  1.15328e-06
 Reference value :  1.15453e-06
 Reference value :  1.15572e-06
 Reference value :  1.15700e-06
 Reference value :  1.15824e-06
 Reference value :  1.15957e-06
 Reference value :  1.16087e-06
 Reference value :  1.16206e-06
 Reference value :  1.16325e-06
 Reference value :  1.16449e-06
 Reference value :  1.16576e-06
 Reference value :  1.16699e-06
 Reference value :  1.16820e-06
 Reference value :  1.16943e-06
 Reference value :  1.17069e-06
 Reference value :  1.17191e-06
 Reference value :  1.17311e-06
 Reference value :  1.17432e-06
 Reference value :  1.17552e-06
 Reference value :  1.17674e-06
 Reference value :  1.17798e-06
 Reference value :  1.17917e-06
 Reference value :  1.18043e-06
 Reference value :  1.18170e-06
 Reference value :  1.18294e-06
 Reference value :  1.18417e-06
 Reference value :  1.18540e-06
 Reference value :  1.18660e-06
 Reference value :  1.18783e-06
 Reference value :  1.18908e-06
 Reference value :  1.19033e-06
 Reference value :  1.19156e-06
 Reference value :  1.19281e-06
 Reference value :  1.19404e-06
 Reference value :  1.19529e-06
 Reference value :  1.19654e-06
 Reference value :  1.19779e-06
 Reference value :  1.19904e-06
 Reference value :  1.20034e-06
 Reference value :  1.20153e-06
 Reference value :  1.20278e-06
 Reference value :  1.20401e-06
 Reference value :  1.20529e-06
 Reference value :  1.20654e-06
 Reference value :  1.20777e-06
 Reference value :  1.20906e-06
 Reference value :  1.21030e-06
 Reference value :  1.21156e-06
 Reference value :  1.21281e-06
 Reference value :  1.21405e-06
 Reference value :  1.21531e-06
 Reference value :  1.21656e-06
 Reference value :  1.21786e-06
 Reference value :  1.21909e-06
 Reference value :  1.22034e-06
 Reference value :  1.22160e-06
 Reference value :  1.22283e-06
 Reference value :  1.22405e-06
 Reference value :  1.22578e-06
 Reference value :  1.22705e-06
 Reference value :  1.22831e-06
 Reference value :  1.22953e-06
 Reference value :  1.23078e-06
 Reference value :  1.23201e-06
 Reference value :  1.23323e-06
 Reference value :  1.23449e-06
 Reference value :  1.23572e-06
 Reference value :  1.23694e-06
 Reference value :  1.23821e-06
 Reference value :  1.23949e-06
 Reference value :  1.24070e-06
 Reference value :  1.24197e-06
 Reference value :  1.24324e-06
 Reference value :  1.24447e-06
 Reference value :  1.24572e-06
 Reference value :  1.24695e-06
 Reference value :  1.24821e-06
 Reference value :  1.24943e-06
 Reference value :  1.25063e-06
 Reference value :  1.25187e-06
 Reference value :  1.25311e-06
 Reference value :  1.25432e-06
 Reference value :  1.25554e-06
 Reference value :  1.25675e-06
 Reference value :  1.25793e-06
 Reference value :  1.25917e-06
 Reference value :  1.26037e-06
 Reference value :  1.26164e-06
 Reference value :  1.26290e-06
 Reference value :  1.26415e-06
 Reference value :  1.26536e-06
 Reference value :  1.26662e-06
 Reference value :  1.26789e-06
 Reference value :  1.26910e-06
 Reference value :  1.27032e-06
 Reference value :  1.27155e-06
 Reference value :  1.27279e-06
 Reference value :  1.27404e-06
 Reference value :  1.27536e-06
 Reference value :  1.27657e-06
 Reference value :  1.27783e-06
 Reference value :  1.27908e-06
 Reference value :  1.28030e-06
 Reference value :  1.28160e-06
 Reference value :  1.28311e-06
 Reference value :  1.28435e-06
 Reference value :  1.28557e-06
 Reference value :  1.28690e-06
 Reference value :  1.28822e-06
 Reference value :  1.28944e-06
 Reference value :  1.29072e-06
 Reference value :  1.29201e-06
 Reference value :  1.29325e-06
 Reference value :  1.29447e-06
 Reference value :  1.29575e-06
 Reference value :  1.29701e-06
 Reference value :  1.29830e-06
 Reference value :  1.29954e-06
 Reference value :  1.30080e-06
 Reference value :  1.30210e-06
 Reference value :  1.30335e-06
 Reference value :  1.30461e-06
 Reference value :  1.30588e-06
 Reference value :  1.30717e-06
 Reference value :  1.30839e-06
 Reference value :  1.30962e-06
 Reference value :  1.31092e-06
 Reference value :  1.31218e-06
 Reference value :  1.31348e-06
 Reference value :  1.31479e-06
 Reference value :  1.31599e-06
 Reference value :  1.31727e-06
 Reference value :  1.31853e-06
 Reference value :  1.31979e-06
 Reference value :  1.32107e-06
 Reference value :  1.32232e-06
 Reference value :  1.32355e-06
 Reference value :  1.32490e-06
 Reference value :  1.32620e-06
 Reference value :  1.32755e-06
 Reference value :  1.32887e-06
 Reference value :  1.33020e-06
 Reference value :  1.33148e-06
 Reference value :  1.33271e-06
 Reference value :  1.33393e-06
 Reference value :  1.33516e-06
 Reference value :  1.33642e-06
 Reference value :  1.33775e-06
 Reference value :  1.33904e-06
 Reference value :  1.34026e-06
 Reference value :  1.34152e-06
 Reference value :  1.34275e-06
 Reference value :  1.34406e-06
 Reference value :  1.34538e-06
 Reference value :  1.34686e-06
 Reference value :  1.34820e-06
 Reference value :  1.34951e-06
 Reference value :  1.35086e-06
 Reference value :  1.35214e-06
 Reference value :  1.35344e-06
 Reference value :  1.35468e-06
 Reference value :  1.35591e-06
 Reference value :  1.35713e-06
 Reference value :  1.35836e-06
 Reference value :  1.35967e-06
 Reference value :  1.36092e-06
 Reference value :  1.36221e-06
 Reference value :  1.36345e-06
 Reference value :  1.36471e-06
 Reference value :  1.36596e-06
 Reference value :  1.36718e-06
 Reference value :  1.36841e-06
 Reference value :  1.37007e-06
 Reference value :  1.37131e-06
 Reference value :  1.37256e-06
 Reference value :  1.37384e-06
 Reference value :  1.37513e-06
 Reference value :  1.37639e-06
 Reference value :  1.37766e-06
 Reference value :  1.37886e-06
 Reference value :  1.38008e-06
 Reference value :  1.38142e-06
 Reference value :  1.38267e-06
 Reference value :  1.38392e-06
 Reference value :  1.38517e-06
 Reference value :  1.38644e-06
 Reference value :  1.38767e-06
 Reference value :  1.38892e-06
 Reference value :  1.39023e-06
 Reference value :  1.39154e-06
 Reference value :  1.39278e-06
 Reference value :  1.39401e-06
 Reference value :  1.39524e-06
 Reference value :  1.39647e-06
 Reference value :  1.39771e-06
 Reference value :  1.39900e-06
 Reference value :  1.40022e-06
 Reference value :  1.40145e-06
 Reference value :  1.40271e-06
 Reference value :  1.40391e-06
 Reference value :  1.40513e-06
 Reference value :  1.40633e-06
 Reference value :  1.40756e-06
 Reference value :  1.40877e-06
 Reference value :  1.41000e-06
 Reference value :  1.41127e-06
 Reference value :  1.41250e-06
 Reference value :  1.41374e-06
 Reference value :  1.41498e-06
 Reference value :  1.41623e-06
 Reference value :  1.41745e-06
 Reference value :  1.41867e-06
 Reference value :  1.41990e-06
 Reference value :  1.42120e-06
 Reference value :  1.42245e-06
 Reference value :  1.42367e-06
 Reference value :  1.42490e-06
 Reference value :  1.42611e-06
 Reference value :  1.42736e-06
 Reference value :  1.42858e-06
 Reference value :  1.42983e-06
 Reference value :  1.43104e-06
 Reference value :  1.43224e-06
 Reference value :  1.43345e-06
 Reference value :  1.43466e-06
 Reference value :  1.43586e-06
 Reference value :  1.43713e-06
 Reference value :  1.43840e-06
 Reference value :  1.43958e-06
 Reference value :  1.44077e-06
 Reference value :  1.44200e-06
 Reference value :  1.44323e-06
 Reference value :  1.44447e-06
 Reference value :  1.44567e-06
 Reference value :  1.44687e-06
 Reference value :  1.44810e-06
 Reference value :  1.44930e-06
 Reference value :  1.45051e-06
 Reference value :  1.45171e-06
 Reference value :  1.45292e-06
 Reference value :  1.45417e-06
 Reference value :  1.45536e-06
 Reference value :  1.45655e-06
 Reference value :  1.45788e-06
 Reference value :  1.45912e-06
 Reference value :  1.46035e-06
 Reference value :  1.46157e-06
 Reference value :  1.46279e-06
 Reference value :  1.46399e-06
 Reference value :  1.46521e-06
 Reference value :  1.46638e-06
 Reference value :  1.46764e-06
 Reference value :  1.46893e-06
 Reference value :  1.47017e-06
 Reference value :  1.47138e-06
 Reference value :  1.47263e-06
 Reference value :  1.47423e-06
 Reference value :  1.47544e-06
 Reference value :  1.47670e-06
 Reference value :  1.47790e-06
 Reference value :  1.47911e-06
 Reference value :  1.48040e-06
 Reference value :  1.48162e-06
 Reference value :  1.48284e-06
 Reference value :  1.48407e-06
 Reference value :  1.48533e-06
 Reference value :  1.48657e-06
 Reference value :  1.48779e-06
 Reference value :  1.48901e-06
 Reference value :  1.49020e-06
 Reference value :  1.49145e-06
 Reference value :  1.49269e-06
 Reference value :  1.49392e-06
 Reference value :  1.49507e-06
 Reference value :  1.49628e-06
 Reference value :  1.49748e-06
 Reference value :  1.49865e-06
 Reference value :  1.49985e-06
 Reference value :  1.50105e-06
 Reference value :  1.50228e-06
 Reference value :  1.50350e-06
 Reference value :  1.50467e-06
 Reference value :  1.50593e-06
 Reference value :  1.50710e-06
 Reference value :  1.50827e-06
 Reference value :  1.50941e-06
 Reference value :  1.51058e-06
 Reference value :  1.51178e-06
 Reference value :  1.51298e-06
 Reference value :  1.51417e-06
 Reference value :  1.51536e-06
 Reference value :  1.51655e-06
 Reference value :  1.51774e-06
 Reference value :  1.51897e-06
 Reference value :  1.52017e-06
 Reference value :  1.52132e-06
 Reference value :  1.52250e-06
 Reference value :  1.52366e-06
 Reference value :  1.52486e-06
 Reference value :  1.52601e-06
 Reference value :  1.52779e-06
 Reference value :  1.52947e-06
 Reference value :  1.53069e-06
 Reference value :  1.53193e-06
 Reference value :  1.53313e-06
 Reference value :  1.53435e-06
 Reference value :  1.53555e-06
 Reference value :  1.53678e-06
 Reference value :  1.53803e-06
 Reference value :  1.53925e-06
 Reference value :  1.54047e-06
 Reference value :  1.54169e-06
 Reference value :  1.54287e-06
 Reference value :  1.54414e-06
 Reference value :  1.54532e-06
 Reference value :  1.54652e-06
 Reference value :  1.54771e-06
 Reference value :  1.54891e-06
 Reference value :  1.55014e-06
 Reference value :  1.55136e-06
 Reference value :  1.55257e-06
 Reference value :  1.55379e-06
 Reference value :  1.55503e-06
 Reference value :  1.55624e-06
 Reference value :  1.55743e-06
 Reference value :  1.55866e-06
 Reference value :  1.55988e-06
 Reference value :  1.56113e-06
 Reference value :  1.56238e-06
 Reference value :  1.56365e-06
 Reference value :  1.56490e-06
 Reference value :  1.56610e-06
 Reference value :  1.56733e-06
 Reference value :  1.56858e-06
 Reference value :  1.56979e-06
 Reference value :  1.57104e-06
 Reference value :  1.57223e-06
 Reference value :  1.57348e-06
 Reference value :  1.57477e-06
 Reference value :  1.57603e-06
 Reference value :  1.57726e-06
 Reference value :  1.57847e-06
 Reference value :  1.57988e-06
 Reference value :  1.58135e-06
 Reference value :  1.58258e-06
 Reference value :  1.58385e-06
 Reference value :  1.58504e-06
 Reference value :  1.58624e-06
 Reference value :  1.58751e-06
 Reference value :  1.58873e-06
 Reference value :  1.58995e-06
 Reference value :  1.59122e-06
 Reference value :  1.59244e-06
 Reference value :  1.59363e-06
 Reference value :  1.59483e-06
 Reference value :  1.59608e-06
 Reference value :  1.59793e-06
 Reference value :  1.59913e-06
 Reference value :  1.60032e-06
 Reference value :  1.60152e-06
 Reference value :  1.60272e-06
 Reference value :  1.60391e-06
 Reference value :  1.60514e-06
 Reference value :  1.60632e-06
 Reference value :  1.60754e-06
 Reference value :  1.60871e-06
 Reference value :  1.60993e-06
 Reference value :  1.61114e-06
 Reference value :  1.61239e-06
 Reference value :  1.61366e-06
 Reference value :  1.61487e-06
 Reference value :  1.61608e-06
 Reference value :  1.61733e-06
 Reference value :  1.61854e-06
 Reference value :  1.61974e-06
 Reference value :  1.62100e-06
 Reference value :  1.62226e-06
 Reference value :  1.62360e-06
 Reference value :  1.62483e-06
 Reference value :  1.62612e-06
 Reference value :  1.62733e-06
 Reference value :  1.62854e-06
 Reference value :  1.62977e-06
 Reference value :  1.63101e-06
 Reference value :  1.63221e-06
 Reference value :  1.63344e-06
 Reference value :  1.63471e-06
 Reference value :  1.63599e-06
 Reference value :  1.63726e-06
 Reference value :  1.63857e-06
 Reference value :  1.63985e-06
 Reference value :  1.64102e-06
 Reference value :  1.64224e-06
 Reference value :  1.64347e-06
 Reference value :  1.64474e-06
 Reference value :  1.64601e-06
 Reference value :  1.64724e-06
 Reference value :  1.64844e-06
 Reference value :  1.64971e-06
 Reference value :  1.65100e-06
 Reference value :  1.65226e-06
 Reference value :  1.65356e-06
 Reference value :  1.65483e-06
 Reference value :  1.65608e-06
 Reference value :  1.65730e-06
 Reference value :  1.65853e-06
 Reference value :  1.65975e-06
 Reference value :  1.66096e-06
 Reference value :  1.66217e-06
 Reference value :  1.66338e-06
 Reference value :  1.66462e-06
 Reference value :  1.66583e-06
 Reference value :  1.66703e-06
 Reference value :  1.66827e-06
 Reference value :  1.66952e-06
 Reference value :  1.67076e-06
 Reference value :  1.67200e-06
 Reference value :  1.67326e-06
 Reference value :  1.67447e-06
 Reference value :  1.67571e-06
 Reference value :  1.67696e-06
 Reference value :  1.67822e-06
 Reference value :  1.67945e-06
 Reference value :  1.68078e-06
 Reference value :  1.68227e-06
 Reference value :  1.68348e-06
 Reference value :  1.68471e-06
 Reference value :  1.68598e-06
 Reference value :  1.68715e-06
 Reference value :  1.68839e-06
 Reference value :  1.68961e-06
 Reference value :  1.69089e-06
 Reference value :  1.69210e-06
 Reference value :  1.69330e-06
 Reference value :  1.69452e-06
 Reference value :  1.69572e-06
 Reference value :  1.69690e-06
 Reference value :  1.69811e-06
 Reference value :  1.69930e-06
 Reference value :  1.70049e-06
 Reference value :  1.70173e-06
 Reference value :  1.70296e-06
 Reference value :  1.70421e-06
 Reference value :  1.70543e-06
 Reference value :  1.70664e-06
 Reference value :  1.70787e-06
 Reference value :  1.70908e-06
 Reference value :  1.71029e-06
 Reference value :  1.71148e-06
 Reference value :  1.71273e-06
 Reference value :  1.71397e-06
 Reference value :  1.71519e-06
 Reference value :  1.71641e-06
 Reference value :  1.71766e-06
 Reference value :  1.71890e-06
 Reference value :  1.72010e-06
 Reference value :  1.72132e-06
 Reference value :  1.72257e-06
 Reference value :  1.72377e-06
 Reference value :  1.72498e-06
 Reference value :  1.72622e-06
 Reference value :  1.72744e-06
 Reference value :  1.72867e-06
 Reference value :  1.72994e-06
 Reference value :  1.73118e-06
 Reference value :  1.73244e-06
 Reference value :  1.73371e-06
 Reference value :  1.73498e-06
 Reference value :  1.73618e-06
 Reference value :  1.73740e-06
 Reference value :  1.73860e-06
 Reference value :  1.73983e-06
 Reference value :  1.74108e-06
 Reference value :  1.74232e-06
 Reference value :  1.74351e-06
 Reference value :  1.74476e-06
 Reference value :  1.74602e-06
 Reference value :  1.74720e-06
 Reference value :  1.74839e-06
 Reference value :  1.74960e-06
 Reference value :  1.75079e-06
 Reference value :  1.75202e-06
 Reference value :  1.75322e-06
 Reference value :  1.75445e-06
 Reference value :  1.75569e-06
 Reference value :  1.75687e-06
 Reference value :  1.75804e-06
 Reference value :  1.75931e-06
 Reference value :  1.76051e-06
 Reference value :  1.76171e-06
 Reference value :  1.76295e-06
 Reference value :  1.76417e-06
 Reference value :  1.76541e-06
 Reference value :  1.76669e-06
 Reference value :  1.76789e-06
 Reference value :  1.76908e-06
 Reference value :  1.77029e-06
 Reference value :  1.77153e-06
 Reference value :  1.77276e-06
 Reference value :  1.77396e-06
 Reference value :  1.77519e-06
 Reference value :  1.77640e-06
 Reference value :  1.77760e-06
 Reference value :  1.77880e-06
 Reference value :  1.78000e-06
 Reference value :  1.78123e-06
 Reference value :  1.78244e-06
 Reference value :  1.78362e-06
 Reference value :  1.78485e-06
 Reference value :  1.78609e-06
 Reference value :  1.78730e-06
 Reference value :  1.78853e-06
 Reference value :  1.78976e-06
 Reference value :  1.79098e-06
 Reference value :  1.79217e-06
 Reference value :  1.79337e-06
 Reference value :  1.79459e-06
 Reference value :  1.79578e-06
 Reference value :  1.79701e-06
 Reference value :  1.79819e-06
 Reference value :  1.79941e-06
 Reference value :  1.80064e-06
 Reference value :  1.80188e-06
 Reference value :  1.80309e-06
 Reference value :  1.80435e-06
 Reference value :  1.80556e-06
 Reference value :  1.80681e-06
 Reference value :  1.80799e-06
 Reference value :  1.80919e-06
 Reference value :  1.81040e-06
 Reference value :  1.81203e-06
 Reference value :  1.81323e-06
 Reference value :  1.81446e-06
 Reference value :  1.81568e-06
 Reference value :  1.81689e-06
 Reference value :  1.81813e-06
 Reference value :  1.81933e-06
 Reference value :  1.82056e-06
 Reference value :  1.82178e-06
 Reference value :  1.82305e-06
 Reference value :  1.82431e-06
 Reference value :  1.82554e-06
 Reference value :  1.82675e-06
 Reference value :  1.82803e-06
 Reference value :  1.82926e-06
 Reference value :  1.83048e-06
 Reference value :  1.83172e-06
 Reference value :  1.83296e-06
 Reference value :  1.83419e-06
 Reference value :  1.83539e-06
 Reference value :  1.83664e-06
 Reference value :  1.83791e-06
 Reference value :  1.83916e-06
 Reference value :  1.84051e-06
 Reference value :  1.84184e-06
 Reference value :  1.84322e-06
 Reference value :  1.84452e-06
 Reference value :  1.84571e-06
 Reference value :  1.84691e-06
 Reference value :  1.84831e-06
 Reference value :  1.84967e-06
 Reference value :  1.85089e-06
 Reference value :  1.85227e-06
 Reference value :  1.85351e-06
 Reference value :  1.85471e-06
 Reference value :  1.85593e-06
 Reference value :  1.85720e-06
 Reference value :  1.85845e-06
 Reference value :  1.85969e-06
 Reference value :  1.86095e-06
 Reference value :  1.86217e-06
 Reference value :  1.86339e-06
 Reference value :  1.86473e-06
 Reference value :  1.86595e-06
 Reference value :  1.86718e-06
 Reference value :  1.86842e-06
 Reference value :  1.86969e-06
 Reference value :  1.87091e-06
 Reference value :  1.87225e-06
 Reference value :  1.87358e-06
 Reference value :  1.87480e-06
 Reference value :  1.87606e-06
 Reference value :  1.87729e-06
 Reference value :  1.87855e-06
 Reference value :  1.87979e-06
 Reference value :  1.88100e-06
 Reference value :  1.88224e-06
 Reference value :  1.88352e-06
 Reference value :  1.88474e-06
 Reference value :  1.88596e-06
 Reference value :  1.88721e-06
 Reference value :  1.88844e-06
 Reference value :  1.88967e-06
 Reference value :  1.89101e-06
 Reference value :  1.89225e-06
 Reference value :  1.89345e-06
 Reference value :  1.89469e-06
 Reference value :  1.89600e-06
 Reference value :  1.89729e-06
 Reference value :  1.89855e-06
 Reference value :  1.89984e-06
 Reference value :  1.90117e-06
 Reference value :  1.90247e-06
 Reference value :  1.90368e-06
 Reference value :  1.90490e-06
 Reference value :  1.90611e-06
 Reference value :  1.90735e-06
 Reference value :  1.90858e-06
 Reference value :  1.90982e-06
 Reference value :  1.91110e-06
 Reference value :  1.91230e-06
 Reference value :  1.91355e-06
 Reference value :  1.91478e-06
 Reference value :  1.91609e-06
 Reference value :  1.91737e-06
 Reference value :  1.91870e-06
 Reference value :  1.91999e-06
 Reference value :  1.92123e-06
 Reference value :  1.92299e-06
 Reference value :  1.92427e-06
 Reference value :  1.92552e-06
 Reference value :  1.92677e-06
 Reference value :  1.92799e-06
 Reference value :  1.92925e-06
 Reference value :  1.93048e-06
 Reference value :  1.93171e-06
 Reference value :  1.93290e-06
 Reference value :  1.93414e-06
 Reference value :  1.93539e-06
 Reference value :  1.93659e-06
 Reference value :  1.93781e-06
 Reference value :  1.93905e-06
 Reference value :  1.94026e-06
 Reference value :  1.94145e-06
 Reference value :  1.94269e-06
 Reference value :  1.94395e-06
 Reference value :  1.94514e-06
 Reference value :  1.94636e-06
 Reference value :  1.94756e-06
 Reference value :  1.94880e-06
 Reference value :  1.95000e-06
 Reference value :  1.95121e-06
 Reference value :  1.95242e-06
 Reference value :  1.95363e-06
 Reference value :  1.95484e-06
 Reference value :  1.95604e-06
 Reference value :  1.95722e-06
 Reference value :  1.95845e-06
 Reference value :  1.95970e-06
 Reference value :  1.96092e-06
 Reference value :  1.96213e-06
 Reference value :  1.96342e-06
 Reference value :  1.96463e-06
 Reference value :  1.96584e-06
 Reference value :  1.96704e-06
 Reference value :  1.96825e-06
 Reference value :  1.96946e-06
 Reference value :  1.97067e-06
 Reference value :  1.97189e-06
 Reference value :  1.97315e-06
 Reference value :  1.97433e-06
 Reference value :  1.97554e-06
 Reference value :  1.97680e-06
 Reference value :  1.97801e-06
 Reference value :  1.97923e-06
 Reference value :  1.98045e-06
 Reference value :  1.98165e-06
 Reference value :  1.98287e-06
 Reference value :  1.98410e-06
 Reference value :  1.98527e-06
 Reference value :  1.98651e-06
 Reference value :  1.98774e-06
 Reference value :  1.98896e-06
 Reference value :  1.99021e-06
 Reference value :  1.99149e-06
 Reference value :  1.99269e-06
 Reference value :  1.99393e-06
 Reference value :  1.99522e-06
 Reference value :  1.99642e-06
 Reference value :  1.99762e-06
 Reference value :  1.99883e-06
 Reference value :  2.00006e-06
 Reference value :  2.00126e-06
 Reference value :  2.00250e-06
 Reference value :  2.00370e-06
 Reference value :  2.00497e-06
 Reference value :  2.00619e-06
 Reference value :  2.00737e-06
 Reference value :  2.00861e-06
 Reference value :  2.00981e-06
 Reference value :  2.01102e-06
 Reference value :  2.01222e-06
 Reference value :  2.01346e-06
 Reference value :  2.01465e-06
 Reference value :  2.01590e-06
 Reference value :  2.01712e-06
 Reference value :  2.01833e-06
 Reference value :  2.01970e-06
 Reference value :  2.02171e-06
 Reference value :  2.02314e-06
 Reference value :  2.02467e-06
 Reference value :  2.02597e-06
 Reference value :  2.02733e-06
 Reference value :  2.02919e-06
 Reference value :  2.03089e-06
 Reference value :  2.03211e-06
 Reference value :  2.03343e-06
 Reference value :  2.03482e-06
 Reference value :  2.03600e-06
 Reference value :  2.03726e-06
 Reference value :  2.03845e-06
 Reference value :  2.03966e-06
 Reference value :  2.04085e-06
 Reference value :  2.04202e-06
 Reference value :  2.04325e-06
 Reference value :  2.04441e-06
 Reference value :  2.04598e-06
 Reference value :  2.04722e-06
 Reference value :  2.04840e-06
 Reference value :  2.04960e-06
 Reference value :  2.05080e-06
 Reference value :  2.05200e-06
 Reference value :  2.05321e-06
 Reference value :  2.05437e-06
 Reference value :  2.05567e-06
 Reference value :  2.05689e-06
 Reference value :  2.05806e-06
 Reference value :  2.05929e-06
 Reference value :  2.06046e-06
 Reference value :  2.06167e-06
 Reference value :  2.06282e-06
 Reference value :  2.06399e-06
 Reference value :  2.06518e-06
 Reference value :  2.06640e-06
 Reference value :  2.06760e-06
 Reference value :  2.06879e-06
 Reference value :  2.07004e-06
 Reference value :  2.07123e-06
 Reference value :  2.07245e-06
 Reference value :  2.07370e-06
 Reference value :  2.07486e-06
 Reference value :  2.07606e-06
 Reference value :  2.07726e-06
 Reference value :  2.07844e-06
 Reference value :  2.07965e-06
 Reference value :  2.08084e-06
 Reference value :  2.08208e-06
 Reference value :  2.08324e-06
 Reference value :  2.08445e-06
 Reference value :  2.08570e-06
 Reference value :  2.08688e-06
 Reference value :  2.08806e-06
 Reference value :  2.08930e-06
 Reference value :  2.09055e-06
 Reference value :  2.09176e-06
 Reference value :  2.09295e-06
 Reference value :  2.09417e-06
 Reference value :  2.09541e-06
 Reference value :  2.09663e-06
 Reference value :  2.09781e-06
 Reference value :  2.09901e-06
 Reference value :  2.10023e-06
 Reference value :  2.10147e-06
 Reference value :  2.10267e-06
 Reference value :  2.10387e-06
 Reference value :  2.10505e-06
 Reference value :  2.10625e-06
 Reference value :  2.10742e-06
 Reference value :  2.10860e-06
 Reference value :  2.10982e-06
 Reference value :  2.11101e-06
 Reference value :  2.11227e-06
 Reference value :  2.11346e-06
 Reference value :  2.11465e-06
 Reference value :  2.11585e-06
 Reference value :  2.11706e-06
 Reference value :  2.11825e-06
 Reference value :  2.11943e-06
 Reference value :  2.12062e-06
 Reference value :  2.12181e-06
 Reference value :  2.12302e-06
 Reference value :  2.12417e-06
 Reference value :  2.12536e-06
 Reference value :  2.12655e-06
 Reference value :  2.12776e-06
 Reference value :  2.12897e-06
 Reference value :  2.13020e-06
 Reference value :  2.13141e-06
 Reference value :  2.13263e-06
 Reference value :  2.13384e-06
 Reference value :  2.13506e-06
 Reference value :  2.13630e-06
 Reference value :  2.13755e-06
 Reference value :  2.13876e-06
 Reference value :  2.13999e-06
 Reference value :  2.14123e-06
 Reference value :  2.14245e-06
 Reference value :  2.14367e-06
 Reference value :  2.14486e-06
 Reference value :  2.14610e-06
 Reference value :  2.14740e-06
 Reference value :  2.14863e-06
 Reference value :  2.14985e-06
 Reference value :  2.15109e-06
 Reference value :  2.15232e-06
 Reference value :  2.15350e-06
 Reference value :  2.15475e-06
 Reference value :  2.15596e-06
 Reference value :  2.15717e-06
 Reference value :  2.15840e-06
 Reference value :  2.15966e-06
 Reference value :  2.16087e-06
 Reference value :  2.16212e-06
 Reference value :  2.16336e-06
 Reference value :  2.16460e-06
 Reference value :  2.16580e-06
 Reference value :  2.16699e-06
 Reference value :  2.16822e-06
 Reference value :  2.16945e-06
 Reference value :  2.17068e-06
 Reference value :  2.17190e-06
 Reference value :  2.17315e-06
 Reference value :  2.17438e-06
 Reference value :  2.17561e-06
 Reference value :  2.17681e-06
 Reference value :  2.17805e-06
 Reference value :  2.17928e-06
 Reference value :  2.18054e-06
 Reference value :  2.18182e-06
 Reference value :  2.18308e-06
 Reference value :  2.18431e-06
 Reference value :  2.18554e-06
 Reference value :  2.18676e-06
 Reference value :  2.18800e-06
 Reference value :  2.18922e-06
 Reference value :  2.19046e-06
 Reference value :  2.19173e-06
 Reference value :  2.19297e-06
 Reference value :  2.19426e-06
 Reference value :  2.19554e-06
 Reference value :  2.19678e-06
 Reference value :  2.19800e-06
 Reference value :  2.19927e-06
 Reference value :  2.20048e-06
 Reference value :  2.20169e-06
 Reference value :  2.20296e-06
 Reference value :  2.20419e-06
 Reference value :  2.20541e-06
 Reference value :  2.20664e-06
 Reference value :  2.20788e-06
 Reference value :  2.20911e-06
 Reference value :  2.21033e-06
 Reference value :  2.21153e-06
 Reference value :  2.21277e-06
 Reference value :  2.21398e-06
 Reference value :  2.21524e-06
 Reference value :  2.21646e-06
 Reference value :  2.21769e-06
 Reference value :  2.21890e-06
 Reference value :  2.22009e-06
 Reference value :  2.22130e-06
 Reference value :  2.22252e-06
 Reference value :  2.22378e-06
 Reference value :  2.22497e-06
 Reference value :  2.22624e-06
 Reference value :  2.22749e-06
 Reference value :  2.22898e-06
 Reference value :  2.23048e-06
 Reference value :  2.23174e-06
 Reference value :  2.23297e-06
 Reference value :  2.23424e-06
 Reference value :  2.23552e-06
 Reference value :  2.23680e-06
 Reference value :  2.23810e-06
 Reference value :  2.23934e-06
 Reference value :  2.24058e-06
 Reference value :  2.24182e-06
 Reference value :  2.24302e-06
 Reference value :  2.24431e-06
 Reference value :  2.24558e-06
 Reference value :  2.24679e-06
 Reference value :  2.24852e-06
 Reference value :  2.24979e-06
 Reference value :  2.25110e-06
 Reference value :  2.25242e-06
 Reference value :  2.25370e-06
 Reference value :  2.25506e-06
 Reference value :  2.25630e-06
 Reference value :  2.25753e-06
 Reference value :  2.25879e-06
 Reference value :  2.26000e-06
 Reference value :  2.26135e-06
 Reference value :  2.26255e-06
 Reference value :  2.26376e-06
 Reference value :  2.26496e-06
 Reference value :  2.26627e-06
 Reference value :  2.26763e-06
 Reference value :  2.26898e-06
 Reference value :  2.27029e-06
 Reference value :  2.27186e-06
 Reference value :  2.27317e-06
 Reference value :  2.27444e-06
 Reference value :  2.27565e-06
 Reference value :  2.27686e-06
 Reference value :  2.27807e-06
 Reference value :  2.27931e-06
 Reference value :  2.28055e-06
 Reference value :  2.28175e-06
 Reference value :  2.28294e-06
 Reference value :  2.28416e-06
 Reference value :  2.28544e-06
 Reference value :  2.28666e-06
 Reference value :  2.28791e-06
 Reference value :  2.28917e-06
 Reference value :  2.29039e-06
 Reference value :  2.29160e-06
 Reference value :  2.29286e-06
 Reference value :  2.29414e-06
 Reference value :  2.29535e-06
 Reference value :  2.29658e-06
 Reference value :  2.29779e-06
 Reference value :  2.29904e-06
 Reference value :  2.30026e-06
 Reference value :  2.30152e-06
 Reference value :  2.30276e-06
 Reference value :  2.30395e-06
 Reference value :  2.30516e-06
 Reference value :  2.30640e-06
 Reference value :  2.30765e-06
 Reference value :  2.30890e-06
 Reference value :  2.31014e-06
 Reference value :  2.31141e-06
 Reference value :  2.31266e-06
 Reference value :  2.31390e-06
 Reference value :  2.31516e-06
 Reference value :  2.31646e-06
 Reference value :  2.31774e-06
 Reference value :  2.31899e-06
 Reference value :  2.32023e-06
 Reference value :  2.32145e-06
 Reference value :  2.32268e-06
 Reference value :  2.32389e-06
 Reference value :  2.32508e-06
 Reference value :  2.32629e-06
 Reference value :  2.32750e-06
 Reference value :  2.32875e-06
 Reference value :  2.32995e-06
 Reference value :  2.33122e-06
 Reference value :  2.33246e-06
 Reference value :  2.33366e-06
 Reference value :  2.33486e-06
 Reference value :  2.33608e-06
 Reference value :  2.33732e-06
 Reference value :  2.33856e-06
 Reference value :  2.33981e-06
 Reference value :  2.34102e-06
 Reference value :  2.34223e-06
 Reference value :  2.34345e-06
 Reference value :  2.34467e-06
 Reference value :  2.34591e-06
 Reference value :  2.34720e-06
 Reference value :  2.34842e-06
 Reference value :  2.34967e-06
 Reference value :  2.35092e-06
 Reference value :  2.35212e-06
 Reference value :  2.35337e-06
 Reference value :  2.35461e-06
 Reference value :  2.35585e-06
 Reference value :  2.35708e-06
 Reference value :  2.35830e-06
 Reference value :  2.35951e-06
 Reference value :  2.36070e-06
 Reference value :  2.36192e-06
 Reference value :  2.36312e-06
 Reference value :  2.36436e-06
 Reference value :  2.36556e-06
 Reference value :  2.36679e-06
 Reference value :  2.36799e-06
 Reference value :  2.36920e-06
 Reference value :  2.37040e-06
 Reference value :  2.37166e-06
 Reference value :  2.37289e-06
 Reference value :  2.37411e-06
 Reference value :  2.37534e-06
 Reference value :  2.37660e-06
 Reference value :  2.37781e-06
 Reference value :  2.37900e-06
 Reference value :  2.38025e-06
 Reference value :  2.38145e-06
 Reference value :  2.38272e-06
 Reference value :  2.38434e-06
 Reference value :  2.38567e-06
 Reference value :  2.38693e-06
 Reference value :  2.38817e-06
 Reference value :  2.38938e-06
 Reference value :  2.39063e-06
 Reference value :  2.39189e-06
 Reference value :  2.39318e-06
 Reference value :  2.39442e-06
 Reference value :  2.39563e-06
 Reference value :  2.39691e-06
 Reference value :  2.39813e-06
 Reference value :  2.39933e-06
No. of Data Rows : 3120009
tk                  =  3.69994e-09
tk                  =  5.97915e-09
tk                  =  8.25839e-09
tk                  =  1.05372e-08
tk                  =  1.28169e-08
tk                  =  1.50958e-08
tk                  =  1.73751e-08
tk                  =  1.96536e-08
tk                  =  2.19322e-08
tk                  =  2.42118e-08
tk                  =  2.64912e-08
tk                  =  2.87702e-08
tk                  =  3.10498e-08
tk                  =  3.33286e-08
tk                  =  3.56081e-08
tk                  =  3.78871e-08
tk                  =  4.01666e-08
tk                  =  4.24455e-08
tk                  =  4.47251e-08
tk                  =  4.70034e-08
tk                  =  4.92818e-08
tk                  =  5.15611e-08
tk                  =  5.38405e-08
tk                  =  5.61202e-08
tk                  =  5.83991e-08
tk                  =  6.06784e-08
tk                  =  6.29585e-08
tk                  =  6.52373e-08
tk                  =  6.75164e-08
tk                  =  6.97956e-08
tk                  =  7.20753e-08
tk                  =  7.43547e-08
tk                  =  7.66336e-08
tk                  =  7.89129e-08
tk                  =  8.11918e-08
tk                  =  8.34701e-08
tk                  =  8.57495e-08
tk                  =  8.80289e-08
tk                  =  9.03077e-08
tk                  =  9.25867e-08
tk                  =  9.48670e-08
tk                  =  9.71462e-08
tk                  =  9.94254e-08
tk                  =  1.01704e-07
tk                  =  1.03984e-07
tk                  =  1.06263e-07
tk                  =  1.08542e-07
tk                  =  1.10821e-07
tk                  =  1.13100e-07
tk                  =  1.15379e-07
tk                  =  1.17658e-07
tk                  =  1.19937e-07
tk                  =  1.22215e-07
tk                  =  1.24494e-07
tk                  =  1.26773e-07
tk                  =  1.29053e-07
tk                  =  1.31332e-07
tk                  =  1.33611e-07
tk                  =  1.35890e-07
tk                  =  1.38170e-07
tk                  =  1.40449e-07
tk                  =  1.42729e-07
tk                  =  1.45008e-07
tk                  =  1.47286e-07
tk                  =  1.49565e-07
tk                  =  1.51844e-07
tk                  =  1.54123e-07
tk                  =  1.56402e-07
tk                  =  1.58682e-07
tk                  =  1.60961e-07
tk                  =  1.63240e-07
tk                  =  1.65519e-07
tk                  =  1.67798e-07
tk                  =  1.70077e-07
tk                  =  1.72356e-07
tk                  =  1.74635e-07
tk                  =  1.76914e-07
tk                  =  1.79193e-07
tk                  =  1.81472e-07
tk                  =  1.83752e-07
tk                  =  1.86031e-07
tk                  =  1.88310e-07
tk                  =  1.90590e-07
tk                  =  1.92869e-07
tk                  =  1.95148e-07
tk                  =  1.97427e-07
tk                  =  1.99706e-07
tk                  =  2.01985e-07
tk                  =  2.04266e-07
tk                  =  2.06545e-07
tk                  =  2.08824e-07
tk                  =  2.11103e-07
tk                  =  2.13382e-07
tk                  =  2.15660e-07
tk                  =  2.17939e-07
tk                  =  2.20219e-07
tk                  =  2.22498e-07
tk                  =  2.24777e-07
tk                  =  2.27056e-07
tk                  =  2.29335e-07
tk                  =  2.31614e-07
tk                  =  2.33893e-07
tk                  =  2.36173e-07
tk                  =  2.38452e-07
tk                  =  2.40731e-07
tk                  =  2.43010e-07
tk                  =  2.45289e-07
tk                  =  2.47568e-07
tk                  =  2.49847e-07
tk                  =  2.52126e-07
tk                  =  2.54405e-07
tk                  =  2.56683e-07
tk                  =  2.58962e-07
tk                  =  2.61241e-07
tk                  =  2.63520e-07
tk                  =  2.65798e-07
tk                  =  2.68078e-07
tk                  =  2.70357e-07
tk                  =  2.72636e-07
tk                  =  2.74915e-07
tk                  =  2.77194e-07
tk                  =  2.79473e-07
tk                  =  2.81753e-07
tk                  =  2.84032e-07
tk                  =  2.86312e-07
tk                  =  2.88591e-07
tk                  =  2.90870e-07
tk                  =  2.93150e-07
tk                  =  2.95429e-07
tk                  =  2.97708e-07
tk                  =  2.99987e-07
tk                  =  3.02266e-07
tk                  =  3.04546e-07
tk                  =  3.06825e-07
tk                  =  3.09104e-07
tk                  =  3.11384e-07
tk                  =  3.13662e-07
tk                  =  3.15942e-07
tk                  =  3.18221e-07
tk                  =  3.20499e-07
tk                  =  3.22778e-07
tk                  =  3.25057e-07
tk                  =  3.27337e-07
tk                  =  3.29616e-07
tk                  =  3.31896e-07
tk                  =  3.34175e-07
tk                  =  3.36455e-07
tk                  =  3.38734e-07
tk                  =  3.41013e-07
tk                  =  3.43292e-07
tk                  =  3.45572e-07
tk                  =  3.47851e-07
tk                  =  3.50131e-07
tk                  =  3.52410e-07
tk                  =  3.54689e-07
tk                  =  3.56969e-07
tk                  =  3.59247e-07
tk                  =  3.61526e-07
tk                  =  3.63806e-07
tk                  =  3.66085e-07
tk                  =  3.68364e-07
tk                  =  3.70644e-07
tk                  =  3.72922e-07
tk                  =  3.75202e-07
tk                  =  3.77480e-07
tk                  =  3.79760e-07
tk                  =  3.82039e-07
tk                  =  3.84318e-07
tk                  =  3.86597e-07
tk                  =  3.88876e-07
tk                  =  3.91156e-07
tk                  =  3.93435e-07
tk                  =  3.95714e-07
tk                  =  3.97993e-07
tk                  =  4.00273e-07
tk                  =  4.02551e-07
tk                  =  4.04831e-07
tk                  =  4.07110e-07
tk                  =  4.09388e-07
tk                  =  4.11667e-07
tk                  =  4.13947e-07
tk                  =  4.16225e-07
tk                  =  4.18505e-07
tk                  =  4.20783e-07
tk                  =  4.23062e-07
tk                  =  4.25341e-07
tk                  =  4.27620e-07
tk                  =  4.29899e-07
tk                  =  4.32177e-07
tk                  =  4.34457e-07
tk                  =  4.36736e-07
tk                  =  4.39015e-07
tk                  =  4.41294e-07
tk                  =  4.43573e-07
tk                  =  4.45853e-07
tk                  =  4.48132e-07
tk                  =  4.50411e-07
tk                  =  4.52691e-07
tk                  =  4.54970e-07
tk                  =  4.57250e-07
tk                  =  4.59529e-07
tk                  =  4.61808e-07
tk                  =  4.64087e-07
tk                  =  4.66366e-07
tk                  =  4.68645e-07
tk                  =  4.70924e-07
tk                  =  4.73203e-07
tk                  =  4.75483e-07
tk                  =  4.77762e-07
tk                  =  4.80041e-07
tk                  =  4.82319e-07
tk                  =  4.84599e-07
tk                  =  4.86878e-07
tk                  =  4.89158e-07
tk                  =  4.91438e-07
tk                  =  4.93717e-07
tk                  =  4.95995e-07
tk                  =  4.98275e-07
tk                  =  5.00553e-07
tk                  =  5.02833e-07
tk                  =  5.05112e-07
tk                  =  5.07390e-07
tk                  =  5.09670e-07
tk                  =  5.11949e-07
tk                  =  5.14228e-07
tk                  =  5.16507e-07
tk                  =  5.18787e-07
tk                  =  5.21066e-07
tk                  =  5.23345e-07
tk                  =  5.25625e-07
tk                  =  5.27904e-07
tk                  =  5.30184e-07
tk                  =  5.32463e-07
tk                  =  5.34742e-07
tk                  =  5.37020e-07
tk                  =  5.39299e-07
tk                  =  5.41579e-07
tk                  =  5.43858e-07
tk                  =  5.46137e-07
tk                  =  5.48416e-07
tk                  =  5.50695e-07
tk                  =  5.52974e-07
tk                  =  5.55253e-07
tk                  =  5.57532e-07
tk                  =  5.59811e-07
tk                  =  5.62090e-07
tk                  =  5.64369e-07
tk                  =  5.66648e-07
tk                  =  5.68927e-07
tk                  =  5.71206e-07
tk                  =  5.73486e-07
tk                  =  5.75765e-07
tk                  =  5.78044e-07
tk                  =  5.80324e-07
tk                  =  5.82603e-07
tk                  =  5.84882e-07
tk                  =  5.87161e-07
tk                  =  5.89441e-07
tk                  =  5.91719e-07
tk                  =  5.93998e-07
tk                  =  5.96277e-07
tk                  =  5.98556e-07
tk                  =  6.00835e-07
tk                  =  6.03114e-07
tk                  =  6.05393e-07
tk                  =  6.07672e-07
tk                  =  6.09951e-07
tk                  =  6.12231e-07
tk                  =  6.14510e-07
tk                  =  6.16788e-07
tk                  =  6.19068e-07
tk                  =  6.21347e-07
tk                  =  6.23627e-07
tk                  =  6.25905e-07
tk                  =  6.28184e-07
tk                  =  6.30463e-07
tk                  =  6.32743e-07
tk                  =  6.35021e-07
tk                  =  6.37301e-07
tk                  =  6.39580e-07
tk                  =  6.41859e-07
tk                  =  6.44138e-07
tk                  =  6.46417e-07
tk                  =  6.48696e-07
tk                  =  6.50975e-07
tk                  =  6.53254e-07
tk                  =  6.55533e-07
tk                  =  6.57812e-07
tk                  =  6.60091e-07
tk                  =  6.62370e-07
tk                  =  6.64649e-07
tk                  =  6.66928e-07
tk                  =  6.69208e-07
tk                  =  6.71486e-07
tk                  =  6.73765e-07
tk                  =  6.76044e-07
tk                  =  6.78323e-07
tk                  =  6.80602e-07
tk                  =  6.82881e-07
tk                  =  6.85160e-07
tk                  =  6.87439e-07
tk                  =  6.89718e-07
tk                  =  6.91997e-07
tk                  =  6.94276e-07
tk                  =  6.96556e-07
tk                  =  6.98834e-07
tk                  =  7.01114e-07
tk                  =  7.03393e-07
tk                  =  7.05672e-07
tk                  =  7.07951e-07
tk                  =  7.10230e-07
tk                  =  7.12510e-07
tk                  =  7.14789e-07
tk                  =  7.17068e-07
tk                  =  7.19346e-07
tk                  =  7.21626e-07
tk                  =  7.23905e-07
tk                  =  7.26184e-07
tk                  =  7.28463e-07
tk                  =  7.30742e-07
tk                  =  7.33022e-07
tk                  =  7.35301e-07
tk                  =  7.37580e-07
tk                  =  7.39860e-07
tk                  =  7.42139e-07
tk                  =  7.44418e-07
tk                  =  7.46697e-07
tk                  =  7.48976e-07
tk                  =  7.51254e-07
tk                  =  7.53534e-07
tk                  =  7.55813e-07
tk                  =  7.58093e-07
tk                  =  7.60371e-07
tk                  =  7.62650e-07
tk                  =  7.64929e-07
tk                  =  7.67208e-07
tk                  =  7.69487e-07
tk                  =  7.71767e-07
tk                  =  7.74045e-07
tk                  =  7.76324e-07
tk                  =  7.78602e-07
tk                  =  7.80881e-07
tk                  =  7.83160e-07
tk                  =  7.85440e-07
tk                  =  7.87719e-07
tk                  =  7.89998e-07
tk                  =  7.92276e-07
tk                  =  7.94556e-07
tk                  =  7.96834e-07
tk                  =  7.99113e-07
tk                  =  8.01393e-07
tk                  =  8.03672e-07
tk                  =  8.05951e-07
tk                  =  8.08230e-07
tk                  =  8.10509e-07
tk                  =  8.12788e-07
tk                  =  8.15068e-07
tk                  =  8.17347e-07
tk                  =  8.19626e-07
tk                  =  8.21904e-07
tk                  =  8.24184e-07
tk                  =  8.26464e-07
tk                  =  8.28743e-07
tk                  =  8.31021e-07
tk                  =  8.33301e-07
tk                  =  8.35580e-07
tk                  =  8.37859e-07
tk                  =  8.40138e-07
tk                  =  8.42418e-07
tk                  =  8.44697e-07
tk                  =  8.46976e-07
tk                  =  8.49254e-07
tk                  =  8.51533e-07
tk                  =  8.53812e-07
tk                  =  8.56091e-07
tk                  =  8.58370e-07
tk                  =  8.60649e-07
tk                  =  8.62929e-07
tk                  =  8.65209e-07
tk                  =  8.67487e-07
tk                  =  8.69767e-07
tk                  =  8.72046e-07
tk                  =  8.74326e-07
tk                  =  8.76604e-07
tk                  =  8.78883e-07
tk                  =  8.81162e-07
tk                  =  8.83441e-07
tk                  =  8.85720e-07
tk                  =  8.87999e-07
tk                  =  8.90279e-07
tk                  =  8.92558e-07
tk                  =  8.94837e-07
tk                  =  8.97116e-07
tk                  =  8.99395e-07
tk                  =  9.01673e-07
tk                  =  9.03952e-07
tk                  =  9.06231e-07
tk                  =  9.08511e-07
tk                  =  9.10790e-07
tk                  =  9.13068e-07
tk                  =  9.15347e-07
tk                  =  9.17627e-07
tk                  =  9.19906e-07
tk                  =  9.22185e-07
tk                  =  9.24464e-07
tk                  =  9.26744e-07
tk                  =  9.29022e-07
tk                  =  9.31301e-07
tk                  =  9.33580e-07
tk                  =  9.35861e-07
tk                  =  9.38140e-07
tk                  =  9.40418e-07
tk                  =  9.42698e-07
tk                  =  9.44977e-07
tk                  =  9.47257e-07
tk                  =  9.49535e-07
tk                  =  9.51815e-07
tk                  =  9.54094e-07
tk                  =  9.56373e-07
tk                  =  9.58652e-07
tk                  =  9.60931e-07
tk                  =  9.63211e-07
tk                  =  9.65490e-07
tk                  =  9.67770e-07
tk                  =  9.70048e-07
tk                  =  9.72327e-07
tk                  =  9.74606e-07
tk                  =  9.76886e-07
tk                  =  9.79165e-07
tk                  =  9.81444e-07
tk                  =  9.83724e-07
tk                  =  9.86002e-07
tk                  =  9.88281e-07
tk                  =  9.90560e-07
tk                  =  9.92840e-07
tk                  =  9.95118e-07
tk                  =  9.97398e-07
tk                  =  9.99677e-07
tk                  =  1.00196e-06
tk                  =  1.00424e-06
tk                  =  1.00651e-06
tk                  =  1.00879e-06
tk                  =  1.01107e-06
tk                  =  1.01335e-06
tk                  =  1.01563e-06
tk                  =  1.01791e-06
tk                  =  1.02019e-06
tk                  =  1.02247e-06
tk                  =  1.02475e-06
tk                  =  1.02703e-06
tk                  =  1.02931e-06
tk                  =  1.03159e-06
tk                  =  1.03386e-06
tk                  =  1.03614e-06
tk                  =  1.03842e-06
tk                  =  1.04070e-06
tk                  =  1.04298e-06
tk                  =  1.04526e-06
tk                  =  1.04754e-06
tk                  =  1.04982e-06
tk                  =  1.05210e-06
tk                  =  1.05438e-06
tk                  =  1.05666e-06
tk                  =  1.05894e-06
tk                  =  1.06122e-06
tk                  =  1.06349e-06
tk                  =  1.06577e-06
tk                  =  1.06805e-06
tk                  =  1.07033e-06
tk                  =  1.07261e-06
tk                  =  1.07489e-06
tk                  =  1.07717e-06
tk                  =  1.07945e-06
tk                  =  1.08173e-06
tk                  =  1.08401e-06
tk                  =  1.08629e-06
tk                  =  1.08857e-06
tk                  =  1.09085e-06
tk                  =  1.09313e-06
tk                  =  1.09541e-06
tk                  =  1.09768e-06
tk                  =  1.09996e-06
tk                  =  1.10224e-06
tk                  =  1.10452e-06
tk                  =  1.10680e-06
tk                  =  1.10908e-06
tk                  =  1.11136e-06
tk                  =  1.11364e-06
tk                  =  1.11592e-06
tk                  =  1.11820e-06
tk                  =  1.12047e-06
tk                  =  1.12275e-06
tk                  =  1.12503e-06
tk                  =  1.12731e-06
tk                  =  1.12959e-06
tk                  =  1.13187e-06
tk                  =  1.13415e-06
tk                  =  1.13643e-06
tk                  =  1.13871e-06
tk                  =  1.14099e-06
tk                  =  1.14327e-06
tk                  =  1.14555e-06
tk                  =  1.14783e-06
tk                  =  1.15010e-06
tk                  =  1.15238e-06
tk                  =  1.15466e-06
tk                  =  1.15694e-06
tk                  =  1.15922e-06
tk                  =  1.16150e-06
tk                  =  1.16378e-06
tk                  =  1.16606e-06
tk                  =  1.16834e-06
tk                  =  1.17062e-06
tk                  =  1.17290e-06
tk                  =  1.17518e-06
tk                  =  1.17745e-06
tk                  =  1.17973e-06
tk                  =  1.18201e-06
tk                  =  1.18429e-06
tk                  =  1.18657e-06
tk                  =  1.18885e-06
tk                  =  1.19113e-06
tk                  =  1.19341e-06
tk                  =  1.19569e-06
tk                  =  1.19797e-06
tk                  =  1.20025e-06
tk                  =  1.20253e-06
tk                  =  1.20480e-06
tk                  =  1.20708e-06
tk                  =  1.20936e-06
tk                  =  1.21164e-06
tk                  =  1.21392e-06
tk                  =  1.21620e-06
tk                  =  1.21848e-06
tk                  =  1.22076e-06
tk                  =  1.22304e-06
tk                  =  1.22532e-06
tk                  =  1.22760e-06
tk                  =  1.22988e-06
tk                  =  1.23216e-06
tk                  =  1.23444e-06
tk                  =  1.23671e-06
tk                  =  1.23899e-06
tk                  =  1.24127e-06
tk                  =  1.24355e-06
tk                  =  1.24583e-06
tk                  =  1.24811e-06
tk                  =  1.25039e-06
tk                  =  1.25267e-06
tk                  =  1.25495e-06
tk                  =  1.25723e-06
tk                  =  1.25951e-06
tk                  =  1.26179e-06
tk                  =  1.26406e-06
tk                  =  1.26634e-06
tk                  =  1.26862e-06
tk                  =  1.27090e-06
tk                  =  1.27318e-06
tk                  =  1.27546e-06
tk                  =  1.27774e-06
tk                  =  1.28002e-06
tk                  =  1.28230e-06
tk                  =  1.28458e-06
tk                  =  1.28685e-06
tk                  =  1.28913e-06
tk                  =  1.29141e-06
tk                  =  1.29369e-06
tk                  =  1.29597e-06
tk                  =  1.29825e-06
tk                  =  1.30053e-06
tk                  =  1.30281e-06
tk                  =  1.30509e-06
tk                  =  1.30737e-06
tk                  =  1.30965e-06
tk                  =  1.31193e-06
tk                  =  1.31420e-06
tk                  =  1.31648e-06
tk                  =  1.31876e-06
tk                  =  1.32104e-06
tk                  =  1.32332e-06
tk                  =  1.32560e-06
tk                  =  1.32788e-06
tk                  =  1.33016e-06
tk                  =  1.33244e-06
tk                  =  1.33472e-06
tk                  =  1.33700e-06
tk                  =  1.33928e-06
tk                  =  1.34155e-06
tk                  =  1.34383e-06
tk                  =  1.34611e-06
tk                  =  1.34839e-06
tk                  =  1.35067e-06
tk                  =  1.35295e-06
tk                  =  1.35523e-06
tk                  =  1.35751e-06
tk                  =  1.35979e-06
tk                  =  1.36207e-06
tk                  =  1.36435e-06
tk                  =  1.36663e-06
tk                  =  1.36890e-06
tk                  =  1.37118e-06
tk                  =  1.37346e-06
tk                  =  1.37574e-06
tk                  =  1.37802e-06
tk                  =  1.38030e-06
tk                  =  1.38258e-06
tk                  =  1.38486e-06
tk                  =  1.38714e-06
tk                  =  1.38942e-06
tk                  =  1.39170e-06
tk                  =  1.39398e-06
tk                  =  1.39625e-06
tk                  =  1.39853e-06
tk                  =  1.40081e-06
tk                  =  1.40309e-06
tk                  =  1.40537e-06
tk                  =  1.40765e-06
tk                  =  1.40993e-06
tk                  =  1.41221e-06
tk                  =  1.41449e-06
tk                  =  1.41677e-06
tk                  =  1.41905e-06
tk                  =  1.42132e-06
tk                  =  1.42360e-06
tk                  =  1.42588e-06
tk                  =  1.42816e-06
tk                  =  1.43044e-06
tk                  =  1.43272e-06
tk                  =  1.43500e-06
tk                  =  1.43728e-06
tk                  =  1.43956e-06
tk                  =  1.44184e-06
tk                  =  1.44412e-06
tk                  =  1.44639e-06
tk                  =  1.44867e-06
tk                  =  1.45095e-06
tk                  =  1.45323e-06
tk                  =  1.45551e-06
tk                  =  1.45779e-06
tk                  =  1.46007e-06
tk                  =  1.46235e-06
tk                  =  1.46463e-06
tk                  =  1.46690e-06
tk                  =  1.46918e-06
tk                  =  1.47146e-06
tk                  =  1.47374e-06
tk                  =  1.47602e-06
tk                  =  1.47830e-06
tk                  =  1.48058e-06
tk                  =  1.48286e-06
tk                  =  1.48514e-06
tk                  =  1.48742e-06
tk                  =  1.48970e-06
tk                  =  1.49198e-06
tk                  =  1.49425e-06
tk                  =  1.49653e-06
tk                  =  1.49881e-06
tk                  =  1.50109e-06
tk                  =  1.50337e-06
tk                  =  1.50565e-06
tk                  =  1.50793e-06
tk                  =  1.51021e-06
tk                  =  1.51249e-06
tk                  =  1.51477e-06
tk                  =  1.51705e-06
tk                  =  1.51933e-06
tk                  =  1.52160e-06
tk                  =  1.52388e-06
tk                  =  1.52616e-06
tk                  =  1.52844e-06
tk                  =  1.53072e-06
tk                  =  1.53300e-06
tk                  =  1.53528e-06
tk                  =  1.53756e-06
tk                  =  1.53984e-06
tk                  =  1.54212e-06
tk                  =  1.54440e-06
tk                  =  1.54668e-06
tk                  =  1.54896e-06
tk                  =  1.55123e-06
tk                  =  1.55351e-06
tk                  =  1.55579e-06
tk                  =  1.55807e-06
tk                  =  1.56035e-06
tk                  =  1.56263e-06
tk                  =  1.56491e-06
tk                  =  1.56719e-06
tk                  =  1.56947e-06
tk                  =  1.57175e-06
tk                  =  1.57403e-06
tk                  =  1.57631e-06
tk                  =  1.57859e-06
tk                  =  1.58086e-06
tk                  =  1.58314e-06
tk                  =  1.58542e-06
tk                  =  1.58770e-06
tk                  =  1.58998e-06
tk                  =  1.59226e-06
tk                  =  1.59454e-06
tk                  =  1.59682e-06
tk                  =  1.59910e-06
tk                  =  1.60138e-06
tk                  =  1.60366e-06
tk                  =  1.60594e-06
tk                  =  1.60821e-06
tk                  =  1.61049e-06
tk                  =  1.61277e-06
tk                  =  1.61505e-06
tk                  =  1.61733e-06
tk                  =  1.61961e-06
tk                  =  1.62189e-06
tk                  =  1.62417e-06
tk                  =  1.62645e-06
tk                  =  1.62873e-06
tk                  =  1.63101e-06
tk                  =  1.63329e-06
tk                  =  1.63557e-06
tk                  =  1.63784e-06
tk                  =  1.64012e-06
tk                  =  1.64240e-06
tk                  =  1.64468e-06
tk                  =  1.64696e-06
tk                  =  1.64924e-06
tk                  =  1.65152e-06
tk                  =  1.65380e-06
tk                  =  1.65608e-06
tk                  =  1.65836e-06
tk                  =  1.66064e-06
tk                  =  1.66292e-06
tk                  =  1.66519e-06
tk                  =  1.66747e-06
tk                  =  1.66975e-06
tk                  =  1.67203e-06
tk                  =  1.67431e-06
tk                  =  1.67659e-06
tk                  =  1.67887e-06
tk                  =  1.68115e-06
tk                  =  1.68343e-06
tk                  =  1.68571e-06
tk                  =  1.68799e-06
tk                  =  1.69027e-06
tk                  =  1.69254e-06
tk                  =  1.69482e-06
tk                  =  1.69710e-06
tk                  =  1.69938e-06
tk                  =  1.70166e-06
tk                  =  1.70394e-06
tk                  =  1.70622e-06
tk                  =  1.70850e-06
tk                  =  1.71078e-06
tk                  =  1.71305e-06
tk                  =  1.71533e-06
tk                  =  1.71761e-06
tk                  =  1.71989e-06
tk                  =  1.72217e-06
tk                  =  1.72445e-06
tk                  =  1.72673e-06
tk                  =  1.72901e-06
tk                  =  1.73129e-06
tk                  =  1.73357e-06
tk                  =  1.73585e-06
tk                  =  1.73812e-06
tk                  =  1.74040e-06
tk                  =  1.74268e-06
tk                  =  1.74496e-06
tk                  =  1.74724e-06
tk                  =  1.74952e-06
tk                  =  1.75180e-06
tk                  =  1.75408e-06
qw0                 =  -1.31865e-02
qw1                 =  -3.94087e-02
m_period = 2.2791332031e-09
m_f_osc = 4.3876329766e+08
m_period_startup16 = 2.2791650000e-09
m_period_b00 = 2.2791637500e-09
m_period_b01 = 2.2791333333e-09
m_period_b02 = 2.2791208333e-09
m_period_b03 = 2.2791354167e-09
m_period_b04 = 2.2791666667e-09
m_period_b05 = 2.2790875000e-09
m_period_b06 = 2.2790875000e-09
m_period_b07 = 2.2790833333e-09
m_period_b08 = 2.2791270833e-09
m_period_b09 = 2.2792291667e-09
m_period_b10 = 2.2791666667e-09
m_period_b11 = 2.2791666667e-09
m_period_b12 = 2.2791250000e-09
m_period_b13 = 2.2791250000e-09
m_period_b14 = 2.2792083333e-09
m_period_b15 = 2.2790625000e-09
m_sigma_1 = 4.8848891744e-13
m_sigma_2 = 5.7785483039e-13
m_sigma_4 = 6.9618982180e-13
m_sigma_8 = 9.1252741892e-13
m_sigma_16 = 1.3258377976e-12
m_sigma_32 = 1.9938416100e-12
m_sigma_64 = 3.2433119711e-12
m_sigma_128 = 5.2852887392e-12
m_sigma_startup16_1 = 3.6201602174e-13
m_sigma_startup16_2 = 4.3522272350e-13
m_sigma_startup16_4 = 6.0357167696e-13
m_sigma_startup16_8 = 8.6789054609e-13
m_i_ring_a = 2.2471399403e-05
m_p_active_w = 8.1571179836e-05
m_e_per_cycle_j = 1.8591158438e-13
m_c_eff_node_f = 2.8217803029e-15
m_vsup_v = 3.6300000001e+00
Note: Simulation executed from .control section 

Warning: m=xx on .subckt line will override multiplier m hierarchy!

