
Note: Compatibility modes selected: hs a


Circuit: * ro-inv-03stage-jitter @ tt_27c_3.30v -- generated by sim/harness, do not edit

Doing analysis at TEMP = 27.000000 and TNOM = 27.000000

Using SPARSE 1.3 as Direct Linear Solver

Initial Transient Solution
--------------------------

Node                                   Voltage
----                                   -------
vdd                                        3.3
n2                                         3.3
g1                                           0
n3                                 5.43322e-09
g2                                         3.3
n1                                           0
g3                                 5.43322e-09
xing                                     -1.65
xs40                                     -1.32
xs60                                     -1.98
bs60#branch                                  0
bs40#branch                                  0
bxing#branch                                 0
vn3#branch                                   0
vn2#branch                                   0
vn1#branch                                   0
vdd#branch                        -0.000497416

 Reference value :  1.07650e-09
 Reference value :  6.56030e-09
 Reference value :  1.15807e-08
 Reference value :  1.67107e-08
 Reference value :  2.16601e-08
 Reference value :  2.69035e-08
 Reference value :  3.22235e-08
 Reference value :  3.68575e-08
 Reference value :  4.17775e-08
 Reference value :  4.63965e-08
 Reference value :  5.10165e-08
 Reference value :  5.55485e-08
 Reference value :  6.01500e-08
 Reference value :  6.51145e-08
 Reference value :  6.98445e-08
 Reference value :  7.51445e-08
 Reference value :  7.99435e-08
 Reference value :  8.46975e-08
 Reference value :  8.93625e-08
 Reference value :  9.42601e-08
 Reference value :  9.89907e-08
 Reference value :  1.03954e-07
 Reference value :  1.08558e-07
No. of Data Rows : 143009
ts40                =  1.47875e-09
ts60                =  1.49781e-09
tk                  =  4.02114e-10
tk                  =  7.64054e-10
tk                  =  1.12599e-09
tk                  =  1.48794e-09
tk                  =  1.84983e-09
tk                  =  2.21188e-09
tk                  =  2.57390e-09
tk                  =  2.93588e-09
tk                  =  3.29790e-09
tk                  =  3.65987e-09
tk                  =  4.02169e-09
tk                  =  4.38365e-09
tk                  =  4.74570e-09
tk                  =  5.10756e-09
tk                  =  5.46944e-09
tk                  =  5.83139e-09
tk                  =  6.19329e-09
tk                  =  6.55531e-09
tk                  =  6.91727e-09
tk                  =  7.27922e-09
tk                  =  7.64107e-09
tk                  =  8.00307e-09
tk                  =  8.36502e-09
tk                  =  8.72698e-09
tk                  =  9.08874e-09
tk                  =  9.45070e-09
tk                  =  9.81254e-09
tk                  =  1.01745e-08
tk                  =  1.05365e-08
tk                  =  1.08984e-08
tk                  =  1.12603e-08
tk                  =  1.16222e-08
tk                  =  1.19841e-08
tk                  =  1.23459e-08
tk                  =  1.27080e-08
tk                  =  1.30698e-08
tk                  =  1.34318e-08
tk                  =  1.37937e-08
tk                  =  1.41557e-08
tk                  =  1.45177e-08
tk                  =  1.48797e-08
tk                  =  1.52416e-08
tk                  =  1.56036e-08
tk                  =  1.59655e-08
tk                  =  1.63274e-08
tk                  =  1.66895e-08
tk                  =  1.70514e-08
tk                  =  1.74133e-08
tk                  =  1.77753e-08
tk                  =  1.81373e-08
tk                  =  1.84993e-08
tk                  =  1.88612e-08
tk                  =  1.92231e-08
tk                  =  1.95850e-08
tk                  =  1.99469e-08
tk                  =  2.03090e-08
tk                  =  2.06708e-08
tk                  =  2.10328e-08
tk                  =  2.13948e-08
tk                  =  2.17568e-08
tk                  =  2.21186e-08
tk                  =  2.24805e-08
tk                  =  2.28425e-08
tk                  =  2.32044e-08
tk                  =  2.35664e-08
tk                  =  2.39283e-08
tk                  =  2.42903e-08
tk                  =  2.46523e-08
tk                  =  2.50142e-08
tk                  =  2.53761e-08
tk                  =  2.57381e-08
tk                  =  2.61001e-08
tk                  =  2.64620e-08
tk                  =  2.68240e-08
tk                  =  2.71860e-08
tk                  =  2.75481e-08
tk                  =  2.79101e-08
tk                  =  2.82721e-08
tk                  =  2.86341e-08
tk                  =  2.89959e-08
tk                  =  2.93579e-08
tk                  =  2.97199e-08
tk                  =  3.00818e-08
tk                  =  3.04437e-08
tk                  =  3.08057e-08
tk                  =  3.11676e-08
tk                  =  3.15296e-08
tk                  =  3.18916e-08
tk                  =  3.22535e-08
tk                  =  3.26155e-08
tk                  =  3.29775e-08
tk                  =  3.33394e-08
tk                  =  3.37013e-08
tk                  =  3.40633e-08
tk                  =  3.44253e-08
tk                  =  3.47873e-08
tk                  =  3.51492e-08
tk                  =  3.55112e-08
tk                  =  3.58732e-08
tk                  =  3.62351e-08
tk                  =  3.65970e-08
tk                  =  3.69590e-08
tk                  =  3.73210e-08
tk                  =  3.76829e-08
tk                  =  3.80449e-08
tk                  =  3.84067e-08
tk                  =  3.87687e-08
tk                  =  3.91307e-08
tk                  =  3.94927e-08
tk                  =  3.98546e-08
tk                  =  4.02165e-08
tk                  =  4.05784e-08
tk                  =  4.09404e-08
tk                  =  4.13022e-08
tk                  =  4.16642e-08
tk                  =  4.20262e-08
tk                  =  4.23881e-08
tk                  =  4.27500e-08
tk                  =  4.31118e-08
tk                  =  4.34737e-08
tk                  =  4.38356e-08
tk                  =  4.41975e-08
tk                  =  4.45595e-08
tk                  =  4.49215e-08
tk                  =  4.52835e-08
tk                  =  4.56456e-08
tk                  =  4.60076e-08
tk                  =  4.63697e-08
tk                  =  4.67316e-08
m_period = 3.6194926875e-10
m_f_osc = 2.7628181249e+09
m_slew_v_per_s = 3.4625675463e+10
m_sigma_1 = 6.4360507466e-14
m_sigma_2 = 8.7112097002e-14
m_sigma_4 = 1.2528363042e-13
m_sigma_8 = 1.7674034127e-13
m_sigma_16 = 2.6167383429e-13
m_sigma_32 = 3.7623290805e-13
Note: Simulation executed from .control section 

Warning: m=xx on .subckt line will override multiplier m hierarchy!

