
Note: Compatibility modes selected: hs a


Circuit: * ro-inv-03stage-jitter @ tt_27c_3.30v -- generated by sim/harness, do not edit

Doing analysis at TEMP = 27.000000 and TNOM = 27.000000

Using SPARSE 1.3 as Direct Linear Solver

Initial Transient Solution
--------------------------

Node                                   Voltage
----                                   -------
vdd                                        3.3
n2                                         3.3
g1                                           0
n3                                 5.43322e-09
g2                                         3.3
n1                                           0
g3                                 5.43322e-09
xing                                     -1.65
xs40                                     -1.32
xs60                                     -1.98
bs60#branch                                  0
bs40#branch                                  0
bxing#branch                                 0
vn3#branch                                   0
vn2#branch                                   0
vn1#branch                                   0
vdd#branch                        -0.000497416

 Reference value :  8.76500e-10
 Reference value :  5.77450e-09
 Reference value :  1.05525e-08
 Reference value :  1.53603e-08
 Reference value :  2.04115e-08
 Reference value :  2.51655e-08
 Reference value :  2.96815e-08
 Reference value :  3.43175e-08
 Reference value :  3.91900e-08
 Reference value :  4.39265e-08
 Reference value :  4.84865e-08
 Reference value :  5.31435e-08
 Reference value :  5.77655e-08
 Reference value :  6.24355e-08
 Reference value :  6.69945e-08
 Reference value :  7.18375e-08
 Reference value :  7.63345e-08
 Reference value :  8.11155e-08
 Reference value :  8.57725e-08
 Reference value :  9.05035e-08
 Reference value :  9.54055e-08
 Reference value :  1.00071e-07
 Reference value :  1.04757e-07
No. of Data Rows : 143009
ts40                =  1.47856e-09
ts60                =  1.49766e-09
tk                  =  4.02085e-10
tk                  =  7.64033e-10
tk                  =  1.12582e-09
tk                  =  1.48780e-09
tk                  =  1.84953e-09
tk                  =  2.21150e-09
tk                  =  2.57347e-09
tk                  =  2.93542e-09
tk                  =  3.29724e-09
tk                  =  3.65929e-09
tk                  =  4.02115e-09
tk                  =  4.38301e-09
tk                  =  4.74487e-09
tk                  =  5.10683e-09
tk                  =  5.46869e-09
tk                  =  5.83065e-09
tk                  =  6.19262e-09
tk                  =  6.55457e-09
tk                  =  6.91639e-09
tk                  =  7.27847e-09
tk                  =  7.64021e-09
tk                  =  8.00218e-09
tk                  =  8.36412e-09
tk                  =  8.72622e-09
tk                  =  9.08812e-09
tk                  =  9.45018e-09
tk                  =  9.81212e-09
tk                  =  1.01740e-08
tk                  =  1.05359e-08
tk                  =  1.08980e-08
tk                  =  1.12599e-08
tk                  =  1.16219e-08
tk                  =  1.19839e-08
tk                  =  1.23458e-08
tk                  =  1.27078e-08
tk                  =  1.30696e-08
tk                  =  1.34317e-08
tk                  =  1.37936e-08
tk                  =  1.41555e-08
tk                  =  1.45174e-08
tk                  =  1.48795e-08
tk                  =  1.52415e-08
tk                  =  1.56036e-08
tk                  =  1.59656e-08
tk                  =  1.63277e-08
tk                  =  1.66896e-08
tk                  =  1.70513e-08
tk                  =  1.74132e-08
tk                  =  1.77752e-08
tk                  =  1.81372e-08
tk                  =  1.84992e-08
tk                  =  1.88610e-08
tk                  =  1.92230e-08
tk                  =  1.95850e-08
tk                  =  1.99470e-08
tk                  =  2.03090e-08
tk                  =  2.06708e-08
tk                  =  2.10327e-08
tk                  =  2.13947e-08
tk                  =  2.17567e-08
tk                  =  2.21187e-08
tk                  =  2.24807e-08
tk                  =  2.28426e-08
tk                  =  2.32045e-08
tk                  =  2.35665e-08
tk                  =  2.39285e-08
tk                  =  2.42904e-08
tk                  =  2.46524e-08
tk                  =  2.50144e-08
tk                  =  2.53764e-08
tk                  =  2.57382e-08
tk                  =  2.61002e-08
tk                  =  2.64623e-08
tk                  =  2.68241e-08
tk                  =  2.71861e-08
tk                  =  2.75481e-08
tk                  =  2.79100e-08
tk                  =  2.82719e-08
tk                  =  2.86338e-08
tk                  =  2.89958e-08
tk                  =  2.93577e-08
tk                  =  2.97197e-08
tk                  =  3.00817e-08
tk                  =  3.04437e-08
tk                  =  3.08056e-08
tk                  =  3.11675e-08
tk                  =  3.15295e-08
tk                  =  3.18915e-08
tk                  =  3.22534e-08
tk                  =  3.26154e-08
tk                  =  3.29774e-08
tk                  =  3.33395e-08
tk                  =  3.37014e-08
tk                  =  3.40634e-08
tk                  =  3.44254e-08
tk                  =  3.47874e-08
tk                  =  3.51493e-08
tk                  =  3.55112e-08
tk                  =  3.58731e-08
tk                  =  3.62350e-08
tk                  =  3.65970e-08
tk                  =  3.69589e-08
tk                  =  3.73208e-08
tk                  =  3.76827e-08
tk                  =  3.80447e-08
tk                  =  3.84067e-08
tk                  =  3.87687e-08
tk                  =  3.91306e-08
tk                  =  3.94925e-08
tk                  =  3.98546e-08
tk                  =  4.02165e-08
tk                  =  4.05785e-08
tk                  =  4.09404e-08
tk                  =  4.13024e-08
tk                  =  4.16643e-08
tk                  =  4.20262e-08
tk                  =  4.23881e-08
tk                  =  4.27500e-08
tk                  =  4.31120e-08
tk                  =  4.34740e-08
tk                  =  4.38360e-08
tk                  =  4.41979e-08
tk                  =  4.45598e-08
tk                  =  4.49217e-08
tk                  =  4.52837e-08
tk                  =  4.56457e-08
tk                  =  4.60077e-08
tk                  =  4.63695e-08
tk                  =  4.67316e-08
m_period = 3.6194902109e-10
m_f_osc = 2.7628200153e+09
m_slew_v_per_s = 3.4562211981e+10
m_sigma_1 = 7.5459689037e-14
m_sigma_2 = 9.6324807148e-14
m_sigma_4 = 1.3159574545e-13
m_sigma_8 = 1.7269043165e-13
m_sigma_16 = 2.4294664383e-13
m_sigma_32 = 3.2886263420e-13
Note: Simulation executed from .control section 

Warning: m=xx on .subckt line will override multiplier m hierarchy!

