
Note: Compatibility modes selected: hs a


Circuit: * ro-inv-03stage-jitter @ tt_27c_3.30v -- generated by sim/harness, do not edit

Doing analysis at TEMP = 27.000000 and TNOM = 27.000000

Using SPARSE 1.3 as Direct Linear Solver

Initial Transient Solution
--------------------------

Node                                   Voltage
----                                   -------
vdd                                        3.3
n2                                         3.3
g1                                           0
n3                                 5.43322e-09
g2                                         3.3
n1                                           0
g3                                 5.43322e-09
xing                                     -1.65
xs40                                     -1.32
xs60                                     -1.98
bs60#branch                                  0
bs40#branch                                  0
bxing#branch                                 0
vn3#branch                                   0
vn2#branch                                   0
vn1#branch                                   0
vdd#branch                        -0.000497416

 Reference value :  1.14070e-09
 Reference value :  6.35850e-09
 Reference value :  1.15892e-08
 Reference value :  1.65755e-08
 Reference value :  2.14292e-08
 Reference value :  2.65535e-08
 Reference value :  3.17615e-08
 Reference value :  3.66600e-08
 Reference value :  4.12685e-08
 Reference value :  4.57375e-08
 Reference value :  5.03585e-08
 Reference value :  5.50992e-08
 Reference value :  6.00101e-08
 Reference value :  6.45215e-08
 Reference value :  6.93600e-08
 Reference value :  7.44615e-08
 Reference value :  7.90575e-08
 Reference value :  8.38935e-08
 Reference value :  8.85475e-08
 Reference value :  9.31235e-08
 Reference value :  9.82675e-08
 Reference value :  1.02794e-07
 Reference value :  1.07361e-07
No. of Data Rows : 143009
ts40                =  1.47874e-09
ts60                =  1.49782e-09
tk                  =  4.01967e-10
tk                  =  7.63959e-10
tk                  =  1.12591e-09
tk                  =  1.48792e-09
tk                  =  1.84973e-09
tk                  =  2.21165e-09
tk                  =  2.57375e-09
tk                  =  2.93568e-09
tk                  =  3.29776e-09
tk                  =  3.65965e-09
tk                  =  4.02152e-09
tk                  =  4.38351e-09
tk                  =  4.74530e-09
tk                  =  5.10734e-09
tk                  =  5.46936e-09
tk                  =  5.83144e-09
tk                  =  6.19337e-09
tk                  =  6.55533e-09
tk                  =  6.91736e-09
tk                  =  7.27936e-09
tk                  =  7.64126e-09
tk                  =  8.00323e-09
tk                  =  8.36516e-09
tk                  =  8.72710e-09
tk                  =  9.08913e-09
tk                  =  9.45113e-09
tk                  =  9.81321e-09
tk                  =  1.01753e-08
tk                  =  1.05372e-08
tk                  =  1.08992e-08
tk                  =  1.12611e-08
tk                  =  1.16232e-08
tk                  =  1.19851e-08
tk                  =  1.23472e-08
tk                  =  1.27093e-08
tk                  =  1.30712e-08
tk                  =  1.34331e-08
tk                  =  1.37952e-08
tk                  =  1.41572e-08
tk                  =  1.45191e-08
tk                  =  1.48812e-08
tk                  =  1.52432e-08
tk                  =  1.56051e-08
tk                  =  1.59671e-08
tk                  =  1.63290e-08
tk                  =  1.66911e-08
tk                  =  1.70530e-08
tk                  =  1.74150e-08
tk                  =  1.77770e-08
tk                  =  1.81390e-08
tk                  =  1.85009e-08
tk                  =  1.88629e-08
tk                  =  1.92248e-08
tk                  =  1.95866e-08
tk                  =  1.99485e-08
tk                  =  2.03105e-08
tk                  =  2.06724e-08
tk                  =  2.10343e-08
tk                  =  2.13964e-08
tk                  =  2.17585e-08
tk                  =  2.21204e-08
tk                  =  2.24823e-08
tk                  =  2.28443e-08
tk                  =  2.32062e-08
tk                  =  2.35682e-08
tk                  =  2.39302e-08
tk                  =  2.42921e-08
tk                  =  2.46540e-08
tk                  =  2.50161e-08
tk                  =  2.53780e-08
tk                  =  2.57399e-08
tk                  =  2.61019e-08
tk                  =  2.64638e-08
tk                  =  2.68257e-08
tk                  =  2.71876e-08
tk                  =  2.75496e-08
tk                  =  2.79115e-08
tk                  =  2.82735e-08
tk                  =  2.86354e-08
tk                  =  2.89974e-08
tk                  =  2.93592e-08
tk                  =  2.97211e-08
tk                  =  3.00831e-08
tk                  =  3.04451e-08
tk                  =  3.08070e-08
tk                  =  3.11690e-08
tk                  =  3.15310e-08
tk                  =  3.18929e-08
tk                  =  3.22548e-08
tk                  =  3.26169e-08
tk                  =  3.29788e-08
tk                  =  3.33407e-08
tk                  =  3.37026e-08
tk                  =  3.40644e-08
tk                  =  3.44264e-08
tk                  =  3.47884e-08
tk                  =  3.51504e-08
tk                  =  3.55124e-08
tk                  =  3.58743e-08
tk                  =  3.62362e-08
tk                  =  3.65982e-08
tk                  =  3.69601e-08
tk                  =  3.73219e-08
tk                  =  3.76839e-08
tk                  =  3.80457e-08
tk                  =  3.84078e-08
tk                  =  3.87697e-08
tk                  =  3.91317e-08
tk                  =  3.94938e-08
tk                  =  3.98558e-08
tk                  =  4.02177e-08
tk                  =  4.05797e-08
tk                  =  4.09415e-08
tk                  =  4.13034e-08
tk                  =  4.16655e-08
tk                  =  4.20275e-08
tk                  =  4.23895e-08
tk                  =  4.27515e-08
tk                  =  4.31134e-08
tk                  =  4.34754e-08
tk                  =  4.38373e-08
tk                  =  4.41994e-08
tk                  =  4.45613e-08
tk                  =  4.49233e-08
tk                  =  4.52853e-08
tk                  =  4.56471e-08
tk                  =  4.60092e-08
tk                  =  4.63711e-08
tk                  =  4.67330e-08
m_period = 3.6196096172e-10
m_f_osc = 2.7627288734e+09
m_slew_v_per_s = 3.4580320654e+10
m_sigma_1 = 7.3396392368e-14
m_sigma_2 = 1.0180861360e-13
m_sigma_4 = 1.4104423276e-13
m_sigma_8 = 1.8893474232e-13
m_sigma_16 = 3.3534178840e-13
m_sigma_32 = 6.1232230699e-13
Note: Simulation executed from .control section 

Warning: m=xx on .subckt line will override multiplier m hierarchy!

