
Note: Compatibility modes selected: hs a


Circuit: * sampler-dff-reset-clocked @ sf_27c_3.63v -- generated by sim/harness, do not edit

Doing analysis at TEMP = 27.000000 and TNOM = 27.000000

Using SPARSE 1.3 as Direct Linear Solver

Initial Transient Solution
--------------------------

Node                                   Voltage
----                                   -------
vdd                                       3.63
rst_n                                        0
clk                                          0
d                                         3.63
xdut.clkb                                 3.63
xdut.m                                    3.63
xdut.mb                                   3.63
xdut.mmid                              2.99631
xdut.mc                            4.36338e-08
xdut.s                                    3.63
q                                  2.15297e-08
xdut.qb                                   3.63
xdut.s2mid                           0.0170189
vth                                      1.815
bvth#branch                                  0
vd#branch                         -1.11023e-11
vclk#branch                                  0
vrst#branch                                  0
vdd#branch                        -4.30148e-11

 Reference value :  0.00000e+00
 Reference value :  1.55528e-07
 Reference value :  3.11328e-07
 Reference value :  4.73528e-07
 Reference value :  6.30294e-07
 Reference value :  7.97594e-07
 Reference value :  9.56394e-07
 Reference value :  1.11822e-06
 Reference value :  1.28382e-06
 Reference value :  1.44632e-06
 Reference value :  1.60449e-06
 Reference value :  1.76779e-06
 Reference value :  1.93619e-06
 Reference value :  2.10842e-06
 Reference value :  2.27162e-06
 Reference value :  2.43732e-06
 Reference value :  2.60299e-06
 Reference value :  2.76729e-06
 Reference value :  2.93079e-06
 Reference value :  3.09962e-06
 Reference value :  3.26212e-06
 Reference value :  3.42642e-06
 Reference value :  3.58999e-06
 Reference value :  3.74855e-06
 Reference value :  3.91745e-06
 Reference value :  4.08001e-06
 Reference value :  4.24241e-06
 Reference value :  4.41041e-06
 Reference value :  4.56948e-06
 Reference value :  4.73098e-06
 Reference value :  4.89528e-06
 Reference value :  5.06314e-06
 Reference value :  5.23134e-06
 Reference value :  5.40364e-06
 Reference value :  5.56841e-06
 Reference value :  5.73311e-06
 Reference value :  5.90231e-06
No. of Data Rows : 60182
q_rst_max           =  1.48106e-01 at=  3.50000e-06
s_rst_min           =  3.07373e+00 at=  1.00000e-06
q_rel               =  3.16760e-06
q_cap               =  3.63000e+00
mb_rst_min          =  3.46214e+00 at=  3.00000e-06
m_q_rst_max_v = 1.4810560000e-01
m_q_rst_max_frac = 4.0800440771e-02
m_s_rst_min_v = 3.0737260000e+00
m_s_rst_dev_frac = 1.5324352617e-01
m_mb_rst_min_v = 3.4621360000e+00
m_q_rel_v = 3.1676020000e-06
m_q_cap_v = 3.6300030000e+00
Note: Simulation executed from .control section 

Warning: m=xx on .subckt line will override multiplier m hierarchy!

