
Note: Compatibility modes selected: hs a


Circuit: * ro-array-core-startup @ ss_-40c_2.97v -- generated by sim/harness, do not edit

Doing analysis at TEMP = -40.000000 and TNOM = 27.000000

Using SPARSE 1.3 as Direct Linear Solver

Initial Transient Solution
--------------------------

Node                                   Voltage
----                                   -------
vsup                                      2.97
en                                           0
xdut.xr1.xg.py                            2.97
xdut.xr1.n1                               2.97
xdut.ro1                                  2.97
xdut.xr1.xg.nm                         2.23561
xdut.xr1.xg.ny                     2.26466e-13
xdut.xr1.x1.py                            2.97
xdut.xr1.n2                        1.02528e-07
xdut.xr1.x1.ny                     8.63558e-08
xdut.xr1.x2.py                            2.97
xdut.xr1.n3                               2.97
xdut.xr1.x2.ny                     9.55186e-13
xdut.xr1.x3.py                            2.97
xdut.xr1.n4                        1.02528e-07
xdut.xr1.x3.ny                     8.63558e-08
xdut.xr1.x4.py                            2.97
xdut.xr1.n5                               2.97
xdut.xr1.x4.ny                     9.55186e-13
xdut.xr1.x5.py                            2.97
xdut.xr1.n6                        1.02528e-07
xdut.xr1.x5.ny                     8.63558e-08
xdut.xr1.x6.py                            2.97
xdut.xr1.n7                               2.97
xdut.xr1.x6.ny                     9.55186e-13
xdut.xr1.x7.py                            2.97
xdut.xr1.n8                        1.02528e-07
xdut.xr1.x7.ny                     8.63558e-08
xdut.xr1.x8.py                            2.97
xdut.xr1.n9                               2.97
xdut.xr1.x8.ny                     9.55186e-13
xdut.xr1.x9.py                            2.97
xdut.xr1.n10                       1.02528e-07
xdut.xr1.x9.ny                     8.63558e-08
xdut.xr1.x10.py                           2.97
xdut.xr1.x10.ny                    9.55186e-13
xdut.xr2.xg.py                            2.97
xdut.xr2.n1                               2.97
xdut.ro2                                  2.97
xdut.xr2.xg.nm                         2.23561
xdut.xr2.xg.ny                       2.094e-13
xdut.xr2.x1.py                            2.97
xdut.xr2.n2                        9.60084e-08
xdut.xr2.x1.ny                      7.9836e-08
xdut.xr2.x2.py                            2.97
xdut.xr2.n3                               2.97
xdut.xr2.x2.ny                     8.83025e-13
xdut.xr2.x3.py                            2.97
xdut.xr2.n4                        9.60084e-08
xdut.xr2.x3.ny                      7.9836e-08
xdut.xr2.x4.py                            2.97
xdut.xr2.n5                               2.97
xdut.xr2.x4.ny                     8.83025e-13
xdut.xr2.x5.py                            2.97
xdut.xr2.n6                        9.60084e-08
xdut.xr2.x5.ny                      7.9836e-08
xdut.xr2.x6.py                            2.97
xdut.xr2.n7                               2.97
xdut.xr2.x6.ny                     8.83025e-13
xdut.xr2.x7.py                            2.97
xdut.xr2.n8                        9.60084e-08
xdut.xr2.x7.ny                      7.9836e-08
xdut.xr2.x8.py                            2.97
xdut.xr2.n9                               2.97
xdut.xr2.x8.ny                     8.83025e-13
xdut.xr2.x9.py                            2.97
xdut.xr2.n10                       9.60084e-08
xdut.xr2.x9.ny                      7.9836e-08
xdut.xr2.x10.py                           2.97
xdut.xr2.x10.ny                    8.83025e-13
xdut.xa1.an                        1.61725e-08
xdut.xa1.bn                        1.61725e-08
xdut.xa1.mid                           1.01316
xo                                 8.98578e-08
xdut.xa1.s1                        4.49289e-08
xdut.xa1.s2                        1.17922e-12
vth                                      1.485
bvth#branch                                  0
ven#branch                                   0
vsup#branch                       -9.40854e-11

 Reference value :  0.00000e+00
 Reference value :  6.74560e-10
 Reference value :  1.37456e-09
 Reference value :  2.07456e-09
 Reference value :  2.80056e-09
 Reference value :  3.50456e-09
 Reference value :  4.22456e-09
 Reference value :  4.94856e-09
 Reference value :  5.63917e-09
 Reference value :  6.32717e-09
 Reference value :  7.02317e-09
 Reference value :  7.73117e-09
 Reference value :  8.42917e-09
 Reference value :  9.14917e-09
 Reference value :  9.85117e-09
 Reference value :  1.05912e-08
 Reference value :  1.12892e-08
 Reference value :  1.20132e-08
 Reference value :  1.27372e-08
 Reference value :  1.34432e-08
 Reference value :  1.41432e-08
 Reference value :  1.48352e-08
 Reference value :  1.55532e-08
 Reference value :  1.62352e-08
 Reference value :  1.69252e-08
 Reference value :  1.76192e-08
 Reference value :  1.83132e-08
 Reference value :  1.90072e-08
 Reference value :  1.96932e-08
 Reference value :  2.03792e-08
 Reference value :  2.10752e-08
 Reference value :  2.17852e-08
 Reference value :  2.24752e-08
 Reference value :  2.31892e-08
 Reference value :  2.38752e-08
 Reference value :  2.45892e-08
 Reference value :  2.53072e-08
 Reference value :  2.60412e-08
 Reference value :  2.67712e-08
 Reference value :  2.75272e-08
 Reference value :  2.82272e-08
 Reference value :  2.89212e-08
 Reference value :  2.96072e-08
 Reference value :  3.03212e-08
 Reference value :  3.10132e-08
 Reference value :  3.17052e-08
 Reference value :  3.24032e-08
 Reference value :  3.31012e-08
 Reference value :  3.37972e-08
 Reference value :  3.45032e-08
 Reference value :  3.52032e-08
 Reference value :  3.58932e-08
 Reference value :  3.65752e-08
 Reference value :  3.72752e-08
 Reference value :  3.79752e-08
 Reference value :  3.86652e-08
 Reference value :  3.93412e-08
 Reference value :  4.00312e-08
 Reference value :  4.07332e-08
 Reference value :  4.14112e-08
 Reference value :  4.21412e-08
 Reference value :  4.28552e-08
 Reference value :  4.36092e-08
 Reference value :  4.43232e-08
 Reference value :  4.50352e-08
 Reference value :  4.57532e-08
 Reference value :  4.64692e-08
 Reference value :  4.71752e-08
 Reference value :  4.78732e-08
 Reference value :  4.85992e-08
 Reference value :  4.93312e-08
 Reference value :  5.00352e-08
 Reference value :  5.07272e-08
 Reference value :  5.14192e-08
 Reference value :  5.21232e-08
 Reference value :  5.28072e-08
 Reference value :  5.34912e-08
 Reference value :  5.42232e-08
 Reference value :  5.49612e-08
 Reference value :  5.57912e-08
 Reference value :  5.64852e-08
 Reference value :  5.72012e-08
 Reference value :  5.79172e-08
 Reference value :  5.85892e-08
 Reference value :  5.92592e-08
 Reference value :  5.99912e-08
 Reference value :  6.07252e-08
 Reference value :  6.14552e-08
 Reference value :  6.21772e-08
 Reference value :  6.28912e-08
 Reference value :  6.35712e-08
 Reference value :  6.42852e-08
 Reference value :  6.49892e-08
 Reference value :  6.56812e-08
 Reference value :  6.63712e-08
 Reference value :  6.70612e-08
 Reference value :  6.77632e-08
 Reference value :  6.84652e-08
 Reference value :  6.91752e-08
 Reference value :  6.99412e-08
 Reference value :  7.06852e-08
 Reference value :  7.13612e-08
 Reference value :  7.20772e-08
 Reference value :  7.27852e-08
 Reference value :  7.37112e-08
 Reference value :  7.44352e-08
 Reference value :  7.51552e-08
 Reference value :  7.58812e-08
 Reference value :  7.65692e-08
 Reference value :  7.72512e-08
 Reference value :  7.79612e-08
 Reference value :  7.86792e-08
 Reference value :  7.93832e-08
 Reference value :  8.01252e-08
 Reference value :  8.07992e-08
 Reference value :  8.16052e-08
 Reference value :  8.23552e-08
 Reference value :  8.30612e-08
 Reference value :  8.37412e-08
 Reference value :  8.44292e-08
 Reference value :  8.51352e-08
 Reference value :  8.58412e-08
 Reference value :  8.65532e-08
 Reference value :  8.73292e-08
 Reference value :  8.82472e-08
 Reference value :  8.89652e-08
 Reference value :  8.96592e-08
 Reference value :  9.03732e-08
 Reference value :  9.10832e-08
 Reference value :  9.17812e-08
 Reference value :  9.24712e-08
 Reference value :  9.31692e-08
 Reference value :  9.38652e-08
 Reference value :  9.45532e-08
 Reference value :  9.52512e-08
 Reference value :  9.59292e-08
 Reference value :  9.66312e-08
 Reference value :  9.73332e-08
 Reference value :  9.80072e-08
 Reference value :  9.87092e-08
 Reference value :  9.94032e-08
 Reference value :  1.00121e-07
 Reference value :  1.00805e-07
 Reference value :  1.01539e-07
 Reference value :  1.02259e-07
 Reference value :  1.02949e-07
 Reference value :  1.03635e-07
 Reference value :  1.04339e-07
 Reference value :  1.05035e-07
 Reference value :  1.05725e-07
 Reference value :  1.06417e-07
 Reference value :  1.07109e-07
 Reference value :  1.07803e-07
 Reference value :  1.08487e-07
 Reference value :  1.09219e-07
 Reference value :  1.09955e-07
 Reference value :  1.10641e-07
 Reference value :  1.11361e-07
 Reference value :  1.12091e-07
 Reference value :  1.12805e-07
 Reference value :  1.13511e-07
 Reference value :  1.14221e-07
 Reference value :  1.14903e-07
 Reference value :  1.15617e-07
 Reference value :  1.16327e-07
 Reference value :  1.17041e-07
 Reference value :  1.17735e-07
 Reference value :  1.18407e-07
 Reference value :  1.19093e-07
 Reference value :  1.19793e-07
 Reference value :  1.20493e-07
 Reference value :  1.21213e-07
 Reference value :  1.21939e-07
 Reference value :  1.22631e-07
 Reference value :  1.23345e-07
 Reference value :  1.24045e-07
 Reference value :  1.24787e-07
 Reference value :  1.25471e-07
 Reference value :  1.26165e-07
 Reference value :  1.26863e-07
 Reference value :  1.27569e-07
 Reference value :  1.28267e-07
 Reference value :  1.28957e-07
 Reference value :  1.29661e-07
 Reference value :  1.30357e-07
 Reference value :  1.31039e-07
 Reference value :  1.31717e-07
 Reference value :  1.32423e-07
 Reference value :  1.33123e-07
 Reference value :  1.33815e-07
 Reference value :  1.34519e-07
 Reference value :  1.35213e-07
 Reference value :  1.35905e-07
 Reference value :  1.36591e-07
 Reference value :  1.37293e-07
 Reference value :  1.37999e-07
 Reference value :  1.38705e-07
 Reference value :  1.39389e-07
 Reference value :  1.40091e-07
 Reference value :  1.40775e-07
 Reference value :  1.41475e-07
 Reference value :  1.42169e-07
 Reference value :  1.42853e-07
 Reference value :  1.43537e-07
 Reference value :  1.44319e-07
 Reference value :  1.45013e-07
 Reference value :  1.45759e-07
 Reference value :  1.46457e-07
 Reference value :  1.47165e-07
 Reference value :  1.47889e-07
 Reference value :  1.48595e-07
 Reference value :  1.49281e-07
 Reference value :  1.49979e-07
 Reference value :  1.50673e-07
 Reference value :  1.51371e-07
 Reference value :  1.52059e-07
 Reference value :  1.52747e-07
 Reference value :  1.53433e-07
 Reference value :  1.54129e-07
 Reference value :  1.54821e-07
 Reference value :  1.55541e-07
 Reference value :  1.56283e-07
 Reference value :  1.56991e-07
 Reference value :  1.57687e-07
 Reference value :  1.58373e-07
 Reference value :  1.59051e-07
 Reference value :  1.59767e-07
 Reference value :  1.60813e-07
 Reference value :  1.61501e-07
 Reference value :  1.62187e-07
 Reference value :  1.62869e-07
 Reference value :  1.63563e-07
 Reference value :  1.64249e-07
 Reference value :  1.64951e-07
 Reference value :  1.65651e-07
 Reference value :  1.66345e-07
 Reference value :  1.67035e-07
 Reference value :  1.67719e-07
 Reference value :  1.68425e-07
 Reference value :  1.69085e-07
 Reference value :  1.69743e-07
 Reference value :  1.70445e-07
 Reference value :  1.71129e-07
 Reference value :  1.71797e-07
 Reference value :  1.72467e-07
 Reference value :  1.73101e-07
 Reference value :  1.73745e-07
 Reference value :  1.74417e-07
 Reference value :  1.75087e-07
 Reference value :  1.75771e-07
 Reference value :  1.76443e-07
 Reference value :  1.77119e-07
 Reference value :  1.77801e-07
 Reference value :  1.78487e-07
 Reference value :  1.79189e-07
 Reference value :  1.79831e-07
No. of Data Rows : 90016
t1r1                =  1.31046e-08
t2r1                =  2.11352e-08
t3r1                =  2.91654e-08
t4r1                =  3.71919e-08
t5r1                =  4.52122e-08
t6r1                =  5.32294e-08
t7r1                =  6.11790e-08
t8r1                =  6.92075e-08
t9r1                =  7.71969e-08
t10r1               =  8.51684e-08
t1r2                =  1.25632e-08
t2r2                =  2.00933e-08
t3r2                =  2.76216e-08
t4r2                =  3.51472e-08
t5r2                =  4.26707e-08
t6r2                =  5.01922e-08
t7r2                =  5.77136e-08
t8r2                =  6.52431e-08
t9r2                =  7.27745e-08
t10r2               =  8.02987e-08
t1xo                =  8.56692e-09
t2xo                =  1.27463e-08
t3xo                =  1.60887e-08
t4xo                =  2.02585e-08
vhi_early           =  3.11263e+00 at=  2.40692e-08
vlo_early           =  -5.43599e-02 at=  2.00012e-08
vhi_late            =  3.07778e+00 at=  1.52221e-07
vlo_late            =  -4.99997e-02 at=  1.72181e-07
vxhi_early          =  3.03863e+00 at=  2.48252e-08
vxlo_early          =  -1.74933e-02 at=  4.26152e-08
vxhi_late           =  3.03857e+00 at=  1.52967e-07
vxlo_late           =  -1.75112e-02 at=  1.78041e-07
v_off_ro1           =  2.97000e+00
v_off_xo            =  8.98578e-08
m_en_assert_s = 5.0000000000e-09
m_t1r1_s = 1.3104600000e-08
m_t2r1_s = 2.1135150000e-08
m_t3r1_s = 2.9165370000e-08
m_t4r1_s = 3.7191870000e-08
m_t5r1_s = 4.5212190000e-08
m_t6r1_s = 5.3229430000e-08
m_t7r1_s = 6.1179000000e-08
m_t8r1_s = 6.9207480000e-08
m_t9r1_s = 7.7196920000e-08
m_t10r1_s = 8.5168400000e-08
m_t1r2_s = 1.2563170000e-08
m_t2r2_s = 2.0093340000e-08
m_t3r2_s = 2.7621560000e-08
m_t4r2_s = 3.5147230000e-08
m_t5r2_s = 4.2670680000e-08
m_t6r2_s = 5.0192220000e-08
m_t7r2_s = 5.7713550000e-08
m_t8r2_s = 6.5243110000e-08
m_t9r2_s = 7.2774480000e-08
m_t10r2_s = 8.0298690000e-08
m_t1xo_s = 8.5669150000e-09
m_t2xo_s = 1.2746300000e-08
m_t3xo_s = 1.6088690000e-08
m_t4xo_s = 2.0258520000e-08
m_ring_swing_early_v = 3.1669899200e+00
m_ring_swing_late_v = 3.1277807400e+00
m_xo_swing_early_v = 3.0561223200e+00
m_xo_swing_late_v = 3.0560782000e+00
m_v_ro1_off_v = 2.9700000000e+00
m_v_xo_off_v = 8.9857840000e-08
Note: Simulation executed from .control section 

Warning: m=xx on .subckt line will override multiplier m hierarchy!

Note: Starting dynamic gmin stepping
Warning: Dynamic gmin stepping failed
Note: Starting true gmin stepping
Note: True gmin stepping completed
