
Note: Compatibility modes selected: hs a


Circuit: * sampler-dff-setup-hold @ fs_-40c_3.30v -- generated by sim/harness, do not edit

Doing analysis at TEMP = -40.000000 and TNOM = 27.000000

Using SPARSE 1.3 as Direct Linear Solver

Initial Transient Solution
--------------------------

Node                                   Voltage
----                                   -------
vdd                                        3.3
rst_n                                        0
clk                                          0
d                                            0
xdut.clkb                                  3.3
xdut.m                             2.87879e-08
xdut.mb                                    3.3
xdut.mmid                           0.00539869
xdut.mc                            2.88729e-08
xdut.s                                     3.3
q                                  1.44365e-08
xdut.qb                                    3.3
xdut.s2mid                          0.00539869
vth                                       1.65
bvth#branch                                  0
vd#branch                          9.92317e-12
vclk#branch                                  0
vrst#branch                                  0
vdd#branch                        -4.30383e-11

 Reference value :  0.00000e+00
 Reference value :  1.58247e-07
 Reference value :  3.19172e-07
 Reference value :  4.84472e-07
 Reference value :  6.57272e-07
 Reference value :  8.16296e-07
 Reference value :  9.86696e-07
 Reference value :  1.15310e-06
 Reference value :  1.31141e-06
 Reference value :  1.42411e-06
 Reference value :  1.54241e-06
 Reference value :  1.67791e-06
 Reference value :  1.81365e-06
 Reference value :  1.98135e-06
 Reference value :  2.15055e-06
 Reference value :  2.31514e-06
 Reference value :  2.47954e-06
 Reference value :  2.64504e-06
 Reference value :  2.81191e-06
 Reference value :  2.97881e-06
 Reference value :  3.14601e-06
 Reference value :  3.32139e-06
 Reference value :  3.49499e-06
 Reference value :  3.66019e-06
 Reference value :  3.81955e-06
 Reference value :  3.98675e-06
 Reference value :  4.15635e-06
 Reference value :  4.31388e-06
 Reference value :  4.48238e-06
 Reference value :  4.64714e-06
 Reference value :  4.81011e-06
 Reference value :  4.97161e-06
 Reference value :  5.13841e-06
 Reference value :  5.30160e-06
 Reference value :  5.46580e-06
 Reference value :  5.63510e-06
 Reference value :  5.80105e-06
 Reference value :  5.96715e-06
 Reference value :  6.13215e-06
 Reference value :  6.29885e-06
 Reference value :  6.45777e-06
No. of Data Rows : 65279
tclk1               =  3.00001e-07
tclk2               =  1.30000e-06
tq_r1               =  3.00093e-07
tq_f1               =  1.30010e-06
q_rst               =  1.44364e-08
q_e1                =  3.30000e+00
q_e2                =  1.00780e-05
q_e3a               =  2.97260e-06
q_e3b               =  1.06516e-06
q_e3c               =  1.00702e-06
q_e4                =  3.10565e-06
q_e5a               =  3.30235e+00
q_e5b               =  3.30001e+00
q_e5c               =  3.30001e+00
q_e6                =  -5.45071e-06
q_e7a               =  3.29982e+00
q_e7b               =  3.30000e+00
q_e7c               =  3.30000e+00
m_tpd_clk_q_rise_s = 9.2100000000e-11
m_tpd_clk_q_fall_s = 9.5000000000e-11
m_q_rst_v = 1.4436400000e-08
m_q_e1_v = 3.2999980000e+00
m_q_e2_v = 1.0077990000e-05
m_q_e4_v = 3.1056480000e-06
m_q_e3_1ns_v = 2.9726000000e-06
m_q_e3_10ns_v = 1.0651610000e-06
m_q_e3_100ns_v = 1.0070150000e-06
m_q_e3_drift_v = -1.965585000e-06
m_q_e3_rail_dev_v = 1.0070150001e-06
m_q_e5_1ns_v = 3.3023500000e+00
m_q_e5_10ns_v = 3.3000050000e+00
m_q_e5_100ns_v = 3.3000060000e+00
m_q_e5_drift_v = -2.344000000e-03
m_q_e5_rail_dev_v = -6.000003308e-06
m_q_e6_v = -5.450713000e-06
m_q_e7_1ns_v = 3.2998180000e+00
m_q_e7_10ns_v = 3.3000030000e+00
m_q_e7_100ns_v = 3.2999980000e+00
m_q_e7_drift_v = 1.8000000000e-04
m_q_e7_rail_dev_v = 1.9999966918e-06
Note: Simulation executed from .control section 

Warning: m=xx on .subckt line will override multiplier m hierarchy!

