
Note: Compatibility modes selected: hs a


Circuit: * sampler-dff-setup-hold @ fs_125c_3.63v -- generated by sim/harness, do not edit

Doing analysis at TEMP = 125.000000 and TNOM = 27.000000

Using SPARSE 1.3 as Direct Linear Solver

Initial Transient Solution
--------------------------

Node                                   Voltage
----                                   -------
vdd                                       3.63
rst_n                                        0
clk                                          0
d                                            0
xdut.clkb                              3.62999
xdut.rst                               3.62999
xdut.m                             1.74073e-08
xdut.mb                                3.62999
xdut.mc                            5.52197e-08
xdut.s                                    3.63
q                                  3.19449e-08
xdut.qb                                3.62999
vth                                      1.815
bvth#branch                                  0
vd#branch                          6.49365e-12
vclk#branch                                  0
vrst#branch                                  0
vdd#branch                        -3.98069e-09

 Reference value :  1.12800e-09
 Reference value :  1.73366e-07
 Reference value :  3.48902e-07
 Reference value :  5.35902e-07
 Reference value :  7.29802e-07
 Reference value :  9.16916e-07
 Reference value :  1.11342e-06
 Reference value :  1.30479e-06
 Reference value :  1.43589e-06
 Reference value :  1.56639e-06
 Reference value :  1.69459e-06
 Reference value :  1.84935e-06
 Reference value :  2.05785e-06
 Reference value :  2.25655e-06
 Reference value :  2.44136e-06
 Reference value :  2.62676e-06
 Reference value :  2.80452e-06
 Reference value :  3.04502e-06
 Reference value :  3.25592e-06
 Reference value :  3.46950e-06
 Reference value :  3.64910e-06
 Reference value :  3.84335e-06
 Reference value :  4.06195e-06
 Reference value :  4.26505e-06
 Reference value :  4.43740e-06
 Reference value :  4.60974e-06
 Reference value :  4.77984e-06
 Reference value :  4.95535e-06
 Reference value :  5.15135e-06
 Reference value :  5.35180e-06
 Reference value :  5.62110e-06
 Reference value :  5.90625e-06
 Reference value :  6.20945e-06
 Reference value :  6.47880e-06
No. of Data Rows : 65273
tclk1               =  3.00001e-07
tclk2               =  1.30000e-06
tq_r1               =  3.00133e-07
tq_f1               =  1.30013e-06
q_rst               =  3.19451e-08
q_e1                =  3.63000e+00
q_e2                =  -9.78332e-06
q_e3a               =  2.05028e-05
q_e3b               =  -4.60586e-07
q_e3c               =  -4.54864e-07
q_e4                =  4.68226e-06
q_e5a               =  5.08666e-04
q_e5b               =  5.28027e-06
q_e5c               =  5.09911e-06
q_e6                =  4.68217e-06
q_e7a               =  3.63441e+00
q_e7b               =  3.63000e+00
q_e7c               =  3.63000e+00
m_tpd_clk_q_rise_s = 1.3220000000e-10
m_tpd_clk_q_fall_s = 1.2700000000e-10
m_q_rst_v = 3.1945070000e-08
m_q_e1_v = 3.6299960000e+00
m_q_e2_v = -9.783319000e-06
m_q_e4_v = 4.6822590000e-06
m_q_e3_1ns_v = 2.0502820000e-05
m_q_e3_10ns_v = -4.605855000e-07
m_q_e3_100ns_v = -4.548638000e-07
m_q_e3_drift_v = -2.095768380e-05
m_q_e3_rail_dev_v = -4.548638000e-07
m_q_e5_1ns_v = 5.0866630000e-04
m_q_e5_10ns_v = 5.2802660000e-06
m_q_e5_100ns_v = 5.0991110000e-06
m_q_e5_drift_v = -5.035671890e-04
m_q_e5_rail_dev_v = 5.0991110001e-06
m_q_e6_v = 4.6821720000e-06
m_q_e7_1ns_v = 3.6344140000e+00
m_q_e7_10ns_v = 3.6299960000e+00
m_q_e7_100ns_v = 3.6299960000e+00
m_q_e7_drift_v = -4.418000000e-03
m_q_e7_rail_dev_v = 4.0000030528e-06
Note: Simulation executed from .control section 

Warning: m=xx on .subckt line will override multiplier m hierarchy!

